{
  "anchor_edge": 4,
  "base_support_report": {
    "balanced": true,
    "component_count": 2,
    "component_edge_counts": [
      4,
      60
    ],
    "covered_words": 512,
    "distinct_edges": 64,
    "uncovered_words": []
  },
  "base_support_sha256": "8643ddb5e6a35c54b91f8c152b945e4a82bb0c658b8e81865737bf2087849821",
  "base_support_size": 64,
  "binary_propagations": 5634,
  "branches": 2538,
  "conflicts": 6,
  "connectivity_mode": "tree",
  "deterministic_limit": null,
  "deterministic_time": 0.3716285452959459,
  "exact_overlap": 61,
  "flow_source_sha256": "4f0008167dcf1d05e6744f7c979c72d755371cf7b03abc1452e5cb5be41e1add",
  "integer_propagations": 57165,
  "length": 70,
  "lp_iterations": 1395,
  "maximize_overlap": false,
  "maximum_reference_omissions": null,
  "maximum_replacements": null,
  "minimum_overlap": null,
  "model_constraints": 4916,
  "model_variables": 2052,
  "n": 9,
  "partition_anchor": true,
  "radius": 1,
  "repair_source_sha256": "df086df7a31c18c5d9b4cbb1335cfee4ec75e9a112fd6e0b14e7bf4a3bb418c5",
  "restarts": 0,
  "seed": 1,
  "solver": "OR-Tools CP-SAT",
  "solver_version": "9.15.6755",
  "status": "INFEASIBLE",
  "time_limit": 600.0,
  "wall_seconds": 0.24374700000000002,
  "workers": 1
}
