c --- [ banner ] -------------------------------------------------------------
c
c CaDiCaL SAT Solver
c Copyright (c) 2016-2026
c A. Biere, M. Fleury, N. Froleyks, K. Fazekas, F. Pollitt, T. Faller
c JKU Linz, University of Freiburg, TU Wien
c
c Version 3.0.1 c60730422e758ef1cebe7aeddf2dda31c996bf04
c Apple clang version 21.0.0 (clang-2100.1.1.101) -Wall -Wextra -O3 -DNDEBUG -DNCLOSEFROM
c Tue Sep 1 21:08:57 PDT 2026 Darwin retained-runner 25.6.0 arm64
c
c --- [ limit ] --------------------------------------------------------------
c
c setting time limit to 300 seconds real time (due to '-t 300')
c
c --- [ parsing input ] ------------------------------------------------------
c
c reading DIMACS file from 'search-results/cadical-complete-cover-20260902/cnf/anchor-004-p1-s1.cnf'
c opening file to read 'search-results/cadical-complete-cover-20260902/cnf/anchor-004-p1-s1.cnf'
c found 'p cnf 38942 364405' header
c parsed 364405 clauses in 0.04 seconds process time
c
c --- [ options ] ------------------------------------------------------------
c
c   --elimeffort=10                (different from default '1e3')
c   --stabilizeonly=true           (different from default 'false')
c   --subsumeeffort=60             (different from default '1e3')
c
c --- [ solving ] ------------------------------------------------------------
c
c time measured in process time since initialization
c
c  seconds  reduction conflicts       size tier2        variables
c         MB    restarts   redundant    glue  trail          remaining
c          level     rate       size/glu tier1  irredundant
c
c *  0.04  0  0 0   0  0    0    0 0.0 0 0 2 6  0% 289654 29946 77%
c )  0.06  0  0 0   0  0    0    0 0.0 0 0 2 6  0% 289654 29946 77%
c [  0.07  0  0 0   0  0    0    0 0.0 0 0 2 6  0% 289654 29946 77%
c -  0.11  0 39 1   0  1  300   54 1.2 40 34 2 6 98% 274587 29946 77%
c -  0.18  0 37 2   0  1  922  223 1.2 36 30 2 6 97% 274587 29946 77%
c I  0.18  0 37 2   0  1 1002  264 1.2 36 30 2 6 97% 274587 29946 77%
c -  0.29  0 37 3   1  1 2013  404 1.6 52 32 2 6 95% 274587 29946 77%
c t  0.49  0 38 3   2  1 2983 1110 1.7 58 33 2 6 95% 274587 29946 77%
c B  0.52  0 38 3   2  1 3003 1120 1.7 58 33 2 6 92% 274587 29946 77%
c -  0.58  0 38 4   2  1 3625  582 1.7 55 33 2 6 97% 274587 29946 77%
c -  0.84  0 37 5   4  1 5790  754 1.5 51 33 33 36 97% 274587 29946 77%
c W  0.93  0 37 5   4  1 6004  867 1.5 50 33 33 36 97% 274587 29946 77%
c s  1.01  0 38 5   5  1 6548 1148 1.5 50 34 33 36 97% 274587 29946 77%
c e  1.20  0 38 5   5  1 6548  437 1.5 50 34 33 36 97% 268893 27396 70%
c s  1.22  0 38 5   5  1 6548  432 1.5 50 34 33 36 97% 268810 27396 70%
c e  1.29  0 38 5   5  1 6548  422 1.5 50 34 33 36 97% 268615 27351 70%
c -  1.63  0 38 6   6  1 8526  650 1.6 55 34 34 36 94% 268615 27351 70%
c F  1.84  0 37 6   6  1 10005 1685 1.6 55 34 33 36 93% 268615 27351 70%
c -  2.12  0 36 7   6  1 11825  797 1.6 54 33 33 36 92% 268615 27351 70%
c B  2.57  0 35 7   9  1 15008 2239 1.6 51 32 32 36 91% 268615 27351 70%
c
c  seconds  reductions conflicts       size    tier2         variables
c         MB    restarts    redundant     glue     trail          remaining
c          level     rate        size/glue  tier1    irredundant
c
c -  2.68  0 35 8   9  1 15709  774 1.6 50 32 32 36 91% 268615 27351 70%
c s  3.26  0 34 8  12  1 19733 2780 1.5 48 32 32 36 90% 268544 27351 70%
c e  3.31  0 34 8  12  1 19733 2777 1.5 48 32 32 36 90% 268422 27313 70%
c s  3.33  0 34 8  12  1 19733 2774 1.5 48 32 32 36 90% 268347 27313 70%
c e  3.35  0 34 8  12  1 19733 2773 1.5 48 32 32 36 90% 268330 27307 70%
c -  3.43  0 34 9  12  1 20187  862 1.5 48 32 32 36 90% 268330 27307 70%
c u  3.45  0 34 9  12  1 20187  860 1.5 48 32 32 36 90% 268330 27307 70%
c w  3.46  0 34 9  12  1 20187  850 1.5 48 32 32 36 90% 268330 27307 70%
c W  3.73  0 34 9  13  1 21010 1271 1.5 48 32 32 36 90% 268330 27307 70%
c -  4.25  0 34 10  14  1 25261  986 1.5 46 31 29 34 90% 268330 27307 70%
c #  4.63  0 33 10  14  1 28011 2365 1.5 45 31 29 34 89% 268330 27307 70%
c -  5.02  0 34 11  14  1 30938 1135 1.4 46 32 29 34 89% 268330 27307 70%
c B  5.67  0 34 11  17  1 36012 3938 1.4 45 31 29 34 89% 268330 27307 70%
c -  5.85  0 34 12  17  1 37219 1295 1.4 45 31 29 34 89% 268330 27307 70%
c u  5.96  0 34 12  17  1 37219 1294 1.4 45 31 29 34 89% 268330 27307 70%
c w  5.98  0 34 12  17  1 37219 1276 1.4 45 31 29 34 89% 268330 27307 70%
c s  6.30  0 34 12  20  1 39513 2509 1.4 45 31 28 33 89% 268255 27307 70%
c e  6.33  0 34 12  20  1 39513 2509 1.4 45 31 28 33 89% 268250 27305 70%
c s  6.34  0 34 12  20  1 39513 2503 1.4 45 31 28 33 89% 268233 27305 70%
c e  6.35  0 34 12  20  1 39513 2502 1.4 45 31 28 33 89% 268219 27300 70%
c
c  seconds  reductions  conflicts       size    tier2         variables
c         MB     restarts    redundant     glue     trail          remaining
c          level      rate        size/glue  tier1    irredundant
c
c -  6.97  0 34 13  21  1 44109 1436 1.4 46 32 28 33 89% 268219 27300 70%
c W  7.36  0 34 13  21  1 45015 1987 1.4 46 32 28 33 89% 268219 27300 70%
c -  8.25  0 34 14  26  1 51610 1540 1.5 46 32 28 33 89% 268219 27300 70%
c O  8.74  0 34 14  28  1 55018 3475 1.5 46 32 28 33 89% 268219 27300 70%
c -  9.43  0 33 15  29  1 59722 1668 1.5 46 31 28 33 89% 268219 27300 70%
c p  9.43  0 33 15  29  1 59722 1677 1.5 46 31 28 33 89% 268219 27300 70%
c u  9.45  0 33 15  29  1 59722 1677 1.5 46 31 28 33 89% 268219 27300 70%
c w  9.47  0 33 15  29  1 59722 1663 1.5 46 31 28 33 89% 268219 27300 70%
c s 10.39  0 33 15  29  1 65885 4853 1.4 45 31 28 33 89% 268190 27300 70%
c s 10.43  0 33 15  29  1 65885 4841 1.4 45 31 28 33 89% 268181 27300 70%
c e 10.44  0 33 15  29  1 65885 4841 1.4 45 31 28 33 89% 268165 27294 70%
c B 10.47  0 33 15  29  1 66021 4915 1.4 45 31 28 33 89% 268165 27294 70%
c - 10.81  0 33 16  30  1 68449 1752 1.4 45 31 28 33 89% 268165 27294 70%
c p 10.82  0 33 16  30  1 68449 1803 1.4 45 31 28 33 89% 268165 27294 70%
c - 12.06  0 33 17  30  1 77790 1841 1.4 45 31 28 33 89% 268165 27294 70%
c p 12.06  0 33 17  30  1 77790 1889 1.4 45 31 28 33 89% 268165 27294 70%
c u 12.19  0 33 17  30  1 77790 1888 1.4 45 31 28 33 89% 268165 27294 70%
c w 12.21  0 33 17  30  1 77790 1861 1.4 45 31 28 33 89% 268165 27294 70%
c W 12.68  0 33 17  30  1 78025 1984 1.4 45 31 28 33 89% 268165 27294 70%
c - 13.98  0 33 18  34  1 87748 1989 1.4 46 32 28 33 89% 268165 27294 70%
c
c  seconds  reductions  conflicts       size    tier2         variables
c         MB     restarts    redundant     glue     trail          remaining
c          level      rate        size/glue  tier1    irredundant
c
c p 13.99  0 33 18  34  1 87748 2025 1.4 46 32 28 33 89% 268165 27294 70%
c I 14.42  0 33 18  36  1 91026 3838 1.4 46 32 28 33 89% 268165 27294 70%
c - 15.42  0 33 19  40  1 98325 1952 1.4 44 31 28 33 89% 268165 27294 70%
c p 15.43  0 33 19  40  1 98325 2017 1.4 44 31 28 33 89% 268165 27294 70%
c u 15.45  0 33 19  40  1 98325 2015 1.4 44 31 28 33 89% 268165 27294 70%
c w 15.47  0 33 19  40  1 98325 1993 1.4 44 31 28 33 89% 268165 27294 70%
c s 15.56  0 33 19  40  1 98852 1968 1.4 44 31 28 33 89% 268138 27294 70%
c e 15.58  0 33 19  40  1 98852 1968 1.4 44 31 28 33 89% 268135 27293 70%
c s 15.59  0 33 19  40  1 98852 1963 1.4 44 31 28 33 89% 268132 27293 70%
c e 15.60  0 33 19  40  1 98852 1963 1.4 44 31 28 33 89% 268119 27288 70%
c B 16.47  0 32 19  44  1 105027 6070 1.5 44 30 28 33 89% 268119 27288 70%
c - 17.05  0 33 20  45  1 109522 2274 1.5 45 31 28 33 89% 268119 27288 70%
c p 17.06  0 33 20  45  1 109522 2395 1.5 45 31 28 33 89% 268119 27288 70%
c W 18.86  0 33 20  48  1 120029 8300 1.4 45 31 28 33 89% 268119 27288 70%
c - 19.05  0 33 21  49  1 121339 2384 1.5 45 31 28 33 89% 268119 27288 70%
c p 19.05  0 33 21  49  1 121339 2452 1.5 45 31 28 33 89% 268119 27288 70%
c u 19.07  0 33 21  49  1 121339 2451 1.5 45 31 28 33 89% 268119 27288 70%
c w 19.09  0 33 21  49  1 121339 2442 1.5 45 31 28 33 89% 268119 27288 70%
c - 20.64  0 33 22  56  1 133777 2380 1.4 45 31 28 33 89% 268119 27288 70%
c p 20.65  0 33 22  56  1 133777 2518 1.4 45 31 28 33 89% 268119 27288 70%
c
c  seconds  reductions  conflicts        size    tier2         variables
c         MB     restarts     redundant     glue     trail          remaining
c          level      rate         size/glue  tier1    irredundant
c
c F 20.95  0 33 22  58  1 136032 3891 1.4 45 31 28 33 89% 268119 27288 70%
c s 21.29  0 33 22  59  1 138412 4495 1.4 45 31 28 33 89% 268101 27288 70%
c e 21.31  0 33 22  59  1 138412 4495 1.4 45 31 28 33 89% 268095 27286 70%
c s 21.32  0 33 22  59  1 138412 4495 1.4 45 31 28 33 89% 268093 27286 70%
c e 21.33  0 33 22  59  1 138412 4483 1.4 45 31 28 33 89% 268082 27282 70%
c - 22.51  0 33 23  60  1 146836 2416 1.5 45 31 28 33 89% 268082 27282 70%
c p 22.52  0 33 23  60  1 146836 2539 1.5 45 31 28 33 89% 268082 27282 70%
c w 22.71  0 33 23  60  1 146836 2479 1.5 45 31 28 33 89% 268082 27282 70%
c B 23.47  0 33 23  61  1 153036 5802 1.5 45 31 28 33 89% 268082 27282 70%
c - 24.39  0 33 24  61  1 160517 2563 1.5 45 31 28 33 89% 268082 27282 70%
c p 24.40  0 33 24  61  1 160517 2696 1.5 45 31 28 33 89% 268082 27282 70%
c W 26.27  0 33 24  62  1 171037 8432 1.4 45 31 28 33 89% 268082 27282 70%
c - 26.71  0 33 25  62  1 174823 2641 1.4 45 31 28 33 89% 268082 27282 70%
c p 26.72  0 33 25  62  1 174823 2770 1.4 45 31 28 33 89% 268082 27282 70%
c w 26.78  0 33 25  62  1 174823 2722 1.4 45 31 28 33 89% 268082 27282 70%
c s 27.93  0 33 25  62  1 184566 7962 1.4 45 31 28 33 89% 268073 27282 70%
c e 27.95  0 33 25  62  1 184566 7962 1.4 45 31 28 33 89% 268065 27279 70%
c s 27.96  0 33 25  62  1 184566 7957 1.4 45 31 28 33 89% 268063 27279 70%
c e 27.97  0 33 25  62  1 184566 7944 1.4 45 31 28 33 89% 268058 27277 70%
c - 28.56  0 33 26  62  1 189751 2889 1.5 46 31 28 33 89% 268058 27277 70%
c
c  seconds  reductions  conflicts        size    tier2         variables
c         MB     restarts     redundant     glue     trail          remaining
c          level      rate         size/glue  tier1    irredundant
c
c p 28.57  0 33 26  62  1 189751 3030 1.5 46 31 28 33 89% 268058 27277 70%
c # 28.62  0 33 26  62  1 190039 3221 1.5 46 31 28 33 89% 268058 27277 70%
c - 30.40  0 33 27  67  1 205306 3013 1.5 46 31 28 33 89% 268058 27277 70%
c p 30.40  0 33 27  67  1 205306 3198 1.5 46 31 28 33 89% 268058 27277 70%
c w 30.46  0 33 27  67  1 205306 3133 1.5 46 31 28 33 89% 268058 27277 70%
c B 31.01  0 33 27  69  1 210041 5680 1.5 46 31 28 33 89% 268058 27277 70%
c - 32.34  0 33 28  76  1 221483 2879 1.4 46 32 28 33 89% 268058 27277 70%
c p 32.35  0 33 28  76  1 221483 3032 1.4 46 32 28 33 89% 268058 27277 70%
c W 34.03  0 33 28  77  1 231043 7940 1.4 45 32 28 33 89% 268058 27277 70%
c s 34.77  0 33 28  81  1 237316 11323 1.4 45 32 28 33 89% 268055 27277 70%
c s 34.80  0 33 28  81  1 237316 11317 1.4 45 32 28 33 89% 268053 27277 70%
c e 34.82  0 33 28  81  1 237316 11317 1.4 45 32 28 33 89% 268046 27274 70%
c - 34.96  0 33 29  82  1 238286 3038 1.4 45 32 28 33 89% 268046 27274 70%
c p 34.97  0 33 29  82  1 238286 3182 1.4 45 32 28 33 89% 268046 27274 70%
c w 35.02  0 33 29  82  1 238286 3145 1.4 45 32 28 33 89% 268046 27274 70%
c O 36.90  0 33 29  90  1 253044 11364 1.4 45 32 28 33 89% 268046 27274 70%
c - 37.27  0 33 30  91  1 255716 3259 1.4 45 32 28 33 89% 268046 27274 70%
c p 37.28  0 33 30  91  1 255716 3434 1.4 45 32 28 33 89% 268046 27274 70%
c w 37.52  0 33 30  91  1 255716 3414 1.4 45 32 28 33 89% 268046 27274 70%
c - 39.77  0 33 31  93  1 273772 3584 1.4 45 31 28 33 89% 268046 27274 70%
c
c  seconds  reductions  conflicts        size    tier2         variables
c         MB     restarts     redundant     glue     trail          remaining
c          level      rate         size/glue  tier1    irredundant
c
c p 39.78  0 33 31  93  1 273772 3815 1.4 45 31 28 33 89% 268046 27274 70%
c w 39.83  0 33 31  93  1 273772 3793 1.4 45 31 28 33 89% 268046 27274 70%
c B 40.12  0 33 31  93  1 276046 5041 1.4 45 31 28 33 89% 268046 27274 70%
c - 42.21  0 33 32 100  1 292458 3733 1.4 46 32 28 33 89% 268046 27274 70%
c p 42.21  0 33 32 100  1 292458 3868 1.4 46 32 28 33 89% 268046 27274 70%
c w 42.26  0 33 32 100  1 292458 3858 1.4 46 32 28 33 89% 268046 27274 70%
c s 42.73  0 34 32 102  1 296661 6193 1.4 46 32 28 33 89% 268044 27274 70%
c s 42.76  0 34 32 102  1 296661 6187 1.4 46 32 28 33 89% 268043 27274 70%
c e 42.77  0 34 32 102  1 296661 6187 1.4 46 32 28 33 89% 268041 27273 70%
c W 43.99  0 34 32 104  1 300049 7994 1.4 46 32 28 33 89% 268041 27273 70%
c - 45.59  0 34 33 108  1 311766 3604 1.4 46 32 28 33 89% 268041 27273 70%
c p 45.60  0 34 33 108  1 311766 3757 1.4 46 32 28 33 89% 268041 27273 70%
c w 45.65  0 34 33 108  1 311766 3716 1.4 46 32 28 33 89% 268041 27273 70%
c I 47.15  0 34 33 115  1 325051 11184 1.4 46 32 28 33 89% 268041 27273 70%
c - 47.96  0 33 34 118  1 331705 3827 1.4 46 32 28 33 89% 268041 27273 70%
c p 47.97  0 33 34 118  1 331705 3958 1.4 46 32 28 33 89% 268041 27273 70%
c u 47.99  0 33 34 118  1 331705 3958 1.4 46 32 28 33 89% 268041 27273 70%
c v 47.99  0 33 34 118  1 331705 3958 1.4 46 32 28 33 89% 268041 27273 70%
c w 48.01  0 33 34 118  1 331705 3937 1.4 46 32 28 33 89% 268041 27273 70%
c B 50.24  0 33 34 124  1 351053 14534 1.4 45 31 28 33 89% 268037 27273 70%
c
c  seconds  reductions  conflicts        size    tier2         variables
c         MB     restarts     redundant     glue     trail          remaining
c          level      rate         size/glue  tier1    irredundant
c
c - 50.41  0 33 35 124  1 352271 3844 1.4 45 31 28 33 88% 268037 27273 70%
c p 50.43  0 33 35 124  1 352271 4197 1.4 45 31 28 33 88% 268037 27273 70%
c u 50.46  0 33 35 124  1 352271 4196 1.4 45 31 28 33 88% 268037 27273 70%
c w 50.48  0 33 35 124  1 352271 4171 1.4 45 31 28 33 88% 268037 27273 70%
c s 51.72  0 33 35 124  1 362600 8927 1.4 44 31 28 33 88% 268036 27273 70%
c e 51.74  0 33 35 124  1 362600 8927 1.4 44 31 28 33 88% 268034 27272 70%
c s 51.75  0 33 35 124  1 362600 8922 1.4 44 31 28 33 88% 268032 27272 70%
c - 53.20  0 32 36 125  1 373466 3585 1.4 44 31 28 33 88% 268032 27272 70%
c p 53.21  0 32 36 125  1 373466 3990 1.4 44 31 28 33 88% 268032 27272 70%
c w 53.27  0 32 36 125  1 373466 3965 1.4 44 31 28 33 88% 268032 27272 70%
c W 54.70  0 32 36 125  1 378055 6271 1.4 44 31 28 33 88% 268032 27272 70%
c - 56.72  0 33 37 125  1 395284 3958 1.4 44 31 28 33 88% 268032 27272 70%
c p 56.73  0 33 37 125  1 395284 4259 1.4 44 31 28 33 88% 268032 27272 70%
c w 56.79  0 33 37 125  1 395284 4200 1.4 44 31 28 33 88% 268032 27272 70%
c F 58.06  0 33 37 126  1 406056 10072 1.4 44 31 27 33 88% 268032 27272 70%
c - 59.45  0 33 38 126  1 417730 4232 1.4 45 31 27 33 88% 268032 27272 70%
c p 59.46  0 33 38 126  1 417730 4483 1.4 45 31 27 33 88% 268032 27272 70%
c w 59.77  0 33 38 126  1 417730 4420 1.4 45 31 27 33 88% 268032 27272 70%
c B 61.92  0 33 38 126  1 435059 14314 1.4 45 31 27 33 88% 268032 27272 70%
c s 61.95  0 33 38 126  1 435134 14303 1.4 45 31 27 33 88% 268032 27272 70%
c
c  seconds  reductions  conflicts         size    tier2         variables
c         MB     restarts      redundant     glue     trail          remaining
c          level      rate          size/glue  tier1    irredundant
c
c s 61.98  0 33 38 126  1 435134 14300 1.4 45 31 27 33 88% 268032 27272 70%
c e 62.00  0 33 38 126  1 435134 14300 1.4 45 31 27 33 88% 268030 27271 70%
c - 62.73  0 33 39 126  1 440806 4335 1.4 44 31 27 33 88% 268030 27271 70%
c p 62.74  0 33 39 126  1 440806 4615 1.4 44 31 27 33 88% 268030 27271 70%
c w 62.81  0 33 39 126  1 440806 4562 1.4 44 31 27 33 88% 268030 27271 70%
c - 65.62  0 32 40 126  1 464512 4044 1.4 43 31 27 32 88% 268030 27271 70%
c p 65.63  0 32 40 126  1 464512 4412 1.4 43 31 27 32 88% 268030 27271 70%
c w 65.68  0 32 40 126  1 464512 4383 1.4 43 31 27 32 88% 268030 27271 70%
c W 66.81  0 32 40 126  1 465061 4675 1.4 43 31 27 32 88% 268025 27271 70%
c - 69.67  0 32 41 140  1 488846 4155 1.4 42 30 27 32 88% 268025 27271 70%
c p 69.68  0 32 41 140  1 488846 4441 1.4 42 30 27 32 88% 268025 27271 70%
c w 69.75  0 32 41 140  1 488846 4378 1.4 42 30 27 32 88% 268025 27271 70%
c # 70.68  0 32 41 141  1 496062 8793 1.4 43 30 27 32 88% 268025 27271 70%
c - 72.65  0 32 42 151  1 513812 4534 1.4 44 30 27 32 88% 268025 27271 70%
c p 72.66  0 32 42 151  1 513812 4728 1.4 44 30 27 32 88% 268025 27271 70%
c w 72.72  0 32 42 151  1 513812 4684 1.4 44 30 27 32 88% 268025 27271 70%
c s 72.79  0 32 42 151  1 514261 4899 1.4 44 30 27 32 88% 268024 27271 70%
c s 72.81  0 32 42 151  1 514261 4894 1.4 44 30 27 32 88% 268024 27271 70%
c B 74.35  0 32 42 156  1 528064 12897 1.4 44 31 27 32 88% 268024 27271 70%
c - 75.63  0 32 43 157  1 539405 4798 1.4 45 31 27 32 88% 268024 27271 70%
c
c  seconds  reductions  conflicts        size    tier2         variables
c         MB     restarts     redundant     glue     trail          remaining
c          level      rate         size/glue  tier1    irredundant
c
c p 75.65  0 32 43 157  1 539405 5103 1.4 45 31 27 32 88% 268024 27271 70%
c w 75.70  0 32 43 157  1 539405 5073 1.4 45 31 27 32 88% 268024 27271 70%
c W 79.36  0 32 43 164  1 561067 16477 1.5 45 31 27 32 88% 268024 27271 70%
c - 79.92  0 33 44 168  1 565631 4845 1.5 45 31 27 32 89% 268024 27271 70%
c p 79.93  0 33 44 168  1 565631 5201 1.5 45 31 27 32 89% 268024 27271 70%
c w 79.99  0 33 44 168  1 565631 5162 1.5 45 31 27 32 89% 268024 27271 70%
c - 83.02  0 33 45 179  1 592484 4712 1.5 45 31 27 32 89% 268024 27271 70%
c p 83.04  0 33 45 179  1 592484 5038 1.5 45 31 27 32 89% 268024 27271 70%
c w 83.10  0 33 45 179  1 592484 5014 1.5 45 31 27 32 89% 268024 27271 70%
c O 83.43  0 33 45 180  1 595070 6358 1.5 45 31 27 32 89% 268024 27271 70%
c - 86.19  0 32 46 188  1 619966 4823 1.4 44 30 27 32 89% 268024 27271 70%
c p 86.19  0 32 46 188  1 619966 5157 1.4 44 30 27 32 89% 268024 27271 70%
c w 86.27  0 32 46 188  1 619966 5126 1.4 44 30 27 32 89% 268024 27271 70%
c B 87.49  0 32 46 188  1 630071 10358 1.4 43 30 27 32 88% 268024 27271 70%
c - 89.54  0 32 47 189  1 648079 5027 1.4 44 31 27 32 88% 268024 27271 70%
c p 89.56  0 32 47 189  1 648079 5338 1.4 44 31 27 32 88% 268024 27271 70%
c w 89.89  0 32 47 189  1 648079 5303 1.4 44 31 27 32 88% 268024 27271 70%
c s 89.93  0 32 47 189  1 648079 5203 1.4 44 31 27 32 88% 268021 27271 70%
c s 89.95  0 32 47 189  1 648079 5193 1.4 44 31 27 32 88% 268021 27271 70%
c e 89.97  0 32 47 189  1 648079 5193 1.4 44 31 27 32 88% 268019 27270 70%
c
c  seconds  reductions  conflicts         size    tier2         variables
c         MB     restarts      redundant     glue     trail          remaining
c          level      rate          size/glue  tier1    irredundant
c
c W 93.27  0 32 47 190  1 666072 14436 1.4 44 31 27 32 88% 268019 27270 70%
c - 94.61  0 32 48 196  1 676820 4891 1.4 44 31 27 32 88% 268019 27270 70%
c p 94.62  0 32 48 196  1 676820 5176 1.4 44 31 27 32 88% 268019 27270 70%
c w 94.69  0 32 48 196  1 676820 5111 1.4 44 31 27 32 88% 268019 27270 70%
c I 97.86  0 32 48 208  1 703075 18697 1.4 44 31 27 32 88% 268019 27270 70%
c - 98.29  0 32 49 210  1 706193 5021 1.4 44 31 27 32 88% 268019 27270 70%
c p 98.30  0 32 49 210  1 706193 5274 1.4 44 31 27 32 88% 268019 27270 70%
c w 98.37  0 32 49 210  1 706193 5181 1.4 44 31 27 32 88% 268019 27270 70%
c - 102.05  0 32 50 220  1 736197 6033 1.5 44 30 27 32 88% 268019 27270 70%
c p 102.07  0 32 50 220  1 736197 6223 1.5 44 30 27 32 88% 268019 27270 70%
c w 102.14  0 32 50 220  1 736197 6165 1.5 44 30 27 32 88% 268019 27270 70%
c s 102.66  0 32 50 220  1 740395 8691 1.5 45 30 27 32 88% 268019 27270 70%
c s 102.69  0 32 50 220  1 740395 8635 1.5 45 30 27 32 88% 268019 27270 70%
c B 102.80  0 32 50 220  1 741077 9020 1.5 45 30 27 32 88% 268019 27270 70%
c - 105.94  0 32 51 232  1 766833 5640 1.5 44 30 27 32 88% 268019 27270 70%
c p 105.95  0 32 51 232  1 766833 6180 1.5 44 30 27 32 88% 268019 27270 70%
c w 106.03  0 32 51 232  1 766833 6127 1.5 44 30 27 32 88% 268019 27270 70%
c W 109.01  0 31 51 235  1 780080 13186 1.5 43 30 27 32 88% 268019 27270 70%
c - 111.09  0 32 52 245  1 798099 5588 1.5 44 30 26 32 89% 268019 27270 70%
c p 111.11  0 32 52 245  1 798099 6028 1.5 44 30 26 32 89% 268019 27270 70%
c
c  seconds   reductions  conflicts        size    tier2         variables
c          MB     restarts     redundant     glue     trail          remaining
c           level      rate         size/glue  tier1    irredundant
c
c w 111.18  0 32 52 245  1 798099 5973 1.5 44 30 26 32 89% 268019 27270 70%
c F 113.88  0 32 52 251  1 820083 17589 1.4 44 31 26 32 89% 268019 27270 70%
c - 115.16  0 32 53 251  1 829995 5858 1.5 45 31 26 32 89% 268019 27270 70%
c p 115.17  0 32 53 251  1 829995 6220 1.5 45 31 26 32 89% 268019 27270 70%
c w 115.25  0 32 53 251  1 829995 6172 1.5 45 31 26 32 89% 268019 27270 70%
c s 116.35  0 32 53 252  1 839305 11426 1.4 45 31 26 32 89% 268019 27270 70%
c s 116.38  0 32 53 252  1 839305 11423 1.4 45 31 26 32 89% 268019 27270 70%
c B 119.29  0 32 53 252  1 861084 23446 1.4 45 31 27 32 89% 268019 27270 70%
c - 119.52  0 32 54 252  1 862522 5975 1.4 44 31 27 32 89% 268019 27270 70%
c p 119.53  0 32 54 252  1 862522 6380 1.4 44 31 27 32 89% 268019 27270 70%
c w 119.62  0 32 54 252  1 862522 6333 1.4 44 31 27 32 89% 268019 27270 70%
c - 123.78  0 32 55 253  1 895681 5836 1.4 44 31 27 32 89% 268019 27270 70%
c p 123.80  0 32 55 253  1 895681 6160 1.4 44 31 27 32 89% 268019 27270 70%
c w 123.87  0 32 55 253  1 895681 6142 1.4 44 31 27 32 89% 268019 27270 70%
c W 126.34  0 32 55 253  1 903085 10483 1.5 44 31 27 32 89% 268017 27270 70%
c - 129.65  0 32 56 253  1 929471 6854 1.5 46 31 26 32 89% 268017 27270 70%
c p 129.67  0 32 56 253  1 929471 7189 1.5 46 31 26 32 89% 268017 27270 70%
c w 129.75  0 32 56 253  1 929471 7158 1.5 46 31 26 32 89% 268017 27270 70%
c s 131.71  0 32 56 254  1 944808 14955 1.5 46 31 26 32 89% 268017 27270 70%
c s 131.74  0 32 56 254  1 944808 14940 1.5 46 31 26 32 89% 268017 27270 70%
c
c  seconds   reductions  conflicts         size    tier2         variables
c          MB     restarts      redundant     glue     trail          remaining
c           level      rate          size/glue  tier1    irredundant
c
c # 131.96  0 32 56 254  1 946088 15523 1.5 45 31 26 32 89% 268017 27270 70%
c - 134.10  0 33 57 254  1 963894 6346 1.5 46 31 26 32 89% 268017 27270 70%
c p 134.11  0 33 57 254  1 963894 6683 1.5 46 31 26 32 89% 268017 27270 70%
c w 134.56  0 33 57 254  1 963894 6585 1.5 46 31 26 32 89% 268017 27270 70%
c B 137.58  0 33 57 254  1 990090 20709 1.5 47 31 26 32 89% 268017 27270 70%
c - 138.67  0 33 58 254  1 998946 6546 1.5 47 31 26 32 89% 268017 27270 70%
c p 138.68  0 33 58 254  1 998946 6941 1.5 47 31 26 32 89% 268017 27270 70%
c w 138.77  0 33 58 254  1 998946 6851 1.5 47 31 26 32 89% 268017 27270 70%
c - 142.79  0 33 59 254  1 1034632 6340 1.5 46 31 26 32 89% 268017 27270 70%
c p 142.80  0 33 59 254  1 1034632 6744 1.5 46 31 26 32 89% 268017 27270 70%
c w 142.89  0 33 59 254  1 1034632 6715 1.5 46 31 26 32 89% 268017 27270 70%
c W 144.26  0 33 59 254  1 1035091 6997 1.5 46 31 26 32 89% 268017 27270 70%
c - 148.58  0 33 60 260  1 1070949 6417 1.5 47 32 27 32 89% 268017 27270 70%
c p 148.60  0 33 60 260  1 1070949 6717 1.5 47 32 27 32 89% 268017 27270 70%
c w 148.68  0 33 60 260  1 1070949 6663 1.5 47 32 27 32 89% 268017 27270 70%
c O 149.93  0 33 60 265  1 1081093 12339 1.5 47 32 27 32 89% 268017 27270 70%
c - 153.38  0 32 61 276  1 1107898 6538 1.5 45 31 27 32 89% 268017 27270 70%
c p 153.40  0 32 61 276  1 1107898 7004 1.5 45 31 27 32 89% 268017 27270 70%
c w 153.51  0 32 61 276  1 1107898 6961 1.5 45 31 27 32 89% 268017 27270 70%
c B 156.31  0 32 61 284  1 1128095 17055 1.5 44 30 26 32 89% 268017 27270 70%
c
c  seconds   reductions   conflicts        size    tier2         variables
c          MB     restarts      redundant     glue     trail          remaining
c           level      rate          size/glue  tier1    irredundant
c
c - 158.55  0 33 62 285  1 1145478 7634 1.5 47 31 26 32 89% 268017 27270 70%
c p 158.57  0 33 62 285  1 1145478 7959 1.5 47 31 26 32 89% 268017 27270 70%
c w 158.66  0 33 62 285  1 1145478 7890 1.5 47 31 26 32 89% 268017 27270 70%
c W 164.16  0 33 62 300  1 1176096 23955 1.5 46 31 26 32 89% 268017 27270 70%
c - 165.23  0 33 63 303  1 1183689 6894 1.5 46 31 26 32 89% 268017 27270 70%
c p 165.24  0 33 63 303  1 1183689 7239 1.5 46 31 26 32 89% 268017 27270 70%
c w 165.34  0 33 63 303  1 1183689 7186 1.5 46 31 26 32 89% 268017 27270 70%
c - 170.09  0 33 64 316  1 1222535 6991 1.5 45 31 26 32 89% 268017 27270 70%
c p 170.10  0 33 64 316  1 1222535 7606 1.5 45 31 26 32 89% 268017 27270 70%
c w 170.18  0 33 64 316  1 1222535 7569 1.5 45 31 26 32 89% 268017 27270 70%
c s 170.23  0 33 64 316  1 1222535 7471 1.5 45 31 26 32 89% 268012 27270 70%
c s 170.26  0 33 64 316  1 1222535 7465 1.5 45 31 26 32 89% 268012 27270 70%
c ^ 170.26  0 33 64 316  1 1222535 7465 1.5 45 31 26 32 89% 268012 27270 70%
c I 170.60  0 33 64 316  1 1225097 8957 1.5 45 31 26 32 89% 268012 27270 70%
c - 174.82  0 31 65 317  1 1262013 7300 1.4 43 30 26 32 89% 268012 27270 70%
c p 174.84  0 31 65 317  1 1262013 7777 1.4 43 30 26 32 89% 268012 27270 70%
c w 174.94  0 31 65 317  1 1262013 7700 1.4 43 30 26 32 89% 268012 27270 70%
c B 176.56  0 31 65 324  1 1275099 14522 1.4 42 29 26 32 89% 268012 27270 70%
c - 179.68  0 31 66 336  1 1302122 7222 1.4 42 29 26 32 89% 268012 27270 70%
c p 179.69  0 31 66 336  1 1302122 7696 1.4 42 29 26 32 89% 268012 27270 70%
c
c  seconds   reductions   conflicts        size    tier2         variables
c          MB     restarts      redundant     glue     trail          remaining
c           level      rate          size/glue  tier1    irredundant
c
c w 179.79  0 31 66 336  1 1302122 7609 1.4 42 29 26 32 89% 268012 27270 70%
c W 184.30  0 30 66 347  1 1326103 20482 1.4 41 29 26 32 89% 268012 27270 70%
c s 186.23  0 30 66 348  1 1341224 27486 1.4 41 29 26 32 89% 268012 27270 70%
c e 186.33  0 30 66 348  1 1341224 27472 1.4 41 29 26 32 89% 268014 27268 70%
c s 186.35  0 30 66 348  1 1341224 27316 1.4 41 29 26 32 89% 268011 27268 70%
c - 186.61  0 30 67 348  1 1342862 6946 1.4 41 29 26 32 89% 268011 27268 70%
c p 186.62  0 30 67 348  1 1342862 7379 1.4 41 29 26 32 89% 268011 27268 70%
c w 186.72  0 30 67 348  1 1342862 7280 1.4 41 29 26 32 89% 268011 27268 70%
c F 191.05  0 29 67 363  1 1378104 25435 1.4 39 28 26 32 89% 268011 27268 70%
c - 191.82  0 29 68 366  1 1384235 7199 1.4 40 28 26 32 89% 268011 27268 70%
c p 191.84  0 29 68 366  1 1384235 7535 1.4 40 28 26 32 89% 268011 27268 70%
c w 192.42  0 29 68 366  1 1384235 7459 1.4 40 28 26 32 89% 268011 27268 70%
c - 197.18  0 30 69 379  1 1426242 7431 1.4 42 29 26 32 89% 268011 27268 70%
c p 197.20  0 30 69 379  1 1426242 7935 1.4 42 29 26 32 89% 268011 27268 70%
c w 197.30  0 30 69 379  1 1426242 7890 1.4 42 29 26 32 89% 268011 27268 70%
c B 197.87  0 31 69 380  1 1431105 10913 1.5 42 29 26 32 89% 268011 27268 70%
c s 202.29  0 30 69 381  1 1466515 27913 1.4 41 28 26 32 89% 268011 27268 70%
c s 202.33  0 30 69 381  1 1466515 26609 1.4 41 28 26 32 89% 268011 27268 70%
c ^ 202.34  0 30 69 381  1 1466515 26609 1.4 41 28 26 32 89% 268011 27268 70%
c - 202.64  0 30 70 381  1 1468880 6873 1.4 41 28 26 32 89% 268011 27268 70%
c
c  seconds   reductions   conflicts        size    tier2         variables
c          MB     restarts      redundant     glue     trail          remaining
c           level      rate          size/glue  tier1    irredundant
c
c p 202.65  0 30 70 381  1 1468880 7431 1.4 41 28 26 32 89% 268011 27268 70%
c w 202.76  0 30 70 381  1 1468880 7340 1.4 41 28 26 32 89% 268011 27268 70%
c W 206.82  0 30 70 381  1 1485107 15750 1.4 41 29 26 32 89% 268011 27268 70%
c - 210.20  0 31 71 381  1 1512151 7694 1.5 43 29 26 32 89% 268011 27268 70%
c p 210.22  0 31 71 381  1 1512151 8099 1.5 43 29 26 32 89% 268011 27268 70%
c w 210.33  0 31 71 381  1 1512151 8033 1.5 43 29 26 32 89% 268011 27268 70%
c # 213.99  0 31 71 388  1 1540108 24253 1.5 44 30 26 32 89% 268011 27268 70%
c - 216.13  0 32 72 396  1 1556055 8574 1.5 45 30 26 32 89% 268011 27268 70%
c p 216.15  0 32 72 396  1 1556055 9038 1.5 45 30 26 32 89% 268011 27268 70%
c w 216.26  0 32 72 396  1 1556055 8987 1.5 45 30 26 32 89% 268011 27268 70%
c B 221.12  0 32 72 411  1 1596109 32961 1.5 46 30 26 32 88% 268011 27268 70%
c s 221.46  0 32 72 412  1 1598397 33844 1.5 46 30 26 32 88% 268011 27268 70%
c e 221.57  0 32 72 412  1 1598397 33844 1.5 46 30 26 32 88% 268019 27264 70%
c s 221.58  0 32 72 412  1 1598397 33813 1.5 46 30 26 32 88% 268015 27264 70%
c - 221.91  0 32 73 412  1 1600595 8697 1.5 46 30 26 32 88% 268015 27264 70%
c p 221.92  0 32 73 412  1 1600595 9049 1.5 46 30 26 32 88% 268015 27264 70%
c w 222.03  0 32 73 412  1 1600595 8985 1.5 46 30 26 32 88% 268015 27264 70%
c - 227.66  0 32 74 427  1 1645765 8030 1.5 44 30 25 32 88% 268015 27264 70%
c p 227.67  0 32 74 427  1 1645765 8439 1.5 44 30 25 32 88% 268015 27264 70%
c w 227.76  0 32 74 427  1 1645765 8368 1.5 44 30 25 32 88% 268015 27264 70%
c
c  seconds   reductions   conflicts        size    tier2         variables
c          MB     restarts      redundant     glue     trail          remaining
c           level      rate          size/glue  tier1    irredundant
c
c x 227.78  0 32 74 427  1 1645765 8368 1.5 44 30 25 32 88% 268009 27264 70%
c W 230.34  0 32 74 433  1 1653110 12745 1.5 44 30 25 32 88% 268009 27264 70%
c - 234.89  0 32 75 443  1 1691567 7991 1.5 45 30 25 32 89% 268009 27264 70%
c p 234.90  0 32 75 443  1 1691567 8543 1.5 45 30 25 32 89% 268009 27264 70%
c w 235.01  0 32 75 443  1 1691567 8397 1.5 45 30 25 32 89% 268009 27264 70%
c O 237.41  0 32 75 444  1 1711111 19388 1.5 46 30 25 32 89% 268009 27264 70%
c s 240.50  0 32 75 450  1 1736882 33402 1.5 45 30 25 32 89% 268009 27264 70%
c s 240.55  0 32 75 450  1 1736882 33388 1.5 45 30 25 32 89% 268009 27264 70%
c - 240.75  0 32 76 451  1 1738005 8388 1.5 45 30 25 32 89% 268009 27264 70%
c p 240.77  0 32 76 451  1 1738005 8864 1.5 45 30 25 32 89% 268009 27264 70%
c u 240.82  0 32 76 451  1 1738005 8863 1.5 45 30 25 32 89% 268009 27264 70%
c w 240.89  0 32 76 451  1 1738005 8785 1.5 45 30 25 32 89% 268009 27264 70%
c B 244.75  0 31 76 465  1 1770112 28060 1.5 45 29 25 32 89% 268009 27264 70%
c - 246.55  0 31 77 473  1 1785073 9112 1.5 45 30 25 32 89% 268009 27264 70%
c p 246.57  0 31 77 473  1 1785073 9629 1.5 45 30 25 32 89% 268009 27264 70%
c w 246.68  0 31 77 473  1 1785073 9517 1.5 45 30 25 32 89% 268009 27264 70%
c W 254.27  0 32 77 487  1 1830113 34367 1.5 45 30 25 32 89% 268009 27264 70%
c - 254.64  0 32 78 488  1 1832774 8802 1.5 45 30 25 32 89% 268009 27264 70%
c p 254.66  0 32 78 488  1 1832774 9187 1.5 45 30 25 32 89% 268009 27264 70%
c w 254.77  0 32 78 488  1 1832774 9055 1.5 45 30 25 32 89% 268009 27264 70%
c
c  seconds   reductions   conflicts        size    tier2         variables
c          MB     restarts      redundant     glue     trail          remaining
c           level      rate          size/glue  tier1    irredundant
c
c - 260.83  0 32 79 506  1 1881108 8277 1.4 44 30 25 32 89% 268009 27264 70%
c p 260.85  0 32 79 506  1 1881108 8656 1.4 44 30 25 32 89% 268009 27264 70%
c w 260.96  0 32 79 506  1 1881108 8545 1.4 44 30 25 32 89% 268009 27264 70%
c I 262.16  0 32 79 506  1 1891115 14176 1.4 44 30 25 32 89% 268009 27264 70%
c - 266.75  0 31 80 508  1 1930079 8725 1.4 42 29 25 31 89% 268009 27264 70%
c p 266.77  0 31 80 508  1 1930079 9275 1.4 42 29 25 31 89% 268009 27264 70%
c w 267.44  0 31 80 508  1 1930079 9124 1.4 42 29 25 31 89% 268009 27264 70%
c B 270.21  0 31 80 508  1 1953117 21517 1.4 41 29 25 31 89% 268009 27264 70%
c - 273.45  0 31 81 508  1 1979681 9033 1.4 42 29 25 31 89% 268009 27264 70%
c p 273.47  0 31 81 508  1 1979681 9498 1.4 42 29 25 31 89% 268009 27264 70%
c w 273.58  0 31 81 508  1 1979681 9403 1.4 42 29 25 31 89% 268009 27264 70%
c W 280.12  0 31 81 509  1 2016119 29371 1.4 43 30 25 31 89% 268009 27264 70%
c - 281.76  0 32 82 509  1 2029916 9031 1.4 43 30 25 31 89% 268009 27264 70%
c p 281.77  0 32 82 509  1 2029916 9476 1.4 43 30 25 31 89% 268009 27264 70%
c w 281.90  0 32 82 509  1 2029916 9343 1.4 43 30 25 31 89% 268009 27264 70%
c F 287.85  0 32 82 509  1 2080120 35002 1.4 44 31 25 31 89% 268009 27264 70%
c - 287.95  0 32 83 509  1 2080784 8784 1.4 44 31 25 31 89% 268009 27264 70%
c p 287.97  0 32 83 509  1 2080784 9101 1.4 44 31 25 31 89% 268009 27264 70%
c w 288.09  0 32 83 509  1 2080784 8984 1.4 44 31 25 31 89% 268009 27264 70%
c - 293.93  0 32 84 510  1 2132286 8478 1.4 44 31 25 31 89% 268009 27264 70%
c
c  seconds   reductions   conflicts        size    tier2         variables
c          MB     restarts      redundant     glue     trail          remaining
c           level      rate          size/glue  tier1    irredundant
c
c p 293.95  0 32 84 510  1 2132286 8867 1.4 44 31 25 31 89% 268009 27264 70%
c w 294.08  0 32 84 510  1 2132286 8753 1.4 44 31 25 31 89% 268009 27264 70%
c B 295.74  0 32 84 510  1 2145124 15752 1.4 45 31 25 31 89% 268009 27264 70%
c ] 299.35  0 32 84 510  1 2177638 33125 1.5 45 31 25 31 89% 268009 27264 70%
c ? 299.35  0 32 84 510  1 2177638 33125 1.5 45 31 25 31 89% 268009 27264 70%
c
c --- [ result ] -------------------------------------------------------------
c
c writing result to 'search-results/cadical-complete-cover-20260902/anchor-004-p1-s1.result'
c
c --- [ run-time profiling ] -------------------------------------------------
c
c process time taken by individual solving procedures
c (percentage relative to process time for solving)
c
c       288.38   96.35% search
c       265.12   88.57% stable
c        23.22    7.76% walk
c        10.94    3.65% simplify
c         3.82    1.28% vivify
c         2.35    0.79% sweep
c         1.24    0.41% backbone
c         0.92    0.31% elim
c         0.46    0.15% subsume
c         0.37    0.12% probe
c         0.30    0.10% ternary
c         0.23    0.08% congruence
c         0.04    0.01% parse
c         0.04    0.01% lucky
c   =================================
c       299.31   99.99% solve
c
c last line shows process time for solving
c (percentage relative to total process time)
c
c --- [ statistics ] ---------------------------------------------------------
c
c chronological:            255018        11.71 %  of conflicts
c conflicts:               2177638      7275.47    per second
c backbone:              115485746    296558.33 %  of vars
c decisions:               2368635      7913.59    per second
c eliminated:                 2682         6.89 %  of all variables
c fixed:                      8996        23.10 %  of all variables
c learned:                 2146401        98.57 %  per conflict
c learned_lits:         1133361449       100.00 %  learned literals
c minimized:                     0         0.00 %  learned literals
c shrunken:             1031091252        90.98 %  learned literals
c minishrunken:            7097908         0.63 %  learned literals
c otfs:                        946         0.04 %  of conflict
c propagations:         1202997710         4.02 M  per second
c reduced:                 1145816        52.62 %  per conflict
c rephased:                     65     33502.12    interval
c restarts:                    510      4269.88    interval
c subsumed:                 963979        38.97 %  of all clauses
c strengthened:              52899         2.14 %  of all clauses
c ticks:               16555739612        18.80    propagation
c vivified:                   4187         0.17 %  of all clauses
c walked:                       21    103697.05    interval
c weakened:                  13334         5.33    average size
c congruence:                   12    181469.83    interval
c
c seconds are measured in process time for solving
c
c --- [ glue usage ] ---------------------------------------------------------
c
c focused glue 2 used 0 clauses 0.000% accumulated 0.000% tier1
c focused glue 3 used 0 clauses 0.000% accumulated 0.000%
c focused glue 4 used 0 clauses 0.000% accumulated 0.000%
c focused glue 5 used 0 clauses 0.000% accumulated 0.000%
c focused glue 6 used 0 clauses 0.000% accumulated 0.000% tier2
c
c stable glue 25 used 412058 clauses 5.804% accumulated 51.14% tier1
c stable glue 26 used 416715 clauses 5.870% accumulated 57.01%
c stable glue 27-29 used 1188169 clauses 16.73% accumulated 73.75%
c stable glue 30 used 382564 clauses 5.389% accumulated 79.14%
c stable glue 31 used 369827 clauses 5.209% accumulated 84.35% tier2
c
c
c --- [ resources ] ----------------------------------------------------------
c
c total process time since initialization:       299.35    seconds
c total real time since initialization:          300.04    seconds
c maximum resident set size of process:          183.11    MB
c
c --- [ shutting down ] ------------------------------------------------------
c
c exit 0
