c --- [ banner ] -------------------------------------------------------------
c
c CaDiCaL SAT Solver
c Copyright (c) 2016-2026
c A. Biere, M. Fleury, N. Froleyks, K. Fazekas, F. Pollitt, T. Faller
c JKU Linz, University of Freiburg, TU Wien
c
c Version 3.0.1 c60730422e758ef1cebe7aeddf2dda31c996bf04
c Apple clang version 21.0.0 (clang-2100.1.1.101) -Wall -Wextra -O3 -DNDEBUG -DNCLOSEFROM
c Tue Sep 1 21:08:57 PDT 2026 Darwin retained-runner 25.6.0 arm64
c
c --- [ limit ] --------------------------------------------------------------
c
c setting time limit to 300 seconds real time (due to '-t 300')
c
c --- [ parsing input ] ------------------------------------------------------
c
c reading DIMACS file from 'search-results/cadical-complete-cover-20260902/cnf/anchor-001-p0-s0.cnf'
c opening file to read 'search-results/cadical-complete-cover-20260902/cnf/anchor-001-p0-s0.cnf'
c found 'p cnf 38942 364405' header
c parsed 364405 clauses in 0.04 seconds process time
c
c --- [ options ] ------------------------------------------------------------
c
c   --elimeffort=10                (different from default '1e3')
c   --stabilizeonly=true           (different from default 'false')
c   --subsumeeffort=60             (different from default '1e3')
c
c --- [ solving ] ------------------------------------------------------------
c
c time measured in process time since initialization
c
c  seconds  reduction conflicts       size tier2        variables
c         MB    restarts   redundant    glue  trail          remaining
c          level     rate       size/glu tier1  irredundant
c
c *  0.04  0  0 0   0  0    0    0 0.0 0 0 2 6  0% 289708 30086 77%
c )  0.06  0  0 0   0  0    0    0 0.0 0 0 2 6  0% 289708 30086 77%
c [  0.09  0  0 0   0  0    0    0 0.0 0 0 2 6  0% 289708 30086 77%
c -  0.14  0 39 1   0  1  301   46 1.2 44 35 2 6 97% 274783 30086 77%
c -  0.24  0 38 2   0  1  924  246 1.6 49 30 2 6 96% 274783 30086 77%
c I  0.24  0 38 2   0  1 1004  310 1.6 48 30 2 6 96% 274783 30086 77%
c -  0.40  0 38 3   1  1 2016  335 1.4 45 33 2 6 95% 274783 30086 77%
c t  0.65  0 37 3   2  1 2985  830 1.4 46 33 2 6 94% 274783 30086 77%
c B  0.67  0 37 3   2  1 3006  836 1.4 46 33 2 6 92% 274783 30086 77%
c -  0.75  0 37 4   2  1 3632  496 1.4 45 33 2 6 97% 274783 30086 77%
c -  1.05  0 37 5   4  1 5799  783 1.4 45 33 34 36 96% 274783 30086 77%
c W  1.14  0 37 5   4  1 6010  935 1.4 46 33 34 36 96% 274783 30086 77%
c s  1.24  0 37 5   5  1 6536 1041 1.4 46 33 33 37 96% 274783 30086 77%
c e  1.44  0 37 5   5  1 6536  452 1.4 46 33 33 37 96% 268555 27328 70%
c s  1.47  0 37 5   5  1 6536  443 1.4 46 33 33 37 96% 268338 27328 70%
c e  1.53  0 37 5   5  1 6536  432 1.4 46 33 33 37 96% 267915 27247 70%
c 2  1.83  0 37 5   5  1 8091 1749 1.5 50 33 33 36 93% 267915 27247 70%
c -  2.04  0 36 6   6  1 8537  623 1.5 49 32 33 36 93% 267915 27247 70%
c F  2.29  0 35 6   6  1 10012 1305 1.5 48 32 31 36 92% 267915 27247 70%
c -  2.64  0 35 7   6  1 11836  696 1.5 47 32 31 36 91% 267915 27247 70%
c
c  seconds  reductions conflicts       size    tier2         variables
c         MB    restarts    redundant     glue     trail          remaining
c          level     rate        size/glue  tier1    irredundant
c
c B  3.22  0 34 7   9  1 15013 2454 1.5 47 32 30 35 90% 267915 27247 70%
c -  3.34  0 34 8   9  1 15718  838 1.5 47 32 30 35 90% 267915 27247 70%
c s  4.07  0 34 8  12  1 19727 2909 1.5 47 32 30 35 89% 267775 27247 70%
c e  4.14  0 34 8  12  1 19727 2905 1.5 47 32 30 35 89% 267728 27229 70%
c s  4.16  0 34 8  12  1 19727 2893 1.5 47 32 30 35 89% 267675 27229 70%
c e  4.18  0 34 8  12  1 19727 2881 1.5 47 32 30 35 89% 267651 27221 70%
c -  4.29  0 34 9  12  1 20193  906 1.5 47 32 30 35 89% 267651 27221 70%
c u  4.32  0 34 9  12  1 20193  905 1.5 47 32 30 35 89% 267650 27221 70%
c w  4.33  0 34 9  12  1 20193  892 1.5 47 32 30 35 89% 267650 27221 70%
c W  4.74  0 34 9  13  1 21015 1326 1.5 46 32 30 35 89% 267650 27221 70%
c -  5.46  0 34 10  14  1 25266 1024 1.5 46 32 30 34 89% 267650 27221 70%
c #  5.93  0 34 10  14  1 28017 2634 1.5 46 32 30 34 89% 267650 27221 70%
c -  6.41  0 34 11  14  1 30937 1176 1.5 46 32 30 34 89% 267650 27221 70%
c B  7.18  0 34 11  17  1 36019 3940 1.5 46 32 30 34 88% 267650 27221 70%
c -  7.38  0 34 12  17  1 37215 1251 1.5 46 32 30 34 88% 267650 27221 70%
c s  7.90  0 34 12  19  1 39513 2571 1.5 46 32 29 33 88% 267585 27221 70%
c e  7.94  0 34 12  19  1 39513 2570 1.5 46 32 29 33 88% 267577 27218 70%
c s  7.95  0 34 12  19  1 39513 2568 1.5 46 32 29 33 88% 267554 27218 70%
c e  7.98  0 34 12  19  1 39513 2565 1.5 46 32 29 33 88% 267545 27215 70%
c -  8.67  0 34 13  21  1 44098 1354 1.5 46 32 29 33 88% 267545 27215 70%
c
c  seconds  reductions  conflicts       size    tier2         variables
c         MB     restarts    redundant     glue     trail          remaining
c          level      rate        size/glue  tier1    irredundant
c
c u  8.71  0 34 13  21  1 44098 1354 1.5 46 32 29 33 88% 267545 27215 70%
c w  8.73  0 34 13  21  1 44098 1319 1.5 46 32 29 33 88% 267545 27215 70%
c W  9.18  0 34 13  21  1 45020 1871 1.5 46 32 29 33 88% 267545 27215 70%
c - 10.18  0 34 14  26  1 51590 1490 1.5 47 32 29 33 88% 267545 27215 70%
c O 10.67  0 33 14  28  1 55021 3499 1.5 47 32 29 33 88% 267545 27215 70%
c - 11.45  0 33 15  29  1 59694 1684 1.5 46 31 29 33 88% 267545 27215 70%
c s 12.53  0 33 15  29  1 65892 5325 1.5 46 31 29 33 88% 267532 27215 70%
c e 12.56  0 33 15  29  1 65892 5325 1.5 46 31 29 33 88% 267530 27214 70%
c s 12.57  0 33 15  29  1 65892 5320 1.5 46 31 29 33 88% 267520 27214 70%
c e 12.58  0 33 15  29  1 65892 5320 1.5 46 31 29 33 88% 267517 27213 70%
c B 12.62  0 33 15  29  1 66023 5383 1.5 46 31 29 33 88% 267517 27213 70%
c - 13.06  0 33 16  30  1 68413 1810 1.5 46 31 29 33 88% 267517 27213 70%
c p 13.06  0 33 16  30  1 68413 1838 1.5 46 31 29 33 88% 267517 27213 70%
c w 13.12  0 33 16  30  1 68413 1811 1.5 46 31 29 33 88% 267517 27213 70%
c - 14.70  0 33 17  30  1 77747 1787 1.4 45 31 28 33 88% 267517 27213 70%
c p 14.71  0 33 17  30  1 77747 1834 1.4 45 31 28 33 88% 267517 27213 70%
c W 15.44  0 33 17  30  1 78024 1991 1.4 45 31 28 33 88% 267517 27213 70%
c - 16.94  0 32 18  34  1 87695 1817 1.4 44 31 28 33 88% 267517 27213 70%
c p 16.94  0 32 18  34  1 87695 1892 1.4 44 31 28 33 88% 267517 27213 70%
c w 17.00  0 32 18  34  1 87695 1868 1.4 44 31 28 33 88% 267517 27213 70%
c
c  seconds  reductions  conflicts       size    tier2         variables
c         MB     restarts    redundant     glue     trail          remaining
c          level      rate        size/glue  tier1    irredundant
c
c I 17.60  0 32 18  36  1 91025 3572 1.4 43 30 28 33 88% 267517 27213 70%
c - 18.92  0 31 19  40  1 98262 2022 1.4 43 30 28 33 88% 267517 27213 70%
c p 18.93  0 31 19  40  1 98262 2075 1.4 43 30 28 33 88% 267517 27213 70%
c s 19.06  0 31 19  40  1 98866 1975 1.4 43 30 28 33 88% 267515 27213 70%
c e 19.08  0 31 19  40  1 98866 1973 1.4 43 30 28 33 88% 267510 27211 70%
c s 19.09  0 31 19  40  1 98866 1898 1.4 43 30 28 33 88% 267500 27211 70%
c e 19.11  0 31 19  40  1 98866 1898 1.4 43 30 28 33 88% 267494 27209 70%
c B 20.15  0 31 19  44  1 105028 5001 1.4 42 29 28 33 88% 267494 27209 70%
c - 20.89  0 31 20  45  1 109447 2142 1.5 43 29 28 33 88% 267494 27209 70%
c p 20.90  0 31 20  45  1 109447 2221 1.5 43 29 28 33 88% 267494 27209 70%
c u 20.93  0 31 20  45  1 109447 2220 1.5 43 29 28 33 88% 267494 27209 70%
c w 20.97  0 31 20  45  1 109447 2177 1.5 43 29 28 33 88% 267494 27209 70%
c W 23.43  0 31 20  48  1 120030 8451 1.5 43 29 28 33 88% 267494 27209 70%
c - 23.65  0 31 21  49  1 121252 2350 1.5 43 29 28 33 88% 267494 27209 70%
c p 23.66  0 31 21  49  1 121252 2444 1.5 43 29 28 33 88% 267494 27209 70%
c - 25.73  0 31 22  56  1 133676 2398 1.5 43 29 28 33 88% 267494 27209 70%
c p 25.74  0 31 22  56  1 133676 2572 1.5 43 29 28 33 88% 267494 27209 70%
c w 25.78  0 31 22  56  1 133676 2554 1.5 43 29 28 33 88% 267494 27209 70%
c F 26.25  0 31 22  58  1 136031 3777 1.5 43 29 28 33 88% 267487 27209 70%
c s 26.65  0 31 22  59  1 138436 4207 1.5 43 29 25 32 88% 267481 27209 70%
c
c  seconds  reductions  conflicts        size    tier2         variables
c         MB     restarts     redundant     glue     trail          remaining
c          level      rate         size/glue  tier1    irredundant
c
c e 26.68  0 31 22  59  1 138436 4207 1.5 43 29 25 32 88% 267470 27205 70%
c s 26.69  0 31 22  59  1 138436 4203 1.5 43 29 25 32 88% 267458 27205 70%
c e 26.70  0 31 22  59  1 138436 4201 1.5 43 29 25 32 88% 267452 27203 70%
c - 28.16  0 31 23  60  1 146722 2343 1.5 44 29 25 32 88% 267452 27203 70%
c p 28.17  0 31 23  60  1 146722 2460 1.5 44 29 25 32 88% 267452 27203 70%
c B 29.40  0 31 23  61  1 153032 6067 1.5 44 30 25 32 88% 267452 27203 70%
c - 30.71  0 31 24  61  1 160389 2569 1.5 44 30 25 32 88% 267452 27203 70%
c p 30.72  0 31 24  61  1 160389 2734 1.5 44 30 25 32 88% 267452 27203 70%
c w 30.78  0 31 24  61  1 160389 2675 1.5 44 30 25 32 88% 267452 27203 70%
c W 33.39  0 31 24  62  1 171035 8281 1.5 43 29 25 32 88% 267452 27203 70%
c - 34.01  0 31 25  62  1 174678 2627 1.5 43 29 25 32 88% 267452 27203 70%
c p 34.02  0 31 25  62  1 174678 2893 1.5 43 29 25 32 88% 267452 27203 70%
c s 35.76  0 31 25  62  1 184603 7842 1.5 43 29 25 32 88% 267449 27203 70%
c e 35.79  0 31 25  62  1 184603 7842 1.5 43 29 25 32 88% 267442 27200 70%
c s 35.80  0 31 25  62  1 184603 7750 1.5 43 29 25 32 88% 267433 27200 70%
c e 35.81  0 31 25  62  1 184603 7750 1.5 43 29 25 32 88% 267427 27198 70%
c - 36.73  0 31 26  62  1 189591 2538 1.5 42 29 25 32 88% 267427 27198 70%
c p 36.75  0 31 26  62  1 189591 2735 1.5 42 29 25 32 88% 267427 27198 70%
c w 36.82  0 31 26  62  1 189591 2694 1.5 42 29 25 32 88% 267427 27198 70%
c # 36.91  0 31 26  62  1 190038 3054 1.5 42 29 25 32 88% 267427 27198 70%
c
c  seconds  reductions  conflicts        size    tier2         variables
c         MB     restarts     redundant     glue     trail          remaining
c          level      rate         size/glue  tier1    irredundant
c
c - 39.39  0 31 27  67  1 205126 3321 1.5 45 29 25 31 88% 267427 27198 70%
c p 39.39  0 31 27  67  1 205126 3539 1.5 45 29 25 31 88% 267427 27198 70%
c B 40.29  0 31 27  69  1 210042 6184 1.5 45 29 25 31 88% 267427 27198 70%
c - 42.21  0 31 28  76  1 221285 2954 1.5 44 29 25 31 88% 267427 27198 70%
c p 42.22  0 31 28  76  1 221285 3160 1.5 44 29 25 31 88% 267427 27198 70%
c w 42.31  0 31 28  76  1 221285 3090 1.5 44 29 25 31 88% 267427 27198 70%
c W 44.67  0 31 28  77  1 231043 7931 1.5 43 29 25 31 88% 267427 27198 70%
c s 45.68  0 31 28  81  1 237365 11579 1.5 44 29 25 31 88% 267426 27198 70%
c e 45.71  0 31 28  81  1 237365 11579 1.5 44 29 25 31 88% 267424 27197 70%
c s 45.72  0 31 28  81  1 237365 11545 1.5 44 29 25 31 88% 267421 27197 70%
c - 45.88  0 31 29  81  1 238069 3047 1.5 44 29 25 31 88% 267421 27197 70%
c p 45.89  0 31 29  81  1 238069 3289 1.5 44 29 25 31 88% 267421 27197 70%
c w 45.95  0 31 29  81  1 238069 3263 1.5 44 29 25 31 88% 267421 27197 70%
c O 48.36  0 31 29  90  1 253044 11854 1.5 44 30 25 31 88% 267420 27197 70%
c - 48.73  0 31 30  91  1 255479 3370 1.5 44 30 25 31 88% 267420 27197 70%
c p 48.74  0 31 30  91  1 255479 3514 1.5 44 30 25 31 88% 267420 27197 70%
c - 51.83  0 31 31  93  1 273516 3637 1.5 44 30 25 31 88% 267420 27197 70%
c p 51.85  0 31 31  93  1 273516 3859 1.5 44 30 25 31 88% 267420 27197 70%
c w 51.94  0 31 31  93  1 273516 3783 1.5 44 30 25 31 88% 267420 27197 70%
c B 52.39  0 32 31  93  1 276047 5871 1.5 45 30 25 31 88% 267420 27197 70%
c
c  seconds  reductions  conflicts        size    tier2         variables
c         MB     restarts     redundant     glue     trail          remaining
c          level      rate         size/glue  tier1    irredundant
c
c - 55.11  0 31 32 100  1 292176 3735 1.5 44 29 25 31 88% 267420 27197 70%
c p 55.13  0 31 32 100  1 292176 3991 1.5 44 29 25 31 88% 267420 27197 70%
c w 55.19  0 31 32 100  1 292176 3950 1.5 44 29 25 31 88% 267420 27197 70%
c s 55.97  0 31 32 102  1 296722 5895 1.5 43 29 25 31 88% 267420 27197 70%
c e 56.00  0 31 32 102  1 296722 5895 1.5 43 29 25 31 88% 267418 27195 70%
c s 56.00  0 31 32 102  1 296722 5871 1.5 43 29 25 31 88% 267413 27195 70%
c W 57.58  0 31 32 104  1 300049 7554 1.5 43 29 25 31 88% 267413 27195 70%
c - 59.33  0 31 33 108  1 311461 4332 1.6 47 29 25 31 88% 267413 27195 70%
c p 59.33  0 31 33 108  1 311461 4540 1.6 47 29 25 31 88% 267413 27195 70%
c w 59.39  0 31 33 108  1 311461 4502 1.6 47 29 25 31 88% 267413 27195 70%
c I 61.49  0 30 33 115  1 325051 10981 1.6 46 29 25 31 88% 267413 27195 70%
c - 62.59  0 30 34 118  1 331375 3677 1.6 45 28 25 31 88% 267413 27195 70%
c p 62.61  0 30 34 118  1 331375 3863 1.6 45 28 25 31 88% 267413 27195 70%
c w 62.66  0 30 34 118  1 331375 3824 1.6 45 28 25 31 88% 267413 27195 70%
c B 65.97  0 30 34 124  1 351052 14830 1.6 44 28 24 31 88% 267413 27195 70%
c - 66.13  0 30 35 124  1 351914 3853 1.6 44 28 24 31 88% 267413 27195 70%
c p 66.13  0 30 35 124  1 351914 3997 1.6 44 28 24 31 88% 267413 27195 70%
c w 66.19  0 30 35 124  1 351914 3990 1.6 44 28 24 31 88% 267413 27195 70%
c s 68.07  0 30 35 124  1 362677 8869 1.6 44 28 24 31 88% 267412 27195 70%
c e 68.10  0 30 35 124  1 362677 8869 1.6 44 28 24 31 88% 267410 27194 70%
c
c  seconds  reductions  conflicts        size    tier2         variables
c         MB     restarts     redundant     glue     trail          remaining
c          level      rate         size/glue  tier1    irredundant
c
c s 68.11  0 30 35 124  1 362677 8853 1.6 44 28 24 31 88% 267410 27194 70%
c - 69.80  0 30 36 125  1 373079 3457 1.5 43 28 24 31 88% 267410 27194 70%
c p 69.81  0 30 36 125  1 373079 3779 1.5 43 28 24 31 88% 267410 27194 70%
c w 69.89  0 30 36 125  1 373079 3744 1.5 43 28 24 31 88% 267410 27194 70%
c W 71.65  0 30 36 125  1 378056 6004 1.5 43 28 24 31 88% 267410 27194 70%
c - 74.36  0 30 37 125  1 394872 3513 1.5 43 29 24 31 88% 267410 27194 70%
c p 74.37  0 30 37 125  1 394872 3901 1.5 43 29 24 31 88% 267410 27194 70%
c w 74.44  0 30 37 125  1 394872 3858 1.5 43 29 24 31 88% 267410 27194 70%
c F 76.23  0 30 37 126  1 406057 10124 1.5 43 29 24 31 88% 267410 27194 70%
c - 78.25  0 31 38 126  1 417292 3928 1.5 43 29 24 31 88% 267410 27194 70%
c p 78.27  0 31 38 126  1 417292 4220 1.5 43 29 24 31 88% 267410 27194 70%
c w 78.59  0 31 38 126  1 417292 4193 1.5 43 29 24 31 88% 267410 27194 70%
c B 81.31  0 31 38 126  1 435059 13140 1.5 43 30 24 31 88% 267410 27194 70%
c - 82.26  0 31 39 126  1 440340 3870 1.4 42 29 24 31 88% 267410 27194 70%
c p 82.27  0 31 39 126  1 440340 4200 1.4 42 29 24 31 88% 267410 27194 70%
c w 82.33  0 31 39 126  1 440340 4153 1.4 42 29 24 31 88% 267410 27194 70%
c - 86.36  0 30 40 126  1 464016 3899 1.4 41 28 23 31 88% 267410 27194 70%
c p 86.38  0 30 40 126  1 464016 4145 1.4 41 28 23 31 88% 267410 27194 70%
c w 86.45  0 30 40 126  1 464016 4098 1.4 41 28 23 31 88% 267410 27194 70%
c W 87.96  0 30 40 126  1 465061 4640 1.4 41 28 23 31 88% 267410 27194 70%
c
c  seconds  reductions  conflicts        size    tier2         variables
c         MB     restarts     redundant     glue     trail          remaining
c          level      rate         size/glue  tier1    irredundant
c
c - 91.47  0 30 41 140  1 488320 4250 1.5 42 29 23 31 88% 267410 27194 70%
c p 91.48  0 30 41 140  1 488320 4575 1.5 42 29 23 31 88% 267410 27194 70%
c w 91.54  0 30 41 140  1 488320 4544 1.5 42 29 23 31 88% 267410 27194 70%
c # 92.86  0 30 41 141  1 496064 8879 1.5 42 29 23 31 88% 267410 27194 70%
c - 95.48  0 31 42 150  1 513254 4589 1.5 43 29 23 31 88% 267410 27194 70%
c p 95.50  0 31 42 150  1 513254 4838 1.5 43 29 23 31 88% 267410 27194 70%
c w 95.57  0 31 42 150  1 513254 4754 1.5 43 29 23 31 88% 267410 27194 70%
c B 97.78  0 31 42 156  1 528065 12642 1.5 43 30 23 31 88% 267410 27194 70%
c - 99.47  0 31 43 157  1 538815 4599 1.4 43 30 24 31 88% 267410 27194 70%
c p 99.48  0 31 43 157  1 538815 4817 1.4 43 30 24 31 88% 267410 27194 70%
c w 99.56  0 31 43 157  1 538815 4735 1.4 43 30 24 31 88% 267410 27194 70%
c W 104.29  0 32 43 164  1 561067 16994 1.4 43 30 24 31 88% 267410 27194 70%
c - 104.92  0 32 44 167  1 565006 4776 1.4 44 30 24 31 88% 267410 27194 70%
c p 104.93  0 32 44 167  1 565006 4964 1.4 44 30 24 31 88% 267410 27194 70%
c w 105.01  0 32 44 167  1 565006 4898 1.4 44 30 24 31 88% 267410 27194 70%
c - 108.94  0 32 45 179  1 591825 4924 1.4 44 31 24 31 88% 267410 27194 70%
c p 108.94  0 32 45 179  1 591825 5306 1.4 44 31 24 31 88% 267410 27194 70%
c w 109.01  0 32 45 179  1 591825 5292 1.4 44 31 24 31 88% 267410 27194 70%
c O 109.56  0 32 45 180  1 595068 7664 1.5 45 31 24 31 88% 267410 27194 70%
c - 113.41  0 32 46 188  1 619272 5042 1.4 43 30 24 31 88% 267410 27194 70%
c
c  seconds   reductions  conflicts        size    tier2         variables
c          MB     restarts     redundant     glue     trail          remaining
c           level      rate         size/glue  tier1    irredundant
c
c p 113.43  0 32 46 188  1 619272 5436 1.4 43 30 24 31 88% 267410 27194 70%
c w 113.52  0 32 46 188  1 619272 5383 1.4 43 30 24 31 88% 267410 27194 70%
c B 115.24  0 32 46 188  1 630071 11870 1.4 43 30 24 31 88% 267410 27194 70%
c - 117.97  0 32 47 189  1 647350 5322 1.4 44 30 24 31 88% 267410 27194 70%
c p 117.98  0 32 47 189  1 647350 5675 1.4 44 30 24 31 88% 267410 27194 70%
c w 118.38  0 32 47 189  1 647350 5662 1.4 44 30 24 31 88% 267410 27194 70%
c W 123.11  0 32 47 190  1 666072 16200 1.5 44 30 25 31 88% 267410 27194 70%
c - 124.71  0 32 48 196  1 676057 5406 1.5 45 31 25 31 88% 267410 27194 70%
c p 124.72  0 32 48 196  1 676057 5636 1.5 45 31 25 31 88% 267410 27194 70%
c w 124.79  0 32 48 196  1 676057 5605 1.5 45 31 25 31 88% 267410 27194 70%
c s 124.83  0 32 48 196  1 676057 4906 1.5 45 31 25 31 88% 267401 27194 70%
c s 124.86  0 32 48 196  1 676057 4887 1.5 45 31 25 31 88% 267401 27194 70%
c I 128.97  0 33 48 207  1 703073 19719 1.5 45 31 25 31 88% 267401 27194 70%
c - 129.40  0 32 49 210  1 705392 5167 1.5 45 31 25 31 88% 267401 27194 70%
c p 129.41  0 32 49 210  1 705392 5521 1.5 45 31 25 31 88% 267401 27194 70%
c w 129.50  0 32 49 210  1 705392 5478 1.5 45 31 25 31 88% 267401 27194 70%
c - 134.46  0 32 50 220  1 735356 5095 1.5 44 30 25 31 88% 267401 27194 70%
c p 134.47  0 32 50 220  1 735356 5347 1.5 44 30 25 31 88% 267401 27194 70%
c w 134.57  0 32 50 220  1 735356 5301 1.5 44 30 25 31 88% 267401 27194 70%
c B 135.58  0 31 50 220  1 741075 8235 1.5 44 30 25 31 88% 267401 27194 70%
c
c  seconds   reductions  conflicts        size    tier2         variables
c          MB     restarts     redundant     glue     trail          remaining
c           level      rate         size/glue  tier1    irredundant
c
c - 139.76  0 32 51 231  1 765952 5320 1.5 44 30 25 31 88% 267401 27194 70%
c p 139.77  0 32 51 231  1 765952 5561 1.5 44 30 25 31 88% 267401 27194 70%
c w 139.84  0 32 51 231  1 765952 5498 1.5 44 30 25 31 88% 267401 27194 70%
c W 143.79  0 32 51 235  1 780076 14230 1.5 45 31 25 31 88% 267401 27194 70%
c - 146.72  0 32 52 245  1 797176 5687 1.5 44 31 25 31 88% 267401 27194 70%
c p 146.75  0 32 52 245  1 797176 6020 1.5 44 31 25 31 88% 267401 27194 70%
c w 146.83  0 32 52 245  1 797176 5954 1.5 44 31 25 31 88% 267401 27194 70%
c F 150.45  0 32 52 251  1 820078 19064 1.5 45 31 25 31 88% 267401 27194 70%
c - 151.89  0 32 53 251  1 829032 5833 1.5 45 31 25 31 88% 267401 27194 70%
c p 151.91  0 32 53 251  1 829032 6275 1.5 45 31 25 31 88% 267401 27194 70%
c u 151.95  0 32 53 251  1 829032 6274 1.5 45 31 25 31 88% 267401 27194 70%
c w 152.00  0 32 53 251  1 829032 6192 1.5 45 31 25 31 88% 267401 27194 70%
c B 157.19  0 32 53 252  1 861080 23977 1.5 45 31 25 31 88% 267401 27194 70%
c - 157.28  0 32 54 252  1 861518 5963 1.5 45 31 25 31 88% 267401 27194 70%
c p 157.29  0 32 54 252  1 861518 6354 1.5 45 31 25 31 88% 267401 27194 70%
c w 157.39  0 32 54 252  1 861518 6315 1.5 45 31 25 31 88% 267401 27194 70%
c - 162.55  0 32 55 253  1 894636 5954 1.5 44 30 25 31 88% 267401 27194 70%
c p 162.57  0 32 55 253  1 894636 6274 1.5 44 30 25 31 88% 267401 27194 70%
c w 162.67  0 32 55 253  1 894636 6195 1.5 44 30 25 31 88% 267401 27194 70%
c W 165.98  0 31 55 253  1 903081 10304 1.4 43 30 25 31 88% 267401 27194 70%
c
c  seconds   reductions  conflicts        size    tier2         variables
c          MB     restarts     redundant     glue     trail          remaining
c           level      rate         size/glue  tier1    irredundant
c
c - 169.93  0 31 56 253  1 928382 5840 1.4 42 30 25 31 88% 267401 27194 70%
c p 169.95  0 31 56 253  1 928382 6235 1.4 42 30 25 31 88% 267401 27194 70%
c w 170.03  0 31 56 253  1 928382 6145 1.4 42 30 25 31 88% 267401 27194 70%
c # 172.95  0 31 56 254  1 946083 15350 1.4 42 29 25 31 88% 267401 27194 70%
c - 175.82  0 31 57 254  1 962759 6046 1.4 43 30 25 31 88% 267401 27194 70%
c p 175.83  0 31 57 254  1 962759 6360 1.4 43 30 25 31 88% 267401 27194 70%
c w 176.35  0 31 57 254  1 962759 6243 1.4 43 30 25 31 88% 267401 27194 70%
c B 180.81  0 32 57 254  1 990085 22948 1.5 45 30 25 31 88% 267401 27194 70%
c - 182.17  0 32 58 254  1 997767 6750 1.5 45 30 25 31 88% 267401 27194 70%
c p 182.18  0 32 58 254  1 997767 6984 1.5 45 30 25 31 88% 267401 27194 70%
c w 182.28  0 32 58 254  1 997767 6879 1.5 45 30 25 31 88% 267401 27194 70%
c - 188.56  0 31 59 254  1 1033408 6565 1.5 44 30 25 31 88% 267401 27194 70%
c p 188.58  0 31 59 254  1 1033408 7103 1.5 44 30 25 31 88% 267401 27194 70%
c w 188.72  0 31 59 254  1 1033408 7011 1.5 44 30 25 31 88% 267401 27194 70%
c W 190.42  0 31 59 254  1 1035087 7931 1.5 44 30 25 31 88% 267401 27194 70%
c - 195.78  0 32 60 258  1 1069678 6460 1.5 45 30 25 31 88% 267401 27194 70%
c p 195.80  0 32 60 258  1 1069678 6840 1.5 45 30 25 31 88% 267401 27194 70%
c w 195.90  0 32 60 258  1 1069678 6803 1.5 45 30 25 31 88% 267401 27194 70%
c O 197.51  0 32 60 264  1 1081088 13273 1.5 45 31 25 31 88% 267401 27194 70%
c - 201.60  0 32 61 276  1 1106579 6732 1.4 44 30 25 31 88% 267401 27194 70%
c
c  seconds   reductions   conflicts        size    tier2         variables
c          MB     restarts      redundant     glue     trail          remaining
c           level      rate          size/glue  tier1    irredundant
c
c p 201.61  0 32 61 276  1 1106579 7142 1.4 44 30 25 31 88% 267401 27194 70%
c w 201.72  0 32 61 276  1 1106579 7109 1.4 44 30 25 31 88% 267401 27194 70%
c B 205.31  0 32 61 284  1 1128089 18657 1.4 43 30 25 31 88% 267401 27194 70%
c - 207.99  0 32 62 285  1 1144110 6985 1.4 44 30 25 31 88% 267401 27194 70%
c p 208.02  0 32 62 285  1 1144110 7379 1.4 44 30 25 31 88% 267401 27194 70%
c w 208.13  0 32 62 285  1 1144110 7332 1.4 44 30 25 31 88% 267401 27194 70%
c W 215.84  0 32 62 300  1 1176091 24465 1.5 44 30 25 31 88% 267401 27194 70%
c - 217.02  0 32 63 301  1 1182272 6782 1.4 44 30 25 31 88% 267401 27194 70%
c p 217.04  0 32 63 301  1 1182272 7109 1.4 44 30 25 31 88% 267401 27194 70%
c w 217.17  0 32 63 301  1 1182272 7036 1.4 44 30 25 31 88% 267401 27194 70%
c - 223.51  0 31 64 316  1 1221068 6576 1.4 42 30 25 31 88% 267401 27194 70%
c p 223.53  0 31 64 316  1 1221068 6957 1.4 42 30 25 31 88% 267401 27194 70%
c w 223.65  0 31 64 316  1 1221068 6860 1.4 42 30 25 31 88% 267401 27194 70%
c I 224.36  0 31 64 316  1 1225094 8789 1.4 42 30 25 31 88% 267401 27194 70%
c - 230.51  0 30 65 317  1 1260493 6753 1.4 42 29 25 31 88% 267401 27194 70%
c p 230.53  0 30 65 317  1 1260493 7292 1.4 42 29 25 31 88% 267401 27194 70%
c w 230.64  0 30 65 317  1 1260493 7243 1.4 42 29 25 31 88% 267401 27194 70%
c s 230.70  0 30 65 317  1 1260493 6867 1.4 42 29 25 31 88% 267390 27194 70%
c s 230.74  0 30 65 317  1 1260493 6813 1.4 42 29 25 31 88% 267390 27194 70%
c B 233.25  0 30 65 324  1 1275099 14821 1.5 42 29 25 31 88% 267390 27194 70%
c
c  seconds   reductions   conflicts        size    tier2         variables
c          MB     restarts      redundant     glue     trail          remaining
c           level      rate          size/glue  tier1    irredundant
c
c - 237.49  0 30 66 335  1 1300552 6922 1.5 42 29 25 31 88% 267390 27194 70%
c p 237.51  0 30 66 335  1 1300552 7446 1.5 42 29 25 31 88% 267390 27194 70%
c w 237.64  0 30 66 335  1 1300552 7326 1.5 42 29 25 31 88% 267390 27194 70%
c W 243.67  0 31 66 347  1 1326101 20916 1.5 42 29 25 31 88% 267390 27194 70%
c - 246.33  0 30 67 348  1 1341240 6949 1.4 42 29 25 31 88% 267390 27194 70%
c p 246.35  0 30 67 348  1 1341240 7438 1.4 42 29 25 31 88% 267390 27194 70%
c u 246.40  0 30 67 348  1 1341240 7437 1.4 42 29 25 31 88% 267390 27194 70%
c w 246.49  0 30 67 348  1 1341240 7247 1.4 42 29 25 31 88% 267390 27194 70%
c F 252.42  0 30 67 363  1 1378103 27232 1.4 41 28 25 31 88% 267390 27194 70%
c - 253.14  0 30 68 365  1 1382559 7300 1.4 41 28 25 31 88% 267390 27194 70%
c p 253.16  0 30 68 365  1 1382559 7783 1.4 41 28 25 31 88% 267390 27194 70%
c w 253.86  0 30 68 365  1 1382559 7567 1.4 41 28 25 31 88% 267390 27194 70%
c - 260.33  0 31 69 379  1 1424510 7262 1.4 41 29 25 31 88% 267390 27194 70%
c p 260.36  0 31 69 379  1 1424510 7644 1.4 41 29 25 31 88% 267390 27194 70%
c w 260.46  0 31 69 379  1 1424510 7580 1.4 41 29 25 31 88% 267390 27194 70%
c B 261.49  0 31 69 379  1 1431105 11316 1.4 42 29 25 31 88% 267390 27194 70%
c - 267.50  0 31 70 381  1 1467093 7582 1.4 42 29 25 31 88% 267390 27194 70%
c p 267.54  0 31 70 381  1 1467093 7869 1.4 42 29 25 31 88% 267390 27194 70%
c w 267.69  0 31 70 381  1 1467093 7729 1.4 42 29 25 31 88% 267390 27194 70%
c W 273.42  0 31 70 381  1 1485106 17795 1.4 42 30 25 31 88% 267390 27194 70%
c
c  seconds   reductions   conflicts         size    tier2         variables
c          MB     restarts       redundant     glue     trail          remaining
c           level      rate           size/glue  tier1    irredundant
c
c ] 277.59  0 31 70 381  1 1508466 29590 1.4 42 29 25 31 88% 267390 27194 70%
c ? 277.59  0 31 70 381  1 1508466 29590 1.4 42 29 25 31 88% 267390 27194 70%
c
c --- [ result ] -------------------------------------------------------------
c
c writing result to 'search-results/cadical-complete-cover-20260902/anchor-001-p0-s0.result'
c
c --- [ run-time profiling ] -------------------------------------------------
c
c process time taken by individual solving procedures
c (percentage relative to process time for solving)
c
c       268.29   96.66% search
c       247.49   89.17% stable
c        20.75    7.48% walk
c         9.26    3.34% simplify
c         3.35    1.21% vivify
c         2.07    0.75% sweep
c         1.02    0.37% backbone
c         0.68    0.25% elim
c         0.31    0.11% probe
c         0.31    0.11% subsume
c         0.25    0.09% congruence
c         0.24    0.09% ternary
c         0.05    0.02% lucky
c         0.04    0.01% parse
c   =================================
c       277.55   99.99% solve
c
c last line shows process time for solving
c (percentage relative to total process time)
c
c --- [ statistics ] ---------------------------------------------------------
c
c chronological:            181809        12.05 %  of conflicts
c conflicts:               1508466      5434.88    per second
c backbone:               77608646    199292.91 %  of vars
c decisions:               1648994      5941.19    per second
c eliminated:                 2892         7.43 %  of all variables
c fixed:                      8856        22.74 %  of all variables
c learned:                 1485626        98.49 %  per conflict
c learned_lits:          761797853       100.00 %  learned literals
c minimized:                     0         0.00 %  learned literals
c shrunken:              692802026        90.94 %  learned literals
c minishrunken:            4785093         0.63 %  learned literals
c otfs:                        662         0.04 %  of conflict
c propagations:          813913545         2.93 M  per second
c reduced:                  784016        51.97 %  per conflict
c rephased:                     54     27934.56    interval
c restarts:                    381      3959.23    interval
c subsumed:                 669857        37.03 %  of all clauses
c strengthened:              34471         1.91 %  of all clauses
c ticks:               10998510751        18.18    propagation
c vivified:                   4188         0.23 %  of all clauses
c walked:                       18     83803.67    interval
c weakened:                  14743         7.46    average size
c congruence:                   11    137133.27    interval
c
c seconds are measured in process time for solving
c
c --- [ glue usage ] ---------------------------------------------------------
c
c focused glue 2 used 0 clauses 0.000% accumulated 0.000% tier1
c focused glue 3 used 0 clauses 0.000% accumulated 0.000%
c focused glue 4 used 0 clauses 0.000% accumulated 0.000%
c focused glue 5 used 0 clauses 0.000% accumulated 0.000%
c focused glue 6 used 0 clauses 0.000% accumulated 0.000% tier2
c
c stable glue 25 used 264641 clauses 5.469% accumulated 54.45% tier1
c stable glue 26 used 277553 clauses 5.735% accumulated 60.18%
c stable glue 27-29 used 817675 clauses 16.89% accumulated 77.08%
c stable glue 30 used 256732 clauses 5.305% accumulated 82.39%
c stable glue 31 used 237061 clauses 4.899% accumulated 87.28% tier2
c
c
c --- [ resources ] ----------------------------------------------------------
c
c total process time since initialization:       277.59    seconds
c total real time since initialization:          300.00    seconds
c maximum resident set size of process:          205.44    MB
c
c --- [ shutting down ] ------------------------------------------------------
c
c exit 0
