c --- [ banner ] -------------------------------------------------------------
c
c CaDiCaL SAT Solver
c Copyright (c) 2016-2026
c A. Biere, M. Fleury, N. Froleyks, K. Fazekas, F. Pollitt, T. Faller
c JKU Linz, University of Freiburg, TU Wien
c
c Version 3.0.1 c60730422e758ef1cebe7aeddf2dda31c996bf04
c Apple clang version 21.0.0 (clang-2100.1.1.101) -Wall -Wextra -O3 -DNDEBUG -DNCLOSEFROM
c Tue Sep 1 21:08:57 PDT 2026 Darwin retained-runner 25.6.0 arm64
c
c --- [ limit ] --------------------------------------------------------------
c
c setting time limit to 300 seconds real time (due to '-t 300')
c
c --- [ parsing input ] ------------------------------------------------------
c
c reading DIMACS file from 'search-results/cadical-complete-cover-20260902/cnf/anchor-001-p1-s1.cnf'
c opening file to read 'search-results/cadical-complete-cover-20260902/cnf/anchor-001-p1-s1.cnf'
c found 'p cnf 38942 364405' header
c parsed 364405 clauses in 0.04 seconds process time
c
c --- [ options ] ------------------------------------------------------------
c
c   --elimeffort=10                (different from default '1e3')
c   --stabilizeonly=true           (different from default 'false')
c   --subsumeeffort=60             (different from default '1e3')
c
c --- [ solving ] ------------------------------------------------------------
c
c time measured in process time since initialization
c
c  seconds  reduction conflicts       size tier2        variables
c         MB    restarts   redundant    glue  trail          remaining
c          level     rate       size/glu tier1  irredundant
c
c *  0.04  0  0 0   0  0    0    0 0.0 0 0 2 6  0% 289656 29946 77%
c )  0.07  0  0 0   0  0    0    0 0.0 0 0 2 6  0% 289656 29946 77%
c [  0.10  0  0 0   0  0    0    0 0.0 0 0 2 6  0% 289656 29946 77%
c -  0.15  0 40 1   0  1  302   52 1.1 40 35 2 6 97% 274587 29946 77%
c -  0.23  0 39 2   0  2  926  303 1.2 33 28 2 6 96% 274587 29946 77%
c I  0.24  0 39 2   0  2 1002  367 1.2 32 28 2 6 96% 274587 29946 77%
c -  0.40  0 39 3   1  2 2022  421 1.2 38 33 2 6 95% 274587 29946 77%
c B  0.65  0 38 3   2  1 3004  800 1.2 40 34 2 6 92% 274587 29946 77%
c -  0.76  0 38 4   2  1 3639  517 1.2 40 34 2 6 97% 274587 29946 77%
c -  1.10  0 37 5   4  1 5809  764 1.3 42 33 34 37 97% 274587 29946 77%
c W  1.19  0 37 5   4  1 6005  895 1.3 43 33 34 37 96% 274587 29946 77%
c s  1.26  0 37 5   5  1 6548  973 1.3 43 33 33 36 96% 274587 29946 77%
c e  1.48  0 37 5   5  1 6548  544 1.3 43 33 33 36 96% 268968 27407 70%
c s  1.50  0 37 5   5  1 6548  530 1.3 43 33 33 36 96% 268886 27407 70%
c e  1.57  0 37 5   5  1 6548  527 1.3 43 33 33 36 96% 268654 27357 70%
c 2  1.72  0 37 5   5  1 8087 1338 1.3 43 33 33 36 94% 268654 27357 70%
c -  1.82  0 37 6   6  1 8549  637 1.3 43 33 33 36 93% 268654 27357 70%
c F  2.03  0 37 6   6  1 10009 1700 1.4 45 33 33 36 92% 268654 27357 70%
c -  2.43  0 37 7   6  1 11851 1034 1.4 48 33 33 36 92% 268654 27357 70%
c B  2.97  0 36 7   9  1 15010 3108 1.5 49 33 33 36 91% 268654 27357 70%
c
c  seconds  reductions conflicts       size    tier2         variables
c         MB    restarts    redundant     glue     trail          remaining
c          level     rate        size/glue  tier1    irredundant
c
c -  3.10  0 36 8   9  1 15739 1187 1.5 50 33 33 36 91% 268654 27357 70%
c s  3.78  0 36 8  12  1 19732 3142 1.5 48 33 33 36 90% 268586 27357 70%
c e  3.83  0 36 8  12  1 19732 3142 1.5 48 33 33 36 90% 268517 27331 70%
c s  3.86  0 36 8  12  1 19732 3131 1.5 48 33 33 36 90% 268448 27331 70%
c e  3.89  0 36 8  12  1 19732 3131 1.5 48 33 33 36 90% 268432 27326 70%
c -  4.01  0 36 9  12  1 20220 1117 1.5 48 33 33 36 90% 268432 27326 70%
c 2  4.02  0 36 9  12  1 20220 1116 1.5 48 33 33 36 90% 268432 27326 70%
c u  4.08  0 36 9  12  1 20220 1115 1.5 48 33 33 36 90% 268432 27326 70%
c v  4.08  0 36 9  12  1 20220 1113 1.5 48 33 33 36 90% 268432 27326 70%
c w  4.09  0 36 9  12  1 20220 1110 1.5 48 33 33 36 90% 268432 27326 70%
c W  4.46  0 35 9  13  1 21011 1598 1.5 48 33 33 36 90% 268432 27326 70%
c -  5.24  0 35 10  14  1 25300 1247 1.5 48 33 31 35 90% 268432 27326 70%
c #  5.76  0 35 10  14  1 28012 2785 1.5 48 33 31 35 90% 268432 27326 70%
c -  6.35  0 35 11  14  1 30981 1427 1.5 48 33 31 35 90% 268432 27326 70%
c B  7.24  0 35 11  17  1 36013 4231 1.5 48 33 31 35 89% 268432 27326 70%
c -  7.47  0 35 12  17  1 37269 1482 1.5 48 33 31 35 89% 268432 27326 70%
c s  7.93  0 35 12  19  1 39510 2847 1.5 49 33 31 35 89% 268373 27326 70%
c e  7.96  0 35 12  19  1 39510 2847 1.5 49 33 31 35 89% 268366 27323 70%
c s  7.98  0 35 12  19  1 39510 2846 1.5 49 33 31 35 89% 268350 27323 70%
c e  8.00  0 35 12  19  1 39510 2846 1.5 49 33 31 35 89% 268347 27322 70%
c
c  seconds  reductions  conflicts       size    tier2         variables
c         MB     restarts    redundant     glue     trail          remaining
c          level      rate        size/glue  tier1    irredundant
c
c -  8.91  0 35 13  21  1 44164 1601 1.5 48 33 31 35 89% 268347 27322 70%
c u  9.03  0 35 13  21  1 44164 1592 1.5 48 33 31 35 89% 268347 27322 70%
c w  9.05  0 35 13  21  1 44164 1590 1.5 48 33 31 35 89% 268347 27322 70%
c W  9.48  0 35 13  21  1 45016 2156 1.5 48 33 31 35 89% 268347 27322 70%
c - 10.54  0 35 14  26  1 51668 1721 1.5 48 33 31 35 89% 268347 27322 70%
c O 11.09  0 35 14  28  1 55020 3618 1.5 48 33 31 35 89% 268347 27322 70%
c - 11.94  0 34 15  29  1 59788 1754 1.5 48 32 31 35 89% 268347 27322 70%
c s 12.95  0 34 15  29  1 65879 4861 1.5 47 32 31 35 89% 268337 27322 70%
c e 12.99  0 34 15  29  1 65879 4860 1.5 47 32 31 35 89% 268332 27320 70%
c s 13.00  0 34 15  29  1 65879 4855 1.5 47 32 31 35 89% 268326 27320 70%
c e 13.02  0 34 15  29  1 65879 4855 1.5 47 32 31 35 89% 268321 27318 70%
c B 13.05  0 34 15  29  1 66021 4923 1.5 47 32 31 35 89% 268321 27318 70%
c - 13.55  0 34 16  30  1 68520 1910 1.5 47 32 31 35 89% 268321 27318 70%
c p 13.55  0 34 16  30  1 68520 1924 1.5 47 32 31 35 89% 268321 27318 70%
c u 13.58  0 34 16  30  1 68520 1923 1.5 47 32 31 35 89% 268321 27318 70%
c w 13.60  0 34 16  30  1 68520 1915 1.5 47 32 31 35 89% 268321 27318 70%
c - 15.18  0 34 17  30  1 77871 2165 1.5 48 33 30 34 89% 268321 27318 70%
c p 15.19  0 34 17  30  1 77871 2189 1.5 48 33 30 34 89% 268321 27318 70%
c W 15.76  0 34 17  30  1 78024 2278 1.5 48 33 30 34 89% 268321 27318 70%
c - 17.25  0 35 18  34  1 87837 2232 1.5 48 33 30 34 89% 268321 27318 70%
c
c  seconds  reductions  conflicts       size    tier2         variables
c         MB     restarts    redundant     glue     trail          remaining
c          level      rate        size/glue  tier1    irredundant
c
c p 17.26  0 35 18  34  1 87837 2275 1.5 48 33 30 34 89% 268321 27318 70%
c u 17.40  0 35 18  34  1 87837 2275 1.5 48 33 30 34 89% 268321 27318 70%
c w 17.42  0 35 18  34  1 87837 2271 1.5 48 33 30 34 89% 268321 27318 70%
c I 17.95  0 35 18  36  1 91026 4055 1.5 48 33 30 34 89% 268321 27318 70%
c - 19.23  0 34 19  40  1 98421 2197 1.5 47 32 30 34 89% 268321 27318 70%
c p 19.23  0 34 19  40  1 98421 2248 1.5 47 32 30 34 89% 268321 27318 70%
c s 19.34  0 34 19  40  1 98842 2291 1.5 47 32 30 34 89% 268318 27318 70%
c e 19.36  0 34 19  40  1 98842 2291 1.5 47 32 30 34 89% 268316 27317 70%
c s 19.37  0 34 19  40  1 98842 2238 1.5 47 32 30 34 89% 268311 27317 70%
c e 19.39  0 34 19  40  1 98842 2238 1.5 47 32 30 34 89% 268309 27316 70%
c B 20.43  0 33 19  44  1 105027 5385 1.5 46 31 30 34 89% 268309 27316 70%
c - 21.21  0 33 20  45  1 109626 2287 1.5 46 32 30 34 89% 268309 27316 70%
c p 21.22  0 33 20  45  1 109626 2345 1.5 46 32 30 34 89% 268309 27316 70%
c u 21.25  0 33 20  45  1 109626 2345 1.5 46 32 30 34 89% 268309 27316 70%
c w 21.27  0 33 20  45  1 109626 2323 1.5 46 32 30 34 89% 268309 27316 70%
c W 23.59  0 33 20  48  1 120029 8149 1.5 46 32 30 34 89% 268309 27316 70%
c - 23.83  0 34 21  49  1 121450 2471 1.5 46 32 30 34 89% 268309 27316 70%
c p 23.84  0 34 21  49  1 121450 2519 1.5 46 32 30 34 89% 268309 27316 70%
c - 25.88  0 34 22  56  1 133896 2588 1.5 47 32 30 34 89% 268309 27316 70%
c p 25.88  0 34 22  56  1 133896 2651 1.5 47 32 30 34 89% 268309 27316 70%
c
c  seconds  reductions  conflicts        size    tier2         variables
c         MB     restarts     redundant     glue     trail          remaining
c          level      rate         size/glue  tier1    irredundant
c
c w 25.94  0 34 22  56  1 133896 2646 1.5 47 32 30 34 89% 268309 27316 70%
c F 26.37  0 34 22  58  1 136031 4000 1.5 47 32 30 34 89% 268309 27316 70%
c s 26.81  0 34 22  59  1 138396 5098 1.5 47 32 29 34 89% 268306 27316 70%
c e 26.83  0 34 22  59  1 138396 5098 1.5 47 32 29 34 89% 268304 27315 70%
c s 26.84  0 34 22  59  1 138396 5092 1.5 47 32 29 34 89% 268301 27315 70%
c e 26.85  0 34 22  59  1 138396 5092 1.5 47 32 29 34 89% 268299 27314 70%
c - 28.37  0 34 23  60  1 146963 2592 1.5 46 32 29 34 89% 268299 27314 70%
c p 28.38  0 34 23  60  1 146963 2664 1.5 46 32 29 34 89% 268299 27314 70%
c B 29.41  0 34 23  61  1 153034 6040 1.5 46 32 29 34 89% 268299 27314 70%
c - 30.70  0 33 24  61  1 160653 2651 1.5 46 32 29 34 89% 268299 27314 70%
c p 30.70  0 33 24  61  1 160653 2723 1.5 46 32 29 34 89% 268299 27314 70%
c w 30.91  0 33 24  61  1 160653 2707 1.5 46 32 29 34 89% 268299 27314 70%
c W 33.30  0 33 24  62  1 171035 8193 1.5 46 32 29 34 89% 268299 27314 70%
c - 33.84  0 33 25  62  1 174969 2808 1.5 46 32 29 34 89% 268299 27314 70%
c p 33.85  0 33 25  62  1 174969 2907 1.5 46 32 29 34 89% 268299 27314 70%
c s 35.37  0 33 25  62  1 184545 8373 1.5 46 32 29 34 89% 268294 27314 70%
c e 35.40  0 33 25  62  1 184545 8373 1.5 46 32 29 34 89% 268292 27313 70%
c s 35.41  0 33 25  62  1 184545 8369 1.5 46 32 29 34 89% 268289 27313 70%
c e 35.42  0 33 25  62  1 184545 8369 1.5 46 32 29 34 89% 268287 27312 70%
c - 36.40  0 33 26  62  1 189908 3015 1.5 46 32 29 34 89% 268287 27312 70%
c
c  seconds  reductions  conflicts        size    tier2         variables
c         MB     restarts     redundant     glue     trail          remaining
c          level      rate         size/glue  tier1    irredundant
c
c p 36.41  0 33 26  62  1 189908 3160 1.5 46 32 29 34 89% 268287 27312 70%
c w 36.49  0 33 26  62  1 189908 3136 1.5 46 32 29 34 89% 268287 27312 70%
c # 36.51  0 33 26  62  1 190036 3224 1.5 46 32 29 34 89% 268287 27312 70%
c - 39.03  0 33 27  67  1 205472 2934 1.4 45 32 28 33 89% 268287 27312 70%
c p 39.04  0 33 27  67  1 205472 3139 1.4 45 32 28 33 89% 268287 27312 70%
c B 39.78  0 33 27  69  1 210037 5984 1.5 46 32 28 33 89% 268287 27312 70%
c - 41.74  0 33 28  76  1 221663 3485 1.5 47 32 28 33 89% 268287 27312 70%
c p 41.75  0 33 28  76  1 221663 3651 1.5 47 32 28 33 89% 268287 27312 70%
c w 41.82  0 33 28  76  1 221663 3618 1.5 47 32 28 33 89% 268287 27312 70%
c W 44.17  0 33 28  77  1 231040 9426 1.5 47 32 28 33 89% 268287 27312 70%
c s 45.21  0 33 28  81  1 237286 12988 1.5 47 32 28 33 89% 268284 27312 70%
c e 45.24  0 33 28  81  1 237286 12988 1.5 47 32 28 33 89% 268282 27311 70%
c s 45.25  0 33 28  81  1 237286 12982 1.5 47 32 28 33 89% 268281 27311 70%
c - 45.50  0 33 29  82  1 238478 3618 1.5 47 32 28 33 89% 268281 27311 70%
c p 45.52  0 33 29  82  1 238478 3779 1.5 47 32 28 33 89% 268281 27311 70%
c O 47.86  0 34 29  90  1 253042 11362 1.5 47 32 28 33 89% 268281 27311 70%
c - 48.33  0 33 30  91  1 255921 3405 1.5 46 32 28 33 89% 268281 27311 70%
c p 48.33  0 33 30  91  1 255921 3572 1.5 46 32 28 33 89% 268281 27311 70%
c w 48.42  0 33 30  91  1 255921 3545 1.5 46 32 28 33 89% 268281 27311 70%
c - 51.44  0 33 31  93  1 273989 3548 1.4 45 31 28 33 89% 268281 27311 70%
c
c  seconds  reductions  conflicts        size    tier2         variables
c         MB     restarts     redundant     glue     trail          remaining
c          level      rate         size/glue  tier1    irredundant
c
c p 51.45  0 33 31  93  1 273989 3751 1.4 45 31 28 33 89% 268281 27311 70%
c w 51.74  0 33 31  93  1 273989 3733 1.4 45 31 28 33 89% 268281 27311 70%
c B 52.09  0 33 31  93  1 276046 5022 1.4 45 31 28 33 89% 268281 27311 70%
c - 54.94  0 33 32 100  1 292682 3818 1.5 46 32 28 33 89% 268281 27311 70%
c p 54.95  0 33 32 100  1 292682 3963 1.5 46 32 28 33 89% 268281 27311 70%
c w 55.02  0 33 32 100  1 292682 3944 1.5 46 32 28 33 89% 268281 27311 70%
c s 55.66  0 33 32 102  1 296618 6467 1.5 46 32 28 33 89% 268281 27311 70%
c e 55.69  0 33 32 102  1 296618 6467 1.5 46 32 28 33 89% 268279 27310 70%
c s 55.70  0 33 32 102  1 296618 6464 1.5 46 32 28 33 89% 268278 27310 70%
c W 57.33  0 33 32 104  1 300048 8407 1.5 46 32 28 33 89% 268278 27310 70%
c - 59.24  0 33 33 108  1 312003 3746 1.5 46 32 28 33 89% 268278 27310 70%
c p 59.25  0 33 33 108  1 312003 3952 1.5 46 32 28 33 89% 268278 27310 70%
c w 59.31  0 33 33 108  1 312003 3939 1.5 46 32 28 33 89% 268278 27310 70%
c I 61.55  0 33 33 115  1 325049 11635 1.5 46 32 28 33 89% 268278 27310 70%
c - 62.92  0 33 34 118  1 331951 3979 1.5 46 31 28 33 89% 268278 27310 70%
c p 62.93  0 33 34 118  1 331951 4182 1.5 46 31 28 33 89% 268278 27310 70%
c w 62.99  0 33 34 118  1 331951 4168 1.5 46 31 28 33 89% 268278 27310 70%
c B 66.73  0 32 34 124  1 351050 15276 1.5 45 31 28 33 89% 268278 27310 70%
c - 67.09  0 32 35 124  1 352526 4096 1.5 45 31 28 33 89% 268278 27310 70%
c p 67.11  0 32 35 124  1 352526 4345 1.5 45 31 28 33 89% 268278 27310 70%
c
c  seconds  reductions  conflicts        size    tier2         variables
c         MB     restarts     redundant     glue     trail          remaining
c          level      rate         size/glue  tier1    irredundant
c
c w 67.17  0 32 35 124  1 352526 4335 1.5 45 31 28 33 89% 268278 27310 70%
c s 69.10  0 32 35 124  1 362543 9043 1.5 45 30 28 33 89% 268276 27310 70%
c e 69.12  0 32 35 124  1 362543 9043 1.5 45 30 28 33 89% 268274 27309 70%
c s 69.13  0 32 35 124  1 362543 9031 1.5 45 30 28 33 89% 268273 27309 70%
c - 71.29  0 32 36 125  1 373731 3780 1.5 44 30 28 33 89% 268273 27309 70%
c p 71.30  0 32 36 125  1 373731 3974 1.5 44 30 28 33 89% 268273 27309 70%
c w 71.38  0 32 36 125  1 373731 3950 1.5 44 30 28 33 89% 268273 27309 70%
c W 73.38  0 31 36 125  1 378051 6280 1.5 44 30 28 33 89% 268273 27309 70%
c - 76.37  0 32 37 125  1 395564 4092 1.5 45 30 28 33 89% 268273 27309 70%
c p 76.38  0 32 37 125  1 395564 4477 1.5 45 30 28 33 89% 268273 27309 70%
c w 76.45  0 32 37 125  1 395564 4463 1.5 45 30 28 33 89% 268273 27309 70%
c F 78.33  0 32 37 126  1 406053 11206 1.5 46 30 27 33 89% 268273 27309 70%
c - 80.42  0 32 38 126  1 418025 4601 1.5 47 31 27 33 89% 268273 27309 70%
c p 80.43  0 32 38 126  1 418025 4869 1.5 47 31 27 33 89% 268273 27309 70%
c w 80.51  0 32 38 126  1 418025 4861 1.5 47 31 27 33 89% 268273 27309 70%
c B 83.23  0 32 38 126  1 435054 13381 1.5 47 31 27 33 89% 268273 27309 70%
c s 83.25  0 32 38 126  1 435061 13354 1.5 47 31 27 33 89% 268273 27309 70%
c s 83.29  0 32 38 126  1 435061 13347 1.5 47 31 27 33 89% 268273 27309 70%
c e 83.30  0 32 38 126  1 435061 13347 1.5 47 31 27 33 89% 268271 27308 70%
c - 84.42  0 32 39 126  1 441118 4104 1.5 47 31 27 33 89% 268271 27308 70%
c
c  seconds  reductions  conflicts        size    tier2         variables
c         MB     restarts     redundant     glue     trail          remaining
c          level      rate         size/glue  tier1    irredundant
c
c p 84.44  0 32 39 126  1 441118 4381 1.5 47 31 27 33 89% 268271 27308 70%
c w 84.80  0 32 39 126  1 441118 4373 1.5 47 31 27 33 89% 268271 27308 70%
c - 89.10  0 32 40 126  1 464838 4399 1.5 46 30 27 32 89% 268271 27308 70%
c p 89.11  0 32 40 126  1 464838 4699 1.5 46 30 27 32 89% 268271 27308 70%
c w 89.17  0 32 40 126  1 464838 4652 1.5 46 30 27 32 89% 268271 27308 70%
c W 90.65  0 32 40 126  1 465055 4737 1.5 46 30 27 32 89% 268271 27308 70%
c - 95.47  0 31 41 140  1 489187 4355 1.5 45 30 27 32 89% 268271 27308 70%
c p 95.49  0 31 41 140  1 489187 4744 1.5 45 30 27 32 89% 268271 27308 70%
c w 95.56  0 31 41 140  1 489187 4733 1.5 45 30 27 32 89% 268271 27308 70%
c # 96.77  0 31 41 141  1 496057 8297 1.5 45 30 27 32 89% 268267 27308 70%
c - 99.65  0 32 42 151  1 514166 4337 1.5 46 30 27 32 89% 268267 27308 70%
c p 99.66  0 32 42 151  1 514166 4526 1.5 46 30 27 32 89% 268267 27308 70%
c w 99.74  0 32 42 151  1 514166 4507 1.5 46 30 27 32 89% 268267 27308 70%
c s 99.78  0 32 42 151  1 514175 4160 1.5 46 30 27 32 89% 268267 27308 70%
c s 99.81  0 32 42 151  1 514175 4145 1.5 46 30 27 32 89% 268267 27308 70%
c B 101.93  0 32 42 156  1 528061 12272 1.5 46 30 27 32 89% 268267 27308 70%
c - 104.12  0 32 43 157  1 539774 4714 1.5 47 31 27 32 89% 268267 27308 70%
c p 104.13  0 32 43 157  1 539774 4921 1.5 47 31 27 32 89% 268267 27308 70%
c w 104.20  0 32 43 157  1 539774 4896 1.5 47 31 27 32 89% 268267 27308 70%
c W 109.61  0 32 43 164  1 561064 17043 1.5 46 30 27 32 89% 268267 27308 70%
c
c  seconds   reductions  conflicts        size    tier2         variables
c          MB     restarts     redundant     glue     trail          remaining
c           level      rate         size/glue  tier1    irredundant
c
c - 110.61  0 32 44 168  1 566013 4814 1.5 46 30 27 32 89% 268267 27308 70%
c p 110.62  0 32 44 168  1 566013 5116 1.5 46 30 27 32 89% 268267 27308 70%
c w 110.71  0 32 44 168  1 566013 5084 1.5 46 30 27 32 89% 268267 27308 70%
c - 116.11  0 31 45 179  1 592883 4449 1.5 44 29 27 32 89% 268267 27308 70%
c p 116.13  0 31 45 179  1 592883 4822 1.5 44 29 27 32 89% 268267 27308 70%
c w 116.22  0 31 45 179  1 592883 4793 1.5 44 29 27 32 89% 268267 27308 70%
c O 116.63  0 31 45 180  1 595066 6052 1.5 44 29 26 32 89% 268267 27308 70%
c - 120.79  0 31 46 188  1 620384 5342 1.5 44 29 26 32 89% 268267 27308 70%
c p 120.81  0 31 46 188  1 620384 5684 1.5 44 29 26 32 89% 268267 27308 70%
c w 120.89  0 31 46 188  1 620384 5655 1.5 44 29 26 32 89% 268267 27308 70%
c B 122.50  0 31 46 188  1 630070 10972 1.5 44 29 26 32 89% 268267 27308 70%
c - 125.84  0 30 47 189  1 648515 5201 1.5 44 29 26 32 89% 268267 27308 70%
c p 125.86  0 30 47 189  1 648515 5501 1.5 44 29 26 32 89% 268267 27308 70%
c w 125.95  0 30 47 189  1 648515 5449 1.5 44 29 26 32 89% 268267 27308 70%
c W 131.08  0 31 47 190  1 666073 17036 1.6 46 29 26 32 89% 268267 27308 70%
c - 133.45  0 31 48 196  1 677274 5765 1.6 46 29 26 32 89% 268267 27308 70%
c p 133.47  0 31 48 196  1 677274 6133 1.6 46 29 26 32 89% 268267 27308 70%
c w 133.90  0 31 48 196  1 677274 6097 1.6 46 29 26 32 89% 268267 27308 70%
c s 133.95  0 31 48 196  1 677274 5852 1.6 46 29 26 32 89% 268266 27308 70%
c s 133.98  0 31 48 196  1 677274 5825 1.6 46 29 26 32 89% 268266 27308 70%
c
c  seconds   reductions  conflicts         size    tier2         variables
c          MB     restarts      redundant     glue     trail          remaining
c           level      rate          size/glue  tier1    irredundant
c
c I 138.94  0 31 48 208  1 703074 18886 1.5 45 29 26 32 89% 268266 27308 70%
c - 139.67  0 31 49 210  1 706666 5082 1.5 45 29 26 32 89% 268266 27308 70%
c p 139.69  0 31 49 210  1 706666 5358 1.5 45 29 26 32 89% 268266 27308 70%
c w 139.79  0 31 49 210  1 706666 5299 1.5 45 29 26 32 89% 268266 27308 70%
c - 145.08  0 30 50 220  1 736690 4938 1.5 43 29 25 32 89% 268266 27308 70%
c p 145.10  0 30 50 220  1 736690 5107 1.5 43 29 25 32 89% 268266 27308 70%
c w 145.21  0 30 50 220  1 736690 5065 1.5 43 29 25 32 89% 268266 27308 70%
c B 146.01  0 30 50 220  1 741077 7433 1.5 43 29 25 32 89% 268266 27308 70%
c - 150.50  0 30 51 233  1 767344 5337 1.5 42 28 25 32 89% 268266 27308 70%
c p 150.51  0 30 51 233  1 767344 5873 1.5 42 28 25 32 89% 268266 27308 70%
c w 150.60  0 30 51 233  1 767344 5833 1.5 42 28 25 32 89% 268266 27308 70%
c W 154.11  0 30 51 235  1 780080 12621 1.5 42 29 25 32 89% 268266 27308 70%
c - 157.46  0 31 52 246  1 798629 5593 1.5 43 29 25 32 89% 268266 27308 70%
c p 157.47  0 31 52 246  1 798629 5975 1.5 43 29 25 32 89% 268266 27308 70%
c w 157.56  0 31 52 246  1 798629 5904 1.5 43 29 25 32 89% 268266 27308 70%
c F 161.50  0 30 52 251  1 820081 15726 1.5 42 29 25 32 89% 268266 27308 70%
c - 163.27  0 31 53 251  1 830544 5408 1.5 43 29 25 32 89% 268266 27308 70%
c p 163.29  0 31 53 251  1 830544 5721 1.5 43 29 25 32 89% 268266 27308 70%
c w 163.39  0 31 53 251  1 830544 5677 1.5 43 29 25 32 89% 268266 27308 70%
c B 168.35  0 31 53 252  1 861083 21950 1.5 44 30 25 32 89% 268266 27308 70%
c
c  seconds   reductions  conflicts        size    tier2         variables
c          MB     restarts     redundant     glue     trail          remaining
c           level      rate         size/glue  tier1    irredundant
c
c - 168.72  0 31 54 252  1 863094 5732 1.5 44 30 25 32 89% 268266 27308 70%
c p 168.74  0 31 54 252  1 863094 6081 1.5 44 30 25 32 89% 268266 27308 70%
c w 168.83  0 31 54 252  1 863094 6051 1.5 44 30 25 32 89% 268266 27308 70%
c - 174.55  0 31 55 253  1 896275 5944 1.5 44 30 25 32 89% 268266 27308 70%
c p 174.57  0 31 55 253  1 896275 6257 1.5 44 30 25 32 89% 268266 27308 70%
c w 174.67  0 31 55 253  1 896275 6181 1.5 44 30 25 32 89% 268266 27308 70%
c W 177.83  0 31 55 253  1 903085 10198 1.5 44 30 25 32 89% 268266 27308 70%
c - 182.75  0 31 56 253  1 930084 5889 1.5 43 30 25 32 89% 268266 27308 70%
c p 182.77  0 31 56 253  1 930084 6135 1.5 43 30 25 32 89% 268266 27308 70%
c w 182.84  0 31 56 253  1 930084 6100 1.5 43 30 25 32 89% 268266 27308 70%
c # 185.75  0 31 56 254  1 946086 14070 1.4 43 30 25 32 89% 268266 27308 70%
c - 188.89  0 31 57 254  1 964526 5779 1.4 43 30 25 32 89% 268266 27308 70%
c p 188.91  0 31 57 254  1 964526 6153 1.4 43 30 25 32 89% 268266 27308 70%
c w 189.05  0 31 57 254  1 964526 6104 1.4 43 30 25 32 89% 268266 27308 70%
c B 193.57  0 32 57 254  1 990087 20245 1.4 44 30 25 32 89% 268266 27308 70%
c - 195.25  0 32 58 254  1 999600 6232 1.4 44 30 25 32 89% 268266 27308 70%
c p 195.28  0 32 58 254  1 999600 6624 1.4 44 30 25 32 89% 268266 27308 70%
c w 195.80  0 32 58 254  1 999600 6548 1.4 44 30 25 32 89% 268266 27308 70%
c W 203.95  0 31 58 254  1 1035088 24933 1.5 44 30 25 32 89% 268266 27308 70%
c - 204.00  0 31 59 254  1 1035308 6196 1.5 44 30 25 32 89% 268266 27308 70%
c
c  seconds   reductions   conflicts        size    tier2         variables
c          MB     restarts      redundant     glue     trail          remaining
c           level      rate          size/glue  tier1    irredundant
c
c p 204.02  0 31 59 254  1 1035308 6587 1.5 44 30 25 32 89% 268266 27308 70%
c w 204.15  0 31 59 254  1 1035308 6526 1.5 44 30 25 32 89% 268266 27308 70%
c - 210.10  0 32 60 260  1 1071646 6148 1.4 44 30 25 32 89% 268266 27308 70%
c p 210.12  0 32 60 260  1 1071646 6467 1.4 44 30 25 32 89% 268266 27308 70%
c w 210.23  0 32 60 260  1 1071646 6419 1.4 44 30 25 32 89% 268266 27308 70%
c O 211.81  0 32 60 265  1 1081089 11489 1.4 44 30 25 32 89% 268266 27308 70%
c - 216.65  0 32 61 276  1 1108620 6643 1.4 43 30 25 32 89% 268266 27308 70%
c p 216.67  0 32 61 276  1 1108620 6981 1.4 43 30 25 32 89% 268266 27308 70%
c w 216.79  0 32 61 276  1 1108620 6874 1.4 43 30 25 32 89% 268266 27308 70%
c B 220.08  0 32 61 284  1 1128093 18434 1.4 43 30 25 31 89% 268266 27308 70%
c - 223.20  0 32 62 285  1 1146223 7132 1.4 43 30 25 31 89% 268266 27308 70%
c p 223.22  0 32 62 285  1 1146223 7423 1.4 43 30 25 31 89% 268266 27308 70%
c w 223.36  0 32 62 285  1 1146223 7289 1.4 43 30 25 31 89% 268266 27308 70%
c W 231.12  0 32 62 300  1 1176096 22822 1.4 44 30 25 31 89% 268266 27308 70%
c - 232.93  0 32 63 303  1 1184458 6768 1.4 44 30 25 31 89% 268266 27308 70%
c p 232.95  0 32 63 303  1 1184458 7193 1.4 44 30 25 31 89% 268266 27308 70%
c w 233.10  0 32 63 303  1 1184458 7033 1.4 44 30 25 31 89% 268266 27308 70%
c - 240.19  0 32 64 316  1 1223327 6813 1.4 43 30 25 31 89% 268266 27308 70%
c p 240.20  0 32 64 316  1 1223327 7267 1.4 43 30 25 31 89% 268266 27308 70%
c w 240.34  0 32 64 316  1 1223327 7132 1.4 43 30 25 31 89% 268266 27308 70%
c
c  seconds   reductions   conflicts        size    tier2         variables
c          MB     restarts      redundant     glue     trail          remaining
c           level      rate          size/glue  tier1    irredundant
c
c I 240.67  0 32 64 316  1 1225098 8062 1.4 43 30 25 31 89% 268266 27308 70%
c - 247.43  0 32 65 317  1 1262830 8187 1.6 48 30 25 31 89% 268266 27308 70%
c p 247.45  0 32 65 317  1 1262830 8588 1.6 48 30 25 31 89% 268266 27308 70%
c w 247.54  0 32 65 317  1 1262830 8547 1.6 48 30 25 31 89% 268266 27308 70%
c s 247.62  0 32 65 317  1 1262830 7788 1.6 48 30 25 31 89% 268260 27308 70%
c s 247.65  0 32 65 317  1 1262830 7724 1.6 48 30 25 31 89% 268260 27308 70%
c B 249.86  0 31 65 324  1 1275099 13480 1.6 47 29 25 31 89% 268260 27308 70%
c - 254.59  0 32 66 337  1 1302962 6803 1.5 46 30 25 31 89% 268260 27308 70%
c p 254.61  0 32 66 337  1 1302962 7187 1.5 46 30 25 31 89% 268260 27308 70%
c w 254.71  0 32 66 337  1 1302962 7148 1.5 46 30 25 31 89% 268260 27308 70%
c W 260.86  0 32 66 347  1 1326101 19874 1.5 47 30 25 31 89% 268260 27308 70%
c - 263.79  0 32 67 348  1 1343727 7348 1.5 47 31 25 31 89% 268260 27308 70%
c p 263.81  0 32 67 348  1 1343727 7662 1.5 47 31 25 31 89% 268260 27308 70%
c w 263.92  0 32 67 348  1 1343727 7603 1.5 47 31 25 31 89% 268260 27308 70%
c F 269.47  0 33 67 363  1 1378103 26604 1.5 47 31 25 31 89% 268260 27308 70%
c - 270.74  0 33 68 367  1 1385126 7568 1.5 47 31 25 32 89% 268260 27308 70%
c p 270.76  0 33 68 367  1 1385126 7806 1.5 47 31 25 32 89% 268260 27308 70%
c w 270.89  0 33 68 367  1 1385126 7762 1.5 47 31 25 32 89% 268260 27308 70%
c - 277.17  0 33 69 379  1 1427158 7590 1.5 48 31 25 32 89% 268260 27308 70%
c p 277.19  0 33 69 379  1 1427158 7967 1.5 48 31 25 32 89% 268260 27308 70%
c
c  seconds   reductions   conflicts        size    tier2         variables
c          MB     restarts      redundant     glue     trail          remaining
c           level      rate          size/glue  tier1    irredundant
c
c ] 277.70  0 33 69 379  1 1427158 7967 1.5 48 31 25 32 89% 268260 27308 70%
c ? 277.70  0 33 69 379  1 1427158 7967 1.5 48 31 25 32 89% 268260 27308 70%
c
c --- [ result ] -------------------------------------------------------------
c
c writing result to 'search-results/cadical-complete-cover-20260902/anchor-001-p1-s1.result'
c
c --- [ run-time profiling ] -------------------------------------------------
c
c process time taken by individual solving procedures
c (percentage relative to process time for solving)
c
c       268.32   96.64% search
c       247.96   89.30% stable
c        20.30    7.31% walk
c         9.34    3.36% simplify
c         3.14    1.13% vivify
c         2.17    0.78% sweep
c         1.03    0.37% backbone
c         0.71    0.26% elim
c         0.42    0.15% subsume
c         0.31    0.11% probe
c         0.27    0.10% congruence
c         0.25    0.09% ternary
c         0.06    0.02% lucky
c         0.04    0.01% parse
c   =================================
c       277.66   99.99% solve
c
c last line shows process time for solving
c (percentage relative to total process time)
c
c --- [ statistics ] ---------------------------------------------------------
c
c chronological:            169061        11.85 %  of conflicts
c conflicts:               1427158      5139.99    per second
c backbone:               78248869    200936.95 %  of vars
c decisions:               1558415      5612.72    per second
c eliminated:                 2638         6.77 %  of all variables
c fixed:                      8996        23.10 %  of all variables
c learned:                 1406230        98.53 %  per conflict
c learned_lits:          769438300       100.00 %  learned literals
c minimized:                     0         0.00 %  learned literals
c shrunken:              701236679        91.14 %  learned literals
c minishrunken:            4704647         0.61 %  learned literals
c otfs:                        515         0.04 %  of conflict
c propagations:          810319324         2.92 M  per second
c reduced:                  766977        53.74 %  per conflict
c rephased:                     52     27445.35    interval
c restarts:                    379      3765.59    interval
c subsumed:                 629796        36.56 %  of all clauses
c strengthened:              36908         2.14 %  of all clauses
c ticks:               10806995014        18.31    propagation
c vivified:                   1865         0.11 %  of all clauses
c walked:                       17     83950.47    interval
c weakened:                  12866         5.28    average size
c congruence:                   11    129741.64    interval
c
c seconds are measured in process time for solving
c
c --- [ glue usage ] ---------------------------------------------------------
c
c focused glue 2 used 0 clauses 0.000% accumulated 0.000% tier1
c focused glue 3 used 0 clauses 0.000% accumulated 0.000%
c focused glue 4 used 0 clauses 0.000% accumulated 0.000%
c focused glue 5 used 0 clauses 0.000% accumulated 0.000%
c focused glue 6 used 0 clauses 0.000% accumulated 0.000% tier2
c
c stable glue 25 used 238719 clauses 5.319% accumulated 51.56% tier1
c stable glue 26 used 249993 clauses 5.571% accumulated 57.14%
c stable glue 27-30 used 985119 clauses 21.95% accumulated 79.09%
c stable glue 31 used 233785 clauses 5.209% accumulated 84.30%
c stable glue 32 used 213320 clauses 4.753% accumulated 89.05% tier2
c
c
c --- [ resources ] ----------------------------------------------------------
c
c total process time since initialization:       277.70    seconds
c total real time since initialization:          300.01    seconds
c maximum resident set size of process:          178.89    MB
c
c --- [ shutting down ] ------------------------------------------------------
c
c exit 0
