c --- [ banner ] -------------------------------------------------------------
c
c CaDiCaL SAT Solver
c Copyright (c) 2016-2026
c A. Biere, M. Fleury, N. Froleyks, K. Fazekas, F. Pollitt, T. Faller
c JKU Linz, University of Freiburg, TU Wien
c
c Version 3.0.1 c60730422e758ef1cebe7aeddf2dda31c996bf04
c Apple clang version 21.0.0 (clang-2100.1.1.101) -Wall -Wextra -O3 -DNDEBUG -DNCLOSEFROM
c Tue Sep 1 21:08:57 PDT 2026 Darwin retained-runner 25.6.0 arm64
c
c --- [ limit ] --------------------------------------------------------------
c
c setting time limit to 300 seconds real time (due to '-t 300')
c
c --- [ parsing input ] ------------------------------------------------------
c
c reading DIMACS file from 'search-results/cadical-complete-cover-20260902/cnf/anchor-001-p0-s1.cnf'
c opening file to read 'search-results/cadical-complete-cover-20260902/cnf/anchor-001-p0-s1.cnf'
c found 'p cnf 38942 364405' header
c parsed 364405 clauses in 0.04 seconds process time
c
c --- [ options ] ------------------------------------------------------------
c
c   --elimeffort=10                (different from default '1e3')
c   --stabilizeonly=true           (different from default 'false')
c   --subsumeeffort=60             (different from default '1e3')
c
c --- [ solving ] ------------------------------------------------------------
c
c time measured in process time since initialization
c
c  seconds  reduction conflicts       size tier2        variables
c         MB    restarts   redundant    glue  trail          remaining
c          level     rate       size/glu tier1  irredundant
c
c *  0.04  0  0 0   0  0    0    0 0.0 0 0 2 6  0% 289623 30016 77%
c )  0.06  0  0 0   0  0    0    0 0.0 0 0 2 6  0% 289623 30016 77%
c [  0.08  0  0 0   0  0    0    0 0.0 0 0 2 6  0% 289623 30016 77%
c -  0.13  0 39 1   0  1  302   47 1.1 38 35 2 6 97% 274686 30016 77%
c -  0.22  0 38 2   0  1  927  200 1.1 35 31 2 6 97% 274686 30016 77%
c I  0.24  0 38 2   0  1 1002  246 1.2 36 31 2 6 97% 274686 30016 77%
c -  0.47  0 38 3   1  1 2021  354 1.5 51 34 2 6 95% 274686 30016 77%
c B  0.73  0 38 3   2  1 3003  782 1.4 50 35 2 6 91% 274686 30016 77%
c -  0.80  0 38 4   2  1 3639  524 1.4 47 34 2 6 95% 274686 30016 77%
c -  1.09  0 38 5   4  1 5809  898 1.4 45 33 33 38 95% 274686 30016 77%
c W  1.19  0 38 5   4  1 6005 1056 1.4 45 33 33 38 95% 274686 30016 77%
c s  1.31  0 38 5   5  1 6542 1318 1.4 47 33 33 37 95% 274686 30016 77%
c e  1.51  0 38 5   5  1 6542  577 1.4 47 33 33 37 95% 268969 27373 70%
c s  1.52  0 38 5   5  1 6542  570 1.4 47 33 33 37 95% 268795 27373 70%
c e  1.61  0 38 5   5  1 6542  563 1.4 47 33 33 37 95% 268102 27282 70%
c 2  1.90  0 37 5   5  1 8090 1800 1.6 52 33 33 37 93% 268102 27282 70%
c -  2.08  0 37 6   6  1 8550  754 1.6 52 33 33 37 93% 268102 27282 70%
c F  2.35  0 37 6   6  1 10009 1708 1.6 52 33 32 37 92% 268102 27282 70%
c -  2.71  0 36 7   6  1 11852  891 1.6 50 32 32 37 91% 268102 27282 70%
c B  3.24  0 35 7   9  1 15010 2233 1.5 48 32 30 36 90% 268102 27282 70%
c
c  seconds  reductions conflicts       size    tier2         variables
c         MB    restarts    redundant     glue     trail          remaining
c          level     rate        size/glue  tier1    irredundant
c
c -  3.39  0 35 8   9  1 15739  877 1.5 47 32 30 36 90% 268102 27282 70%
c s  4.23  0 34 8  12  1 19732 2757 1.5 46 31 30 36 90% 268029 27282 70%
c e  4.30  0 34 8  12  1 19732 2757 1.5 46 31 30 36 90% 267971 27260 70%
c s  4.32  0 34 8  12  1 19732 2751 1.5 46 31 30 36 90% 267904 27260 70%
c e  4.36  0 34 8  12  1 19732 2750 1.5 46 31 30 36 90% 267884 27253 70%
c -  4.48  0 34 9  12  1 20218  972 1.5 46 31 30 36 89% 267884 27253 70%
c 2  4.49  0 34 9  12  1 20218  971 1.5 46 31 30 36 89% 267884 27253 70%
c u  4.52  0 34 9  12  1 20218  971 1.5 46 31 30 36 89% 267883 27253 70%
c w  4.53  0 34 9  12  1 20218  962 1.5 46 31 30 36 89% 267883 27253 70%
c x  4.54  0 34 9  12  1 20218  962 1.5 46 31 30 36 89% 267883 27253 70%
c W  4.96  0 34 9  13  1 21011 1409 1.5 46 31 30 36 89% 267883 27253 70%
c -  5.82  0 33 10  14  1 25294 1072 1.4 45 31 29 34 89% 267883 27253 70%
c #  6.37  0 33 10  14  1 28013 2788 1.5 46 31 29 34 89% 267883 27253 70%
c -  6.86  0 33 11  14  1 30971 1313 1.5 45 31 29 34 89% 267883 27253 70%
c B  7.69  0 33 11  17  1 36014 4230 1.5 46 31 29 34 89% 267883 27253 70%
c -  7.91  0 33 12  17  1 37255 1437 1.5 46 31 29 34 89% 267883 27253 70%
c s  8.43  0 33 12  19  1 39516 2683 1.5 46 31 28 33 89% 267833 27253 70%
c e  8.46  0 33 12  19  1 39516 2683 1.5 46 31 28 33 89% 267825 27250 70%
c s  8.48  0 33 12  19  1 39516 2683 1.5 46 31 28 33 89% 267801 27250 70%
c e  8.49  0 33 12  19  1 39516 2683 1.5 46 31 28 33 89% 267795 27248 70%
c
c  seconds  reductions  conflicts       size    tier2         variables
c         MB     restarts    redundant     glue     trail          remaining
c          level      rate        size/glue  tier1    irredundant
c
c -  9.28  0 33 13  21  1 44145 1477 1.5 46 31 28 33 89% 267795 27248 70%
c w  9.33  0 33 13  21  1 44145 1445 1.5 46 31 28 33 89% 267795 27248 70%
c W  9.77  0 33 13  21  1 45016 1896 1.5 46 31 28 33 89% 267795 27248 70%
c - 10.77  0 33 14  26  1 51643 1585 1.4 45 31 28 33 89% 267795 27248 70%
c O 11.36  0 33 14  28  1 55018 3296 1.4 45 31 28 33 89% 267795 27248 70%
c - 12.07  0 33 15  29  1 59754 1749 1.4 45 31 28 33 88% 267795 27248 70%
c s 13.13  0 32 15  29  1 65892 4704 1.4 44 31 28 33 88% 267782 27248 70%
c e 13.16  0 32 15  29  1 65892 4704 1.4 44 31 28 33 88% 267780 27247 70%
c s 13.17  0 32 15  29  1 65892 4669 1.4 44 31 28 33 88% 267768 27247 70%
c e 13.19  0 32 15  29  1 65892 4669 1.4 44 31 28 33 88% 267765 27246 70%
c B 13.23  0 32 15  29  1 66019 4743 1.4 44 31 28 33 88% 267765 27246 70%
c - 13.63  0 33 16  30  1 68480 1748 1.4 44 31 28 33 88% 267765 27246 70%
c p 13.64  0 33 16  30  1 68480 1763 1.4 44 31 28 33 88% 267765 27246 70%
c w 13.70  0 33 16  30  1 68480 1754 1.4 44 31 28 33 88% 267765 27246 70%
c - 15.35  0 33 17  30  1 77820 1891 1.4 43 31 27 33 88% 267764 27246 70%
c p 15.37  0 33 17  30  1 77820 1914 1.4 43 31 27 33 88% 267764 27246 70%
c W 16.05  0 33 17  30  1 78022 2012 1.4 43 31 27 33 88% 267764 27246 70%
c - 17.64  0 32 18  34  1 87777 1960 1.4 43 31 27 33 88% 267764 27246 70%
c p 17.65  0 32 18  34  1 87777 2001 1.4 43 31 27 33 88% 267764 27246 70%
c w 17.69  0 32 18  34  1 87777 1973 1.4 43 31 27 33 88% 267764 27246 70%
c
c  seconds  reductions  conflicts       size    tier2         variables
c         MB     restarts    redundant     glue     trail          remaining
c          level      rate        size/glue  tier1    irredundant
c
c I 18.27  0 32 18  36  1 91024 3639 1.4 43 31 27 33 88% 267764 27246 70%
c - 19.63  0 32 19  40  1 98350 2052 1.4 42 30 27 33 88% 267764 27246 70%
c p 19.63  0 32 19  40  1 98350 2120 1.4 42 30 27 33 88% 267764 27246 70%
c s 19.74  0 32 19  40  1 98864 2105 1.4 42 30 27 33 88% 267759 27246 70%
c e 19.76  0 32 19  40  1 98864 2105 1.4 42 30 27 33 88% 267757 27245 70%
c s 19.77  0 32 19  40  1 98864 2023 1.4 42 30 27 33 88% 267753 27245 70%
c e 19.78  0 32 19  40  1 98864 2023 1.4 42 30 27 33 88% 267750 27244 70%
c B 20.93  0 32 19  44  1 105029 5122 1.4 41 30 27 33 88% 267750 27244 70%
c - 21.74  0 32 20  45  1 109545 2051 1.4 41 30 27 33 88% 267750 27244 70%
c p 21.76  0 32 20  45  1 109545 2146 1.4 41 30 27 33 88% 267750 27244 70%
c w 21.83  0 32 20  45  1 109545 2122 1.4 41 30 27 33 88% 267750 27244 70%
c W 24.21  0 31 20  48  1 120031 7280 1.4 40 29 27 33 88% 267750 27244 70%
c - 24.46  0 31 21  49  1 121358 2265 1.4 40 29 27 33 88% 267750 27244 70%
c p 24.47  0 31 21  49  1 121358 2380 1.4 40 29 27 33 88% 267750 27244 70%
c - 26.64  0 31 22  56  1 133792 2711 1.4 42 30 27 33 88% 267750 27244 70%
c p 26.65  0 31 22  56  1 133792 2765 1.4 42 30 27 33 88% 267750 27244 70%
c w 26.71  0 31 22  56  1 133792 2749 1.4 42 30 27 33 88% 267750 27244 70%
c F 27.13  0 31 22  58  1 136033 3910 1.4 42 30 27 33 88% 267747 27244 70%
c s 27.52  0 31 22  59  1 138429 4943 1.4 42 30 26 32 88% 267745 27244 70%
c e 27.56  0 31 22  59  1 138429 4943 1.4 42 30 26 32 88% 267737 27241 70%
c
c  seconds  reductions  conflicts        size    tier2         variables
c         MB     restarts     redundant     glue     trail          remaining
c          level      rate         size/glue  tier1    irredundant
c
c s 27.57  0 31 22  59  1 138429 4932 1.4 42 30 26 32 88% 267732 27241 70%
c e 27.58  0 31 22  59  1 138429 4931 1.4 42 30 26 32 88% 267727 27239 70%
c - 29.00  0 32 23  60  1 146847 2770 1.4 43 30 26 32 88% 267727 27239 70%
c p 29.01  0 32 23  60  1 146847 2824 1.4 43 30 26 32 88% 267727 27239 70%
c B 30.18  0 32 23  61  1 153034 6706 1.4 44 30 26 32 88% 267727 27239 70%
c - 31.55  0 32 24  61  1 160524 2860 1.4 43 30 26 32 88% 267727 27239 70%
c p 31.56  0 32 24  61  1 160524 2952 1.4 43 30 26 32 88% 267727 27239 70%
c w 31.62  0 32 24  61  1 160524 2921 1.4 43 30 26 32 88% 267727 27239 70%
c W 34.22  0 32 24  62  1 171039 9273 1.5 44 30 26 32 88% 267727 27239 70%
c - 34.80  0 32 25  62  1 174823 3063 1.5 44 30 26 32 88% 267727 27239 70%
c p 34.81  0 32 25  62  1 174823 3195 1.5 44 30 26 32 88% 267727 27239 70%
c s 36.49  0 31 25  62  1 184589 7745 1.4 43 30 26 32 88% 267725 27239 70%
c e 36.52  0 31 25  62  1 184589 7745 1.4 43 30 26 32 88% 267723 27238 70%
c s 36.53  0 31 25  62  1 184589 7715 1.4 43 30 26 32 88% 267720 27238 70%
c - 37.60  0 31 26  62  1 189745 2840 1.4 43 29 26 32 88% 267720 27238 70%
c p 37.61  0 31 26  62  1 189745 3014 1.4 43 29 26 32 88% 267720 27238 70%
c u 37.65  0 31 26  62  1 189745 3012 1.4 43 29 26 32 88% 267720 27238 70%
c w 37.70  0 31 26  62  1 189745 2979 1.4 43 29 26 32 88% 267720 27238 70%
c # 37.76  0 31 26  62  1 190042 3161 1.4 43 29 26 32 88% 267720 27238 70%
c - 40.08  0 31 27  67  1 205294 2888 1.4 43 30 26 32 88% 267720 27238 70%
c
c  seconds  reductions  conflicts        size    tier2         variables
c         MB     restarts     redundant     glue     trail          remaining
c          level      rate         size/glue  tier1    irredundant
c
c p 40.09  0 31 27  67  1 205294 3109 1.4 43 30 26 32 88% 267720 27238 70%
c B 40.94  0 31 27  69  1 210043 5638 1.4 43 30 26 32 88% 267720 27238 70%
c - 42.91  0 31 28  76  1 221467 3138 1.4 43 30 26 32 88% 267720 27238 70%
c p 42.92  0 31 28  76  1 221467 3376 1.4 43 30 26 32 88% 267720 27238 70%
c w 42.99  0 31 28  76  1 221467 3363 1.4 43 30 26 32 88% 267720 27238 70%
c W 45.69  0 31 28  77  1 231046 8561 1.4 43 30 26 32 88% 267720 27238 70%
c s 46.83  0 32 28  81  1 237342 13039 1.5 44 30 26 32 88% 267719 27238 70%
c e 46.85  0 32 28  81  1 237342 13039 1.5 44 30 26 32 88% 267717 27237 70%
c s 46.86  0 32 28  81  1 237342 13033 1.5 44 30 26 32 88% 267716 27237 70%
c - 47.06  0 32 29  82  1 238263 3538 1.5 44 30 26 32 88% 267716 27237 70%
c p 47.07  0 32 29  82  1 238263 3723 1.5 44 30 26 32 88% 267716 27237 70%
c w 47.12  0 32 29  82  1 238263 3722 1.5 44 30 26 32 88% 267716 27237 70%
c O 49.48  0 32 29  90  1 253049 11473 1.5 44 30 26 32 88% 267708 27237 70%
c - 49.96  0 32 30  91  1 255686 3375 1.4 44 30 26 32 88% 267708 27237 70%
c p 49.96  0 32 30  91  1 255686 3540 1.4 44 30 26 32 88% 267708 27237 70%
c - 53.17  0 32 31  93  1 273733 3897 1.4 43 30 26 32 88% 267708 27237 70%
c p 53.18  0 32 31  93  1 273733 4105 1.4 43 30 26 32 88% 267708 27237 70%
c w 53.29  0 32 31  93  1 273733 4069 1.4 43 30 26 32 88% 267708 27237 70%
c B 53.65  0 32 31  93  1 276050 5365 1.4 43 30 26 32 88% 267708 27237 70%
c - 56.32  0 32 32 100  1 292405 3681 1.4 44 30 26 32 88% 267708 27237 70%
c
c  seconds  reductions  conflicts        size    tier2         variables
c         MB     restarts     redundant     glue     trail          remaining
c          level      rate         size/glue  tier1    irredundant
c
c p 56.33  0 32 32 100  1 292405 3830 1.4 44 30 26 32 88% 267708 27237 70%
c w 56.39  0 32 32 100  1 292405 3798 1.4 44 30 26 32 88% 267708 27237 70%
c s 57.16  0 32 32 102  1 296694 5845 1.4 44 30 26 32 88% 267708 27237 70%
c e 57.18  0 32 32 102  1 296694 5841 1.4 44 30 26 32 88% 267704 27235 70%
c s 57.19  0 32 32 102  1 296694 5838 1.4 44 30 26 32 88% 267701 27235 70%
c W 58.79  0 32 32 104  1 300052 7697 1.4 44 30 26 32 88% 267701 27235 70%
c - 60.73  0 32 33 108  1 311704 3624 1.4 44 30 26 32 88% 267701 27235 70%
c p 60.74  0 32 33 108  1 311704 3827 1.4 44 30 26 32 88% 267701 27235 70%
c w 60.80  0 32 33 108  1 311704 3793 1.4 44 30 26 32 88% 267701 27235 70%
c I 63.22  0 32 33 115  1 325053 11429 1.5 45 31 26 32 88% 267701 27235 70%
c - 64.43  0 32 34 118  1 331629 3892 1.5 44 30 26 32 88% 267701 27235 70%
c p 64.44  0 32 34 118  1 331629 4095 1.5 44 30 26 32 88% 267701 27235 70%
c w 64.49  0 32 34 118  1 331629 4064 1.5 44 30 26 32 88% 267701 27235 70%
c B 68.05  0 32 34 124  1 351056 14348 1.5 44 30 26 32 88% 267701 27235 70%
c - 68.27  0 32 35 124  1 352183 3962 1.5 44 30 26 32 88% 267701 27235 70%
c p 68.29  0 32 35 124  1 352183 4144 1.5 44 30 26 32 88% 267701 27235 70%
c w 68.35  0 32 35 124  1 352183 4119 1.5 44 30 26 32 88% 267701 27235 70%
c s 70.18  0 32 35 124  1 362637 9490 1.5 44 30 26 32 88% 267696 27235 70%
c s 70.21  0 32 35 124  1 362637 9486 1.5 44 30 26 32 88% 267694 27235 70%
c - 72.02  0 32 36 125  1 373364 3732 1.5 44 30 26 32 88% 267694 27235 70%
c
c  seconds  reductions  conflicts        size    tier2         variables
c         MB     restarts     redundant     glue     trail          remaining
c          level      rate         size/glue  tier1    irredundant
c
c p 72.03  0 32 36 125  1 373364 3870 1.5 44 30 26 32 88% 267694 27235 70%
c w 72.10  0 32 36 125  1 373364 3846 1.5 44 30 26 32 88% 267694 27235 70%
c W 73.75  0 32 36 125  1 378058 6781 1.5 45 30 26 32 88% 267694 27235 70%
c - 76.43  0 32 37 125  1 395171 4044 1.5 45 31 26 32 88% 267694 27235 70%
c p 76.45  0 32 37 125  1 395171 4202 1.5 45 31 26 32 88% 267694 27235 70%
c w 76.53  0 32 37 125  1 395171 4139 1.5 45 31 26 32 88% 267694 27235 70%
c F 78.40  0 32 37 126  1 406060 9910 1.5 45 31 26 32 88% 267694 27235 70%
c - 80.36  0 32 38 126  1 417607 3832 1.4 44 31 26 32 88% 267694 27235 70%
c p 80.37  0 32 38 126  1 417607 4193 1.4 44 31 26 32 88% 267694 27235 70%
c w 80.67  0 32 38 126  1 417607 4112 1.4 44 31 26 32 88% 267694 27235 70%
c B 83.38  0 32 38 126  1 435061 13410 1.5 45 31 26 32 88% 267694 27235 70%
c - 84.33  0 32 39 126  1 440671 4054 1.5 45 31 26 32 88% 267694 27235 70%
c p 84.35  0 32 39 126  1 440671 4349 1.5 45 31 26 32 88% 267694 27235 70%
c w 84.43  0 32 39 126  1 440671 4306 1.5 45 31 26 32 88% 267694 27235 70%
c - 88.37  0 32 40 126  1 464362 4135 1.5 45 31 26 32 88% 267694 27235 70%
c p 88.38  0 32 40 126  1 464362 4404 1.5 45 31 26 32 88% 267694 27235 70%
c w 88.45  0 32 40 126  1 464362 4370 1.5 45 31 26 32 88% 267694 27235 70%
c W 89.87  0 32 40 126  1 465063 4817 1.5 45 31 26 32 88% 267694 27235 70%
c - 93.76  0 33 41 140  1 488684 4356 1.5 45 31 26 32 88% 267694 27235 70%
c p 93.78  0 33 41 140  1 488684 4571 1.5 45 31 26 32 88% 267694 27235 70%
c
c  seconds  reductions  conflicts        size    tier2         variables
c         MB     restarts     redundant     glue     trail          remaining
c          level      rate         size/glue  tier1    irredundant
c
c w 93.83  0 33 41 140  1 488684 4551 1.5 45 31 26 32 88% 267694 27235 70%
c s 93.87  0 33 41 140  1 488684 4546 1.5 45 31 26 32 88% 267693 27235 70%
c s 93.90  0 33 41 140  1 488684 4545 1.5 45 31 26 32 88% 267693 27235 70%
c # 95.19  0 33 41 141  1 496065 8517 1.5 45 31 26 32 88% 267693 27235 70%
c - 98.03  0 33 42 150  1 513633 4400 1.5 45 31 26 32 88% 267693 27235 70%
c p 98.04  0 33 42 150  1 513633 4655 1.5 45 31 26 32 88% 267693 27235 70%
c w 98.13  0 33 42 150  1 513633 4623 1.5 45 31 26 32 88% 267693 27235 70%
c B 100.49  0 33 42 156  1 528066 12157 1.4 45 31 26 32 88% 267693 27235 70%
c - 102.41  0 33 43 157  1 539211 4429 1.4 45 31 26 32 88% 267693 27235 70%
c p 102.43  0 33 43 157  1 539211 4696 1.4 45 31 26 32 88% 267693 27235 70%
c w 102.49  0 33 43 157  1 539211 4670 1.4 45 31 26 32 88% 267693 27235 70%
c W 106.77  0 33 43 164  1 561067 17140 1.5 46 31 26 32 88% 267693 27235 70%
c - 107.47  0 33 44 167  1 565418 4836 1.5 46 31 26 32 88% 267693 27235 70%
c p 107.47  0 33 44 167  1 565418 5042 1.5 46 31 26 32 88% 267693 27235 70%
c w 107.56  0 33 44 167  1 565418 5017 1.5 46 31 26 32 88% 267693 27235 70%
c - 111.69  0 33 45 179  1 592255 4891 1.4 45 31 26 32 88% 267693 27235 70%
c p 111.70  0 33 45 179  1 592255 5045 1.4 45 31 26 32 88% 267693 27235 70%
c w 111.79  0 33 45 179  1 592255 4999 1.4 45 31 26 32 88% 267693 27235 70%
c O 112.25  0 33 45 180  1 595068 6605 1.4 45 31 27 32 88% 267693 27235 70%
c - 116.54  0 32 46 188  1 619721 5167 1.4 44 31 27 32 88% 267693 27235 70%
c
c  seconds   reductions  conflicts        size    tier2         variables
c          MB     restarts     redundant     glue     trail          remaining
c           level      rate         size/glue  tier1    irredundant
c
c p 116.55  0 32 46 188  1 619721 5622 1.4 44 31 27 32 88% 267693 27235 70%
c w 116.67  0 32 46 188  1 619721 5514 1.4 44 31 27 32 88% 267693 27235 70%
c B 118.36  0 32 46 188  1 630070 11194 1.4 43 30 27 32 88% 267693 27235 70%
c - 121.19  0 32 47 189  1 647818 5291 1.4 44 31 27 32 88% 267693 27235 70%
c p 121.21  0 32 47 189  1 647818 5572 1.4 44 31 27 32 88% 267693 27235 70%
c w 121.63  0 32 47 189  1 647818 5511 1.4 44 31 27 32 88% 267693 27235 70%
c W 126.02  0 32 47 190  1 666072 16009 1.5 45 31 26 32 88% 267693 27235 70%
c - 127.65  0 32 48 196  1 676544 5297 1.5 45 31 26 32 88% 267693 27235 70%
c p 127.66  0 32 48 196  1 676544 5609 1.5 45 31 26 32 88% 267693 27235 70%
c w 127.75  0 32 48 196  1 676544 5583 1.5 45 31 26 32 88% 267693 27235 70%
c I 131.61  0 33 48 208  1 703074 20008 1.4 45 31 26 32 88% 267693 27235 70%
c - 132.16  0 33 49 210  1 705903 5321 1.4 45 31 26 32 88% 267693 27235 70%
c p 132.18  0 33 49 210  1 705903 5551 1.4 45 31 26 32 88% 267693 27235 70%
c w 132.26  0 33 49 210  1 705903 5479 1.4 45 31 26 32 88% 267693 27235 70%
c - 137.35  0 31 50 220  1 735891 5199 1.4 43 30 26 32 88% 267693 27235 70%
c p 137.36  0 31 50 220  1 735891 5524 1.4 43 30 26 32 88% 267693 27235 70%
c w 137.45  0 31 50 220  1 735891 5437 1.4 43 30 26 32 88% 267693 27235 70%
c B 138.36  0 31 50 220  1 741075 8172 1.4 43 29 26 32 88% 267693 27235 70%
c - 142.97  0 30 51 232  1 766508 5027 1.4 41 28 26 32 88% 267693 27235 70%
c p 142.99  0 30 51 232  1 766508 5328 1.4 41 28 26 32 88% 267693 27235 70%
c
c  seconds   reductions  conflicts        size    tier2         variables
c          MB     restarts     redundant     glue     trail          remaining
c           level      rate         size/glue  tier1    irredundant
c
c w 143.07  0 30 51 232  1 766508 5272 1.4 41 28 26 32 88% 267693 27235 70%
c W 147.07  0 29 51 235  1 780080 12092 1.4 40 28 26 32 88% 267693 27235 70%
c - 150.04  0 29 52 245  1 797754 5246 1.4 40 28 26 32 88% 267693 27235 70%
c p 150.06  0 29 52 245  1 797754 5463 1.4 40 28 26 32 88% 267693 27235 70%
c w 150.15  0 29 52 245  1 797754 5420 1.4 40 28 26 32 88% 267693 27235 70%
c F 154.00  0 29 52 251  1 820081 17609 1.5 40 28 26 32 88% 267693 27235 70%
c - 155.58  0 30 53 251  1 829632 5677 1.5 41 28 26 32 88% 267693 27235 70%
c p 155.59  0 30 53 251  1 829632 6141 1.5 41 28 26 32 88% 267693 27235 70%
c w 155.68  0 30 53 251  1 829632 6119 1.5 41 28 26 32 88% 267693 27235 70%
c B 160.44  0 30 53 252  1 861083 21882 1.4 42 29 26 32 88% 267693 27235 70%
c - 160.64  0 30 54 252  1 862141 5527 1.4 42 29 26 32 88% 267693 27235 70%
c p 160.67  0 30 54 252  1 862141 5940 1.4 42 29 26 32 88% 267693 27235 70%
c w 160.76  0 30 54 252  1 862141 5898 1.4 42 29 26 32 88% 267693 27235 70%
c - 166.48  0 30 55 253  1 895281 5546 1.4 41 29 26 32 88% 267693 27235 70%
c p 166.50  0 30 55 253  1 895281 5947 1.4 41 29 26 32 88% 267693 27235 70%
c w 166.61  0 30 55 253  1 895281 5919 1.4 41 29 26 32 88% 267693 27235 70%
c W 169.96  0 30 55 253  1 903085 9925 1.4 41 28 26 32 88% 267693 27235 70%
c - 174.73  0 30 56 253  1 929053 6245 1.5 42 29 26 31 88% 267693 27235 70%
c p 174.75  0 30 56 253  1 929053 6654 1.5 42 29 26 31 88% 267693 27235 70%
c w 174.82  0 30 56 253  1 929053 6631 1.5 42 29 26 31 88% 267693 27235 70%
c
c  seconds   reductions  conflicts         size    tier2         variables
c          MB     restarts      redundant     glue     trail          remaining
c           level      rate          size/glue  tier1    irredundant
c
c # 178.07  0 30 56 254  1 946087 15810 1.5 42 29 26 31 88% 267693 27235 70%
c - 181.10  0 31 57 254  1 963454 6149 1.5 43 29 26 31 88% 267693 27235 70%
c p 181.12  0 31 57 254  1 963454 6524 1.5 43 29 26 31 88% 267693 27235 70%
c w 181.59  0 31 57 254  1 963454 6476 1.5 43 29 26 31 88% 267693 27235 70%
c B 185.78  0 31 57 254  1 990088 21156 1.5 43 29 26 31 88% 267693 27235 70%
c - 187.32  0 31 58 254  1 998486 6352 1.5 44 30 26 31 88% 267693 27235 70%
c p 187.34  0 31 58 254  1 998486 6615 1.5 44 30 26 31 88% 267693 27235 70%
c w 187.43  0 31 58 254  1 998486 6439 1.5 44 30 26 31 88% 267693 27235 70%
c - 193.68  0 31 59 254  1 1034150 6038 1.4 43 30 26 31 88% 267693 27235 70%
c p 193.70  0 31 59 254  1 1034150 6395 1.4 43 30 26 31 88% 267693 27235 70%
c w 193.82  0 31 59 254  1 1034150 6255 1.4 43 30 26 31 88% 267693 27235 70%
c W 195.55  0 31 59 254  1 1035090 6726 1.4 43 30 26 31 88% 267693 27235 70%
c - 201.80  0 31 60 259  1 1070446 6308 1.4 43 30 25 31 88% 267693 27235 70%
c p 201.82  0 31 60 259  1 1070446 6841 1.4 43 30 25 31 88% 267693 27235 70%
c w 201.94  0 31 60 259  1 1070446 6716 1.4 43 30 25 31 88% 267693 27235 70%
c O 203.77  0 32 60 264  1 1081091 13052 1.4 43 30 25 31 88% 267693 27235 70%
c - 208.17  0 31 61 276  1 1107373 6619 1.4 43 30 25 31 88% 267693 27235 70%
c p 208.18  0 31 61 276  1 1107373 7033 1.4 43 30 25 31 88% 267693 27235 70%
c w 208.29  0 31 61 276  1 1107373 6818 1.4 43 30 25 31 88% 267693 27235 70%
c B 211.72  0 31 61 284  1 1128093 17260 1.4 42 29 25 31 88% 267693 27235 70%
c
c  seconds   reductions   conflicts        size    tier2         variables
c          MB     restarts      redundant     glue     trail          remaining
c           level      rate          size/glue  tier1    irredundant
c
c - 214.84  0 31 62 285  1 1144931 7010 1.5 44 30 25 31 88% 267693 27235 70%
c p 214.86  0 31 62 285  1 1144931 7341 1.5 44 30 25 31 88% 267693 27235 70%
c w 214.97  0 31 62 285  1 1144931 7196 1.5 44 30 25 31 88% 267693 27235 70%
c W 222.50  0 32 62 300  1 1176094 24201 1.5 44 30 25 31 88% 267693 27235 70%
c - 223.63  0 32 63 303  1 1183120 7012 1.5 45 30 25 31 88% 267693 27235 70%
c p 223.64  0 32 63 303  1 1183120 7396 1.5 45 30 25 31 88% 267693 27235 70%
c w 223.77  0 32 63 303  1 1183120 7210 1.5 45 30 25 31 88% 267693 27235 70%
c - 230.20  0 32 64 316  1 1221940 7170 1.5 45 30 25 31 88% 267693 27235 70%
c p 230.21  0 32 64 316  1 1221940 7440 1.5 45 30 25 31 88% 267693 27235 70%
c w 230.35  0 32 64 316  1 1221940 7154 1.5 45 30 25 31 88% 267693 27235 70%
c I 230.92  0 32 64 316  1 1225096 8938 1.5 45 30 25 31 88% 267693 27235 70%
c - 236.87  0 30 65 317  1 1261392 6671 1.5 41 28 25 31 88% 267693 27235 70%
c p 236.89  0 30 65 317  1 1261392 7041 1.5 41 28 25 31 88% 267693 27235 70%
c w 236.98  0 30 65 317  1 1261392 6974 1.5 41 28 25 31 88% 267693 27235 70%
c s 237.04  0 30 65 317  1 1261392 5808 1.5 41 28 25 31 88% 267688 27235 70%
c s 237.07  0 30 65 317  1 1261392 5770 1.5 41 28 25 31 88% 267688 27235 70%
c ^ 237.08  0 30 65 317  1 1261392 5770 1.5 41 28 25 31 88% 267688 27235 70%
c B 239.33  0 30 65 324  1 1275098 13348 1.5 41 28 25 31 88% 267688 27235 70%
c - 244.17  0 30 66 335  1 1301476 6725 1.5 42 29 25 31 88% 267688 27235 70%
c p 244.20  0 30 66 335  1 1301476 7280 1.5 42 29 25 31 88% 267688 27235 70%
c
c  seconds   reductions   conflicts        size    tier2         variables
c          MB     restarts      redundant     glue     trail          remaining
c           level      rate          size/glue  tier1    irredundant
c
c w 244.35  0 30 66 335  1 1301476 7141 1.5 42 29 25 31 88% 267688 27235 70%
c W 250.93  0 31 66 347  1 1326099 21939 1.5 43 29 25 31 88% 267688 27235 70%
c - 253.76  0 31 67 348  1 1342192 7582 1.5 44 29 25 31 88% 267688 27235 70%
c p 253.78  0 31 67 348  1 1342192 8074 1.5 44 29 25 31 88% 267688 27235 70%
c w 253.94  0 31 67 348  1 1342192 7897 1.5 44 29 25 31 88% 267688 27235 70%
c s 254.88  0 31 67 348  1 1347116 9191 1.5 43 29 25 31 88% 267688 27235 70%
c e 255.01  0 31 67 348  1 1347116 9191 1.5 43 29 25 31 88% 267691 27232 70%
c s 255.02  0 31 67 348  1 1347116 9116 1.5 43 29 25 31 88% 267687 27232 70%
c F 260.59  0 30 67 363  1 1378102 23973 1.5 42 29 25 31 88% 267687 27232 70%
c - 261.52  0 31 68 366  1 1383540 6732 1.5 42 29 25 31 88% 267687 27232 70%
c p 261.53  0 31 68 366  1 1383540 7148 1.5 42 29 25 31 88% 267687 27232 70%
c w 262.16  0 31 68 366  1 1383540 6983 1.5 42 29 25 31 88% 267687 27232 70%
c - 269.27  0 31 69 379  1 1425521 7022 1.4 43 30 25 31 88% 267687 27232 70%
c p 269.29  0 31 69 379  1 1425521 7326 1.4 43 30 25 31 88% 267687 27232 70%
c w 269.40  0 31 69 379  1 1425521 7246 1.4 43 30 25 31 88% 267687 27232 70%
c B 270.37  0 31 69 380  1 1431104 10345 1.4 43 30 25 31 88% 267687 27232 70%
c s 271.79  0 31 69 380  1 1439437 15073 1.4 43 30 25 31 88% 267686 27232 70%
c s 271.82  0 31 69 380  1 1439437 15056 1.4 43 30 25 31 88% 267686 27232 70%
c - 277.09  0 31 70 381  1 1468137 7636 1.5 44 30 25 31 88% 267686 27232 70%
c p 277.11  0 31 70 381  1 1468137 7948 1.5 44 30 25 31 88% 267686 27232 70%
c
c  seconds   reductions   conflicts        size    tier2         variables
c          MB     restarts      redundant     glue     trail          remaining
c           level      rate          size/glue  tier1    irredundant
c
c w 277.17  0 31 70 381  1 1468137 7942 1.5 44 30 25 31 88% 267686 27232 70%
c ] 277.17  0 31 70 381  1 1468137 7942 1.5 44 30 25 31 88% 267686 27232 70%
c ? 277.17  0 31 70 381  1 1468137 7942 1.5 44 30 25 31 88% 267686 27232 70%
c
c --- [ result ] -------------------------------------------------------------
c
c writing result to 'search-results/cadical-complete-cover-20260902/anchor-001-p0-s1.result'
c
c --- [ run-time profiling ] -------------------------------------------------
c
c process time taken by individual solving procedures
c (percentage relative to process time for solving)
c
c       267.76   96.62% search
c       248.61   89.71% stable
c        19.10    6.89% walk
c         9.37    3.38% simplify
c         3.31    1.20% vivify
c         1.98    0.72% sweep
c         1.02    0.37% backbone
c         0.83    0.30% elim
c         0.37    0.13% subsume
c         0.32    0.12% probe
c         0.25    0.09% congruence
c         0.24    0.09% ternary
c         0.04    0.02% lucky
c         0.04    0.01% parse
c   =================================
c       277.13   99.99% solve
c
c last line shows process time for solving
c (percentage relative to total process time)
c
c --- [ statistics ] ---------------------------------------------------------
c
c chronological:            173644        11.83 %  of conflicts
c conflicts:               1468137      5297.66    per second
c backbone:               78735718    202187.14 %  of vars
c decisions:               1600146      5774.00    per second
c eliminated:                 2784         7.15 %  of all variables
c fixed:                      8926        22.92 %  of all variables
c learned:                 1446309        98.51 %  per conflict
c learned_lits:          755733189       100.00 %  learned literals
c minimized:                     0         0.00 %  learned literals
c shrunken:              689109345        91.18 %  learned literals
c minishrunken:            4023273         0.53 %  learned literals
c otfs:                        579         0.04 %  of conflict
c propagations:          797386608         2.88 M  per second
c reduced:                  775922        52.85 %  per conflict
c rephased:                     53     27700.70    interval
c restarts:                    381      3853.38    interval
c subsumed:                 661216        37.43 %  of all clauses
c strengthened:              34886         1.97 %  of all clauses
c ticks:               10854838029        18.50    propagation
c vivified:                   3892         0.22 %  of all clauses
c walked:                       17     86361.00    interval
c weakened:                  14318         7.95    average size
c congruence:                   11    133467.00    interval
c
c seconds are measured in process time for solving
c
c --- [ glue usage ] ---------------------------------------------------------
c
c focused glue 2 used 0 clauses 0.000% accumulated 0.000% tier1
c focused glue 3 used 0 clauses 0.000% accumulated 0.000%
c focused glue 4 used 0 clauses 0.000% accumulated 0.000%
c focused glue 5 used 0 clauses 0.000% accumulated 0.000%
c focused glue 6 used 0 clauses 0.000% accumulated 0.000% tier2
c
c stable glue 25 used 265338 clauses 5.854% accumulated 53.26% tier1
c stable glue 26 used 263810 clauses 5.820% accumulated 59.08%
c stable glue 27-29 used 749776 clauses 16.54% accumulated 75.62%
c stable glue 30 used 244675 clauses 5.398% accumulated 81.02%
c stable glue 31 used 233133 clauses 5.143% accumulated 86.16% tier2
c
c
c --- [ resources ] ----------------------------------------------------------
c
c total process time since initialization:       277.17    seconds
c total real time since initialization:          300.01    seconds
c maximum resident set size of process:          197.72    MB
c
c --- [ shutting down ] ------------------------------------------------------
c
c exit 0
