c --- [ banner ] -------------------------------------------------------------
c
c CaDiCaL SAT Solver
c Copyright (c) 2016-2026
c A. Biere, M. Fleury, N. Froleyks, K. Fazekas, F. Pollitt, T. Faller
c JKU Linz, University of Freiburg, TU Wien
c
c Version 3.0.1 c60730422e758ef1cebe7aeddf2dda31c996bf04
c Apple clang version 21.0.0 (clang-2100.1.1.101) -Wall -Wextra -O3 -DNDEBUG -DNCLOSEFROM
c Tue Sep 1 21:08:57 PDT 2026 Darwin retained-runner 25.6.0 arm64
c
c --- [ limit ] --------------------------------------------------------------
c
c setting time limit to 300 seconds real time (due to '-t 300')
c
c --- [ parsing input ] ------------------------------------------------------
c
c reading DIMACS file from 'search-results/cadical-complete-cover-20260902/cnf/anchor-002-p0-s1.cnf'
c opening file to read 'search-results/cadical-complete-cover-20260902/cnf/anchor-002-p0-s1.cnf'
c found 'p cnf 38942 364405' header
c parsed 364405 clauses in 0.05 seconds process time
c
c --- [ options ] ------------------------------------------------------------
c
c   --elimeffort=10                (different from default '1e3')
c   --stabilizeonly=true           (different from default 'false')
c   --subsumeeffort=60             (different from default '1e3')
c
c --- [ solving ] ------------------------------------------------------------
c
c time measured in process time since initialization
c
c  seconds  reduction conflicts       size tier2        variables
c         MB    restarts   redundant    glue  trail          remaining
c          level     rate       size/glu tier1  irredundant
c
c *  0.05  0  0 0   0  0    0    0 0.0 0 0 2 6  0% 289622 30016 77%
c )  0.09  0  0 0   0  0    0    0 0.0 0 0 2 6  0% 289622 30016 77%
c [  0.12  0  0 0   0  0    0    0 0.0 0 0 2 6  0% 289622 30016 77%
c -  0.18  0 39 1   0  1  301   28 1.1 40 36 2 6 97% 274686 30016 77%
c -  0.27  0 38 2   0  1  925  185 1.1 36 32 2 6 97% 274686 30016 77%
c I  0.28  0 38 2   0  1 1002  235 1.1 35 31 2 6 97% 274686 30016 77%
c -  0.44  0 40 3   1  1 2018  404 1.7 60 35 2 6 95% 274686 30016 77%
c t  0.68  0 40 3   2  1 2986 1152 1.9 66 35 2 6 95% 274686 30016 77%
c B  0.71  0 40 3   2  1 3005 1166 1.9 66 35 2 6 91% 274686 30016 77%
c -  0.82  0 39 4   2  1 3634  496 1.7 61 35 2 6 97% 274686 30016 77%
c -  1.18  0 38 5   4  1 5802  585 1.5 54 35 35 37 97% 274686 30016 77%
c W  1.27  0 38 5   4  1 6007  734 1.5 54 35 35 37 97% 274686 30016 77%
c s  1.36  0 38 5   5  1 6541  853 1.5 52 34 35 37 97% 274686 30016 77%
c t  1.36  0 38 5   5  1 6541  852 1.5 52 34 35 37 97% 274686 30016 77%
c e  1.55  0 38 5   5  1 6541  422 1.5 52 34 35 37 97% 268879 27360 70%
c s  1.57  0 38 5   5  1 6541  413 1.5 52 34 35 37 97% 268660 27360 70%
c e  1.65  0 38 5   5  1 6541  412 1.5 52 34 35 37 97% 268087 27281 70%
c -  2.01  0 37 6   6  1 8542  481 1.4 50 34 34 37 94% 268087 27281 70%
c F  2.20  0 37 6   6  1 10009 1276 1.4 48 34 34 36 92% 268087 27281 70%
c -  2.60  0 37 7   6  1 11842  703 1.4 48 35 34 36 91% 268087 27281 70%
c
c  seconds  reductions conflicts       size    tier2         variables
c         MB    restarts    redundant     glue     trail          remaining
c          level     rate        size/glue  tier1    irredundant
c
c B  3.18  0 37 7   9  1 15010 1761 1.4 47 35 34 37 90% 268087 27281 70%
c -  3.29  0 37 8   9  1 15726  795 1.4 47 35 34 37 90% 268087 27281 70%
c s  3.95  0 37 8  12  1 19729 2934 1.4 48 35 34 37 90% 268040 27281 70%
c e  4.00  0 37 8  12  1 19729 2928 1.4 48 35 34 37 90% 267963 27258 70%
c s  4.03  0 37 8  12  1 19729 2916 1.4 48 35 34 37 90% 267909 27258 70%
c e  4.06  0 37 8  12  1 19729 2916 1.4 48 35 34 37 90% 267865 27243 70%
c -  4.16  0 37 9  12  1 20206 1106 1.4 48 35 34 37 90% 267865 27243 70%
c 2  4.16  0 37 9  12  1 20206 1104 1.4 48 35 34 37 90% 267865 27243 70%
c v  4.23  0 37 9  12  1 20206 1102 1.4 48 35 34 37 90% 267865 27243 70%
c w  4.24  0 37 9  12  1 20206 1098 1.4 48 35 34 37 90% 267865 27243 70%
c W  4.63  0 37 9  13  1 21011 1528 1.4 48 35 34 37 90% 267865 27243 70%
c -  5.50  0 37 10  14  1 25280 1448 1.5 50 35 34 36 89% 267865 27243 70%
c #  6.01  0 37 10  14  1 28014 3311 1.5 51 35 34 36 89% 267865 27243 70%
c -  6.50  0 37 11  14  1 30956 1586 1.5 51 34 34 36 89% 267865 27243 70%
c B  7.37  0 36 11  17  1 36018 4631 1.5 51 34 34 36 89% 267865 27243 70%
c -  7.57  0 36 12  17  1 37237 1631 1.5 51 34 34 36 89% 267865 27243 70%
c s  8.04  0 36 12  19  1 39515 2822 1.5 50 34 32 36 89% 267792 27243 70%
c e  8.07  0 36 12  19  1 39515 2822 1.5 50 34 32 36 89% 267780 27239 70%
c s  8.09  0 36 12  19  1 39515 2819 1.5 50 34 32 36 89% 267766 27239 70%
c e  8.11  0 36 12  19  1 39515 2819 1.5 50 34 32 36 89% 267759 27236 70%
c
c  seconds  reductions  conflicts       size    tier2         variables
c         MB     restarts    redundant     glue     trail          remaining
c          level      rate        size/glue  tier1    irredundant
c
c -  8.93  0 36 13  21  1 44126 1592 1.5 50 34 32 36 89% 267759 27236 70%
c u  9.04  0 36 13  21  1 44126 1590 1.5 50 34 32 36 89% 267759 27236 70%
c w  9.06  0 36 13  21  1 44126 1565 1.5 50 34 32 36 89% 267759 27236 70%
c W  9.58  0 36 13  21  1 45019 2061 1.5 49 34 32 36 89% 267759 27236 70%
c - 10.70  0 35 14  26  1 51624 1721 1.5 49 33 32 36 89% 267759 27236 70%
c O 11.25  0 35 14  28  1 55022 3622 1.5 49 33 32 36 89% 267759 27236 70%
c - 12.08  0 35 15  29  1 59733 1807 1.4 48 33 32 36 89% 267759 27236 70%
c p 12.09  0 35 15  29  1 59733 1811 1.4 48 33 32 36 89% 267759 27236 70%
c s 13.13  0 34 15  29  1 65894 4727 1.4 46 32 32 36 88% 267735 27236 70%
c e 13.17  0 34 15  29  1 65894 4727 1.4 46 32 32 36 88% 267732 27235 70%
c s 13.17  0 34 15  29  1 65894 4695 1.4 46 32 32 36 88% 267725 27235 70%
c e 13.20  0 34 15  29  1 65894 4695 1.4 46 32 32 36 88% 267720 27233 70%
c B 13.22  0 34 15  29  1 66023 4752 1.4 46 32 32 36 88% 267720 27233 70%
c - 13.63  0 34 16  30  1 68458 1840 1.4 46 32 32 36 88% 267720 27233 70%
c p 13.66  0 34 16  30  1 68458 1861 1.4 46 32 32 36 88% 267720 27233 70%
c w 13.71  0 34 16  30  1 68458 1846 1.4 46 32 32 36 88% 267720 27233 70%
c - 15.22  0 34 17  30  1 77796 2095 1.4 45 32 30 35 88% 267718 27233 70%
c p 15.23  0 34 17  30  1 77796 2123 1.4 45 32 30 35 88% 267718 27233 70%
c W 15.81  0 34 17  30  1 78026 2247 1.4 45 32 30 35 88% 267718 27233 70%
c - 17.32  0 34 18  34  1 87749 2188 1.4 45 32 30 35 88% 267718 27233 70%
c
c  seconds  reductions  conflicts       size    tier2         variables
c         MB     restarts    redundant     glue     trail          remaining
c          level      rate        size/glue  tier1    irredundant
c
c p 17.33  0 34 18  34  1 87749 2235 1.4 45 32 30 35 88% 267718 27233 70%
c w 17.50  0 34 18  34  1 87749 2216 1.4 45 32 30 35 88% 267718 27233 70%
c I 18.10  0 33 18  36  1 91028 3853 1.4 45 32 30 35 88% 267718 27233 70%
c - 19.46  0 33 19  40  1 98320 2177 1.4 44 31 30 35 88% 267718 27233 70%
c p 19.47  0 33 19  40  1 98320 2230 1.4 44 31 30 35 88% 267718 27233 70%
c s 19.60  0 33 19  40  1 98867 2372 1.4 44 31 30 35 88% 267705 27233 70%
c e 19.64  0 33 19  40  1 98867 2372 1.4 44 31 30 35 88% 267703 27232 70%
c s 19.64  0 33 19  40  1 98867 2359 1.4 44 31 30 35 88% 267701 27232 70%
c e 19.67  0 33 19  40  1 98867 2359 1.4 44 31 30 35 88% 267696 27230 70%
c B 20.81  0 32 19  44  1 105033 5403 1.4 44 31 30 35 88% 267696 27230 70%
c - 21.65  0 32 20  45  1 109512 2205 1.4 43 30 30 35 88% 267696 27230 70%
c p 21.67  0 32 20  45  1 109512 2283 1.4 43 30 30 35 88% 267696 27230 70%
c w 21.74  0 32 20  45  1 109512 2262 1.4 43 30 30 35 88% 267696 27230 70%
c W 24.30  0 32 20  48  1 120038 7612 1.4 43 30 30 35 88% 267696 27230 70%
c - 24.59  0 31 21  49  1 121325 2341 1.4 43 30 30 35 88% 267696 27230 70%
c p 24.60  0 31 21  49  1 121325 2399 1.4 43 30 30 35 88% 267696 27230 70%
c - 26.73  0 31 22  56  1 133755 2435 1.5 42 29 30 35 88% 267696 27230 70%
c p 26.73  0 31 22  56  1 133755 2512 1.5 42 29 30 35 88% 267696 27230 70%
c w 26.80  0 31 22  56  1 133755 2500 1.5 42 29 30 35 88% 267696 27230 70%
c F 27.21  0 31 22  58  1 136041 3729 1.5 43 29 30 35 88% 267689 27230 70%
c
c  seconds  reductions  conflicts        size    tier2         variables
c         MB     restarts     redundant     glue     trail          remaining
c          level      rate         size/glue  tier1    irredundant
c
c s 27.66  0 31 22  59  1 138435 4269 1.5 43 29 26 33 88% 267679 27230 70%
c e 27.70  0 31 22  59  1 138435 4269 1.5 43 29 26 33 88% 267666 27227 70%
c s 27.70  0 31 22  59  1 138435 4267 1.5 43 29 26 33 88% 267664 27227 70%
c e 27.72  0 31 22  59  1 138435 4267 1.5 43 29 26 33 88% 267655 27223 70%
c - 29.12  0 31 23  60  1 146807 2515 1.5 43 30 26 33 88% 267655 27223 70%
c p 29.13  0 31 23  60  1 146807 2590 1.5 43 30 26 33 88% 267655 27223 70%
c B 30.12  0 32 23  61  1 153042 5973 1.5 43 30 26 33 88% 267655 27223 70%
c - 31.52  0 32 24  61  1 160480 2853 1.5 44 30 26 33 88% 267655 27223 70%
c p 31.53  0 32 24  61  1 160480 2940 1.5 44 30 26 33 88% 267655 27223 70%
c w 31.75  0 32 24  61  1 160480 2912 1.5 44 30 26 33 88% 267655 27223 70%
c W 34.27  0 32 24  62  1 171044 8293 1.4 44 30 26 33 88% 267655 27223 70%
c - 34.95  0 32 25  62  1 174776 2842 1.4 43 30 26 33 88% 267655 27223 70%
c p 34.95  0 32 25  62  1 174776 3000 1.4 43 30 26 33 88% 267655 27223 70%
c s 36.62  0 32 25  62  1 184601 7741 1.4 44 30 26 33 88% 267642 27223 70%
c e 36.65  0 32 25  62  1 184601 7741 1.4 44 30 26 33 88% 267640 27222 70%
c s 36.65  0 32 25  62  1 184601 7736 1.4 44 30 26 33 88% 267633 27222 70%
c e 36.67  0 32 25  62  1 184601 7736 1.4 44 30 26 33 88% 267626 27218 70%
c - 37.65  0 32 26  62  1 189699 2790 1.4 43 30 26 33 88% 267626 27218 70%
c p 37.67  0 32 26  62  1 189699 2965 1.4 43 30 26 33 88% 267626 27218 70%
c w 37.74  0 32 26  62  1 189699 2946 1.4 43 30 26 33 88% 267626 27218 70%
c
c  seconds  reductions  conflicts        size    tier2         variables
c         MB     restarts     redundant     glue     trail          remaining
c          level      rate         size/glue  tier1    irredundant
c
c # 37.82  0 32 26  62  1 190048 3141 1.4 43 30 26 33 88% 267626 27218 70%
c - 40.21  0 32 27  67  1 205241 3054 1.4 44 31 27 33 88% 267626 27218 70%
c p 40.22  0 32 27  67  1 205241 3200 1.4 44 31 27 33 88% 267626 27218 70%
c B 41.01  0 32 27  69  1 210050 5816 1.4 44 31 27 33 88% 267626 27218 70%
c - 42.96  0 32 28  76  1 221408 3163 1.4 44 31 27 33 88% 267626 27218 70%
c p 42.97  0 32 28  76  1 221408 3342 1.4 44 31 27 33 88% 267626 27218 70%
c w 43.06  0 32 28  76  1 221408 3324 1.4 44 31 27 33 88% 267626 27218 70%
c W 45.32  0 33 28  77  1 231051 8654 1.4 44 31 27 33 88% 267626 27218 70%
c s 46.35  0 33 28  81  1 237364 11960 1.4 44 31 27 33 88% 267620 27218 70%
c s 46.39  0 33 28  81  1 237364 11954 1.4 44 31 27 33 88% 267615 27218 70%
c e 46.40  0 33 28  81  1 237364 11954 1.4 44 31 27 33 88% 267611 27216 70%
c - 46.58  0 33 29  82  1 238200 3391 1.4 45 31 27 33 88% 267611 27216 70%
c p 46.60  0 33 29  82  1 238200 3549 1.4 45 31 27 33 88% 267611 27216 70%
c O 49.12  0 33 29  90  1 253052 11390 1.4 45 31 27 33 88% 267611 27216 70%
c - 49.59  0 33 30  91  1 255616 3459 1.4 45 31 27 33 88% 267611 27216 70%
c p 49.60  0 33 30  91  1 255616 3630 1.4 45 31 27 33 88% 267611 27216 70%
c w 49.68  0 33 30  91  1 255616 3615 1.4 45 31 27 33 88% 267611 27216 70%
c - 52.58  0 32 31  93  1 273659 3861 1.4 44 31 27 33 88% 267611 27216 70%
c p 52.60  0 32 31  93  1 273659 4016 1.4 44 31 27 33 88% 267611 27216 70%
c w 52.89  0 32 31  93  1 273659 4009 1.4 44 31 27 33 88% 267611 27216 70%
c
c  seconds  reductions  conflicts        size    tier2         variables
c         MB     restarts     redundant     glue     trail          remaining
c          level      rate         size/glue  tier1    irredundant
c
c B 53.31  0 32 31  93  1 276054 5460 1.4 44 31 27 33 88% 267611 27216 70%
c - 55.95  0 32 32 100  1 292329 3903 1.4 43 30 27 33 88% 267611 27216 70%
c p 55.95  0 32 32 100  1 292329 4137 1.4 43 30 27 33 88% 267611 27216 70%
c w 56.01  0 32 32 100  1 292329 4129 1.4 43 30 27 33 88% 267611 27216 70%
c s 56.72  0 32 32 102  1 296722 6288 1.4 43 30 27 33 88% 267606 27216 70%
c s 56.77  0 32 32 102  1 296722 6281 1.4 43 30 27 33 88% 267604 27216 70%
c e 56.78  0 32 32 102  1 296722 6278 1.4 43 30 27 33 88% 267602 27215 70%
c W 58.38  0 32 32 104  1 300058 8358 1.4 43 30 27 33 88% 267602 27215 70%
c - 60.24  0 32 33 108  1 311623 4286 1.4 44 31 27 33 88% 267602 27215 70%
c p 60.25  0 32 33 108  1 311623 4466 1.4 44 31 27 33 88% 267602 27215 70%
c w 60.31  0 32 33 108  1 311623 4455 1.4 44 31 27 33 88% 267602 27215 70%
c I 62.45  0 32 33 115  1 325062 13140 1.5 45 31 27 33 88% 267602 27215 70%
c - 63.59  0 32 34 118  1 331544 4378 1.5 44 30 27 33 88% 267602 27215 70%
c p 63.61  0 32 34 118  1 331544 4543 1.5 44 30 27 33 88% 267602 27215 70%
c w 63.67  0 32 34 118  1 331544 4525 1.5 44 30 27 33 88% 267602 27215 70%
c B 66.98  0 31 34 124  1 351063 15417 1.5 44 30 26 33 88% 267602 27215 70%
c - 67.18  0 31 35 124  1 352097 4199 1.5 44 30 26 33 88% 267602 27215 70%
c p 67.21  0 31 35 124  1 352097 4353 1.5 44 30 26 33 88% 267602 27215 70%
c w 67.27  0 31 35 124  1 352097 4334 1.5 44 30 26 33 88% 267602 27215 70%
c s 68.98  0 31 35 124  1 362676 9398 1.5 43 29 26 33 88% 267600 27215 70%
c
c  seconds  reductions  conflicts        size    tier2         variables
c         MB     restarts     redundant     glue     trail          remaining
c          level      rate         size/glue  tier1    irredundant
c
c e 69.01  0 31 35 124  1 362676 9398 1.5 43 29 26 33 88% 267598 27214 70%
c s 69.02  0 31 35 124  1 362676 9363 1.5 43 29 26 33 88% 267596 27214 70%
c - 70.89  0 31 36 125  1 373273 3911 1.5 43 29 26 33 88% 267596 27214 70%
c p 70.90  0 31 36 125  1 373273 4161 1.5 43 29 26 33 88% 267596 27214 70%
c w 70.96  0 31 36 125  1 373273 4143 1.5 43 29 26 33 88% 267596 27214 70%
c W 72.70  0 31 36 125  1 378064 6600 1.5 42 29 26 33 88% 267596 27214 70%
c - 75.60  0 30 37 125  1 395076 3928 1.5 41 28 26 33 88% 267596 27214 70%
c p 75.61  0 30 37 125  1 395076 4302 1.5 41 28 26 33 88% 267596 27214 70%
c w 75.68  0 30 37 125  1 395076 4278 1.5 41 28 26 33 88% 267596 27214 70%
c F 77.55  0 29 37 126  1 406067 10298 1.5 41 28 25 32 88% 267596 27214 70%
c - 79.28  0 30 38 126  1 417507 4315 1.5 41 28 25 32 88% 267596 27214 70%
c p 79.30  0 30 38 126  1 417507 4590 1.5 41 28 25 32 88% 267596 27214 70%
c w 79.38  0 30 38 126  1 417507 4575 1.5 41 28 25 32 88% 267596 27214 70%
c B 82.14  0 30 38 126  1 435068 13798 1.5 42 29 25 32 88% 267596 27214 70%
c s 82.20  0 30 38 126  1 435225 13651 1.5 42 29 25 32 88% 267596 27214 70%
c e 82.22  0 30 38 126  1 435225 13651 1.5 42 29 25 32 88% 267594 27213 70%
c s 82.24  0 30 38 126  1 435225 13643 1.5 42 29 25 32 88% 267593 27213 70%
c - 83.21  0 30 39 126  1 440565 4087 1.5 41 28 25 32 88% 267593 27213 70%
c p 83.23  0 30 39 126  1 440565 4352 1.5 41 28 25 32 88% 267593 27213 70%
c w 83.60  0 30 39 126  1 440565 4295 1.5 41 28 25 32 88% 267593 27213 70%
c
c  seconds  reductions  conflicts        size    tier2         variables
c         MB     restarts     redundant     glue     trail          remaining
c          level      rate         size/glue  tier1    irredundant
c
c - 87.56  0 30 40 126  1 464251 4213 1.5 41 28 25 32 88% 267593 27213 70%
c p 87.57  0 30 40 126  1 464251 4475 1.5 41 28 25 32 88% 267593 27213 70%
c w 87.63  0 30 40 126  1 464251 4456 1.5 41 28 25 32 88% 267593 27213 70%
c W 89.22  0 30 40 126  1 465069 4867 1.5 41 28 25 32 88% 267593 27213 70%
c - 93.03  0 30 41 140  1 488565 4053 1.4 41 29 25 32 88% 267593 27213 70%
c p 93.04  0 30 41 140  1 488565 4358 1.4 41 29 25 32 88% 267593 27213 70%
c w 93.10  0 30 41 140  1 488565 4345 1.4 41 29 25 32 88% 267593 27213 70%
c # 94.35  0 30 41 141  1 496070 8459 1.4 42 29 25 32 88% 267587 27213 70%
c - 97.13  0 31 42 150  1 513509 4331 1.4 42 29 25 32 88% 267587 27213 70%
c p 97.14  0 31 42 150  1 513509 4512 1.4 42 29 25 32 88% 267587 27213 70%
c w 97.20  0 31 42 150  1 513509 4479 1.4 42 29 25 32 88% 267587 27213 70%
c s 97.37  0 31 42 151  1 514371 4228 1.4 42 29 25 32 88% 267587 27213 70%
c e 97.39  0 31 42 151  1 514371 4228 1.4 42 29 25 32 88% 267583 27212 70%
c s 97.40  0 31 42 151  1 514371 4221 1.4 42 29 25 32 88% 267583 27212 70%
c e 97.42  0 31 42 151  1 514371 4221 1.4 42 29 25 32 88% 267581 27211 70%
c B 99.72  0 31 42 156  1 528072 12099 1.5 43 30 25 32 88% 267581 27211 70%
c - 101.48  0 31 43 157  1 539083 4477 1.5 43 30 25 32 88% 267581 27211 70%
c p 101.50  0 31 43 157  1 539083 4699 1.5 43 30 25 32 88% 267581 27211 70%
c w 101.57  0 31 43 157  1 539083 4667 1.5 43 30 25 32 88% 267581 27211 70%
c W 106.54  0 31 43 164  1 561074 15626 1.4 43 30 25 32 88% 267581 27211 70%
c
c  seconds   reductions  conflicts        size    tier2         variables
c          MB     restarts     redundant     glue     trail          remaining
c           level      rate         size/glue  tier1    irredundant
c
c - 107.21  0 31 44 167  1 565283 4355 1.4 43 30 25 32 88% 267581 27211 70%
c p 107.22  0 31 44 167  1 565283 4630 1.4 43 30 25 32 88% 267581 27211 70%
c w 107.29  0 31 44 167  1 565283 4567 1.4 43 30 25 32 88% 267581 27211 70%
c - 111.91  0 31 45 179  1 592114 4410 1.4 42 29 25 32 88% 267581 27211 70%
c p 111.92  0 31 45 179  1 592114 4845 1.4 42 29 25 32 88% 267581 27211 70%
c w 112.02  0 31 45 179  1 592114 4782 1.4 42 29 25 32 88% 267581 27211 70%
c O 112.52  0 31 45 180  1 595075 6339 1.4 42 29 25 32 88% 267581 27211 70%
c s 113.39  0 31 45 184  1 600114 9624 1.4 42 29 25 32 88% 267581 27211 70%
c s 113.43  0 31 45 184  1 600114 9622 1.4 42 29 25 32 88% 267581 27211 70%
c - 116.83  0 31 46 188  1 619573 4988 1.4 42 29 25 32 88% 267581 27211 70%
c p 116.84  0 31 46 188  1 619573 5343 1.4 42 29 25 32 88% 267581 27211 70%
c w 116.92  0 31 46 188  1 619573 5280 1.4 42 29 25 32 88% 267581 27211 70%
c B 118.67  0 31 46 188  1 630076 10955 1.4 42 29 25 32 88% 267581 27211 70%
c - 121.60  0 31 47 189  1 647662 5051 1.4 42 29 25 32 88% 267581 27211 70%
c p 121.62  0 31 47 189  1 647662 5374 1.4 42 29 25 32 88% 267581 27211 70%
c w 121.71  0 31 47 189  1 647662 5355 1.4 42 29 25 32 88% 267581 27211 70%
c W 126.39  0 31 47 190  1 666079 14452 1.4 42 29 25 31 88% 267581 27211 70%
c - 128.01  0 31 48 196  1 676381 4903 1.4 42 29 25 31 88% 267581 27211 70%
c p 128.02  0 31 48 196  1 676381 5236 1.4 42 29 25 31 88% 267581 27211 70%
c w 128.37  0 31 48 196  1 676381 5222 1.4 42 29 25 31 88% 267581 27211 70%
c
c  seconds   reductions  conflicts         size    tier2         variables
c          MB     restarts      redundant     glue     trail          remaining
c           level      rate          size/glue  tier1    irredundant
c
c s 131.18  0 31 48 204  1 692450 14602 1.5 43 29 25 31 88% 267579 27211 70%
c s 131.23  0 31 48 204  1 692450 14597 1.5 43 29 25 31 88% 267579 27211 70%
c I 133.22  0 31 48 208  1 703081 20114 1.5 43 29 25 31 88% 267579 27211 70%
c - 133.71  0 31 49 210  1 705729 5273 1.5 42 29 25 31 88% 267579 27211 70%
c p 133.73  0 31 49 210  1 705729 5567 1.5 42 29 25 31 88% 267579 27211 70%
c w 133.81  0 31 49 210  1 705729 5553 1.5 42 29 25 31 88% 267579 27211 70%
c - 139.17  0 30 50 220  1 735707 5329 1.5 42 28 24 31 88% 267579 27211 70%
c p 139.18  0 30 50 220  1 735707 5565 1.5 42 28 24 31 88% 267579 27211 70%
c w 139.27  0 30 50 220  1 735707 5533 1.5 42 28 24 31 88% 267579 27211 70%
c B 140.24  0 30 50 220  1 741084 8298 1.5 41 28 24 31 88% 267579 27211 70%
c - 144.66  0 29 51 232  1 766315 5190 1.5 41 28 24 31 88% 267579 27211 70%
c p 144.68  0 29 51 232  1 766315 5442 1.5 41 28 24 31 88% 267579 27211 70%
c w 144.76  0 29 51 232  1 766315 5395 1.5 41 28 24 31 88% 267579 27211 70%
c W 148.59  0 29 51 235  1 780087 13052 1.5 41 28 24 31 88% 267579 27211 70%
c - 151.62  0 30 52 245  1 797554 5461 1.5 41 28 24 31 88% 267579 27211 70%
c p 151.63  0 30 52 245  1 797554 5962 1.5 41 28 24 31 88% 267579 27211 70%
c w 151.72  0 30 52 245  1 797554 5922 1.5 41 28 24 31 88% 267579 27211 70%
c F 155.60  0 30 52 251  1 820088 17525 1.4 41 28 24 31 88% 267579 27211 70%
c - 157.25  0 30 53 251  1 829424 5737 1.5 42 29 24 31 88% 267579 27211 70%
c p 157.27  0 30 53 251  1 829424 6113 1.5 42 29 24 31 88% 267579 27211 70%
c
c  seconds   reductions  conflicts        size    tier2         variables
c          MB     restarts     redundant     glue     trail          remaining
c           level      rate         size/glue  tier1    irredundant
c
c w 157.35  0 30 53 251  1 829424 6068 1.5 42 29 24 31 88% 267579 27211 70%
c B 162.72  0 31 53 252  1 861091 22491 1.4 42 29 24 31 88% 267579 27211 70%
c - 162.87  0 31 54 252  1 861925 5683 1.4 42 29 24 31 88% 267579 27211 70%
c p 162.88  0 31 54 252  1 861925 6028 1.4 42 29 24 31 88% 267579 27211 70%
c w 162.97  0 31 54 252  1 861925 5998 1.4 42 29 24 31 88% 267579 27211 70%
c - 168.41  0 31 55 253  1 895055 5393 1.4 42 30 24 31 88% 267579 27211 70%
c p 168.43  0 31 55 253  1 895055 5722 1.4 42 30 24 31 88% 267579 27211 70%
c w 168.52  0 31 55 253  1 895055 5694 1.4 42 30 24 31 88% 267579 27211 70%
c W 171.69  0 31 55 253  1 903093 9430 1.4 42 30 24 31 88% 267579 27211 70%
c - 176.14  0 31 56 253  1 928815 5450 1.4 42 30 24 31 88% 267579 27211 70%
c p 176.15  0 31 56 253  1 928815 5752 1.4 42 30 24 31 88% 267579 27211 70%
c w 176.23  0 31 56 253  1 928815 5732 1.4 42 30 24 31 88% 267579 27211 70%
c # 179.20  0 31 56 254  1 946095 14624 1.4 42 30 24 31 88% 267579 27211 70%
c - 182.19  0 31 57 254  1 963208 5892 1.4 43 30 24 31 88% 267579 27211 70%
c p 182.22  0 31 57 254  1 963208 6149 1.4 43 30 24 31 88% 267579 27211 70%
c w 182.33  0 31 57 254  1 963208 6098 1.4 43 30 24 31 88% 267579 27211 70%
c B 186.97  0 32 57 254  1 990097 21149 1.5 45 30 24 31 88% 267579 27211 70%
c - 188.43  0 32 58 254  1 998232 6322 1.5 45 30 24 31 88% 267579 27211 70%
c p 188.44  0 32 58 254  1 998232 6662 1.5 45 30 24 31 88% 267579 27211 70%
c w 189.01  0 32 58 254  1 998232 6593 1.5 45 30 24 31 88% 267579 27211 70%
c
c  seconds   reductions   conflicts        size    tier2         variables
c          MB     restarts      redundant     glue     trail          remaining
c           level      rate          size/glue  tier1    irredundant
c
c - 194.91  0 32 59 254  1 1033885 6162 1.5 45 31 24 31 88% 267579 27211 70%
c p 194.93  0 32 59 254  1 1033885 6652 1.5 45 31 24 31 88% 267579 27211 70%
c w 195.02  0 32 59 254  1 1033885 6546 1.5 45 31 24 31 88% 267579 27211 70%
c W 196.98  0 32 59 254  1 1035098 7267 1.5 45 31 24 31 88% 267579 27211 70%
c - 202.55  0 33 60 259  1 1070171 6627 1.5 47 31 24 31 88% 267579 27211 70%
c p 202.57  0 33 60 259  1 1070171 7058 1.5 47 31 24 31 88% 267579 27211 70%
c w 202.68  0 33 60 259  1 1070171 6982 1.5 47 31 24 31 88% 267579 27211 70%
c O 204.42  0 33 60 265  1 1081102 12954 1.5 47 31 24 31 88% 267579 27211 70%
c - 208.34  0 32 61 276  1 1107087 6437 1.4 44 31 24 31 88% 267579 27211 70%
c p 208.36  0 32 61 276  1 1107087 6783 1.4 44 31 24 31 88% 267579 27211 70%
c w 208.47  0 32 61 276  1 1107087 6670 1.4 44 31 24 31 88% 267579 27211 70%
c B 211.93  0 31 61 284  1 1128103 17176 1.4 43 30 24 31 88% 267579 27211 70%
c - 214.67  0 32 62 285  1 1144634 6379 1.4 43 30 24 31 88% 267579 27211 70%
c p 214.68  0 32 62 285  1 1144634 6811 1.4 43 30 24 31 88% 267579 27211 70%
c w 214.80  0 32 62 285  1 1144634 6708 1.4 43 30 24 31 88% 267579 27211 70%
c W 222.18  0 32 62 300  1 1176104 21192 1.4 43 31 24 31 88% 267579 27211 70%
c - 223.30  0 32 63 303  1 1182812 6190 1.4 44 31 24 31 88% 267579 27211 70%
c p 223.32  0 32 63 303  1 1182812 6524 1.4 44 31 24 31 88% 267579 27211 70%
c w 223.44  0 32 63 303  1 1182812 6387 1.4 44 31 24 31 88% 267579 27211 70%
c - 229.83  0 33 64 316  1 1221622 6288 1.4 43 31 25 31 88% 267579 27211 70%
c
c  seconds   reductions   conflicts        size    tier2         variables
c          MB     restarts      redundant     glue     trail          remaining
c           level      rate          size/glue  tier1    irredundant
c
c p 229.85  0 33 64 316  1 1221622 6507 1.4 43 31 25 31 88% 267579 27211 70%
c w 229.97  0 33 64 316  1 1221622 6414 1.4 43 31 25 31 88% 267579 27211 70%
c I 230.61  0 33 64 316  1 1225105 8433 1.4 43 31 25 31 88% 267579 27211 70%
c - 236.95  0 33 65 317  1 1261064 8366 1.5 47 31 25 31 88% 267579 27211 70%
c p 236.97  0 33 65 317  1 1261064 8991 1.5 47 31 25 31 88% 267579 27211 70%
c w 237.07  0 33 65 317  1 1261064 8938 1.5 47 31 25 31 88% 267579 27211 70%
c s 237.14  0 33 65 317  1 1261064 7533 1.5 47 31 25 31 88% 267570 27211 70%
c s 237.17  0 33 65 317  1 1261064 7365 1.5 47 31 25 31 88% 267570 27211 70%
c B 239.52  0 32 65 324  1 1275109 15320 1.5 46 30 25 31 88% 267570 27211 70%
c - 243.96  0 32 66 335  1 1301141 7101 1.5 46 30 25 31 88% 267570 27211 70%
c p 243.99  0 32 66 335  1 1301141 7576 1.5 46 30 25 31 88% 267570 27211 70%
c w 244.10  0 32 66 335  1 1301141 7519 1.5 46 30 25 31 88% 267570 27211 70%
c W 249.84  0 33 66 347  1 1326110 21795 1.5 46 31 25 31 88% 267570 27211 70%
c - 252.34  0 33 67 348  1 1341845 7771 1.5 47 31 25 31 88% 267570 27211 70%
c p 252.36  0 33 67 348  1 1341845 8136 1.5 47 31 25 31 88% 267570 27211 70%
c w 252.47  0 33 67 348  1 1341845 8078 1.5 47 31 25 31 88% 267570 27211 70%
c F 258.07  0 33 67 363  1 1378112 27169 1.5 47 31 25 31 88% 267570 27211 70%
c - 258.91  0 33 68 366  1 1383183 7449 1.5 47 31 25 31 88% 267570 27211 70%
c p 258.93  0 33 68 366  1 1383183 7905 1.5 47 31 25 31 88% 267570 27211 70%
c u 259.02  0 33 68 366  1 1383183 7903 1.5 47 31 25 31 88% 267570 27211 70%
c
c  seconds   reductions   conflicts        size    tier2         variables
c          MB     restarts      redundant     glue     trail          remaining
c           level      rate          size/glue  tier1    irredundant
c
c w 259.07  0 33 68 366  1 1383183 7827 1.5 47 31 25 31 88% 267570 27211 70%
c - 265.57  0 33 69 379  1 1425152 7517 1.5 46 31 25 31 88% 267570 27211 70%
c p 265.59  0 33 69 379  1 1425152 7849 1.5 46 31 25 31 88% 267570 27211 70%
c u 266.12  0 33 69 379  1 1425152 7846 1.5 46 31 25 31 88% 267570 27211 70%
c w 266.16  0 33 69 379  1 1425152 7780 1.5 46 31 25 31 88% 267570 27211 70%
c B 267.10  0 33 69 380  1 1431113 11003 1.5 46 31 25 31 88% 267570 27211 70%
c - 272.94  0 33 70 381  1 1467752 7575 1.5 46 31 25 31 88% 267570 27211 70%
c p 272.95  0 33 70 381  1 1467752 7818 1.5 46 31 25 31 88% 267570 27211 70%
c w 273.07  0 33 70 381  1 1467752 7791 1.5 46 31 25 31 88% 267570 27211 70%
c ] 277.11  0 33 70 381  1 1485113 16760 1.5 46 31 25 31 88% 267570 27211 70%
c ? 277.11  0 33 70 381  1 1485113 16760 1.5 46 31 25 31 88% 267570 27211 70%
c
c --- [ result ] -------------------------------------------------------------
c
c writing result to 'search-results/cadical-complete-cover-20260902/anchor-002-p0-s1.result'
c
c --- [ run-time profiling ] -------------------------------------------------
c
c process time taken by individual solving procedures
c (percentage relative to process time for solving)
c
c       267.64   96.60% search
c       247.69   89.40% stable
c        19.88    7.18% walk
c         9.42    3.40% simplify
c         3.14    1.13% vivify
c         2.18    0.79% sweep
c         1.02    0.37% backbone
c         0.78    0.28% elim
c         0.46    0.17% subsume
c         0.29    0.10% probe
c         0.27    0.10% ternary
c         0.24    0.09% congruence
c         0.07    0.03% lucky
c         0.05    0.02% parse
c   =================================
c       277.06   99.98% solve
c
c last line shows process time for solving
c (percentage relative to total process time)
c
c --- [ statistics ] ---------------------------------------------------------
c
c chronological:            172707        11.63 %  of conflicts
c conflicts:               1485113      5360.34    per second
c backbone:               77442356    198865.89 %  of vars
c decisions:               1617004      5836.38    per second
c eliminated:                 2805         7.20 %  of all variables
c fixed:                      8926        22.92 %  of all variables
c learned:                 1463460        98.54 %  per conflict
c learned_lits:          752963197       100.00 %  learned literals
c minimized:                     0         0.00 %  learned literals
c shrunken:              684651467        90.93 %  learned literals
c minishrunken:            4303933         0.57 %  learned literals
c otfs:                        585         0.04 %  of conflict
c propagations:          798065906         2.88 M  per second
c reduced:                  769378        51.81 %  per conflict
c rephased:                     54     27502.09    interval
c restarts:                    381      3897.93    interval
c subsumed:                 675974        37.91 %  of all clauses
c strengthened:              38578         2.16 %  of all clauses
c ticks:               10784801777        18.63    propagation
c vivified:                   2081         0.12 %  of all clauses
c walked:                       18     82506.28    interval
c weakened:                  14624         7.77    average size
c congruence:                   11    135010.27    interval
c
c seconds are measured in process time for solving
c
c --- [ glue usage ] ---------------------------------------------------------
c
c focused glue 2 used 0 clauses 0.000% accumulated 0.000% tier1
c focused glue 3 used 0 clauses 0.000% accumulated 0.000%
c focused glue 4 used 0 clauses 0.000% accumulated 0.000%
c focused glue 5 used 0 clauses 0.000% accumulated 0.000%
c focused glue 6 used 0 clauses 0.000% accumulated 0.000% tier2
c
c stable glue 25 used 254451 clauses 5.322% accumulated 53.15% tier1
c stable glue 26 used 256119 clauses 5.357% accumulated 58.51%
c stable glue 27-29 used 780121 clauses 16.31% accumulated 74.83%
c stable glue 30 used 253320 clauses 5.299% accumulated 80.13%
c stable glue 31 used 241870 clauses 5.059% accumulated 85.19% tier2
c
c
c --- [ resources ] ----------------------------------------------------------
c
c total process time since initialization:       277.11    seconds
c total real time since initialization:          300.01    seconds
c maximum resident set size of process:          201.69    MB
c
c --- [ shutting down ] ------------------------------------------------------
c
c exit 0
