c --- [ banner ] -------------------------------------------------------------
c
c CaDiCaL SAT Solver
c Copyright (c) 2016-2026
c A. Biere, M. Fleury, N. Froleyks, K. Fazekas, F. Pollitt, T. Faller
c JKU Linz, University of Freiburg, TU Wien
c
c Version 3.0.1 c60730422e758ef1cebe7aeddf2dda31c996bf04
c Apple clang version 21.0.0 (clang-2100.1.1.101) -Wall -Wextra -O3 -DNDEBUG -DNCLOSEFROM
c Tue Sep 1 21:08:57 PDT 2026 Darwin retained-runner 25.6.0 arm64
c
c --- [ limit ] --------------------------------------------------------------
c
c setting time limit to 300 seconds real time (due to '-t 300')
c
c --- [ parsing input ] ------------------------------------------------------
c
c reading DIMACS file from 'search-results/cadical-complete-cover-20260902/cnf/anchor-000-p0-s0.cnf'
c opening file to read 'search-results/cadical-complete-cover-20260902/cnf/anchor-000-p0-s0.cnf'
c found 'p cnf 38942 364405' header
c parsed 364405 clauses in 0.04 seconds process time
c
c --- [ options ] ------------------------------------------------------------
c
c   --elimeffort=10                (different from default '1e3')
c   --stabilizeonly=true           (different from default 'false')
c   --subsumeeffort=60             (different from default '1e3')
c
c --- [ solving ] ------------------------------------------------------------
c
c time measured in process time since initialization
c
c  seconds  reduction conflicts       size tier2        variables
c         MB    restarts   redundant    glue  trail          remaining
c          level     rate       size/glu tier1  irredundant
c
c *  0.04  0  0 0   0  0    0    0 0.0 0 0 2 6  0% 289793 30156 77%
c )  0.07  0  0 0   0  0    0    0 0.0 0 0 2 6  0% 289793 30156 77%
c [  0.10  0  0 0   0  0    0    0 0.0 0 0 2 6  0% 289793 30156 77%
c -  0.14  0 40 1   0  2  300  107 1.6 45 29 2 6 96% 274878 30156 77%
c -  0.22  0 39 2   0  2  923  354 1.5 41 26 2 6 96% 274878 30156 77%
c I  0.23  0 39 2   0  2 1002  423 1.6 42 26 2 6 96% 274878 30156 77%
c -  0.44  0 39 3   1  2 2016  426 1.3 43 32 2 6 94% 274878 30156 77%
c t  0.66  0 39 3   2  1 2984  834 1.3 44 34 2 6 94% 274878 30156 77%
c B  0.69  0 39 3   2  1 3004  844 1.3 44 34 2 6 92% 274878 30156 77%
c -  0.78  0 39 4   2  1 3631  603 1.4 48 34 2 6 96% 274878 30156 77%
c -  1.09  0 38 5   4  1 5798  961 1.7 56 33 34 37 96% 274878 30156 77%
c W  1.20  0 38 5   4  1 6005 1072 1.7 56 33 34 37 96% 274878 30156 77%
c s  1.32  0 38 5   5  1 6530 1364 1.7 57 34 34 37 96% 274878 30156 77%
c e  1.52  0 38 5   5  1 6530  581 1.7 57 34 34 37 96% 269543 27395 70%
c s  1.55  0 38 5   5  1 6530  574 1.7 57 34 34 37 96% 269344 27395 70%
c e  1.64  0 38 5   5  1 6530  573 1.7 57 34 34 37 96% 269211 27344 70%
c 2  1.94  0 38 5   5  1 8089 1889 1.9 62 34 34 37 94% 269211 27344 70%
c -  2.10  0 38 6   6  1 8536  693 1.8 62 34 34 37 93% 269211 27344 70%
c F  2.36  0 37 6   6  1 10009 1818 1.9 62 33 33 37 92% 269211 27344 70%
c -  2.72  0 36 7   6  1 11839  887 1.8 60 32 33 37 91% 269211 27344 70%
c
c  seconds  reductions conflicts       size    tier2         variables
c         MB    restarts    redundant     glue     trail          remaining
c          level     rate        size/glue  tier1    irredundant
c
c B  3.34  0 35 7   9  1 15011 2426 1.7 55 31 31 36 90% 269211 27344 70%
c -  3.50  0 35 8   9  1 15728  850 1.7 54 32 31 36 90% 269211 27344 70%
c s  4.22  0 34 8  12  1 19728 2936 1.6 51 31 31 36 89% 269032 27344 70%
c e  4.29  0 34 8  12  1 19728 2936 1.6 51 31 31 36 89% 268982 27316 70%
c s  4.32  0 34 8  12  1 19728 2934 1.6 51 31 31 36 89% 268818 27316 70%
c e  4.36  0 34 8  12  1 19728 2932 1.6 51 31 31 36 89% 268788 27293 70%
c -  4.47  0 34 9  12  1 20211  979 1.6 52 31 31 36 89% 268788 27293 70%
c 2  4.47  0 34 9  12  1 20211  978 1.6 52 31 31 36 89% 268788 27293 70%
c u  4.50  0 34 9  12  1 20211  977 1.6 52 31 31 36 89% 268788 27293 70%
c w  4.51  0 34 9  12  1 20211  967 1.6 52 31 31 36 89% 268788 27293 70%
c W  4.85  0 34 9  13  1 21012 1378 1.6 51 32 31 36 89% 268788 27293 70%
c -  5.59  0 34 10  14  1 25292 1014 1.6 49 31 29 35 89% 268788 27293 70%
c #  6.10  0 34 10  14  1 28013 2634 1.6 49 31 29 35 89% 268788 27293 70%
c -  6.64  0 33 11  14  1 30973 1184 1.5 48 31 29 35 89% 268788 27293 70%
c B  7.41  0 33 11  17  1 36014 3296 1.5 47 31 29 35 89% 268788 27293 70%
c -  7.61  0 33 12  17  1 37261 1131 1.5 47 31 29 35 89% 268788 27293 70%
c s  8.08  0 33 12  19  1 39531 2196 1.5 46 31 28 33 88% 268630 27293 70%
c e  8.12  0 33 12  19  1 39531 2193 1.5 46 31 28 33 88% 268611 27278 70%
c s  8.13  0 33 12  19  1 39531 2192 1.5 46 31 28 33 88% 268533 27278 70%
c e  8.15  0 33 12  19  1 39531 2191 1.5 46 31 28 33 88% 268387 27267 70%
c
c  seconds  reductions  conflicts       size    tier2         variables
c         MB     restarts    redundant     glue     trail          remaining
c          level      rate        size/glue  tier1    irredundant
c
c -  8.89  0 33 13  21  1 44159 1358 1.5 46 31 28 33 88% 268387 27267 70%
c u  8.91  0 33 13  21  1 44159 1358 1.5 46 31 28 33 88% 268387 27267 70%
c w  8.94  0 33 13  21  1 44159 1343 1.5 46 31 28 33 88% 268387 27267 70%
c W  9.38  0 33 13  21  1 45016 1792 1.5 46 31 28 33 88% 268387 27267 70%
c - 10.37  0 33 14  26  1 51665 1488 1.5 46 31 28 33 88% 268387 27267 70%
c O 10.98  0 33 14  28  1 55017 3185 1.5 45 31 28 33 88% 268387 27267 70%
c - 11.82  0 32 15  29  1 59783 1541 1.5 45 30 28 33 88% 268387 27267 70%
c p 11.82  0 32 15  29  1 59783 1547 1.5 45 30 28 33 88% 268387 27267 70%
c s 12.90  0 32 15  29  1 65925 5039 1.5 44 30 28 33 88% 268358 27267 70%
c e 12.93  0 32 15  29  1 65925 5039 1.5 44 30 28 33 88% 268325 27264 70%
c s 12.95  0 32 15  29  1 65925 5035 1.5 44 30 28 33 88% 268304 27264 70%
c e 12.96  0 32 15  29  1 65925 5034 1.5 44 30 28 33 88% 268298 27262 70%
c B 12.99  0 32 15  29  1 66018 5095 1.5 44 30 28 33 88% 268298 27262 70%
c - 13.40  0 32 16  30  1 68516 1852 1.5 44 30 28 33 88% 268298 27262 70%
c p 13.41  0 32 16  30  1 68516 1895 1.5 44 30 28 33 88% 268298 27262 70%
c w 13.45  0 32 16  30  1 68516 1845 1.5 44 30 28 33 88% 268298 27262 70%
c - 14.91  0 32 17  30  1 77863 1840 1.5 45 31 27 32 88% 268296 27262 70%
c p 14.92  0 32 17  30  1 77863 1867 1.5 45 31 27 32 88% 268296 27262 70%
c W 15.54  0 32 17  30  1 78019 1981 1.5 45 31 27 32 88% 268296 27262 70%
c - 17.08  0 33 18  34  1 87827 2020 1.5 45 31 27 32 88% 268296 27262 70%
c
c  seconds  reductions  conflicts       size    tier2         variables
c         MB     restarts    redundant     glue     trail          remaining
c          level      rate        size/glue  tier1    irredundant
c
c p 17.08  0 33 18  34  1 87827 2053 1.5 45 31 27 32 88% 268296 27262 70%
c w 17.14  0 33 18  34  1 87827 2030 1.5 45 31 27 32 88% 268296 27262 70%
c I 17.61  0 33 18  36  1 91022 4105 1.5 45 31 27 32 88% 268296 27262 70%
c - 18.91  0 32 19  40  1 98411 2312 1.5 45 30 27 32 88% 268296 27262 70%
c p 18.92  0 32 19  40  1 98411 2390 1.5 45 30 27 32 88% 268296 27262 70%
c s 19.05  0 32 19  40  1 98915 2352 1.5 45 30 27 32 88% 268285 27262 70%
c e 19.08  0 32 19  40  1 98915 2346 1.5 45 30 27 32 88% 268281 27260 70%
c s 19.08  0 32 19  40  1 98915 2279 1.5 45 30 27 32 88% 268269 27260 70%
c e 19.10  0 32 19  40  1 98915 2279 1.5 45 30 27 32 88% 268261 27257 70%
c B 20.26  0 32 19  44  1 105024 5607 1.5 45 30 27 32 88% 268261 27257 70%
c - 21.14  0 31 20  45  1 109614 2262 1.5 45 30 27 32 88% 268261 27257 70%
c p 21.15  0 31 20  45  1 109614 2358 1.5 45 30 27 32 88% 268261 27257 70%
c w 21.21  0 31 20  45  1 109614 2321 1.5 45 30 27 32 88% 268261 27257 70%
c W 23.51  0 31 20  48  1 120028 7659 1.5 44 29 27 32 88% 268261 27257 70%
c - 23.76  0 31 21  49  1 121438 2210 1.5 44 29 27 32 88% 268261 27257 70%
c p 23.76  0 31 21  49  1 121438 2292 1.5 44 29 27 32 88% 268261 27257 70%
c - 25.66  0 31 22  56  1 133884 2310 1.5 43 29 27 32 88% 268261 27257 70%
c p 25.66  0 31 22  56  1 133884 2394 1.5 43 29 27 32 88% 268261 27257 70%
c w 25.71  0 31 22  56  1 133884 2361 1.5 43 29 27 32 88% 268261 27257 70%
c F 26.09  0 31 22  58  1 136030 3611 1.5 43 29 27 32 88% 268261 27257 70%
c
c  seconds  reductions  conflicts        size    tier2         variables
c         MB     restarts     redundant     glue     trail          remaining
c          level      rate         size/glue  tier1    irredundant
c
c s 26.51  0 31 22  59  1 138504 4739 1.5 43 29 26 31 88% 268252 27257 70%
c e 26.54  0 31 22  59  1 138504 4737 1.5 43 29 26 31 88% 268250 27256 70%
c s 26.55  0 31 22  59  1 138504 4723 1.5 43 29 26 31 88% 268243 27256 70%
c e 26.56  0 31 22  59  1 138504 4723 1.5 43 29 26 31 88% 268237 27254 70%
c - 27.86  0 31 23  60  1 146953 2325 1.5 43 29 26 31 88% 268237 27254 70%
c p 27.88  0 31 23  60  1 146953 2411 1.5 43 29 26 31 88% 268237 27254 70%
c B 29.01  0 31 23  61  1 153032 5460 1.5 43 29 26 31 88% 268237 27254 70%
c - 30.41  0 31 24  61  1 160643 2506 1.5 43 29 26 31 88% 268237 27254 70%
c p 30.42  0 31 24  61  1 160643 2654 1.5 43 29 26 31 88% 268237 27254 70%
c w 30.50  0 31 24  61  1 160643 2642 1.5 43 29 26 31 88% 268237 27254 70%
c W 33.20  0 31 24  62  1 171035 8147 1.5 43 29 26 31 88% 268237 27254 70%
c - 33.84  0 31 25  62  1 174957 2589 1.5 42 29 26 31 88% 268237 27254 70%
c p 33.85  0 31 25  62  1 174957 2730 1.5 42 29 26 31 88% 268237 27254 70%
c s 35.47  0 31 25  62  1 184691 7517 1.4 42 29 26 31 88% 268233 27254 70%
c e 35.50  0 31 25  62  1 184691 7517 1.4 42 29 26 31 88% 268231 27253 70%
c s 35.51  0 31 25  62  1 184691 7505 1.4 42 29 26 31 88% 268227 27253 70%
c e 35.53  0 31 25  62  1 184691 7505 1.4 42 29 26 31 88% 268221 27251 70%
c - 36.48  0 31 26  62  1 189895 2614 1.4 42 29 26 31 88% 268221 27251 70%
c p 36.49  0 31 26  62  1 189895 2844 1.4 42 29 26 31 88% 268221 27251 70%
c w 36.58  0 31 26  62  1 189895 2788 1.4 42 29 26 31 88% 268221 27251 70%
c
c  seconds  reductions  conflicts        size    tier2         variables
c         MB     restarts     redundant     glue     trail          remaining
c          level      rate         size/glue  tier1    irredundant
c
c # 36.62  0 31 26  62  1 190036 2876 1.4 42 29 26 31 88% 268221 27251 70%
c - 39.01  0 31 27  67  1 205458 2968 1.5 43 29 26 31 88% 268221 27251 70%
c p 39.01  0 31 27  67  1 205458 3145 1.5 43 29 26 31 88% 268221 27251 70%
c B 39.82  0 31 27  69  1 210038 5851 1.5 43 29 26 31 88% 268221 27251 70%
c - 41.86  0 31 28  76  1 221644 3085 1.5 43 29 26 31 88% 268221 27251 70%
c p 41.87  0 31 28  76  1 221644 3251 1.5 43 29 26 31 88% 268221 27251 70%
c w 41.95  0 31 28  76  1 221644 3201 1.5 43 29 26 31 88% 268221 27251 70%
c W 44.11  0 31 28  77  1 231041 8449 1.5 43 30 26 31 88% 268221 27251 70%
c s 45.20  0 31 28  81  1 237477 11847 1.5 43 30 26 31 88% 268220 27251 70%
c e 45.23  0 31 28  81  1 237477 11847 1.5 43 30 26 31 88% 268218 27250 70%
c s 45.23  0 31 28  81  1 237477 11839 1.5 43 30 26 31 88% 268216 27250 70%
c e 45.25  0 31 28  81  1 237477 11839 1.5 43 30 26 31 88% 268213 27249 70%
c - 45.42  0 31 29  82  1 238456 3172 1.4 43 30 26 31 88% 268213 27249 70%
c p 45.43  0 31 29  82  1 238456 3303 1.4 43 30 26 31 88% 268213 27249 70%
c O 48.18  0 31 29  90  1 253042 10773 1.4 43 30 26 31 88% 268213 27249 70%
c - 48.63  0 31 30  91  1 255896 3190 1.4 42 29 26 31 88% 268213 27249 70%
c p 48.64  0 31 30  91  1 255896 3408 1.4 42 29 26 31 88% 268213 27249 70%
c w 48.91  0 31 30  91  1 255896 3360 1.4 42 29 26 31 88% 268213 27249 70%
c - 51.85  0 31 31  93  1 273962 3515 1.4 42 29 25 31 88% 268211 27249 70%
c p 51.86  0 31 31  93  1 273962 3706 1.4 42 29 25 31 88% 268211 27249 70%
c
c  seconds  reductions  conflicts        size    tier2         variables
c         MB     restarts     redundant     glue     trail          remaining
c          level      rate         size/glue  tier1    irredundant
c
c w 51.93  0 31 31  93  1 273962 3674 1.4 42 29 25 31 88% 268211 27249 70%
c B 52.26  0 31 31  93  1 276044 4890 1.4 42 29 25 31 88% 268211 27249 70%
c - 55.26  0 31 32 100  1 292653 3548 1.4 42 29 25 31 88% 268211 27249 70%
c p 55.27  0 31 32 100  1 292653 3721 1.4 42 29 25 31 88% 268211 27249 70%
c w 55.32  0 31 32 100  1 292653 3710 1.4 42 29 25 31 88% 268211 27249 70%
c s 56.09  0 31 32 102  1 296861 5967 1.4 42 30 25 31 88% 268211 27249 70%
c e 56.12  0 31 32 102  1 296861 5967 1.4 42 30 25 31 88% 268205 27247 70%
c s 56.13  0 31 32 102  1 296861 5961 1.4 42 30 25 31 88% 268204 27247 70%
c W 57.75  0 31 32 104  1 300045 7595 1.4 42 30 25 31 88% 268204 27247 70%
c - 59.79  0 31 33 108  1 311974 3505 1.4 42 30 25 31 88% 268204 27247 70%
c p 59.81  0 31 33 108  1 311974 3718 1.4 42 30 25 31 88% 268204 27247 70%
c w 59.87  0 31 33 108  1 311974 3657 1.4 42 30 25 31 88% 268204 27247 70%
c I 62.28  0 31 33 115  1 325046 10248 1.4 42 30 25 31 88% 268204 27247 70%
c - 63.69  0 31 34 118  1 331920 3452 1.4 42 30 25 31 88% 268204 27247 70%
c p 63.70  0 31 34 118  1 331920 3645 1.4 42 30 25 31 88% 268204 27247 70%
c w 63.79  0 31 34 118  1 331920 3603 1.4 42 30 25 31 88% 268204 27247 70%
c B 67.36  0 30 34 124  1 351047 13527 1.4 42 29 25 31 88% 268204 27247 70%
c - 67.65  0 30 35 124  1 352495 3582 1.4 42 29 25 31 88% 268204 27247 70%
c p 67.68  0 30 35 124  1 352495 3792 1.4 42 29 25 31 88% 268204 27247 70%
c w 67.73  0 30 35 124  1 352495 3766 1.4 42 29 25 31 88% 268204 27247 70%
c
c  seconds  reductions  conflicts        size    tier2         variables
c         MB     restarts     redundant     glue     trail          remaining
c          level      rate         size/glue  tier1    irredundant
c
c s 69.76  0 30 35 124  1 362845 8027 1.4 41 28 25 31 88% 268194 27247 70%
c e 69.79  0 30 35 124  1 362845 8027 1.4 41 28 25 31 88% 268188 27245 70%
c s 69.80  0 30 35 124  1 362845 7908 1.4 41 28 25 31 88% 268188 27245 70%
c e 69.81  0 30 35 124  1 362845 7907 1.4 41 28 25 31 88% 268188 27244 70%
c - 71.86  0 30 36 125  1 373696 3546 1.5 41 28 25 31 88% 268188 27244 70%
c p 71.87  0 30 36 125  1 373696 3680 1.5 41 28 25 31 88% 268188 27244 70%
c w 71.95  0 30 36 125  1 373696 3625 1.5 41 28 25 31 88% 268188 27244 70%
c W 73.96  0 30 36 125  1 378048 5859 1.5 41 28 25 31 88% 268188 27244 70%
c - 76.98  0 30 37 125  1 395527 3648 1.5 41 28 25 31 88% 268188 27244 70%
c p 76.99  0 30 37 125  1 395527 4055 1.5 41 28 25 31 88% 268188 27244 70%
c w 77.07  0 30 37 125  1 395527 4026 1.5 41 28 25 31 88% 268188 27244 70%
c F 78.71  0 30 37 126  1 406050 9731 1.5 41 28 25 30 88% 268188 27244 70%
c - 80.62  0 30 38 126  1 417985 3944 1.5 42 29 25 30 88% 268188 27244 70%
c p 80.62  0 30 38 126  1 417985 4213 1.5 42 29 25 30 88% 268188 27244 70%
c w 80.91  0 30 38 126  1 417985 4159 1.5 42 29 25 30 88% 268188 27244 70%
c B 83.69  0 30 38 126  1 435051 12702 1.5 42 29 25 30 88% 268188 27244 70%
c s 83.77  0 31 38 126  1 435429 12390 1.5 42 29 25 30 88% 268185 27244 70%
c s 83.80  0 31 38 126  1 435429 12385 1.5 42 29 25 30 88% 268183 27244 70%
c - 84.76  0 31 39 126  1 441072 3757 1.5 42 29 25 30 88% 268183 27244 70%
c p 84.78  0 31 39 126  1 441072 3985 1.5 42 29 25 30 88% 268183 27244 70%
c
c  seconds  reductions  conflicts        size    tier2         variables
c         MB     restarts     redundant     glue     trail          remaining
c          level      rate         size/glue  tier1    irredundant
c
c w 84.84  0 31 39 126  1 441072 3940 1.5 42 29 25 30 88% 268183 27244 70%
c - 88.76  0 31 40 126  1 464788 3915 1.4 42 29 25 31 88% 268183 27244 70%
c p 88.77  0 31 40 126  1 464788 4164 1.4 42 29 25 31 88% 268183 27244 70%
c w 88.86  0 31 40 126  1 464788 4091 1.4 42 29 25 31 88% 268183 27244 70%
c W 90.26  0 31 40 126  1 465052 4247 1.4 42 29 25 31 88% 268183 27244 70%
c - 94.52  0 31 41 140  1 489132 4141 1.5 42 29 25 31 88% 268183 27244 70%
c p 94.54  0 31 41 140  1 489132 4438 1.5 42 29 25 31 88% 268183 27244 70%
c w 94.60  0 31 41 140  1 489132 4401 1.5 42 29 25 31 88% 268183 27244 70%
c # 95.82  0 31 41 141  1 496054 8083 1.5 43 29 25 31 88% 268179 27244 70%
c - 98.70  0 31 42 151  1 514107 4330 1.5 43 30 25 31 88% 268179 27244 70%
c p 98.70  0 31 42 151  1 514107 4568 1.5 43 30 25 31 88% 268179 27244 70%
c w 98.77  0 31 42 151  1 514107 4469 1.5 43 30 25 31 88% 268179 27244 70%
c s 98.87  0 31 42 151  1 514611 4743 1.5 43 30 25 31 88% 268178 27244 70%
c s 98.90  0 31 42 151  1 514611 4737 1.5 43 30 25 31 88% 268177 27244 70%
c B 100.91  0 31 42 156  1 528055 12261 1.5 43 30 25 31 88% 268177 27244 70%
c - 102.82  0 31 43 157  1 539712 4733 1.5 44 30 25 31 88% 268177 27244 70%
c p 102.84  0 31 43 157  1 539712 4950 1.5 44 30 25 31 88% 268177 27244 70%
c w 102.91  0 31 43 157  1 539712 4892 1.5 44 30 25 31 88% 268177 27244 70%
c W 107.61  0 32 43 164  1 561056 16608 1.5 44 30 25 31 88% 268177 27244 70%
c - 108.48  0 32 44 168  1 565946 4841 1.5 44 30 25 31 88% 268177 27244 70%
c
c  seconds   reductions  conflicts        size    tier2         variables
c          MB     restarts     redundant     glue     trail          remaining
c           level      rate         size/glue  tier1    irredundant
c
c p 108.49  0 32 44 168  1 565946 5027 1.5 44 30 25 31 88% 268177 27244 70%
c w 108.56  0 32 44 168  1 565946 4981 1.5 44 30 25 31 88% 268177 27244 70%
c - 113.23  0 32 45 179  1 592810 4961 1.5 45 30 25 31 88% 268177 27244 70%
c p 113.25  0 32 45 179  1 592810 5265 1.5 45 30 25 31 88% 268177 27244 70%
c w 113.33  0 32 45 179  1 592810 5197 1.5 45 30 25 31 88% 268177 27244 70%
c O 113.70  0 32 45 180  1 595058 6435 1.5 45 30 25 31 88% 268177 27244 70%
c - 117.67  0 31 46 188  1 620305 4966 1.5 44 30 25 31 88% 268177 27244 70%
c p 117.68  0 31 46 188  1 620305 5333 1.5 44 30 25 31 88% 268177 27244 70%
c w 117.77  0 31 46 188  1 620305 5247 1.5 44 30 25 31 88% 268177 27244 70%
c B 119.35  0 31 46 188  1 630059 11532 1.5 44 30 25 31 88% 268177 27244 70%
c - 122.52  0 32 47 189  1 648429 5245 1.4 44 30 25 31 88% 268177 27244 70%
c p 122.53  0 32 47 189  1 648429 5552 1.4 44 30 25 31 88% 268177 27244 70%
c w 122.96  0 32 47 189  1 648429 5433 1.4 44 30 25 31 88% 268177 27244 70%
c W 127.34  0 32 47 190  1 666060 14312 1.4 43 30 25 31 88% 268177 27244 70%
c - 129.43  0 32 48 196  1 677185 4845 1.4 43 30 25 31 88% 268177 27244 70%
c p 129.44  0 32 48 196  1 677185 5151 1.4 43 30 25 31 88% 268177 27244 70%
c w 129.52  0 32 48 196  1 677185 5071 1.4 43 30 25 31 88% 268177 27244 70%
c I 134.25  0 32 48 208  1 703061 18759 1.4 43 30 25 31 88% 268177 27244 70%
c - 134.93  0 32 49 210  1 706570 5148 1.4 43 30 25 31 88% 268177 27244 70%
c p 134.94  0 32 49 210  1 706570 5507 1.4 43 30 25 31 88% 268177 27244 70%
c
c  seconds   reductions  conflicts        size    tier2         variables
c          MB     restarts     redundant     glue     trail          remaining
c           level      rate         size/glue  tier1    irredundant
c
c w 135.03  0 32 49 210  1 706570 5477 1.4 43 30 25 31 88% 268177 27244 70%
c - 140.20  0 31 50 220  1 736586 5338 1.4 42 29 25 31 88% 268177 27244 70%
c p 140.21  0 31 50 220  1 736586 5617 1.4 42 29 25 31 88% 268177 27244 70%
c w 140.30  0 31 50 220  1 736586 5559 1.4 42 29 25 31 88% 268177 27244 70%
c B 141.12  0 30 50 220  1 741062 7956 1.4 41 29 25 31 88% 268177 27244 70%
c - 145.65  0 31 51 233  1 767234 5463 1.4 41 29 25 31 88% 268177 27244 70%
c p 145.68  0 31 51 233  1 767234 5730 1.4 41 29 25 31 88% 268177 27244 70%
c w 145.77  0 31 51 233  1 767234 5662 1.4 41 29 25 31 88% 268177 27244 70%
c W 149.27  0 31 51 235  1 780063 13110 1.4 42 29 25 31 88% 268177 27244 70%
c - 152.22  0 31 52 246  1 798515 5845 1.5 43 29 25 31 88% 268177 27244 70%
c p 152.23  0 31 52 246  1 798515 6153 1.5 43 29 25 31 88% 268177 27244 70%
c w 152.32  0 31 52 246  1 798515 6072 1.5 43 29 25 31 88% 268177 27244 70%
c F 155.86  0 31 52 251  1 820064 17606 1.5 44 30 25 31 88% 268177 27244 70%
c - 157.85  0 31 53 251  1 830424 6211 1.5 46 30 25 31 88% 268177 27244 70%
c p 157.87  0 31 53 251  1 830424 6708 1.5 46 30 25 31 88% 268177 27244 70%
c w 157.96  0 31 53 251  1 830424 6662 1.5 46 30 25 31 88% 268177 27244 70%
c B 163.04  0 32 53 252  1 861065 22395 1.5 45 30 25 31 88% 268177 27244 70%
c - 163.38  0 32 54 252  1 862966 5744 1.5 45 30 25 31 88% 268177 27244 70%
c p 163.39  0 32 54 252  1 862966 6105 1.5 45 30 25 31 88% 268177 27244 70%
c w 163.48  0 32 54 252  1 862966 6029 1.5 45 30 25 31 88% 268177 27244 70%
c
c  seconds   reductions  conflicts        size    tier2         variables
c          MB     restarts     redundant     glue     trail          remaining
c           level      rate         size/glue  tier1    irredundant
c
c - 169.35  0 31 55 253  1 896138 5706 1.5 44 30 25 31 88% 268177 27244 70%
c p 169.37  0 31 55 253  1 896138 6078 1.5 44 30 25 31 88% 268177 27244 70%
c w 169.47  0 31 55 253  1 896138 5973 1.5 44 30 25 31 88% 268177 27244 70%
c W 172.46  0 32 55 253  1 903068 10309 1.5 44 30 25 31 88% 268177 27244 70%
c - 177.25  0 32 56 253  1 929943 6596 1.5 46 30 25 31 88% 268177 27244 70%
c p 177.26  0 32 56 253  1 929943 7071 1.5 46 30 25 31 88% 268177 27244 70%
c w 177.36  0 32 56 253  1 929943 7037 1.5 46 30 25 31 88% 268177 27244 70%
c # 180.40  0 32 56 254  1 946073 16373 1.5 46 30 25 31 88% 268177 27244 70%
c - 183.44  0 32 57 254  1 964379 6721 1.6 48 31 25 31 88% 268177 27244 70%
c p 183.46  0 32 57 254  1 964379 7077 1.6 48 31 25 31 88% 268177 27244 70%
c w 183.94  0 32 57 254  1 964379 6991 1.6 48 31 25 31 88% 268177 27244 70%
c B 188.02  0 32 57 254  1 990074 20758 1.5 47 31 25 31 88% 268177 27244 70%
c - 189.74  0 32 58 254  1 999448 6296 1.5 47 31 25 31 88% 268177 27244 70%
c p 189.76  0 32 58 254  1 999448 6491 1.5 47 31 25 31 88% 268177 27244 70%
c w 189.86  0 32 58 254  1 999448 6400 1.5 47 31 25 31 88% 268177 27244 70%
c W 197.66  0 32 58 254  1 1035075 24493 1.5 45 31 25 31 88% 268177 27244 70%
c - 197.69  0 32 59 254  1 1035150 6090 1.5 45 31 25 31 88% 268177 27244 70%
c p 197.71  0 32 59 254  1 1035150 6613 1.5 45 31 25 31 88% 268177 27244 70%
c w 197.82  0 32 59 254  1 1035150 6469 1.5 45 31 25 31 88% 268177 27244 70%
c - 203.86  0 32 60 260  1 1071481 5880 1.4 44 31 25 31 88% 268177 27244 70%
c
c  seconds   reductions   conflicts        size    tier2         variables
c          MB     restarts      redundant     glue     trail          remaining
c           level      rate          size/glue  tier1    irredundant
c
c p 203.87  0 32 60 260  1 1071481 6285 1.4 44 31 25 31 88% 268177 27244 70%
c w 203.99  0 32 60 260  1 1071481 6184 1.4 44 31 25 31 88% 268177 27244 70%
c O 205.48  0 32 60 265  1 1081076 10922 1.4 44 31 25 31 88% 268177 27244 70%
c - 210.02  0 31 61 276  1 1108445 6460 1.4 43 30 25 31 88% 268177 27244 70%
c p 210.04  0 31 61 276  1 1108445 6996 1.4 43 30 25 31 88% 268177 27244 70%
c w 210.18  0 31 61 276  1 1108445 6827 1.4 43 30 25 31 88% 268177 27244 70%
c B 213.29  0 31 61 284  1 1128077 17253 1.4 43 30 25 31 88% 268177 27244 70%
c - 216.25  0 32 62 285  1 1146042 7339 1.5 45 30 25 31 88% 268177 27244 70%
c p 216.26  0 32 62 285  1 1146042 7765 1.5 45 30 25 31 88% 268177 27244 70%
c w 216.37  0 32 62 285  1 1146042 7691 1.5 45 30 25 31 88% 268177 27244 70%
c W 223.62  0 32 62 300  1 1176079 25940 1.5 45 31 25 31 88% 268177 27244 70%
c - 225.23  0 32 63 303  1 1184271 7466 1.5 45 31 25 31 88% 268177 27244 70%
c p 225.27  0 32 63 303  1 1184271 7776 1.5 45 31 25 31 88% 268177 27244 70%
c w 225.37  0 32 63 303  1 1184271 7722 1.5 45 31 25 31 88% 268177 27244 70%
c - 231.83  0 32 64 316  1 1223132 7056 1.5 45 31 25 31 88% 268177 27244 70%
c p 231.84  0 32 64 316  1 1223132 7371 1.5 45 31 25 31 88% 268177 27244 70%
c w 231.94  0 32 64 316  1 1223132 7327 1.5 45 31 25 31 88% 268177 27244 70%
c I 232.27  0 32 64 316  1 1225081 8458 1.5 45 31 25 31 88% 268177 27244 70%
c - 238.73  0 32 65 317  1 1262624 7437 1.5 44 30 25 31 88% 268177 27244 70%
c p 238.75  0 32 65 317  1 1262624 7978 1.5 44 30 25 31 88% 268177 27244 70%
c
c  seconds   reductions   conflicts        size    tier2         variables
c          MB     restarts      redundant     glue     trail          remaining
c           level      rate          size/glue  tier1    irredundant
c
c w 238.86  0 32 65 317  1 1262624 7958 1.5 44 30 25 31 88% 268177 27244 70%
c s 238.92  0 32 65 317  1 1262624 7190 1.5 44 30 25 31 88% 268174 27244 70%
c s 238.96  0 32 65 317  1 1262624 7082 1.5 44 30 25 31 88% 268174 27244 70%
c B 241.13  0 31 65 324  1 1275082 13521 1.5 43 30 25 31 88% 268174 27244 70%
c - 245.75  0 31 66 337  1 1302750 7079 1.5 43 30 25 31 88% 268174 27244 70%
c p 245.77  0 31 66 337  1 1302750 7655 1.5 43 30 25 31 88% 268174 27244 70%
c w 245.90  0 31 66 337  1 1302750 7571 1.5 43 30 25 31 88% 268174 27244 70%
c W 251.40  0 31 66 347  1 1326083 19743 1.5 43 29 25 31 88% 268174 27244 70%
c - 254.35  0 31 67 348  1 1343508 7225 1.5 43 30 25 31 88% 268174 27244 70%
c p 254.37  0 31 67 348  1 1343508 7695 1.5 43 30 25 31 88% 268174 27244 70%
c w 254.52  0 31 67 348  1 1343508 7604 1.5 43 30 25 31 88% 268174 27244 70%
c F 260.53  0 32 67 363  1 1378086 28085 1.5 45 30 25 31 88% 268174 27244 70%
c - 261.63  0 32 68 367  1 1384900 7943 1.5 45 30 25 31 88% 268174 27244 70%
c p 261.65  0 32 68 367  1 1384900 8401 1.5 45 30 25 31 88% 268174 27244 70%
c w 262.24  0 32 68 367  1 1384900 8298 1.5 45 30 25 31 88% 268174 27244 70%
c - 269.24  0 32 69 379  1 1426925 7300 1.5 45 31 25 31 88% 268174 27244 70%
c p 269.26  0 32 69 379  1 1426925 7693 1.5 45 31 25 31 88% 268174 27244 70%
c w 269.37  0 32 69 379  1 1426925 7599 1.5 45 31 25 31 88% 268174 27244 70%
c B 270.02  0 32 69 380  1 1431087 9866 1.5 45 31 25 31 88% 268174 27244 70%
c - 276.43  0 32 70 381  1 1469582 7460 1.4 43 30 25 31 88% 268174 27244 70%
c
c  seconds   reductions   conflicts        size    tier2         variables
c          MB     restarts      redundant     glue     trail          remaining
c           level      rate          size/glue  tier1    irredundant
c
c p 276.45  0 32 70 381  1 1469582 7765 1.4 43 30 25 31 88% 268174 27244 70%
c w 276.51  0 32 70 381  1 1469582 7726 1.4 43 30 25 31 88% 268174 27244 70%
c ] 276.51  0 32 70 381  1 1469582 7726 1.4 43 30 25 31 88% 268174 27244 70%
c ? 276.51  0 32 70 381  1 1469582 7726 1.4 43 30 25 31 88% 268174 27244 70%
c
c --- [ result ] -------------------------------------------------------------
c
c writing result to 'search-results/cadical-complete-cover-20260902/anchor-000-p0-s0.result'
c
c --- [ run-time profiling ] -------------------------------------------------
c
c process time taken by individual solving procedures
c (percentage relative to process time for solving)
c
c       267.37   96.71% search
c       249.22   90.14% stable
c        18.10    6.55% walk
c         9.10    3.29% simplify
c         3.26    1.18% vivify
c         1.87    0.68% sweep
c         1.01    0.36% backbone
c         0.77    0.28% elim
c         0.35    0.13% subsume
c         0.29    0.10% probe
c         0.27    0.10% ternary
c         0.27    0.10% congruence
c         0.06    0.02% lucky
c         0.04    0.02% parse
c   =================================
c       276.47   99.98% solve
c
c last line shows process time for solving
c (percentage relative to total process time)
c
c --- [ statistics ] ---------------------------------------------------------
c
c chronological:            171652        11.68 %  of conflicts
c conflicts:               1469582      5315.55    per second
c backbone:               77938907    200141.00 %  of vars
c decisions:               1602768      5797.29    per second
c eliminated:                 2912         7.48 %  of all variables
c fixed:                      8786        22.56 %  of all variables
c learned:                 1448268        98.55 %  per conflict
c learned_lits:          751285642       100.00 %  learned literals
c minimized:                     0         0.00 %  learned literals
c shrunken:              683578822        90.99 %  learned literals
c minishrunken:            4395046         0.59 %  learned literals
c otfs:                        608         0.04 %  of conflict
c propagations:          795321478         2.88 M  per second
c reduced:                  785693        53.46 %  per conflict
c rephased:                     53     27727.96    interval
c restarts:                    381      3857.17    interval
c subsumed:                 652677        36.81 %  of all clauses
c strengthened:              37695         2.13 %  of all clauses
c ticks:               10761458116        18.14    propagation
c vivified:                   3902         0.22 %  of all clauses
c walked:                       17     86446.00    interval
c weakened:                  14035         8.18    average size
c congruence:                   11    133598.36    interval
c
c seconds are measured in process time for solving
c
c --- [ glue usage ] ---------------------------------------------------------
c
c focused glue 2 used 0 clauses 0.000% accumulated 0.000% tier1
c focused glue 3 used 0 clauses 0.000% accumulated 0.000%
c focused glue 4 used 0 clauses 0.000% accumulated 0.000%
c focused glue 5 used 0 clauses 0.000% accumulated 0.000%
c focused glue 6 used 0 clauses 0.000% accumulated 0.000% tier2
c
c stable glue 25 used 273768 clauses 6.045% accumulated 50.96% tier1
c stable glue 26 used 280468 clauses 6.193% accumulated 57.15%
c stable glue 27-29 used 841168 clauses 18.57% accumulated 75.73%
c stable glue 30 used 272264 clauses 6.012% accumulated 81.74%
c stable glue 31 used 250029 clauses 5.521% accumulated 87.26% tier2
c
c
c --- [ resources ] ----------------------------------------------------------
c
c total process time since initialization:       276.51    seconds
c total real time since initialization:          300.00    seconds
c maximum resident set size of process:          194.86    MB
c
c --- [ shutting down ] ------------------------------------------------------
c
c exit 0
