c --- [ banner ] -------------------------------------------------------------
c
c CaDiCaL SAT Solver
c Copyright (c) 2016-2026
c A. Biere, M. Fleury, N. Froleyks, K. Fazekas, F. Pollitt, T. Faller
c JKU Linz, University of Freiburg, TU Wien
c
c Version 3.0.1 c60730422e758ef1cebe7aeddf2dda31c996bf04
c Apple clang version 21.0.0 (clang-2100.1.1.101) -Wall -Wextra -O3 -DNDEBUG -DNCLOSEFROM
c Tue Sep 1 21:08:57 PDT 2026 Darwin retained-runner 25.6.0 arm64
c
c --- [ limit ] --------------------------------------------------------------
c
c setting time limit to 300 seconds real time (due to '-t 300')
c
c --- [ parsing input ] ------------------------------------------------------
c
c reading DIMACS file from 'search-results/cadical-complete-cover-20260902/cnf/anchor-004-p1-s0.cnf'
c opening file to read 'search-results/cadical-complete-cover-20260902/cnf/anchor-004-p1-s0.cnf'
c found 'p cnf 38942 364405' header
c parsed 364405 clauses in 0.04 seconds process time
c
c --- [ options ] ------------------------------------------------------------
c
c   --elimeffort=10                (different from default '1e3')
c   --stabilizeonly=true           (different from default 'false')
c   --subsumeeffort=60             (different from default '1e3')
c
c --- [ solving ] ------------------------------------------------------------
c
c time measured in process time since initialization
c
c  seconds  reduction conflicts       size tier2        variables
c         MB    restarts   redundant    glue  trail          remaining
c          level     rate       size/glu tier1  irredundant
c
c *  0.05  0  0 0   0  0    0    0 0.0 0 0 2 6  0% 289740 30016 77%
c )  0.07  0  0 0   0  0    0    0 0.0 0 0 2 6  0% 289740 30016 77%
c [  0.10  0  0 0   0  0    0    0 0.0 0 0 2 6  0% 289740 30016 77%
c -  0.16  0 39 1   0  1  300   68 1.4 47 33 2 6 97% 274686 30016 77%
c -  0.24  0 38 2   0  2  924  297 1.6 47 29 2 6 97% 274686 30016 77%
c I  0.25  0 38 2   0  2 1002  363 1.7 46 28 2 6 96% 274686 30016 77%
c -  0.44  0 37 3   1  2 2016  403 1.4 45 32 2 6 95% 274686 30016 77%
c B  0.71  0 37 3   2  1 3004 1045 1.5 49 33 2 6 92% 274686 30016 77%
c -  0.79  0 37 4   2  1 3633  580 1.5 50 33 2 6 97% 274686 30016 77%
c -  1.08  0 37 5   4  1 5799  728 1.4 48 33 34 36 97% 274686 30016 77%
c W  1.18  0 37 5   4  1 6005  862 1.4 48 33 34 36 97% 274686 30016 77%
c s  1.28  0 37 5   5  1 6543  993 1.4 48 33 34 36 97% 274686 30016 77%
c e  1.55  0 37 5   5  1 6543  493 1.4 48 33 34 36 97% 268860 27392 70%
c s  1.58  0 37 5   5  1 6543  486 1.4 48 33 34 36 97% 268778 27392 70%
c e  1.67  0 37 5   5  1 6543  467 1.4 48 33 34 36 97% 268567 27343 70%
c 2  1.98  0 37 5   5  1 8088 1555 1.5 49 33 34 36 94% 268567 27343 70%
c -  2.16  0 37 6   6  1 8537  587 1.5 49 34 34 36 94% 268567 27343 70%
c F  2.44  0 37 6   6  1 10008 1456 1.5 49 33 34 36 93% 268567 27343 70%
c -  2.81  0 36 7   6  1 11838  800 1.5 50 33 34 36 92% 268567 27343 70%
c B  3.44  0 35 7   9  1 15009 2673 1.5 49 33 32 36 91% 268567 27343 70%
c
c  seconds  reductions conflicts       size    tier2         variables
c         MB    restarts    redundant     glue     trail          remaining
c          level     rate        size/glue  tier1    irredundant
c
c -  3.57  0 35 8   9  1 15725  901 1.5 49 33 32 36 91% 268567 27343 70%
c s  4.32  0 35 8  12  1 19729 3264 1.5 49 33 32 36 90% 268486 27343 70%
c e  4.37  0 35 8  12  1 19729 3262 1.5 49 33 32 36 90% 268350 27308 70%
c s  4.38  0 35 8  12  1 19729 3260 1.5 49 33 32 36 90% 268274 27308 70%
c e  4.41  0 35 8  12  1 19729 3260 1.5 49 33 32 36 90% 268218 27296 70%
c -  4.53  0 35 9  12  1 20203 1019 1.5 49 33 32 36 90% 268218 27296 70%
c 2  4.53  0 35 9  12  1 20203 1018 1.5 49 33 32 36 90% 268218 27296 70%
c u  4.56  0 35 9  12  1 20203 1015 1.5 49 33 32 36 90% 268218 27296 70%
c w  4.57  0 35 9  12  1 20203 1009 1.5 49 33 32 36 90% 268218 27296 70%
c W  4.96  0 35 9  13  1 21012 1468 1.5 49 33 32 36 90% 268218 27296 70%
c -  5.73  0 35 10  14  1 25281 1091 1.5 49 33 31 35 90% 268218 27296 70%
c #  6.31  0 35 10  14  1 28015 2640 1.5 49 33 31 35 89% 268218 27296 70%
c -  6.81  0 35 11  14  1 30960 1193 1.5 48 33 31 35 89% 268218 27296 70%
c B  7.68  0 35 11  17  1 36017 3886 1.5 48 33 31 35 89% 268218 27296 70%
c -  7.89  0 35 12  17  1 37244 1298 1.5 48 33 31 35 89% 268218 27296 70%
c s  8.39  0 35 12  19  1 39511 2563 1.5 48 33 30 34 89% 268125 27296 70%
c e  8.43  0 35 12  19  1 39511 2561 1.5 48 33 30 34 89% 268101 27289 70%
c s  8.44  0 35 12  19  1 39511 2561 1.5 48 33 30 34 89% 268074 27289 70%
c e  8.46  0 35 12  19  1 39511 2561 1.5 48 33 30 34 89% 268063 27285 70%
c -  9.22  0 34 13  21  1 44137 1377 1.4 47 32 30 34 89% 268063 27285 70%
c
c  seconds  reductions  conflicts       size    tier2         variables
c         MB     restarts    redundant     glue     trail          remaining
c          level      rate        size/glue  tier1    irredundant
c
c u  9.25  0 34 13  21  1 44137 1377 1.4 47 32 30 34 89% 268063 27285 70%
c w  9.27  0 34 13  21  1 44137 1355 1.4 47 32 30 34 89% 268063 27285 70%
c W  9.70  0 34 13  21  1 45019 1901 1.4 47 32 30 34 89% 268063 27285 70%
c - 10.68  0 34 14  26  1 51639 1504 1.4 46 32 30 34 89% 268063 27285 70%
c O 11.29  0 34 14  28  1 55021 3309 1.4 46 32 30 34 89% 268063 27285 70%
c - 12.24  0 33 15  29  1 59753 1519 1.4 45 32 30 34 89% 268063 27285 70%
c p 12.25  0 33 15  29  1 59753 1541 1.4 45 32 30 34 89% 268063 27285 70%
c s 13.38  0 33 15  29  1 65883 4280 1.4 44 31 30 34 89% 268041 27285 70%
c e 13.41  0 33 15  29  1 65883 4279 1.4 44 31 30 34 89% 268026 27282 70%
c s 13.43  0 33 15  29  1 65883 4273 1.4 44 31 30 34 89% 268021 27282 70%
c e 13.45  0 33 15  29  1 65883 4270 1.4 44 31 30 34 89% 268013 27279 70%
c B 13.48  0 33 15  29  1 66022 4347 1.4 44 31 30 34 89% 268013 27279 70%
c - 13.92  0 33 16  30  1 68482 1542 1.4 44 31 30 34 89% 268013 27279 70%
c p 13.94  0 33 16  30  1 68482 1588 1.4 44 31 30 34 89% 268013 27279 70%
c u 13.96  0 33 16  30  1 68482 1587 1.4 44 31 30 34 89% 268013 27279 70%
c w 13.99  0 33 16  30  1 68482 1555 1.4 44 31 30 34 89% 268013 27279 70%
c - 15.50  0 33 17  30  1 77825 1732 1.4 44 31 28 33 89% 268013 27279 70%
c p 15.50  0 33 17  30  1 77825 1802 1.4 44 31 28 33 89% 268013 27279 70%
c W 16.23  0 33 17  30  1 78024 1911 1.4 44 31 28 33 89% 268013 27279 70%
c - 17.92  0 33 18  34  1 87786 1809 1.4 43 31 28 33 89% 268013 27279 70%
c
c  seconds  reductions  conflicts       size    tier2         variables
c         MB     restarts    redundant     glue     trail          remaining
c          level      rate        size/glue  tier1    irredundant
c
c p 17.93  0 33 18  34  1 87786 1852 1.4 43 31 28 33 89% 268013 27279 70%
c u 17.96  0 33 18  34  1 87786 1851 1.4 43 31 28 33 89% 268013 27279 70%
c w 17.98  0 33 18  34  1 87786 1816 1.4 43 31 28 33 89% 268013 27279 70%
c I 18.57  0 33 18  36  1 91025 3652 1.4 43 31 28 33 88% 268013 27279 70%
c - 19.81  0 32 19  40  1 98364 1883 1.4 42 30 28 33 88% 268013 27279 70%
c p 19.82  0 32 19  40  1 98364 1929 1.4 42 30 28 33 88% 268013 27279 70%
c s 19.94  0 32 19  40  1 98848 1872 1.4 42 30 28 33 88% 268006 27279 70%
c e 19.96  0 32 19  40  1 98848 1870 1.4 42 30 28 33 88% 267998 27276 70%
c s 19.97  0 32 19  40  1 98848 1807 1.4 42 30 28 33 88% 267994 27276 70%
c e 19.98  0 32 19  40  1 98848 1807 1.4 42 30 28 33 88% 267987 27273 70%
c B 21.11  0 31 19  44  1 105032 4493 1.4 41 30 28 33 88% 267987 27273 70%
c - 21.92  0 31 20  45  1 109561 1801 1.4 41 30 28 33 88% 267987 27273 70%
c p 21.93  0 31 20  45  1 109561 1860 1.4 41 30 28 33 88% 267987 27273 70%
c w 21.98  0 31 20  45  1 109561 1809 1.4 41 30 28 33 88% 267987 27273 70%
c W 24.22  0 31 20  48  1 120033 7482 1.4 42 30 28 33 88% 267987 27273 70%
c - 24.51  0 31 21  49  1 121379 2139 1.4 42 30 28 33 88% 267987 27273 70%
c p 24.51  0 31 21  49  1 121379 2248 1.4 42 30 28 33 88% 267987 27273 70%
c - 26.89  0 31 22  56  1 133819 2221 1.4 42 30 28 33 88% 267987 27273 70%
c p 26.90  0 31 22  56  1 133819 2325 1.4 42 30 28 33 88% 267987 27273 70%
c w 26.95  0 31 22  56  1 133819 2297 1.4 42 30 28 33 88% 267987 27273 70%
c
c  seconds  reductions  conflicts        size    tier2         variables
c         MB     restarts     redundant     glue     trail          remaining
c          level      rate         size/glue  tier1    irredundant
c
c F 27.40  0 31 22  58  1 136035 3371 1.4 42 30 28 33 88% 267987 27273 70%
c s 27.78  0 31 22  59  1 138409 4365 1.4 42 30 26 32 88% 267980 27273 70%
c s 27.80  0 31 22  59  1 138409 4361 1.4 42 30 26 32 88% 267979 27273 70%
c e 27.82  0 31 22  59  1 138409 4361 1.4 42 30 26 32 88% 267974 27271 70%
c - 29.24  0 31 23  60  1 146883 2379 1.4 42 30 26 32 88% 267974 27271 70%
c p 29.25  0 31 23  60  1 146883 2509 1.4 42 30 26 32 88% 267974 27271 70%
c B 30.38  0 32 23  61  1 153037 6042 1.4 42 30 26 32 88% 267974 27271 70%
c - 31.84  0 32 24  61  1 160566 2739 1.4 42 30 26 32 88% 267974 27271 70%
c p 31.84  0 32 24  61  1 160566 2920 1.4 42 30 26 32 88% 267974 27271 70%
c w 31.91  0 32 24  61  1 160566 2868 1.4 42 30 26 32 88% 267974 27271 70%
c W 34.53  0 32 24  62  1 171039 8555 1.4 43 30 26 32 88% 267974 27271 70%
c - 35.25  0 32 25  62  1 174872 2660 1.4 42 30 26 32 88% 267974 27271 70%
c p 35.26  0 32 25  62  1 174872 2829 1.4 42 30 26 32 88% 267974 27271 70%
c s 37.10  0 31 25  62  1 184563 7492 1.4 42 30 26 32 88% 267971 27271 70%
c e 37.14  0 31 25  62  1 184563 7492 1.4 42 30 26 32 88% 267969 27270 70%
c s 37.14  0 31 25  62  1 184563 7445 1.4 42 30 26 32 88% 267968 27270 70%
c e 37.16  0 31 25  62  1 184563 7445 1.4 42 30 26 32 88% 267963 27268 70%
c - 38.10  0 31 26  62  1 189801 2561 1.4 41 29 26 32 88% 267963 27268 70%
c p 38.12  0 31 26  62  1 189801 2722 1.4 41 29 26 32 88% 267963 27268 70%
c w 38.20  0 31 26  62  1 189801 2679 1.4 41 29 26 32 88% 267963 27268 70%
c
c  seconds  reductions  conflicts        size    tier2         variables
c         MB     restarts     redundant     glue     trail          remaining
c          level      rate         size/glue  tier1    irredundant
c
c # 38.25  0 31 26  62  1 190040 2798 1.4 41 29 26 32 88% 267963 27268 70%
c - 40.67  0 31 27  67  1 205355 2776 1.4 42 30 26 32 88% 267963 27268 70%
c p 40.68  0 31 27  67  1 205355 2925 1.4 42 30 26 32 88% 267963 27268 70%
c B 41.42  0 31 27  69  1 210041 5313 1.4 42 30 26 32 88% 267963 27268 70%
c - 43.42  0 32 28  76  1 221534 2996 1.4 43 30 26 32 88% 267963 27268 70%
c p 43.42  0 32 28  76  1 221534 3138 1.4 43 30 26 32 88% 267963 27268 70%
c w 43.49  0 32 28  76  1 221534 3092 1.4 43 30 26 32 88% 267963 27268 70%
c W 45.86  0 32 28  77  1 231042 8402 1.4 43 30 26 32 88% 267963 27268 70%
c s 47.00  0 32 28  81  1 237314 11369 1.4 43 30 26 32 88% 267962 27268 70%
c e 47.03  0 32 28  81  1 237314 11369 1.4 43 30 26 32 88% 267960 27267 70%
c s 47.04  0 32 28  81  1 237314 11361 1.4 43 30 26 32 88% 267960 27267 70%
c e 47.05  0 32 28  81  1 237314 11361 1.4 43 30 26 32 88% 267957 27266 70%
c - 47.28  0 32 29  82  1 238338 3056 1.4 43 30 26 32 88% 267957 27266 70%
c p 47.29  0 32 29  82  1 238338 3209 1.4 43 30 26 32 88% 267957 27266 70%
c w 47.33  0 32 29  82  1 238338 3196 1.4 43 30 26 32 88% 267957 27266 70%
c O 49.70  0 32 29  90  1 253043 11291 1.4 43 30 26 32 88% 267957 27266 70%
c - 50.20  0 32 30  91  1 255766 3270 1.4 43 30 26 32 88% 267957 27266 70%
c p 50.21  0 32 30  91  1 255766 3458 1.4 43 30 26 32 88% 267957 27266 70%
c w 50.47  0 32 30  91  1 255766 3430 1.4 43 30 26 32 88% 267957 27266 70%
c - 53.47  0 32 31  93  1 273821 3333 1.4 43 30 26 32 88% 267957 27266 70%
c
c  seconds  reductions  conflicts        size    tier2         variables
c         MB     restarts     redundant     glue     trail          remaining
c          level      rate         size/glue  tier1    irredundant
c
c p 53.48  0 32 31  93  1 273821 3543 1.4 43 30 26 32 88% 267957 27266 70%
c w 53.55  0 32 31  93  1 273821 3500 1.4 43 30 26 32 88% 267957 27266 70%
c B 53.93  0 32 31  93  1 276044 4721 1.4 43 30 26 32 88% 267957 27266 70%
c - 56.57  0 32 32 100  1 292503 3500 1.4 43 31 26 32 88% 267957 27266 70%
c p 56.58  0 32 32 100  1 292503 3641 1.4 43 31 26 32 88% 267957 27266 70%
c w 56.64  0 32 32 100  1 292503 3599 1.4 43 31 26 32 88% 267957 27266 70%
c s 57.37  0 32 32 102  1 296657 5973 1.4 43 31 26 32 88% 267957 27266 70%
c s 57.41  0 32 32 102  1 296657 5972 1.4 43 31 26 32 88% 267957 27266 70%
c W 59.05  0 32 32 104  1 300045 7795 1.4 43 31 26 32 88% 267957 27266 70%
c - 61.12  0 32 33 108  1 311812 3583 1.4 43 31 26 32 88% 267957 27266 70%
c p 61.13  0 32 33 108  1 311812 3764 1.4 43 31 26 32 88% 267957 27266 70%
c w 61.18  0 32 33 108  1 311812 3746 1.4 43 31 26 32 88% 267957 27266 70%
c I 63.46  0 32 33 115  1 325047 10707 1.4 43 31 26 32 88% 267957 27266 70%
c - 64.75  0 32 34 118  1 331747 3796 1.4 43 31 26 32 88% 267957 27266 70%
c p 64.76  0 32 34 118  1 331747 3931 1.4 43 31 26 32 88% 267957 27266 70%
c w 64.81  0 32 34 118  1 331747 3913 1.4 43 31 26 32 88% 267957 27266 70%
c B 68.45  0 32 34 124  1 351048 14883 1.4 44 30 26 32 88% 267957 27266 70%
c - 68.68  0 32 35 124  1 352310 3949 1.4 44 31 26 32 88% 267957 27266 70%
c p 68.70  0 32 35 124  1 352310 4246 1.4 44 31 26 32 88% 267957 27266 70%
c w 68.81  0 32 35 124  1 352310 4211 1.4 44 31 26 32 88% 267957 27266 70%
c
c  seconds  reductions  conflicts        size    tier2         variables
c         MB     restarts     redundant     glue     trail          remaining
c          level      rate         size/glue  tier1    irredundant
c
c s 70.74  0 32 35 124  1 362594 9624 1.4 43 30 26 32 88% 267957 27266 70%
c s 70.78  0 32 35 124  1 362594 9621 1.4 43 30 26 32 88% 267957 27266 70%
c - 72.72  0 32 36 125  1 373499 3795 1.4 43 30 26 32 88% 267957 27266 70%
c p 72.73  0 32 36 125  1 373499 4099 1.4 43 30 26 32 88% 267957 27266 70%
c w 72.79  0 32 36 125  1 373499 4044 1.4 43 30 26 32 88% 267957 27266 70%
c W 74.63  0 32 36 125  1 378051 6532 1.4 43 30 26 32 88% 267957 27266 70%
c - 77.55  0 32 37 125  1 395316 4023 1.4 44 31 26 32 88% 267957 27266 70%
c p 77.57  0 32 37 125  1 395316 4284 1.4 44 31 26 32 88% 267957 27266 70%
c w 77.63  0 32 37 125  1 395316 4235 1.4 44 31 26 32 88% 267957 27266 70%
c F 79.38  0 32 37 126  1 406054 9978 1.5 45 31 26 32 88% 267957 27266 70%
c - 81.42  0 32 38 126  1 417763 4174 1.5 45 31 26 32 88% 267957 27266 70%
c p 81.43  0 32 38 126  1 417763 4409 1.5 45 31 26 32 88% 267957 27266 70%
c w 81.76  0 32 38 126  1 417763 4384 1.5 45 31 26 32 88% 267957 27266 70%
c B 84.76  0 33 38 126  1 435056 13758 1.5 46 31 26 32 88% 267957 27266 70%
c - 85.76  0 33 39 126  1 440839 4232 1.5 46 31 26 32 88% 267957 27266 70%
c p 85.78  0 33 39 126  1 440839 4434 1.5 46 31 26 32 88% 267957 27266 70%
c w 85.85  0 33 39 126  1 440839 4406 1.5 46 31 26 32 88% 267957 27266 70%
c - 89.69  0 33 40 126  1 464545 4539 1.5 46 31 26 32 88% 267957 27266 70%
c p 89.69  0 33 40 126  1 464545 4848 1.5 46 31 26 32 88% 267957 27266 70%
c w 89.75  0 33 40 126  1 464545 4815 1.5 46 31 26 32 88% 267957 27266 70%
c
c  seconds  reductions  conflicts        size    tier2         variables
c         MB     restarts     redundant     glue     trail          remaining
c          level      rate         size/glue  tier1    irredundant
c
c s 89.77  0 33 40 126  1 464545 4788 1.5 46 31 26 32 88% 267954 27266 70%
c s 89.80  0 33 40 126  1 464545 4781 1.5 46 31 26 32 88% 267954 27266 70%
c W 91.22  0 33 40 126  1 465057 5083 1.5 46 31 26 32 88% 267954 27266 70%
c - 95.11  0 33 41 140  1 488878 4366 1.5 46 31 26 32 88% 267954 27266 70%
c p 95.13  0 33 41 140  1 488878 4606 1.5 46 31 26 32 88% 267954 27266 70%
c w 95.22  0 33 41 140  1 488878 4560 1.5 46 31 26 32 88% 267954 27266 70%
c # 96.48  0 33 41 141  1 496058 8682 1.5 45 31 26 32 88% 267954 27266 70%
c - 99.35  0 33 42 151  1 513840 4565 1.5 46 31 26 32 88% 267954 27266 70%
c p 99.36  0 33 42 151  1 513840 4764 1.5 46 31 26 32 88% 267954 27266 70%
c w 99.44  0 33 42 151  1 513840 4724 1.5 46 31 26 32 88% 267954 27266 70%
c B 101.84  0 33 42 156  1 528059 12144 1.5 46 31 26 32 88% 267954 27266 70%
c - 103.74  0 33 43 157  1 539430 4526 1.4 46 32 27 32 88% 267954 27266 70%
c p 103.75  0 33 43 157  1 539430 4664 1.4 46 32 27 32 88% 267954 27266 70%
c w 103.82  0 33 43 157  1 539430 4602 1.4 46 32 27 32 88% 267954 27266 70%
c W 108.28  0 33 43 164  1 561060 17149 1.5 46 31 27 32 88% 267954 27266 70%
c - 109.04  0 33 44 168  1 565651 4950 1.5 46 31 27 32 88% 267954 27266 70%
c p 109.05  0 33 44 168  1 565651 5334 1.5 46 31 27 32 88% 267954 27266 70%
c w 109.12  0 33 44 168  1 565651 5265 1.5 46 31 27 32 88% 267954 27266 70%
c - 113.76  0 33 45 179  1 592501 4642 1.4 45 31 27 32 88% 267954 27266 70%
c p 113.77  0 33 45 179  1 592501 4963 1.4 45 31 27 32 88% 267954 27266 70%
c
c  seconds   reductions  conflicts        size    tier2         variables
c          MB     restarts     redundant     glue     trail          remaining
c           level      rate         size/glue  tier1    irredundant
c
c w 113.86  0 33 45 179  1 592501 4878 1.4 45 31 27 32 88% 267954 27266 70%
c O 114.33  0 33 45 180  1 595061 6369 1.4 45 31 27 32 88% 267954 27266 70%
c - 118.49  0 32 46 188  1 619981 4881 1.4 44 31 27 32 88% 267954 27266 70%
c p 118.50  0 32 46 188  1 619981 5242 1.4 44 31 27 32 88% 267954 27266 70%
c w 118.58  0 32 46 188  1 619981 5188 1.4 44 31 27 32 88% 267954 27266 70%
c B 120.29  0 32 46 188  1 630062 11231 1.4 45 31 27 32 88% 267954 27266 70%
c - 123.27  0 33 47 189  1 648090 5614 1.5 46 31 27 32 88% 267954 27266 70%
c p 123.29  0 33 47 189  1 648090 5889 1.5 46 31 27 32 88% 267954 27266 70%
c w 123.71  0 33 47 189  1 648090 5843 1.5 46 31 27 32 88% 267954 27266 70%
c W 128.26  0 33 47 190  1 666063 16742 1.5 46 31 27 32 88% 267954 27266 70%
c - 130.19  0 33 48 196  1 676832 5490 1.5 46 31 27 32 88% 267954 27266 70%
c p 130.20  0 33 48 196  1 676832 5774 1.5 46 31 27 32 88% 267954 27266 70%
c w 130.28  0 33 48 196  1 676832 5718 1.5 46 31 27 32 88% 267954 27266 70%
c I 134.43  0 33 48 208  1 703065 20517 1.5 46 32 27 32 88% 267954 27266 70%
c - 134.95  0 33 49 210  1 706203 5502 1.5 46 31 27 32 88% 267954 27266 70%
c p 134.97  0 33 49 210  1 706203 5750 1.5 46 31 27 32 88% 267954 27266 70%
c v 135.01  0 33 49 210  1 706203 5749 1.5 46 31 27 32 88% 267954 27266 70%
c w 135.07  0 33 49 210  1 706203 5676 1.5 46 31 27 32 88% 267954 27266 70%
c - 140.15  0 32 50 220  1 736204 5329 1.5 43 30 26 32 88% 267954 27266 70%
c p 140.16  0 32 50 220  1 736204 5522 1.5 43 30 26 32 88% 267954 27266 70%
c
c  seconds   reductions  conflicts        size    tier2         variables
c          MB     restarts     redundant     glue     trail          remaining
c           level      rate         size/glue  tier1    irredundant
c
c w 140.27  0 32 50 220  1 736204 5418 1.5 43 30 26 32 88% 267954 27266 70%
c B 141.20  0 31 50 220  1 741068 8133 1.5 43 30 26 32 88% 267954 27266 70%
c - 145.49  0 31 51 232  1 766835 5344 1.4 42 29 26 32 88% 267954 27266 70%
c p 145.51  0 31 51 232  1 766835 5751 1.4 42 29 26 32 88% 267954 27266 70%
c w 145.60  0 31 51 232  1 766835 5699 1.4 42 29 26 32 88% 267954 27266 70%
c W 149.41  0 31 51 235  1 780070 13596 1.5 42 29 26 32 88% 267954 27266 70%
c - 152.34  0 31 52 245  1 798098 5959 1.5 44 30 26 32 88% 267954 27266 70%
c p 152.36  0 31 52 245  1 798098 6337 1.5 44 30 26 32 88% 267954 27266 70%
c w 152.45  0 31 52 245  1 798098 6297 1.5 44 30 26 32 88% 267954 27266 70%
c F 156.03  0 32 52 251  1 820072 18212 1.5 44 30 26 32 88% 267954 27266 70%
c - 157.76  0 32 53 251  1 829992 5873 1.5 45 30 26 32 88% 267954 27266 70%
c p 157.77  0 32 53 251  1 829992 6177 1.5 45 30 26 32 88% 267954 27266 70%
c w 157.84  0 32 53 251  1 829992 6015 1.5 45 30 26 32 88% 267954 27266 70%
c B 162.51  0 32 53 252  1 861073 22711 1.5 45 31 26 32 88% 267954 27266 70%
c - 162.77  0 32 54 252  1 862519 5826 1.5 45 31 26 32 88% 267954 27266 70%
c p 162.79  0 32 54 252  1 862519 6140 1.5 45 31 26 32 88% 267954 27266 70%
c w 162.86  0 32 54 252  1 862519 5969 1.5 45 31 26 32 88% 267954 27266 70%
c - 168.48  0 32 55 253  1 895674 5608 1.4 44 31 26 32 88% 267954 27266 70%
c p 168.50  0 32 55 253  1 895674 5926 1.4 44 31 26 32 88% 267954 27266 70%
c w 168.58  0 32 55 253  1 895674 5763 1.4 44 31 26 32 88% 267954 27266 70%
c
c  seconds   reductions  conflicts        size    tier2         variables
c          MB     restarts     redundant     glue     trail          remaining
c           level      rate         size/glue  tier1    irredundant
c
c s 168.62  0 32 55 253  1 895674 4094 1.4 44 31 26 32 88% 267948 27266 70%
c s 168.65  0 32 55 253  1 895674 4082 1.4 44 31 26 32 88% 267948 27266 70%
c ^ 168.65  0 32 55 253  1 895674 4082 1.4 44 31 26 32 88% 267948 27266 70%
c W 171.66  0 32 55 253  1 903074 8037 1.4 44 31 26 32 88% 267948 27266 70%
c - 176.19  0 32 56 253  1 929461 5411 1.4 44 31 26 32 88% 267948 27266 70%
c p 176.21  0 32 56 253  1 929461 5693 1.4 44 31 26 32 88% 267948 27266 70%
c w 176.31  0 32 56 253  1 929461 5622 1.4 44 31 26 32 88% 267948 27266 70%
c # 179.22  0 32 56 254  1 946076 14258 1.4 44 31 26 32 88% 267948 27266 70%
c - 182.27  0 32 57 254  1 963879 6066 1.4 45 31 26 32 88% 267948 27266 70%
c p 182.29  0 32 57 254  1 963879 6312 1.4 45 31 26 32 88% 267948 27266 70%
c w 182.78  0 32 57 254  1 963879 6230 1.4 45 31 26 32 88% 267948 27266 70%
c s 185.69  0 33 57 254  1 981391 16337 1.5 46 31 26 32 88% 267948 27266 70%
c s 185.81  0 33 57 254  1 981391 16323 1.5 46 31 26 32 88% 267948 27266 70%
c ^ 185.82  0 33 57 254  1 981391 16323 1.5 46 31 26 32 88% 267948 27266 70%
c B 187.45  0 33 57 254  1 990079 21244 1.5 46 31 26 32 88% 267948 27266 70%
c - 189.07  0 33 58 254  1 998930 6495 1.5 46 31 26 32 88% 267948 27266 70%
c p 189.09  0 33 58 254  1 998930 6933 1.5 46 31 26 32 88% 267948 27266 70%
c w 189.20  0 33 58 254  1 998930 6851 1.5 46 31 26 32 88% 267948 27266 70%
c - 195.56  0 32 59 254  1 1034612 6116 1.4 44 31 26 32 88% 267948 27266 70%
c p 195.58  0 32 59 254  1 1034612 6552 1.4 44 31 26 32 88% 267948 27266 70%
c
c  seconds   reductions   conflicts        size    tier2         variables
c          MB     restarts      redundant     glue     trail          remaining
c           level      rate          size/glue  tier1    irredundant
c
c w 195.70  0 32 59 254  1 1034612 6430 1.4 44 31 26 32 88% 267948 27266 70%
c W 197.28  0 32 59 254  1 1035080 6675 1.4 44 31 26 32 88% 267948 27266 70%
c - 203.16  0 32 60 260  1 1070924 6315 1.4 44 31 26 32 88% 267948 27266 70%
c p 203.17  0 32 60 260  1 1070924 6653 1.4 44 31 26 32 88% 267948 27266 70%
c w 203.28  0 32 60 260  1 1070924 6578 1.4 44 31 26 32 88% 267948 27266 70%
c s 203.82  0 32 60 261  1 1073702 8105 1.4 44 31 26 32 88% 267948 27266 70%
c e 203.93  0 32 60 261  1 1073702 8103 1.4 44 31 26 32 88% 267978 27251 70%
c s 203.94  0 32 60 261  1 1073702 8089 1.4 44 31 26 32 88% 267942 27251 70%
c O 205.10  0 32 60 264  1 1081082 12211 1.4 44 31 26 32 88% 267942 27251 70%
c - 209.79  0 32 61 276  1 1107869 6633 1.4 43 30 26 32 88% 267942 27251 70%
c p 209.80  0 32 61 276  1 1107869 7001 1.4 43 30 26 32 88% 267942 27251 70%
c w 209.91  0 32 61 276  1 1107869 6936 1.4 43 30 26 32 88% 267942 27251 70%
c B 213.27  0 32 61 284  1 1128085 19282 1.4 44 30 26 32 88% 267942 27251 70%
c - 216.33  0 32 62 285  1 1145445 7779 1.5 46 31 26 32 88% 267942 27251 70%
c p 216.35  0 32 62 285  1 1145445 8072 1.5 46 31 26 32 88% 267942 27251 70%
c w 216.47  0 32 62 285  1 1145445 7980 1.5 46 31 26 32 88% 267942 27251 70%
c s 220.98  0 32 62 299  1 1172630 22053 1.5 44 30 26 32 88% 267934 27251 70%
c s 221.04  0 32 62 299  1 1172630 22015 1.5 44 30 26 32 88% 267927 27251 70%
c W 224.00  0 32 62 300  1 1176087 23600 1.4 44 30 26 32 88% 267927 27251 70%
c - 225.35  0 32 63 303  1 1183653 6725 1.4 44 30 26 32 88% 267927 27251 70%
c
c  seconds   reductions   conflicts        size    tier2         variables
c          MB     restarts      redundant     glue     trail          remaining
c           level      rate          size/glue  tier1    irredundant
c
c p 225.37  0 32 63 303  1 1183653 7070 1.4 44 30 26 32 88% 267927 27251 70%
c w 225.49  0 32 63 303  1 1183653 6959 1.4 44 30 26 32 88% 267927 27251 70%
c - 232.15  0 32 64 316  1 1222495 7454 1.5 45 30 26 32 88% 267927 27251 70%
c p 232.17  0 32 64 316  1 1222495 7959 1.5 45 30 26 32 88% 267927 27251 70%
c w 232.27  0 32 64 316  1 1222495 7886 1.5 45 30 26 32 88% 267927 27251 70%
c I 232.75  0 32 64 316  1 1225088 9424 1.5 45 30 26 32 88% 267923 27251 70%
c - 238.87  0 31 65 317  1 1261967 7653 1.5 45 29 26 32 88% 267923 27251 70%
c p 238.90  0 31 65 317  1 1261967 8048 1.5 45 29 26 32 88% 267923 27251 70%
c w 239.02  0 31 65 317  1 1261967 7977 1.5 45 29 26 32 88% 267923 27251 70%
c B 241.18  0 31 65 324  1 1275090 15176 1.5 44 29 26 32 88% 267923 27251 70%
c s 241.72  0 31 65 326  1 1278150 16578 1.5 44 29 26 32 88% 267921 27251 70%
c s 241.77  0 31 65 326  1 1278150 16513 1.5 44 29 26 32 88% 267921 27251 70%
c - 246.17  0 31 66 336  1 1302071 7041 1.5 44 29 26 32 88% 267921 27251 70%
c p 246.20  0 31 66 336  1 1302071 7449 1.5 44 29 26 32 88% 267921 27251 70%
c w 246.31  0 31 66 336  1 1302071 7365 1.5 44 29 26 32 88% 267921 27251 70%
c W 252.59  0 31 66 347  1 1326091 20564 1.5 44 29 26 32 88% 267921 27251 70%
c - 255.44  0 31 67 348  1 1342807 8262 1.6 48 30 26 32 88% 267921 27251 70%
c p 255.45  0 31 67 348  1 1342807 8606 1.6 48 30 26 32 88% 267921 27251 70%
c w 255.59  0 31 67 348  1 1342807 8523 1.6 48 30 26 32 88% 267921 27251 70%
c F 261.43  0 32 67 363  1 1378093 27810 1.6 48 30 26 32 88% 267921 27251 70%
c
c  seconds   reductions   conflicts        size    tier2         variables
c          MB     restarts      redundant     glue     trail          remaining
c           level      rate          size/glue  tier1    irredundant
c
c - 262.47  0 32 68 366  1 1384175 7792 1.6 48 30 26 32 88% 267921 27251 70%
c p 262.49  0 32 68 366  1 1384175 8067 1.6 48 30 26 32 88% 267921 27251 70%
c w 263.05  0 32 68 366  1 1384175 8012 1.6 48 30 26 32 88% 267921 27251 70%
c - 270.11  0 32 69 379  1 1426175 7697 1.5 46 30 26 32 88% 267921 27251 70%
c p 270.13  0 32 69 379  1 1426175 8119 1.5 46 30 26 32 88% 267921 27251 70%
c w 270.26  0 32 69 379  1 1426175 8073 1.5 46 30 26 32 88% 267921 27251 70%
c B 271.10  0 32 69 380  1 1431095 10816 1.5 46 30 26 32 88% 267921 27251 70%
c - 277.08  0 32 70 381  1 1468808 7379 1.5 44 30 26 32 88% 267921 27251 70%
c p 277.11  0 32 70 381  1 1468808 7820 1.5 44 30 26 32 88% 267921 27251 70%
c w 277.22  0 32 70 381  1 1468808 7744 1.5 44 30 26 32 88% 267921 27251 70%
c ] 277.34  0 32 70 381  1 1469606 8204 1.5 44 30 26 32 88% 267921 27251 70%
c ? 277.34  0 32 70 381  1 1469606 8204 1.5 44 30 26 32 88% 267921 27251 70%
c
c --- [ result ] -------------------------------------------------------------
c
c writing result to 'search-results/cadical-complete-cover-20260902/anchor-004-p1-s0.result'
c
c --- [ run-time profiling ] -------------------------------------------------
c
c process time taken by individual solving procedures
c (percentage relative to process time for solving)
c
c       267.78   96.57% search
c       249.12   89.84% stable
c        18.60    6.71% walk
c         9.52    3.43% simplify
c         3.24    1.17% vivify
c         1.95    0.70% sweep
c         1.00    0.36% elim
c         0.98    0.35% backbone
c         0.47    0.17% subsume
c         0.30    0.11% probe
c         0.26    0.10% ternary
c         0.26    0.09% congruence
c         0.05    0.02% lucky
c         0.04    0.02% parse
c   =================================
c       277.30   99.98% solve
c
c last line shows process time for solving
c (percentage relative to total process time)
c
c --- [ statistics ] ---------------------------------------------------------
c
c chronological:            175696        11.96 %  of conflicts
c conflicts:               1469606      5299.76    per second
c backbone:               79153096    203258.94 %  of vars
c decisions:               1604076      5784.69    per second
c eliminated:                 2765         7.10 %  of all variables
c fixed:                      8926        22.92 %  of all variables
c learned:                 1447861        98.52 %  per conflict
c learned_lits:          759896640       100.00 %  learned literals
c minimized:                     0         0.00 %  learned literals
c shrunken:              691209388        90.96 %  learned literals
c minishrunken:            4308686         0.57 %  learned literals
c otfs:                        611         0.04 %  of conflict
c propagations:          808936232         2.92 M  per second
c reduced:                  793617        54.00 %  per conflict
c rephased:                     53     27728.42    interval
c restarts:                    381      3857.23    interval
c subsumed:                 644402        36.47 %  of all clauses
c strengthened:              44389         2.51 %  of all clauses
c ticks:               10964712360        18.52    propagation
c vivified:                   3538         0.20 %  of all clauses
c walked:                       17     86447.41    interval
c weakened:                  13434         5.32    average size
c congruence:                   11    133600.55    interval
c
c seconds are measured in process time for solving
c
c --- [ glue usage ] ---------------------------------------------------------
c
c focused glue 2 used 0 clauses 0.000% accumulated 0.000% tier1
c focused glue 3 used 0 clauses 0.000% accumulated 0.000%
c focused glue 4 used 0 clauses 0.000% accumulated 0.000%
c focused glue 5 used 0 clauses 0.000% accumulated 0.000%
c focused glue 6 used 0 clauses 0.000% accumulated 0.000% tier2
c
c stable glue 26 used 280771 clauses 6.032% accumulated 55.59% tier1
c stable glue 27 used 272825 clauses 5.862% accumulated 61.45%
c stable glue 28-30 used 791779 clauses 17.01% accumulated 78.46%
c stable glue 31 used 250447 clauses 5.381% accumulated 83.84%
c stable glue 32 used 228159 clauses 4.902% accumulated 88.75% tier2
c
c
c --- [ resources ] ----------------------------------------------------------
c
c total process time since initialization:       277.34    seconds
c total real time since initialization:          300.00    seconds
c maximum resident set size of process:          195.05    MB
c
c --- [ shutting down ] ------------------------------------------------------
c
c exit 0
