c --- [ banner ] -------------------------------------------------------------
c
c CaDiCaL SAT Solver
c Copyright (c) 2016-2026
c A. Biere, M. Fleury, N. Froleyks, K. Fazekas, F. Pollitt, T. Faller
c JKU Linz, University of Freiburg, TU Wien
c
c Version 3.0.1 c60730422e758ef1cebe7aeddf2dda31c996bf04
c Apple clang version 21.0.0 (clang-2100.1.1.101) -Wall -Wextra -O3 -DNDEBUG -DNCLOSEFROM
c Tue Sep 1 21:08:57 PDT 2026 Darwin retained-runner 25.6.0 arm64
c
c --- [ limit ] --------------------------------------------------------------
c
c setting time limit to 300 seconds real time (due to '-t 300')
c
c --- [ parsing input ] ------------------------------------------------------
c
c reading DIMACS file from 'search-results/cadical-complete-cover-20260902/cnf/anchor-002-p1-s1.cnf'
c opening file to read 'search-results/cadical-complete-cover-20260902/cnf/anchor-002-p1-s1.cnf'
c found 'p cnf 38942 364405' header
c parsed 364405 clauses in 0.05 seconds process time
c
c --- [ options ] ------------------------------------------------------------
c
c   --elimeffort=10                (different from default '1e3')
c   --stabilizeonly=true           (different from default 'false')
c   --subsumeeffort=60             (different from default '1e3')
c
c --- [ solving ] ------------------------------------------------------------
c
c time measured in process time since initialization
c
c  seconds  reduction conflicts       size tier2        variables
c         MB    restarts   redundant    glue  trail          remaining
c          level     rate       size/glu tier1  irredundant
c
c *  0.05  0  0 0   0  0    0    0 0.0 0 0 2 6  0% 289655 29946 77%
c )  0.08  0  0 0   0  0    0    0 0.0 0 0 2 6  0% 289655 29946 77%
c [  0.12  0  0 0   0  0    0    0 0.0 0 0 2 6  0% 289655 29946 77%
c -  0.19  0 40 1   0  1  300   55 1.2 43 36 2 6 98% 274587 29946 77%
c -  0.27  0 38 2   0  2  922  228 1.3 38 31 2 6 97% 274587 29946 77%
c I  0.28  0 38 2   0  2 1003  273 1.3 38 31 2 6 97% 274587 29946 77%
c -  0.47  0 39 3   1  1 2015  413 1.7 59 34 2 6 95% 274587 29946 77%
c t  0.74  0 38 3   2  1 2983  999 1.7 60 35 2 6 95% 274587 29946 77%
c B  0.77  0 38 3   2  1 3004 1014 1.7 60 35 2 6 93% 274587 29946 77%
c -  0.85  0 38 4   2  1 3629  522 1.7 57 34 2 6 96% 274587 29946 77%
c -  1.18  0 37 5   4  1 5795  615 1.5 50 34 34 37 97% 274587 29946 77%
c W  1.26  0 37 5   4  1 6005  733 1.5 50 34 34 37 97% 274587 29946 77%
c s  1.35  0 37 5   5  1 6550  915 1.5 49 34 33 36 97% 274587 29946 77%
c e  1.56  0 37 5   5  1 6550  390 1.5 49 34 33 36 97% 268920 27405 70%
c s  1.58  0 37 5   5  1 6550  385 1.5 49 34 33 36 97% 268834 27405 70%
c e  1.65  0 37 5   5  1 6550  384 1.5 49 34 33 36 97% 268638 27360 70%
c -  2.04  0 36 6   6  1 8533  455 1.4 47 34 33 36 94% 268638 27360 70%
c F  2.25  0 37 6   6  1 10006 1374 1.4 46 34 33 36 93% 268638 27360 70%
c -  2.65  0 37 7   6  1 11833  879 1.5 51 34 33 36 92% 268638 27360 70%
c B  3.24  0 37 7   9  1 15007 3022 1.6 55 34 33 36 91% 268638 27360 70%
c
c  seconds  reductions conflicts       size    tier2         variables
c         MB    restarts    redundant     glue     trail          remaining
c          level     rate        size/glue  tier1    irredundant
c
c -  3.39  0 37 8   9  1 15718 1056 1.6 54 34 33 36 91% 268638 27360 70%
c s  4.21  0 36 8  12  1 19734 3020 1.6 54 34 33 36 90% 268583 27360 70%
c e  4.28  0 36 8  12  1 19734 3017 1.6 54 34 33 36 90% 268467 27323 70%
c s  4.31  0 36 8  12  1 19734 3007 1.6 54 34 33 36 90% 268394 27323 70%
c e  4.34  0 36 8  12  1 19734 3005 1.6 54 34 33 36 90% 268349 27310 70%
c -  4.45  0 36 9  12  1 20198 1033 1.6 54 34 33 36 90% 268349 27310 70%
c u  4.47  0 36 9  12  1 20198 1028 1.6 54 34 33 36 90% 268349 27310 70%
c w  4.48  0 36 9  12  1 20198 1023 1.6 54 34 33 36 90% 268349 27310 70%
c W  4.90  0 36 9  13  1 21008 1490 1.6 53 34 33 36 90% 268349 27310 70%
c -  5.76  0 36 10  14  1 25273 1306 1.6 54 34 33 35 90% 268349 27310 70%
c #  6.32  0 36 10  14  1 28009 2982 1.6 54 34 33 35 90% 268349 27310 70%
c -  6.83  0 36 11  14  1 30950 1378 1.6 53 34 33 35 90% 268349 27310 70%
c B  7.72  0 35 11  17  1 36010 4294 1.5 52 34 33 35 90% 268349 27310 70%
c -  7.93  0 35 12  17  1 37239 1455 1.5 52 33 33 35 90% 268349 27310 70%
c s  8.41  0 35 12  19  1 39514 2814 1.5 51 33 32 35 89% 268274 27310 70%
c e  8.44  0 35 12  19  1 39514 2814 1.5 51 33 32 35 89% 268272 27309 70%
c s  8.45  0 35 12  19  1 39514 2813 1.5 51 33 32 35 89% 268256 27309 70%
c e  8.48  0 35 12  19  1 39514 2813 1.5 51 33 32 35 89% 268242 27304 70%
c -  9.28  0 35 13  21  1 44131 1522 1.5 50 33 32 35 89% 268242 27304 70%
c u  9.31  0 35 13  21  1 44131 1518 1.5 50 33 32 35 89% 268242 27304 70%
c
c  seconds  reductions  conflicts       size    tier2         variables
c         MB     restarts    redundant     glue     trail          remaining
c          level      rate        size/glue  tier1    irredundant
c
c w  9.32  0 35 13  21  1 44131 1503 1.5 50 33 32 35 89% 268242 27304 70%
c W  9.74  0 35 13  21  1 45012 2060 1.5 50 33 32 35 89% 268242 27304 70%
c - 10.91  0 35 14  26  1 51632 1691 1.5 50 33 32 35 89% 268242 27304 70%
c O 11.55  0 35 14  28  1 55014 3609 1.5 50 33 32 35 89% 268242 27304 70%
c - 12.37  0 34 15  29  1 59747 1765 1.5 49 33 32 35 89% 268242 27304 70%
c p 12.38  0 34 15  29  1 59747 1776 1.5 49 33 32 35 89% 268242 27304 70%
c s 13.52  0 34 15  29  1 65885 4780 1.5 47 32 32 35 89% 268213 27304 70%
c s 13.56  0 34 15  29  1 65885 4739 1.5 47 32 32 35 89% 268202 27304 70%
c e 13.58  0 34 15  29  1 65885 4739 1.5 47 32 32 35 89% 268186 27298 70%
c B 13.62  0 34 15  29  1 66016 4826 1.5 47 32 32 35 89% 268186 27298 70%
c - 13.99  0 34 16  30  1 68477 1804 1.5 48 32 32 35 89% 268186 27298 70%
c p 14.00  0 34 16  30  1 68477 1843 1.5 48 32 32 35 89% 268186 27298 70%
c u 14.04  0 34 16  30  1 68477 1840 1.5 48 32 32 35 89% 268186 27298 70%
c w 14.05  0 34 16  30  1 68477 1816 1.5 48 32 32 35 89% 268186 27298 70%
c - 15.54  0 34 17  30  1 77821 1838 1.5 47 32 30 34 89% 268186 27298 70%
c p 15.55  0 34 17  30  1 77821 1869 1.5 47 32 30 34 89% 268186 27298 70%
c W 16.24  0 34 17  30  1 78018 1958 1.5 47 32 30 34 89% 268186 27298 70%
c - 17.94  0 34 18  34  1 87783 1969 1.4 46 32 30 34 89% 268186 27298 70%
c p 17.95  0 34 18  34  1 87783 2012 1.4 46 32 30 34 89% 268186 27298 70%
c w 18.00  0 34 18  34  1 87783 1990 1.4 46 32 30 34 89% 268186 27298 70%
c
c  seconds  reductions  conflicts       size    tier2         variables
c         MB     restarts    redundant     glue     trail          remaining
c          level      rate        size/glue  tier1    irredundant
c
c I 18.54  0 34 18  36  1 91019 3878 1.5 47 32 30 34 89% 268186 27298 70%
c - 19.86  0 33 19  40  1 98363 2092 1.4 45 31 30 34 89% 268186 27298 70%
c p 19.87  0 33 19  40  1 98363 2155 1.4 45 31 30 34 89% 268186 27298 70%
c s 19.99  0 33 19  40  1 98849 2096 1.4 45 31 30 34 89% 268166 27298 70%
c e 20.01  0 33 19  40  1 98849 2096 1.4 45 31 30 34 89% 268163 27297 70%
c s 20.02  0 33 19  40  1 98849 2001 1.4 45 31 30 34 89% 268157 27297 70%
c e 20.03  0 33 19  40  1 98849 2001 1.4 45 31 30 34 89% 268141 27291 70%
c B 21.18  0 33 19  44  1 105020 5234 1.4 45 31 30 34 89% 268141 27291 70%
c - 22.02  0 33 20  45  1 109561 2153 1.4 44 31 30 34 89% 268141 27291 70%
c p 22.03  0 33 20  45  1 109561 2214 1.4 44 31 30 34 89% 268141 27291 70%
c u 22.08  0 33 20  45  1 109561 2213 1.4 44 31 30 34 89% 268141 27291 70%
c w 22.09  0 33 20  45  1 109561 2180 1.4 44 31 30 34 89% 268141 27291 70%
c W 24.39  0 32 20  48  1 120024 7595 1.4 44 31 30 34 89% 268141 27291 70%
c - 24.63  0 33 21  49  1 121381 2331 1.4 44 31 30 34 89% 268141 27291 70%
c p 24.64  0 33 21  49  1 121381 2430 1.4 44 31 30 34 89% 268141 27291 70%
c - 26.68  0 33 22  56  1 133820 2429 1.4 44 31 30 34 89% 268141 27291 70%
c p 26.69  0 33 22  56  1 133820 2524 1.4 44 31 30 34 89% 268141 27291 70%
c u 26.72  0 33 22  56  1 133820 2524 1.4 44 31 30 34 89% 268141 27291 70%
c w 26.73  0 33 22  56  1 133820 2508 1.4 44 31 30 34 89% 268141 27291 70%
c F 27.12  0 33 22  58  1 136027 3806 1.4 45 31 30 34 89% 268141 27291 70%
c
c  seconds  reductions  conflicts        size    tier2         variables
c         MB     restarts     redundant     glue     trail          remaining
c          level      rate         size/glue  tier1    irredundant
c
c s 27.49  0 33 22  59  1 138410 5178 1.4 45 31 28 33 89% 268124 27291 70%
c e 27.52  0 33 22  59  1 138410 5178 1.4 45 31 28 33 89% 268121 27290 70%
c s 27.52  0 33 22  59  1 138410 5170 1.4 45 31 28 33 89% 268115 27290 70%
c e 27.54  0 33 22  59  1 138410 5170 1.4 45 31 28 33 89% 268099 27284 70%
c - 28.96  0 33 23  60  1 146883 2632 1.4 45 31 28 33 89% 268099 27284 70%
c p 28.97  0 33 23  60  1 146883 2745 1.4 45 31 28 33 89% 268099 27284 70%
c B 30.19  0 33 23  61  1 153028 5958 1.4 45 31 28 33 89% 268099 27284 70%
c - 31.56  0 33 24  61  1 160567 2759 1.4 45 32 28 33 89% 268099 27284 70%
c p 31.57  0 33 24  61  1 160567 2913 1.4 45 32 28 33 89% 268099 27284 70%
c w 31.64  0 33 24  61  1 160567 2888 1.4 45 32 28 33 89% 268099 27284 70%
c W 34.06  0 33 24  62  1 171029 8436 1.4 45 32 28 33 89% 268099 27284 70%
c - 34.75  0 33 25  62  1 174875 2806 1.4 45 32 28 33 89% 268099 27284 70%
c p 34.76  0 33 25  62  1 174875 2960 1.4 45 32 28 33 89% 268099 27284 70%
c s 36.57  0 33 25  62  1 184564 8010 1.4 45 31 28 33 89% 268088 27284 70%
c s 36.61  0 33 25  62  1 184564 7999 1.4 45 31 28 33 89% 268086 27284 70%
c e 36.63  0 33 25  62  1 184564 7996 1.4 45 31 28 33 89% 268078 27281 70%
c - 37.60  0 33 26  62  1 189808 2818 1.4 44 31 28 33 89% 268078 27281 70%
c p 37.61  0 33 26  62  1 189808 3003 1.4 44 31 28 33 89% 268078 27281 70%
c u 37.66  0 33 26  62  1 189808 3003 1.4 44 31 28 33 89% 268078 27281 70%
c w 37.69  0 33 26  62  1 189808 2973 1.4 44 31 28 33 89% 268078 27281 70%
c
c  seconds  reductions  conflicts        size    tier2         variables
c         MB     restarts     redundant     glue     trail          remaining
c          level      rate         size/glue  tier1    irredundant
c
c # 37.73  0 33 26  62  1 190030 3098 1.4 44 31 28 33 89% 268078 27281 70%
c - 40.21  0 33 27  67  1 205363 3011 1.4 45 31 28 33 89% 268078 27281 70%
c p 40.22  0 33 27  67  1 205363 3146 1.4 45 31 28 33 89% 268078 27281 70%
c B 41.01  0 33 27  69  1 210031 5555 1.4 45 32 28 33 89% 268078 27281 70%
c - 43.04  0 33 28  76  1 221544 3080 1.4 44 31 28 33 89% 268078 27281 70%
c p 43.04  0 33 28  76  1 221544 3248 1.4 44 31 28 33 89% 268078 27281 70%
c w 43.11  0 33 28  76  1 221544 3210 1.4 44 31 28 33 89% 268078 27281 70%
c W 45.64  0 33 28  77  1 231032 8237 1.4 44 31 28 33 89% 268078 27281 70%
c s 46.67  0 33 28  81  1 237311 12178 1.4 45 31 28 33 89% 268075 27281 70%
c e 46.71  0 33 28  81  1 237311 12178 1.4 45 31 28 33 89% 268070 27279 70%
c s 46.72  0 33 28  81  1 237311 12175 1.4 45 31 28 33 89% 268068 27279 70%
c e 46.74  0 33 28  81  1 237311 12175 1.4 45 31 28 33 89% 268063 27277 70%
c - 46.96  0 33 29  82  1 238351 3358 1.4 45 31 28 33 89% 268063 27277 70%
c p 46.97  0 33 29  82  1 238351 3513 1.4 45 31 28 33 89% 268063 27277 70%
c w 47.02  0 33 29  82  1 238351 3499 1.4 45 31 28 33 89% 268063 27277 70%
c O 49.48  0 33 29  90  1 253033 11533 1.4 45 31 28 33 89% 268062 27277 70%
c - 49.95  0 33 30  91  1 255783 3443 1.4 44 31 28 33 89% 268062 27277 70%
c p 49.96  0 33 30  91  1 255783 3608 1.4 44 31 28 33 89% 268062 27277 70%
c w 50.26  0 33 30  91  1 255783 3598 1.4 44 31 28 33 89% 268062 27277 70%
c - 53.55  0 33 31  93  1 273840 3846 1.4 44 31 28 33 89% 268062 27277 70%
c
c  seconds  reductions  conflicts        size    tier2         variables
c         MB     restarts     redundant     glue     trail          remaining
c          level      rate         size/glue  tier1    irredundant
c
c p 53.58  0 33 31  93  1 273840 4073 1.4 44 31 28 33 89% 268062 27277 70%
c w 53.63  0 33 31  93  1 273840 4060 1.4 44 31 28 33 89% 268062 27277 70%
c B 54.01  0 33 31  93  1 276034 5240 1.4 44 31 28 33 89% 268062 27277 70%
c - 56.77  0 33 32 100  1 292524 3638 1.4 44 31 28 33 89% 268062 27277 70%
c p 56.78  0 33 32 100  1 292524 3814 1.4 44 31 28 33 89% 268062 27277 70%
c u 56.82  0 33 32 100  1 292524 3814 1.4 44 31 28 33 89% 268062 27277 70%
c w 56.84  0 33 32 100  1 292524 3802 1.4 44 31 28 33 89% 268062 27277 70%
c s 57.63  0 33 32 102  1 296656 5955 1.4 44 31 28 33 89% 268059 27277 70%
c s 57.66  0 33 32 102  1 296656 5952 1.4 44 31 28 33 89% 268059 27277 70%
c e 57.67  0 33 32 102  1 296656 5950 1.4 44 31 28 33 89% 268055 27275 70%
c W 59.28  0 33 32 104  1 300035 7782 1.4 44 31 28 33 89% 268055 27275 70%
c - 61.40  0 33 33 108  1 311835 3585 1.4 44 31 28 33 89% 268055 27275 70%
c p 61.42  0 33 33 108  1 311835 3765 1.4 44 31 28 33 89% 268055 27275 70%
c w 61.48  0 33 33 108  1 311835 3750 1.4 44 31 28 33 89% 268055 27275 70%
c I 63.84  0 33 33 115  1 325036 11583 1.4 45 31 28 33 89% 268055 27275 70%
c - 65.13  0 32 34 118  1 331773 3939 1.4 44 31 28 33 89% 268055 27275 70%
c p 65.14  0 32 34 118  1 331773 4077 1.4 44 31 28 33 89% 268055 27275 70%
c w 65.19  0 32 34 118  1 331773 4067 1.4 44 31 28 33 89% 268055 27275 70%
c B 68.46  0 32 34 124  1 351041 14885 1.4 44 30 27 33 88% 268055 27275 70%
c - 68.71  0 32 35 124  1 352338 4038 1.4 44 30 27 33 88% 268055 27275 70%
c
c  seconds  reductions  conflicts        size    tier2         variables
c         MB     restarts     redundant     glue     trail          remaining
c          level      rate         size/glue  tier1    irredundant
c
c p 68.72  0 32 35 124  1 352338 4393 1.4 44 30 27 33 88% 268055 27275 70%
c w 68.79  0 32 35 124  1 352338 4373 1.4 44 30 27 33 88% 268055 27275 70%
c s 70.68  0 32 35 124  1 362594 9233 1.4 43 30 27 33 88% 268053 27275 70%
c s 70.72  0 32 35 124  1 362594 9226 1.4 43 30 27 33 88% 268053 27275 70%
c e 70.74  0 32 35 124  1 362594 9226 1.4 43 30 27 33 88% 268051 27274 70%
c - 72.48  0 32 36 125  1 373533 3794 1.4 43 30 27 33 88% 268051 27274 70%
c p 72.49  0 32 36 125  1 373533 4089 1.4 43 30 27 33 88% 268051 27274 70%
c w 72.54  0 32 36 125  1 373533 4069 1.4 43 30 27 33 88% 268051 27274 70%
c W 74.34  0 32 36 125  1 378042 7085 1.4 43 30 27 33 89% 268051 27274 70%
c - 77.36  0 32 37 125  1 395355 4288 1.4 44 31 27 33 89% 268051 27274 70%
c p 77.38  0 32 37 125  1 395355 4523 1.4 44 31 27 33 89% 268051 27274 70%
c w 77.44  0 32 37 125  1 395355 4484 1.4 44 31 27 33 89% 268051 27274 70%
c F 79.16  0 32 37 126  1 406044 10686 1.5 45 31 27 33 89% 268051 27274 70%
c - 81.21  0 33 38 126  1 417808 4413 1.5 45 31 27 33 89% 268051 27274 70%
c p 81.21  0 33 38 126  1 417808 4644 1.5 45 31 27 33 89% 268051 27274 70%
c w 81.53  0 33 38 126  1 417808 4626 1.5 45 31 27 33 89% 268051 27274 70%
c B 84.34  0 33 38 126  1 435045 14137 1.5 46 31 27 33 89% 268051 27274 70%
c s 84.36  0 33 38 126  1 435127 14186 1.5 46 31 27 33 89% 268050 27274 70%
c s 84.40  0 33 38 126  1 435127 14176 1.5 46 31 27 33 89% 268050 27274 70%
c e 84.42  0 33 38 126  1 435127 14176 1.5 46 31 27 33 89% 268048 27273 70%
c
c  seconds  reductions  conflicts        size    tier2         variables
c         MB     restarts     redundant     glue     trail          remaining
c          level      rate         size/glue  tier1    irredundant
c
c - 85.40  0 33 39 126  1 440887 4275 1.5 45 31 27 33 89% 268048 27273 70%
c p 85.42  0 33 39 126  1 440887 4486 1.5 45 31 27 33 89% 268048 27273 70%
c w 85.49  0 33 39 126  1 440887 4460 1.5 45 31 27 33 89% 268048 27273 70%
c - 89.24  0 33 40 126  1 464593 4135 1.4 45 31 27 33 89% 268048 27273 70%
c p 89.25  0 33 40 126  1 464593 4400 1.4 45 31 27 33 89% 268048 27273 70%
c w 89.30  0 33 40 126  1 464593 4381 1.4 45 31 27 33 89% 268048 27273 70%
c W 90.66  0 33 40 126  1 465048 4673 1.4 45 31 27 33 89% 268047 27273 70%
c - 94.44  0 33 41 140  1 488929 4166 1.4 45 32 27 33 89% 268047 27273 70%
c p 94.45  0 33 41 140  1 488929 4386 1.4 45 32 27 33 89% 268047 27273 70%
c w 94.52  0 33 41 140  1 488929 4366 1.4 45 32 27 33 89% 268047 27273 70%
c # 95.63  0 33 41 141  1 496050 7921 1.4 45 32 27 33 89% 268047 27273 70%
c - 98.58  0 33 42 151  1 513895 4248 1.4 45 32 27 33 89% 268047 27273 70%
c p 98.58  0 33 42 151  1 513895 4455 1.4 45 32 27 33 89% 268047 27273 70%
c w 98.68  0 33 42 151  1 513895 4438 1.4 45 32 27 33 89% 268047 27273 70%
c s 98.75  0 33 42 151  1 514254 4655 1.4 45 32 27 33 89% 268047 27273 70%
c s 98.77  0 33 42 151  1 514254 4652 1.4 45 32 27 33 89% 268047 27273 70%
c B 100.82  0 33 42 156  1 528052 12071 1.4 45 32 27 33 89% 268047 27273 70%
c - 102.61  0 33 43 157  1 539489 4461 1.4 45 32 27 33 89% 268047 27273 70%
c p 102.63  0 33 43 157  1 539489 4616 1.4 45 32 27 33 89% 268047 27273 70%
c w 102.69  0 33 43 157  1 539489 4599 1.4 45 32 27 33 89% 268047 27273 70%
c
c  seconds   reductions  conflicts         size    tier2         variables
c          MB     restarts      redundant     glue     trail          remaining
c           level      rate          size/glue  tier1    irredundant
c
c W 107.34  0 33 43 164  1 561053 16339 1.4 45 32 27 33 89% 268047 27273 70%
c - 108.15  0 33 44 168  1 565714 4769 1.4 45 32 27 33 89% 268047 27273 70%
c p 108.17  0 33 44 168  1 565714 5150 1.4 45 32 27 33 89% 268047 27273 70%
c w 108.24  0 33 44 168  1 565714 5136 1.4 45 32 27 33 89% 268047 27273 70%
c - 112.89  0 33 45 179  1 592569 5152 1.4 45 32 27 33 89% 268047 27273 70%
c p 112.91  0 33 45 179  1 592569 5463 1.4 45 32 27 33 89% 268047 27273 70%
c w 112.98  0 33 45 179  1 592569 5447 1.4 45 32 27 33 89% 268047 27273 70%
c O 113.40  0 33 45 180  1 595055 6767 1.4 45 32 27 33 89% 268047 27273 70%
c - 117.99  0 33 46 188  1 620054 5061 1.4 45 31 27 33 89% 268047 27273 70%
c p 118.01  0 33 46 188  1 620054 5413 1.4 45 31 27 33 89% 268047 27273 70%
c w 118.10  0 33 46 188  1 620054 5374 1.4 45 31 27 33 89% 268047 27273 70%
c B 119.81  0 33 46 188  1 630056 11151 1.4 44 31 27 33 89% 268047 27273 70%
c - 122.83  0 33 47 189  1 648169 5380 1.4 45 31 27 33 89% 268047 27273 70%
c p 122.85  0 33 47 189  1 648169 5652 1.4 45 31 27 33 89% 268047 27273 70%
c w 123.26  0 33 47 189  1 648169 5588 1.4 45 31 27 33 89% 268047 27273 70%
c s 123.30  0 33 47 189  1 648169 5490 1.4 45 31 27 33 89% 268038 27273 70%
c s 123.34  0 33 47 189  1 648169 5484 1.4 45 31 27 33 89% 268038 27273 70%
c W 127.78  0 33 47 190  1 666057 15037 1.4 45 31 27 33 89% 268038 27273 70%
c - 129.73  0 33 48 196  1 676916 5041 1.4 45 31 27 33 89% 268038 27273 70%
c p 129.75  0 33 48 196  1 676916 5364 1.4 45 31 27 33 89% 268038 27273 70%
c
c  seconds   reductions  conflicts        size    tier2         variables
c          MB     restarts     redundant     glue     trail          remaining
c           level      rate         size/glue  tier1    irredundant
c
c w 129.84  0 33 48 196  1 676916 5327 1.4 45 31 27 33 89% 268038 27273 70%
c I 134.46  0 33 48 208  1 703058 18742 1.4 44 31 27 33 89% 268038 27273 70%
c - 135.06  0 33 49 210  1 706295 5036 1.4 44 31 27 33 89% 268038 27273 70%
c p 135.08  0 33 49 210  1 706295 5305 1.4 44 31 27 33 89% 268038 27273 70%
c w 135.16  0 33 49 210  1 706295 5212 1.4 44 31 27 33 89% 268038 27273 70%
c - 140.43  0 32 50 220  1 736301 5116 1.4 43 30 27 32 88% 268038 27273 70%
c p 140.45  0 32 50 220  1 736301 5323 1.4 43 30 27 32 88% 268038 27273 70%
c w 140.55  0 32 50 220  1 736301 5246 1.4 43 30 27 32 88% 268038 27273 70%
c s 141.42  0 32 50 220  1 740483 7456 1.4 43 30 27 32 88% 268038 27273 70%
c s 141.45  0 32 50 220  1 740483 7447 1.4 43 30 27 32 88% 268038 27273 70%
c B 141.61  0 32 50 220  1 741060 7691 1.4 43 30 27 32 88% 268038 27273 70%
c - 145.82  0 32 51 232  1 766939 5101 1.4 42 30 27 32 89% 268038 27273 70%
c p 145.83  0 32 51 232  1 766939 5498 1.4 42 30 27 32 89% 268038 27273 70%
c w 145.92  0 32 51 232  1 766939 5415 1.4 42 30 27 32 89% 268038 27273 70%
c W 149.13  0 32 51 235  1 780061 11899 1.4 43 30 27 32 89% 268038 27273 70%
c - 152.06  0 32 52 245  1 798207 5255 1.4 43 31 27 32 89% 268038 27273 70%
c p 152.09  0 32 52 245  1 798207 5570 1.4 43 31 27 32 89% 268038 27273 70%
c w 152.17  0 32 52 245  1 798207 5537 1.4 43 31 27 32 89% 268038 27273 70%
c F 155.75  0 32 52 251  1 820063 16787 1.4 43 31 27 32 89% 268038 27273 70%
c - 157.48  0 32 53 251  1 830106 5410 1.4 43 31 27 32 89% 268038 27273 70%
c
c  seconds   reductions  conflicts        size    tier2         variables
c          MB     restarts     redundant     glue     trail          remaining
c           level      rate         size/glue  tier1    irredundant
c
c p 157.50  0 32 53 251  1 830106 5737 1.4 43 31 27 32 89% 268038 27273 70%
c w 157.58  0 32 53 251  1 830106 5705 1.4 43 31 27 32 89% 268038 27273 70%
c B 162.78  0 33 53 252  1 861065 21887 1.4 44 31 27 32 89% 268038 27273 70%
c - 163.06  0 33 54 252  1 862636 5652 1.4 44 31 27 32 89% 268038 27273 70%
c p 163.07  0 33 54 252  1 862636 5919 1.4 44 31 27 32 89% 268038 27273 70%
c w 163.17  0 33 54 252  1 862636 5909 1.4 44 31 27 32 89% 268038 27273 70%
c - 168.59  0 32 55 253  1 895798 5257 1.4 43 31 27 32 89% 268038 27273 70%
c p 168.60  0 32 55 253  1 895798 5565 1.4 43 31 27 32 89% 268038 27273 70%
c w 168.68  0 32 55 253  1 895798 5545 1.4 43 31 27 32 89% 268038 27273 70%
c s 168.72  0 32 55 253  1 895798 5529 1.4 43 31 27 32 89% 268037 27273 70%
c s 168.75  0 32 55 253  1 895798 5519 1.4 43 31 27 32 89% 268037 27273 70%
c ^ 168.76  0 32 55 253  1 895798 5519 1.4 43 31 27 32 89% 268037 27273 70%
c W 171.87  0 32 55 253  1 903066 9722 1.4 43 31 27 32 89% 268037 27273 70%
c - 176.29  0 32 56 253  1 929591 5819 1.4 43 31 27 32 89% 268037 27273 70%
c p 176.30  0 32 56 253  1 929591 6091 1.4 43 31 27 32 89% 268037 27273 70%
c w 176.40  0 32 56 253  1 929591 6042 1.4 43 31 27 32 89% 268037 27273 70%
c # 179.00  0 32 56 254  1 946067 15165 1.4 43 31 27 32 89% 268037 27273 70%
c - 181.81  0 32 57 254  1 964014 6173 1.4 43 31 27 32 89% 268037 27273 70%
c p 181.83  0 32 57 254  1 964014 6387 1.4 43 31 27 32 89% 268037 27273 70%
c w 182.32  0 32 57 254  1 964014 6342 1.4 43 31 27 32 89% 268037 27273 70%
c
c  seconds   reductions  conflicts         size    tier2         variables
c          MB     restarts      redundant     glue     trail          remaining
c           level      rate          size/glue  tier1    irredundant
c
c B 186.66  0 32 57 254  1 990070 24048 1.5 46 31 27 32 89% 268037 27273 70%
c - 188.23  0 32 58 254  1 999071 7239 1.5 46 31 27 32 89% 268037 27273 70%
c p 188.24  0 32 58 254  1 999071 7724 1.5 46 31 27 32 89% 268037 27273 70%
c w 188.34  0 32 58 254  1 999071 7691 1.5 46 31 27 32 89% 268037 27273 70%
c s 188.76  0 32 58 254  1 1001300 8753 1.5 46 31 27 32 89% 268037 27273 70%
c s 188.87  0 32 58 254  1 1001300 8741 1.5 46 31 27 32 89% 268037 27273 70%
c ^ 188.88  0 32 58 254  1 1001300 8741 1.5 46 31 27 32 89% 268037 27273 70%
c - 194.56  0 32 59 254  1 1034759 6200 1.5 45 31 27 32 89% 268037 27273 70%
c p 194.58  0 32 59 254  1 1034759 6556 1.5 45 31 27 32 89% 268037 27273 70%
c w 194.67  0 32 59 254  1 1034759 6505 1.5 45 31 27 32 89% 268037 27273 70%
c W 196.50  0 32 59 254  1 1035071 6670 1.5 45 31 27 32 89% 268037 27273 70%
c - 202.40  0 33 60 260  1 1071077 6352 1.4 45 31 27 32 89% 268037 27273 70%
c p 202.43  0 33 60 260  1 1071077 6701 1.4 45 31 27 32 89% 268037 27273 70%
c w 202.53  0 33 60 260  1 1071077 6649 1.4 45 31 27 32 89% 268037 27273 70%
c O 204.23  0 33 60 264  1 1081073 11950 1.4 45 31 27 32 89% 268037 27273 70%
c - 208.68  0 32 61 276  1 1108030 6520 1.4 45 31 27 32 89% 268037 27273 70%
c p 208.70  0 32 61 276  1 1108030 6883 1.4 45 31 27 32 89% 268037 27273 70%
c w 208.81  0 32 61 276  1 1108030 6837 1.4 45 31 27 32 89% 268037 27273 70%
c s 209.65  0 32 61 279  1 1113395 9850 1.4 44 31 27 32 89% 268037 27273 70%
c e 209.75  0 32 61 279  1 1113395 9831 1.4 44 31 27 32 89% 268051 27266 70%
c
c  seconds   reductions   conflicts        size    tier2         variables
c          MB     restarts      redundant     glue     trail          remaining
c           level      rate          size/glue  tier1    irredundant
c
c s 209.76  0 32 61 279  1 1113395 9818 1.4 44 31 27 32 89% 268033 27266 70%
c B 212.19  0 32 61 284  1 1128076 17471 1.4 44 31 27 32 89% 268033 27266 70%
c - 215.07  0 33 62 285  1 1145613 7022 1.5 46 31 27 32 89% 268033 27266 70%
c p 215.08  0 33 62 285  1 1145613 7289 1.5 46 31 27 32 89% 268033 27266 70%
c w 215.18  0 33 62 285  1 1145613 7251 1.5 46 31 27 32 89% 268033 27266 70%
c W 222.25  0 33 62 300  1 1176077 23703 1.5 46 32 27 32 89% 268033 27266 70%
c - 223.48  0 33 63 303  1 1183830 6913 1.5 46 32 27 32 89% 268033 27266 70%
c p 223.49  0 33 63 303  1 1183830 7139 1.5 46 32 27 32 89% 268033 27266 70%
c w 223.59  0 33 63 303  1 1183830 7099 1.5 46 32 27 32 89% 268033 27266 70%
c - 229.58  0 33 64 316  1 1222678 6749 1.4 46 32 27 32 89% 268033 27266 70%
c p 229.60  0 33 64 316  1 1222678 7153 1.4 46 32 27 32 89% 268033 27266 70%
c w 229.69  0 33 64 316  1 1222678 7124 1.4 46 32 27 32 89% 268033 27266 70%
c I 230.13  0 33 64 316  1 1225079 8288 1.4 46 32 27 32 89% 268026 27266 70%
c s 231.45  0 33 64 317  1 1232097 12150 1.4 45 32 27 32 89% 268025 27266 70%
c s 231.49  0 33 64 317  1 1232097 12143 1.4 45 32 27 32 89% 268025 27266 70%
c - 236.92  0 33 65 317  1 1262158 7873 1.5 46 31 27 32 89% 268025 27266 70%
c p 236.94  0 33 65 317  1 1262158 8386 1.5 46 31 27 32 89% 268025 27266 70%
c w 237.07  0 33 65 317  1 1262158 8273 1.5 46 31 27 32 89% 268025 27266 70%
c B 239.32  0 33 65 324  1 1275080 15009 1.5 46 31 27 32 89% 268025 27266 70%
c - 244.35  0 32 66 336  1 1302270 7125 1.4 44 31 27 32 88% 268025 27266 70%
c
c  seconds   reductions   conflicts        size    tier2         variables
c          MB     restarts      redundant     glue     trail          remaining
c           level      rate          size/glue  tier1    irredundant
c
c p 244.37  0 32 66 336  1 1302270 7539 1.4 44 31 27 32 88% 268025 27266 70%
c w 244.50  0 32 66 336  1 1302270 7445 1.4 44 31 27 32 88% 268025 27266 70%
c W 251.06  0 32 66 347  1 1326082 21275 1.5 44 30 27 32 88% 268025 27266 70%
c - 254.25  0 32 67 348  1 1343017 7222 1.5 44 30 27 32 88% 268025 27266 70%
c p 254.27  0 32 67 348  1 1343017 7647 1.5 44 30 27 32 88% 268025 27266 70%
c w 254.41  0 32 67 348  1 1343017 7560 1.5 44 30 27 32 88% 268025 27266 70%
c F 260.80  0 31 67 363  1 1378083 24528 1.5 43 29 27 32 88% 268025 27266 70%
c - 261.89  0 31 68 366  1 1384394 7006 1.5 43 30 27 32 88% 268025 27266 70%
c p 261.91  0 31 68 366  1 1384394 7352 1.5 43 30 27 32 88% 268025 27266 70%
c w 262.62  0 31 68 366  1 1384394 7278 1.5 43 30 27 32 88% 268025 27266 70%
c - 269.86  0 32 69 379  1 1426404 7162 1.4 43 30 27 32 88% 268025 27266 70%
c p 269.88  0 32 69 379  1 1426404 7484 1.4 43 30 27 32 88% 268025 27266 70%
c w 270.03  0 32 69 379  1 1426404 7355 1.4 43 30 27 32 88% 268025 27266 70%
c B 270.83  0 32 69 380  1 1431086 10086 1.4 44 30 27 32 89% 268025 27266 70%
c - 277.08  0 32 70 381  1 1469046 7837 1.5 45 31 27 32 89% 268025 27266 70%
c ] 277.08  0 32 70 381  1 1469046 7837 1.5 45 31 27 32 89% 268025 27266 70%
c ? 277.08  0 32 70 381  1 1469046 7837 1.5 45 31 27 32 89% 268025 27266 70%
c
c --- [ result ] -------------------------------------------------------------
c
c writing result to 'search-results/cadical-complete-cover-20260902/anchor-002-p1-s1.result'
c
c --- [ run-time profiling ] -------------------------------------------------
c
c process time taken by individual solving procedures
c (percentage relative to process time for solving)
c
c       267.58   96.59% search
c       248.78   89.80% stable
c        18.73    6.76% walk
c         9.45    3.41% simplify
c         3.03    1.09% vivify
c         2.08    0.75% sweep
c         1.01    0.36% backbone
c         1.00    0.36% elim
c         0.47    0.17% subsume
c         0.31    0.11% probe
c         0.28    0.10% congruence
c         0.25    0.09% ternary
c         0.07    0.03% lucky
c         0.05    0.02% parse
c   =================================
c       277.03   99.98% solve
c
c last line shows process time for solving
c (percentage relative to total process time)
c
c --- [ statistics ] ---------------------------------------------------------
c
c chronological:            175045        11.92 %  of conflicts
c conflicts:               1469046      5302.82    per second
c backbone:               76451747    196322.09 %  of vars
c decisions:               1606017      5797.25    per second
c eliminated:                 2680         6.88 %  of all variables
c fixed:                      8996        23.10 %  of all variables
c learned:                 1447342        98.52 %  per conflict
c learned_lits:          769118836       100.00 %  learned literals
c minimized:                     0         0.00 %  learned literals
c shrunken:              700465089        91.07 %  learned literals
c minishrunken:            4122507         0.54 %  learned literals
c otfs:                        682         0.05 %  of conflict
c propagations:          801083977         2.89 M  per second
c reduced:                  780684        53.14 %  per conflict
c rephased:                     53     27717.85    interval
c restarts:                    381      3855.76    interval
c subsumed:                 656920        37.24 %  of all clauses
c strengthened:              37360         2.12 %  of all clauses
c ticks:               10848605740        18.67    propagation
c vivified:                   1760         0.10 %  of all clauses
c walked:                       17     86414.47    interval
c weakened:                  13381         5.34    average size
c congruence:                   11    133549.64    interval
c
c seconds are measured in process time for solving
c
c --- [ glue usage ] ---------------------------------------------------------
c
c focused glue 2 used 0 clauses 0.000% accumulated 0.000% tier1
c focused glue 3 used 0 clauses 0.000% accumulated 0.000%
c focused glue 4 used 0 clauses 0.000% accumulated 0.000%
c focused glue 5 used 0 clauses 0.000% accumulated 0.000%
c focused glue 6 used 0 clauses 0.000% accumulated 0.000% tier2
c
c stable glue 27 used 287837 clauses 6.456% accumulated 54.69% tier1
c stable glue 28 used 290743 clauses 6.521% accumulated 61.21%
c stable glue 29-30 used 576226 clauses 12.92% accumulated 74.14%
c stable glue 31 used 282468 clauses 6.336% accumulated 80.47%
c stable glue 32 used 259772 clauses 5.827% accumulated 86.30% tier2
c
c
c --- [ resources ] ----------------------------------------------------------
c
c total process time since initialization:       277.08    seconds
c total real time since initialization:          300.00    seconds
c maximum resident set size of process:          197.86    MB
c
c --- [ shutting down ] ------------------------------------------------------
c
c exit 0
