c --- [ banner ] -------------------------------------------------------------
c
c CaDiCaL SAT Solver
c Copyright (c) 2016-2026
c A. Biere, M. Fleury, N. Froleyks, K. Fazekas, F. Pollitt, T. Faller
c JKU Linz, University of Freiburg, TU Wien
c
c Version 3.0.1 c60730422e758ef1cebe7aeddf2dda31c996bf04
c Apple clang version 21.0.0 (clang-2100.1.1.101) -Wall -Wextra -O3 -DNDEBUG -DNCLOSEFROM
c Tue Sep 1 21:08:57 PDT 2026 Darwin retained-runner 25.6.0 arm64
c
c --- [ limit ] --------------------------------------------------------------
c
c setting time limit to 300 seconds real time (due to '-t 300')
c
c --- [ parsing input ] ------------------------------------------------------
c
c reading DIMACS file from 'search-results/cadical-complete-cover-20260902/cnf/anchor-004-p0-s1.cnf'
c opening file to read 'search-results/cadical-complete-cover-20260902/cnf/anchor-004-p0-s1.cnf'
c found 'p cnf 38942 364405' header
c parsed 364405 clauses in 0.05 seconds process time
c
c --- [ options ] ------------------------------------------------------------
c
c   --elimeffort=10                (different from default '1e3')
c   --stabilizeonly=true           (different from default 'false')
c   --subsumeeffort=60             (different from default '1e3')
c
c --- [ solving ] ------------------------------------------------------------
c
c time measured in process time since initialization
c
c  seconds  reduction conflicts       size tier2        variables
c         MB    restarts   redundant    glue  trail          remaining
c          level     rate       size/glu tier1  irredundant
c
c *  0.05  0  0 0   0  0    0    0 0.0 0 0 2 6  0% 289621 30016 77%
c )  0.09  0  0 0   0  0    0    0 0.0 0 0 2 6  0% 289621 30016 77%
c [  0.12  0  0 0   0  0    0    0 0.0 0 0 2 6  0% 289621 30016 77%
c -  0.19  0 39 1   0  1  302   44 1.1 41 36 2 6 97% 274686 30016 77%
c -  0.29  0 37 2   0  1  927  245 1.2 34 29 2 6 96% 274686 30016 77%
c I  0.30  0 37 2   0  1 1005  293 1.2 34 29 2 6 96% 274686 30016 77%
c -  0.49  0 38 3   1  1 2023  460 2.0 66 33 2 6 95% 274686 30016 77%
c B  0.76  0 38 3   2  1 3007  926 1.8 62 34 2 6 92% 274686 30016 77%
c -  0.82  0 38 4   2  1 3643  611 1.7 57 33 2 6 95% 274686 30016 77%
c -  1.08  0 37 5   4  1 5813  837 1.6 51 33 33 37 95% 274686 30016 77%
c W  1.17  0 37 5   4  1 6008  980 1.6 52 33 33 37 95% 274686 30016 77%
c s  1.27  0 37 5   5  1 6542 1192 1.6 51 33 33 37 95% 274686 30016 77%
c e  1.49  0 37 5   5  1 6542  545 1.6 51 33 33 37 95% 268857 27358 70%
c s  1.51  0 37 5   5  1 6542  541 1.6 51 33 33 37 95% 268699 27358 70%
c e  1.58  0 37 5   5  1 6542  535 1.6 51 33 33 37 95% 268526 27312 70%
c 2  1.92  0 37 5   5  1 8087 1743 1.7 55 33 32 37 93% 268526 27312 70%
c -  2.09  0 37 6   6  1 8555  681 1.7 54 33 32 37 93% 268526 27312 70%
c F  2.37  0 36 6   6  1 10010 1601 1.7 55 33 32 36 92% 268526 27312 70%
c -  2.75  0 36 7   6  1 11858  831 1.6 54 33 32 36 91% 268526 27312 70%
c B  3.35  0 36 7   9  1 15012 2758 1.6 52 33 31 36 90% 268526 27312 70%
c
c  seconds  reductions conflicts       size    tier2         variables
c         MB    restarts    redundant     glue     trail          remaining
c          level     rate        size/glue  tier1    irredundant
c
c -  3.49  0 36 8   9  1 15747  972 1.6 52 33 31 36 90% 268526 27312 70%
c s  4.26  0 36 8  12  1 19733 3305 1.6 51 33 31 36 90% 268444 27312 70%
c e  4.32  0 36 8  12  1 19733 3303 1.6 51 33 31 36 90% 268389 27297 70%
c s  4.35  0 36 8  12  1 19733 3300 1.6 51 33 31 36 90% 268343 27297 70%
c e  4.39  0 36 8  12  1 19733 3300 1.6 51 33 31 36 90% 268318 27288 70%
c -  4.49  0 36 9  12  1 20229 1058 1.5 51 33 31 36 90% 268318 27288 70%
c u  4.51  0 36 9  12  1 20229 1055 1.5 51 33 31 36 90% 268318 27288 70%
c w  4.53  0 36 9  12  1 20229 1049 1.5 51 33 31 36 90% 268318 27288 70%
c x  4.54  0 36 9  12  1 20229 1049 1.5 51 33 31 36 90% 268317 27288 70%
c W  4.90  0 36 9  13  1 21013 1558 1.5 51 33 31 36 90% 268317 27288 70%
c -  5.66  0 35 10  14  1 25307 1136 1.5 49 33 31 35 89% 268317 27288 70%
c #  6.19  0 35 10  14  1 28015 2571 1.5 49 33 31 35 89% 268317 27288 70%
c -  6.70  0 35 11  14  1 30989 1236 1.5 49 33 31 35 89% 268317 27288 70%
c B  7.53  0 35 11  17  1 36017 3832 1.5 48 33 31 35 89% 268317 27288 70%
c -  7.76  0 35 12  17  1 37275 1306 1.5 48 33 31 35 89% 268317 27288 70%
c s  8.24  0 35 12  20  1 39520 2737 1.5 48 33 30 35 89% 268272 27288 70%
c e  8.28  0 35 12  20  1 39520 2737 1.5 48 33 30 35 89% 268269 27287 70%
c s  8.29  0 35 12  20  1 39520 2737 1.5 48 33 30 35 89% 268263 27287 70%
c e  8.31  0 35 12  20  1 39520 2737 1.5 48 33 30 35 89% 268252 27283 70%
c -  9.13  0 35 13  21  1 44169 1518 1.5 48 33 30 35 89% 268252 27283 70%
c
c  seconds  reductions  conflicts       size    tier2         variables
c         MB     restarts    redundant     glue     trail          remaining
c          level      rate        size/glue  tier1    irredundant
c
c w  9.19  0 35 13  21  1 44169 1509 1.5 48 33 30 35 89% 268252 27283 70%
c W  9.57  0 35 13  21  1 45019 2018 1.5 48 33 30 35 89% 268252 27283 70%
c - 10.62  0 35 14  26  1 51675 1700 1.5 48 33 30 35 89% 268252 27283 70%
c O 11.13  0 35 14  28  1 55020 3659 1.5 48 33 30 35 89% 268252 27283 70%
c - 11.89  0 35 15  29  1 59794 1718 1.4 47 32 30 35 89% 268252 27283 70%
c s 12.99  0 34 15  29  1 65904 4688 1.4 45 32 30 35 89% 268235 27283 70%
c s 13.03  0 34 15  29  1 65904 4662 1.4 45 32 30 35 89% 268235 27283 70%
c e 13.04  0 34 15  29  1 65904 4656 1.4 45 32 30 35 89% 268230 27281 70%
c B 13.07  0 34 15  29  1 66021 4711 1.4 45 32 30 35 89% 268230 27281 70%
c - 13.53  0 34 16  30  1 68526 1680 1.4 45 32 30 35 89% 268230 27281 70%
c p 13.54  0 34 16  30  1 68526 1704 1.4 45 32 30 35 89% 268230 27281 70%
c w 13.58  0 34 16  30  1 68526 1679 1.4 45 32 30 35 89% 268230 27281 70%
c - 15.24  0 33 17  30  1 77875 1897 1.4 45 31 28 34 89% 268226 27281 70%
c p 15.25  0 33 17  30  1 77875 1928 1.4 45 31 28 34 89% 268226 27281 70%
c W 15.94  0 33 17  30  1 78022 1999 1.4 45 31 28 34 89% 268226 27281 70%
c - 17.65  0 33 18  34  1 87840 2027 1.4 44 31 28 34 88% 268226 27281 70%
c p 17.66  0 33 18  34  1 87840 2059 1.4 44 31 28 34 88% 268226 27281 70%
c w 17.71  0 33 18  34  1 87840 2041 1.4 44 31 28 34 88% 268226 27281 70%
c I 18.28  0 33 18  36  1 91023 3933 1.4 44 31 28 34 88% 268226 27281 70%
c - 19.66  0 32 19  40  1 98423 2023 1.4 43 30 28 34 88% 268226 27281 70%
c
c  seconds  reductions  conflicts       size    tier2         variables
c         MB     restarts    redundant     glue     trail          remaining
c          level      rate        size/glue  tier1    irredundant
c
c p 19.67  0 32 19  40  1 98423 2071 1.4 43 30 28 34 88% 268226 27281 70%
c s 19.79  0 32 19  40  1 98881 1868 1.4 43 30 28 34 88% 268218 27281 70%
c e 19.81  0 32 19  40  1 98881 1866 1.4 43 30 28 34 88% 268211 27278 70%
c s 19.82  0 32 19  40  1 98881 1786 1.4 43 30 28 34 88% 268202 27278 70%
c e 19.83  0 32 19  40  1 98881 1784 1.4 43 30 28 34 88% 268195 27275 70%
c B 21.00  0 32 19  44  1 105028 4483 1.4 42 30 28 34 89% 268195 27275 70%
c - 21.87  0 31 20  45  1 109626 1785 1.4 41 29 28 34 89% 268195 27275 70%
c p 21.88  0 31 20  45  1 109626 1861 1.4 41 29 28 34 89% 268195 27275 70%
c w 21.93  0 31 20  45  1 109626 1816 1.4 41 29 28 34 89% 268195 27275 70%
c W 24.27  0 30 20  48  1 120030 6761 1.4 40 29 28 34 89% 268195 27275 70%
c - 24.53  0 30 21  49  1 121449 1958 1.4 40 28 28 34 89% 268195 27275 70%
c p 24.53  0 30 21  49  1 121449 2033 1.4 40 28 28 34 89% 268195 27275 70%
c - 26.66  0 30 22  56  1 133893 2214 1.4 40 28 28 34 89% 268195 27275 70%
c p 26.67  0 30 22  56  1 133893 2281 1.4 40 28 28 34 89% 268195 27275 70%
c w 26.71  0 30 22  56  1 133893 2244 1.4 40 28 28 34 89% 268195 27275 70%
c F 27.12  0 30 22  58  1 136033 3359 1.4 40 29 28 34 89% 268194 27275 70%
c s 27.51  0 30 22  59  1 138454 3466 1.4 40 29 24 32 89% 268182 27275 70%
c e 27.54  0 30 22  59  1 138454 3466 1.4 40 29 24 32 89% 268178 27274 70%
c s 27.55  0 30 22  59  1 138454 3457 1.4 40 29 24 32 89% 268175 27274 70%
c e 27.56  0 30 22  59  1 138454 3457 1.4 40 29 24 32 89% 268170 27272 70%
c
c  seconds  reductions  conflicts        size    tier2         variables
c         MB     restarts     redundant     glue     trail          remaining
c          level      rate         size/glue  tier1    irredundant
c
c - 29.00  0 31 23  60  1 146959 2316 1.4 41 29 24 32 88% 268170 27272 70%
c p 29.01  0 31 23  60  1 146959 2374 1.4 41 29 24 32 88% 268170 27272 70%
c B 30.11  0 31 23  61  1 153036 5849 1.4 41 29 24 32 88% 268170 27272 70%
c - 31.41  0 31 24  61  1 160647 2824 1.4 42 29 24 32 88% 268170 27272 70%
c p 31.42  0 31 24  61  1 160647 2928 1.4 42 29 24 32 88% 268170 27272 70%
c u 31.45  0 31 24  61  1 160647 2925 1.4 42 29 24 32 88% 268170 27272 70%
c w 31.48  0 31 24  61  1 160647 2893 1.4 42 29 24 32 88% 268170 27272 70%
c W 34.00  0 31 24  62  1 171037 8483 1.4 42 30 24 32 88% 268170 27272 70%
c - 34.78  0 31 25  62  1 174959 2834 1.4 42 30 24 32 88% 268170 27272 70%
c p 34.79  0 31 25  62  1 174959 2983 1.4 42 30 24 32 88% 268170 27272 70%
c s 36.52  0 31 25  62  1 184626 7752 1.4 42 29 24 32 88% 268166 27272 70%
c s 36.57  0 31 25  62  1 184626 7713 1.4 42 29 24 32 88% 268166 27272 70%
c e 36.58  0 31 25  62  1 184626 7713 1.4 42 29 24 32 88% 268161 27270 70%
c - 37.59  0 31 26  62  1 189896 2765 1.4 42 29 24 32 88% 268161 27270 70%
c p 37.61  0 31 26  62  1 189896 3016 1.4 42 29 24 32 88% 268161 27270 70%
c w 37.70  0 31 26  62  1 189896 2943 1.4 42 29 24 32 88% 268161 27270 70%
c # 37.74  0 31 26  62  1 190039 3018 1.4 42 29 24 32 88% 268161 27270 70%
c - 40.34  0 31 27  67  1 205457 3025 1.5 43 30 25 32 88% 268161 27270 70%
c p 40.35  0 31 27  67  1 205457 3240 1.5 43 30 25 32 88% 268161 27270 70%
c B 41.16  0 31 27  69  1 210040 5447 1.4 43 30 25 32 88% 268161 27270 70%
c
c  seconds  reductions  conflicts        size    tier2         variables
c         MB     restarts     redundant     glue     trail          remaining
c          level      rate         size/glue  tier1    irredundant
c
c - 43.32  0 31 28  76  1 221642 3015 1.4 43 30 25 32 88% 268161 27270 70%
c p 43.34  0 31 28  76  1 221642 3247 1.4 43 30 25 32 88% 268161 27270 70%
c w 43.42  0 31 28  76  1 221642 3185 1.4 43 30 25 32 88% 268161 27270 70%
c W 45.76  0 32 28  77  1 231044 8241 1.4 43 30 25 32 88% 268161 27270 70%
c s 46.88  0 32 28  81  1 237391 12008 1.4 43 30 25 32 88% 268159 27270 70%
c s 46.92  0 32 28  81  1 237391 11994 1.4 43 30 25 32 88% 268159 27270 70%
c e 46.93  0 32 28  81  1 237391 11994 1.4 43 30 25 32 88% 268157 27269 70%
c - 47.14  0 32 29  82  1 238452 3249 1.4 43 30 25 32 88% 268157 27269 70%
c p 47.15  0 32 29  82  1 238452 3424 1.4 43 30 25 32 88% 268157 27269 70%
c O 49.46  0 32 29  90  1 253046 11389 1.4 44 30 25 32 88% 268157 27269 70%
c - 49.95  0 32 30  91  1 255889 3351 1.4 44 30 25 32 88% 268157 27269 70%
c p 49.97  0 32 30  91  1 255889 3603 1.4 44 30 25 32 88% 268157 27269 70%
c w 50.24  0 32 30  91  1 255889 3572 1.4 44 30 25 32 88% 268157 27269 70%
c - 53.22  0 32 31  93  1 273952 3734 1.4 43 30 25 32 88% 268155 27269 70%
c p 53.23  0 32 31  93  1 273952 3976 1.4 43 30 25 32 88% 268155 27269 70%
c w 53.28  0 32 31  93  1 273952 3930 1.4 43 30 25 32 88% 268155 27269 70%
c B 53.68  0 32 31  93  1 276047 5109 1.4 43 30 25 32 88% 268155 27269 70%
c - 56.12  0 32 32 100  1 292643 3957 1.4 44 31 25 32 88% 268155 27269 70%
c p 56.15  0 32 32 100  1 292643 4162 1.4 44 31 25 32 88% 268155 27269 70%
c w 56.20  0 32 32 100  1 292643 4134 1.4 44 31 25 32 88% 268155 27269 70%
c
c  seconds  reductions  conflicts        size    tier2         variables
c         MB     restarts     redundant     glue     trail          remaining
c          level      rate         size/glue  tier1    irredundant
c
c s 56.81  0 32 32 102  1 296752 6366 1.4 44 31 25 32 88% 268154 27269 70%
c e 56.84  0 32 32 102  1 296752 6366 1.4 44 31 25 32 88% 268154 27268 70%
c s 56.84  0 32 32 102  1 296752 6361 1.4 44 31 25 32 88% 268150 27268 70%
c e 56.86  0 32 32 102  1 296752 6361 1.4 44 31 25 32 88% 268148 27267 70%
c W 58.43  0 32 32 104  1 300050 8261 1.4 44 31 25 32 88% 268148 27267 70%
c - 60.32  0 33 33 108  1 311961 3784 1.4 44 31 25 32 88% 268148 27267 70%
c p 60.33  0 33 33 108  1 311961 4039 1.4 44 31 25 32 88% 268148 27267 70%
c w 60.40  0 33 33 108  1 311961 3993 1.4 44 31 25 32 88% 268148 27267 70%
c I 62.52  0 33 33 115  1 325052 11273 1.4 45 31 25 32 88% 268148 27267 70%
c - 63.76  0 32 34 118  1 331905 3797 1.4 44 31 25 32 88% 268148 27267 70%
c p 63.77  0 32 34 118  1 331905 4008 1.4 44 31 25 32 88% 268148 27267 70%
c w 63.84  0 32 34 118  1 331905 3988 1.4 44 31 25 32 88% 268148 27267 70%
c B 67.19  0 32 34 124  1 351054 15067 1.5 44 30 26 32 88% 268148 27267 70%
c - 67.40  0 32 35 124  1 352476 4059 1.5 44 30 26 32 88% 268148 27267 70%
c p 67.41  0 32 35 124  1 352476 4309 1.5 44 30 26 32 88% 268148 27267 70%
c w 67.47  0 32 35 124  1 352476 4308 1.5 44 30 26 32 88% 268148 27267 70%
c s 69.32  0 32 35 124  1 362709 9428 1.5 44 30 26 32 88% 268145 27267 70%
c s 69.37  0 32 35 124  1 362709 9424 1.5 44 30 26 32 88% 268145 27267 70%
c - 71.45  0 32 36 125  1 373675 3746 1.5 44 30 26 32 88% 268145 27267 70%
c p 71.46  0 32 36 125  1 373675 3899 1.5 44 30 26 32 88% 268145 27267 70%
c
c  seconds  reductions  conflicts        size    tier2         variables
c         MB     restarts     redundant     glue     trail          remaining
c          level      rate         size/glue  tier1    irredundant
c
c w 71.52  0 32 36 125  1 373675 3873 1.5 44 30 26 32 88% 268145 27267 70%
c W 73.14  0 32 36 125  1 378057 6423 1.5 44 30 26 32 88% 268145 27267 70%
c - 75.97  0 32 37 125  1 395504 4422 1.5 45 30 26 32 88% 268145 27267 70%
c p 75.98  0 32 37 125  1 395504 4812 1.5 45 30 26 32 88% 268145 27267 70%
c w 76.04  0 32 37 125  1 395504 4781 1.5 45 30 26 32 88% 268145 27267 70%
c F 77.80  0 32 37 126  1 406058 10968 1.5 46 31 25 32 88% 268145 27267 70%
c - 79.73  0 33 38 126  1 417961 4417 1.5 46 31 25 32 88% 268145 27267 70%
c p 79.75  0 33 38 126  1 417961 4807 1.5 46 31 25 32 88% 268145 27267 70%
c w 80.10  0 33 38 126  1 417961 4786 1.5 46 31 25 32 88% 268145 27267 70%
c B 82.84  0 33 38 126  1 435059 14424 1.5 46 31 25 32 88% 268145 27267 70%
c - 83.80  0 33 39 126  1 441046 4384 1.5 46 31 25 32 88% 268145 27267 70%
c p 83.81  0 33 39 126  1 441046 4686 1.5 46 31 25 32 88% 268145 27267 70%
c w 83.88  0 33 39 126  1 441046 4632 1.5 46 31 25 32 88% 268145 27267 70%
c - 87.78  0 33 40 126  1 464759 4540 1.5 46 31 26 32 88% 268145 27267 70%
c p 87.80  0 33 40 126  1 464759 4928 1.5 46 31 26 32 88% 268145 27267 70%
c w 87.86  0 33 40 126  1 464759 4896 1.5 46 31 26 32 88% 268145 27267 70%
c W 89.26  0 33 40 126  1 465060 5087 1.5 46 31 26 32 88% 268145 27267 70%
c - 93.00  0 33 41 140  1 489102 4499 1.5 46 31 26 32 88% 268145 27267 70%
c p 93.00  0 33 41 140  1 489102 4739 1.5 46 31 26 32 88% 268145 27267 70%
c w 93.05  0 33 41 140  1 489102 4708 1.5 46 31 26 32 88% 268145 27267 70%
c
c  seconds  reductions  conflicts        size    tier2         variables
c         MB     restarts     redundant     glue     trail          remaining
c          level      rate         size/glue  tier1    irredundant
c
c s 93.09  0 33 41 140  1 489102 4686 1.5 46 31 26 32 88% 268138 27267 70%
c s 93.12  0 33 41 140  1 489102 4677 1.5 46 31 26 32 88% 268138 27267 70%
c # 94.27  0 33 41 141  1 496061 8542 1.5 45 31 26 32 88% 268138 27267 70%
c - 97.15  0 33 42 151  1 514074 4778 1.5 47 31 26 32 88% 268138 27267 70%
c p 97.17  0 33 42 151  1 514074 5101 1.5 47 31 26 32 88% 268138 27267 70%
c w 97.23  0 33 42 151  1 514074 5075 1.5 47 31 26 32 88% 268138 27267 70%
c B 99.37  0 33 42 156  1 528062 12862 1.5 47 31 26 32 88% 268138 27267 70%
c - 101.27  0 33 43 157  1 539675 4739 1.5 47 31 26 32 88% 268138 27267 70%
c p 101.28  0 33 43 157  1 539675 4985 1.5 47 31 26 32 88% 268138 27267 70%
c w 101.34  0 33 43 157  1 539675 4956 1.5 47 31 26 32 88% 268138 27267 70%
c W 106.13  0 33 43 164  1 561063 16866 1.5 47 31 26 32 88% 268138 27267 70%
c - 106.97  0 33 44 167  1 565906 4779 1.5 47 31 26 32 88% 268138 27267 70%
c p 106.99  0 33 44 167  1 565906 5017 1.5 47 31 26 32 88% 268138 27267 70%
c w 107.06  0 33 44 167  1 565906 4975 1.5 47 31 26 32 88% 268138 27267 70%
c s 107.43  0 33 44 170  1 568248 6458 1.5 47 31 26 32 88% 268138 27267 70%
c s 107.47  0 33 44 170  1 568248 6453 1.5 47 31 26 32 88% 268138 27267 70%
c - 111.19  0 33 45 179  1 592768 4864 1.5 47 32 26 32 88% 268138 27267 70%
c p 111.20  0 33 45 179  1 592768 5022 1.5 47 32 26 32 88% 268138 27267 70%
c w 111.27  0 33 45 179  1 592768 4957 1.5 47 32 26 32 88% 268138 27267 70%
c O 111.63  0 33 45 179  1 595064 6094 1.5 47 32 26 32 88% 268138 27267 70%
c
c  seconds   reductions  conflicts        size    tier2         variables
c          MB     restarts     redundant     glue     trail          remaining
c           level      rate         size/glue  tier1    irredundant
c
c - 115.56  0 32 46 188  1 620259 4739 1.5 46 31 26 32 88% 268138 27267 70%
c p 115.58  0 32 46 188  1 620259 5203 1.5 46 31 26 32 88% 268138 27267 70%
c w 115.67  0 32 46 188  1 620259 5158 1.5 46 31 26 32 88% 268138 27267 70%
c B 117.21  0 32 46 188  1 630065 10286 1.5 45 30 26 32 88% 268138 27267 70%
c - 120.22  0 32 47 189  1 648382 5024 1.5 46 31 26 32 88% 268138 27267 70%
c p 120.23  0 32 47 189  1 648382 5370 1.5 46 31 26 32 88% 268138 27267 70%
c w 120.65  0 32 47 189  1 648382 5318 1.5 46 31 26 32 88% 268138 27267 70%
c W 124.96  0 33 47 190  1 666067 14774 1.5 46 31 26 32 88% 268138 27267 70%
c - 126.60  0 33 48 196  1 677135 5107 1.5 46 31 26 32 88% 268138 27267 70%
c p 126.62  0 33 48 196  1 677135 5452 1.5 46 31 26 32 88% 268138 27267 70%
c w 126.68  0 33 48 196  1 677135 5426 1.5 46 31 26 32 88% 268138 27267 70%
c I 130.89  0 33 48 207  1 703068 20305 1.5 46 31 26 32 88% 268138 27267 70%
c - 131.58  0 33 49 210  1 706521 5411 1.5 46 31 26 32 88% 268138 27267 70%
c p 131.58  0 33 49 210  1 706521 5672 1.5 46 31 26 32 88% 268138 27267 70%
c w 131.69  0 33 49 210  1 706521 5593 1.5 46 31 26 32 88% 268138 27267 70%
c - 137.11  0 32 50 220  1 736535 5375 1.5 46 30 26 32 88% 268138 27267 70%
c p 137.14  0 32 50 220  1 736535 5838 1.5 46 30 26 32 88% 268138 27267 70%
c w 137.23  0 32 50 220  1 736535 5787 1.5 46 30 26 32 88% 268138 27267 70%
c B 138.13  0 32 50 220  1 741069 8145 1.5 46 30 26 32 88% 268138 27267 70%
c - 143.18  0 31 51 232  1 767180 5254 1.5 45 30 26 32 88% 268138 27267 70%
c
c  seconds   reductions  conflicts        size    tier2         variables
c          MB     restarts     redundant     glue     trail          remaining
c           level      rate         size/glue  tier1    irredundant
c
c p 143.20  0 31 51 232  1 767180 5570 1.5 45 30 26 32 88% 268138 27267 70%
c w 143.34  0 31 51 232  1 767180 5538 1.5 45 30 26 32 88% 268138 27267 70%
c W 147.46  0 31 51 235  1 780072 12215 1.5 44 29 26 32 88% 268138 27267 70%
c - 150.45  0 31 52 245  1 798456 5747 1.5 46 30 26 32 88% 268138 27267 70%
c p 150.46  0 31 52 245  1 798456 5952 1.5 46 30 26 32 88% 268138 27267 70%
c w 150.56  0 31 52 245  1 798456 5916 1.5 46 30 26 32 88% 268138 27267 70%
c F 153.97  0 32 52 251  1 820075 17726 1.5 46 30 26 32 88% 268138 27267 70%
c - 155.68  0 32 53 251  1 830364 5788 1.5 46 30 26 32 88% 268138 27267 70%
c p 155.69  0 32 53 251  1 830364 6330 1.5 46 30 26 32 88% 268138 27267 70%
c w 155.79  0 32 53 251  1 830364 6299 1.5 46 30 26 32 88% 268138 27267 70%
c B 161.04  0 32 53 252  1 861079 20874 1.5 45 30 26 32 88% 268138 27267 70%
c - 161.39  0 32 54 252  1 862907 5353 1.5 45 30 26 32 88% 268138 27267 70%
c p 161.41  0 32 54 252  1 862907 5839 1.5 45 30 26 32 88% 268138 27267 70%
c w 161.50  0 32 54 252  1 862907 5794 1.5 45 30 26 32 88% 268138 27267 70%
c - 167.35  0 31 55 253  1 896079 5298 1.4 43 30 26 32 88% 268138 27267 70%
c p 167.37  0 31 55 253  1 896079 5783 1.4 43 30 26 32 88% 268138 27267 70%
c w 167.48  0 31 55 253  1 896079 5695 1.4 43 30 26 32 88% 268138 27267 70%
c W 170.73  0 31 55 253  1 903082 8973 1.4 43 30 26 32 88% 268138 27267 70%
c - 175.31  0 31 56 253  1 929882 5861 1.5 44 30 26 32 88% 268138 27267 70%
c p 175.33  0 31 56 253  1 929882 6285 1.5 44 30 26 32 88% 268138 27267 70%
c
c  seconds   reductions  conflicts        size    tier2         variables
c          MB     restarts     redundant     glue     trail          remaining
c           level      rate         size/glue  tier1    irredundant
c
c w 175.40  0 31 56 253  1 929882 6235 1.5 44 30 26 32 88% 268138 27267 70%
c s 175.44  0 31 56 253  1 929882 5862 1.5 44 30 26 32 88% 268132 27267 70%
c s 175.48  0 31 56 253  1 929882 5835 1.5 44 30 26 32 88% 268132 27267 70%
c ^ 175.48  0 31 56 253  1 929882 5835 1.5 44 30 26 32 88% 268132 27267 70%
c # 178.14  0 32 56 254  1 946083 14588 1.5 44 30 26 32 88% 268132 27267 70%
c - 181.22  0 32 57 254  1 964316 6054 1.5 45 30 26 32 88% 268132 27267 70%
c p 181.24  0 32 57 254  1 964316 6360 1.5 45 30 26 32 88% 268132 27267 70%
c w 181.72  0 32 57 254  1 964316 6284 1.5 45 30 26 32 88% 268132 27267 70%
c B 185.90  0 32 57 254  1 990087 19513 1.5 45 31 26 32 88% 268132 27267 70%
c - 187.60  0 32 58 254  1 999380 6011 1.5 45 31 26 32 88% 268132 27267 70%
c p 187.62  0 32 58 254  1 999380 6314 1.5 45 31 26 32 88% 268132 27267 70%
c w 187.72  0 32 58 254  1 999380 6235 1.5 45 31 26 32 88% 268132 27267 70%
c s 191.81  0 32 58 254  1 1022219 17984 1.5 44 30 26 32 88% 268132 27267 70%
c e 191.93  0 32 58 254  1 1022219 17960 1.5 44 30 26 32 88% 268139 27260 70%
c s 191.94  0 32 58 254  1 1022219 17940 1.5 44 30 26 32 88% 268128 27260 70%
c - 194.43  0 32 59 254  1 1035077 6096 1.5 44 30 26 32 88% 268128 27260 70%
c p 194.46  0 32 59 254  1 1035077 6513 1.5 44 30 26 32 88% 268128 27260 70%
c w 194.56  0 32 59 254  1 1035077 6383 1.5 44 30 26 32 88% 268128 27260 70%
c W 196.38  0 32 59 254  1 1035089 6391 1.5 44 30 26 32 88% 268128 27260 70%
c - 202.01  0 32 60 260  1 1071406 6159 1.5 45 31 26 32 88% 268128 27260 70%
c
c  seconds   reductions   conflicts        size    tier2         variables
c          MB     restarts      redundant     glue     trail          remaining
c           level      rate          size/glue  tier1    irredundant
c
c p 202.02  0 32 60 260  1 1071406 6579 1.5 45 31 26 32 88% 268128 27260 70%
c w 202.13  0 32 60 260  1 1071406 6531 1.5 45 31 26 32 88% 268128 27260 70%
c O 203.67  0 32 60 264  1 1081090 12220 1.5 46 31 26 32 88% 268128 27260 70%
c - 207.91  0 32 61 276  1 1108368 6464 1.4 44 30 26 32 88% 268128 27260 70%
c p 207.93  0 32 61 276  1 1108368 6899 1.4 44 30 26 32 88% 268128 27260 70%
c w 208.06  0 32 61 276  1 1108368 6814 1.4 44 30 26 32 88% 268128 27260 70%
c s 210.20  0 31 61 283  1 1121164 13434 1.4 43 30 26 32 88% 268124 27260 70%
c s 210.24  0 31 61 283  1 1121164 13411 1.4 43 30 26 32 88% 268124 27260 70%
c B 211.42  0 31 61 284  1 1128091 17202 1.4 43 30 26 32 88% 268124 27260 70%
c - 214.52  0 32 62 285  1 1145961 6783 1.4 44 31 26 32 88% 268124 27260 70%
c p 214.54  0 32 62 285  1 1145961 7132 1.4 44 31 26 32 88% 268124 27260 70%
c w 214.64  0 32 62 285  1 1145961 7029 1.4 44 31 26 32 88% 268124 27260 70%
c W 221.65  0 32 62 300  1 1176092 22192 1.4 44 31 26 32 88% 268124 27260 70%
c - 222.92  0 32 63 303  1 1184187 6646 1.4 44 31 26 32 88% 268124 27260 70%
c p 222.94  0 32 63 303  1 1184187 7073 1.4 44 31 26 32 88% 268124 27260 70%
c w 223.06  0 32 63 303  1 1184187 7017 1.4 44 31 26 32 88% 268124 27260 70%
c - 229.24  0 33 64 316  1 1223044 6393 1.4 44 31 26 32 88% 268124 27260 70%
c p 229.26  0 33 64 316  1 1223044 6738 1.4 44 31 26 32 88% 268124 27260 70%
c w 229.37  0 33 64 316  1 1223044 6646 1.4 44 31 26 32 88% 268124 27260 70%
c I 229.75  0 33 64 316  1 1225093 7792 1.4 44 31 26 32 88% 268124 27260 70%
c
c  seconds   reductions   conflicts        size    tier2         variables
c          MB     restarts      redundant     glue     trail          remaining
c           level      rate          size/glue  tier1    irredundant
c
c - 235.95  0 32 65 317  1 1262533 7225 1.4 43 30 26 32 88% 268124 27260 70%
c p 235.97  0 32 65 317  1 1262533 7583 1.4 43 30 26 32 88% 268124 27260 70%
c w 236.08  0 32 65 317  1 1262533 7514 1.4 43 30 26 32 88% 268124 27260 70%
c s 236.13  0 32 65 317  1 1262533 7362 1.4 43 30 26 32 88% 268123 27260 70%
c s 236.18  0 32 65 317  1 1262533 7339 1.4 43 30 26 32 88% 268123 27260 70%
c B 238.39  0 31 65 324  1 1275095 13753 1.4 43 30 26 32 88% 268123 27260 70%
c - 242.75  0 32 66 336  1 1302656 6891 1.4 44 30 26 32 88% 268123 27260 70%
c p 242.77  0 32 66 336  1 1302656 7430 1.4 44 30 26 32 88% 268123 27260 70%
c w 242.90  0 32 66 336  1 1302656 7357 1.4 44 30 26 32 88% 268123 27260 70%
c W 248.52  0 32 66 347  1 1326096 18849 1.4 44 31 26 32 88% 268123 27260 70%
c - 251.24  0 33 67 348  1 1343410 6959 1.4 44 31 26 32 88% 268123 27260 70%
c p 251.26  0 33 67 348  1 1343410 7407 1.4 44 31 26 32 88% 268123 27260 70%
c w 251.36  0 33 67 348  1 1343410 7396 1.4 44 31 26 32 88% 268123 27260 70%
c F 257.13  0 33 67 363  1 1378097 25505 1.4 44 31 26 32 88% 268123 27260 70%
c - 258.26  0 33 68 366  1 1384797 7168 1.4 44 31 26 32 88% 268123 27260 70%
c p 258.29  0 33 68 366  1 1384797 7508 1.4 44 31 26 32 88% 268123 27260 70%
c w 258.86  0 33 68 366  1 1384797 7410 1.4 44 31 26 32 88% 268123 27260 70%
c - 265.22  0 33 69 379  1 1426817 7473 1.4 45 32 26 32 88% 268123 27260 70%
c p 265.25  0 33 69 379  1 1426817 7919 1.4 45 32 26 32 88% 268123 27260 70%
c w 265.37  0 33 69 379  1 1426817 7836 1.4 45 32 26 32 88% 268123 27260 70%
c
c  seconds   reductions   conflicts         size    tier2         variables
c          MB     restarts       redundant     glue     trail          remaining
c           level      rate           size/glue  tier1    irredundant
c
c B 266.04  0 33 69 380  1 1431098 10049 1.4 45 32 26 32 88% 268123 27260 70%
c - 272.59  0 33 70 381  1 1469469 7115 1.4 45 32 26 32 88% 268123 27260 70%
c p 272.60  0 33 70 381  1 1469469 7476 1.4 45 32 26 32 88% 268123 27260 70%
c w 272.74  0 33 70 381  1 1469469 7390 1.4 45 32 26 32 88% 268123 27260 70%
c W 277.44  0 33 70 381  1 1485100 16227 1.4 45 32 26 32 88% 268123 27260 70%
c ] 277.65  0 33 70 381  1 1486702 17293 1.4 45 32 26 32 88% 268123 27260 70%
c ? 277.65  0 33 70 381  1 1486702 17293 1.4 45 32 26 32 88% 268123 27260 70%
c
c --- [ result ] -------------------------------------------------------------
c
c writing result to 'search-results/cadical-complete-cover-20260902/anchor-004-p0-s1.result'
c
c --- [ run-time profiling ] -------------------------------------------------
c
c process time taken by individual solving procedures
c (percentage relative to process time for solving)
c
c       268.15   96.59% search
c       246.65   88.85% stable
c        21.42    7.72% walk
c         9.45    3.41% simplify
c         3.21    1.16% vivify
c         2.04    0.73% sweep
c         1.03    0.37% backbone
c         0.88    0.32% elim
c         0.42    0.15% subsume
c         0.30    0.11% probe
c         0.28    0.10% congruence
c         0.26    0.09% ternary
c         0.07    0.03% lucky
c         0.05    0.02% parse
c   =================================
c       277.61   99.98% solve
c
c last line shows process time for solving
c (percentage relative to total process time)
c
c --- [ statistics ] ---------------------------------------------------------
c
c chronological:            178114        11.98 %  of conflicts
c conflicts:               1486702      5355.45    per second
c backbone:               77576751    199211.01 %  of vars
c decisions:               1623286      5847.46    per second
c eliminated:                 2756         7.08 %  of all variables
c fixed:                      8926        22.92 %  of all variables
c learned:                 1464686        98.52 %  per conflict
c learned_lits:          776169050       100.00 %  learned literals
c minimized:                     0         0.00 %  learned literals
c shrunken:              706498432        91.02 %  learned literals
c minishrunken:            4228681         0.54 %  learned literals
c otfs:                        635         0.04 %  of conflict
c propagations:          796171789         2.87 M  per second
c reduced:                  778996        52.40 %  per conflict
c rephased:                     54     27531.52    interval
c restarts:                    381      3902.10    interval
c subsumed:                 666347        37.30 %  of all clauses
c strengthened:              42620         2.39 %  of all clauses
c ticks:               10791905469        18.40    propagation
c vivified:                   3739         0.21 %  of all clauses
c walked:                       18     82594.56    interval
c weakened:                  13291         5.48    average size
c congruence:                   11    135154.73    interval
c
c seconds are measured in process time for solving
c
c --- [ glue usage ] ---------------------------------------------------------
c
c focused glue 2 used 0 clauses 0.000% accumulated 0.000% tier1
c focused glue 3 used 0 clauses 0.000% accumulated 0.000%
c focused glue 4 used 0 clauses 0.000% accumulated 0.000%
c focused glue 5 used 0 clauses 0.000% accumulated 0.000%
c focused glue 6 used 0 clauses 0.000% accumulated 0.000% tier2
c
c stable glue 26 used 282574 clauses 6.109% accumulated 52.42% tier1
c stable glue 27 used 277290 clauses 5.995% accumulated 58.42%
c stable glue 28-30 used 820589 clauses 17.74% accumulated 76.16%
c stable glue 31 used 269717 clauses 5.831% accumulated 81.99%
c stable glue 32 used 249054 clauses 5.384% accumulated 87.38% tier2
c
c
c --- [ resources ] ----------------------------------------------------------
c
c total process time since initialization:       277.65    seconds
c total real time since initialization:          300.00    seconds
c maximum resident set size of process:          188.45    MB
c
c --- [ shutting down ] ------------------------------------------------------
c
c exit 0
