c --- [ banner ] -------------------------------------------------------------
c
c CaDiCaL SAT Solver
c Copyright (c) 2016-2026
c A. Biere, M. Fleury, N. Froleyks, K. Fazekas, F. Pollitt, T. Faller
c JKU Linz, University of Freiburg, TU Wien
c
c Version 3.0.1 c60730422e758ef1cebe7aeddf2dda31c996bf04
c Apple clang version 21.0.0 (clang-2100.1.1.101) -Wall -Wextra -O3 -DNDEBUG -DNCLOSEFROM
c Tue Sep 1 21:08:57 PDT 2026 Darwin retained-runner 25.6.0 arm64
c
c --- [ limit ] --------------------------------------------------------------
c
c setting time limit to 300 seconds real time (due to '-t 300')
c
c --- [ parsing input ] ------------------------------------------------------
c
c reading DIMACS file from 'search-results/cadical-complete-cover-20260902/cnf/anchor-000-p1-s1.cnf'
c opening file to read 'search-results/cadical-complete-cover-20260902/cnf/anchor-000-p1-s1.cnf'
c found 'p cnf 38942 364405' header
c parsed 364405 clauses in 0.04 seconds process time
c
c --- [ options ] ------------------------------------------------------------
c
c   --elimeffort=10                (different from default '1e3')
c   --stabilizeonly=true           (different from default 'false')
c   --subsumeeffort=60             (different from default '1e3')
c
c --- [ solving ] ------------------------------------------------------------
c
c time measured in process time since initialization
c
c  seconds  reduction conflicts       size tier2        variables
c         MB    restarts   redundant    glue  trail          remaining
c          level     rate       size/glu tier1  irredundant
c
c *  0.04  0  0 0   0  0    0    0 0.0 0 0 2 6  0% 289743 30016 77%
c )  0.06  0  0 0   0  0    0    0 0.0 0 0 2 6  0% 289743 30016 77%
c [  0.08  0  0 0   0  0    0    0 0.0 0 0 2 6  0% 289743 30016 77%
c -  0.12  0 39 1   0  1  303   41 1.1 41 36 2 6 98% 274686 30016 77%
c -  0.22  0 38 2   0  1  930  128 1.1 38 33 2 6 97% 274686 30016 77%
c I  0.22  0 38 2   0  1 1004  174 1.1 37 33 2 6 97% 274686 30016 77%
c -  0.44  0 38 3   1  1 2027  362 2.0 70 35 2 6 96% 274686 30016 77%
c t  0.65  0 38 3   2  1 2984  715 1.8 62 35 2 6 95% 274686 30016 77%
c B  0.68  0 38 3   2  1 3006  728 1.8 62 35 2 6 92% 274686 30016 77%
c -  0.79  0 38 4   2  1 3647  402 1.7 58 35 2 6 97% 274686 30016 77%
c -  1.09  0 37 5   4  1 5820  689 1.6 54 34 35 37 97% 274686 30016 77%
c W  1.19  0 37 5   4  1 6007  773 1.6 54 34 35 37 97% 274686 30016 77%
c s  1.30  0 37 5   5  1 6543  973 1.6 53 34 34 37 97% 274686 30016 77%
c e  1.50  0 37 5   5  1 6543  327 1.6 53 34 34 37 97% 268984 27397 70%
c s  1.52  0 37 5   5  1 6543  322 1.6 53 34 34 37 97% 268889 27397 70%
c e  1.58  0 37 5   5  1 6543  320 1.6 53 34 34 37 97% 268704 27351 70%
c -  1.96  0 37 6   6  1 8564  488 1.5 50 34 34 37 94% 268704 27351 70%
c F  2.16  0 37 6   6  1 10009 1286 1.4 49 34 34 36 93% 268704 27351 70%
c -  2.53  0 37 7   6  1 11870  878 1.6 53 34 34 36 92% 268704 27351 70%
c B  3.02  0 36 7   9  1 15011 2270 1.5 50 33 33 36 91% 268704 27351 70%
c
c  seconds  reductions conflicts       size    tier2         variables
c         MB    restarts    redundant     glue     trail          remaining
c          level     rate        size/glue  tier1    irredundant
c
c -  3.18  0 36 8   9  1 15762  912 1.5 51 33 33 36 91% 268704 27351 70%
c s  4.03  0 36 8  12  1 19730 3020 1.5 51 33 33 36 90% 268620 27351 70%
c e  4.08  0 36 8  12  1 19730 3020 1.5 51 33 33 36 90% 268586 27340 70%
c s  4.10  0 36 8  12  1 19730 3019 1.5 51 33 33 36 90% 268539 27340 70%
c e  4.13  0 36 8  12  1 19730 3019 1.5 51 33 33 36 90% 268528 27336 70%
c -  4.24  0 36 9  12  1 20249 1037 1.5 51 33 33 36 90% 268528 27336 70%
c v  4.27  0 36 9  12  1 20249 1031 1.5 51 33 33 36 90% 268528 27336 70%
c w  4.28  0 36 9  12  1 20249 1026 1.5 51 33 33 36 90% 268528 27336 70%
c W  4.60  0 36 9  13  1 21012 1615 1.5 51 33 33 36 90% 268528 27336 70%
c -  5.40  0 36 10  14  1 25331 1403 1.6 53 33 32 35 90% 268528 27336 70%
c #  5.96  0 36 10  14  1 28016 3320 1.6 53 33 32 35 90% 268528 27336 70%
c -  6.50  0 36 11  14  1 31015 1450 1.6 52 33 32 35 90% 268528 27336 70%
c B  7.35  0 35 11  17  1 36017 4224 1.5 51 33 32 35 89% 268528 27336 70%
c -  7.58  0 35 12  17  1 37307 1452 1.5 51 33 32 35 89% 268528 27336 70%
c s  8.10  0 35 12  19  1 39510 2836 1.5 51 33 31 35 89% 268488 27336 70%
c e  8.13  0 35 12  19  1 39510 2836 1.5 51 33 31 35 89% 268485 27335 70%
c s  8.15  0 35 12  19  1 39510 2833 1.5 51 33 31 35 89% 268477 27335 70%
c e  8.17  0 35 12  19  1 39510 2833 1.5 51 33 31 35 89% 268469 27332 70%
c -  9.09  0 35 13  21  1 44207 1580 1.5 50 33 31 35 89% 268469 27332 70%
c w  9.14  0 35 13  21  1 44207 1566 1.5 50 33 31 35 89% 268469 27332 70%
c
c  seconds  reductions  conflicts       size    tier2         variables
c         MB     restarts    redundant     glue     trail          remaining
c          level      rate        size/glue  tier1    irredundant
c
c W  9.49  0 35 13  21  1 45021 1994 1.5 50 33 31 35 89% 268469 27332 70%
c - 10.56  0 35 14  26  1 51717 1638 1.5 50 33 31 35 89% 268469 27332 70%
c O 11.12  0 35 14  28  1 55024 3810 1.5 50 33 31 35 89% 268469 27332 70%
c - 11.97  0 34 15  29  1 59840 1827 1.5 48 32 31 35 89% 268469 27332 70%
c p 11.98  0 34 15  29  1 59840 1835 1.5 48 32 31 35 89% 268469 27332 70%
c s 13.01  0 34 15  29  1 65882 4731 1.5 47 32 31 35 89% 268452 27332 70%
c s 13.05  0 34 15  29  1 65882 4691 1.5 47 32 31 35 89% 268451 27332 70%
c e 13.06  0 34 15  29  1 65882 4690 1.5 47 32 31 35 89% 268443 27329 70%
c B 13.11  0 34 15  29  1 66028 4759 1.5 47 32 31 35 89% 268443 27329 70%
c - 13.58  0 34 16  30  1 68579 1809 1.5 47 32 31 35 89% 268443 27329 70%
c p 13.58  0 34 16  30  1 68579 1846 1.5 47 32 31 35 89% 268443 27329 70%
c u 13.61  0 34 16  30  1 68579 1846 1.5 47 32 31 35 89% 268443 27329 70%
c w 13.62  0 34 16  30  1 68579 1828 1.5 47 32 31 35 89% 268443 27329 70%
c - 15.21  0 34 17  30  1 77933 1934 1.5 47 32 29 34 89% 268443 27329 70%
c p 15.22  0 34 17  30  1 77933 1971 1.5 47 32 29 34 89% 268443 27329 70%
c W 15.87  0 34 17  30  1 78029 2021 1.5 47 32 29 34 89% 268443 27329 70%
c - 17.45  0 34 18  34  1 87904 2060 1.5 47 32 29 34 89% 268443 27329 70%
c p 17.46  0 34 18  34  1 87904 2089 1.5 47 32 29 34 89% 268443 27329 70%
c w 17.50  0 34 18  34  1 87904 2075 1.5 47 32 29 34 89% 268443 27329 70%
c I 18.00  0 34 18  36  1 91031 3751 1.4 47 32 29 34 89% 268443 27329 70%
c
c  seconds  reductions  conflicts       size    tier2         variables
c         MB     restarts    redundant     glue     trail          remaining
c          level      rate        size/glue  tier1    irredundant
c
c - 19.33  0 33 19  40  1 98495 2101 1.4 45 31 29 34 89% 268443 27329 70%
c p 19.34  0 33 19  40  1 98495 2169 1.4 45 31 29 34 89% 268443 27329 70%
c s 19.42  0 33 19  40  1 98844 1698 1.4 45 31 29 34 89% 268433 27329 70%
c s 19.46  0 33 19  40  1 98844 1564 1.4 45 31 29 34 89% 268432 27329 70%
c e 19.47  0 33 19  40  1 98844 1564 1.4 45 31 29 34 89% 268424 27326 70%
c B 20.58  0 33 19  44  1 105033 4896 1.4 45 31 29 34 89% 268424 27326 70%
c - 21.37  0 33 20  45  1 109704 2076 1.4 45 31 29 34 89% 268424 27326 70%
c p 21.39  0 33 20  45  1 109704 2143 1.4 45 31 29 34 89% 268424 27326 70%
c w 21.44  0 33 20  45  1 109704 2130 1.4 45 31 29 34 89% 268424 27326 70%
c W 23.93  0 33 20  48  1 120036 7754 1.4 45 31 29 34 89% 268424 27326 70%
c - 24.20  0 33 21  49  1 121535 2356 1.4 45 31 29 34 89% 268424 27326 70%
c p 24.21  0 33 21  49  1 121535 2485 1.4 45 31 29 34 89% 268424 27326 70%
c - 26.36  0 33 22  56  1 133989 2456 1.4 45 31 29 34 89% 268424 27326 70%
c p 26.37  0 33 22  56  1 133989 2581 1.4 45 31 29 34 89% 268424 27326 70%
c w 26.42  0 33 22  56  1 133989 2564 1.4 45 31 29 34 89% 268424 27326 70%
c F 26.78  0 33 22  58  1 136037 3727 1.4 45 31 29 34 89% 268423 27326 70%
c s 27.20  0 33 22  59  1 138400 5051 1.4 45 31 28 33 89% 268416 27326 70%
c s 27.23  0 33 22  59  1 138400 5046 1.4 45 31 28 33 89% 268416 27326 70%
c e 27.25  0 33 22  59  1 138400 5045 1.4 45 31 28 33 89% 268408 27323 70%
c - 28.69  0 33 23  60  1 147064 2508 1.4 45 31 28 33 89% 268408 27323 70%
c
c  seconds  reductions  conflicts        size    tier2         variables
c         MB     restarts     redundant     glue     trail          remaining
c          level      rate         size/glue  tier1    irredundant
c
c p 28.70  0 33 23  60  1 147064 2679 1.4 45 31 28 33 89% 268408 27323 70%
c B 29.79  0 33 23  61  1 153040 5933 1.4 45 31 28 33 89% 268408 27323 70%
c - 31.12  0 33 24  61  1 160763 2676 1.4 45 32 28 33 89% 268408 27323 70%
c p 31.12  0 33 24  61  1 160763 2865 1.4 45 32 28 33 89% 268408 27323 70%
c w 31.18  0 33 24  61  1 160763 2830 1.4 45 32 28 33 89% 268408 27323 70%
c W 33.55  0 33 24  62  1 171041 7889 1.4 45 32 28 33 89% 268408 27323 70%
c - 34.27  0 33 25  62  1 175084 2660 1.4 45 32 28 33 89% 268408 27323 70%
c p 34.28  0 33 25  62  1 175084 2831 1.4 45 32 28 33 89% 268408 27323 70%
c s 35.92  0 33 25  62  1 184548 8029 1.4 45 32 28 33 89% 268404 27323 70%
c s 35.96  0 33 25  62  1 184548 8029 1.4 45 32 28 33 89% 268404 27323 70%
c e 35.98  0 33 25  62  1 184548 8029 1.4 45 32 28 33 89% 268399 27321 70%
c - 36.92  0 33 26  62  1 190030 3004 1.4 45 32 28 33 89% 268399 27321 70%
c p 36.93  0 33 26  62  1 190030 3178 1.4 45 32 28 33 89% 268399 27321 70%
c w 37.01  0 33 26  62  1 190030 3153 1.4 45 32 28 33 89% 268399 27321 70%
c # 37.02  0 33 26  62  1 190042 3162 1.4 45 32 28 33 89% 268399 27321 70%
c - 39.54  0 33 27  67  1 205600 2905 1.4 45 32 28 33 89% 268399 27321 70%
c p 39.55  0 33 27  67  1 205600 3064 1.4 45 32 28 33 89% 268399 27321 70%
c B 40.33  0 33 27  69  1 210043 5575 1.4 45 32 28 33 89% 268399 27321 70%
c - 42.47  0 33 28  76  1 221795 3013 1.4 45 32 28 33 89% 268399 27321 70%
c p 42.47  0 33 28  76  1 221795 3200 1.4 45 32 28 33 89% 268399 27321 70%
c
c  seconds  reductions  conflicts        size    tier2         variables
c         MB     restarts     redundant     glue     trail          remaining
c          level      rate         size/glue  tier1    irredundant
c
c w 42.54  0 33 28  76  1 221795 3162 1.4 45 32 28 33 89% 268399 27321 70%
c W 44.76  0 33 28  77  1 231044 7789 1.4 45 32 28 33 89% 268399 27321 70%
c s 45.77  0 33 28  81  1 237291 11262 1.4 45 31 28 33 89% 268397 27321 70%
c s 45.81  0 33 28  81  1 237291 11259 1.4 45 31 28 33 89% 268397 27321 70%
c e 45.82  0 33 28  81  1 237291 11258 1.4 45 31 28 33 89% 268395 27320 70%
c - 46.06  0 33 29  82  1 238619 3129 1.4 45 31 28 33 89% 268395 27320 70%
c p 46.07  0 33 29  82  1 238619 3293 1.4 45 31 28 33 89% 268395 27320 70%
c w 46.12  0 33 29  82  1 238619 3288 1.4 45 31 28 33 89% 268395 27320 70%
c O 48.75  0 33 29  90  1 253047 10208 1.4 44 31 28 33 89% 268395 27320 70%
c - 49.32  0 33 30  91  1 256068 3140 1.4 44 31 28 33 89% 268395 27320 70%
c p 49.33  0 33 30  91  1 256068 3333 1.4 44 31 28 33 89% 268395 27320 70%
c w 49.61  0 33 30  91  1 256068 3323 1.4 44 31 28 33 89% 268395 27320 70%
c - 52.62  0 32 31  93  1 274142 3246 1.4 43 31 28 33 88% 268395 27320 70%
c p 52.64  0 32 31  93  1 274142 3502 1.4 43 31 28 33 88% 268395 27320 70%
c u 52.67  0 32 31  93  1 274142 3502 1.4 43 31 28 33 88% 268395 27320 70%
c w 52.69  0 32 31  93  1 274142 3493 1.4 43 31 28 33 88% 268395 27320 70%
c B 53.02  0 32 31  93  1 276048 4370 1.4 43 30 28 33 88% 268395 27320 70%
c - 55.72  0 32 32 100  1 292844 3277 1.4 43 31 28 33 88% 268395 27320 70%
c p 55.73  0 32 32 100  1 292844 3464 1.4 43 31 28 33 88% 268395 27320 70%
c w 55.77  0 32 32 100  1 292844 3456 1.4 43 31 28 33 88% 268395 27320 70%
c
c  seconds  reductions  conflicts        size    tier2         variables
c         MB     restarts     redundant     glue     trail          remaining
c          level      rate         size/glue  tier1    irredundant
c
c s 56.47  0 32 32 102  1 296626 5251 1.4 43 31 28 33 88% 268394 27320 70%
c s 56.50  0 32 32 102  1 296626 5240 1.4 43 31 28 33 88% 268394 27320 70%
c e 56.51  0 32 32 102  1 296626 5240 1.4 43 31 28 33 88% 268392 27319 70%
c W 58.18  0 32 32 104  1 300050 6893 1.4 43 31 28 33 88% 268392 27319 70%
c - 60.12  0 32 33 108  1 312174 3243 1.4 42 31 28 33 88% 268392 27319 70%
c p 60.13  0 32 33 108  1 312174 3412 1.4 42 31 28 33 88% 268392 27319 70%
c w 60.19  0 32 33 108  1 312174 3402 1.4 42 31 28 33 88% 268392 27319 70%
c I 62.11  0 32 33 115  1 325052 9832 1.4 42 31 28 33 89% 268392 27319 70%
c - 63.51  0 32 34 118  1 332131 3908 1.4 43 31 28 33 89% 268392 27319 70%
c p 63.52  0 32 34 118  1 332131 4045 1.4 43 31 28 33 89% 268392 27319 70%
c w 63.57  0 32 34 118  1 332131 4027 1.4 43 31 28 33 89% 268392 27319 70%
c B 66.78  0 31 34 124  1 351054 13384 1.4 42 30 27 33 88% 268388 27319 70%
c - 67.08  0 31 35 124  1 352715 3695 1.4 42 30 27 33 88% 268388 27319 70%
c p 67.10  0 31 35 124  1 352715 3986 1.4 42 30 27 33 88% 268388 27319 70%
c w 67.15  0 31 35 124  1 352715 3963 1.4 42 30 27 33 88% 268388 27319 70%
c s 68.78  0 31 35 124  1 362555 8127 1.4 42 30 27 33 88% 268388 27319 70%
c s 68.82  0 31 35 124  1 362555 8120 1.4 42 30 27 33 88% 268388 27319 70%
c - 71.02  0 31 36 125  1 373927 3520 1.4 42 29 27 33 88% 268388 27319 70%
c p 71.02  0 31 36 125  1 373927 3930 1.4 42 29 27 33 88% 268388 27319 70%
c w 71.10  0 31 36 125  1 373927 3896 1.4 42 29 27 33 88% 268388 27319 70%
c
c  seconds  reductions  conflicts        size    tier2         variables
c         MB     restarts     redundant     glue     trail          remaining
c          level      rate         size/glue  tier1    irredundant
c
c W 73.07  0 31 36 125  1 378058 5889 1.4 41 29 27 33 88% 268388 27319 70%
c - 75.84  0 31 37 125  1 395770 4102 1.5 44 30 27 33 88% 268388 27319 70%
c p 75.86  0 31 37 125  1 395770 4368 1.5 44 30 27 33 88% 268388 27319 70%
c w 75.92  0 31 37 125  1 395770 4334 1.5 44 30 27 33 88% 268388 27319 70%
c F 77.59  0 32 37 126  1 406059 10339 1.5 44 30 27 32 88% 268388 27319 70%
c - 79.69  0 32 38 126  1 418240 4253 1.5 45 30 27 32 89% 268388 27319 70%
c p 79.70  0 32 38 126  1 418240 4565 1.5 45 30 27 32 89% 268388 27319 70%
c w 79.99  0 32 38 126  1 418240 4548 1.5 45 30 27 32 89% 268388 27319 70%
c B 82.85  0 32 38 126  1 435060 13331 1.5 45 31 27 32 89% 268388 27319 70%
c - 83.94  0 32 39 126  1 441338 4149 1.5 45 31 27 32 89% 268388 27319 70%
c p 83.95  0 32 39 126  1 441338 4383 1.5 45 31 27 32 89% 268388 27319 70%
c w 84.00  0 32 39 126  1 441338 4360 1.5 45 31 27 32 89% 268388 27319 70%
c W 88.93  0 32 39 126  1 465062 17276 1.5 45 31 27 32 88% 268388 27319 70%
c - 88.94  0 32 40 126  1 465069 4278 1.5 45 31 27 32 88% 268388 27319 70%
c p 88.95  0 32 40 126  1 465069 4589 1.5 45 31 27 32 88% 268388 27319 70%
c w 89.01  0 32 40 126  1 465069 4575 1.5 45 31 27 32 88% 268388 27319 70%
c s 89.04  0 32 40 126  1 465069 4489 1.5 45 31 27 32 88% 268376 27319 70%
c s 89.07  0 32 40 126  1 465069 4478 1.5 45 31 27 32 88% 268376 27319 70%
c - 93.15  0 32 41 140  1 489427 4168 1.5 45 31 27 32 88% 268376 27319 70%
c p 93.16  0 32 41 140  1 489427 4468 1.5 45 31 27 32 88% 268376 27319 70%
c
c  seconds  reductions  conflicts        size    tier2         variables
c         MB     restarts     redundant     glue     trail          remaining
c          level      rate         size/glue  tier1    irredundant
c
c w 93.23  0 32 41 140  1 489427 4436 1.5 45 31 27 32 88% 268376 27319 70%
c # 94.34  0 32 41 141  1 496065 8235 1.5 45 31 27 32 88% 268376 27319 70%
c - 97.12  0 33 42 151  1 514414 4292 1.5 45 31 27 32 88% 268376 27319 70%
c p 97.13  0 33 42 151  1 514414 4503 1.5 45 31 27 32 88% 268376 27319 70%
c w 97.19  0 33 42 151  1 514414 4478 1.5 45 31 27 32 88% 268376 27319 70%
c B 99.35  0 33 42 156  1 528068 11630 1.5 45 31 27 32 88% 268376 27319 70%
c - 101.29  0 33 43 157  1 540032 4470 1.4 45 31 27 32 88% 268376 27319 70%
c p 101.31  0 33 43 157  1 540032 4663 1.4 45 31 27 32 88% 268376 27319 70%
c w 101.37  0 33 43 157  1 540032 4629 1.4 45 31 27 32 88% 268376 27319 70%
c W 105.81  0 33 43 164  1 561069 15345 1.4 45 31 27 32 88% 268376 27319 70%
c - 106.64  0 33 44 168  1 566280 4602 1.4 45 31 27 32 88% 268376 27319 70%
c p 106.65  0 33 44 168  1 566280 4989 1.4 45 31 27 32 88% 268376 27319 70%
c w 106.74  0 33 44 168  1 566280 4958 1.4 45 31 27 32 88% 268376 27319 70%
c - 111.27  0 33 45 179  1 593158 5023 1.5 46 32 27 32 88% 268376 27319 70%
c p 111.29  0 33 45 179  1 593158 5424 1.5 46 32 27 32 88% 268376 27319 70%
c w 111.36  0 33 45 179  1 593158 5396 1.5 46 32 27 32 88% 268376 27319 70%
c O 111.72  0 33 45 180  1 595070 6493 1.5 46 32 27 32 88% 268376 27319 70%
c - 115.82  0 32 46 188  1 620667 5031 1.4 44 31 27 32 88% 268376 27319 70%
c p 115.83  0 32 46 188  1 620667 5429 1.4 44 31 27 32 88% 268376 27319 70%
c w 115.90  0 32 46 188  1 620667 5381 1.4 44 31 27 32 88% 268376 27319 70%
c
c  seconds   reductions  conflicts         size    tier2         variables
c          MB     restarts      redundant     glue     trail          remaining
c           level      rate          size/glue  tier1    irredundant
c
c B 117.33  0 32 46 188  1 630076 10253 1.4 43 31 27 32 88% 268376 27319 70%
c - 120.44  0 32 47 189  1 648808 5117 1.4 44 31 27 32 88% 268376 27319 70%
c p 120.46  0 32 47 189  1 648808 5420 1.4 44 31 27 32 88% 268376 27319 70%
c w 120.84  0 32 47 189  1 648808 5378 1.4 44 31 27 32 88% 268376 27319 70%
c W 125.32  0 32 47 190  1 666077 14384 1.4 44 31 27 32 89% 268376 27319 70%
c - 127.21  0 33 48 196  1 677580 5018 1.4 44 31 27 32 89% 268376 27319 70%
c p 127.22  0 33 48 196  1 677580 5365 1.4 44 31 27 32 89% 268376 27319 70%
c w 127.29  0 33 48 196  1 677580 5330 1.4 44 31 27 32 89% 268376 27319 70%
c I 131.31  0 33 48 208  1 703079 19489 1.4 45 31 27 32 89% 268376 27319 70%
c - 132.04  0 32 49 210  1 706981 5262 1.4 44 31 27 32 89% 268376 27319 70%
c p 132.05  0 32 49 210  1 706981 5534 1.4 44 31 27 32 89% 268376 27319 70%
c w 132.14  0 32 49 210  1 706981 5503 1.4 44 31 27 32 89% 268376 27319 70%
c - 137.28  0 31 50 220  1 737013 4847 1.4 42 29 27 32 89% 268376 27319 70%
c p 137.30  0 31 50 220  1 737013 5105 1.4 42 29 27 32 89% 268376 27319 70%
c w 137.39  0 31 50 220  1 737013 5060 1.4 42 29 27 32 89% 268376 27319 70%
c B 138.13  0 30 50 220  1 741081 7032 1.4 41 29 27 32 89% 268376 27319 70%
c - 142.64  0 31 51 233  1 767684 5092 1.4 41 29 27 32 89% 268376 27319 70%
c p 142.65  0 31 51 233  1 767684 5366 1.4 41 29 27 32 89% 268376 27319 70%
c w 142.73  0 31 51 233  1 767684 5316 1.4 41 29 27 32 89% 268376 27319 70%
c W 146.18  0 31 51 235  1 780082 12561 1.4 42 29 27 32 89% 268376 27319 70%
c
c  seconds   reductions  conflicts        size    tier2         variables
c          MB     restarts     redundant     glue     trail          remaining
c           level      rate         size/glue  tier1    irredundant
c
c - 149.76  0 30 52 246  1 798981 5417 1.4 42 29 26 32 89% 268376 27319 70%
c p 149.78  0 30 52 246  1 798981 5924 1.4 42 29 26 32 89% 268376 27319 70%
c w 149.88  0 30 52 246  1 798981 5854 1.4 42 29 26 32 89% 268376 27319 70%
c F 153.55  0 30 52 251  1 820088 16817 1.4 41 29 26 32 89% 268376 27319 70%
c - 155.49  0 31 53 251  1 830908 5593 1.4 42 29 26 32 89% 268376 27319 70%
c p 155.51  0 31 53 251  1 830908 6019 1.4 42 29 26 32 89% 268376 27319 70%
c w 155.60  0 31 53 251  1 830908 5979 1.4 42 29 26 32 89% 268376 27319 70%
c B 160.65  0 31 53 252  1 861089 22934 1.5 43 30 26 32 89% 268376 27319 70%
c - 161.08  0 31 54 252  1 863468 6052 1.5 44 30 26 32 89% 268376 27319 70%
c p 161.10  0 31 54 252  1 863468 6376 1.5 44 30 26 32 89% 268376 27319 70%
c w 161.19  0 31 54 252  1 863468 6327 1.5 44 30 26 32 89% 268376 27319 70%
c - 166.85  0 30 55 253  1 896658 5687 1.4 42 29 26 32 88% 268376 27319 70%
c p 166.87  0 30 55 253  1 896658 6087 1.4 42 29 26 32 88% 268376 27319 70%
c w 166.96  0 30 55 253  1 896658 6032 1.4 42 29 26 32 88% 268376 27319 70%
c s 167.01  0 30 55 253  1 896658 5354 1.4 42 29 26 32 88% 268371 27319 70%
c s 167.05  0 30 55 253  1 896658 5322 1.4 42 29 26 32 88% 268371 27319 70%
c W 170.21  0 30 55 253  1 903090 8731 1.4 41 29 26 32 88% 268371 27319 70%
c - 174.86  0 30 56 253  1 930480 5703 1.4 41 28 26 32 89% 268371 27319 70%
c p 174.88  0 30 56 253  1 930480 6015 1.4 41 28 26 32 89% 268371 27319 70%
c w 174.98  0 30 56 253  1 930480 5975 1.4 41 28 26 32 89% 268371 27319 70%
c
c  seconds   reductions  conflicts         size    tier2         variables
c          MB     restarts      redundant     glue     trail          remaining
c           level      rate          size/glue  tier1    irredundant
c
c # 177.79  0 29 56 254  1 946092 13915 1.4 40 28 26 32 89% 268371 27319 70%
c - 180.90  0 30 57 254  1 964934 5736 1.4 41 29 26 32 89% 268371 27319 70%
c p 180.92  0 30 57 254  1 964934 5973 1.4 41 29 26 32 89% 268371 27319 70%
c w 181.39  0 30 57 254  1 964934 5929 1.4 41 29 26 32 89% 268371 27319 70%
c B 185.49  0 31 57 254  1 990097 17990 1.4 41 29 26 32 89% 268371 27319 70%
c - 187.29  0 30 58 254  1 1000020 5633 1.4 41 29 26 32 89% 268371 27319 70%
c p 187.31  0 30 58 254  1 1000020 6078 1.4 41 29 26 32 89% 268371 27319 70%
c w 187.40  0 30 58 254  1 1000020 6032 1.4 41 29 26 32 89% 268371 27319 70%
c W 195.59  0 30 58 254  1 1035098 24897 1.4 41 29 26 32 89% 268371 27319 70%
c - 195.73  0 30 59 254  1 1035738 6222 1.4 41 29 26 32 89% 268371 27319 70%
c p 195.75  0 30 59 254  1 1035738 6666 1.4 41 29 26 32 89% 268371 27319 70%
c w 195.87  0 30 59 254  1 1035738 6574 1.4 41 29 26 32 89% 268371 27319 70%
c - 201.94  0 31 60 260  1 1072089 6361 1.4 42 29 26 32 89% 268371 27319 70%
c p 201.96  0 31 60 260  1 1072089 6802 1.4 42 29 26 32 89% 268371 27319 70%
c w 202.05  0 31 60 260  1 1072089 6746 1.4 42 29 26 32 89% 268371 27319 70%
c O 203.56  0 31 60 265  1 1081101 11653 1.4 42 30 26 32 89% 268371 27319 70%
c - 208.20  0 31 61 276  1 1109072 6705 1.4 42 29 26 32 88% 268371 27319 70%
c p 208.22  0 31 61 276  1 1109072 7111 1.4 42 29 26 32 88% 268371 27319 70%
c w 208.35  0 31 61 276  1 1109072 7047 1.4 42 29 26 32 88% 268371 27319 70%
c B 211.40  0 31 61 284  1 1128104 17744 1.4 42 29 26 32 88% 268371 27319 70%
c
c  seconds   reductions   conflicts        size    tier2         variables
c          MB     restarts      redundant     glue     trail          remaining
c           level      rate          size/glue  tier1    irredundant
c
c - 214.74  0 31 62 285  1 1146687 6653 1.4 42 29 26 32 88% 268371 27319 70%
c p 214.75  0 31 62 285  1 1146687 7009 1.4 42 29 26 32 88% 268371 27319 70%
c w 214.88  0 31 62 285  1 1146687 6910 1.4 42 29 26 32 88% 268371 27319 70%
c W 222.30  0 30 62 300  1 1176105 21354 1.4 41 29 26 32 88% 268371 27319 70%
c - 223.77  0 31 63 304  1 1184934 6475 1.4 42 29 25 32 88% 268371 27319 70%
c p 223.79  0 31 63 304  1 1184934 6808 1.4 42 29 25 32 88% 268371 27319 70%
c w 223.93  0 31 63 304  1 1184934 6722 1.4 42 29 25 32 88% 268371 27319 70%
c - 230.79  0 31 64 316  1 1223815 6262 1.4 42 29 25 32 88% 268371 27319 70%
c p 230.82  0 31 64 316  1 1223815 6731 1.4 42 29 25 32 88% 268371 27319 70%
c w 230.91  0 31 64 316  1 1223815 6626 1.4 42 29 25 32 88% 268371 27319 70%
c s 230.97  0 31 64 316  1 1223815 6247 1.4 42 29 25 32 88% 268366 27319 70%
c s 231.01  0 31 64 316  1 1223815 6191 1.4 42 29 25 32 88% 268366 27319 70%
c ^ 231.01  0 31 64 316  1 1223815 6191 1.4 42 29 25 32 88% 268366 27319 70%
c I 231.21  0 31 64 316  1 1225109 6886 1.4 42 29 25 32 88% 268366 27319 70%
c - 237.99  0 30 65 317  1 1263330 6354 1.4 40 29 25 31 88% 268366 27319 70%
c p 238.01  0 30 65 317  1 1263330 6886 1.4 40 29 25 31 88% 268366 27319 70%
c w 238.14  0 30 65 317  1 1263330 6757 1.4 40 29 25 31 88% 268366 27319 70%
c B 240.26  0 30 65 324  1 1275111 12650 1.4 40 28 25 31 88% 268366 27319 70%
c - 245.12  0 30 66 338  1 1303477 6514 1.4 40 29 25 31 88% 268366 27319 70%
c p 245.14  0 30 66 338  1 1303477 6945 1.4 40 29 25 31 88% 268366 27319 70%
c
c  seconds   reductions   conflicts        size    tier2         variables
c          MB     restarts      redundant     glue     trail          remaining
c           level      rate          size/glue  tier1    irredundant
c
c w 245.29  0 30 66 338  1 1303477 6848 1.4 40 29 25 31 88% 268366 27319 70%
c s 247.60  0 30 66 345  1 1316110 13636 1.4 41 29 25 31 88% 268366 27319 70%
c s 247.71  0 30 66 345  1 1316110 13580 1.4 41 29 25 31 88% 268366 27319 70%
c ^ 247.72  0 30 66 345  1 1316110 13580 1.4 41 29 25 31 88% 268366 27319 70%
c W 251.48  0 31 66 347  1 1326112 19089 1.4 41 29 25 31 88% 268366 27319 70%
c - 254.42  0 31 67 348  1 1344257 6795 1.4 41 29 25 31 89% 268366 27319 70%
c p 254.43  0 31 67 348  1 1344257 7245 1.4 41 29 25 31 89% 268366 27319 70%
c w 254.59  0 31 67 348  1 1344257 7134 1.4 41 29 25 31 89% 268366 27319 70%
c F 260.08  0 32 67 363  1 1378114 24712 1.4 42 30 25 31 89% 268366 27319 70%
c - 261.39  0 32 68 368  1 1385668 7137 1.4 43 30 25 31 89% 268366 27319 70%
c p 261.41  0 32 68 368  1 1385668 7487 1.4 43 30 25 31 89% 268366 27319 70%
c w 262.02  0 32 68 368  1 1385668 7429 1.4 43 30 25 31 89% 268366 27319 70%
c s 266.65  0 32 68 379  1 1415000 21485 1.4 43 31 25 31 89% 268366 27319 70%
c e 266.75  0 32 68 379  1 1415000 20810 1.4 43 31 25 31 89% 268370 27317 70%
c s 266.76  0 32 68 379  1 1415000 20800 1.4 43 31 25 31 89% 268360 27317 70%
c - 269.06  0 32 69 379  1 1427713 6633 1.4 43 31 25 31 89% 268360 27317 70%
c p 269.09  0 32 69 379  1 1427713 6889 1.4 43 31 25 31 89% 268360 27317 70%
c w 269.22  0 32 69 379  1 1427713 6851 1.4 43 31 25 31 89% 268360 27317 70%
c B 269.79  0 32 69 380  1 1431115 8498 1.4 43 31 25 31 89% 268360 27317 70%
c - 276.48  0 31 70 381  1 1470393 6773 1.4 42 30 25 32 89% 268360 27317 70%
c
c  seconds   reductions   conflicts        size    tier2         variables
c          MB     restarts      redundant     glue     trail          remaining
c           level      rate          size/glue  tier1    irredundant
c
c p 276.50  0 31 70 381  1 1470393 7329 1.4 42 30 25 32 89% 268360 27317 70%
c w 276.63  0 31 70 381  1 1470393 7228 1.4 42 30 25 32 89% 268360 27317 70%
c ] 277.08  0 31 70 381  1 1472799 8582 1.4 42 30 25 32 89% 268360 27317 70%
c ? 277.08  0 31 70 381  1 1472799 8582 1.4 42 30 25 32 89% 268360 27317 70%
c
c --- [ result ] -------------------------------------------------------------
c
c writing result to 'search-results/cadical-complete-cover-20260902/anchor-000-p1-s1.result'
c
c --- [ run-time profiling ] -------------------------------------------------
c
c process time taken by individual solving procedures
c (percentage relative to process time for solving)
c
c       267.89   96.70% search
c       249.12   89.92% stable
c        18.73    6.76% walk
c         9.16    3.30% simplify
c         3.17    1.14% vivify
c         1.92    0.69% sweep
c         1.02    0.37% backbone
c         0.85    0.31% elim
c         0.38    0.14% subsume
c         0.28    0.10% probe
c         0.26    0.09% ternary
c         0.25    0.09% congruence
c         0.04    0.01% lucky
c         0.04    0.01% parse
c   =================================
c       277.05   99.99% solve
c
c last line shows process time for solving
c (percentage relative to total process time)
c
c --- [ statistics ] ---------------------------------------------------------
c
c chronological:            168034        11.41 %  of conflicts
c conflicts:               1472799      5316.08    per second
c backbone:               78947653    202731.38 %  of vars
c decisions:               1600369      5776.55    per second
c eliminated:                 2699         6.93 %  of all variables
c fixed:                      8926        22.92 %  of all variables
c learned:                 1451746        98.57 %  per conflict
c learned_lits:          764040181       100.00 %  learned literals
c minimized:                     0         0.00 %  learned literals
c shrunken:              698249510        91.39 %  learned literals
c minishrunken:            3518212         0.46 %  learned literals
c otfs:                        584         0.04 %  of conflict
c propagations:          825018089         2.98 M  per second
c reduced:                  753653        51.17 %  per conflict
c rephased:                     53     27788.66    interval
c restarts:                    381      3865.61    interval
c subsumed:                 687087        38.80 %  of all clauses
c strengthened:              34907         1.97 %  of all clauses
c ticks:               10914541214        18.15    propagation
c vivified:                   2690         0.15 %  of all clauses
c walked:                       17     86635.24    interval
c weakened:                  12661         5.23    average size
c congruence:                   11    133890.82    interval
c
c seconds are measured in process time for solving
c
c --- [ glue usage ] ---------------------------------------------------------
c
c focused glue 2 used 0 clauses 0.000% accumulated 0.000% tier1
c focused glue 3 used 0 clauses 0.000% accumulated 0.000%
c focused glue 4 used 0 clauses 0.000% accumulated 0.000%
c focused glue 5 used 0 clauses 0.000% accumulated 0.000%
c focused glue 6 used 0 clauses 0.000% accumulated 0.000% tier2
c
c stable glue 25 used 254635 clauses 5.570% accumulated 51.17% tier1
c stable glue 26 used 267078 clauses 5.842% accumulated 57.02%
c stable glue 27-29 used 777428 clauses 17.00% accumulated 74.02%
c stable glue 30 used 245682 clauses 5.374% accumulated 79.40%
c stable glue 31 used 234988 clauses 5.140% accumulated 84.54% tier2
c
c
c --- [ resources ] ----------------------------------------------------------
c
c total process time since initialization:       277.08    seconds
c total real time since initialization:          300.01    seconds
c maximum resident set size of process:          183.47    MB
c
c --- [ shutting down ] ------------------------------------------------------
c
c exit 0
