c --- [ banner ] -------------------------------------------------------------
c
c CaDiCaL SAT Solver
c Copyright (c) 2016-2026
c A. Biere, M. Fleury, N. Froleyks, K. Fazekas, F. Pollitt, T. Faller
c JKU Linz, University of Freiburg, TU Wien
c
c Version 3.0.1 c60730422e758ef1cebe7aeddf2dda31c996bf04
c Apple clang version 21.0.0 (clang-2100.1.1.101) -Wall -Wextra -O3 -DNDEBUG -DNCLOSEFROM
c Tue Sep 1 21:08:57 PDT 2026 Darwin retained-runner 25.6.0 arm64
c
c --- [ limit ] --------------------------------------------------------------
c
c setting time limit to 300 seconds real time (due to '-t 300')
c
c --- [ parsing input ] ------------------------------------------------------
c
c reading DIMACS file from 'search-results/cadical-complete-cover-20260902/cnf/anchor-016-p1-s1.cnf'
c opening file to read 'search-results/cadical-complete-cover-20260902/cnf/anchor-016-p1-s1.cnf'
c found 'p cnf 38942 364405' header
c parsed 364405 clauses in 0.04 seconds process time
c
c --- [ options ] ------------------------------------------------------------
c
c   --elimeffort=10                (different from default '1e3')
c   --stabilizeonly=true           (different from default 'false')
c   --subsumeeffort=60             (different from default '1e3')
c
c --- [ solving ] ------------------------------------------------------------
c
c time measured in process time since initialization
c
c  seconds  reduction conflicts       size tier2        variables
c         MB    restarts   redundant    glue  trail          remaining
c          level     rate       size/glu tier1  irredundant
c
c *  0.04  0  0 0   0  0    0    0 0.0 0 0 2 6  0% 289652 29946 77%
c )  0.06  0  0 0   0  0    0    0 0.0 0 0 2 6  0% 289652 29946 77%
c [  0.08  0  0 0   0  0    0    0 0.0 0 0 2 6  0% 289652 29946 77%
c -  0.13  0 40 1   0  1  300   51 1.2 42 35 2 6 98% 274587 29946 77%
c -  0.20  0 38 2   0  2  922  261 1.3 37 29 2 6 96% 274587 29946 77%
c I  0.21  0 38 2   0  2 1002  304 1.3 36 29 2 6 96% 274587 29946 77%
c -  0.35  0 38 3   1  2 2013  346 1.2 40 33 2 6 95% 274587 29946 77%
c B  0.56  0 38 3   2  1 3003  738 1.2 41 34 2 6 93% 274587 29946 77%
c -  0.63  0 38 4   2  1 3627  531 1.2 41 33 2 6 96% 274587 29946 77%
c t  0.79  0 38 4   4  1 5484 1633 1.2 40 32 33 37 96% 274587 29946 77%
c -  0.83  0 38 5   4  1 5792  924 1.2 40 32 33 37 96% 274587 29946 77%
c W  0.91  0 38 5   4  1 6005 1007 1.2 40 32 33 37 96% 274587 29946 77%
c s  1.00  0 38 5   5  1 6550 1282 1.3 43 33 33 37 96% 274587 29946 77%
c e  1.16  0 38 5   5  1 6550  511 1.3 43 33 33 37 96% 268797 27392 70%
c s  1.18  0 38 5   5  1 6550  508 1.3 43 33 33 37 96% 268704 27392 70%
c e  1.24  0 38 5   5  1 6550  504 1.3 43 33 33 37 96% 268523 27345 70%
c 2  1.47  0 37 5   5  1 8089 1671 1.5 48 33 33 37 94% 268523 27345 70%
c -  1.61  0 37 6   6  1 8529  644 1.5 49 33 33 37 93% 268523 27345 70%
c F  1.84  0 37 6   6  1 10008 1734 1.6 54 33 33 36 92% 268523 27345 70%
c -  2.14  0 37 7   6  1 11829  936 1.7 57 33 33 36 92% 268523 27345 70%
c
c  seconds  reductions conflicts       size    tier2         variables
c         MB    restarts    redundant     glue     trail          remaining
c          level     rate        size/glue  tier1    irredundant
c
c B  2.58  0 36 7   9  1 15009 2891 1.7 56 32 32 36 91% 268523 27345 70%
c -  2.68  0 36 8   9  1 15715  981 1.7 55 32 32 36 91% 268523 27345 70%
c s  3.28  0 35 8  12  1 19733 3122 1.6 53 32 32 36 90% 268446 27345 70%
c e  3.33  0 35 8  12  1 19733 3104 1.6 53 32 32 36 90% 268358 27318 70%
c s  3.34  0 35 8  12  1 19733 3101 1.6 53 32 32 36 90% 268296 27318 70%
c e  3.36  0 35 8  12  1 19733 3101 1.6 53 32 32 36 90% 268282 27313 70%
c -  3.44  0 35 9  12  1 20192 1000 1.6 53 32 32 36 90% 268282 27313 70%
c 2  3.44  0 35 9  12  1 20192  999 1.6 53 32 32 36 90% 268282 27313 70%
c u  3.46  0 35 9  12  1 20192  998 1.6 53 32 32 36 90% 268282 27313 70%
c w  3.47  0 35 9  12  1 20192  989 1.6 53 32 32 36 90% 268282 27313 70%
c W  3.76  0 35 9  13  1 21011 1458 1.6 52 33 32 36 90% 268282 27313 70%
c -  4.30  0 36 10  14  1 25267 1116 1.6 52 33 31 35 90% 268282 27313 70%
c #  4.65  0 35 10  14  1 28012 2704 1.6 51 33 31 35 90% 268282 27313 70%
c -  5.06  0 35 11  14  1 30943 1228 1.5 51 33 31 35 90% 268282 27313 70%
c B  5.76  0 35 11  17  1 36015 3785 1.5 49 33 31 35 89% 268282 27313 70%
c -  5.92  0 35 12  17  1 37224 1268 1.5 49 33 31 35 89% 268282 27313 70%
c s  6.31  0 35 12  19  1 39510 2526 1.5 49 33 31 35 89% 268211 27313 70%
c s  6.35  0 35 12  19  1 39510 2525 1.5 49 33 31 35 89% 268196 27313 70%
c e  6.37  0 35 12  19  1 39510 2525 1.5 49 33 31 35 89% 268180 27307 70%
c -  6.97  0 35 13  21  1 44114 1413 1.5 49 33 31 35 89% 268180 27307 70%
c
c  seconds  reductions  conflicts       size    tier2         variables
c         MB     restarts    redundant     glue     trail          remaining
c          level      rate        size/glue  tier1    irredundant
c
c u  6.99  0 35 13  21  1 44114 1413 1.5 49 33 31 35 89% 268180 27307 70%
c w  7.01  0 35 13  21  1 44114 1391 1.5 49 33 31 35 89% 268180 27307 70%
c W  7.40  0 35 13  21  1 45016 2030 1.5 49 33 31 35 89% 268180 27307 70%
c -  8.23  0 35 14  26  1 51614 1610 1.5 49 33 31 35 89% 268180 27307 70%
c O  8.71  0 35 14  28  1 55017 3523 1.5 49 33 31 35 89% 268180 27307 70%
c -  9.35  0 34 15  29  1 59727 1515 1.5 47 32 31 35 89% 268180 27307 70%
c p  9.36  0 34 15  29  1 59727 1519 1.5 47 32 31 35 89% 268180 27307 70%
c s 10.19  0 33 15  29  1 65878 4106 1.5 46 32 31 35 89% 268150 27307 70%
c e 10.21  0 33 15  29  1 65878 4106 1.5 46 32 31 35 89% 268147 27306 70%
c s 10.22  0 33 15  29  1 65878 4030 1.5 46 32 31 35 89% 268138 27306 70%
c e 10.23  0 33 15  29  1 65878 4030 1.5 46 32 31 35 89% 268122 27300 70%
c B 10.26  0 33 15  29  1 66018 4094 1.5 46 32 31 35 89% 268122 27300 70%
c - 10.59  0 34 16  30  1 68454 1543 1.5 46 32 31 35 89% 268122 27300 70%
c p 10.59  0 34 16  30  1 68454 1567 1.5 46 32 31 35 89% 268122 27300 70%
c w 10.63  0 34 16  30  1 68454 1555 1.5 46 32 31 35 89% 268122 27300 70%
c - 11.73  0 34 17  30  1 77796 1733 1.4 46 32 29 34 89% 268121 27300 70%
c p 11.74  0 34 17  30  1 77796 1760 1.4 46 32 29 34 89% 268121 27300 70%
c W 12.31  0 34 17  30  1 78019 1889 1.4 46 32 29 34 89% 268121 27300 70%
c - 13.54  0 33 18  34  1 87754 1876 1.4 45 32 29 34 89% 268121 27300 70%
c p 13.55  0 33 18  34  1 87754 1910 1.4 45 32 29 34 89% 268121 27300 70%
c
c  seconds  reductions  conflicts       size    tier2         variables
c         MB     restarts    redundant     glue     trail          remaining
c          level      rate        size/glue  tier1    irredundant
c
c w 13.59  0 33 18  34  1 87754 1900 1.4 45 32 29 34 89% 268121 27300 70%
c I 14.03  0 33 18  36  1 91022 3912 1.4 45 32 29 34 89% 268121 27300 70%
c - 15.07  0 33 19  40  1 98331 2069 1.4 45 31 29 34 89% 268121 27300 70%
c p 15.08  0 33 19  40  1 98331 2133 1.4 45 31 29 34 89% 268121 27300 70%
c s 15.17  0 33 19  40  1 98840 2160 1.4 45 31 29 34 89% 268098 27300 70%
c s 15.20  0 33 19  40  1 98840 2131 1.4 45 31 29 34 89% 268096 27300 70%
c e 15.21  0 33 19  40  1 98840 2131 1.4 45 31 29 34 89% 268080 27294 70%
c B 16.10  0 33 19  44  1 105023 5633 1.4 45 31 29 34 89% 268080 27294 70%
c - 16.77  0 33 20  45  1 109527 2101 1.4 45 31 29 34 89% 268080 27294 70%
c p 16.78  0 33 20  45  1 109527 2153 1.4 45 31 29 34 89% 268080 27294 70%
c u 16.80  0 33 20  45  1 109527 2152 1.4 45 31 29 34 89% 268080 27294 70%
c w 16.83  0 33 20  45  1 109527 2139 1.4 45 31 29 34 89% 268080 27294 70%
c W 18.67  0 33 20  48  1 120024 7464 1.4 44 31 29 34 89% 268080 27294 70%
c - 18.88  0 33 21  49  1 121347 2182 1.4 44 31 29 34 89% 268080 27294 70%
c p 18.88  0 33 21  49  1 121347 2255 1.4 44 31 29 34 89% 268080 27294 70%
c - 20.62  0 33 22  56  1 133785 2349 1.4 44 31 29 34 89% 268080 27294 70%
c p 20.63  0 33 22  56  1 133785 2414 1.4 44 31 29 34 89% 268080 27294 70%
c u 20.65  0 33 22  56  1 133785 2412 1.4 44 31 29 34 89% 268080 27294 70%
c w 20.67  0 33 22  56  1 133785 2388 1.4 44 31 29 34 89% 268080 27294 70%
c F 21.00  0 33 22  58  1 136026 3593 1.4 44 31 29 34 89% 268077 27294 70%
c
c  seconds  reductions  conflicts        size    tier2         variables
c         MB     restarts     redundant     glue     trail          remaining
c          level      rate         size/glue  tier1    irredundant
c
c s 21.32  0 33 22  59  1 138393 5056 1.4 45 31 27 33 89% 268060 27294 70%
c s 21.35  0 33 22  59  1 138393 5049 1.4 45 31 27 33 89% 268058 27294 70%
c e 21.37  0 33 22  59  1 138393 5005 1.4 45 31 27 33 89% 268042 27288 70%
c - 22.54  0 33 23  60  1 146847 2396 1.4 45 31 27 33 89% 268042 27288 70%
c p 22.55  0 33 23  60  1 146847 2479 1.4 45 31 27 33 89% 268042 27288 70%
c B 23.48  0 33 23  61  1 153031 5812 1.4 45 31 27 33 89% 268042 27288 70%
c - 24.54  0 33 24  61  1 160530 2558 1.4 45 31 27 33 89% 268042 27288 70%
c p 24.54  0 33 24  61  1 160530 2662 1.4 45 31 27 33 89% 268042 27288 70%
c u 24.57  0 33 24  61  1 160530 2662 1.4 45 31 27 33 89% 268042 27288 70%
c w 24.60  0 33 24  61  1 160530 2636 1.4 45 31 27 33 89% 268042 27288 70%
c W 26.59  0 33 24  62  1 171035 8274 1.4 44 31 27 33 89% 268042 27288 70%
c - 27.11  0 33 25  62  1 174834 2746 1.4 45 31 27 33 89% 268042 27288 70%
c p 27.12  0 33 25  62  1 174834 2851 1.4 45 31 27 33 89% 268042 27288 70%
c s 28.39  0 32 25  62  1 184540 8082 1.4 44 31 27 33 89% 268027 27288 70%
c s 28.42  0 32 25  62  1 184540 8071 1.4 44 31 27 33 89% 268025 27288 70%
c e 28.43  0 32 25  62  1 184540 8070 1.4 44 31 27 33 89% 268012 27283 70%
c - 29.15  0 32 26  62  1 189763 2846 1.4 44 30 27 33 89% 268012 27283 70%
c p 29.16  0 32 26  62  1 189763 3080 1.4 44 30 27 33 89% 268012 27283 70%
c w 29.23  0 32 26  62  1 189763 3047 1.4 44 30 27 33 89% 268012 27283 70%
c # 29.28  0 32 26  62  1 190037 3206 1.4 44 30 27 33 89% 268012 27283 70%
c
c  seconds  reductions  conflicts        size    tier2         variables
c         MB     restarts     redundant     glue     trail          remaining
c          level      rate         size/glue  tier1    irredundant
c
c - 31.04  0 32 27  67  1 205315 2969 1.5 45 31 27 33 89% 268012 27283 70%
c p 31.04  0 32 27  67  1 205315 3154 1.5 45 31 27 33 89% 268012 27283 70%
c B 31.60  0 33 27  69  1 210038 5567 1.4 45 31 27 33 89% 268012 27283 70%
c - 33.11  0 32 28  76  1 221492 2956 1.4 44 31 27 33 89% 268012 27283 70%
c p 33.12  0 32 28  76  1 221492 3136 1.4 44 31 27 33 89% 268012 27283 70%
c w 33.18  0 32 28  76  1 221492 3069 1.4 44 31 27 33 89% 268012 27283 70%
c W 34.92  0 32 28  77  1 231039 7938 1.4 44 31 27 33 89% 268012 27283 70%
c s 35.70  0 32 28  81  1 237283 11308 1.4 44 31 27 33 89% 268007 27283 70%
c s 35.74  0 32 28  81  1 237283 11303 1.4 44 31 27 33 89% 268006 27283 70%
c e 35.75  0 32 28  81  1 237283 11293 1.4 44 31 27 33 89% 267998 27280 70%
c - 35.92  0 32 29  82  1 238295 3065 1.4 44 31 27 33 89% 267998 27280 70%
c p 35.93  0 32 29  82  1 238295 3278 1.4 44 31 27 33 89% 267998 27280 70%
c w 35.97  0 32 29  82  1 238295 3265 1.4 44 31 27 33 89% 267998 27280 70%
c O 37.76  0 32 29  90  1 253040 10855 1.4 44 31 27 33 89% 267998 27280 70%
c - 38.13  0 32 30  91  1 255723 3154 1.4 44 31 27 33 89% 267998 27280 70%
c p 38.14  0 32 30  91  1 255723 3359 1.4 44 31 27 33 89% 267998 27280 70%
c w 38.38  0 32 30  91  1 255723 3334 1.4 44 31 27 33 89% 267998 27280 70%
c - 40.56  0 32 31  93  1 273777 3389 1.4 43 30 26 32 89% 267998 27280 70%
c p 40.57  0 32 31  93  1 273777 3583 1.4 43 30 26 32 89% 267998 27280 70%
c w 40.63  0 32 31  93  1 273777 3552 1.4 43 30 26 32 89% 267998 27280 70%
c
c  seconds  reductions  conflicts        size    tier2         variables
c         MB     restarts     redundant     glue     trail          remaining
c          level      rate         size/glue  tier1    irredundant
c
c B 40.97  0 32 31  93  1 276042 4905 1.4 43 30 26 32 89% 267998 27280 70%
c - 43.04  0 32 32 100  1 292459 3531 1.4 43 30 26 32 89% 267998 27280 70%
c p 43.04  0 32 32 100  1 292459 3776 1.4 43 30 26 32 89% 267998 27280 70%
c w 43.10  0 32 32 100  1 292459 3726 1.4 43 30 26 32 89% 267998 27280 70%
c s 43.60  0 32 32 102  1 296617 5846 1.4 43 30 26 32 89% 267996 27280 70%
c e 43.62  0 32 32 102  1 296617 5846 1.4 43 30 26 32 89% 267994 27279 70%
c s 43.63  0 32 32 102  1 296617 5843 1.4 43 30 26 32 89% 267992 27279 70%
c e 43.64  0 32 32 102  1 296617 5843 1.4 43 30 26 32 89% 267990 27278 70%
c W 45.10  0 32 32 104  1 300045 7575 1.4 43 30 26 32 89% 267990 27278 70%
c - 46.58  0 32 33 108  1 311765 3334 1.4 42 30 26 32 89% 267990 27278 70%
c p 46.59  0 32 33 108  1 311765 3528 1.4 42 30 26 32 89% 267990 27278 70%
c w 46.65  0 32 33 108  1 311765 3478 1.4 42 30 26 32 89% 267990 27278 70%
c I 48.36  0 31 33 115  1 325046 10751 1.4 42 30 26 32 89% 267990 27278 70%
c - 49.25  0 31 34 118  1 331702 3591 1.4 42 30 26 32 89% 267990 27278 70%
c p 49.26  0 31 34 118  1 331702 3775 1.4 42 30 26 32 89% 267990 27278 70%
c w 49.31  0 31 34 118  1 331702 3761 1.4 42 30 26 32 89% 267990 27278 70%
c B 51.69  0 31 34 124  1 351047 13780 1.4 42 29 26 32 89% 267986 27278 70%
c - 51.87  0 31 35 124  1 352264 3644 1.4 42 29 26 32 89% 267986 27278 70%
c p 51.88  0 31 35 124  1 352264 3824 1.4 42 29 26 32 89% 267986 27278 70%
c w 51.93  0 31 35 124  1 352264 3768 1.4 42 29 26 32 89% 267986 27278 70%
c
c  seconds  reductions  conflicts        size    tier2         variables
c         MB     restarts     redundant     glue     trail          remaining
c          level      rate         size/glue  tier1    irredundant
c
c s 53.28  0 31 35 124  1 362545 8768 1.4 42 29 26 32 89% 267986 27278 70%
c s 53.31  0 31 35 124  1 362545 8730 1.4 42 29 26 32 89% 267986 27278 70%
c e 53.32  0 31 35 124  1 362545 8730 1.4 42 29 26 32 89% 267984 27277 70%
c - 54.75  0 31 36 125  1 373452 3653 1.4 42 29 26 32 89% 267984 27277 70%
c p 54.76  0 31 36 125  1 373452 3987 1.4 42 29 26 32 89% 267984 27277 70%
c w 54.82  0 31 36 125  1 373452 3941 1.4 42 29 26 32 89% 267984 27277 70%
c W 56.28  0 31 36 125  1 378048 6518 1.4 42 29 26 32 89% 267984 27277 70%
c - 58.50  0 31 37 125  1 395270 3810 1.4 41 29 26 32 89% 267984 27277 70%
c p 58.51  0 31 37 125  1 395270 4205 1.4 41 29 26 32 89% 267984 27277 70%
c w 58.57  0 31 37 125  1 395270 4151 1.4 41 29 26 32 89% 267984 27277 70%
c F 59.94  0 30 37 126  1 406049 9191 1.4 41 29 25 32 89% 267984 27277 70%
c - 61.31  0 31 38 126  1 417715 3914 1.4 42 29 25 32 89% 267984 27277 70%
c p 61.32  0 31 38 126  1 417715 4214 1.4 42 29 25 32 89% 267984 27277 70%
c w 61.61  0 31 38 126  1 417715 4169 1.4 42 29 25 32 89% 267984 27277 70%
c B 63.69  0 31 38 126  1 435050 14362 1.4 43 29 25 32 89% 267984 27277 70%
c s 63.70  0 31 38 126  1 435068 13562 1.4 43 29 25 32 89% 267983 27277 70%
c s 63.73  0 31 38 126  1 435068 13553 1.4 43 29 25 32 89% 267983 27277 70%
c e 63.74  0 31 38 126  1 435068 13553 1.4 43 29 25 32 89% 267981 27276 70%
c - 64.46  0 31 39 126  1 440788 4088 1.4 42 29 25 32 89% 267981 27276 70%
c p 64.48  0 31 39 126  1 440788 4348 1.4 42 29 25 32 89% 267981 27276 70%
c
c  seconds  reductions  conflicts        size    tier2         variables
c         MB     restarts     redundant     glue     trail          remaining
c          level      rate         size/glue  tier1    irredundant
c
c w 64.54  0 31 39 126  1 440788 4270 1.4 42 29 25 32 89% 267981 27276 70%
c - 67.41  0 31 40 126  1 464490 4251 1.4 41 29 25 31 89% 267981 27276 70%
c p 67.42  0 31 40 126  1 464490 4592 1.4 41 29 25 31 89% 267981 27276 70%
c w 67.47  0 31 40 126  1 464490 4561 1.4 41 29 25 31 89% 267981 27276 70%
c W 68.75  0 31 40 126  1 465051 4837 1.4 41 29 25 31 89% 267976 27276 70%
c - 71.65  0 31 41 140  1 488822 4271 1.4 42 29 25 31 89% 267976 27276 70%
c p 71.66  0 31 41 140  1 488822 4574 1.4 42 29 25 31 89% 267976 27276 70%
c w 71.73  0 31 41 140  1 488822 4488 1.4 42 29 25 31 89% 267976 27276 70%
c # 72.62  0 31 41 141  1 496052 8800 1.4 43 29 25 31 89% 267976 27276 70%
c - 74.50  0 32 42 151  1 513782 4682 1.5 44 30 25 31 89% 267976 27276 70%
c p 74.51  0 32 42 151  1 513782 4890 1.5 44 30 25 31 89% 267976 27276 70%
c w 74.57  0 32 42 151  1 513782 4828 1.5 44 30 25 31 89% 267976 27276 70%
c s 74.64  0 32 42 151  1 514183 4534 1.5 44 30 25 31 89% 267976 27276 70%
c s 74.67  0 32 42 151  1 514183 4531 1.5 44 30 25 31 89% 267976 27276 70%
c B 76.24  0 32 42 156  1 528056 12472 1.5 45 30 25 31 89% 267976 27276 70%
c - 77.60  0 32 43 157  1 539374 4672 1.5 45 30 25 32 89% 267976 27276 70%
c p 77.61  0 32 43 157  1 539374 4848 1.5 45 30 25 32 89% 267976 27276 70%
c w 77.67  0 32 43 157  1 539374 4813 1.5 45 30 25 32 89% 267976 27276 70%
c W 81.22  0 32 43 164  1 561057 16045 1.5 45 31 25 32 89% 267976 27276 70%
c - 81.80  0 32 44 167  1 565594 4663 1.5 45 31 25 32 89% 267976 27276 70%
c
c  seconds  reductions  conflicts        size    tier2         variables
c         MB     restarts     redundant     glue     trail          remaining
c          level      rate         size/glue  tier1    irredundant
c
c p 81.81  0 32 44 167  1 565594 5055 1.5 45 31 25 32 89% 267976 27276 70%
c w 81.88  0 32 44 167  1 565594 4990 1.5 45 31 25 32 89% 267976 27276 70%
c - 85.04  0 33 45 179  1 592444 4883 1.5 46 31 25 32 89% 267976 27276 70%
c p 85.05  0 33 45 179  1 592444 5231 1.5 46 31 25 32 89% 267976 27276 70%
c w 85.12  0 33 45 179  1 592444 5152 1.5 46 31 25 32 89% 267976 27276 70%
c O 85.44  0 33 45 180  1 595058 6461 1.5 46 31 25 32 89% 267976 27276 70%
c - 88.46  0 32 46 188  1 619925 4758 1.5 45 31 25 32 89% 267976 27276 70%
c p 88.47  0 32 46 188  1 619925 5137 1.5 45 31 25 32 89% 267976 27276 70%
c w 88.55  0 32 46 188  1 619925 5054 1.5 45 31 25 32 89% 267976 27276 70%
c B 89.81  0 32 46 188  1 630061 10651 1.5 45 31 25 32 89% 267976 27276 70%
c - 91.76  0 33 47 189  1 648034 5072 1.5 45 31 25 32 89% 267976 27276 70%
c p 91.77  0 33 47 189  1 648034 5355 1.5 45 31 25 32 89% 267976 27276 70%
c w 92.10  0 33 47 189  1 648034 5310 1.5 45 31 25 32 89% 267976 27276 70%
c W 95.47  0 33 47 190  1 666063 15243 1.5 46 31 25 32 89% 267976 27276 70%
c - 96.82  0 33 48 196  1 676775 5210 1.5 46 31 25 32 89% 267976 27276 70%
c p 96.83  0 33 48 196  1 676775 5543 1.5 46 31 25 32 89% 267976 27276 70%
c w 96.91  0 33 48 196  1 676775 5460 1.5 46 31 25 32 89% 267976 27276 70%
c I 99.80  0 33 48 208  1 703066 20071 1.5 46 31 25 32 89% 267976 27276 70%
c - 100.20  0 33 49 210  1 706145 5353 1.5 46 31 25 32 89% 267976 27276 70%
c p 100.22  0 33 49 210  1 706145 5610 1.5 46 31 25 32 89% 267976 27276 70%
c
c  seconds   reductions  conflicts        size    tier2         variables
c          MB     restarts     redundant     glue     trail          remaining
c           level      rate         size/glue  tier1    irredundant
c
c w 100.29  0 33 49 210  1 706145 5533 1.5 46 31 25 32 89% 267976 27276 70%
c - 103.94  0 32 50 220  1 736148 5472 1.5 45 30 25 32 89% 267976 27276 70%
c p 103.96  0 32 50 220  1 736148 5751 1.5 45 30 25 32 89% 267976 27276 70%
c w 104.03  0 32 50 220  1 736148 5701 1.5 45 30 25 32 89% 267976 27276 70%
c B 104.61  0 32 50 220  1 741067 8278 1.5 45 30 25 32 89% 267976 27276 70%
c - 107.62  0 32 51 232  1 766779 5259 1.4 44 30 25 32 89% 267976 27276 70%
c p 107.63  0 32 51 232  1 766779 5514 1.4 44 30 25 32 89% 267976 27276 70%
c w 107.70  0 32 51 232  1 766779 5434 1.4 44 30 25 32 89% 267976 27276 70%
c W 110.46  0 32 51 235  1 780071 12454 1.4 43 30 25 32 89% 267976 27276 70%
c - 112.82  0 31 52 245  1 798043 5277 1.4 42 30 25 32 89% 267976 27276 70%
c p 112.84  0 31 52 245  1 798043 5764 1.4 42 30 25 32 89% 267976 27276 70%
c w 112.92  0 31 52 245  1 798043 5718 1.4 42 30 25 32 89% 267976 27276 70%
c F 115.50  0 31 52 251  1 820073 16382 1.4 41 29 25 32 89% 267976 27276 70%
c - 116.63  0 31 53 251  1 829936 5521 1.4 42 30 25 32 89% 267976 27276 70%
c p 116.64  0 31 53 251  1 829936 5905 1.4 42 30 25 32 89% 267976 27276 70%
c w 116.72  0 31 53 251  1 829936 5852 1.4 42 30 25 32 89% 267976 27276 70%
c B 120.51  0 32 53 252  1 861075 24599 1.5 44 30 25 32 89% 267976 27276 70%
c - 120.70  0 32 54 252  1 862461 6300 1.5 44 30 25 32 89% 267976 27276 70%
c p 120.71  0 32 54 252  1 862461 6600 1.5 44 30 25 32 89% 267976 27276 70%
c w 120.79  0 32 54 252  1 862461 6485 1.5 44 30 25 32 89% 267976 27276 70%
c
c  seconds   reductions  conflicts        size    tier2         variables
c          MB     restarts     redundant     glue     trail          remaining
c           level      rate         size/glue  tier1    irredundant
c
c - 124.64  0 31 55 253  1 895618 6156 1.5 44 29 25 32 89% 267976 27276 70%
c p 124.65  0 31 55 253  1 895618 6552 1.5 44 29 25 32 89% 267976 27276 70%
c u 124.69  0 31 55 253  1 895618 6551 1.5 44 29 25 32 89% 267976 27276 70%
c w 124.72  0 31 55 253  1 895618 6506 1.5 44 29 25 32 89% 267976 27276 70%
c s 124.76  0 31 55 253  1 895618 5778 1.5 44 29 25 32 89% 267973 27276 70%
c s 124.79  0 31 55 253  1 895618 5749 1.5 44 29 25 32 89% 267973 27276 70%
c W 127.27  0 31 55 253  1 903077 9197 1.5 43 29 25 32 89% 267973 27276 70%
c - 130.62  0 30 56 253  1 929409 5283 1.5 41 28 25 32 89% 267973 27276 70%
c p 130.64  0 30 56 253  1 929409 5628 1.5 41 28 25 32 89% 267973 27276 70%
c w 130.73  0 30 56 253  1 929409 5529 1.5 41 28 25 32 89% 267973 27276 70%
c # 132.77  0 29 56 254  1 946078 13432 1.5 40 28 25 32 89% 267973 27276 70%
c - 134.84  0 30 57 254  1 963827 5605 1.4 41 28 25 32 89% 267973 27276 70%
c p 134.85  0 30 57 254  1 963827 5815 1.4 41 28 25 32 89% 267973 27276 70%
c w 135.26  0 30 57 254  1 963827 5722 1.4 41 28 25 32 89% 267973 27276 70%
c B 138.46  0 30 57 254  1 990083 18485 1.5 41 29 25 31 89% 267973 27276 70%
c - 139.50  0 30 58 254  1 998876 5789 1.4 42 29 25 31 89% 267973 27276 70%
c p 139.52  0 30 58 254  1 998876 6236 1.4 42 29 25 31 89% 267973 27276 70%
c w 139.60  0 30 58 254  1 998876 6174 1.4 42 29 25 31 89% 267973 27276 70%
c - 143.64  0 30 59 254  1 1034557 5869 1.4 42 29 25 31 89% 267973 27276 70%
c p 143.65  0 30 59 254  1 1034557 6273 1.4 42 29 25 31 89% 267973 27276 70%
c
c  seconds   reductions   conflicts        size    tier2         variables
c          MB     restarts      redundant     glue     trail          remaining
c           level      rate          size/glue  tier1    irredundant
c
c w 143.74  0 30 59 254  1 1034557 6176 1.4 42 29 25 31 89% 267973 27276 70%
c W 145.11  0 30 59 254  1 1035085 6483 1.4 42 29 25 31 89% 267973 27276 70%
c - 149.43  0 31 60 260  1 1070872 6142 1.4 42 30 25 31 89% 267973 27276 70%
c p 149.45  0 31 60 260  1 1070872 6483 1.4 42 30 25 31 89% 267973 27276 70%
c w 149.54  0 31 60 260  1 1070872 6366 1.4 42 30 25 31 89% 267973 27276 70%
c O 150.74  0 31 60 264  1 1081086 11647 1.4 41 30 25 31 89% 267973 27276 70%
c - 154.61  0 31 61 276  1 1107817 6498 1.4 42 30 25 31 89% 267973 27276 70%
c p 154.63  0 31 61 276  1 1107817 6894 1.4 42 30 25 31 89% 267973 27276 70%
c w 154.75  0 31 61 276  1 1107817 6737 1.4 42 30 25 31 89% 267973 27276 70%
c B 157.50  0 31 61 284  1 1128088 16827 1.4 41 29 25 31 89% 267973 27276 70%
c - 159.52  0 31 62 285  1 1145395 6395 1.4 42 30 25 31 89% 267973 27276 70%
c p 159.54  0 31 62 285  1 1145395 6691 1.4 42 30 25 31 89% 267973 27276 70%
c w 159.64  0 31 62 285  1 1145395 6540 1.4 42 30 25 31 89% 267973 27276 70%
c W 165.05  0 32 62 300  1 1176089 22971 1.4 42 30 25 31 89% 267973 27276 70%
c - 166.07  0 32 63 303  1 1183603 6629 1.4 42 30 25 31 89% 267973 27276 70%
c p 166.09  0 32 63 303  1 1183603 6881 1.4 42 30 25 31 89% 267973 27276 70%
c w 166.18  0 32 63 303  1 1183603 6818 1.4 42 30 25 31 89% 267973 27276 70%
c - 170.96  0 31 64 316  1 1222449 6511 1.4 41 30 25 31 89% 267973 27276 70%
c p 170.97  0 31 64 316  1 1222449 7036 1.4 41 30 25 31 89% 267973 27276 70%
c w 171.04  0 31 64 316  1 1222449 6922 1.4 41 30 25 31 89% 267973 27276 70%
c
c  seconds   reductions   conflicts        size    tier2         variables
c          MB     restarts      redundant     glue     trail          remaining
c           level      rate          size/glue  tier1    irredundant
c
c s 171.09  0 31 64 316  1 1222449 6472 1.4 41 30 25 31 89% 267969 27276 70%
c s 171.12  0 31 64 316  1 1222449 6439 1.4 41 30 25 31 89% 267969 27276 70%
c I 171.47  0 31 64 316  1 1225091 7691 1.4 41 30 25 31 89% 267969 27276 70%
c - 175.85  0 30 65 317  1 1261922 7280 1.5 43 29 24 31 89% 267969 27276 70%
c p 175.87  0 30 65 317  1 1261922 7730 1.5 43 29 24 31 89% 267969 27276 70%
c w 175.97  0 30 65 317  1 1261922 7648 1.5 43 29 24 31 89% 267969 27276 70%
c B 177.74  0 30 65 324  1 1275092 13911 1.5 43 29 24 31 89% 267969 27276 70%
c - 181.01  0 31 66 336  1 1302028 6822 1.5 42 29 24 31 89% 267969 27276 70%
c p 181.03  0 31 66 336  1 1302028 7195 1.5 42 29 24 31 89% 267969 27276 70%
c w 181.13  0 31 66 336  1 1302028 7092 1.5 42 29 24 31 89% 267969 27276 70%
c W 185.89  0 30 66 347  1 1326094 20441 1.5 43 29 24 31 89% 267969 27276 70%
c - 187.77  0 31 67 348  1 1342765 7511 1.5 44 29 24 31 89% 267969 27276 70%
c p 187.79  0 31 67 348  1 1342765 7918 1.5 44 29 24 31 89% 267969 27276 70%
c w 187.89  0 31 67 348  1 1342765 7837 1.5 44 29 24 31 89% 267969 27276 70%
c F 191.90  0 32 67 363  1 1378095 27828 1.5 46 30 24 31 89% 267969 27276 70%
c - 192.66  0 32 68 366  1 1384135 7724 1.5 46 30 24 31 89% 267969 27276 70%
c p 192.67  0 32 68 366  1 1384135 8034 1.5 46 30 24 31 89% 267969 27276 70%
c w 193.17  0 32 68 366  1 1384135 7925 1.5 46 30 24 31 89% 267969 27276 70%
c - 198.19  0 32 69 379  1 1426138 7517 1.5 46 31 24 31 89% 267969 27276 70%
c p 198.21  0 32 69 379  1 1426138 7774 1.5 46 31 24 31 89% 267969 27276 70%
c
c  seconds   reductions   conflicts        size    tier2         variables
c          MB     restarts      redundant     glue     trail          remaining
c           level      rate          size/glue  tier1    irredundant
c
c w 198.32  0 32 69 379  1 1426138 7686 1.5 46 31 24 31 89% 267969 27276 70%
c B 198.91  0 32 69 380  1 1431097 10670 1.5 46 31 24 31 89% 267969 27276 70%
c - 203.20  0 33 70 381  1 1468774 7528 1.5 46 31 25 31 89% 267969 27276 70%
c p 203.21  0 33 70 381  1 1468774 8060 1.5 46 31 25 31 89% 267969 27276 70%
c w 203.32  0 33 70 381  1 1468774 7964 1.5 46 31 25 31 89% 267969 27276 70%
c W 207.13  0 33 70 381  1 1485099 16425 1.4 45 31 25 31 89% 267969 27276 70%
c - 210.36  0 33 71 381  1 1512043 7564 1.4 45 32 25 31 89% 267969 27276 70%
c p 210.38  0 33 71 381  1 1512043 8012 1.4 45 32 25 31 89% 267969 27276 70%
c w 210.49  0 33 71 381  1 1512043 7868 1.4 45 32 25 31 89% 267969 27276 70%
c # 214.18  0 33 71 388  1 1540100 23190 1.4 45 32 25 31 89% 267969 27276 70%
c - 216.19  0 33 72 396  1 1555943 8064 1.4 46 32 25 31 89% 267969 27276 70%
c p 216.21  0 33 72 396  1 1555943 8406 1.4 46 32 25 31 89% 267969 27276 70%
c u 216.25  0 33 72 396  1 1555943 8406 1.4 46 32 25 31 89% 267969 27276 70%
c w 216.33  0 33 72 396  1 1555943 8291 1.4 46 32 25 31 89% 267969 27276 70%
c B 221.04  0 33 72 411  1 1596102 28497 1.4 46 32 25 31 89% 267969 27276 70%
c - 221.62  0 33 73 412  1 1600477 7689 1.4 46 32 25 31 89% 267969 27276 70%
c p 221.63  0 33 73 412  1 1600477 8058 1.4 46 32 25 31 89% 267969 27276 70%
c w 221.74  0 33 73 412  1 1600477 7954 1.4 46 32 25 31 89% 267969 27276 70%
c - 226.70  0 33 74 427  1 1645643 7737 1.4 45 31 25 31 89% 267969 27276 70%
c p 226.72  0 33 74 427  1 1645643 8041 1.4 45 31 25 31 89% 267969 27276 70%
c
c  seconds   reductions   conflicts        size    tier2         variables
c          MB     restarts      redundant     glue     trail          remaining
c           level      rate          size/glue  tier1    irredundant
c
c w 226.81  0 33 74 427  1 1645643 7962 1.4 45 31 25 31 89% 267969 27276 70%
c s 226.86  0 33 74 427  1 1645643 7694 1.4 45 31 25 31 89% 267962 27276 70%
c s 226.89  0 33 74 427  1 1645643 7660 1.4 45 31 25 31 89% 267962 27276 70%
c ^ 226.90  0 33 74 427  1 1645643 7660 1.4 45 31 25 31 89% 267962 27276 70%
c W 229.57  0 33 74 433  1 1653104 11669 1.4 45 31 25 31 89% 267962 27276 70%
c - 234.08  0 33 75 443  1 1691442 8417 1.5 46 31 25 31 89% 267962 27276 70%
c p 234.10  0 33 75 443  1 1691442 8740 1.5 46 31 25 31 89% 267962 27276 70%
c w 234.22  0 33 75 443  1 1691442 8673 1.5 46 31 25 31 89% 267962 27276 70%
c O 236.57  0 33 75 444  1 1711106 19622 1.5 46 31 25 32 89% 267962 27276 70%
c - 240.07  0 32 76 451  1 1737872 8472 1.5 45 31 25 32 88% 267962 27276 70%
c p 240.09  0 32 76 451  1 1737872 9096 1.5 45 31 25 32 88% 267962 27276 70%
c w 240.20  0 32 76 451  1 1737872 9012 1.5 45 31 25 32 88% 267962 27276 70%
c s 241.93  0 32 76 458  1 1751126 15692 1.5 44 30 25 32 88% 267962 27276 70%
c s 242.03  0 32 76 458  1 1751126 15671 1.5 44 30 25 32 88% 267962 27276 70%
c ^ 242.03  0 32 76 458  1 1751126 15671 1.5 44 30 25 32 88% 267962 27276 70%
c B 244.43  0 31 76 465  1 1770107 25088 1.4 43 30 25 32 88% 267962 27276 70%
c - 246.14  0 32 77 473  1 1784937 8294 1.5 44 31 25 31 88% 267962 27276 70%
c p 246.16  0 32 77 473  1 1784937 8755 1.5 44 31 25 31 88% 267962 27276 70%
c w 246.27  0 32 77 473  1 1784937 8636 1.5 44 31 25 31 88% 267962 27276 70%
c W 253.70  0 32 77 487  1 1830109 31986 1.4 44 31 25 31 88% 267962 27276 70%
c
c  seconds   reductions   conflicts        size    tier2         variables
c          MB     restarts      redundant     glue     trail          remaining
c           level      rate          size/glue  tier1    irredundant
c
c - 254.01  0 32 78 488  1 1832634 8335 1.4 44 31 25 31 88% 267962 27276 70%
c p 254.02  0 32 78 488  1 1832634 8782 1.4 44 31 25 31 88% 267962 27276 70%
c w 254.14  0 32 78 488  1 1832634 8654 1.4 44 31 25 31 88% 267962 27276 70%
c s 257.51  0 32 78 501  1 1863203 24804 1.4 44 31 25 31 88% 267962 27276 70%
c e 257.60  0 32 78 501  1 1863203 24804 1.4 44 31 25 31 88% 267964 27275 70%
c s 257.61  0 32 78 501  1 1863203 24785 1.4 44 31 25 31 88% 267964 27275 70%
c ^ 257.62  0 32 78 501  1 1863203 24785 1.4 44 31 25 31 88% 267964 27275 70%
c - 259.89  0 32 79 506  1 1880965 8321 1.4 44 31 25 31 88% 267964 27275 70%
c p 259.91  0 32 79 506  1 1880965 8691 1.4 44 31 25 31 88% 267964 27275 70%
c v 259.95  0 32 79 506  1 1880965 8690 1.4 44 31 25 31 88% 267964 27275 70%
c w 260.01  0 32 79 506  1 1880965 8597 1.4 44 31 25 31 88% 267964 27275 70%
c I 261.23  0 32 79 506  1 1891110 15009 1.5 45 31 25 31 89% 267964 27275 70%
c - 265.67  0 31 80 508  1 1929929 8787 1.5 42 29 25 31 88% 267964 27275 70%
c p 265.69  0 31 80 508  1 1929929 9098 1.5 42 29 25 31 88% 267964 27275 70%
c w 266.34  0 31 80 508  1 1929929 8960 1.5 42 29 25 31 88% 267964 27275 70%
c B 269.14  0 30 80 508  1 1953112 20370 1.4 41 28 25 31 88% 267964 27275 70%
c - 272.05  0 29 81 508  1 1979527 8563 1.4 40 28 25 31 88% 267964 27275 70%
c p 272.07  0 29 81 508  1 1979527 9195 1.4 40 28 25 31 88% 267964 27275 70%
c w 272.19  0 29 81 508  1 1979527 9058 1.4 40 28 25 31 88% 267964 27275 70%
c s 272.49  0 29 81 508  1 1981873 9177 1.4 40 28 25 31 88% 267964 27275 70%
c
c  seconds   reductions   conflicts        size    tier2         variables
c          MB     restarts      redundant     glue     trail          remaining
c           level      rate          size/glue  tier1    irredundant
c
c e 272.60  0 29 81 508  1 1981873 9107 1.4 40 28 25 31 88% 268377 27171 70%
c s 272.61  0 29 81 508  1 1981873 8926 1.4 40 28 25 31 88% 268001 27171 70%
c W 279.06  0 30 81 509  1 2016113 30443 1.5 42 28 25 31 88% 268001 27171 70%
c - 280.65  0 30 82 509  1 2029758 10198 1.6 46 29 25 31 88% 268001 27171 70%
c p 280.66  0 30 82 509  1 2029758 10672 1.6 46 29 25 31 88% 268001 27171 70%
c w 280.79  0 30 82 509  1 2029758 10597 1.6 46 29 25 31 88% 268001 27171 70%
c F 286.87  0 32 82 509  1 2080115 37953 1.6 47 30 25 31 88% 268001 27171 70%
c - 286.95  0 32 83 509  1 2080626 9495 1.5 47 30 25 31 88% 268001 27171 70%
c p 286.97  0 32 83 509  1 2080626 9933 1.5 47 30 25 31 88% 268001 27171 70%
c u 287.02  0 32 83 509  1 2080626 9932 1.5 47 30 25 31 88% 268001 27171 70%
c w 287.09  0 32 83 509  1 2080626 9834 1.5 47 30 25 31 88% 268001 27171 70%
c s 290.25  0 32 83 509  1 2107353 23047 1.5 46 31 25 31 88% 267944 27171 70%
c s 290.31  0 32 83 509  1 2107353 22962 1.5 46 31 25 31 88% 267930 27171 70%
c e 290.33  0 32 83 509  1 2107353 22958 1.5 46 31 25 31 88% 267941 27168 70%
c - 293.30  0 32 84 510  1 2132124 8778 1.5 46 31 25 31 88% 267941 27168 70%
c p 293.32  0 32 84 510  1 2132124 9116 1.5 46 31 25 31 88% 267941 27168 70%
c w 293.45  0 32 84 510  1 2132124 8920 1.5 46 31 25 31 88% 267941 27168 70%
c B 295.20  0 33 84 510  1 2145116 16385 1.5 46 31 25 31 88% 267941 27168 70%
c ] 299.37  0 32 84 510  1 2182507 35230 1.5 45 31 25 31 88% 267941 27168 70%
c ? 299.37  0 32 84 510  1 2182507 35230 1.5 45 31 25 31 88% 267941 27168 70%
c
c --- [ result ] -------------------------------------------------------------
c
c writing result to 'search-results/cadical-complete-cover-20260902/anchor-016-p1-s1.result'
c
c --- [ run-time profiling ] -------------------------------------------------
c
c process time taken by individual solving procedures
c (percentage relative to process time for solving)
c
c       288.49   96.38% search
c       264.28   88.29% stable
c        24.16    8.07% walk
c        10.84    3.62% simplify
c         3.97    1.33% vivify
c         2.17    0.73% sweep
c         1.22    0.41% backbone
c         0.92    0.31% elim
c         0.43    0.14% subsume
c         0.37    0.12% probe
c         0.29    0.10% ternary
c         0.23    0.08% congruence
c         0.05    0.02% lucky
c         0.04    0.01% parse
c   =================================
c       299.33   99.99% solve
c
c last line shows process time for solving
c (percentage relative to total process time)
c
c --- [ statistics ] ---------------------------------------------------------
c
c chronological:            253861        11.63 %  of conflicts
c conflicts:               2182507      7291.25    per second
c backbone:              114441993    293878.06 %  of vars
c decisions:               2376096      7937.99    per second
c eliminated:                 2778         7.13 %  of all variables
c fixed:                      8996        23.10 %  of all variables
c learned:                 2151090        98.56 %  per conflict
c learned_lits:         1147241972       100.00 %  learned literals
c minimized:                     0         0.00 %  learned literals
c shrunken:             1046163289        91.19 %  learned literals
c minishrunken:            6821440         0.59 %  learned literals
c otfs:                        960         0.04 %  of conflict
c propagations:         1197251671         4.00 M  per second
c reduced:                 1119916        51.31 %  per conflict
c rephased:                     65     33577.03    interval
c restarts:                    510      4279.43    interval
c subsumed:                 992077        39.99 %  of all clauses
c strengthened:              48669         1.96 %  of all clauses
c ticks:               16402878346        18.49    propagation
c vivified:                   5739         0.23 %  of all clauses
c walked:                       21    103928.90    interval
c weakened:                  14407         5.73    average size
c congruence:                   12    181875.58    interval
c
c seconds are measured in process time for solving
c
c --- [ glue usage ] ---------------------------------------------------------
c
c focused glue 2 used 0 clauses 0.000% accumulated 0.000% tier1
c focused glue 3 used 0 clauses 0.000% accumulated 0.000%
c focused glue 4 used 0 clauses 0.000% accumulated 0.000%
c focused glue 5 used 0 clauses 0.000% accumulated 0.000%
c focused glue 6 used 0 clauses 0.000% accumulated 0.000% tier2
c
c stable glue 25 used 388125 clauses 5.437% accumulated 52.96% tier1
c stable glue 26 used 392701 clauses 5.501% accumulated 58.46%
c stable glue 27-29 used 1163570 clauses 16.30% accumulated 74.76%
c stable glue 30 used 371592 clauses 5.205% accumulated 79.97%
c stable glue 31 used 356823 clauses 4.998% accumulated 84.97% tier2
c
c
c --- [ resources ] ----------------------------------------------------------
c
c total process time since initialization:       299.37    seconds
c total real time since initialization:          300.03    seconds
c maximum resident set size of process:          200.94    MB
c
c --- [ shutting down ] ------------------------------------------------------
c
c exit 0
