c --- [ banner ] -------------------------------------------------------------
c
c CaDiCaL SAT Solver
c Copyright (c) 2016-2026
c A. Biere, M. Fleury, N. Froleyks, K. Fazekas, F. Pollitt, T. Faller
c JKU Linz, University of Freiburg, TU Wien
c
c Version 3.0.1 c60730422e758ef1cebe7aeddf2dda31c996bf04
c Apple clang version 21.0.0 (clang-2100.1.1.101) -Wall -Wextra -O3 -DNDEBUG -DNCLOSEFROM
c Tue Sep 1 21:08:57 PDT 2026 Darwin retained-runner 25.6.0 arm64
c
c --- [ limit ] --------------------------------------------------------------
c
c setting time limit to 300 seconds real time (due to '-t 300')
c
c --- [ parsing input ] ------------------------------------------------------
c
c reading DIMACS file from 'search-results/cadical-complete-cover-20260902/cnf/anchor-008-p0-s0.cnf'
c opening file to read 'search-results/cadical-complete-cover-20260902/cnf/anchor-008-p0-s0.cnf'
c found 'p cnf 38942 364405' header
c parsed 364405 clauses in 0.04 seconds process time
c
c --- [ options ] ------------------------------------------------------------
c
c   --elimeffort=10                (different from default '1e3')
c   --stabilizeonly=true           (different from default 'false')
c   --subsumeeffort=60             (different from default '1e3')
c
c --- [ solving ] ------------------------------------------------------------
c
c time measured in process time since initialization
c
c  seconds  reduction conflicts       size tier2        variables
c         MB    restarts   redundant    glue  trail          remaining
c          level     rate       size/glu tier1  irredundant
c
c *  0.04  0  0 0   0  0    0    0 0.0 0 0 2 6  0% 289705 30086 77%
c )  0.06  0  0 0   0  0    0    0 0.0 0 0 2 6  0% 289705 30086 77%
c [  0.08  0  0 0   0  0    0    0 0.0 0 0 2 6  0% 289705 30086 77%
c -  0.12  0 39 1   0  2  300   80 1.4 44 31 2 6 97% 274783 30086 77%
c -  0.19  0 38 2   0  2  924  326 1.4 38 27 2 6 97% 274783 30086 77%
c I  0.20  0 38 2   0  2 1004  390 1.5 40 27 2 6 96% 274783 30086 77%
c -  0.36  0 38 3   1  2 2017  544 2.8 89 32 2 6 95% 274783 30086 77%
c t  0.55  0 38 3   2  1 2984  924 2.3 78 33 2 6 94% 274783 30086 77%
c B  0.57  0 38 3   2  1 3005  934 2.3 78 33 2 6 92% 274783 30086 77%
c -  0.63  0 38 4   2  1 3632  620 2.2 73 33 2 6 97% 274783 30086 77%
c t  0.80  0 38 4   4  1 5489 1980 2.1 69 32 34 37 96% 274783 30086 77%
c -  0.84  0 37 5   4  1 5799 1005 2.1 68 32 34 37 96% 274783 30086 77%
c W  0.92  0 37 5   4  1 6006 1154 2.1 67 32 34 37 96% 274783 30086 77%
c s  0.98  0 37 5   5  1 6535 1272 2.0 65 33 34 37 96% 274783 30086 77%
c e  1.15  0 37 5   5  1 6535  581 2.0 65 33 34 37 96% 268793 27365 70%
c s  1.17  0 37 5   5  1 6535  576 2.0 65 33 34 37 96% 268662 27365 70%
c e  1.24  0 37 5   5  1 6535  572 2.0 65 33 34 37 96% 268464 27315 70%
c 2  1.43  0 37 5   5  1 8097 1180 1.8 60 33 34 36 94% 268464 27315 70%
c -  1.56  0 37 6   6  1 8539  551 1.8 59 33 34 36 93% 268464 27315 70%
c F  1.73  0 37 6   6  1 10007 1182 1.7 56 33 34 36 92% 268464 27315 70%
c
c  seconds  reductions conflicts       size    tier2         variables
c         MB    restarts    redundant     glue     trail          remaining
c          level     rate        size/glue  tier1    irredundant
c
c -  2.00  0 36 7   6  1 11840  736 1.6 55 33 34 36 91% 268464 27315 70%
c B  2.39  0 35 7   9  1 15009 1776 1.5 51 33 33 36 90% 268464 27315 70%
c -  2.48  0 36 8   9  1 15726  745 1.5 51 33 33 36 90% 268464 27315 70%
c s  3.05  0 35 8  12  1 19724 2454 1.5 50 33 33 36 90% 268391 27315 70%
c e  3.10  0 35 8  12  1 19724 2450 1.5 50 33 33 36 90% 268312 27292 70%
c s  3.11  0 35 8  12  1 19724 2446 1.5 50 33 33 36 90% 268240 27292 70%
c e  3.14  0 35 8  12  1 19724 2445 1.5 50 33 33 36 90% 268160 27271 70%
c -  3.21  0 35 9  12  1 20205  883 1.5 49 33 33 36 90% 268160 27271 70%
c 2  3.22  0 35 9  12  1 20205  882 1.5 49 33 33 36 90% 268160 27271 70%
c W  3.47  0 35 9  13  1 21011 1240 1.5 49 33 33 36 90% 268160 27271 70%
c -  3.94  0 35 10  14  1 25282 1049 1.5 48 33 32 35 89% 268160 27271 70%
c u  3.96  0 35 10  14  1 25282 1049 1.5 48 33 32 35 89% 268160 27271 70%
c w  3.97  0 35 10  14  1 25282 1045 1.5 48 33 32 35 89% 268160 27271 70%
c #  4.31  0 35 10  14  1 28012 2492 1.5 48 33 32 35 89% 268160 27271 70%
c -  4.69  0 35 11  14  1 30959 1339 1.5 49 33 32 35 89% 268160 27271 70%
c B  5.35  0 34 11  17  1 36014 4051 1.5 48 32 32 35 89% 268160 27271 70%
c -  5.51  0 34 12  17  1 37241 1370 1.5 47 32 32 35 89% 268160 27271 70%
c s  5.90  0 34 12  20  1 39510 2306 1.5 47 32 31 34 89% 268074 27271 70%
c e  5.92  0 34 12  20  1 39510 2306 1.5 47 32 31 34 89% 268060 27266 70%
c s  5.93  0 34 12  20  1 39510 2301 1.5 47 32 31 34 89% 268032 27266 70%
c
c  seconds  reductions  conflicts       size    tier2         variables
c         MB     restarts    redundant     glue     trail          remaining
c          level      rate        size/glue  tier1    irredundant
c
c e  5.95  0 34 12  20  1 39510 2301 1.5 47 32 31 34 89% 268011 27258 70%
c -  6.52  0 33 13  21  1 44132 1352 1.5 46 32 31 34 89% 268011 27258 70%
c u  6.55  0 33 13  21  1 44132 1352 1.5 46 32 31 34 89% 268011 27258 70%
c w  6.56  0 33 13  21  1 44132 1348 1.5 46 32 31 34 89% 268011 27258 70%
c W  6.90  0 33 13  21  1 45015 1773 1.5 46 32 31 34 89% 268011 27258 70%
c -  7.72  0 33 14  26  1 51632 1494 1.4 45 31 31 34 89% 268011 27258 70%
c O  8.15  0 33 14  28  1 55016 3156 1.4 45 31 31 34 89% 268011 27258 70%
c -  8.82  0 32 15  29  1 59745 1555 1.4 44 31 31 34 88% 268011 27258 70%
c p  8.83  0 32 15  29  1 59745 1560 1.4 44 31 31 34 88% 268011 27258 70%
c s  9.64  0 32 15  29  1 65893 4913 1.4 43 31 31 34 88% 267977 27258 70%
c e  9.66  0 32 15  29  1 65893 4913 1.4 43 31 31 34 88% 267975 27257 70%
c s  9.67  0 32 15  29  1 65893 4910 1.4 43 31 31 34 88% 267961 27257 70%
c e  9.68  0 32 15  29  1 65893 4908 1.4 43 31 31 34 88% 267955 27255 70%
c B  9.71  0 32 15  29  1 66017 4970 1.4 43 31 31 34 88% 267955 27255 70%
c - 10.05  0 32 16  30  1 68471 1758 1.4 43 30 31 34 88% 267955 27255 70%
c p 10.05  0 32 16  30  1 68471 1803 1.4 43 30 31 34 88% 267955 27255 70%
c u 10.08  0 32 16  30  1 68471 1802 1.4 43 30 31 34 88% 267955 27255 70%
c w 10.09  0 32 16  30  1 68471 1776 1.4 43 30 31 34 88% 267955 27255 70%
c - 11.31  0 32 17  30  1 77811 1914 1.4 43 30 28 32 88% 267954 27255 70%
c p 11.32  0 32 17  30  1 77811 1942 1.4 43 30 28 32 88% 267954 27255 70%
c
c  seconds  reductions  conflicts       size    tier2         variables
c         MB     restarts    redundant     glue     trail          remaining
c          level      rate        size/glue  tier1    irredundant
c
c W 11.91  0 32 17  30  1 78019 2041 1.4 43 30 28 32 88% 267954 27255 70%
c - 13.09  0 32 18  34  1 87768 1867 1.4 42 30 28 32 88% 267954 27255 70%
c p 13.09  0 32 18  34  1 87768 1906 1.4 42 30 28 32 88% 267954 27255 70%
c u 13.12  0 32 18  34  1 87768 1906 1.4 42 30 28 32 88% 267954 27255 70%
c w 13.14  0 32 18  34  1 87768 1883 1.4 42 30 28 32 88% 267954 27255 70%
c I 13.57  0 32 18  36  1 91022 3527 1.4 42 30 28 32 88% 267954 27255 70%
c - 14.61  0 31 19  40  1 98346 1949 1.4 41 30 28 32 88% 267954 27255 70%
c p 14.61  0 31 19  40  1 98346 2034 1.4 41 30 28 32 88% 267954 27255 70%
c s 14.71  0 31 19  40  1 98867 1963 1.4 41 29 28 32 88% 267942 27255 70%
c e 14.73  0 31 19  40  1 98867 1963 1.4 41 29 28 32 88% 267937 27253 70%
c s 14.73  0 31 19  40  1 98867 1899 1.4 41 29 28 32 88% 267930 27253 70%
c e 14.74  0 31 19  40  1 98867 1898 1.4 41 29 28 32 88% 267924 27251 70%
c B 15.60  0 31 19  44  1 105023 4774 1.4 40 29 28 32 88% 267924 27251 70%
c - 16.22  0 30 20  45  1 109542 1941 1.4 40 29 28 32 88% 267924 27251 70%
c p 16.24  0 30 20  45  1 109542 2021 1.4 40 29 28 32 88% 267924 27251 70%
c w 16.29  0 30 20  45  1 109542 1973 1.4 40 29 28 32 88% 267924 27251 70%
c W 18.21  0 30 20  48  1 120026 6770 1.4 40 29 28 32 88% 267924 27251 70%
c - 18.38  0 30 21  49  1 121360 2042 1.4 40 29 28 32 88% 267924 27251 70%
c p 18.39  0 30 21  49  1 121360 2117 1.4 40 29 28 32 88% 267924 27251 70%
c - 19.92  0 31 22  56  1 133798 2314 1.4 40 29 28 32 88% 267924 27251 70%
c
c  seconds  reductions  conflicts        size    tier2         variables
c         MB     restarts     redundant     glue     trail          remaining
c          level      rate         size/glue  tier1    irredundant
c
c p 19.92  0 31 22  56  1 133798 2378 1.4 40 29 28 32 88% 267924 27251 70%
c w 19.96  0 31 22  56  1 133798 2352 1.4 40 29 28 32 88% 267924 27251 70%
c F 20.27  0 31 22  58  1 136028 3417 1.4 40 29 28 32 88% 267924 27251 70%
c s 20.59  0 31 22  59  1 138439 4618 1.4 40 29 26 31 88% 267917 27251 70%
c e 20.61  0 31 22  59  1 138439 4618 1.4 40 29 26 31 88% 267915 27250 70%
c s 20.61  0 31 22  59  1 138439 4610 1.4 40 29 26 31 88% 267909 27250 70%
c e 20.63  0 31 22  59  1 138439 4610 1.4 40 29 26 31 88% 267903 27248 70%
c - 21.80  0 31 23  60  1 146855 2402 1.4 40 29 26 31 88% 267903 27248 70%
c p 21.81  0 31 23  60  1 146855 2473 1.4 40 29 26 31 88% 267903 27248 70%
c B 22.77  0 31 23  61  1 153029 5516 1.4 40 30 26 31 88% 267903 27248 70%
c - 23.79  0 31 24  61  1 160536 2488 1.4 41 30 26 31 88% 267903 27248 70%
c p 23.80  0 31 24  61  1 160536 2584 1.4 41 30 26 31 88% 267903 27248 70%
c u 23.83  0 31 24  61  1 160536 2583 1.4 41 30 26 31 88% 267903 27248 70%
c w 23.85  0 31 24  61  1 160536 2552 1.4 41 30 26 31 88% 267903 27248 70%
c W 25.94  0 31 24  62  1 171030 7790 1.4 41 30 26 31 88% 267903 27248 70%
c - 26.40  0 31 25  62  1 174838 2601 1.4 41 30 26 31 88% 267903 27248 70%
c p 26.41  0 31 25  62  1 174838 2733 1.4 41 30 26 31 88% 267903 27248 70%
c s 27.58  0 31 25  62  1 184607 7600 1.4 41 30 26 31 88% 267898 27248 70%
c e 27.60  0 31 25  62  1 184607 7600 1.4 41 30 26 31 88% 267896 27247 70%
c s 27.61  0 31 25  62  1 184607 7597 1.4 41 30 26 31 88% 267893 27247 70%
c
c  seconds  reductions  conflicts        size    tier2         variables
c         MB     restarts     redundant     glue     trail          remaining
c          level      rate         size/glue  tier1    irredundant
c
c e 27.62  0 31 25  62  1 184607 7517 1.4 41 30 26 31 88% 267887 27245 70%
c - 28.27  0 31 26  62  1 189765 2782 1.4 42 30 26 31 88% 267887 27245 70%
c p 28.28  0 31 26  62  1 189765 2887 1.4 42 30 26 31 88% 267887 27245 70%
c w 28.34  0 31 26  62  1 189765 2844 1.4 42 30 26 31 88% 267887 27245 70%
c # 28.38  0 31 26  62  1 190031 2984 1.4 42 30 26 31 88% 267887 27245 70%
c - 30.19  0 32 27  67  1 205316 3481 1.4 44 30 27 32 88% 267887 27245 70%
c p 30.19  0 32 27  67  1 205316 3654 1.4 44 30 27 32 88% 267887 27245 70%
c B 30.78  0 32 27  69  1 210033 6877 1.5 45 31 27 32 88% 267887 27245 70%
c - 32.09  0 32 28  76  1 221491 3615 1.5 45 31 27 32 88% 267887 27245 70%
c p 32.10  0 32 28  76  1 221491 3823 1.5 45 31 27 32 88% 267887 27245 70%
c w 32.16  0 32 28  76  1 221491 3795 1.5 45 31 27 32 88% 267887 27245 70%
c W 33.87  0 33 28  77  1 231034 9884 1.5 46 31 27 32 88% 267887 27245 70%
c s 34.58  0 33 28  81  1 237368 13146 1.5 46 31 27 32 88% 267885 27245 70%
c e 34.61  0 33 28  81  1 237368 13146 1.5 46 31 27 32 88% 267883 27244 70%
c s 34.62  0 33 28  81  1 237368 13139 1.5 46 31 27 32 88% 267881 27244 70%
c e 34.63  0 33 28  81  1 237368 13135 1.5 46 31 27 32 88% 267875 27242 70%
c - 34.76  0 33 29  82  1 238291 3560 1.5 46 31 27 32 88% 267875 27242 70%
c p 34.78  0 33 29  82  1 238291 3744 1.5 46 31 27 32 88% 267875 27242 70%
c O 36.57  0 33 29  90  1 253035 11471 1.5 46 31 27 32 88% 267875 27242 70%
c - 36.88  0 33 30  91  1 255717 3394 1.5 46 31 27 32 88% 267875 27242 70%
c
c  seconds  reductions  conflicts        size    tier2         variables
c         MB     restarts     redundant     glue     trail          remaining
c          level      rate         size/glue  tier1    irredundant
c
c p 36.89  0 33 30  91  1 255717 3568 1.5 46 31 27 32 88% 267875 27242 70%
c w 37.11  0 33 30  91  1 255717 3522 1.5 46 31 27 32 88% 267875 27242 70%
c - 39.14  0 32 31  93  1 273769 3905 1.5 46 31 27 32 88% 267873 27242 70%
c p 39.15  0 32 31  93  1 273769 4134 1.5 46 31 27 32 88% 267873 27242 70%
c w 39.20  0 32 31  93  1 273769 4110 1.5 46 31 27 32 88% 267873 27242 70%
c B 39.48  0 32 31  93  1 276038 5327 1.5 46 31 27 32 88% 267873 27242 70%
c - 41.50  0 33 32 100  1 292448 4500 1.5 48 31 27 32 88% 267873 27242 70%
c p 41.50  0 33 32 100  1 292448 4674 1.5 48 31 27 32 88% 267873 27242 70%
c w 41.55  0 33 32 100  1 292448 4650 1.5 48 31 27 32 88% 267873 27242 70%
c s 42.11  0 33 32 102  1 296726 7292 1.5 48 31 27 32 88% 267873 27242 70%
c e 42.13  0 33 32 102  1 296726 7292 1.5 48 31 27 32 88% 267867 27240 70%
c s 42.14  0 33 32 102  1 296726 7284 1.5 48 31 27 32 88% 267866 27240 70%
c W 43.39  0 33 32 104  1 300039 9051 1.5 48 31 27 32 88% 267866 27240 70%
c - 44.93  0 33 33 108  1 311754 4007 1.5 48 31 27 32 88% 267866 27240 70%
c p 44.94  0 33 33 108  1 311754 4204 1.5 48 31 27 32 88% 267866 27240 70%
c w 44.99  0 33 33 108  1 311754 4178 1.5 48 31 27 32 88% 267866 27240 70%
c I 46.65  0 33 33 115  1 325043 11409 1.5 48 31 27 32 88% 267866 27240 70%
c - 47.47  0 33 34 118  1 331684 3764 1.5 47 31 27 32 88% 267866 27240 70%
c p 47.48  0 33 34 118  1 331684 3969 1.5 47 31 27 32 88% 267866 27240 70%
c w 47.53  0 33 34 118  1 331684 3907 1.5 47 31 27 32 88% 267866 27240 70%
c
c  seconds  reductions  conflicts         size    tier2         variables
c         MB     restarts      redundant     glue     trail          remaining
c          level      rate          size/glue  tier1    irredundant
c
c B 49.88  0 32 34 124  1 351045 13252 1.5 45 30 27 32 88% 267866 27240 70%
c - 50.06  0 31 35 124  1 352243 3546 1.5 44 30 27 32 88% 267866 27240 70%
c p 50.07  0 31 35 124  1 352243 3743 1.5 44 30 27 32 88% 267866 27240 70%
c w 50.11  0 31 35 124  1 352243 3733 1.5 44 30 27 32 88% 267866 27240 70%
c s 51.42  0 31 35 124  1 362681 8438 1.5 44 30 27 32 88% 267857 27240 70%
c e 51.45  0 31 35 124  1 362681 8438 1.5 44 30 27 32 88% 267850 27236 70%
c s 51.45  0 31 35 124  1 362681 8388 1.5 44 30 27 32 88% 267845 27236 70%
c - 52.89  0 31 36 125  1 373435 3619 1.5 44 30 27 32 88% 267845 27236 70%
c p 52.89  0 31 36 125  1 373435 3765 1.5 44 30 27 32 88% 267845 27236 70%
c w 52.95  0 31 36 125  1 373435 3722 1.5 44 30 27 32 88% 267845 27236 70%
c W 54.23  0 31 36 125  1 378048 6258 1.5 44 30 27 32 88% 267845 27236 70%
c - 56.22  0 32 37 125  1 395251 4039 1.5 44 30 27 32 88% 267845 27236 70%
c p 56.23  0 32 37 125  1 395251 4313 1.5 44 30 27 32 88% 267845 27236 70%
c w 56.29  0 32 37 125  1 395251 4282 1.5 44 30 27 32 88% 267845 27236 70%
c F 57.56  0 32 37 126  1 406049 11447 1.5 45 30 26 32 88% 267845 27236 70%
c - 58.82  0 32 38 126  1 417695 4401 1.5 45 30 26 32 88% 267845 27236 70%
c p 58.83  0 32 38 126  1 417695 4730 1.5 45 30 26 32 88% 267845 27236 70%
c w 59.09  0 32 38 126  1 417695 4691 1.5 45 30 26 32 88% 267845 27236 70%
c B 61.02  0 32 38 126  1 435050 13217 1.5 45 30 26 32 88% 267845 27236 70%
c s 61.06  0 32 38 126  1 435234 13094 1.5 45 30 26 32 88% 267840 27236 70%
c
c  seconds  reductions  conflicts         size    tier2         variables
c         MB     restarts      redundant     glue     trail          remaining
c          level      rate          size/glue  tier1    irredundant
c
c s 61.09  0 32 38 126  1 435234 13077 1.5 45 30 26 32 88% 267839 27236 70%
c - 61.80  0 32 39 126  1 440766 3880 1.5 45 30 26 32 88% 267839 27236 70%
c p 61.81  0 32 39 126  1 440766 4165 1.5 45 30 26 32 88% 267839 27236 70%
c w 61.87  0 32 39 126  1 440766 4144 1.5 45 30 26 32 88% 267839 27236 70%
c - 64.75  0 31 40 126  1 464464 4353 1.5 44 30 26 32 88% 267839 27236 70%
c p 64.76  0 31 40 126  1 464464 4666 1.5 44 30 26 32 88% 267839 27236 70%
c w 64.82  0 31 40 126  1 464464 4628 1.5 44 30 26 32 88% 267839 27236 70%
c W 65.92  0 31 40 126  1 465052 4978 1.5 44 30 26 32 88% 267839 27236 70%
c - 68.65  0 31 41 140  1 488790 4214 1.5 44 30 26 32 88% 267839 27236 70%
c p 68.66  0 31 41 140  1 488790 4501 1.5 44 30 26 32 88% 267839 27236 70%
c w 68.71  0 31 41 140  1 488790 4481 1.5 44 30 26 32 88% 267839 27236 70%
c # 69.64  0 31 41 141  1 496053 8133 1.5 44 30 26 32 88% 267830 27236 70%
c - 71.62  0 32 42 151  1 513746 4825 1.5 45 30 26 32 88% 267830 27236 70%
c p 71.63  0 32 42 151  1 513746 5099 1.5 45 30 26 32 88% 267830 27236 70%
c w 71.69  0 32 42 151  1 513746 5021 1.5 45 30 26 32 88% 267830 27236 70%
c s 71.79  0 32 42 151  1 514382 5326 1.5 45 30 26 32 88% 267828 27236 70%
c e 71.81  0 32 42 151  1 514382 5326 1.5 45 30 26 32 88% 267824 27235 70%
c s 71.81  0 32 42 151  1 514382 5312 1.5 45 30 26 32 88% 267824 27235 70%
c B 73.37  0 32 42 156  1 528054 13328 1.5 46 30 26 32 88% 267824 27235 70%
c - 74.73  0 32 43 157  1 539332 4770 1.5 45 30 26 32 88% 267824 27235 70%
c
c  seconds  reductions  conflicts        size    tier2         variables
c         MB     restarts     redundant     glue     trail          remaining
c          level      rate         size/glue  tier1    irredundant
c
c p 74.74  0 32 43 157  1 539332 5036 1.5 45 30 26 32 88% 267824 27235 70%
c w 74.81  0 32 43 157  1 539332 4973 1.5 45 30 26 32 88% 267824 27235 70%
c W 78.18  0 32 43 164  1 561056 16515 1.5 45 30 26 32 88% 267824 27235 70%
c - 78.73  0 32 44 168  1 565545 4826 1.5 45 30 26 32 88% 267824 27235 70%
c p 78.74  0 32 44 168  1 565545 5031 1.5 45 30 26 32 88% 267824 27235 70%
c w 78.81  0 32 44 168  1 565545 4987 1.5 45 30 26 32 88% 267824 27235 70%
c - 81.75  0 32 45 179  1 592388 5113 1.5 46 31 26 32 88% 267824 27235 70%
c p 81.76  0 32 45 179  1 592388 5402 1.5 46 31 26 32 88% 267824 27235 70%
c w 81.83  0 32 45 179  1 592388 5387 1.5 46 31 26 32 88% 267824 27235 70%
c O 82.13  0 32 45 180  1 595060 6958 1.5 46 31 26 32 88% 267824 27235 70%
c - 84.94  0 32 46 188  1 619864 5011 1.5 44 30 26 32 88% 267824 27235 70%
c p 84.95  0 32 46 188  1 619864 5508 1.5 44 30 26 32 88% 267824 27235 70%
c w 85.02  0 32 46 188  1 619864 5473 1.5 44 30 26 32 88% 267824 27235 70%
c B 86.19  0 32 46 188  1 630063 12085 1.5 45 30 26 32 88% 267824 27235 70%
c - 88.29  0 32 47 189  1 647966 5359 1.5 44 30 26 32 88% 267824 27235 70%
c p 88.31  0 32 47 189  1 647966 5774 1.5 44 30 26 32 88% 267824 27235 70%
c w 88.65  0 32 47 189  1 647966 5681 1.5 44 30 26 32 88% 267824 27235 70%
c W 92.10  0 32 47 190  1 666064 14628 1.5 44 30 26 32 88% 267824 27235 70%
c - 93.34  0 32 48 196  1 676700 4874 1.4 43 30 26 32 88% 267824 27235 70%
c p 93.35  0 32 48 196  1 676700 5181 1.4 43 30 26 32 88% 267824 27235 70%
c
c  seconds  reductions  conflicts        size    tier2         variables
c         MB     restarts     redundant     glue     trail          remaining
c          level      rate         size/glue  tier1    irredundant
c
c w 93.40  0 32 48 196  1 676700 5151 1.4 43 30 26 32 88% 267824 27235 70%
c I 96.83  0 31 48 208  1 703067 19016 1.4 43 30 26 32 88% 267824 27235 70%
c - 97.25  0 31 49 210  1 706065 5064 1.4 42 30 26 32 88% 267824 27235 70%
c p 97.27  0 31 49 210  1 706065 5472 1.4 42 30 26 32 88% 267824 27235 70%
c w 97.34  0 31 49 210  1 706065 5386 1.4 42 30 26 32 88% 267824 27235 70%
c - 100.84  0 30 50 220  1 736058 5425 1.5 42 29 26 32 88% 267824 27235 70%
c p 100.85  0 30 50 220  1 736058 5696 1.5 42 29 26 32 88% 267824 27235 70%
c w 100.92  0 30 50 220  1 736058 5661 1.5 42 29 26 32 88% 267824 27235 70%
c B 101.52  0 30 50 220  1 741069 8312 1.5 42 28 26 32 88% 267824 27235 70%
c - 104.39  0 31 51 232  1 766682 5320 1.5 42 29 26 32 88% 267824 27235 70%
c p 104.40  0 31 51 232  1 766682 5573 1.5 42 29 26 32 88% 267824 27235 70%
c w 104.47  0 31 51 232  1 766682 5515 1.5 42 29 26 32 88% 267824 27235 70%
c W 107.17  0 31 51 235  1 780070 12473 1.5 42 29 26 32 88% 267824 27235 70%
c - 109.14  0 31 52 245  1 797937 5781 1.5 43 30 26 32 88% 267824 27235 70%
c p 109.15  0 31 52 245  1 797937 6154 1.5 43 30 26 32 88% 267824 27235 70%
c w 109.23  0 31 52 245  1 797937 6104 1.5 43 30 26 32 88% 267824 27235 70%
c F 111.77  0 31 52 251  1 820071 19702 1.5 44 30 26 32 88% 267824 27235 70%
c - 113.00  0 31 53 251  1 829825 6294 1.5 44 30 26 32 88% 267824 27235 70%
c p 113.01  0 31 53 251  1 829825 6812 1.5 44 30 26 32 88% 267824 27235 70%
c w 113.09  0 31 53 251  1 829825 6756 1.5 44 30 26 32 88% 267824 27235 70%
c
c  seconds   reductions  conflicts         size    tier2         variables
c          MB     restarts      redundant     glue     trail          remaining
c           level      rate          size/glue  tier1    irredundant
c
c B 116.67  0 31 53 252  1 861072 24053 1.5 43 29 25 31 88% 267824 27235 70%
c - 116.83  0 31 54 252  1 862341 6059 1.5 43 29 25 31 88% 267824 27235 70%
c p 116.85  0 31 54 252  1 862341 6512 1.5 43 29 25 31 88% 267824 27235 70%
c w 116.93  0 31 54 252  1 862341 6461 1.5 43 29 25 31 88% 267824 27235 70%
c - 120.86  0 31 55 253  1 895488 6003 1.5 42 29 25 31 88% 267824 27235 70%
c p 120.87  0 31 55 253  1 895488 6423 1.5 42 29 25 31 88% 267824 27235 70%
c w 120.95  0 31 55 253  1 895488 6366 1.5 42 29 25 31 88% 267824 27235 70%
c W 123.42  0 30 55 253  1 903075 10593 1.5 42 29 25 31 88% 267824 27235 70%
c - 126.29  0 30 56 253  1 929266 6394 1.5 43 29 25 31 88% 267824 27235 70%
c p 126.31  0 30 56 253  1 929266 6807 1.5 43 29 25 31 88% 267824 27235 70%
c w 126.37  0 30 56 253  1 929266 6774 1.5 43 29 25 31 88% 267824 27235 70%
c s 126.41  0 30 56 253  1 929266 6507 1.5 43 29 25 31 88% 267822 27235 70%
c s 126.44  0 30 56 253  1 929266 6477 1.5 43 29 25 31 88% 267822 27235 70%
c # 128.26  0 31 56 254  1 946076 15689 1.5 42 29 25 31 88% 267822 27235 70%
c - 130.52  0 31 57 254  1 963677 7168 1.6 46 29 25 31 88% 267822 27235 70%
c p 130.54  0 31 57 254  1 963677 7485 1.6 46 29 25 31 88% 267822 27235 70%
c w 130.98  0 31 57 254  1 963677 7404 1.6 46 29 25 31 88% 267822 27235 70%
c B 134.21  0 31 57 254  1 990078 21930 1.6 46 29 25 31 88% 267822 27235 70%
c - 135.27  0 31 58 254  1 998717 6646 1.6 46 29 25 31 88% 267822 27235 70%
c p 135.28  0 31 58 254  1 998717 7047 1.6 46 29 25 31 88% 267822 27235 70%
c
c  seconds   reductions  conflicts        size    tier2         variables
c          MB     restarts     redundant     glue     trail          remaining
c           level      rate         size/glue  tier1    irredundant
c
c w 135.38  0 31 58 254  1 998717 6954 1.6 46 29 25 31 88% 267822 27235 70%
c - 139.50  0 31 59 254  1 1034389 6434 1.5 45 29 25 31 88% 267822 27235 70%
c p 139.51  0 31 59 254  1 1034389 6905 1.5 45 29 25 31 88% 267822 27235 70%
c w 139.61  0 31 59 254  1 1034389 6775 1.5 45 29 25 31 88% 267822 27235 70%
c W 141.03  0 31 59 254  1 1035079 7165 1.5 45 29 25 31 88% 267822 27235 70%
c - 145.11  0 31 60 259  1 1070694 6682 1.5 45 29 25 31 88% 267822 27235 70%
c p 145.13  0 31 60 259  1 1070694 7109 1.5 45 29 25 31 88% 267822 27235 70%
c w 145.23  0 31 60 259  1 1070694 7002 1.5 45 29 25 31 88% 267822 27235 70%
c O 146.43  0 31 60 264  1 1081080 13732 1.5 45 29 25 31 88% 267822 27235 70%
c - 149.44  0 31 61 276  1 1107631 7225 1.5 44 29 25 31 88% 267822 27235 70%
c p 149.46  0 31 61 276  1 1107631 7638 1.5 44 29 25 31 88% 267822 27235 70%
c w 149.56  0 31 61 276  1 1107631 7556 1.5 44 29 25 31 88% 267822 27235 70%
c B 151.83  0 32 61 284  1 1128081 19101 1.5 44 30 25 31 88% 267822 27235 70%
c - 154.28  0 32 62 285  1 1145199 7045 1.5 44 30 25 31 88% 267822 27235 70%
c p 154.30  0 32 62 285  1 1145199 7351 1.5 44 30 25 31 88% 267822 27235 70%
c u 154.34  0 32 62 285  1 1145199 7349 1.5 44 30 25 31 88% 267822 27235 70%
c w 154.40  0 32 62 285  1 1145199 7311 1.5 44 30 25 31 88% 267822 27235 70%
c W 159.92  0 32 62 300  1 1176084 25147 1.5 44 30 25 31 88% 267822 27235 70%
c - 160.73  0 32 63 303  1 1183398 7110 1.5 44 30 25 31 88% 267822 27235 70%
c p 160.75  0 32 63 303  1 1183398 7409 1.5 44 30 25 31 88% 267822 27235 70%
c
c  seconds   reductions   conflicts        size    tier2         variables
c          MB     restarts      redundant     glue     trail          remaining
c           level      rate          size/glue  tier1    irredundant
c
c w 160.83  0 32 63 303  1 1183398 7327 1.5 44 30 25 31 88% 267822 27235 70%
c - 165.23  0 32 64 316  1 1222229 7535 1.5 46 30 25 31 88% 267822 27235 70%
c p 165.25  0 32 64 316  1 1222229 7949 1.5 46 30 25 31 88% 267822 27235 70%
c w 165.34  0 32 64 316  1 1222229 7924 1.5 46 30 25 31 88% 267822 27235 70%
c I 165.70  0 32 64 316  1 1225085 9521 1.5 46 30 25 31 88% 267822 27235 70%
c - 169.95  0 31 65 317  1 1261692 7310 1.5 44 29 25 31 88% 267822 27235 70%
c p 169.96  0 31 65 317  1 1261692 7855 1.5 44 29 25 31 88% 267822 27235 70%
c w 170.04  0 31 65 317  1 1261692 7782 1.5 44 29 25 31 88% 267822 27235 70%
c s 170.09  0 31 65 317  1 1261692 7119 1.5 44 29 25 31 88% 267816 27235 70%
c e 170.11  0 31 65 317  1 1261692 7119 1.5 44 29 25 31 88% 267808 27233 70%
c s 170.12  0 31 65 317  1 1261692 7030 1.5 44 29 25 31 88% 267806 27233 70%
c B 171.78  0 31 65 324  1 1275087 14056 1.5 43 29 25 31 88% 267806 27233 70%
c - 174.86  0 31 66 336  1 1301790 6883 1.5 43 29 25 31 88% 267806 27233 70%
c p 174.88  0 31 66 336  1 1301790 7380 1.5 43 29 25 31 88% 267806 27233 70%
c w 174.97  0 31 66 336  1 1301790 7309 1.5 43 29 25 31 88% 267806 27233 70%
c W 179.46  0 31 66 347  1 1326088 20609 1.5 43 29 25 31 88% 267806 27233 70%
c - 181.11  0 32 67 348  1 1342517 7150 1.5 44 30 25 31 88% 267806 27233 70%
c p 181.12  0 32 67 348  1 1342517 7564 1.5 44 30 25 31 88% 267806 27233 70%
c w 181.21  0 32 67 348  1 1342517 7483 1.5 44 30 25 31 88% 267806 27233 70%
c F 184.91  0 32 67 363  1 1378089 25961 1.5 44 30 25 31 88% 267806 27233 70%
c
c  seconds   reductions   conflicts        size    tier2         variables
c          MB     restarts      redundant     glue     trail          remaining
c           level      rate          size/glue  tier1    irredundant
c
c - 185.63  0 32 68 366  1 1383876 7168 1.5 44 30 25 31 88% 267806 27233 70%
c p 185.65  0 32 68 366  1 1383876 7577 1.5 44 30 25 31 88% 267806 27233 70%
c w 186.11  0 32 68 366  1 1383876 7493 1.5 44 30 25 31 88% 267806 27233 70%
c - 191.08  0 30 69 379  1 1425868 7387 1.5 42 29 25 31 88% 267806 27233 70%
c p 191.09  0 30 69 379  1 1425868 7733 1.5 42 29 25 31 88% 267806 27233 70%
c w 191.19  0 30 69 379  1 1425868 7579 1.5 42 29 25 31 88% 267806 27233 70%
c B 191.81  0 30 69 380  1 1431092 10442 1.5 42 29 25 31 88% 267806 27233 70%
c - 196.55  0 30 70 381  1 1468493 7540 1.5 43 29 25 31 88% 267806 27233 70%
c p 196.57  0 30 70 381  1 1468493 8060 1.5 43 29 25 31 88% 267806 27233 70%
c w 196.67  0 30 70 381  1 1468493 7874 1.5 43 29 25 31 88% 267806 27233 70%
c W 200.65  0 30 70 381  1 1485094 17111 1.5 43 29 25 31 88% 267806 27233 70%
c - 203.95  0 30 71 381  1 1511750 7678 1.5 42 28 25 31 88% 267806 27233 70%
c p 203.97  0 30 71 381  1 1511750 8278 1.5 42 28 25 31 88% 267806 27233 70%
c w 204.07  0 30 71 381  1 1511750 8145 1.5 42 28 25 31 88% 267806 27233 70%
c # 207.28  0 30 71 388  1 1540095 24936 1.5 43 28 24 31 88% 267806 27233 70%
c - 209.17  0 30 72 396  1 1555642 8090 1.5 42 28 24 31 88% 267806 27233 70%
c p 209.18  0 30 72 396  1 1555642 8621 1.5 42 28 24 31 88% 267806 27233 70%
c w 209.29  0 30 72 396  1 1555642 8542 1.5 42 28 24 31 88% 267806 27233 70%
c B 214.47  0 29 72 411  1 1596098 28914 1.5 41 28 24 31 88% 267806 27233 70%
c - 215.06  0 29 73 412  1 1600162 7662 1.5 41 28 24 31 88% 267806 27233 70%
c
c  seconds   reductions   conflicts        size    tier2         variables
c          MB     restarts      redundant     glue     trail          remaining
c           level      rate          size/glue  tier1    irredundant
c
c p 215.08  0 29 73 412  1 1600162 8185 1.5 41 28 24 31 88% 267806 27233 70%
c w 215.21  0 29 73 412  1 1600162 7942 1.5 41 28 24 31 88% 267806 27233 70%
c - 220.64  0 30 74 427  1 1645316 7986 1.5 42 29 24 31 88% 267806 27233 70%
c p 220.66  0 30 74 427  1 1645316 8331 1.5 42 29 24 31 88% 267806 27233 70%
c w 220.78  0 30 74 427  1 1645316 8062 1.5 42 29 24 31 88% 267806 27233 70%
c W 223.52  0 30 74 433  1 1653100 12313 1.5 42 29 24 31 88% 267806 27233 70%
c - 227.84  0 31 75 443  1 1691102 7956 1.5 43 30 24 31 88% 267806 27233 70%
c p 227.86  0 31 75 443  1 1691102 8249 1.5 43 30 24 31 88% 267806 27233 70%
c w 227.94  0 31 75 443  1 1691102 8125 1.5 43 30 24 31 88% 267806 27233 70%
c s 227.99  0 31 75 443  1 1691102 7677 1.5 43 30 24 31 88% 267801 27233 70%
c e 228.01  0 31 75 443  1 1691102 7677 1.5 43 30 24 31 88% 267799 27232 70%
c s 228.02  0 31 75 443  1 1691102 7646 1.5 43 30 24 31 88% 267796 27232 70%
c O 230.28  0 31 75 444  1 1711103 19519 1.5 44 30 24 31 88% 267796 27232 70%
c - 233.43  0 31 76 450  1 1737522 8420 1.5 43 29 24 31 88% 267796 27232 70%
c p 233.45  0 31 76 450  1 1737522 9105 1.5 43 29 24 31 88% 267796 27232 70%
c w 233.57  0 31 76 450  1 1737522 9065 1.5 43 29 24 31 88% 267796 27232 70%
c B 237.43  0 31 76 465  1 1770108 27658 1.5 44 29 24 31 88% 267796 27232 70%
c - 239.18  0 31 77 473  1 1784572 8824 1.5 44 30 24 31 88% 267796 27232 70%
c p 239.20  0 31 77 473  1 1784572 9372 1.5 44 30 24 31 88% 267796 27232 70%
c u 239.25  0 31 77 473  1 1784572 9371 1.5 44 30 24 31 88% 267796 27232 70%
c
c  seconds   reductions   conflicts        size    tier2         variables
c          MB     restarts      redundant     glue     trail          remaining
c           level      rate          size/glue  tier1    irredundant
c
c w 239.31  0 31 77 473  1 1784572 9291 1.5 44 30 24 31 88% 267796 27232 70%
c s 240.71  0 31 77 475  1 1796632 15121 1.5 44 30 24 31 88% 267796 27232 70%
c s 240.75  0 31 77 475  1 1796632 15105 1.5 44 30 24 31 88% 267796 27232 70%
c W 246.94  0 31 77 486  1 1830109 32903 1.5 43 29 24 31 88% 267796 27232 70%
c - 247.20  0 31 78 488  1 1832255 8359 1.5 43 29 24 31 88% 267796 27232 70%
c p 247.22  0 31 78 488  1 1832255 8851 1.5 43 29 24 31 88% 267796 27232 70%
c w 247.33  0 31 78 488  1 1832255 8757 1.5 43 29 24 31 88% 267796 27232 70%
c - 252.77  0 31 79 506  1 1880572 8590 1.5 43 30 24 31 88% 267796 27232 70%
c p 252.79  0 31 79 506  1 1880572 9058 1.5 43 30 24 31 88% 267796 27232 70%
c w 252.90  0 31 79 506  1 1880572 8980 1.5 43 30 24 31 88% 267796 27232 70%
c I 253.99  0 31 79 506  1 1891110 14653 1.5 43 30 24 31 88% 267796 27232 70%
c - 258.66  0 30 80 508  1 1929522 8546 1.4 42 29 24 31 88% 267796 27232 70%
c p 258.68  0 30 80 508  1 1929522 8885 1.4 42 29 24 31 88% 267796 27232 70%
c w 259.30  0 30 80 508  1 1929522 8590 1.4 42 29 24 31 88% 267796 27232 70%
c B 262.14  0 30 80 508  1 1953114 20748 1.4 41 29 24 31 88% 267796 27232 70%
c - 265.49  0 30 81 508  1 1979106 8437 1.4 40 28 24 31 88% 267796 27232 70%
c p 265.51  0 30 81 508  1 1979106 9079 1.4 40 28 24 31 88% 267796 27232 70%
c w 265.63  0 30 81 508  1 1979106 8970 1.4 40 28 24 31 88% 267796 27232 70%
c W 271.82  0 30 81 509  1 2016117 27951 1.4 40 29 24 31 88% 267796 27232 70%
c - 273.36  0 31 82 509  1 2029322 8596 1.4 41 29 24 31 88% 267796 27232 70%
c
c  seconds   reductions   conflicts        size    tier2         variables
c          MB     restarts      redundant     glue     trail          remaining
c           level      rate          size/glue  tier1    irredundant
c
c p 273.38  0 31 82 509  1 2029322 9090 1.4 41 29 24 31 88% 267796 27232 70%
c w 273.49  0 31 82 509  1 2029322 9040 1.4 41 29 24 31 88% 267796 27232 70%
c F 279.30  0 31 82 509  1 2080119 35985 1.4 43 30 24 31 88% 267796 27232 70%
c - 279.33  0 31 83 509  1 2080170 8890 1.4 43 30 24 31 88% 267796 27232 70%
c p 279.35  0 31 83 509  1 2080170 9282 1.4 43 30 24 31 88% 267796 27232 70%
c u 279.39  0 31 83 509  1 2080170 9281 1.4 43 30 24 31 88% 267796 27232 70%
c w 279.47  0 31 83 509  1 2080170 9177 1.4 43 30 24 31 88% 267796 27232 70%
c - 285.61  0 31 84 510  1 2131650 8184 1.4 42 30 24 31 88% 267796 27232 70%
c p 285.63  0 31 84 510  1 2131650 8664 1.4 42 30 24 31 88% 267796 27232 70%
c w 285.75  0 31 84 510  1 2131650 8547 1.4 42 30 24 31 88% 267796 27232 70%
c B 287.34  0 32 84 510  1 2145121 15593 1.4 42 30 24 31 88% 267796 27232 70%
c - 291.93  0 32 85 510  1 2183766 9327 1.4 44 30 24 31 88% 267796 27232 70%
c p 291.95  0 32 85 510  1 2183766 9657 1.4 44 30 24 31 88% 267796 27232 70%
c w 292.08  0 32 85 510  1 2183766 9540 1.4 44 30 24 31 88% 267796 27232 70%
c W 297.87  0 32 85 510  1 2211123 25517 1.5 44 30 24 31 88% 267796 27232 70%
c ] 299.39  0 32 85 510  1 2223340 32840 1.5 45 31 24 31 88% 267796 27232 70%
c ? 299.39  0 32 85 510  1 2223340 32840 1.5 45 31 24 31 88% 267796 27232 70%
c
c --- [ result ] -------------------------------------------------------------
c
c writing result to 'search-results/cadical-complete-cover-20260902/anchor-008-p0-s0.result'
c
c --- [ run-time profiling ] -------------------------------------------------
c
c process time taken by individual solving procedures
c (percentage relative to process time for solving)
c
c       288.91   96.51% search
c       264.07   88.21% stable
c        24.80    8.29% walk
c        10.44    3.49% simplify
c         3.93    1.31% vivify
c         2.12    0.71% sweep
c         1.23    0.41% backbone
c         0.67    0.22% elim
c         0.37    0.13% probe
c         0.36    0.12% subsume
c         0.29    0.10% ternary
c         0.24    0.08% congruence
c         0.04    0.01% lucky
c         0.04    0.01% parse
c   =================================
c       299.36   99.99% solve
c
c last line shows process time for solving
c (percentage relative to total process time)
c
c --- [ statistics ] ---------------------------------------------------------
c
c chronological:            258417        11.62 %  of conflicts
c conflicts:               2223340      7427.07    per second
c backbone:              115670298    297032.25 %  of vars
c decisions:               2417892      8076.98    per second
c eliminated:                 2854         7.33 %  of all variables
c fixed:                      8856        22.74 %  of all variables
c learned:                 2190858        98.54 %  per conflict
c learned_lits:         1136125044       100.00 %  learned literals
c minimized:                     0         0.00 %  learned literals
c shrunken:             1033635545        90.98 %  learned literals
c minishrunken:            7081631         0.62 %  learned literals
c otfs:                        986         0.04 %  of conflict
c propagations:         1208886726         4.04 M  per second
c reduced:                 1173597        52.79 %  per conflict
c rephased:                     66     33686.97    interval
c restarts:                    510      4359.49    interval
c subsumed:                 980751        38.90 %  of all clauses
c strengthened:              47123         1.87 %  of all clauses
c ticks:               16539296452        18.61    propagation
c vivified:                   5468         0.22 %  of all clauses
c walked:                       22    101060.91    interval
c weakened:                  13643         5.23    average size
c congruence:                   12    185278.33    interval
c
c seconds are measured in process time for solving
c
c --- [ glue usage ] ---------------------------------------------------------
c
c focused glue 2 used 0 clauses 0.000% accumulated 0.000% tier1
c focused glue 3 used 0 clauses 0.000% accumulated 0.000%
c focused glue 4 used 0 clauses 0.000% accumulated 0.000%
c focused glue 5 used 0 clauses 0.000% accumulated 0.000%
c focused glue 6 used 0 clauses 0.000% accumulated 0.000% tier2
c
c stable glue 24 used 388148 clauses 5.328% accumulated 51.20% tier1
c stable glue 25 used 394235 clauses 5.412% accumulated 56.62%
c stable glue 26-29 used 1570580 clauses 21.56% accumulated 78.18%
c stable glue 30 used 375329 clauses 5.152% accumulated 83.33%
c stable glue 31 used 344104 clauses 4.724% accumulated 88.06% tier2
c
c
c --- [ resources ] ----------------------------------------------------------
c
c total process time since initialization:       299.39    seconds
c total real time since initialization:          300.04    seconds
c maximum resident set size of process:          202.33    MB
c
c --- [ shutting down ] ------------------------------------------------------
c
c exit 0
