c --- [ banner ] -------------------------------------------------------------
c
c CaDiCaL SAT Solver
c Copyright (c) 2016-2026
c A. Biere, M. Fleury, N. Froleyks, K. Fazekas, F. Pollitt, T. Faller
c JKU Linz, University of Freiburg, TU Wien
c
c Version 3.0.1 c60730422e758ef1cebe7aeddf2dda31c996bf04
c Apple clang version 21.0.0 (clang-2100.1.1.101) -Wall -Wextra -O3 -DNDEBUG -DNCLOSEFROM
c Tue Sep 1 21:08:57 PDT 2026 Darwin retained-runner 25.6.0 arm64
c
c --- [ limit ] --------------------------------------------------------------
c
c setting time limit to 300 seconds real time (due to '-t 300')
c
c --- [ parsing input ] ------------------------------------------------------
c
c reading DIMACS file from 'search-results/cadical-complete-cover-20260902/cnf/anchor-008-p1-s1.cnf'
c opening file to read 'search-results/cadical-complete-cover-20260902/cnf/anchor-008-p1-s1.cnf'
c found 'p cnf 38942 364405' header
c parsed 364405 clauses in 0.04 seconds process time
c
c --- [ options ] ------------------------------------------------------------
c
c   --elimeffort=10                (different from default '1e3')
c   --stabilizeonly=true           (different from default 'false')
c   --subsumeeffort=60             (different from default '1e3')
c
c --- [ solving ] ------------------------------------------------------------
c
c time measured in process time since initialization
c
c  seconds  reduction conflicts       size tier2        variables
c         MB    restarts   redundant    glue  trail          remaining
c          level     rate       size/glu tier1  irredundant
c
c *  0.04  0  0 0   0  0    0    0 0.0 0 0 2 6  0% 289653 29946 77%
c )  0.06  0  0 0   0  0    0    0 0.0 0 0 2 6  0% 289653 29946 77%
c [  0.08  0  0 0   0  0    0    0 0.0 0 0 2 6  0% 289653 29946 77%
c -  0.13  0 39 1   0  1  300   45 1.2 45 37 2 6 98% 274587 29946 77%
c -  0.21  0 38 2   0  2  922  258 1.3 38 30 2 6 96% 274587 29946 77%
c I  0.22  0 38 2   0  2 1002  304 1.3 38 30 2 6 96% 274587 29946 77%
c -  0.35  0 38 3   1  1 2015  350 1.2 41 33 2 6 95% 274587 29946 77%
c t  0.53  0 38 3   2  1 2985  672 1.2 41 34 2 6 95% 274587 29946 77%
c B  0.56  0 38 3   2  1 3003  677 1.2 41 34 2 6 93% 274587 29946 77%
c -  0.63  0 38 4   2  1 3631  464 1.2 41 34 2 6 97% 274587 29946 77%
c -  0.84  0 37 5   4  1 5798  797 1.2 40 33 34 37 96% 274587 29946 77%
c W  0.92  0 37 5   4  1 6005  964 1.3 41 33 34 37 96% 274587 29946 77%
c s  1.00  0 37 5   5  1 6551 1255 1.3 43 33 33 36 96% 274587 29946 77%
c e  1.19  0 37 5   5  1 6551  510 1.3 43 33 33 36 96% 268825 27391 70%
c s  1.22  0 37 5   5  1 6551  507 1.3 43 33 33 36 96% 268726 27391 70%
c e  1.28  0 37 5   5  1 6551  503 1.3 43 33 33 36 96% 268506 27334 70%
c 2  1.53  0 37 5   5  1 8090 1714 1.4 47 33 33 37 94% 268506 27334 70%
c -  1.68  0 37 6   6  1 8538  666 1.4 47 33 33 37 94% 268506 27334 70%
c F  1.88  0 37 6   6  1 10007 1511 1.4 47 33 33 36 92% 268506 27334 70%
c -  2.16  0 36 7   6  1 11838  833 1.5 49 33 33 36 92% 268506 27334 70%
c
c  seconds  reductions conflicts       size    tier2         variables
c         MB    restarts    redundant     glue     trail          remaining
c          level     rate        size/glue  tier1    irredundant
c
c B  2.58  0 36 7   9  1 15008 2785 1.5 51 33 31 36 91% 268506 27334 70%
c -  2.68  0 36 8   9  1 15724  961 1.5 50 33 31 36 91% 268506 27334 70%
c s  3.23  0 35 8  12  1 19737 3124 1.5 49 33 31 36 90% 268408 27334 70%
c e  3.28  0 35 8  12  1 19737 3123 1.5 49 33 31 36 90% 268356 27317 70%
c s  3.29  0 35 8  12  1 19737 3122 1.5 49 33 31 36 90% 268295 27317 70%
c e  3.31  0 35 8  12  1 19737 3119 1.5 49 33 31 36 90% 268278 27311 70%
c -  3.39  0 35 9  12  1 20203 1013 1.5 49 33 31 36 90% 268278 27311 70%
c u  3.41  0 35 9  12  1 20203 1008 1.5 49 33 31 36 90% 268278 27311 70%
c w  3.42  0 35 9  12  1 20203  997 1.5 49 33 31 36 90% 268278 27311 70%
c W  3.70  0 35 9  13  1 21010 1474 1.5 49 33 31 36 90% 268278 27311 70%
c -  4.21  0 35 10  14  1 25278 1124 1.5 49 33 30 35 90% 268278 27311 70%
c #  4.55  0 35 10  14  1 28011 2618 1.5 48 33 30 35 90% 268278 27311 70%
c -  4.98  0 35 11  14  1 30955 1443 1.6 51 33 30 35 89% 268278 27311 70%
c B  5.66  0 35 11  17  1 36012 4322 1.6 51 33 30 35 89% 268278 27311 70%
c -  5.81  0 35 12  17  1 37237 1424 1.6 51 33 30 35 89% 268278 27311 70%
c s  6.19  0 35 12  19  1 39515 2698 1.6 51 33 30 34 89% 268213 27311 70%
c e  6.22  0 35 12  19  1 39515 2698 1.6 51 33 30 34 89% 268205 27308 70%
c s  6.23  0 35 12  19  1 39515 2695 1.6 51 33 30 34 89% 268187 27308 70%
c e  6.24  0 35 12  19  1 39515 2695 1.6 51 33 30 34 89% 268173 27303 70%
c -  6.77  0 35 13  21  1 44130 1369 1.5 50 33 30 34 89% 268173 27303 70%
c
c  seconds  reductions  conflicts       size    tier2         variables
c         MB     restarts    redundant     glue     trail          remaining
c          level      rate        size/glue  tier1    irredundant
c
c u  6.80  0 35 13  21  1 44130 1369 1.5 50 33 30 34 89% 268173 27303 70%
c w  6.82  0 35 13  21  1 44130 1333 1.5 50 33 30 34 89% 268173 27303 70%
c W  7.19  0 35 13  21  1 45013 1806 1.5 50 33 30 34 89% 268173 27303 70%
c -  8.06  0 35 14  26  1 51630 1699 1.5 50 33 30 34 89% 268173 27303 70%
c O  8.51  0 35 14  28  1 55015 3660 1.5 50 33 30 34 89% 268173 27303 70%
c -  9.20  0 34 15  29  1 59745 1672 1.5 49 32 30 34 89% 268173 27303 70%
c p  9.21  0 34 15  29  1 59745 1686 1.5 49 32 30 34 89% 268173 27303 70%
c s 10.12  0 34 15  29  1 65887 4446 1.5 47 32 30 34 89% 268146 27303 70%
c e 10.14  0 34 15  29  1 65887 4443 1.5 47 32 30 34 89% 268143 27302 70%
c s 10.15  0 34 15  29  1 65887 4413 1.5 47 32 30 34 89% 268136 27302 70%
c e 10.16  0 34 15  29  1 65887 4411 1.5 47 32 30 34 89% 268123 27297 70%
c B 10.19  0 34 15  29  1 66022 4456 1.5 47 32 30 34 89% 268123 27297 70%
c - 10.51  0 34 16  30  1 68472 1653 1.5 48 32 30 34 89% 268123 27297 70%
c p 10.51  0 34 16  30  1 68472 1691 1.5 48 32 30 34 89% 268123 27297 70%
c u 10.53  0 34 16  30  1 68472 1691 1.5 48 32 30 34 89% 268123 27297 70%
c w 10.55  0 34 16  30  1 68472 1678 1.5 48 32 30 34 89% 268123 27297 70%
c - 11.72  0 34 17  30  1 77815 1976 1.5 48 32 29 34 89% 268123 27297 70%
c p 11.73  0 34 17  30  1 77815 2004 1.5 48 32 29 34 89% 268123 27297 70%
c W 12.30  0 34 17  30  1 78023 2133 1.5 48 32 29 34 89% 268123 27297 70%
c - 13.52  0 34 18  34  1 87775 2130 1.5 48 32 29 34 89% 268123 27297 70%
c
c  seconds  reductions  conflicts       size    tier2         variables
c         MB     restarts    redundant     glue     trail          remaining
c          level      rate        size/glue  tier1    irredundant
c
c p 13.53  0 34 18  34  1 87775 2191 1.5 48 32 29 34 89% 268123 27297 70%
c w 13.57  0 34 18  34  1 87775 2175 1.5 48 32 29 34 89% 268123 27297 70%
c I 13.98  0 34 18  36  1 91026 4138 1.5 49 32 29 34 89% 268123 27297 70%
c - 14.96  0 33 19  40  1 98357 2168 1.5 47 32 29 34 89% 268123 27297 70%
c p 14.96  0 33 19  40  1 98357 2213 1.5 47 32 29 34 89% 268123 27297 70%
c s 15.05  0 33 19  40  1 98851 2290 1.5 47 31 29 34 89% 268106 27297 70%
c e 15.07  0 33 19  40  1 98851 2281 1.5 47 31 29 34 89% 268097 27294 70%
c s 15.08  0 33 19  40  1 98851 2254 1.5 47 31 29 34 89% 268091 27294 70%
c e 15.09  0 33 19  40  1 98851 2254 1.5 47 31 29 34 89% 268081 27290 70%
c B 15.94  0 33 19  44  1 105028 5951 1.5 46 31 29 34 89% 268081 27290 70%
c - 16.59  0 32 20  45  1 109555 2160 1.5 46 31 29 34 89% 268081 27290 70%
c p 16.60  0 32 20  45  1 109555 2227 1.5 46 31 29 34 89% 268081 27290 70%
c w 16.65  0 32 20  45  1 109555 2192 1.5 46 31 29 34 89% 268081 27290 70%
c W 18.50  0 32 20  48  1 120030 7271 1.5 44 30 29 34 89% 268081 27290 70%
c - 18.70  0 32 21  49  1 121372 2180 1.5 44 30 29 34 89% 268081 27290 70%
c p 18.71  0 32 21  49  1 121372 2302 1.5 44 30 29 34 89% 268081 27290 70%
c - 20.28  0 32 22  56  1 133812 2433 1.5 45 30 29 34 89% 268081 27290 70%
c p 20.29  0 32 22  56  1 133812 2495 1.5 45 30 29 34 89% 268081 27290 70%
c w 20.33  0 32 22  56  1 133812 2463 1.5 45 30 29 34 89% 268081 27290 70%
c F 20.63  0 32 22  58  1 136033 3720 1.5 45 30 29 34 89% 268080 27290 70%
c
c  seconds  reductions  conflicts        size    tier2         variables
c         MB     restarts     redundant     glue     trail          remaining
c          level      rate         size/glue  tier1    irredundant
c
c s 20.95  0 32 22  59  1 138406 3881 1.5 45 30 27 33 89% 268064 27290 70%
c e 20.98  0 32 22  59  1 138406 3881 1.5 45 30 27 33 89% 268061 27289 70%
c s 20.98  0 32 22  59  1 138406 3881 1.5 45 30 27 33 89% 268057 27289 70%
c e 20.99  0 32 22  59  1 138406 3879 1.5 45 30 27 33 89% 268047 27285 70%
c - 22.19  0 33 23  60  1 146873 2292 1.5 45 31 27 33 89% 268047 27285 70%
c p 22.20  0 33 23  60  1 146873 2377 1.5 45 31 27 33 89% 268047 27285 70%
c B 23.14  0 33 23  61  1 153034 5625 1.5 45 31 27 33 89% 268047 27285 70%
c - 24.15  0 33 24  61  1 160556 2609 1.5 46 31 27 33 89% 268047 27285 70%
c p 24.16  0 33 24  61  1 160556 2762 1.5 46 31 27 33 89% 268047 27285 70%
c w 24.21  0 33 24  61  1 160556 2724 1.5 46 31 27 33 89% 268047 27285 70%
c W 26.14  0 33 24  62  1 171035 8376 1.5 45 31 27 33 89% 268047 27285 70%
c - 26.63  0 33 25  62  1 174862 2742 1.4 46 31 27 33 89% 268047 27285 70%
c p 26.63  0 33 25  62  1 174862 2850 1.4 46 31 27 33 89% 268047 27285 70%
c s 27.85  0 33 25  62  1 184555 7941 1.4 46 32 27 33 89% 268035 27285 70%
c e 27.87  0 33 25  62  1 184555 7938 1.4 46 32 27 33 89% 268032 27284 70%
c s 27.88  0 33 25  62  1 184555 7931 1.4 46 32 27 33 89% 268031 27284 70%
c e 27.89  0 33 25  62  1 184555 7929 1.4 46 32 27 33 89% 268018 27279 70%
c - 28.53  0 33 26  62  1 189792 2779 1.4 45 32 27 33 89% 268018 27279 70%
c p 28.54  0 33 26  62  1 189792 3034 1.4 45 32 27 33 89% 268018 27279 70%
c w 28.60  0 33 26  62  1 189792 2986 1.4 45 32 27 33 89% 268018 27279 70%
c
c  seconds  reductions  conflicts        size    tier2         variables
c         MB     restarts     redundant     glue     trail          remaining
c          level      rate         size/glue  tier1    irredundant
c
c # 28.63  0 33 26  62  1 190036 3106 1.4 45 32 27 33 89% 268018 27279 70%
c - 30.49  0 33 27  67  1 205347 3076 1.4 46 32 28 34 89% 268018 27279 70%
c p 30.49  0 33 27  67  1 205347 3259 1.4 46 32 28 34 89% 268018 27279 70%
c B 31.03  0 34 27  69  1 210041 6151 1.4 46 32 28 34 89% 268018 27279 70%
c - 32.34  0 34 28  76  1 221526 3217 1.4 46 32 28 34 89% 268018 27279 70%
c p 32.34  0 34 28  76  1 221526 3422 1.4 46 32 28 34 89% 268018 27279 70%
c w 32.40  0 34 28  76  1 221526 3376 1.4 46 32 28 34 89% 268018 27279 70%
c W 34.08  0 34 28  77  1 231043 8726 1.4 46 32 28 34 89% 268018 27279 70%
c s 34.82  0 34 28  81  1 237299 12431 1.4 46 32 28 34 89% 268012 27279 70%
c s 34.85  0 34 28  81  1 237299 12421 1.4 46 32 28 34 89% 268010 27279 70%
c e 34.86  0 34 28  81  1 237299 12421 1.4 46 32 28 34 89% 268005 27277 70%
c - 35.01  0 34 29  82  1 238329 3350 1.5 46 32 28 34 89% 268005 27277 70%
c p 35.02  0 34 29  82  1 238329 3552 1.5 46 32 28 34 89% 268005 27277 70%
c O 36.76  0 34 29  90  1 253044 11143 1.4 46 32 28 34 89% 268005 27277 70%
c - 37.12  0 33 30  91  1 255758 3207 1.4 46 32 28 34 89% 268005 27277 70%
c p 37.13  0 33 30  91  1 255758 3437 1.4 46 32 28 34 89% 268005 27277 70%
c w 37.36  0 33 30  91  1 255758 3396 1.4 46 32 28 34 89% 268005 27277 70%
c - 39.60  0 33 31  93  1 273816 3321 1.4 45 31 28 33 89% 268001 27277 70%
c p 39.61  0 33 31  93  1 273816 3561 1.4 45 31 28 33 89% 268001 27277 70%
c w 39.66  0 33 31  93  1 273816 3373 1.4 45 31 28 33 89% 268001 27277 70%
c
c  seconds  reductions  conflicts        size    tier2         variables
c         MB     restarts     redundant     glue     trail          remaining
c          level      rate         size/glue  tier1    irredundant
c
c B 39.96  0 33 31  93  1 276047 4532 1.4 44 31 28 33 89% 268001 27277 70%
c - 42.02  0 33 32 100  1 292499 3830 1.5 46 31 28 33 89% 268001 27277 70%
c p 42.03  0 33 32 100  1 292499 4082 1.5 46 31 28 33 89% 268001 27277 70%
c w 42.08  0 33 32 100  1 292499 4070 1.5 46 31 28 33 89% 268001 27277 70%
c s 42.61  0 33 32 102  1 296637 6144 1.5 46 31 28 33 89% 268000 27277 70%
c e 42.63  0 33 32 102  1 296637 6144 1.5 46 31 28 33 89% 267998 27276 70%
c s 42.64  0 33 32 102  1 296637 6136 1.5 46 31 28 33 89% 267996 27276 70%
c e 42.65  0 33 32 102  1 296637 6136 1.5 46 31 28 33 89% 267994 27275 70%
c W 43.91  0 33 32 104  1 300049 7877 1.5 46 31 28 33 89% 267994 27275 70%
c - 45.42  0 33 33 108  1 311808 3484 1.4 46 31 28 33 89% 267994 27275 70%
c p 45.43  0 33 33 108  1 311808 3714 1.4 46 31 28 33 89% 267994 27275 70%
c w 45.48  0 33 33 108  1 311808 3695 1.4 46 31 28 33 89% 267994 27275 70%
c I 47.03  0 33 33 115  1 325050 10716 1.4 45 31 28 33 89% 267994 27275 70%
c - 47.89  0 33 34 118  1 331743 3745 1.5 45 31 28 33 89% 267994 27275 70%
c p 47.90  0 33 34 118  1 331743 3980 1.5 45 31 28 33 89% 267994 27275 70%
c w 47.95  0 33 34 118  1 331743 3937 1.5 45 31 28 33 89% 267994 27275 70%
c B 50.31  0 33 34 124  1 351052 14144 1.5 45 31 27 33 89% 267994 27275 70%
c - 50.47  0 33 35 124  1 352306 3740 1.5 45 31 27 33 89% 267994 27275 70%
c p 50.48  0 33 35 124  1 352306 3954 1.5 45 31 27 33 89% 267994 27275 70%
c w 50.53  0 33 35 124  1 352306 3928 1.5 45 31 27 33 89% 267994 27275 70%
c
c  seconds  reductions  conflicts        size    tier2         variables
c         MB     restarts     redundant     glue     trail          remaining
c          level      rate         size/glue  tier1    irredundant
c
c s 51.82  0 33 35 124  1 362568 9562 1.5 45 31 27 33 89% 267991 27275 70%
c s 51.85  0 33 35 124  1 362568 9552 1.5 45 31 27 33 89% 267991 27275 70%
c e 51.86  0 33 35 124  1 362568 9552 1.5 45 31 27 33 89% 267989 27274 70%
c - 53.27  0 33 36 125  1 373496 3928 1.5 45 31 27 33 89% 267989 27274 70%
c p 53.28  0 33 36 125  1 373496 4170 1.5 45 31 27 33 89% 267989 27274 70%
c w 53.33  0 33 36 125  1 373496 4148 1.5 45 31 27 33 89% 267989 27274 70%
c W 54.59  0 33 36 125  1 378054 6815 1.5 45 31 27 33 89% 267989 27274 70%
c - 56.62  0 33 37 125  1 395314 4348 1.5 46 31 27 33 89% 267989 27274 70%
c p 56.64  0 33 37 125  1 395314 4664 1.5 46 31 27 33 89% 267989 27274 70%
c u 56.67  0 33 37 125  1 395314 4663 1.5 46 31 27 33 89% 267989 27274 70%
c w 56.69  0 33 37 125  1 395314 4636 1.5 46 31 27 33 89% 267989 27274 70%
c F 57.86  0 33 37 126  1 406055 10498 1.5 46 31 27 33 89% 267989 27274 70%
c - 59.22  0 33 38 126  1 417761 4323 1.5 47 32 27 33 89% 267989 27274 70%
c p 59.22  0 33 38 126  1 417761 4588 1.5 47 32 27 33 89% 267989 27274 70%
c u 59.46  0 33 38 126  1 417761 4588 1.5 47 32 27 33 89% 267989 27274 70%
c w 59.48  0 33 38 126  1 417761 4571 1.5 47 32 27 33 89% 267989 27274 70%
c B 61.55  0 33 38 126  1 435056 14085 1.5 47 32 27 33 89% 267989 27274 70%
c s 61.56  0 33 38 126  1 435093 14095 1.5 47 32 27 33 89% 267988 27274 70%
c s 61.60  0 33 38 126  1 435093 14088 1.5 47 32 27 33 89% 267988 27274 70%
c e 61.61  0 33 38 126  1 435093 14086 1.5 47 32 27 33 89% 267986 27273 70%
c
c  seconds  reductions  conflicts        size    tier2         variables
c         MB     restarts     redundant     glue     trail          remaining
c          level      rate         size/glue  tier1    irredundant
c
c - 62.32  0 34 39 126  1 440838 4272 1.5 47 32 27 33 89% 267986 27273 70%
c p 62.34  0 34 39 126  1 440838 4560 1.5 47 32 27 33 89% 267986 27273 70%
c u 62.37  0 34 39 126  1 440838 4560 1.5 47 32 27 33 89% 267986 27273 70%
c w 62.39  0 34 39 126  1 440838 4522 1.5 47 32 27 33 89% 267986 27273 70%
c - 65.06  0 34 40 126  1 464543 4374 1.5 47 32 27 33 89% 267986 27273 70%
c p 65.07  0 34 40 126  1 464543 4610 1.5 47 32 27 33 89% 267986 27273 70%
c w 65.12  0 34 40 126  1 464543 4553 1.5 47 32 27 33 89% 267986 27273 70%
c W 66.12  0 34 40 126  1 465057 4889 1.5 47 32 27 33 89% 267986 27273 70%
c - 68.74  0 34 41 140  1 488876 4264 1.5 47 32 27 33 89% 267986 27273 70%
c p 68.76  0 34 41 140  1 488876 4527 1.5 47 32 27 33 89% 267986 27273 70%
c w 68.80  0 34 41 140  1 488876 4514 1.5 47 32 27 33 89% 267986 27273 70%
c # 69.65  0 34 41 141  1 496058 8277 1.5 47 32 27 33 89% 267982 27273 70%
c - 71.63  0 34 42 150  1 513838 4673 1.5 47 32 27 33 89% 267982 27273 70%
c p 71.64  0 34 42 150  1 513838 4935 1.5 47 32 27 33 89% 267982 27273 70%
c w 71.70  0 34 42 150  1 513838 4906 1.5 47 32 27 33 89% 267982 27273 70%
c s 71.76  0 34 42 151  1 514213 5128 1.5 47 32 27 33 89% 267982 27273 70%
c s 71.78  0 34 42 151  1 514213 5123 1.5 47 32 27 33 89% 267982 27273 70%
c B 73.23  0 34 42 156  1 528060 12467 1.5 47 32 27 33 89% 267982 27273 70%
c - 74.51  0 34 43 157  1 539429 4700 1.5 47 32 27 33 89% 267982 27273 70%
c p 74.52  0 34 43 157  1 539429 4902 1.5 47 32 27 33 89% 267982 27273 70%
c
c  seconds  reductions  conflicts        size    tier2         variables
c         MB     restarts     redundant     glue     trail          remaining
c          level      rate         size/glue  tier1    irredundant
c
c w 74.58  0 34 43 157  1 539429 4833 1.5 47 32 27 33 89% 267982 27273 70%
c W 77.79  0 34 43 164  1 561062 17307 1.5 48 32 27 33 89% 267982 27273 70%
c - 78.32  0 34 44 167  1 565650 4969 1.5 48 32 27 33 89% 267982 27273 70%
c p 78.33  0 34 44 167  1 565650 5192 1.5 48 32 27 33 89% 267982 27273 70%
c w 78.39  0 34 44 167  1 565650 5147 1.5 48 32 27 33 89% 267982 27273 70%
c - 81.25  0 34 45 179  1 592502 5022 1.5 47 32 27 33 89% 267982 27273 70%
c p 81.27  0 34 45 179  1 592502 5287 1.5 47 32 27 33 89% 267982 27273 70%
c w 81.33  0 34 45 179  1 592502 5224 1.5 47 32 27 33 89% 267982 27273 70%
c O 81.66  0 34 45 180  1 595067 6570 1.5 47 32 27 33 89% 267982 27273 70%
c s 82.24  0 34 45 183  1 599926 8798 1.5 47 32 27 33 89% 267982 27273 70%
c s 82.27  0 34 45 183  1 599926 8791 1.5 47 32 27 33 89% 267982 27273 70%
c - 84.66  0 33 46 188  1 619983 4726 1.4 45 31 27 33 88% 267982 27273 70%
c p 84.67  0 33 46 188  1 619983 5204 1.4 45 31 27 33 88% 267982 27273 70%
c w 84.74  0 33 46 188  1 619983 5169 1.4 45 31 27 33 88% 267982 27273 70%
c B 85.94  0 32 46 188  1 630068 10205 1.4 44 31 27 33 88% 267982 27273 70%
c - 87.85  0 33 47 189  1 648093 4926 1.4 45 31 27 33 89% 267982 27273 70%
c p 87.86  0 33 47 189  1 648093 5276 1.4 45 31 27 33 89% 267982 27273 70%
c w 88.21  0 33 47 189  1 648093 5247 1.4 45 31 27 33 89% 267982 27273 70%
c W 91.48  0 33 47 190  1 666069 14797 1.4 45 31 27 33 89% 267982 27273 70%
c - 92.63  0 33 48 196  1 676835 4974 1.4 45 31 27 33 89% 267982 27273 70%
c
c  seconds  reductions  conflicts        size    tier2         variables
c         MB     restarts     redundant     glue     trail          remaining
c          level      rate         size/glue  tier1    irredundant
c
c p 92.64  0 33 48 196  1 676835 5248 1.4 45 31 27 33 89% 267982 27273 70%
c w 92.70  0 33 48 196  1 676835 5220 1.4 45 31 27 33 89% 267982 27273 70%
c I 95.66  0 33 48 208  1 703072 18673 1.4 45 32 27 33 89% 267982 27273 70%
c - 96.11  0 33 49 210  1 706212 5048 1.4 44 31 27 33 89% 267982 27273 70%
c p 96.12  0 33 49 210  1 706212 5423 1.4 44 31 27 33 89% 267982 27273 70%
c w 96.19  0 33 49 210  1 706212 5390 1.4 44 31 27 33 89% 267982 27273 70%
c - 100.13  0 32 50 220  1 736215 5106 1.4 43 30 27 33 89% 267982 27273 70%
c p 100.15  0 32 50 220  1 736215 5425 1.4 43 30 27 33 89% 267982 27273 70%
c w 100.23  0 32 50 220  1 736215 5385 1.4 43 30 27 33 89% 267982 27273 70%
c B 100.88  0 32 50 220  1 741073 7821 1.4 43 30 27 33 89% 267982 27273 70%
c - 104.12  0 31 51 232  1 766849 5014 1.4 41 29 27 33 89% 267982 27273 70%
c p 104.14  0 31 51 232  1 766849 5334 1.4 41 29 27 33 89% 267982 27273 70%
c w 104.22  0 31 51 232  1 766849 5289 1.4 41 29 27 33 89% 267982 27273 70%
c W 106.98  0 30 51 235  1 780075 12161 1.4 40 29 27 33 89% 267982 27273 70%
c - 109.12  0 31 52 245  1 798114 5522 1.4 42 29 27 33 89% 267982 27273 70%
c p 109.13  0 31 52 245  1 798114 5890 1.4 42 29 27 33 89% 267982 27273 70%
c w 109.21  0 31 52 245  1 798114 5782 1.4 42 29 27 33 89% 267982 27273 70%
c F 111.72  0 31 52 251  1 820077 17935 1.4 43 30 27 33 89% 267982 27273 70%
c - 112.91  0 32 53 251  1 830009 5803 1.4 43 30 27 33 89% 267982 27273 70%
c p 112.92  0 32 53 251  1 830009 6213 1.4 43 30 27 33 89% 267982 27273 70%
c
c  seconds   reductions  conflicts        size    tier2         variables
c          MB     restarts     redundant     glue     trail          remaining
c           level      rate         size/glue  tier1    irredundant
c
c w 112.99  0 32 53 251  1 830009 6164 1.4 43 30 27 33 89% 267982 27273 70%
c B 116.55  0 32 53 252  1 861078 23165 1.5 44 30 27 33 89% 267982 27273 70%
c - 116.76  0 32 54 252  1 862538 5932 1.5 44 30 27 33 89% 267982 27273 70%
c p 116.78  0 32 54 252  1 862538 6264 1.5 44 30 27 33 89% 267982 27273 70%
c u 116.82  0 32 54 252  1 862538 6263 1.5 44 30 27 33 89% 267982 27273 70%
c w 116.85  0 32 54 252  1 862538 6215 1.5 44 30 27 33 89% 267982 27273 70%
c - 120.76  0 32 55 253  1 895695 6050 1.5 44 30 27 33 89% 267982 27273 70%
c p 120.77  0 32 55 253  1 895695 6387 1.5 44 30 27 33 89% 267982 27273 70%
c w 120.85  0 32 55 253  1 895695 6351 1.5 44 30 27 33 89% 267982 27273 70%
c W 123.32  0 32 55 253  1 903079 10093 1.5 44 30 27 33 89% 267982 27273 70%
c - 126.43  0 31 56 253  1 929485 5603 1.4 43 30 26 32 89% 267982 27273 70%
c p 126.44  0 31 56 253  1 929485 6003 1.4 43 30 26 32 89% 267982 27273 70%
c w 126.51  0 31 56 253  1 929485 5976 1.4 43 30 26 32 89% 267982 27273 70%
c s 126.55  0 31 56 253  1 929485 5276 1.4 43 30 26 32 89% 267978 27273 70%
c s 126.57  0 31 56 253  1 929485 5259 1.4 43 30 26 32 89% 267978 27273 70%
c # 128.52  0 31 56 254  1 946080 13129 1.4 42 29 26 32 89% 267978 27273 70%
c - 130.74  0 31 57 254  1 963905 5297 1.4 42 30 26 32 89% 267978 27273 70%
c p 130.75  0 31 57 254  1 963905 5589 1.4 42 30 26 32 89% 267978 27273 70%
c w 131.18  0 31 57 254  1 963905 5553 1.4 42 30 26 32 89% 267978 27273 70%
c B 134.47  0 32 57 254  1 990082 18629 1.4 43 30 26 32 89% 267978 27273 70%
c
c  seconds   reductions  conflicts        size    tier2         variables
c          MB     restarts     redundant     glue     trail          remaining
c           level      rate         size/glue  tier1    irredundant
c
c - 135.57  0 32 58 254  1 998956 5828 1.4 43 30 26 32 89% 267978 27273 70%
c p 135.58  0 32 58 254  1 998956 6077 1.4 43 30 26 32 89% 267978 27273 70%
c w 135.66  0 32 58 254  1 998956 6021 1.4 43 30 26 32 89% 267978 27273 70%
c - 139.87  0 32 59 254  1 1034638 6042 1.4 43 31 26 32 89% 267978 27273 70%
c p 139.89  0 32 59 254  1 1034638 6556 1.4 43 31 26 32 89% 267978 27273 70%
c w 139.96  0 32 59 254  1 1034638 6484 1.4 43 31 26 32 89% 267978 27273 70%
c W 141.25  0 32 59 254  1 1035084 6766 1.4 43 31 26 32 89% 267978 27273 70%
c - 145.15  0 32 60 260  1 1070953 6465 1.4 43 31 26 32 89% 267978 27273 70%
c p 145.16  0 32 60 260  1 1070953 6900 1.4 43 31 26 32 89% 267978 27273 70%
c w 145.25  0 32 60 260  1 1070953 6830 1.4 43 31 26 32 89% 267978 27273 70%
c O 146.43  0 32 60 265  1 1081085 12281 1.4 44 31 26 32 89% 267978 27273 70%
c - 149.63  0 31 61 276  1 1107900 6169 1.4 41 30 26 32 89% 267978 27273 70%
c p 149.64  0 31 61 276  1 1107900 6543 1.4 41 30 26 32 89% 267978 27273 70%
c w 149.74  0 31 61 276  1 1107900 6467 1.4 41 30 26 32 89% 267978 27273 70%
c B 152.11  0 31 61 284  1 1128087 17835 1.4 42 30 26 32 88% 267978 27273 70%
c - 154.72  0 32 62 285  1 1145479 7133 1.4 44 30 26 32 89% 267978 27273 70%
c p 154.74  0 32 62 285  1 1145479 7554 1.4 44 30 26 32 89% 267978 27273 70%
c w 154.83  0 32 62 285  1 1145479 7472 1.4 44 30 26 32 89% 267978 27273 70%
c W 160.35  0 32 62 300  1 1176090 25133 1.5 45 31 26 32 89% 267978 27273 70%
c - 161.33  0 33 63 303  1 1183689 7143 1.5 45 31 26 32 89% 267978 27273 70%
c
c  seconds   reductions   conflicts        size    tier2         variables
c          MB     restarts      redundant     glue     trail          remaining
c           level      rate          size/glue  tier1    irredundant
c
c p 161.35  0 33 63 303  1 1183689 7485 1.5 45 31 26 32 89% 267978 27273 70%
c w 161.44  0 33 63 303  1 1183689 7373 1.5 45 31 26 32 89% 267978 27273 70%
c - 165.89  0 32 64 316  1 1222532 6447 1.4 44 31 26 32 89% 267978 27273 70%
c p 165.91  0 32 64 316  1 1222532 6696 1.4 44 31 26 32 89% 267978 27273 70%
c w 166.00  0 32 64 316  1 1222532 6615 1.4 44 31 26 32 89% 267978 27273 70%
c I 166.33  0 32 64 316  1 1225091 7982 1.4 44 31 26 32 89% 267978 27273 70%
c - 170.88  0 31 65 317  1 1262007 7476 1.5 46 30 26 32 89% 267978 27273 70%
c p 170.89  0 31 65 317  1 1262007 8039 1.5 46 30 26 32 89% 267978 27273 70%
c u 170.94  0 31 65 317  1 1262007 8037 1.5 46 30 26 32 89% 267978 27273 70%
c w 170.97  0 31 65 317  1 1262007 7976 1.5 46 30 26 32 89% 267978 27273 70%
c x 170.98  0 31 65 317  1 1262007 7976 1.5 46 30 26 32 89% 267966 27273 70%
c s 171.02  0 31 65 317  1 1262007 7039 1.5 46 30 26 32 89% 267966 27273 70%
c s 171.04  0 31 65 317  1 1262007 6826 1.5 46 30 26 32 89% 267966 27273 70%
c B 172.55  0 31 65 324  1 1275094 13539 1.5 45 30 26 32 89% 267966 27273 70%
c - 176.04  0 31 66 336  1 1302114 6698 1.5 44 29 26 32 89% 267966 27273 70%
c p 176.06  0 31 66 336  1 1302114 7140 1.5 44 29 26 32 89% 267966 27273 70%
c w 176.16  0 31 66 336  1 1302114 7061 1.5 44 29 26 32 89% 267966 27273 70%
c W 180.83  0 30 66 347  1 1326096 19549 1.5 43 29 26 32 89% 267966 27273 70%
c - 182.77  0 31 67 348  1 1342852 7275 1.5 44 30 26 32 89% 267966 27273 70%
c p 182.79  0 31 67 348  1 1342852 7687 1.5 44 30 26 32 89% 267966 27273 70%
c
c  seconds   reductions   conflicts        size    tier2         variables
c          MB     restarts      redundant     glue     trail          remaining
c           level      rate          size/glue  tier1    irredundant
c
c w 182.89  0 31 67 348  1 1342852 7566 1.5 44 30 26 32 89% 267966 27273 70%
c F 186.93  0 32 67 363  1 1378097 26141 1.5 45 30 26 32 89% 267966 27273 70%
c - 187.70  0 32 68 366  1 1384223 7393 1.5 45 31 26 32 89% 267966 27273 70%
c p 187.72  0 32 68 366  1 1384223 7750 1.5 45 31 26 32 89% 267966 27273 70%
c w 188.22  0 32 68 366  1 1384223 7682 1.5 45 31 26 32 89% 267966 27273 70%
c - 193.45  0 32 69 379  1 1426229 7274 1.5 45 31 26 32 89% 267966 27273 70%
c p 193.47  0 32 69 379  1 1426229 7564 1.5 45 31 26 32 89% 267966 27273 70%
c w 193.57  0 32 69 379  1 1426229 7505 1.5 45 31 26 32 89% 267966 27273 70%
c B 194.16  0 32 69 380  1 1431099 9933 1.5 45 31 26 32 89% 267966 27273 70%
c - 198.51  0 32 70 381  1 1468865 7265 1.4 45 31 26 32 89% 267966 27273 70%
c p 198.53  0 32 70 381  1 1468865 7642 1.4 45 31 26 32 89% 267966 27273 70%
c w 198.62  0 32 70 381  1 1468865 7567 1.4 45 31 26 32 89% 267966 27273 70%
c W 202.38  0 33 70 381  1 1485100 16192 1.4 45 31 26 32 89% 267966 27273 70%
c - 205.54  0 33 71 381  1 1512134 7065 1.4 44 31 26 32 89% 267966 27273 70%
c p 205.55  0 33 71 381  1 1512134 7499 1.4 44 31 26 32 89% 267966 27273 70%
c w 205.64  0 33 71 381  1 1512134 7453 1.4 44 31 26 32 89% 267966 27273 70%
c # 208.90  0 33 71 388  1 1540102 22538 1.4 45 31 26 32 89% 267966 27273 70%
c - 210.87  0 33 72 396  1 1556036 7606 1.4 44 31 26 32 89% 267966 27273 70%
c p 210.89  0 33 72 396  1 1556036 8010 1.4 44 31 26 32 89% 267966 27273 70%
c w 210.99  0 33 72 396  1 1556036 7946 1.4 44 31 26 32 89% 267966 27273 70%
c
c  seconds   reductions   conflicts         size    tier2         variables
c          MB     restarts       redundant     glue     trail          remaining
c           level      rate           size/glue  tier1    irredundant
c
c B 216.15  0 32 72 411  1 1596103 28099 1.4 43 31 26 32 89% 267966 27273 70%
c - 216.76  0 32 73 412  1 1600570 7524 1.4 43 31 26 32 89% 267966 27273 70%
c p 216.78  0 32 73 412  1 1600570 7957 1.4 43 31 26 32 89% 267966 27273 70%
c w 216.89  0 32 73 412  1 1600570 7890 1.4 43 31 26 32 89% 267966 27273 70%
c - 222.41  0 32 74 427  1 1645737 7893 1.4 43 30 26 32 89% 267966 27273 70%
c p 222.42  0 32 74 427  1 1645737 8227 1.4 43 30 26 32 89% 267966 27273 70%
c w 222.53  0 32 74 427  1 1645737 8154 1.4 43 30 26 32 89% 267966 27273 70%
c W 225.26  0 32 74 433  1 1653104 12029 1.4 43 30 26 32 89% 267966 27273 70%
c - 229.41  0 32 75 443  1 1691539 8529 1.4 44 31 26 32 89% 267966 27273 70%
c p 229.43  0 32 75 443  1 1691539 8784 1.4 44 31 26 32 89% 267966 27273 70%
c w 229.51  0 32 75 443  1 1691539 8748 1.4 44 31 26 32 89% 267966 27273 70%
c s 229.56  0 32 75 443  1 1691539 8446 1.4 44 31 26 32 89% 267956 27273 70%
c s 229.59  0 32 75 443  1 1691539 8416 1.4 44 31 26 32 89% 267956 27273 70%
c ^ 229.60  0 32 75 443  1 1691539 8416 1.4 44 31 26 32 89% 267956 27273 70%
c O 231.59  0 32 75 444  1 1711109 20516 1.4 45 31 26 32 89% 267956 27273 70%
c - 234.79  0 32 76 451  1 1737972 8840 1.5 44 30 26 32 89% 267956 27273 70%
c p 234.80  0 32 76 451  1 1737972 9374 1.5 44 30 26 32 89% 267956 27273 70%
c w 234.93  0 32 76 451  1 1737972 9265 1.5 44 30 26 32 89% 267956 27273 70%
c B 238.78  0 32 76 465  1 1770111 26356 1.5 44 30 26 32 89% 267956 27273 70%
c - 240.57  0 32 77 473  1 1785039 8647 1.5 45 31 26 32 89% 267956 27273 70%
c
c  seconds   reductions   conflicts        size    tier2         variables
c          MB     restarts      redundant     glue     trail          remaining
c           level      rate          size/glue  tier1    irredundant
c
c p 240.59  0 32 77 473  1 1785039 9125 1.5 45 31 26 32 89% 267956 27273 70%
c w 240.71  0 32 77 473  1 1785039 8978 1.5 45 31 26 32 89% 267956 27273 70%
c s 242.78  0 32 77 475  1 1803620 19121 1.5 45 31 26 32 89% 267956 27273 70%
c e 242.86  0 32 77 475  1 1803620 19118 1.5 45 31 26 32 89% 267957 27272 70%
c s 242.87  0 32 77 475  1 1803620 19105 1.5 45 31 26 32 89% 267957 27272 70%
c W 248.09  0 32 77 486  1 1830113 32361 1.4 44 31 26 32 89% 267957 27272 70%
c - 248.48  0 32 78 488  1 1832737 8335 1.4 44 31 26 32 89% 267957 27272 70%
c p 248.49  0 32 78 488  1 1832737 8719 1.4 44 31 26 32 89% 267957 27272 70%
c w 248.62  0 32 78 488  1 1832737 8574 1.4 44 31 26 32 89% 267957 27272 70%
c - 254.40  0 32 79 506  1 1881068 8486 1.4 43 31 26 32 89% 267957 27272 70%
c p 254.42  0 32 79 506  1 1881068 8926 1.4 43 31 26 32 89% 267957 27272 70%
c w 254.54  0 32 79 506  1 1881068 8867 1.4 43 31 26 32 89% 267957 27272 70%
c I 255.71  0 32 79 506  1 1891114 14166 1.4 43 31 26 32 89% 267957 27272 70%
c s 259.62  0 32 79 507  1 1922295 31683 1.4 43 30 26 32 89% 267957 27272 70%
c s 259.67  0 32 79 507  1 1922295 31622 1.4 43 30 26 32 89% 267957 27272 70%
c ^ 259.68  0 32 79 507  1 1922295 31622 1.4 43 30 26 32 89% 267957 27272 70%
c - 260.77  0 32 80 508  1 1930034 9043 1.4 43 30 26 32 89% 267957 27272 70%
c p 260.78  0 32 80 508  1 1930034 9358 1.4 43 30 26 32 89% 267957 27272 70%
c w 261.45  0 32 80 508  1 1930034 9329 1.4 43 30 26 32 89% 267957 27272 70%
c B 264.23  0 31 80 508  1 1953115 21126 1.4 42 30 26 32 89% 267957 27272 70%
c
c  seconds   reductions   conflicts        size    tier2         variables
c          MB     restarts      redundant     glue     trail          remaining
c           level      rate          size/glue  tier1    irredundant
c
c - 267.35  0 32 81 508  1 1979633 8681 1.4 43 30 26 32 89% 267957 27272 70%
c p 267.36  0 32 81 508  1 1979633 9233 1.4 43 30 26 32 89% 267957 27272 70%
c w 267.49  0 32 81 508  1 1979633 9157 1.4 43 30 26 32 89% 267957 27272 70%
c W 273.53  0 32 81 509  1 2016116 28973 1.4 44 31 26 32 89% 267957 27272 70%
c - 275.35  0 32 82 509  1 2029863 9229 1.4 44 31 26 32 89% 267957 27272 70%
c p 275.37  0 32 82 509  1 2029863 9764 1.4 44 31 26 32 89% 267957 27272 70%
c w 275.48  0 32 82 509  1 2029863 9703 1.4 44 31 26 32 89% 267957 27272 70%
c s 277.56  0 32 82 509  1 2047564 19055 1.4 44 31 26 32 89% 267957 27272 70%
c e 277.66  0 32 82 509  1 2047564 19055 1.4 44 31 26 32 89% 267959 27271 70%
c s 277.67  0 32 82 509  1 2047564 19039 1.4 44 31 26 32 89% 267959 27271 70%
c ^ 277.67  0 32 82 509  1 2047564 19039 1.4 44 31 26 32 89% 267959 27271 70%
c F 281.59  0 32 82 509  1 2080117 36107 1.4 44 30 26 32 89% 267959 27271 70%
c - 281.68  0 32 83 509  1 2080727 9075 1.4 44 30 26 32 89% 267959 27271 70%
c p 281.70  0 32 83 509  1 2080727 9508 1.4 44 30 26 32 89% 267959 27271 70%
c w 281.83  0 32 83 509  1 2080727 9384 1.4 44 30 26 32 89% 267959 27271 70%
c - 287.68  0 32 84 510  1 2132224 8889 1.4 43 31 26 32 88% 267959 27271 70%
c p 287.69  0 32 84 510  1 2132224 9286 1.4 43 31 26 32 88% 267959 27271 70%
c w 287.81  0 32 84 510  1 2132224 9180 1.4 43 31 26 32 88% 267959 27271 70%
c B 289.26  0 32 84 510  1 2145120 16200 1.4 44 31 26 32 88% 267959 27271 70%
c s 293.18  0 33 84 510  1 2179429 36867 1.4 45 31 26 32 88% 267959 27271 70%
c
c  seconds   reductions   conflicts         size    tier2         variables
c          MB     restarts       redundant     glue     trail          remaining
c           level      rate           size/glue  tier1    irredundant
c
c e 293.32  0 33 84 510  1 2179429 36453 1.4 45 31 26 32 88% 268405 27157 70%
c s 293.34  0 33 84 510  1 2179429 36447 1.4 45 31 26 32 88% 268077 27157 70%
c - 294.15  0 33 85 510  1 2184356 9713 1.4 45 31 26 32 88% 268077 27157 70%
c p 294.17  0 33 85 510  1 2184356 10037 1.4 45 31 26 32 88% 268077 27157 70%
c w 294.30  0 33 85 510  1 2184356 9970 1.4 45 31 26 32 88% 268077 27157 70%
c ] 299.40  0 32 85 510  1 2211120 24080 1.4 44 31 26 32 88% 268077 27157 70%
c ? 299.40  0 32 85 510  1 2211120 24080 1.4 44 31 26 32 88% 268077 27157 70%
c
c --- [ result ] -------------------------------------------------------------
c
c writing result to 'search-results/cadical-complete-cover-20260902/anchor-008-p1-s1.result'
c
c --- [ run-time profiling ] -------------------------------------------------
c
c process time taken by individual solving procedures
c (percentage relative to process time for solving)
c
c       288.51   96.38% search
c       264.23   88.27% stable
c        24.23    8.10% walk
c        10.85    3.62% simplify
c         3.80    1.27% vivify
c         2.22    0.74% sweep
c         1.24    0.41% backbone
c         0.99    0.33% elim
c         0.47    0.16% subsume
c         0.38    0.13% probe
c         0.29    0.10% ternary
c         0.23    0.08% congruence
c         0.04    0.01% lucky
c         0.04    0.01% parse
c   =================================
c       299.36   99.99% solve
c
c last line shows process time for solving
c (percentage relative to total process time)
c
c --- [ statistics ] ---------------------------------------------------------
c
c chronological:            260300        11.77 %  of conflicts
c conflicts:               2211120      7386.17    per second
c backbone:              115969972    297801.79 %  of vars
c decisions:               2408844      8046.66    per second
c eliminated:                 2789         7.16 %  of all variables
c fixed:                      8996        23.10 %  of all variables
c learned:                 2178843        98.54 %  per conflict
c learned_lits:         1141209733       100.00 %  learned literals
c minimized:                     0         0.00 %  learned literals
c shrunken:             1038298545        90.98 %  learned literals
c minishrunken:            6257062         0.55 %  learned literals
c otfs:                        923         0.04 %  of conflict
c propagations:         1198046927         4.00 M  per second
c reduced:                 1156215        52.29 %  per conflict
c rephased:                     66     33501.82    interval
c restarts:                    510      4335.53    interval
c subsumed:                 995450        39.70 %  of all clauses
c strengthened:              54156         2.16 %  of all clauses
c ticks:               16500686973        18.89    propagation
c vivified:                   3974         0.16 %  of all clauses
c walked:                       22    100505.45    interval
c weakened:                  14489         5.76    average size
c congruence:                   12    184260.00    interval
c
c seconds are measured in process time for solving
c
c --- [ glue usage ] ---------------------------------------------------------
c
c focused glue 2 used 0 clauses 0.000% accumulated 0.000% tier1
c focused glue 3 used 0 clauses 0.000% accumulated 0.000%
c focused glue 4 used 0 clauses 0.000% accumulated 0.000%
c focused glue 5 used 0 clauses 0.000% accumulated 0.000%
c focused glue 6 used 0 clauses 0.000% accumulated 0.000% tier2
c
c stable glue 26 used 424894 clauses 5.928% accumulated 54.29% tier1
c stable glue 27 used 420394 clauses 5.865% accumulated 60.15%
c stable glue 28-30 used 1203979 clauses 16.79% accumulated 76.95%
c stable glue 31 used 388008 clauses 5.413% accumulated 82.36%
c stable glue 32 used 364403 clauses 5.084% accumulated 87.45% tier2
c
c
c --- [ resources ] ----------------------------------------------------------
c
c total process time since initialization:       299.40    seconds
c total real time since initialization:          300.04    seconds
c maximum resident set size of process:          199.05    MB
c
c --- [ shutting down ] ------------------------------------------------------
c
c exit 0
