c --- [ banner ] -------------------------------------------------------------
c
c CaDiCaL SAT Solver
c Copyright (c) 2016-2026
c A. Biere, M. Fleury, N. Froleyks, K. Fazekas, F. Pollitt, T. Faller
c JKU Linz, University of Freiburg, TU Wien
c
c Version 3.0.1 c60730422e758ef1cebe7aeddf2dda31c996bf04
c Apple clang version 21.0.0 (clang-2100.1.1.101) -Wall -Wextra -O3 -DNDEBUG -DNCLOSEFROM
c Tue Sep 1 21:08:57 PDT 2026 Darwin retained-runner 25.6.0 arm64
c
c --- [ limit ] --------------------------------------------------------------
c
c setting time limit to 300 seconds real time (due to '-t 300')
c
c --- [ parsing input ] ------------------------------------------------------
c
c reading DIMACS file from 'search-results/cadical-complete-cover-20260902/cnf/anchor-004-p0-s0.cnf'
c opening file to read 'search-results/cadical-complete-cover-20260902/cnf/anchor-004-p0-s0.cnf'
c found 'p cnf 38942 364405' header
c parsed 364405 clauses in 0.04 seconds process time
c
c --- [ options ] ------------------------------------------------------------
c
c   --elimeffort=10                (different from default '1e3')
c   --stabilizeonly=true           (different from default 'false')
c   --subsumeeffort=60             (different from default '1e3')
c
c --- [ solving ] ------------------------------------------------------------
c
c time measured in process time since initialization
c
c  seconds  reduction conflicts       size tier2        variables
c         MB    restarts   redundant    glue  trail          remaining
c          level     rate       size/glu tier1  irredundant
c
c *  0.04  0  0 0   0  0    0    0 0.0 0 0 2 6  0% 289706 30086 77%
c )  0.07  0  0 0   0  0    0    0 0.0 0 0 2 6  0% 289706 30086 77%
c [  0.10  0  0 0   0  0    0    0 0.0 0 0 2 6  0% 289706 30086 77%
c -  0.16  0 38 1   0  1  303   42 1.4 49 36 2 6 97% 274783 30086 77%
c -  0.28  0 37 2   0  1  931  223 1.5 47 31 2 6 96% 274783 30086 77%
c I  0.29  0 38 2   0  1 1002  280 1.5 46 30 2 6 96% 274783 30086 77%
c -  0.49  0 39 3   1  1 2027  395 1.6 55 34 2 6 95% 274783 30086 77%
c B  0.76  0 38 3   2  1 3003 1072 1.8 62 34 2 6 92% 274783 30086 77%
c -  0.85  0 38 4   2  1 3645  510 1.7 58 34 2 6 97% 274783 30086 77%
c -  1.15  0 37 5   4  1 5818  677 1.5 52 34 34 37 97% 274783 30086 77%
c W  1.25  0 37 5   4  1 6004  774 1.5 52 34 34 37 97% 274783 30086 77%
c s  1.35  0 37 5   5  1 6536 1072 1.6 53 34 34 37 97% 274783 30086 77%
c e  1.59  0 37 5   5  1 6536  502 1.6 53 34 34 37 97% 268735 27354 70%
c s  1.62  0 37 5   5  1 6536  500 1.6 53 34 34 37 97% 268601 27354 70%
c e  1.69  0 37 5   5  1 6536  494 1.6 53 34 34 37 97% 268373 27294 70%
c 2  2.01  0 37 5   5  1 8087 1310 1.5 51 34 34 36 94% 268373 27294 70%
c -  2.16  0 36 6   6  1 8561  492 1.5 51 34 34 36 94% 268373 27294 70%
c F  2.40  0 36 6   6  1 10005 1249 1.5 50 33 33 36 93% 268373 27294 70%
c -  2.73  0 36 7   6  1 11868  707 1.5 51 33 33 36 92% 268373 27294 70%
c B  3.21  0 35 7   9  1 15006 2315 1.5 49 33 32 35 91% 268373 27294 70%
c
c  seconds  reductions conflicts       size    tier2         variables
c         MB    restarts    redundant     glue     trail          remaining
c          level     rate        size/glue  tier1    irredundant
c
c -  3.34  0 35 8   9  1 15759  790 1.5 48 33 32 35 90% 268373 27294 70%
c s  4.21  0 35 8  12  1 19728 2806 1.4 48 33 32 35 90% 268250 27294 70%
c e  4.26  0 35 8  12  1 19728 2806 1.4 48 33 32 35 90% 268187 27278 70%
c s  4.28  0 35 8  12  1 19728 2806 1.4 48 33 32 35 90% 268130 27278 70%
c e  4.31  0 35 8  12  1 19728 2803 1.4 48 33 32 35 90% 268081 27262 70%
c -  4.42  0 35 9  12  1 20243  870 1.4 48 33 32 35 90% 268081 27262 70%
c u  4.45  0 35 9  12  1 20243  867 1.4 48 33 32 35 90% 268081 27262 70%
c w  4.46  0 35 9  12  1 20243  863 1.4 48 33 32 35 90% 268081 27262 70%
c W  4.82  0 35 9  13  1 21007 1263 1.4 47 33 32 35 90% 268081 27262 70%
c -  5.59  0 35 10  14  1 25321  997 1.5 48 33 32 35 89% 268081 27262 70%
c #  6.06  0 35 10  14  1 28009 2783 1.5 49 33 32 35 89% 268081 27262 70%
c -  6.60  0 35 11  14  1 31002 1273 1.5 49 33 32 35 89% 268081 27262 70%
c B  7.32  0 35 11  17  1 36010 4495 1.5 50 33 32 35 89% 268081 27262 70%
c -  7.58  0 35 12  17  1 37288 1432 1.5 50 33 32 35 89% 268081 27262 70%
c s  8.08  0 35 12  20  1 39517 2757 1.5 50 33 31 34 89% 268006 27262 70%
c e  8.10  0 35 12  20  1 39517 2757 1.5 50 33 31 34 89% 267992 27257 70%
c s  8.12  0 35 12  20  1 39517 2754 1.5 50 33 31 34 89% 267967 27257 70%
c e  8.14  0 35 12  20  1 39517 2754 1.5 50 33 31 34 89% 267952 27252 70%
c -  8.96  0 35 13  21  1 44182 1449 1.5 49 33 31 34 89% 267952 27252 70%
c u  8.98  0 35 13  21  1 44182 1449 1.5 49 33 31 34 89% 267952 27252 70%
c
c  seconds  reductions  conflicts       size    tier2         variables
c         MB     restarts    redundant     glue     trail          remaining
c          level      rate        size/glue  tier1    irredundant
c
c w  9.02  0 35 13  21  1 44182 1434 1.5 49 33 31 34 89% 267952 27252 70%
c W  9.42  0 35 13  21  1 45012 1950 1.5 49 33 31 34 89% 267952 27252 70%
c - 10.47  0 34 14  26  1 51686 1400 1.5 48 32 31 34 88% 267952 27252 70%
c O 11.01  0 34 14  28  1 55013 3426 1.5 48 32 31 34 88% 267952 27252 70%
c - 11.79  0 34 15  29  1 59804 1531 1.5 47 32 31 34 88% 267952 27252 70%
c p 11.80  0 34 15  29  1 59804 1544 1.5 47 32 31 34 88% 267952 27252 70%
c s 12.85  0 33 15  29  1 65899 5422 1.5 47 31 31 34 88% 267927 27252 70%
c e 12.88  0 33 15  29  1 65899 5422 1.5 47 31 31 34 88% 267925 27251 70%
c s 12.89  0 33 15  29  1 65899 5402 1.5 47 31 31 34 88% 267913 27251 70%
c e 12.90  0 33 15  29  1 65899 5401 1.5 47 31 31 34 88% 267910 27250 70%
c B 12.94  0 33 15  29  1 66016 5459 1.5 47 31 31 34 88% 267910 27250 70%
c - 13.36  0 33 16  30  1 68534 1798 1.5 47 31 31 34 88% 267910 27250 70%
c p 13.37  0 33 16  30  1 68534 1847 1.5 47 31 31 34 88% 267910 27250 70%
c w 13.41  0 33 16  30  1 68534 1836 1.5 47 31 31 34 88% 267910 27250 70%
c - 14.97  0 33 17  30  1 77879 1745 1.5 45 31 29 33 88% 267909 27250 70%
c p 14.99  0 33 17  30  1 77879 1801 1.5 45 31 29 33 88% 267909 27250 70%
c W 15.68  0 33 17  30  1 78017 1884 1.5 45 31 29 33 88% 267909 27250 70%
c - 17.21  0 33 18  34  1 87842 1823 1.4 44 31 29 33 88% 267909 27250 70%
c p 17.22  0 33 18  34  1 87842 1889 1.4 44 31 29 33 88% 267909 27250 70%
c w 17.27  0 33 18  34  1 87842 1868 1.4 44 31 29 33 88% 267909 27250 70%
c
c  seconds  reductions  conflicts       size    tier2         variables
c         MB     restarts    redundant     glue     trail          remaining
c          level      rate        size/glue  tier1    irredundant
c
c I 17.74  0 33 18  36  1 91018 3617 1.4 44 31 29 33 88% 267909 27250 70%
c - 19.19  0 32 19  40  1 98423 2166 1.5 45 31 29 33 88% 267909 27250 70%
c p 19.20  0 32 19  40  1 98423 2228 1.5 45 31 29 33 88% 267909 27250 70%
c s 19.34  0 32 19  40  1 98875 2268 1.5 45 31 29 33 88% 267904 27250 70%
c e 19.36  0 32 19  40  1 98875 2268 1.5 45 31 29 33 88% 267902 27249 70%
c s 19.37  0 32 19  40  1 98875 2222 1.5 45 31 29 33 88% 267897 27249 70%
c e 19.39  0 32 19  40  1 98875 2222 1.5 45 31 29 33 88% 267891 27247 70%
c B 20.53  0 32 19  44  1 105021 5386 1.5 45 30 29 33 88% 267891 27247 70%
c - 21.39  0 32 20  45  1 109623 2061 1.5 44 30 29 33 88% 267891 27247 70%
c p 21.40  0 32 20  45  1 109623 2161 1.5 44 30 29 33 88% 267891 27247 70%
c u 21.43  0 32 20  45  1 109623 2161 1.5 44 30 29 33 88% 267891 27247 70%
c w 21.48  0 32 20  45  1 109623 2111 1.5 44 30 29 33 88% 267891 27247 70%
c W 23.82  0 32 20  48  1 120022 8602 1.5 44 30 29 33 88% 267891 27247 70%
c - 24.06  0 32 21  49  1 121442 2404 1.5 44 30 29 33 88% 267891 27247 70%
c p 24.07  0 32 21  49  1 121442 2474 1.5 44 30 29 33 88% 267891 27247 70%
c - 25.99  0 31 22  56  1 133883 2310 1.5 43 29 29 33 88% 267891 27247 70%
c p 25.99  0 31 22  56  1 133883 2447 1.5 43 29 29 33 88% 267891 27247 70%
c u 26.02  0 31 22  56  1 133883 2447 1.5 43 29 29 33 88% 267891 27247 70%
c w 26.04  0 31 22  56  1 133883 2416 1.5 43 29 29 33 88% 267891 27247 70%
c F 26.40  0 31 22  58  1 136025 3718 1.5 43 29 29 33 88% 267890 27247 70%
c
c  seconds  reductions  conflicts        size    tier2         variables
c         MB     restarts     redundant     glue     trail          remaining
c          level      rate         size/glue  tier1    irredundant
c
c s 26.81  0 31 22  59  1 138446 4261 1.5 43 29 26 32 88% 267884 27247 70%
c e 26.84  0 31 22  59  1 138446 4261 1.5 43 29 26 32 88% 267882 27245 70%
c s 26.85  0 31 22  59  1 138446 4220 1.5 43 29 26 32 88% 267875 27245 70%
c e 26.86  0 31 22  59  1 138446 4220 1.5 43 29 26 32 88% 267869 27243 70%
c - 28.27  0 31 23  60  1 146945 2212 1.5 42 29 26 32 88% 267869 27243 70%
c p 28.28  0 31 23  60  1 146945 2346 1.5 42 29 26 32 88% 267869 27243 70%
c B 29.42  0 31 23  61  1 153026 5846 1.5 42 29 26 32 88% 267869 27243 70%
c - 30.64  0 31 24  61  1 160629 2566 1.5 42 29 26 32 88% 267869 27243 70%
c p 30.65  0 31 24  61  1 160629 2780 1.5 42 29 26 32 88% 267869 27243 70%
c w 30.71  0 31 24  61  1 160629 2748 1.5 42 29 26 32 88% 267869 27243 70%
c W 33.40  0 31 24  62  1 171028 8329 1.4 42 29 26 32 88% 267869 27243 70%
c - 34.02  0 31 25  62  1 174935 2587 1.4 42 29 26 32 88% 267869 27243 70%
c p 34.03  0 31 25  62  1 174935 2789 1.4 42 29 26 32 88% 267869 27243 70%
c s 35.69  0 31 25  62  1 184612 7673 1.4 42 29 26 32 88% 267864 27243 70%
c e 35.72  0 31 25  62  1 184612 7673 1.4 42 29 26 32 88% 267862 27242 70%
c s 35.73  0 31 25  62  1 184612 7660 1.4 42 29 26 32 88% 267859 27242 70%
c e 35.74  0 31 25  62  1 184612 7660 1.4 42 29 26 32 88% 267853 27240 70%
c - 36.76  0 31 26  62  1 189866 2638 1.4 42 29 26 32 88% 267853 27240 70%
c p 36.77  0 31 26  62  1 189866 2856 1.4 42 29 26 32 88% 267853 27240 70%
c w 36.86  0 31 26  62  1 189866 2792 1.4 42 29 26 32 88% 267853 27240 70%
c
c  seconds  reductions  conflicts        size    tier2         variables
c         MB     restarts     redundant     glue     trail          remaining
c          level      rate         size/glue  tier1    irredundant
c
c # 36.89  0 31 26  62  1 190030 2887 1.4 42 29 26 32 88% 267853 27240 70%
c - 39.20  0 31 27  67  1 205421 2904 1.4 43 29 26 31 88% 267853 27240 70%
c p 39.21  0 31 27  67  1 205421 3077 1.4 43 29 26 31 88% 267853 27240 70%
c B 39.98  0 31 27  69  1 210035 5829 1.5 43 30 26 31 88% 267853 27240 70%
c - 41.96  0 31 28  76  1 221601 3209 1.5 43 30 26 31 88% 267853 27240 70%
c p 41.97  0 31 28  76  1 221601 3440 1.5 43 30 26 31 88% 267853 27240 70%
c w 42.05  0 31 28  76  1 221601 3403 1.5 43 30 26 31 88% 267853 27240 70%
c W 44.22  0 32 28  77  1 231036 8995 1.5 44 30 26 31 88% 267853 27240 70%
c s 45.25  0 32 28  81  1 237375 12608 1.5 44 30 26 31 88% 267851 27240 70%
c e 45.28  0 32 28  81  1 237375 12608 1.5 44 30 26 31 88% 267846 27238 70%
c s 45.29  0 32 28  81  1 237375 12596 1.5 44 30 26 31 88% 267844 27238 70%
c e 45.30  0 32 28  81  1 237375 12595 1.5 44 30 26 31 88% 267841 27237 70%
c - 45.49  0 32 29  82  1 238407 3324 1.5 44 30 26 31 88% 267841 27237 70%
c p 45.50  0 32 29  82  1 238407 3503 1.5 44 30 26 31 88% 267841 27237 70%
c w 45.55  0 32 29  82  1 238407 3491 1.5 44 30 26 31 88% 267841 27237 70%
c O 47.86  0 32 29  90  1 253038 11503 1.5 44 30 26 31 88% 267838 27237 70%
c - 48.31  0 32 30  91  1 255835 3389 1.5 44 30 26 31 88% 267838 27237 70%
c p 48.32  0 32 30  91  1 255835 3555 1.5 44 30 26 31 88% 267838 27237 70%
c w 48.63  0 32 30  91  1 255835 3536 1.5 44 30 26 31 88% 267838 27237 70%
c - 51.39  0 31 31  93  1 273890 3450 1.5 43 30 25 31 88% 267838 27237 70%
c
c  seconds  reductions  conflicts        size    tier2         variables
c         MB     restarts     redundant     glue     trail          remaining
c          level      rate         size/glue  tier1    irredundant
c
c p 51.40  0 31 31  93  1 273890 3726 1.5 43 30 25 31 88% 267838 27237 70%
c w 51.46  0 31 31  93  1 273890 3700 1.5 43 30 25 31 88% 267838 27237 70%
c B 51.83  0 31 31  93  1 276039 5008 1.5 43 30 25 31 88% 267838 27237 70%
c - 54.64  0 31 32 100  1 292571 3966 1.5 44 30 25 31 88% 267838 27237 70%
c p 54.65  0 31 32 100  1 292571 4206 1.5 44 30 25 31 88% 267838 27237 70%
c w 54.71  0 31 32 100  1 292571 4180 1.5 44 30 25 31 88% 267838 27237 70%
c s 55.41  0 31 32 102  1 296736 6508 1.5 44 30 25 31 88% 267838 27237 70%
c e 55.44  0 31 32 102  1 296736 6508 1.5 44 30 25 31 88% 267830 27234 70%
c s 55.45  0 31 32 102  1 296736 6499 1.5 44 30 25 31 88% 267823 27234 70%
c e 55.46  0 31 32 102  1 296736 6499 1.5 44 30 25 31 88% 267821 27233 70%
c W 57.14  0 31 32 104  1 300040 8182 1.5 43 30 25 31 88% 267821 27233 70%
c - 59.04  0 31 33 108  1 311878 3584 1.5 43 30 25 31 88% 267821 27233 70%
c p 59.06  0 31 33 108  1 311878 3791 1.5 43 30 25 31 88% 267821 27233 70%
c w 59.12  0 31 33 108  1 311878 3767 1.5 43 30 25 31 88% 267821 27233 70%
c I 61.34  0 31 33 115  1 325042 11010 1.5 43 30 25 31 88% 267821 27233 70%
c - 62.62  0 31 34 118  1 331812 3581 1.4 42 29 25 31 88% 267821 27233 70%
c p 62.63  0 31 34 118  1 331812 3744 1.4 42 29 25 31 88% 267821 27233 70%
c w 62.68  0 31 34 118  1 331812 3713 1.4 42 29 25 31 88% 267821 27233 70%
c B 66.21  0 30 34 124  1 351043 13531 1.5 42 29 25 31 88% 267821 27233 70%
c - 66.46  0 30 35 124  1 352372 3561 1.5 42 29 25 31 88% 267821 27233 70%
c
c  seconds  reductions  conflicts        size    tier2         variables
c         MB     restarts     redundant     glue     trail          remaining
c          level      rate         size/glue  tier1    irredundant
c
c p 66.48  0 30 35 124  1 352372 3858 1.5 42 29 25 31 88% 267821 27233 70%
c w 66.55  0 30 35 124  1 352372 3816 1.5 42 29 25 31 88% 267821 27233 70%
c s 68.40  0 30 35 124  1 362693 7974 1.4 42 29 25 31 88% 267816 27233 70%
c e 68.44  0 30 35 124  1 362693 7974 1.4 42 29 25 31 88% 267814 27232 70%
c s 68.45  0 30 35 124  1 362693 7958 1.4 42 29 25 31 88% 267814 27232 70%
c - 70.48  0 31 36 125  1 373561 3400 1.4 42 29 25 31 88% 267814 27232 70%
c p 70.49  0 31 36 125  1 373561 3807 1.4 42 29 25 31 88% 267814 27232 70%
c w 70.55  0 31 36 125  1 373561 3768 1.4 42 29 25 31 88% 267814 27232 70%
c W 72.19  0 31 36 125  1 378045 6097 1.4 42 29 25 31 88% 267814 27232 70%
c - 74.93  0 31 37 125  1 395376 3977 1.5 43 29 25 31 88% 267814 27232 70%
c p 74.94  0 31 37 125  1 395376 4250 1.5 43 29 25 31 88% 267814 27232 70%
c w 75.02  0 31 37 125  1 395376 4228 1.5 43 29 25 31 88% 267814 27232 70%
c F 76.82  0 31 37 126  1 406048 9629 1.5 43 30 25 31 88% 267814 27232 70%
c - 78.59  0 31 38 126  1 417820 3737 1.5 43 30 25 31 88% 267814 27232 70%
c p 78.59  0 31 38 126  1 417820 3994 1.5 43 30 25 31 88% 267814 27232 70%
c w 78.88  0 31 38 126  1 417820 3986 1.5 43 30 25 31 88% 267814 27232 70%
c B 81.31  0 31 38 126  1 435049 12707 1.5 43 30 25 31 88% 267814 27232 70%
c - 82.39  0 31 39 126  1 440894 4024 1.5 43 30 25 31 88% 267814 27232 70%
c p 82.41  0 31 39 126  1 440894 4274 1.5 43 30 25 31 88% 267814 27232 70%
c w 82.48  0 31 39 126  1 440894 4247 1.5 43 30 25 31 88% 267814 27232 70%
c
c  seconds  reductions  conflicts        size    tier2         variables
c         MB     restarts     redundant     glue     trail          remaining
c          level      rate         size/glue  tier1    irredundant
c
c - 86.52  0 31 40 126  1 464594 3998 1.4 43 30 25 31 88% 267814 27232 70%
c p 86.53  0 31 40 126  1 464594 4339 1.4 43 30 25 31 88% 267814 27232 70%
c w 86.59  0 31 40 126  1 464594 4314 1.4 43 30 25 31 88% 267814 27232 70%
c s 86.64  0 31 40 126  1 464594 4253 1.4 43 30 25 31 88% 267808 27232 70%
c e 86.66  0 31 40 126  1 464594 4252 1.4 43 30 25 31 88% 267808 27231 70%
c s 86.67  0 31 40 126  1 464594 4246 1.4 43 30 25 31 88% 267804 27231 70%
c W 88.04  0 31 40 126  1 465052 4489 1.4 43 30 25 31 88% 267804 27231 70%
c - 91.79  0 31 41 140  1 488924 3996 1.4 41 29 25 31 88% 267804 27231 70%
c p 91.80  0 31 41 140  1 488924 4299 1.4 41 29 25 31 88% 267804 27231 70%
c w 91.87  0 31 41 140  1 488924 4260 1.4 41 29 25 31 88% 267804 27231 70%
c # 93.05  0 31 41 141  1 496054 8393 1.4 41 29 25 31 88% 267804 27231 70%
c - 96.05  0 31 42 151  1 513883 4898 1.5 44 30 25 31 88% 267804 27231 70%
c p 96.06  0 31 42 151  1 513883 5135 1.5 44 30 25 31 88% 267804 27231 70%
c w 96.15  0 31 42 151  1 513883 5105 1.5 44 30 25 31 88% 267804 27231 70%
c B 98.27  0 31 42 156  1 528055 14070 1.5 45 30 25 31 88% 267804 27231 70%
c - 100.05  0 32 43 157  1 539470 5211 1.5 45 30 25 31 88% 267804 27231 70%
c p 100.07  0 32 43 157  1 539470 5400 1.5 45 30 25 31 88% 267804 27231 70%
c w 100.13  0 32 43 157  1 539470 5367 1.5 45 30 25 31 88% 267804 27231 70%
c s 100.85  0 32 43 157  1 543743 7702 1.5 45 30 25 31 88% 267803 27231 70%
c s 100.89  0 32 43 157  1 543743 7693 1.5 45 30 25 31 88% 267803 27231 70%
c
c  seconds   reductions  conflicts         size    tier2         variables
c          MB     restarts      redundant     glue     trail          remaining
c           level      rate          size/glue  tier1    irredundant
c
c W 105.34  0 31 43 164  1 561056 16017 1.5 44 30 25 31 88% 267803 27231 70%
c - 106.16  0 31 44 168  1 565687 4656 1.5 44 30 25 31 88% 267803 27231 70%
c p 106.16  0 31 44 168  1 565687 5149 1.5 44 30 25 31 88% 267803 27231 70%
c w 106.25  0 31 44 168  1 565687 5091 1.5 44 30 25 31 88% 267803 27231 70%
c - 110.79  0 32 45 179  1 592535 4831 1.5 45 30 25 31 88% 267803 27231 70%
c p 110.81  0 32 45 179  1 592535 5220 1.5 45 30 25 31 88% 267803 27231 70%
c w 110.89  0 32 45 179  1 592535 5164 1.5 45 30 25 31 88% 267803 27231 70%
c O 111.34  0 32 45 180  1 595059 6828 1.5 45 30 25 31 88% 267803 27231 70%
c - 115.49  0 31 46 188  1 620012 4886 1.5 43 30 25 31 88% 267803 27231 70%
c p 115.50  0 31 46 188  1 620012 5294 1.5 43 30 25 31 88% 267803 27231 70%
c w 115.58  0 31 46 188  1 620012 5209 1.5 43 30 25 31 88% 267803 27231 70%
c B 117.32  0 31 46 188  1 630060 11194 1.5 43 29 25 31 88% 267803 27231 70%
c - 120.44  0 31 47 189  1 648118 5548 1.5 45 30 25 31 88% 267803 27231 70%
c p 120.47  0 31 47 189  1 648118 5832 1.5 45 30 25 31 88% 267803 27231 70%
c w 120.88  0 31 47 189  1 648118 5790 1.5 45 30 25 31 88% 267803 27231 70%
c s 120.93  0 31 47 189  1 648118 5628 1.5 45 30 25 31 88% 267802 27231 70%
c s 120.97  0 31 47 189  1 648118 5626 1.5 45 30 25 31 88% 267802 27231 70%
c W 125.50  0 32 47 190  1 666062 16537 1.5 46 30 25 31 88% 267802 27231 70%
c - 127.33  0 32 48 196  1 676854 5404 1.5 46 30 25 31 88% 267802 27231 70%
c p 127.34  0 32 48 196  1 676854 5785 1.5 46 30 25 31 88% 267802 27231 70%
c
c  seconds   reductions  conflicts        size    tier2         variables
c          MB     restarts     redundant     glue     trail          remaining
c           level      rate         size/glue  tier1    irredundant
c
c w 127.41  0 32 48 196  1 676854 5705 1.5 46 30 25 31 88% 267802 27231 70%
c I 131.64  0 32 48 208  1 703064 19045 1.5 45 30 25 31 88% 267802 27231 70%
c - 132.23  0 32 49 210  1 706219 5079 1.5 45 30 25 31 88% 267802 27231 70%
c p 132.24  0 32 49 210  1 706219 5392 1.5 45 30 25 31 88% 267802 27231 70%
c w 132.33  0 32 49 210  1 706219 5307 1.5 45 30 25 31 88% 267802 27231 70%
c - 137.82  0 31 50 220  1 736216 5413 1.5 44 29 25 31 88% 267802 27231 70%
c p 137.83  0 31 50 220  1 736216 5684 1.5 44 29 25 31 88% 267802 27231 70%
c w 137.94  0 31 50 220  1 736216 5621 1.5 44 29 25 31 88% 267802 27231 70%
c B 138.86  0 31 50 220  1 741068 8348 1.5 44 29 25 31 88% 267802 27231 70%
c - 143.23  0 31 51 232  1 766842 5566 1.5 44 29 25 31 88% 267802 27231 70%
c p 143.24  0 31 51 232  1 766842 6026 1.5 44 29 25 31 88% 267802 27231 70%
c w 143.34  0 31 51 232  1 766842 5956 1.5 44 29 25 31 88% 267802 27231 70%
c W 146.69  0 31 51 235  1 780071 13051 1.5 44 29 25 31 88% 267802 27231 70%
c - 149.30  0 31 52 245  1 798101 5417 1.5 44 30 25 31 88% 267802 27231 70%
c p 149.31  0 31 52 245  1 798101 5792 1.5 44 30 25 31 88% 267802 27231 70%
c w 149.40  0 31 52 245  1 798101 5740 1.5 44 30 25 31 88% 267802 27231 70%
c F 152.82  0 32 52 251  1 820074 18157 1.5 44 30 25 31 88% 267802 27231 70%
c - 154.43  0 32 53 251  1 829991 5690 1.5 44 30 25 31 88% 267802 27231 70%
c p 154.45  0 32 53 251  1 829991 6039 1.5 44 30 25 31 88% 267802 27231 70%
c w 154.54  0 32 53 251  1 829991 5985 1.5 44 30 25 31 88% 267802 27231 70%
c
c  seconds   reductions  conflicts         size    tier2         variables
c          MB     restarts      redundant     glue     trail          remaining
c           level      rate          size/glue  tier1    irredundant
c
c B 159.42  0 32 53 252  1 861076 22898 1.5 45 31 25 31 88% 267802 27231 70%
c - 159.71  0 32 54 252  1 862509 5854 1.5 45 31 25 31 88% 267802 27231 70%
c p 159.73  0 32 54 252  1 862509 6182 1.5 45 31 25 31 88% 267802 27231 70%
c w 159.81  0 32 54 252  1 862509 6139 1.5 45 31 25 31 88% 267802 27231 70%
c - 165.43  0 32 55 253  1 895659 6274 1.5 46 31 25 31 88% 267802 27231 70%
c p 165.45  0 32 55 253  1 895659 6680 1.5 46 31 25 31 88% 267802 27231 70%
c w 165.52  0 32 55 253  1 895659 6644 1.5 46 31 25 31 88% 267802 27231 70%
c W 168.57  0 32 55 253  1 903079 10893 1.5 46 31 25 31 88% 267802 27231 70%
c - 172.71  0 33 56 253  1 929440 6447 1.5 47 31 25 31 88% 267802 27231 70%
c p 172.72  0 33 56 253  1 929440 6760 1.5 47 31 25 31 88% 267802 27231 70%
c w 172.82  0 33 56 253  1 929440 6735 1.5 47 31 25 31 88% 267802 27231 70%
c # 175.44  0 33 56 254  1 946081 16077 1.5 47 31 25 31 88% 267802 27231 70%
c - 178.47  0 33 57 254  1 963853 6305 1.5 47 31 25 31 88% 267802 27231 70%
c p 178.49  0 33 57 254  1 963853 6591 1.5 47 31 25 31 88% 267802 27231 70%
c w 178.93  0 33 57 254  1 963853 6553 1.5 47 31 25 31 88% 267802 27231 70%
c B 183.41  0 32 57 254  1 990082 18787 1.5 45 31 25 31 88% 267802 27231 70%
c - 184.72  0 32 58 254  1 998897 5794 1.5 45 31 25 31 88% 267802 27231 70%
c p 184.75  0 32 58 254  1 998897 6149 1.5 45 31 25 31 88% 267802 27231 70%
c w 184.84  0 32 58 254  1 998897 6078 1.5 45 31 25 31 88% 267802 27231 70%
c - 190.59  0 32 59 254  1 1034573 6241 1.4 44 31 25 31 88% 267802 27231 70%
c
c  seconds   reductions   conflicts        size    tier2         variables
c          MB     restarts      redundant     glue     trail          remaining
c           level      rate          size/glue  tier1    irredundant
c
c p 190.61  0 32 59 254  1 1034573 6733 1.4 44 31 25 31 88% 267802 27231 70%
c w 190.72  0 32 59 254  1 1034573 6627 1.4 44 31 25 31 88% 267802 27231 70%
c W 192.54  0 32 59 254  1 1035084 6908 1.4 44 31 25 31 88% 267802 27231 70%
c - 197.97  0 33 60 260  1 1070880 6559 1.4 45 31 26 31 88% 267802 27231 70%
c p 197.98  0 33 60 260  1 1070880 6935 1.4 45 31 26 31 88% 267802 27231 70%
c w 198.07  0 33 60 260  1 1070880 6857 1.4 45 31 26 31 88% 267802 27231 70%
c O 199.56  0 33 60 264  1 1081085 13009 1.5 45 31 26 31 88% 267802 27231 70%
c - 203.89  0 32 61 276  1 1107819 6530 1.4 43 31 26 31 88% 267802 27231 70%
c p 203.91  0 32 61 276  1 1107819 6815 1.4 43 31 26 31 88% 267802 27231 70%
c w 204.01  0 32 61 276  1 1107819 6767 1.4 43 31 26 31 88% 267802 27231 70%
c B 207.25  0 32 61 284  1 1128087 17938 1.4 43 30 26 31 88% 267802 27231 70%
c - 210.23  0 31 62 285  1 1145391 6863 1.4 43 30 26 31 88% 267802 27231 70%
c p 210.25  0 31 62 285  1 1145391 7367 1.4 43 30 26 31 88% 267802 27231 70%
c w 210.37  0 31 62 285  1 1145391 7271 1.4 43 30 26 31 88% 267802 27231 70%
c W 217.90  0 31 62 300  1 1176088 23570 1.4 42 30 26 31 88% 267802 27231 70%
c - 219.27  0 31 63 303  1 1183595 6702 1.4 42 30 26 31 88% 267802 27231 70%
c p 219.29  0 31 63 303  1 1183595 7066 1.4 42 30 26 31 88% 267802 27231 70%
c w 219.42  0 31 63 303  1 1183595 6988 1.4 42 30 26 31 88% 267802 27231 70%
c - 225.66  0 31 64 316  1 1222429 6483 1.4 41 29 25 31 88% 267802 27231 70%
c p 225.68  0 31 64 316  1 1222429 6867 1.4 41 29 25 31 88% 267802 27231 70%
c
c  seconds   reductions   conflicts        size    tier2         variables
c          MB     restarts      redundant     glue     trail          remaining
c           level      rate          size/glue  tier1    irredundant
c
c w 225.78  0 31 64 316  1 1222429 6810 1.4 41 29 25 31 88% 267802 27231 70%
c s 225.85  0 31 64 316  1 1222429 6395 1.4 41 29 25 31 88% 267799 27231 70%
c e 225.88  0 31 64 316  1 1222429 6392 1.4 41 29 25 31 88% 267795 27230 70%
c s 225.89  0 31 64 316  1 1222429 6381 1.4 41 29 25 31 88% 267793 27230 70%
c I 226.38  0 31 64 316  1 1225089 7883 1.4 41 29 25 31 88% 267793 27230 70%
c - 233.07  0 30 65 317  1 1261893 7120 1.4 41 28 25 31 88% 267793 27230 70%
c p 233.09  0 30 65 317  1 1261893 7688 1.4 41 28 25 31 88% 267793 27230 70%
c u 233.13  0 30 65 317  1 1261893 7686 1.4 41 28 25 31 88% 267793 27230 70%
c v 233.13  0 30 65 317  1 1261893 7685 1.4 41 28 25 31 88% 267793 27230 70%
c w 233.22  0 30 65 317  1 1261893 7581 1.4 41 28 25 31 88% 267793 27230 70%
c B 235.62  0 29 65 324  1 1275090 14450 1.4 40 28 25 31 88% 267793 27230 70%
c - 240.83  0 29 66 336  1 1301991 6434 1.4 39 27 25 31 88% 267793 27230 70%
c p 240.84  0 29 66 336  1 1301991 6947 1.4 39 27 25 31 88% 267793 27230 70%
c w 240.99  0 29 66 336  1 1301991 6862 1.4 39 27 25 31 88% 267793 27230 70%
c W 247.08  0 28 66 347  1 1326091 17964 1.4 37 26 25 31 88% 267793 27230 70%
c - 249.96  0 28 67 348  1 1342723 6624 1.4 38 27 25 31 88% 267793 27230 70%
c p 249.98  0 28 67 348  1 1342723 7094 1.4 38 27 25 31 88% 267793 27230 70%
c w 250.12  0 28 67 348  1 1342723 7003 1.4 38 27 25 31 88% 267793 27230 70%
c F 255.84  0 29 67 363  1 1378094 25487 1.4 38 27 25 31 88% 267793 27230 70%
c - 256.85  0 29 68 366  1 1384084 7122 1.4 39 28 25 31 88% 267793 27230 70%
c
c  seconds   reductions   conflicts        size    tier2         variables
c          MB     restarts      redundant     glue     trail          remaining
c           level      rate          size/glue  tier1    irredundant
c
c p 256.87  0 29 68 366  1 1384084 7433 1.4 39 28 25 31 88% 267793 27230 70%
c w 257.51  0 29 68 366  1 1384084 7366 1.4 39 28 25 31 88% 267793 27230 70%
c - 264.02  0 30 69 379  1 1426080 7407 1.5 42 29 25 31 88% 267793 27230 70%
c p 264.03  0 30 69 379  1 1426080 7643 1.5 42 29 25 31 88% 267793 27230 70%
c w 264.18  0 30 69 379  1 1426080 7582 1.5 42 29 25 31 88% 267793 27230 70%
c B 265.00  0 30 69 380  1 1431095 10609 1.5 43 29 25 31 88% 267793 27230 70%
c - 271.59  0 31 70 381  1 1468705 7393 1.5 43 29 25 31 88% 267793 27230 70%
c p 271.61  0 31 70 381  1 1468705 7875 1.5 43 29 25 31 88% 267793 27230 70%
c w 271.74  0 31 70 381  1 1468705 7725 1.5 43 29 25 31 88% 267793 27230 70%
c W 276.98  0 31 70 381  1 1485096 16044 1.5 43 29 25 31 88% 267793 27230 70%
c ] 277.58  0 31 70 381  1 1488932 17834 1.5 43 29 25 31 88% 267793 27230 70%
c ? 277.58  0 31 70 381  1 1488932 17834 1.5 43 29 25 31 88% 267793 27230 70%
c
c --- [ result ] -------------------------------------------------------------
c
c writing result to 'search-results/cadical-complete-cover-20260902/anchor-004-p0-s0.result'
c
c --- [ run-time profiling ] -------------------------------------------------
c
c process time taken by individual solving procedures
c (percentage relative to process time for solving)
c
c       268.21   96.64% search
c       247.39   89.14% stable
c        20.76    7.48% walk
c         9.32    3.36% simplify
c         3.29    1.19% vivify
c         1.96    0.71% sweep
c         1.00    0.36% backbone
c         0.77    0.28% elim
c         0.42    0.15% subsume
c         0.33    0.12% probe
c         0.25    0.09% congruence
c         0.24    0.09% ternary
c         0.06    0.02% lucky
c         0.04    0.01% parse
c   =================================
c       277.53   99.98% solve
c
c last line shows process time for solving
c (percentage relative to total process time)
c
c --- [ statistics ] ---------------------------------------------------------
c
c chronological:            179640        12.07 %  of conflicts
c conflicts:               1488932      5364.87    per second
c backbone:               78797719    202346.36 %  of vars
c decisions:               1627614      5864.57    per second
c eliminated:                 2856         7.33 %  of all variables
c fixed:                      8856        22.74 %  of all variables
c learned:                 1466844        98.52 %  per conflict
c learned_lits:          759163361       100.00 %  learned literals
c minimized:                     0         0.00 %  learned literals
c shrunken:              691043212        91.03 %  learned literals
c minishrunken:            4676377         0.62 %  learned literals
c otfs:                        652         0.04 %  of conflict
c propagations:          848930611         3.06 M  per second
c reduced:                  782656        52.56 %  per conflict
c rephased:                     54     27572.81    interval
c restarts:                    381      3907.96    interval
c subsumed:                 664923        37.16 %  of all clauses
c strengthened:              41380         2.31 %  of all clauses
c ticks:               11032907968        17.37    propagation
c vivified:                   4257         0.24 %  of all clauses
c walked:                       18     82718.44    interval
c weakened:                  13615         5.29    average size
c congruence:                   11    135357.45    interval
c
c seconds are measured in process time for solving
c
c --- [ glue usage ] ---------------------------------------------------------
c
c focused glue 2 used 0 clauses 0.000% accumulated 0.000% tier1
c focused glue 3 used 0 clauses 0.000% accumulated 0.000%
c focused glue 4 used 0 clauses 0.000% accumulated 0.000%
c focused glue 5 used 0 clauses 0.000% accumulated 0.000%
c focused glue 6 used 0 clauses 0.000% accumulated 0.000% tier2
c
c stable glue 25 used 300091 clauses 6.350% accumulated 53.51% tier1
c stable glue 26 used 298785 clauses 6.322% accumulated 59.84%
c stable glue 27-29 used 838765 clauses 17.75% accumulated 77.59%
c stable glue 30 used 257323 clauses 5.445% accumulated 83.03%
c stable glue 31 used 235174 clauses 4.976% accumulated 88.01% tier2
c
c
c --- [ resources ] ----------------------------------------------------------
c
c total process time since initialization:       277.58    seconds
c total real time since initialization:          300.00    seconds
c maximum resident set size of process:          185.59    MB
c
c --- [ shutting down ] ------------------------------------------------------
c
c exit 0
