c --- [ banner ] -------------------------------------------------------------
c
c CaDiCaL SAT Solver
c Copyright (c) 2016-2026
c A. Biere, M. Fleury, N. Froleyks, K. Fazekas, F. Pollitt, T. Faller
c JKU Linz, University of Freiburg, TU Wien
c
c Version 3.0.1 c60730422e758ef1cebe7aeddf2dda31c996bf04
c Apple clang version 21.0.0 (clang-2100.1.1.101) -Wall -Wextra -O3 -DNDEBUG -DNCLOSEFROM
c Tue Sep 1 21:08:57 PDT 2026 Darwin retained-runner 25.6.0 arm64
c
c --- [ limit ] --------------------------------------------------------------
c
c setting time limit to 300 seconds real time (due to '-t 300')
c
c --- [ parsing input ] ------------------------------------------------------
c
c reading DIMACS file from 'search-results/cadical-complete-cover-20260902/cnf/anchor-016-p1-s0.cnf'
c opening file to read 'search-results/cadical-complete-cover-20260902/cnf/anchor-016-p1-s0.cnf'
c found 'p cnf 38942 364405' header
c parsed 364405 clauses in 0.04 seconds process time
c
c --- [ options ] ------------------------------------------------------------
c
c   --elimeffort=10                (different from default '1e3')
c   --stabilizeonly=true           (different from default 'false')
c   --subsumeeffort=60             (different from default '1e3')
c
c --- [ solving ] ------------------------------------------------------------
c
c time measured in process time since initialization
c
c  seconds  reduction conflicts       size tier2        variables
c         MB    restarts   redundant    glue  trail          remaining
c          level     rate       size/glu tier1  irredundant
c
c *  0.04  0  0 0   0  0    0    0 0.0 0 0 2 6  0% 289738 30016 77%
c )  0.07  0  0 0   0  0    0    0 0.0 0 0 2 6  0% 289738 30016 77%
c [  0.09  0  0 0   0  0    0    0 0.0 0 0 2 6  0% 289738 30016 77%
c -  0.14  0 39 1   0  1  300   64 1.6 53 34 2 6 97% 274686 30016 77%
c -  0.21  0 38 2   0  2  926  248 1.7 52 30 2 6 97% 274686 30016 77%
c I  0.22  0 38 2   0  2 1002  294 1.7 50 30 2 6 97% 274686 30016 77%
c -  0.37  0 39 3   1  1 2020  379 1.6 54 34 2 6 95% 274686 30016 77%
c t  0.56  0 38 3   2  1 2984  662 1.4 50 35 2 6 95% 274686 30016 77%
c B  0.58  0 38 3   2  1 3005  669 1.4 50 35 2 6 93% 274686 30016 77%
c -  0.63  0 38 4   2  1 3635  538 1.4 46 33 2 6 94% 274686 30016 77%
c -  0.83  0 38 5   4  1 5803 1045 1.4 44 32 33 37 95% 274686 30016 77%
c W  0.91  0 38 5   4  1 6008 1182 1.4 45 32 33 37 95% 274686 30016 77%
c s  0.97  0 38 5   5  1 6542 1392 1.4 44 32 33 37 95% 274686 30016 77%
c e  1.22  0 38 5   5  1 6542  613 1.4 44 32 33 37 95% 268813 27372 70%
c s  1.24  0 38 5   5  1 6542  602 1.4 44 32 33 37 95% 268661 27372 70%
c e  1.31  0 38 5   5  1 6542  597 1.4 44 32 33 37 95% 268473 27323 70%
c 2  1.47  0 37 5   5  1 8088 1268 1.3 42 32 33 37 93% 268473 27323 70%
c -  1.57  0 37 6   6  1 8543  799 1.3 42 32 33 37 93% 268473 27323 70%
c F  1.73  0 37 6   6  1 10009 1754 1.4 43 32 33 37 92% 268473 27323 70%
c -  2.06  0 37 7   6  1 11843 1273 1.5 47 32 33 37 91% 268473 27323 70%
c
c  seconds  reductions conflicts       size    tier2         variables
c         MB    restarts    redundant     glue     trail          remaining
c          level     rate        size/glue  tier1    irredundant
c
c B  2.49  0 37 7   9  1 15010 3515 1.6 53 33 33 36 90% 268473 27323 70%
c -  2.59  0 37 8   9  1 15729 1453 1.6 53 33 33 36 90% 268473 27323 70%
c s  3.15  0 36 8  12  1 19729 3170 1.6 52 33 33 36 90% 268377 27323 70%
c e  3.19  0 36 8  12  1 19729 3168 1.6 52 33 33 36 90% 268275 27298 70%
c s  3.21  0 36 8  12  1 19729 3141 1.6 52 33 33 36 90% 268221 27298 70%
c e  3.23  0 36 8  12  1 19729 3139 1.6 52 33 33 36 90% 268181 27284 70%
c -  3.31  0 36 9  12  1 20209 1344 1.6 52 33 33 36 90% 268181 27284 70%
c v  3.37  0 36 9  12  1 20209 1334 1.6 52 33 33 36 90% 268181 27284 70%
c w  3.38  0 36 9  12  1 20209 1333 1.6 52 33 33 36 90% 268181 27284 70%
c W  3.64  0 36 9  13  1 21011 1814 1.6 52 33 33 36 90% 268181 27284 70%
c -  4.15  0 36 10  14  1 25285 1721 1.6 53 33 32 35 89% 268181 27284 70%
c #  4.50  0 36 10  14  1 28014 3415 1.6 53 33 32 35 89% 268181 27284 70%
c -  4.89  0 36 11  14  1 30964 1806 1.6 52 33 32 35 89% 268181 27284 70%
c B  5.58  0 35 11  17  1 36017 4893 1.6 52 33 32 35 89% 268181 27284 70%
c -  5.73  0 35 12  17  1 37248 1909 1.6 52 33 32 35 89% 268181 27284 70%
c s  6.02  0 35 12  19  1 39514 3097 1.6 52 33 31 35 89% 268105 27284 70%
c e  6.04  0 35 12  19  1 39514 3095 1.6 52 33 31 35 89% 268100 27281 70%
c s  6.05  0 35 12  19  1 39514 3090 1.6 52 33 31 35 89% 268072 27281 70%
c e  6.07  0 35 12  19  1 39514 3090 1.6 52 33 31 35 89% 268052 27274 70%
c -  6.59  0 35 13  21  1 44140 1835 1.6 51 32 31 35 89% 268052 27274 70%
c
c  seconds  reductions  conflicts       size    tier2         variables
c         MB     restarts    redundant     glue     trail          remaining
c          level      rate        size/glue  tier1    irredundant
c
c u  6.68  0 35 13  21  1 44140 1834 1.6 51 32 31 35 89% 268052 27274 70%
c w  6.70  0 35 13  21  1 44140 1822 1.6 51 32 31 35 89% 268052 27274 70%
c W  7.04  0 35 13  21  1 45019 2208 1.6 50 32 31 35 89% 268052 27274 70%
c -  7.88  0 35 14  26  1 51641 2021 1.5 50 32 31 35 89% 268052 27274 70%
c O  8.34  0 35 14  28  1 55020 3946 1.5 49 32 31 35 89% 268052 27274 70%
c -  8.98  0 34 15  29  1 59755 2121 1.5 48 32 31 35 88% 268052 27274 70%
c p  8.99  0 34 15  29  1 59755 2126 1.5 48 32 31 35 88% 268052 27274 70%
c s  9.86  0 33 15  29  1 65890 5070 1.5 47 31 31 35 88% 268028 27274 70%
c e  9.89  0 33 15  29  1 65890 5070 1.5 47 31 31 35 88% 268026 27273 70%
c s  9.89  0 33 15  29  1 65890 4994 1.5 47 31 31 35 88% 268022 27273 70%
c e  9.91  0 33 15  29  1 65890 4992 1.5 47 31 31 35 88% 268011 27269 70%
c B  9.94  0 33 15  29  1 66021 5052 1.5 47 31 31 35 88% 268011 27269 70%
c - 10.27  0 33 16  30  1 68482 2133 1.5 47 31 31 35 88% 268011 27269 70%
c p 10.28  0 33 16  30  1 68482 2155 1.5 47 31 31 35 88% 268011 27269 70%
c u 10.31  0 33 16  30  1 68482 2152 1.5 47 31 31 35 88% 268011 27269 70%
c w 10.32  0 33 16  30  1 68482 2128 1.5 47 31 31 35 88% 268011 27269 70%
c - 11.51  0 33 17  30  1 77824 2626 1.6 49 31 29 34 88% 268011 27269 70%
c p 11.52  0 33 17  30  1 77824 2647 1.6 49 31 29 34 88% 268011 27269 70%
c W 12.02  0 34 17  30  1 78022 2769 1.6 49 31 29 34 88% 268011 27269 70%
c - 13.23  0 34 18  34  1 87783 2574 1.5 49 32 29 34 88% 268011 27269 70%
c
c  seconds  reductions  conflicts       size    tier2         variables
c         MB     restarts    redundant     glue     trail          remaining
c          level      rate        size/glue  tier1    irredundant
c
c p 13.24  0 34 18  34  1 87783 2608 1.5 49 32 29 34 88% 268011 27269 70%
c u 13.36  0 34 18  34  1 87783 2605 1.5 49 32 29 34 88% 268011 27269 70%
c w 13.37  0 34 18  34  1 87783 2591 1.5 49 32 29 34 88% 268011 27269 70%
c I 13.81  0 34 18  36  1 91024 4634 1.5 49 32 29 34 88% 268011 27269 70%
c - 14.85  0 33 19  40  1 98362 2640 1.5 48 31 29 34 88% 268011 27269 70%
c p 14.86  0 33 19  40  1 98362 2706 1.5 48 31 29 34 88% 268011 27269 70%
c s 14.95  0 33 19  40  1 98860 2823 1.5 48 31 29 34 88% 268001 27269 70%
c s 14.98  0 33 19  40  1 98860 2779 1.5 48 31 29 34 88% 268001 27269 70%
c e 14.99  0 33 19  40  1 98860 2779 1.5 48 31 29 34 88% 267996 27267 70%
c B 15.84  0 33 19  44  1 105029 6046 1.5 47 31 29 34 88% 267996 27267 70%
c - 16.45  0 32 20  45  1 109558 2604 1.5 46 30 29 34 88% 267996 27267 70%
c p 16.46  0 32 20  45  1 109558 2701 1.5 46 30 29 34 88% 267996 27267 70%
c w 16.51  0 32 20  45  1 109558 2687 1.5 46 30 29 34 88% 267996 27267 70%
c W 18.39  0 31 20  48  1 120031 8557 1.5 45 30 29 34 88% 267996 27267 70%
c - 18.57  0 32 21  49  1 121374 2797 1.5 45 30 29 34 88% 267996 27267 70%
c p 18.58  0 32 21  49  1 121374 2916 1.5 45 30 29 34 88% 267996 27267 70%
c - 20.17  0 32 22  56  1 133812 2887 1.5 45 30 29 34 88% 267996 27267 70%
c p 20.17  0 32 22  56  1 133812 2955 1.5 45 30 29 34 88% 267996 27267 70%
c u 20.20  0 32 22  56  1 133812 2955 1.5 45 30 29 34 88% 267996 27267 70%
c w 20.21  0 32 22  56  1 133812 2942 1.5 45 30 29 34 88% 267996 27267 70%
c
c  seconds  reductions  conflicts        size    tier2         variables
c         MB     restarts     redundant     glue     trail          remaining
c          level      rate         size/glue  tier1    irredundant
c
c F 20.51  0 32 22  58  1 136033 4233 1.5 45 30 29 34 88% 267994 27267 70%
c s 20.85  0 32 22  59  1 138427 5767 1.5 45 30 27 33 88% 267989 27267 70%
c e 20.87  0 32 22  59  1 138427 5767 1.5 45 30 27 33 88% 267986 27266 70%
c s 20.87  0 32 22  59  1 138427 5705 1.5 45 30 27 33 88% 267984 27266 70%
c e 20.89  0 32 22  59  1 138427 5705 1.5 45 30 27 33 88% 267981 27265 70%
c - 22.10  0 32 23  60  1 146872 2975 1.5 45 30 27 33 88% 267981 27265 70%
c p 22.11  0 32 23  60  1 146872 3063 1.5 45 30 27 33 88% 267981 27265 70%
c B 22.95  0 32 23  61  1 153035 6566 1.5 46 31 27 33 88% 267981 27265 70%
c - 23.98  0 33 24  61  1 160554 3232 1.5 46 31 27 33 88% 267981 27265 70%
c p 23.98  0 33 24  61  1 160554 3303 1.5 46 31 27 33 88% 267981 27265 70%
c w 24.16  0 33 24  61  1 160554 3274 1.5 46 31 27 33 88% 267981 27265 70%
c W 26.18  0 32 24  62  1 171036 8597 1.5 46 31 27 33 88% 267981 27265 70%
c - 26.68  0 32 25  62  1 174861 3039 1.5 45 31 27 33 88% 267981 27265 70%
c p 26.68  0 32 25  62  1 174861 3146 1.5 45 31 27 33 88% 267981 27265 70%
c s 27.97  0 32 25  62  1 184588 7999 1.5 45 31 27 33 88% 267979 27265 70%
c e 27.99  0 32 25  62  1 184588 7999 1.5 45 31 27 33 88% 267974 27263 70%
c s 28.00  0 32 25  62  1 184588 7995 1.5 45 31 27 33 88% 267973 27263 70%
c e 28.01  0 32 25  62  1 184588 7995 1.5 45 31 27 33 88% 267968 27261 70%
c - 28.69  0 32 26  62  1 189790 3170 1.5 45 31 27 33 88% 267968 27261 70%
c p 28.70  0 32 26  62  1 189790 3283 1.5 45 31 27 33 88% 267968 27261 70%
c
c  seconds  reductions  conflicts        size    tier2         variables
c         MB     restarts     redundant     glue     trail          remaining
c          level      rate         size/glue  tier1    irredundant
c
c u 28.74  0 32 26  62  1 189790 3282 1.5 45 31 27 33 88% 267968 27261 70%
c w 28.76  0 32 26  62  1 189790 3261 1.5 45 31 27 33 88% 267968 27261 70%
c # 28.80  0 32 26  62  1 190038 3397 1.5 45 31 27 33 88% 267968 27261 70%
c - 30.43  0 32 27  67  1 205343 3327 1.5 45 31 27 33 88% 267968 27261 70%
c p 30.44  0 32 27  67  1 205343 3596 1.5 45 31 27 33 88% 267968 27261 70%
c B 30.95  0 32 27  69  1 210040 6121 1.5 45 31 27 33 88% 267968 27261 70%
c - 32.32  0 32 28  76  1 221520 3440 1.4 44 31 27 33 88% 267968 27261 70%
c p 32.32  0 32 28  76  1 221520 3681 1.4 44 31 27 33 88% 267968 27261 70%
c w 32.38  0 32 28  76  1 221520 3663 1.4 44 31 27 33 88% 267968 27261 70%
c W 34.00  0 32 28  77  1 231042 8833 1.4 44 30 27 33 88% 267968 27261 70%
c s 34.73  0 32 28  81  1 237344 11946 1.4 44 30 27 33 88% 267965 27261 70%
c s 34.77  0 32 28  81  1 237344 11944 1.4 44 30 27 33 88% 267965 27261 70%
c e 34.78  0 32 28  81  1 237344 11944 1.4 44 30 27 33 88% 267960 27259 70%
c - 34.92  0 32 29  82  1 238323 3529 1.4 44 30 27 33 88% 267960 27259 70%
c p 34.94  0 32 29  82  1 238323 3805 1.4 44 30 27 33 88% 267960 27259 70%
c w 34.97  0 32 29  82  1 238323 3794 1.4 44 30 27 33 88% 267960 27259 70%
c O 36.85  0 32 29  90  1 253047 11098 1.4 43 30 27 33 88% 267960 27259 70%
c - 37.18  0 31 30  91  1 255752 3507 1.4 43 30 27 33 88% 267960 27259 70%
c p 37.19  0 31 30  91  1 255752 3792 1.4 43 30 27 33 88% 267960 27259 70%
c w 37.25  0 31 30  91  1 255752 3778 1.4 43 30 27 33 88% 267960 27259 70%
c
c  seconds  reductions  conflicts        size    tier2         variables
c         MB     restarts     redundant     glue     trail          remaining
c          level      rate         size/glue  tier1    irredundant
c
c - 39.34  0 31 31  93  1 273805 3891 1.4 42 29 26 32 88% 267960 27259 70%
c p 39.35  0 31 31  93  1 273805 4151 1.4 42 29 26 32 88% 267960 27259 70%
c w 39.58  0 31 31  93  1 273805 4140 1.4 42 29 26 32 88% 267960 27259 70%
c B 39.87  0 31 31  93  1 276048 5251 1.4 42 29 26 32 88% 267960 27259 70%
c - 41.99  0 31 32 100  1 292486 3904 1.4 42 30 26 32 88% 267960 27259 70%
c p 42.00  0 31 32 100  1 292486 4163 1.4 42 30 26 32 88% 267960 27259 70%
c w 42.04  0 31 32 100  1 292486 4102 1.4 42 30 26 32 88% 267960 27259 70%
c s 42.55  0 31 32 102  1 296694 6433 1.4 42 30 26 32 88% 267960 27259 70%
c s 42.57  0 31 32 102  1 296694 6425 1.4 42 30 26 32 88% 267960 27259 70%
c W 43.89  0 31 32 104  1 300053 8254 1.4 42 30 26 32 88% 267960 27259 70%
c - 45.53  0 31 33 108  1 311793 3838 1.4 42 30 26 32 88% 267960 27259 70%
c p 45.54  0 31 33 108  1 311793 4085 1.4 42 30 26 32 88% 267960 27259 70%
c w 45.59  0 31 33 108  1 311793 4056 1.4 42 30 26 32 88% 267960 27259 70%
c I 47.22  0 31 33 115  1 325054 10456 1.4 42 30 26 32 88% 267960 27259 70%
c - 48.05  0 31 34 118  1 331728 3854 1.4 41 29 26 32 88% 267960 27259 70%
c p 48.06  0 31 34 118  1 331728 4075 1.4 41 29 26 32 88% 267960 27259 70%
c w 48.10  0 31 34 118  1 331728 4053 1.4 41 29 26 32 88% 267960 27259 70%
c B 50.47  0 30 34 124  1 351056 13882 1.4 41 29 26 32 88% 267960 27259 70%
c - 50.64  0 30 35 124  1 352290 4036 1.4 41 29 26 32 88% 267960 27259 70%
c p 50.66  0 30 35 124  1 352290 4220 1.4 41 29 26 32 88% 267960 27259 70%
c
c  seconds  reductions  conflicts        size    tier2         variables
c         MB     restarts     redundant     glue     trail          remaining
c          level      rate         size/glue  tier1    irredundant
c
c w 50.71  0 30 35 124  1 352290 4195 1.4 41 29 26 32 88% 267960 27259 70%
c - 53.26  0 30 36 125  1 373483 4211 1.4 41 29 26 32 88% 267960 27259 70%
c p 53.27  0 30 36 125  1 373483 4500 1.4 41 29 26 32 88% 267960 27259 70%
c w 53.32  0 30 36 125  1 373483 4472 1.4 41 29 26 32 88% 267960 27259 70%
c W 54.70  0 30 36 125  1 378059 7303 1.4 41 29 26 32 88% 267960 27259 70%
c - 56.72  0 31 37 125  1 395301 4362 1.4 42 29 26 32 88% 267960 27259 70%
c p 56.73  0 31 37 125  1 395301 4741 1.4 42 29 26 32 88% 267960 27259 70%
c w 56.78  0 31 37 125  1 395301 4700 1.4 42 29 26 32 88% 267960 27259 70%
c F 57.97  0 31 37 126  1 406060 11101 1.5 43 30 25 32 88% 267960 27259 70%
c - 59.34  0 32 38 126  1 417748 4419 1.5 44 30 25 32 88% 267960 27259 70%
c p 59.35  0 32 38 126  1 417748 4703 1.5 44 30 25 32 88% 267960 27259 70%
c w 59.42  0 32 38 126  1 417748 4676 1.5 44 30 25 32 88% 267960 27259 70%
c B 61.38  0 32 38 126  1 435061 14458 1.5 45 30 25 32 88% 267960 27259 70%
c - 62.11  0 32 39 126  1 440823 4433 1.5 45 30 25 32 88% 267960 27259 70%
c p 62.13  0 32 39 126  1 440823 4730 1.5 45 30 25 32 88% 267960 27259 70%
c w 62.38  0 32 39 126  1 440823 4710 1.5 45 30 25 32 88% 267960 27259 70%
c - 65.17  0 32 40 126  1 464526 4330 1.5 44 30 25 32 88% 267960 27259 70%
c p 65.18  0 32 40 126  1 464526 4667 1.5 44 30 25 32 88% 267960 27259 70%
c u 65.22  0 32 40 126  1 464526 4667 1.5 44 30 25 32 88% 267960 27259 70%
c w 65.23  0 32 40 126  1 464526 4646 1.5 44 30 25 32 88% 267960 27259 70%
c
c  seconds  reductions  conflicts        size    tier2         variables
c         MB     restarts     redundant     glue     trail          remaining
c          level      rate         size/glue  tier1    irredundant
c
c W 66.31  0 32 40 126  1 465062 4938 1.5 44 30 25 32 88% 267960 27259 70%
c - 69.04  0 32 41 140  1 488859 4345 1.5 44 30 25 32 88% 267960 27259 70%
c p 69.05  0 32 41 140  1 488859 4745 1.5 44 30 25 32 88% 267960 27259 70%
c w 69.11  0 32 41 140  1 488859 4719 1.5 44 30 25 32 88% 267960 27259 70%
c # 69.99  0 32 41 141  1 496063 8532 1.5 44 30 25 32 88% 267960 27259 70%
c - 71.85  0 32 42 150  1 513820 4176 1.4 44 30 25 32 88% 267960 27259 70%
c p 71.86  0 32 42 150  1 513820 4433 1.4 44 30 25 32 88% 267960 27259 70%
c u 71.90  0 32 42 150  1 513820 4432 1.4 44 30 25 32 88% 267960 27259 70%
c w 71.91  0 32 42 150  1 513820 4404 1.4 44 30 25 32 88% 267960 27259 70%
c B 73.45  0 32 42 156  1 528065 11398 1.4 44 31 25 32 88% 267960 27259 70%
c - 74.78  0 32 43 157  1 539413 4421 1.4 44 31 26 32 88% 267960 27259 70%
c p 74.80  0 32 43 157  1 539413 4662 1.4 44 31 26 32 88% 267960 27259 70%
c w 74.86  0 32 43 157  1 539413 4636 1.4 44 31 26 32 88% 267960 27259 70%
c W 78.34  0 32 43 164  1 561066 16612 1.4 44 31 26 32 88% 267960 27259 70%
c - 78.86  0 32 44 167  1 565634 4801 1.4 44 31 26 32 88% 267960 27259 70%
c p 78.87  0 32 44 167  1 565634 5074 1.4 44 31 26 32 88% 267960 27259 70%
c w 78.93  0 32 44 167  1 565634 5033 1.4 44 31 26 32 88% 267960 27259 70%
c - 81.89  0 33 45 179  1 592487 4836 1.4 44 31 26 32 88% 267960 27259 70%
c p 81.91  0 33 45 179  1 592487 5286 1.4 44 31 26 32 88% 267960 27259 70%
c w 81.97  0 33 45 179  1 592487 5245 1.4 44 31 26 32 88% 267960 27259 70%
c
c  seconds  reductions  conflicts        size    tier2         variables
c         MB     restarts     redundant     glue     trail          remaining
c          level      rate         size/glue  tier1    irredundant
c
c O 82.28  0 33 45 180  1 595068 6695 1.4 44 31 26 32 88% 267960 27259 70%
c - 85.24  0 32 46 188  1 619970 4493 1.4 43 30 26 32 88% 267960 27259 70%
c p 85.26  0 32 46 188  1 619970 5020 1.4 43 30 26 32 88% 267960 27259 70%
c w 85.33  0 32 46 188  1 619970 4977 1.4 43 30 26 32 88% 267960 27259 70%
c B 86.62  0 32 46 188  1 630069 10217 1.4 42 30 26 32 88% 267960 27259 70%
c - 88.88  0 32 47 189  1 648082 5658 1.5 45 31 26 32 88% 267960 27259 70%
c p 88.89  0 32 47 189  1 648082 6024 1.5 45 31 26 32 88% 267960 27259 70%
c w 88.96  0 32 47 189  1 648082 6000 1.5 45 31 26 32 88% 267960 27259 70%
c s 89.00  0 32 47 189  1 648082 5536 1.5 45 31 26 32 88% 267958 27259 70%
c s 89.03  0 32 47 189  1 648082 5496 1.5 45 31 26 32 88% 267958 27259 70%
c W 92.50  0 33 47 190  1 666070 16124 1.5 46 31 26 32 88% 267958 27259 70%
c - 93.55  0 33 48 196  1 676821 5494 1.5 46 31 26 32 88% 267958 27259 70%
c p 93.56  0 33 48 196  1 676821 5854 1.5 46 31 26 32 88% 267958 27259 70%
c w 93.87  0 33 48 196  1 676821 5814 1.5 46 31 26 32 88% 267958 27259 70%
c I 96.89  0 33 48 207  1 703072 19326 1.5 46 31 26 32 88% 267958 27259 70%
c - 97.30  0 32 49 210  1 706194 5121 1.5 45 31 26 32 88% 267958 27259 70%
c p 97.31  0 32 49 210  1 706194 5355 1.5 45 31 26 32 88% 267958 27259 70%
c w 97.37  0 32 49 210  1 706194 5330 1.5 45 31 26 32 88% 267958 27259 70%
c - 100.82  0 31 50 220  1 736194 5146 1.4 42 29 25 32 88% 267958 27259 70%
c p 100.83  0 31 50 220  1 736194 5448 1.4 42 29 25 32 88% 267958 27259 70%
c
c  seconds   reductions  conflicts        size    tier2         variables
c          MB     restarts     redundant     glue     trail          remaining
c           level      rate         size/glue  tier1    irredundant
c
c w 100.90  0 31 50 220  1 736194 5405 1.4 42 29 25 32 88% 267958 27259 70%
c B 101.50  0 31 50 220  1 741073 8124 1.4 42 29 25 32 88% 267958 27259 70%
c - 104.80  0 30 51 232  1 766826 5414 1.4 42 29 25 32 88% 267958 27259 70%
c p 104.81  0 30 51 232  1 766826 5827 1.4 42 29 25 32 88% 267958 27259 70%
c w 104.89  0 30 51 232  1 766826 5774 1.4 42 29 25 32 88% 267958 27259 70%
c W 107.58  0 30 51 235  1 780074 12978 1.4 42 29 25 32 88% 267958 27259 70%
c - 109.60  0 31 52 245  1 798094 5758 1.5 43 29 25 32 88% 267958 27259 70%
c p 109.62  0 31 52 245  1 798094 6274 1.5 43 29 25 32 88% 267958 27259 70%
c w 109.70  0 31 52 245  1 798094 6226 1.5 43 29 25 32 88% 267958 27259 70%
c F 112.29  0 31 52 251  1 820076 18004 1.5 44 30 25 32 88% 267958 27259 70%
c - 113.45  0 32 53 251  1 829989 5671 1.5 44 30 25 32 88% 267958 27259 70%
c p 113.46  0 32 53 251  1 829989 6048 1.5 44 30 25 32 88% 267958 27259 70%
c v 113.51  0 32 53 251  1 829989 6048 1.5 44 30 25 32 88% 267958 27259 70%
c w 113.54  0 32 53 251  1 829989 6007 1.5 44 30 25 32 88% 267958 27259 70%
c B 117.01  0 32 53 252  1 861077 22895 1.5 45 30 26 32 88% 267958 27259 70%
c - 117.21  0 32 54 252  1 862513 5857 1.5 46 31 26 32 88% 267958 27259 70%
c p 117.22  0 32 54 252  1 862513 6206 1.5 46 31 26 32 88% 267958 27259 70%
c w 117.29  0 32 54 252  1 862513 6197 1.5 46 31 26 32 88% 267958 27259 70%
c - 120.75  0 32 55 253  1 895668 5701 1.5 45 31 26 32 88% 267958 27259 70%
c p 120.76  0 32 55 253  1 895668 6115 1.5 45 31 26 32 88% 267958 27259 70%
c
c  seconds   reductions  conflicts        size    tier2         variables
c          MB     restarts     redundant     glue     trail          remaining
c           level      rate         size/glue  tier1    irredundant
c
c w 120.82  0 32 55 253  1 895668 6091 1.5 45 31 26 32 88% 267958 27259 70%
c s 120.85  0 32 55 253  1 895668 4740 1.5 45 31 26 32 88% 267956 27259 70%
c s 120.88  0 32 55 253  1 895668 4735 1.5 45 31 26 32 88% 267956 27259 70%
c W 123.07  0 32 55 253  1 903080 9084 1.5 45 31 26 32 88% 267956 27259 70%
c - 125.79  0 32 56 253  1 929455 5401 1.4 44 31 26 32 88% 267956 27259 70%
c p 125.80  0 32 56 253  1 929455 5714 1.4 44 31 26 32 88% 267956 27259 70%
c w 125.87  0 32 56 253  1 929455 5694 1.4 44 31 26 32 88% 267956 27259 70%
c # 127.72  0 32 56 254  1 946083 15148 1.5 44 31 26 32 88% 267956 27259 70%
c - 129.85  0 33 57 254  1 963874 6598 1.5 47 31 26 32 88% 267956 27259 70%
c p 129.86  0 33 57 254  1 963874 6925 1.5 47 31 26 32 88% 267956 27259 70%
c w 129.96  0 33 57 254  1 963874 6894 1.5 47 31 26 32 88% 267956 27259 70%
c B 133.04  0 33 57 254  1 990084 20122 1.5 46 31 26 32 88% 267956 27259 70%
c - 134.11  0 33 58 254  1 998924 6153 1.5 46 31 26 32 88% 267956 27259 70%
c p 134.13  0 33 58 254  1 998924 6528 1.5 46 31 26 32 88% 267956 27259 70%
c w 134.53  0 33 58 254  1 998924 6460 1.5 46 31 26 32 88% 267956 27259 70%
c - 138.65  0 32 59 254  1 1034608 6271 1.5 45 31 26 32 88% 267956 27259 70%
c p 138.66  0 32 59 254  1 1034608 6786 1.5 45 31 26 32 88% 267956 27259 70%
c w 138.75  0 32 59 254  1 1034608 6738 1.5 45 31 26 32 88% 267956 27259 70%
c W 140.06  0 32 59 254  1 1035086 7021 1.5 45 31 26 32 88% 267956 27259 70%
c - 143.81  0 32 60 259  1 1070921 6688 1.5 46 31 26 32 88% 267956 27259 70%
c
c  seconds   reductions   conflicts        size    tier2         variables
c          MB     restarts      redundant     glue     trail          remaining
c           level      rate          size/glue  tier1    irredundant
c
c p 143.83  0 32 60 259  1 1070921 7115 1.5 46 31 26 32 88% 267956 27259 70%
c v 143.88  0 32 60 259  1 1070921 7115 1.5 46 31 26 32 88% 267956 27259 70%
c w 143.90  0 32 60 259  1 1070921 7085 1.5 46 31 26 32 88% 267956 27259 70%
c O 144.96  0 32 60 264  1 1081088 12550 1.5 46 31 26 32 88% 267956 27259 70%
c - 147.91  0 32 61 276  1 1107869 6586 1.5 44 30 26 32 88% 267956 27259 70%
c p 147.93  0 32 61 276  1 1107869 6994 1.5 44 30 26 32 88% 267956 27259 70%
c w 148.01  0 32 61 276  1 1107869 6965 1.5 44 30 26 32 88% 267956 27259 70%
c B 150.26  0 31 61 284  1 1128091 17887 1.5 44 30 26 32 88% 267956 27259 70%
c - 152.37  0 32 62 285  1 1145445 6802 1.4 44 30 26 32 88% 267956 27259 70%
c p 152.39  0 32 62 285  1 1145445 7177 1.4 44 30 26 32 88% 267956 27259 70%
c w 152.51  0 32 62 285  1 1145445 7129 1.4 44 30 26 32 88% 267956 27259 70%
c W 158.72  0 32 62 300  1 1176092 22785 1.4 43 30 26 32 88% 267956 27259 70%
c - 159.59  0 32 63 302  1 1183654 6688 1.4 43 30 26 32 88% 267956 27259 70%
c p 159.61  0 32 63 302  1 1183654 7040 1.4 43 30 26 32 88% 267956 27259 70%
c w 159.70  0 32 63 302  1 1183654 6995 1.4 43 30 26 32 88% 267956 27259 70%
c - 164.08  0 32 64 316  1 1222497 7232 1.4 43 30 26 31 88% 267956 27259 70%
c p 164.10  0 32 64 316  1 1222497 7690 1.4 43 30 26 31 88% 267956 27259 70%
c w 164.17  0 32 64 316  1 1222497 7672 1.4 43 30 26 31 88% 267956 27259 70%
c s 164.22  0 32 64 316  1 1222497 7528 1.4 43 30 26 31 88% 267953 27259 70%
c s 164.26  0 32 64 316  1 1222497 7515 1.4 43 30 26 31 88% 267953 27259 70%
c
c  seconds   reductions   conflicts        size    tier2         variables
c          MB     restarts      redundant     glue     trail          remaining
c           level      rate          size/glue  tier1    irredundant
c
c ^ 164.26  0 32 64 316  1 1222497 7515 1.4 43 30 26 31 88% 267953 27259 70%
c I 164.57  0 32 64 316  1 1225093 9238 1.4 43 30 26 31 88% 267953 27259 70%
c - 168.95  0 31 65 317  1 1261971 7221 1.5 43 29 26 31 88% 267953 27259 70%
c p 168.97  0 31 65 317  1 1261971 7703 1.5 43 29 26 31 88% 267953 27259 70%
c w 169.06  0 31 65 317  1 1261971 7649 1.5 43 29 26 31 88% 267953 27259 70%
c B 170.68  0 30 65 324  1 1275094 14372 1.5 42 29 26 31 88% 267953 27259 70%
c - 174.06  0 30 66 335  1 1302077 6862 1.5 42 29 26 31 88% 267953 27259 70%
c p 174.07  0 30 66 335  1 1302077 7324 1.5 42 29 26 31 88% 267953 27259 70%
c w 174.17  0 30 66 335  1 1302077 7262 1.5 42 29 26 31 88% 267953 27259 70%
c s 174.94  0 30 66 339  1 1308225 10066 1.5 42 29 26 31 88% 267953 27259 70%
c e 175.03  0 30 66 339  1 1308225 10065 1.5 42 29 26 31 88% 267957 27255 70%
c s 175.04  0 30 66 339  1 1308225 10043 1.5 42 29 26 31 88% 267949 27255 70%
c W 179.15  0 30 66 347  1 1326097 18661 1.4 41 28 25 31 88% 267949 27255 70%
c - 181.10  0 30 67 348  1 1342815 6800 1.5 42 29 25 31 88% 267949 27255 70%
c p 181.11  0 30 67 348  1 1342815 7260 1.5 42 29 25 31 88% 267949 27255 70%
c w 181.20  0 30 67 348  1 1342815 7209 1.5 42 29 25 31 88% 267949 27255 70%
c F 185.30  0 31 67 363  1 1378098 24576 1.5 43 30 25 31 88% 267949 27255 70%
c - 186.02  0 31 68 366  1 1384184 6904 1.5 43 30 25 31 88% 267949 27255 70%
c p 186.03  0 31 68 366  1 1384184 7263 1.5 43 30 25 31 88% 267949 27255 70%
c w 186.14  0 31 68 366  1 1384184 7199 1.5 43 30 25 31 88% 267949 27255 70%
c
c  seconds   reductions   conflicts         size    tier2         variables
c          MB     restarts       redundant     glue     trail          remaining
c           level      rate           size/glue  tier1    irredundant
c
c s 188.10  0 32 68 376  1 1400552 18296 1.5 46 30 25 31 88% 267948 27255 70%
c s 188.13  0 32 68 376  1 1400552 18288 1.5 46 30 25 31 88% 267946 27255 70%
c - 191.20  0 32 69 379  1 1426186 7742 1.5 45 30 25 31 88% 267946 27255 70%
c p 191.21  0 32 69 379  1 1426186 8021 1.5 45 30 25 31 88% 267946 27255 70%
c w 191.71  0 32 69 379  1 1426186 7976 1.5 45 30 25 31 88% 267946 27255 70%
c B 192.26  0 32 69 379  1 1431099 10441 1.5 45 30 25 31 88% 267946 27255 70%
c - 196.86  0 32 70 381  1 1468820 7575 1.5 45 30 25 31 88% 267946 27255 70%
c p 196.88  0 32 70 381  1 1468820 8201 1.5 45 30 25 31 88% 267946 27255 70%
c w 196.97  0 32 70 381  1 1468820 8126 1.5 45 30 25 31 88% 267946 27255 70%
c W 200.75  0 32 70 381  1 1485100 16626 1.5 44 30 25 31 88% 267946 27255 70%
c - 203.87  0 32 71 381  1 1512086 7533 1.5 45 31 25 31 88% 267946 27255 70%
c p 203.89  0 32 71 381  1 1512086 7997 1.5 45 31 25 31 88% 267946 27255 70%
c w 203.98  0 32 71 381  1 1512086 7952 1.5 45 31 25 31 88% 267946 27255 70%
c # 207.14  0 32 71 388  1 1540102 23094 1.5 45 31 25 31 88% 267946 27255 70%
c - 209.20  0 33 72 395  1 1555985 8003 1.5 46 31 25 31 88% 267946 27255 70%
c p 209.22  0 33 72 395  1 1555985 8350 1.5 46 31 25 31 88% 267946 27255 70%
c w 209.31  0 33 72 395  1 1555985 8288 1.5 46 31 25 31 88% 267946 27255 70%
c B 214.21  0 33 72 411  1 1596103 29857 1.4 45 31 25 32 88% 267946 27255 70%
c - 214.86  0 33 73 412  1 1600517 8102 1.4 45 31 25 32 88% 267946 27255 70%
c p 214.87  0 33 73 412  1 1600517 8536 1.4 45 31 25 32 88% 267946 27255 70%
c
c  seconds   reductions   conflicts        size    tier2         variables
c          MB     restarts      redundant     glue     trail          remaining
c           level      rate          size/glue  tier1    irredundant
c
c w 214.97  0 33 73 412  1 1600517 8475 1.4 45 31 25 32 88% 267946 27255 70%
c - 220.31  0 33 74 427  1 1645682 7850 1.4 44 31 26 31 88% 267946 27255 70%
c p 220.33  0 33 74 427  1 1645682 8208 1.4 44 31 26 31 88% 267946 27255 70%
c w 220.41  0 33 74 427  1 1645682 8170 1.4 44 31 26 31 88% 267946 27255 70%
c s 220.46  0 33 74 427  1 1645682 8128 1.4 44 31 26 31 88% 267934 27255 70%
c s 220.49  0 33 74 427  1 1645682 8116 1.4 44 31 26 31 88% 267934 27255 70%
c ^ 220.49  0 33 74 427  1 1645682 8116 1.4 44 31 26 31 88% 267934 27255 70%
c W 222.60  0 33 74 432  1 1653104 12496 1.4 45 31 26 31 88% 267934 27255 70%
c - 226.94  0 33 75 443  1 1691480 8126 1.4 45 31 26 31 88% 267934 27255 70%
c p 226.96  0 33 75 443  1 1691480 8400 1.4 45 31 26 31 88% 267934 27255 70%
c w 227.06  0 33 75 443  1 1691480 8328 1.4 45 31 26 31 88% 267934 27255 70%
c O 229.25  0 33 75 444  1 1711105 18808 1.4 45 32 26 32 88% 267934 27255 70%
c - 232.65  0 32 76 450  1 1737911 8113 1.4 43 31 26 32 88% 267934 27255 70%
c p 232.67  0 32 76 450  1 1737911 8794 1.4 43 31 26 32 88% 267934 27255 70%
c u 232.75  0 32 76 450  1 1737911 8790 1.4 43 31 26 32 88% 267934 27255 70%
c w 232.79  0 32 76 450  1 1737911 8732 1.4 43 31 26 32 88% 267934 27255 70%
c s 234.46  0 32 76 457  1 1751196 14998 1.4 43 30 26 32 88% 267934 27255 70%
c e 234.56  0 32 76 457  1 1751196 14942 1.4 43 30 26 32 88% 267948 27248 70%
c s 234.57  0 32 76 457  1 1751196 14935 1.4 43 30 26 32 88% 267934 27248 70%
c B 237.07  0 31 76 465  1 1770106 23594 1.4 41 30 26 32 88% 267934 27248 70%
c
c  seconds   reductions   conflicts        size    tier2         variables
c          MB     restarts      redundant     glue     trail          remaining
c           level      rate          size/glue  tier1    irredundant
c
c - 238.71  0 31 77 473  1 1784975 7804 1.4 42 30 26 31 88% 267934 27248 70%
c p 238.73  0 31 77 473  1 1784975 8330 1.4 42 30 26 31 88% 267934 27248 70%
c v 238.80  0 31 77 473  1 1784975 8329 1.4 42 30 26 31 88% 267934 27248 70%
c w 238.84  0 31 77 473  1 1784975 8268 1.4 42 30 26 31 88% 267934 27248 70%
c W 246.21  0 32 77 485  1 1830107 31615 1.4 44 31 26 31 88% 267934 27248 70%
c - 246.54  0 32 78 488  1 1832672 8194 1.4 44 31 26 31 88% 267934 27248 70%
c p 246.55  0 32 78 488  1 1832672 8720 1.4 44 31 26 31 88% 267934 27248 70%
c w 246.66  0 32 78 488  1 1832672 8660 1.4 44 31 26 31 88% 267934 27248 70%
c s 249.88  0 32 78 500  1 1863317 25397 1.4 44 31 26 31 88% 267931 27248 70%
c s 249.92  0 32 78 500  1 1863317 25385 1.4 44 31 26 31 88% 267927 27248 70%
c - 251.89  0 32 79 506  1 1881004 8482 1.4 44 31 26 31 88% 267927 27248 70%
c p 251.91  0 32 79 506  1 1881004 8861 1.4 44 31 26 31 88% 267927 27248 70%
c w 252.01  0 32 79 506  1 1881004 8816 1.4 44 31 26 31 88% 267927 27248 70%
c I 253.06  0 32 79 506  1 1891109 15059 1.4 45 31 26 31 88% 267927 27248 70%
c - 257.83  0 32 80 507  1 1929967 9368 1.5 45 30 26 31 88% 267927 27248 70%
c p 257.85  0 32 80 507  1 1929967 9676 1.5 45 30 26 31 88% 267927 27248 70%
c u 257.95  0 32 80 507  1 1929967 9676 1.5 45 30 26 31 88% 267927 27248 70%
c w 257.99  0 32 80 507  1 1929967 9642 1.5 45 30 26 31 88% 267927 27248 70%
c B 260.73  0 32 80 508  1 1953111 23381 1.5 46 30 26 31 88% 267927 27248 70%
c - 263.87  0 32 81 508  1 1979563 9162 1.5 44 30 26 31 88% 267927 27248 70%
c
c  seconds   reductions   conflicts        size    tier2         variables
c          MB     restarts      redundant     glue     trail          remaining
c           level      rate          size/glue  tier1    irredundant
c
c p 263.89  0 32 81 508  1 1979563 9797 1.5 44 30 26 31 88% 267927 27248 70%
c w 264.54  0 32 81 508  1 1979563 9756 1.5 44 30 26 31 88% 267927 27248 70%
c s 264.86  0 32 81 508  1 1982033 10922 1.5 44 30 26 31 88% 267927 27248 70%
c s 264.89  0 32 81 508  1 1982033 10877 1.5 44 30 26 31 88% 267927 27248 70%
c W 270.74  0 32 81 509  1 2016112 29833 1.5 44 30 26 31 88% 267927 27248 70%
c - 272.39  0 32 82 509  1 2029792 9539 1.5 46 31 26 31 88% 267927 27248 70%
c p 272.41  0 32 82 509  1 2029792 10081 1.5 46 31 26 31 88% 267927 27248 70%
c v 272.49  0 32 82 509  1 2029792 10081 1.5 46 31 26 31 88% 267927 27248 70%
c w 272.52  0 32 82 509  1 2029792 10031 1.5 46 31 26 31 88% 267927 27248 70%
c F 278.40  0 32 82 509  1 2080113 35455 1.5 45 31 26 31 88% 267927 27248 70%
c - 278.50  0 32 83 509  1 2080654 8843 1.5 45 31 26 31 88% 267927 27248 70%
c p 278.51  0 32 83 509  1 2080654 9307 1.5 45 31 26 31 88% 267927 27248 70%
c w 278.62  0 32 83 509  1 2080654 9261 1.5 45 31 26 31 88% 267927 27248 70%
c - 284.84  0 32 84 510  1 2132149 9065 1.4 44 31 26 31 88% 267927 27248 70%
c p 284.86  0 32 84 510  1 2132149 9426 1.4 44 31 26 31 88% 267927 27248 70%
c u 284.94  0 32 84 510  1 2132149 9425 1.4 44 31 26 31 88% 267927 27248 70%
c w 284.98  0 32 84 510  1 2132149 9380 1.4 44 31 26 31 88% 267927 27248 70%
c B 286.62  0 32 84 510  1 2145114 16729 1.5 45 30 26 31 88% 267927 27248 70%
c - 291.30  0 33 85 510  1 2184277 9998 1.5 47 31 26 31 88% 267927 27248 70%
c p 291.32  0 33 85 510  1 2184277 10366 1.5 47 31 26 31 88% 267927 27248 70%
c
c  seconds   reductions   conflicts         size    tier2         variables
c          MB     restarts       redundant     glue     trail          remaining
c           level      rate           size/glue  tier1    irredundant
c
c w 291.41  0 33 85 510  1 2184277 10334 1.5 47 31 26 31 88% 267927 27248 70%
c s 291.47  0 33 85 510  1 2184277 10285 1.5 47 31 26 31 88% 267922 27248 70%
c e 291.49  0 33 85 510  1 2184277 10285 1.5 47 31 26 31 88% 267917 27247 70%
c s 291.50  0 33 85 510  1 2184277 10263 1.5 47 31 26 31 88% 267915 27247 70%
c W 297.32  0 33 85 510  1 2211115 25743 1.5 47 31 26 31 88% 267915 27247 70%
c ] 299.28  0 33 85 510  1 2226208 34081 1.5 47 32 26 31 88% 267915 27247 70%
c ? 299.28  0 33 85 510  1 2226208 34081 1.5 47 32 26 31 88% 267915 27247 70%
c
c --- [ result ] -------------------------------------------------------------
c
c writing result to 'search-results/cadical-complete-cover-20260902/anchor-016-p1-s0.result'
c
c --- [ run-time profiling ] -------------------------------------------------
c
c process time taken by individual solving procedures
c (percentage relative to process time for solving)
c
c       288.62   96.45% search
c       264.16   88.28% stable
c        24.41    8.16% walk
c        10.62    3.55% simplify
c         3.58    1.20% vivify
c         2.28    0.76% sweep
c         1.24    0.41% backbone
c         0.91    0.31% elim
c         0.45    0.15% subsume
c         0.38    0.13% probe
c         0.30    0.10% ternary
c         0.24    0.08% congruence
c         0.05    0.02% lucky
c         0.04    0.01% parse
c   =================================
c       299.24   99.99% solve
c
c last line shows process time for solving
c (percentage relative to total process time)
c
c --- [ statistics ] ---------------------------------------------------------
c
c chronological:            266653        11.98 %  of conflicts
c conflicts:               2226208      7439.64    per second
c backbone:              115529071    296669.59 %  of vars
c decisions:               2430075      8120.93    per second
c eliminated:                 2769         7.11 %  of all variables
c fixed:                      8926        22.92 %  of all variables
c learned:                 2192458        98.48 %  per conflict
c learned_lits:         1150474791       100.00 %  learned literals
c minimized:                     0         0.00 %  learned literals
c shrunken:             1046510015        90.96 %  learned literals
c minishrunken:            6526257         0.57 %  learned literals
c otfs:                        964         0.04 %  of conflict
c propagations:         1228020427         4.10 M  per second
c reduced:                 1164467        52.31 %  per conflict
c rephased:                     66     33730.42    interval
c restarts:                    510      4365.11    interval
c subsumed:                 991736        39.35 %  of all clauses
c strengthened:              46791         1.86 %  of all clauses
c ticks:               16538595000        18.68    propagation
c vivified:                   2336         0.09 %  of all clauses
c walked:                       22    101191.27    interval
c weakened:                  13463         5.37    average size
c congruence:                   12    185517.33    interval
c
c seconds are measured in process time for solving
c
c --- [ glue usage ] ---------------------------------------------------------
c
c focused glue 2 used 0 clauses 0.000% accumulated 0.000% tier1
c focused glue 3 used 0 clauses 0.000% accumulated 0.000%
c focused glue 4 used 0 clauses 0.000% accumulated 0.000%
c focused glue 5 used 0 clauses 0.000% accumulated 0.000%
c focused glue 6 used 0 clauses 0.000% accumulated 0.000% tier2
c
c stable glue 26 used 436458 clauses 6.220% accumulated 55.25% tier1
c stable glue 27 used 419500 clauses 5.978% accumulated 61.23%
c stable glue 28-30 used 1196609 clauses 17.05% accumulated 78.29%
c stable glue 31 used 379471 clauses 5.407% accumulated 83.69%
c stable glue 32 used 345635 clauses 4.925% accumulated 88.62% tier2
c
c
c --- [ resources ] ----------------------------------------------------------
c
c total process time since initialization:       299.28    seconds
c total real time since initialization:          300.04    seconds
c maximum resident set size of process:          194.41    MB
c
c --- [ shutting down ] ------------------------------------------------------
c
c exit 0
