c --- [ banner ] -------------------------------------------------------------
c
c CaDiCaL SAT Solver
c Copyright (c) 2016-2026
c A. Biere, M. Fleury, N. Froleyks, K. Fazekas, F. Pollitt, T. Faller
c JKU Linz, University of Freiburg, TU Wien
c
c Version 3.0.1 c60730422e758ef1cebe7aeddf2dda31c996bf04
c Apple clang version 21.0.0 (clang-2100.1.1.101) -Wall -Wextra -O3 -DNDEBUG -DNCLOSEFROM
c Tue Sep 1 21:08:57 PDT 2026 Darwin retained-runner 25.6.0 arm64
c
c --- [ limit ] --------------------------------------------------------------
c
c setting time limit to 300 seconds real time (due to '-t 300')
c
c --- [ parsing input ] ------------------------------------------------------
c
c reading DIMACS file from 'search-results/cadical-complete-cover-20260902/cnf/anchor-002-p0-s0.cnf'
c opening file to read 'search-results/cadical-complete-cover-20260902/cnf/anchor-002-p0-s0.cnf'
c found 'p cnf 38942 364405' header
c parsed 364405 clauses in 0.04 seconds process time
c
c --- [ options ] ------------------------------------------------------------
c
c   --elimeffort=10                (different from default '1e3')
c   --stabilizeonly=true           (different from default 'false')
c   --subsumeeffort=60             (different from default '1e3')
c
c --- [ solving ] ------------------------------------------------------------
c
c time measured in process time since initialization
c
c  seconds  reduction conflicts       size tier2        variables
c         MB    restarts   redundant    glue  trail          remaining
c          level     rate       size/glu tier1  irredundant
c
c *  0.04  0  0 0   0  0    0    0 0.0 0 0 2 6  0% 289707 30086 77%
c )  0.06  0  0 0   0  0    0    0 0.0 0 0 2 6  0% 289707 30086 77%
c [  0.09  0  0 0   0  0    0    0 0.0 0 0 2 6  0% 289707 30086 77%
c -  0.13  0 38 1   0  2  303  107 1.4 40 28 2 6 96% 274783 30086 77%
c -  0.23  0 37 2   0  2  928  348 1.4 36 25 2 6 96% 274783 30086 77%
c I  0.23  0 37 2   0  2 1004  413 1.4 36 25 2 6 96% 274783 30086 77%
c -  0.40  0 38 3   1  2 2024  478 1.3 42 32 2 6 94% 274783 30086 77%
c t  0.63  0 38 3   2  1 2984  762 1.3 42 33 2 6 94% 274783 30086 77%
c B  0.67  0 38 3   2  1 3006  773 1.3 42 33 2 6 91% 274783 30086 77%
c -  0.76  0 38 4   2  1 3641  634 1.3 41 33 2 6 95% 274783 30086 77%
c -  1.05  0 37 5   4  1 5812 1016 1.3 41 32 33 37 95% 274783 30086 77%
c W  1.14  0 37 5   4  1 6007 1163 1.3 42 32 33 37 95% 274783 30086 77%
c s  1.25  0 38 5   5  1 6536 1448 1.3 43 32 33 37 95% 274783 30086 77%
c t  1.26  0 38 5   5  1 6536 1446 1.3 43 32 33 37 95% 274783 30086 77%
c e  1.45  0 38 5   5  1 6536  619 1.3 43 32 33 37 95% 268689 27342 70%
c s  1.48  0 38 5   5  1 6536  609 1.3 43 32 33 37 95% 268509 27342 70%
c e  1.57  0 38 5   5  1 6536  604 1.3 43 32 33 37 95% 267856 27245 70%
c 2  1.86  0 37 5   5  1 8087 1789 1.5 49 32 33 37 93% 267856 27245 70%
c -  2.03  0 37 6   6  1 8553  721 1.5 49 32 33 37 93% 267856 27245 70%
c F  2.26  0 36 6   6  1 10010 1522 1.5 48 31 32 37 91% 267856 27245 70%
c
c  seconds  reductions conflicts       size    tier2         variables
c         MB    restarts    redundant     glue     trail          remaining
c          level     rate        size/glue  tier1    irredundant
c
c -  2.59  0 36 7   6  1 11854  850 1.5 47 32 32 37 91% 267856 27245 70%
c B  3.12  0 35 7   9  1 15011 2577 1.5 47 32 31 36 90% 267856 27245 70%
c -  3.24  0 35 8   9  1 15739  938 1.5 46 32 31 36 90% 267856 27245 70%
c s  4.06  0 35 8  12  1 19726 3114 1.5 46 32 31 36 89% 267753 27245 70%
c e  4.13  0 35 8  12  1 19726 3114 1.5 46 32 31 36 89% 267668 27223 70%
c s  4.16  0 35 8  12  1 19726 3112 1.5 46 32 31 36 89% 267596 27223 70%
c e  4.20  0 35 8  12  1 19726 3110 1.5 46 32 31 36 89% 267553 27209 70%
c -  4.33  0 35 9  12  1 20217 1036 1.5 46 32 31 36 89% 267553 27209 70%
c u  4.35  0 35 9  12  1 20217 1034 1.5 46 32 31 36 89% 267553 27209 70%
c w  4.36  0 35 9  12  1 20217 1025 1.5 46 32 31 36 89% 267553 27209 70%
c x  4.37  0 35 9  12  1 20217 1025 1.5 46 32 31 36 89% 267553 27209 70%
c W  4.76  0 35 9  13  1 21012 1410 1.5 46 32 31 36 89% 267553 27209 70%
c -  5.59  0 34 10  14  1 25291 1115 1.4 45 31 30 35 89% 267553 27209 70%
c #  6.14  0 34 10  14  1 28014 2674 1.4 45 31 30 35 89% 267553 27209 70%
c -  6.69  0 34 11  14  1 30965 1321 1.5 46 31 30 35 89% 267553 27209 70%
c B  7.50  0 34 11  17  1 36015 3970 1.5 46 31 30 35 88% 267553 27209 70%
c -  7.73  0 34 12  17  1 37245 1371 1.5 46 31 30 35 88% 267553 27209 70%
c s  8.32  0 34 12  20  1 39515 2724 1.5 46 31 29 33 88% 267463 27209 70%
c e  8.35  0 34 12  20  1 39515 2724 1.5 46 31 29 33 88% 267447 27203 70%
c s  8.36  0 34 12  20  1 39515 2721 1.5 46 31 29 33 88% 267419 27203 70%
c
c  seconds  reductions  conflicts       size    tier2         variables
c         MB     restarts    redundant     glue     trail          remaining
c          level      rate        size/glue  tier1    irredundant
c
c e  8.39  0 34 12  20  1 39515 2721 1.5 46 31 29 33 88% 267416 27202 70%
c -  9.29  0 33 13  21  1 44131 1503 1.4 45 31 29 33 88% 267416 27202 70%
c u  9.32  0 33 13  21  1 44131 1503 1.4 45 31 29 33 88% 267416 27202 70%
c w  9.36  0 33 13  21  1 44131 1477 1.4 45 31 29 33 88% 267416 27202 70%
c W  9.81  0 33 13  21  1 45016 1994 1.4 45 31 29 33 88% 267416 27202 70%
c - 10.97  0 33 14  26  1 51625 1665 1.5 45 31 29 33 88% 267416 27202 70%
c O 11.54  0 33 14  28  1 55020 3603 1.5 46 31 29 33 88% 267416 27202 70%
c - 12.23  0 33 15  29  1 59732 1677 1.4 45 31 29 33 88% 267416 27202 70%
c p 12.24  0 33 15  29  1 59732 1680 1.4 45 31 29 33 88% 267416 27202 70%
c s 13.18  0 33 15  29  1 65895 4846 1.4 44 31 29 33 88% 267404 27202 70%
c e 13.20  0 33 15  29  1 65895 4846 1.4 44 31 29 33 88% 267397 27199 70%
c s 13.22  0 33 15  29  1 65895 4833 1.4 44 31 29 33 88% 267381 27199 70%
c e 13.23  0 33 15  29  1 65895 4829 1.4 44 31 29 33 88% 267375 27197 70%
c B 13.26  0 33 15  29  1 66025 4943 1.4 44 31 29 33 88% 267375 27197 70%
c - 13.70  0 33 16  30  1 68453 1805 1.4 44 31 29 33 88% 267375 27197 70%
c p 13.71  0 33 16  30  1 68453 1827 1.4 44 31 29 33 88% 267375 27197 70%
c u 13.73  0 33 16  30  1 68453 1825 1.4 44 31 29 33 88% 267375 27197 70%
c w 13.75  0 33 16  30  1 68453 1805 1.4 44 31 29 33 88% 267375 27197 70%
c - 15.35  0 33 17  30  1 77788 2177 1.5 45 31 27 33 88% 267375 27197 70%
c p 15.36  0 33 17  30  1 77788 2205 1.5 45 31 27 33 88% 267375 27197 70%
c
c  seconds  reductions  conflicts       size    tier2         variables
c         MB     restarts    redundant     glue     trail          remaining
c          level      rate        size/glue  tier1    irredundant
c
c W 15.98  0 33 17  30  1 78026 2342 1.5 45 31 27 33 88% 267375 27197 70%
c - 17.83  0 32 18  34  1 87737 2122 1.5 45 31 27 33 88% 267375 27197 70%
c p 17.83  0 32 18  34  1 87737 2160 1.5 45 31 27 33 88% 267375 27197 70%
c u 17.85  0 32 18  34  1 87737 2159 1.5 45 31 27 33 88% 267375 27197 70%
c w 17.88  0 32 18  34  1 87737 2139 1.5 45 31 27 33 88% 267375 27197 70%
c I 18.49  0 32 18  36  1 91027 3772 1.5 45 31 27 33 88% 267375 27197 70%
c - 19.82  0 32 19  40  1 98305 2034 1.5 44 30 27 33 88% 267375 27197 70%
c p 19.82  0 32 19  40  1 98305 2104 1.5 44 30 27 33 88% 267375 27197 70%
c s 19.96  0 32 19  40  1 98871 2085 1.5 44 30 27 33 88% 267363 27197 70%
c e 19.98  0 32 19  40  1 98871 2085 1.5 44 30 27 33 88% 267358 27195 70%
c s 19.99  0 32 19  40  1 98871 2030 1.5 44 30 27 33 88% 267348 27195 70%
c e 20.01  0 32 19  40  1 98871 2030 1.5 44 30 27 33 88% 267343 27193 70%
c B 21.30  0 32 19  44  1 105030 4989 1.5 44 30 27 33 88% 267343 27193 70%
c - 22.08  0 32 20  45  1 109491 2048 1.5 44 30 27 33 88% 267343 27193 70%
c p 22.10  0 32 20  45  1 109491 2130 1.5 44 30 27 33 88% 267343 27193 70%
c u 22.12  0 32 20  45  1 109491 2129 1.5 44 30 27 33 88% 267343 27193 70%
c w 22.15  0 32 20  45  1 109491 2093 1.5 44 30 27 33 88% 267343 27193 70%
c W 24.43  0 32 20  48  1 120033 7599 1.5 44 30 27 33 88% 267343 27193 70%
c - 24.67  0 32 21  49  1 121295 2246 1.5 44 30 27 33 88% 267343 27193 70%
c p 24.68  0 32 21  49  1 121295 2315 1.5 44 30 27 33 88% 267343 27193 70%
c
c  seconds  reductions  conflicts        size    tier2         variables
c         MB     restarts     redundant     glue     trail          remaining
c          level      rate         size/glue  tier1    irredundant
c
c - 26.85  0 32 22  56  1 133719 2414 1.5 44 30 27 33 88% 267343 27193 70%
c p 26.86  0 32 22  56  1 133719 2509 1.5 44 30 27 33 88% 267343 27193 70%
c w 26.92  0 32 22  56  1 133719 2503 1.5 44 30 27 33 88% 267343 27193 70%
c F 27.31  0 32 22  58  1 136035 4111 1.5 44 30 27 33 88% 267342 27193 70%
c s 27.70  0 32 22  59  1 138441 5705 1.5 45 30 26 32 88% 267336 27193 70%
c e 27.73  0 32 22  59  1 138441 5705 1.5 45 30 26 32 88% 267332 27191 70%
c s 27.73  0 32 22  59  1 138441 5702 1.5 45 30 26 32 88% 267325 27191 70%
c e 27.75  0 32 22  59  1 138441 5702 1.5 45 30 26 32 88% 267322 27190 70%
c - 29.21  0 32 23  60  1 146763 2885 1.5 47 31 26 32 88% 267322 27190 70%
c p 29.23  0 32 23  60  1 146763 2972 1.5 47 31 26 32 88% 267322 27190 70%
c B 30.39  0 32 23  61  1 153037 6365 1.5 47 31 26 32 88% 267322 27190 70%
c - 31.63  0 32 24  61  1 160431 2770 1.5 47 31 26 32 88% 267322 27190 70%
c p 31.64  0 32 24  61  1 160431 2850 1.5 47 31 26 32 88% 267322 27190 70%
c w 31.71  0 32 24  61  1 160431 2814 1.5 47 31 26 32 88% 267322 27190 70%
c W 34.25  0 32 24  62  1 171039 8795 1.5 47 31 26 32 88% 267322 27190 70%
c - 34.90  0 32 25  62  1 174720 2855 1.5 46 31 26 32 88% 267322 27190 70%
c p 34.90  0 32 25  62  1 174720 2963 1.5 46 31 26 32 88% 267322 27190 70%
c s 36.52  0 32 25  62  1 184608 8068 1.5 46 30 26 32 88% 267318 27190 70%
c e 36.56  0 32 25  62  1 184608 8068 1.5 46 30 26 32 88% 267314 27188 70%
c s 36.56  0 32 25  62  1 184608 8063 1.5 46 30 26 32 88% 267310 27188 70%
c
c  seconds  reductions  conflicts        size    tier2         variables
c         MB     restarts     redundant     glue     trail          remaining
c          level      rate         size/glue  tier1    irredundant
c
c e 36.58  0 32 25  62  1 184608 8005 1.5 46 30 26 32 88% 267304 27186 70%
c - 37.57  0 32 26  62  1 189631 2771 1.5 46 30 26 32 88% 267304 27186 70%
c p 37.58  0 32 26  62  1 189631 2909 1.5 46 30 26 32 88% 267304 27186 70%
c w 37.66  0 32 26  62  1 189631 2855 1.5 46 30 26 32 88% 267304 27186 70%
c # 37.76  0 32 26  62  1 190042 3084 1.5 46 30 26 32 88% 267304 27186 70%
c - 40.20  0 32 27  67  1 205165 2797 1.5 45 31 26 32 88% 267304 27186 70%
c p 40.21  0 32 27  67  1 205165 2952 1.5 45 31 26 32 88% 267304 27186 70%
c B 41.03  0 32 27  69  1 210043 5745 1.5 45 31 26 32 88% 267304 27186 70%
c - 43.06  0 32 28  76  1 221324 3106 1.5 45 31 26 32 88% 267304 27186 70%
c p 43.07  0 32 28  76  1 221324 3266 1.5 45 31 26 32 88% 267304 27186 70%
c w 43.15  0 32 28  76  1 221324 3211 1.5 45 31 26 32 88% 267304 27186 70%
c W 45.43  0 32 28  77  1 231045 8277 1.5 45 31 26 32 88% 267304 27186 70%
c s 46.54  0 32 28  81  1 237370 11885 1.5 45 31 26 32 88% 267301 27186 70%
c e 46.59  0 32 28  81  1 237370 11885 1.5 45 31 26 32 88% 267297 27184 70%
c s 46.60  0 32 28  81  1 237370 11882 1.5 45 31 26 32 88% 267294 27184 70%
c e 46.62  0 32 28  81  1 237370 11876 1.5 45 31 26 32 88% 267288 27182 70%
c - 46.75  0 32 29  81  1 238108 3211 1.5 45 31 26 32 88% 267288 27182 70%
c p 46.77  0 32 29  81  1 238108 3445 1.5 45 31 26 32 88% 267288 27182 70%
c O 49.25  0 32 29  90  1 253047 11171 1.5 45 31 26 32 88% 267288 27182 70%
c - 49.73  0 32 30  91  1 255515 3214 1.5 45 31 26 32 88% 267288 27182 70%
c
c  seconds  reductions  conflicts        size    tier2         variables
c         MB     restarts     redundant     glue     trail          remaining
c          level      rate         size/glue  tier1    irredundant
c
c p 49.74  0 32 30  91  1 255515 3405 1.5 45 31 26 32 88% 267288 27182 70%
c w 50.01  0 32 30  91  1 255515 3325 1.5 45 31 26 32 88% 267288 27182 70%
c - 53.14  0 32 31  93  1 273549 3368 1.4 44 30 26 32 88% 267283 27182 70%
c p 53.15  0 32 31  93  1 273549 3596 1.4 44 30 26 32 88% 267283 27182 70%
c w 53.20  0 32 31  93  1 273549 3566 1.4 44 30 26 32 88% 267283 27182 70%
c B 53.61  0 32 31  93  1 276048 4977 1.4 43 30 26 32 88% 267283 27182 70%
c - 56.36  0 32 32 100  1 292207 3817 1.5 44 30 26 32 88% 267283 27182 70%
c p 56.37  0 32 32 100  1 292207 4047 1.5 44 30 26 32 88% 267283 27182 70%
c w 56.42  0 32 32 100  1 292207 4014 1.5 44 30 26 32 88% 267283 27182 70%
c s 57.21  0 32 32 102  1 296731 6152 1.5 44 30 26 32 88% 267283 27182 70%
c e 57.24  0 32 32 102  1 296731 6152 1.5 44 30 26 32 88% 267273 27179 70%
c s 57.24  0 32 32 102  1 296731 6150 1.5 44 30 26 32 88% 267272 27179 70%
c e 57.26  0 32 32 102  1 296731 6150 1.5 44 30 26 32 88% 267270 27178 70%
c W 58.92  0 32 32 104  1 300049 8372 1.5 44 30 26 32 88% 267270 27178 70%
c - 60.93  0 32 33 108  1 311491 3652 1.5 44 30 26 32 88% 267270 27178 70%
c p 60.94  0 32 33 108  1 311491 3855 1.5 44 30 26 32 88% 267270 27178 70%
c w 61.00  0 32 33 108  1 311491 3805 1.5 44 30 26 32 88% 267270 27178 70%
c I 63.42  0 31 33 115  1 325050 11282 1.5 44 30 26 32 88% 267270 27178 70%
c - 64.60  0 31 34 118  1 331401 3703 1.5 43 30 26 32 88% 267270 27178 70%
c p 64.61  0 31 34 118  1 331401 3963 1.5 43 30 26 32 88% 267270 27178 70%
c
c  seconds  reductions  conflicts        size    tier2         variables
c         MB     restarts     redundant     glue     trail          remaining
c          level      rate         size/glue  tier1    irredundant
c
c w 64.68  0 31 34 118  1 331401 3937 1.5 43 30 26 32 88% 267270 27178 70%
c B 67.96  0 31 34 124  1 351051 14380 1.4 42 29 26 31 88% 267270 27178 70%
c - 68.14  0 31 35 124  1 351936 3726 1.4 42 29 26 31 88% 267270 27178 70%
c p 68.15  0 31 35 124  1 351936 3932 1.4 42 29 26 31 88% 267270 27178 70%
c w 68.21  0 31 35 124  1 351936 3916 1.4 42 29 26 31 88% 267270 27178 70%
c s 70.15  0 30 35 124  1 362689 8384 1.4 41 29 26 31 88% 267266 27178 70%
c e 70.18  0 30 35 124  1 362689 8384 1.4 41 29 26 31 88% 267262 27175 70%
c s 70.19  0 30 35 124  1 362689 8365 1.4 41 29 26 31 88% 267256 27175 70%
c - 72.09  0 30 36 125  1 373099 3364 1.4 41 29 26 31 88% 267256 27175 70%
c p 72.10  0 30 36 125  1 373099 3569 1.4 41 29 26 31 88% 267256 27175 70%
c w 72.16  0 30 36 125  1 373099 3536 1.4 41 29 26 31 88% 267256 27175 70%
c W 74.12  0 30 36 125  1 378052 5968 1.4 41 28 26 31 88% 267256 27175 70%
c - 76.87  0 30 37 125  1 394889 3579 1.4 41 29 26 31 88% 267256 27175 70%
c p 76.89  0 30 37 125  1 394889 3724 1.4 41 29 26 31 88% 267256 27175 70%
c w 76.96  0 30 37 125  1 394889 3683 1.4 41 29 26 31 88% 267256 27175 70%
c F 78.83  0 31 37 126  1 406053 9669 1.4 42 29 25 31 88% 267256 27175 70%
c - 80.47  0 31 38 126  1 417306 3748 1.4 42 29 25 31 88% 267256 27175 70%
c p 80.48  0 31 38 126  1 417306 3937 1.4 42 29 25 31 88% 267256 27175 70%
c w 80.79  0 31 38 126  1 417306 3894 1.4 42 29 25 31 88% 267256 27175 70%
c B 83.53  0 31 38 126  1 435054 12532 1.4 43 30 25 31 88% 267256 27175 70%
c
c  seconds  reductions  conflicts         size    tier2         variables
c         MB     restarts      redundant     glue     trail          remaining
c          level      rate          size/glue  tier1    irredundant
c
c s 83.58  0 31 38 126  1 435246 12397 1.4 43 30 25 31 88% 267251 27175 70%
c s 83.61  0 31 38 126  1 435246 12393 1.4 43 30 25 31 88% 267251 27175 70%
c - 84.58  0 31 39 126  1 440349 3671 1.4 42 30 25 31 88% 267251 27175 70%
c p 84.60  0 31 39 126  1 440349 3968 1.4 42 30 25 31 88% 267251 27175 70%
c w 84.66  0 31 39 126  1 440349 3941 1.4 42 30 25 31 88% 267251 27175 70%
c - 88.69  0 31 40 126  1 464020 4097 1.4 42 29 25 31 88% 267251 27175 70%
c p 88.70  0 31 40 126  1 464020 4438 1.4 42 29 25 31 88% 267251 27175 70%
c w 88.77  0 31 40 126  1 464020 4408 1.4 42 29 25 31 88% 267251 27175 70%
c W 90.16  0 31 40 126  1 465055 4988 1.4 42 29 25 31 88% 267251 27175 70%
c - 94.51  0 31 41 140  1 488320 4202 1.5 42 29 25 31 88% 267251 27175 70%
c p 94.52  0 31 41 140  1 488320 4515 1.5 42 29 25 31 88% 267251 27175 70%
c w 94.58  0 31 41 140  1 488320 4484 1.5 42 29 25 31 88% 267251 27175 70%
c # 96.03  0 31 41 141  1 496056 8701 1.5 42 29 25 31 88% 267241 27175 70%
c - 99.04  0 31 42 150  1 513246 4482 1.5 43 29 25 31 88% 267241 27175 70%
c p 99.05  0 31 42 150  1 513246 4719 1.5 43 29 25 31 88% 267241 27175 70%
c w 99.12  0 31 42 150  1 513246 4661 1.5 43 29 25 31 88% 267241 27175 70%
c s 99.30  0 31 42 151  1 514396 5303 1.5 43 29 25 31 88% 267240 27175 70%
c s 99.33  0 31 42 151  1 514396 5295 1.5 43 29 25 31 88% 267240 27175 70%
c B 101.61  0 31 42 156  1 528059 12660 1.5 43 30 25 31 88% 267240 27175 70%
c - 103.56  0 31 43 157  1 538802 4497 1.5 43 30 25 31 88% 267240 27175 70%
c
c  seconds   reductions  conflicts        size    tier2         variables
c          MB     restarts     redundant     glue     trail          remaining
c           level      rate         size/glue  tier1    irredundant
c
c p 103.58  0 31 43 157  1 538802 4771 1.5 43 30 25 31 88% 267240 27175 70%
c w 103.67  0 31 43 157  1 538802 4710 1.5 43 30 25 31 88% 267240 27175 70%
c W 109.02  0 31 43 164  1 561061 16871 1.5 44 30 25 31 88% 267240 27175 70%
c - 109.68  0 32 44 167  1 564987 4801 1.5 44 30 25 31 88% 267240 27175 70%
c p 109.69  0 32 44 167  1 564987 5075 1.5 44 30 25 31 88% 267240 27175 70%
c w 109.79  0 32 44 167  1 564987 5015 1.5 44 30 25 31 88% 267240 27175 70%
c - 114.11  0 32 45 179  1 591799 4808 1.5 45 30 25 31 88% 267240 27175 70%
c p 114.13  0 32 45 179  1 591799 4977 1.5 45 30 25 31 88% 267240 27175 70%
c w 114.20  0 32 45 179  1 591799 4940 1.5 45 30 25 31 88% 267240 27175 70%
c O 114.74  0 32 45 180  1 595062 6789 1.5 45 31 26 31 88% 267240 27175 70%
c - 118.43  0 32 46 188  1 619242 5366 1.5 45 30 26 31 88% 267240 27175 70%
c p 118.44  0 32 46 188  1 619242 5667 1.5 45 30 26 31 88% 267240 27175 70%
c w 118.52  0 32 46 188  1 619242 5621 1.5 45 30 26 31 88% 267240 27175 70%
c B 120.10  0 32 46 188  1 630064 11934 1.5 45 30 26 31 88% 267240 27175 70%
c - 122.89  0 32 47 189  1 647312 5679 1.5 46 31 26 31 88% 267240 27175 70%
c p 122.92  0 32 47 189  1 647312 6045 1.5 46 31 26 31 88% 267240 27175 70%
c w 123.34  0 32 47 189  1 647312 6008 1.5 46 31 26 31 88% 267240 27175 70%
c W 128.14  0 32 47 190  1 666065 16581 1.5 46 31 26 31 88% 267240 27175 70%
c - 130.08  0 32 48 196  1 676011 5415 1.5 46 31 26 31 88% 267240 27175 70%
c p 130.09  0 32 48 196  1 676011 5770 1.5 46 31 26 31 88% 267240 27175 70%
c
c  seconds   reductions  conflicts        size    tier2         variables
c          MB     restarts     redundant     glue     trail          remaining
c           level      rate         size/glue  tier1    irredundant
c
c w 130.17  0 32 48 196  1 676011 5740 1.5 46 31 26 31 88% 267240 27175 70%
c I 135.29  0 32 48 208  1 703066 19317 1.5 45 31 26 31 88% 267240 27175 70%
c - 135.76  0 32 49 210  1 705341 5007 1.5 45 31 26 31 88% 267240 27175 70%
c p 135.78  0 32 49 210  1 705341 5284 1.5 45 31 26 31 88% 267240 27175 70%
c w 135.88  0 32 49 210  1 705341 5230 1.5 45 31 26 31 88% 267240 27175 70%
c - 141.33  0 32 50 220  1 735300 5739 1.5 44 30 25 31 88% 267240 27175 70%
c p 141.35  0 32 50 220  1 735300 6122 1.5 44 30 25 31 88% 267240 27175 70%
c w 141.46  0 32 50 220  1 735300 6043 1.5 44 30 25 31 88% 267240 27175 70%
c B 142.52  0 32 50 220  1 741068 9931 1.5 45 30 25 31 88% 267240 27175 70%
c - 146.87  0 32 51 231  1 765890 5632 1.5 44 30 25 31 88% 267240 27175 70%
c p 146.89  0 32 51 231  1 765890 5956 1.5 44 30 25 31 88% 267240 27175 70%
c w 146.99  0 32 51 231  1 765890 5822 1.5 44 30 25 31 88% 267240 27175 70%
c W 151.19  0 31 51 235  1 780071 13733 1.5 43 30 25 31 88% 267240 27175 70%
c - 154.21  0 32 52 245  1 797113 5758 1.5 44 30 25 31 88% 267240 27175 70%
c p 154.22  0 32 52 245  1 797113 5965 1.5 44 30 25 31 88% 267240 27175 70%
c w 154.33  0 32 52 245  1 797113 5875 1.5 44 30 25 31 88% 267240 27175 70%
c F 158.07  0 32 52 251  1 820073 17713 1.4 44 30 25 31 88% 267240 27175 70%
c - 159.47  0 32 53 251  1 828963 5707 1.5 44 30 25 31 88% 267240 27175 70%
c p 159.48  0 32 53 251  1 828963 6128 1.5 44 30 25 31 88% 267240 27175 70%
c w 159.58  0 32 53 251  1 828963 6056 1.5 44 30 25 31 88% 267240 27175 70%
c
c  seconds   reductions  conflicts         size    tier2         variables
c          MB     restarts      redundant     glue     trail          remaining
c           level      rate          size/glue  tier1    irredundant
c
c B 164.41  0 32 53 252  1 861074 25601 1.5 45 31 26 31 88% 267240 27175 70%
c - 164.49  0 32 54 252  1 861440 6370 1.5 45 31 26 31 88% 267240 27175 70%
c p 164.51  0 32 54 252  1 861440 6729 1.5 45 31 26 31 88% 267240 27175 70%
c w 164.60  0 32 54 252  1 861440 6638 1.5 45 31 26 31 88% 267240 27175 70%
c - 170.32  0 31 55 253  1 894548 6027 1.5 43 30 26 31 88% 267240 27175 70%
c p 170.34  0 31 55 253  1 894548 6386 1.5 43 30 26 31 88% 267240 27175 70%
c w 170.46  0 31 55 253  1 894548 6318 1.5 43 30 26 31 88% 267240 27175 70%
c W 173.96  0 31 55 253  1 903076 11024 1.5 43 29 26 31 88% 267240 27175 70%
c - 178.52  0 31 56 253  1 928287 6088 1.5 42 29 25 31 88% 267240 27175 70%
c p 178.54  0 31 56 253  1 928287 6499 1.5 42 29 25 31 88% 267240 27175 70%
c w 178.62  0 31 56 253  1 928287 6454 1.5 42 29 25 31 88% 267240 27175 70%
c s 178.67  0 31 56 253  1 928287 5835 1.5 42 29 25 31 88% 267239 27175 70%
c s 178.71  0 31 56 253  1 928287 5803 1.5 42 29 25 31 88% 267239 27175 70%
c # 181.97  0 30 56 254  1 946077 14518 1.4 42 29 25 31 88% 267239 27175 70%
c - 184.58  0 31 57 254  1 962655 6205 1.5 43 29 25 31 88% 267239 27175 70%
c p 184.60  0 31 57 254  1 962655 6498 1.5 43 29 25 31 88% 267239 27175 70%
c w 185.10  0 31 57 254  1 962655 6418 1.5 43 29 25 31 88% 267239 27175 70%
c B 189.35  0 31 57 254  1 990078 22388 1.5 44 29 25 31 88% 267239 27175 70%
c - 190.75  0 31 58 254  1 997656 6605 1.5 44 29 25 31 88% 267239 27175 70%
c p 190.77  0 31 58 254  1 997656 6832 1.5 44 29 25 31 88% 267239 27175 70%
c
c  seconds   reductions  conflicts        size    tier2         variables
c          MB     restarts     redundant     glue     trail          remaining
c           level      rate         size/glue  tier1    irredundant
c
c w 190.86  0 31 58 254  1 997656 6734 1.5 44 29 25 31 88% 267239 27175 70%
c - 196.90  0 31 59 254  1 1033285 6636 1.5 44 30 25 31 88% 267239 27175 70%
c p 196.92  0 31 59 254  1 1033285 7058 1.5 44 30 25 31 88% 267239 27175 70%
c w 197.04  0 31 59 254  1 1033285 6981 1.5 44 30 25 31 88% 267239 27175 70%
c W 199.01  0 31 59 254  1 1035079 8116 1.5 45 30 25 31 88% 267239 27175 70%
c - 204.43  0 32 60 258  1 1069546 6501 1.5 45 30 25 31 88% 267239 27175 70%
c p 204.45  0 32 60 258  1 1069546 6873 1.5 45 30 25 31 88% 267239 27175 70%
c w 204.55  0 32 60 258  1 1069546 6805 1.5 45 30 25 31 88% 267239 27175 70%
c O 206.44  0 32 60 264  1 1081081 13083 1.5 46 30 25 31 88% 267239 27175 70%
c - 210.18  0 31 61 276  1 1106437 6581 1.5 44 30 25 31 88% 267239 27175 70%
c p 210.20  0 31 61 276  1 1106437 6942 1.5 44 30 25 31 88% 267239 27175 70%
c w 210.31  0 31 61 276  1 1106437 6876 1.5 44 30 25 31 88% 267239 27175 70%
c B 213.59  0 31 61 284  1 1128082 17982 1.5 43 29 25 31 88% 267239 27175 70%
c - 216.15  0 31 62 285  1 1143959 6965 1.5 44 30 25 31 88% 267239 27175 70%
c p 216.17  0 31 62 285  1 1143959 7326 1.5 44 30 25 31 88% 267239 27175 70%
c u 216.21  0 31 62 285  1 1143959 7326 1.5 44 30 25 31 88% 267239 27175 70%
c w 216.27  0 31 62 285  1 1143959 7255 1.5 44 30 25 31 88% 267239 27175 70%
c W 223.83  0 32 62 300  1 1176085 26438 1.5 45 30 25 31 88% 267239 27175 70%
c - 224.83  0 32 63 302  1 1182112 7425 1.5 45 30 25 31 88% 267239 27175 70%
c p 224.85  0 32 63 302  1 1182112 7732 1.5 45 30 25 31 88% 267239 27175 70%
c
c  seconds   reductions   conflicts        size    tier2         variables
c          MB     restarts      redundant     glue     trail          remaining
c           level      rate          size/glue  tier1    irredundant
c
c u 224.89  0 32 63 302  1 1182112 7732 1.5 45 30 25 31 88% 267239 27175 70%
c w 224.97  0 32 63 302  1 1182112 7646 1.5 45 30 25 31 88% 267239 27175 70%
c - 231.39  0 32 64 316  1 1220896 7071 1.5 44 30 25 31 88% 267239 27175 70%
c p 231.42  0 32 64 316  1 1220896 7353 1.5 44 30 25 31 88% 267239 27175 70%
c w 231.55  0 32 64 316  1 1220896 7277 1.5 44 30 25 31 88% 267239 27175 70%
c I 232.31  0 32 64 316  1 1225086 9593 1.5 44 30 25 31 88% 267239 27175 70%
c - 238.39  0 30 65 317  1 1260312 6582 1.4 42 29 25 31 88% 267239 27175 70%
c p 238.41  0 30 65 317  1 1260312 7039 1.4 42 29 25 31 88% 267239 27175 70%
c w 238.51  0 30 65 317  1 1260312 7000 1.4 42 29 25 31 88% 267239 27175 70%
c s 238.56  0 30 65 317  1 1260312 6613 1.4 42 29 25 31 88% 267232 27175 70%
c s 238.61  0 30 65 317  1 1260312 6555 1.4 42 29 25 31 88% 267232 27175 70%
c ^ 238.61  0 30 65 317  1 1260312 6555 1.4 42 29 25 31 88% 267232 27175 70%
c B 241.07  0 31 65 324  1 1275087 15268 1.5 43 29 25 31 88% 267232 27175 70%
c - 245.56  0 31 66 335  1 1300359 7094 1.5 42 29 25 31 88% 267232 27175 70%
c p 245.57  0 31 66 335  1 1300359 7543 1.5 42 29 25 31 88% 267232 27175 70%
c w 245.70  0 31 66 335  1 1300359 7464 1.5 42 29 25 31 88% 267232 27175 70%
c W 251.56  0 31 66 347  1 1326089 21544 1.5 42 29 25 31 88% 267232 27175 70%
c - 253.97  0 31 67 348  1 1341037 7316 1.5 43 29 25 31 88% 267232 27175 70%
c p 253.99  0 31 67 348  1 1341037 7685 1.5 43 29 25 31 88% 267232 27175 70%
c w 254.12  0 31 67 348  1 1341037 7557 1.5 43 29 25 31 88% 267232 27175 70%
c
c  seconds   reductions   conflicts         size    tier2         variables
c          MB     restarts       redundant     glue     trail          remaining
c           level      rate           size/glue  tier1    irredundant
c
c s 257.21  0 31 67 355  1 1359246 16938 1.5 43 29 25 31 88% 267232 27175 70%
c e 257.32  0 31 67 355  1 1359246 16919 1.5 43 29 25 31 88% 267237 27170 70%
c s 257.34  0 31 67 355  1 1359246 16873 1.5 43 29 25 31 88% 267227 27170 70%
c F 260.74  0 31 67 363  1 1378090 26938 1.5 43 29 25 31 88% 267227 27170 70%
c - 261.42  0 31 68 365  1 1382346 7227 1.5 43 29 25 31 88% 267227 27170 70%
c p 261.44  0 31 68 365  1 1382346 7622 1.5 43 29 25 31 88% 267227 27170 70%
c w 262.09  0 31 68 365  1 1382346 7500 1.5 43 29 25 31 88% 267227 27170 70%
c - 268.94  0 31 69 379  1 1424287 7401 1.5 44 30 25 31 88% 267227 27170 70%
c p 268.96  0 31 69 379  1 1424287 7749 1.5 44 30 25 31 88% 267227 27170 70%
c w 269.10  0 31 69 379  1 1424287 7604 1.5 44 30 25 31 88% 267227 27170 70%
c B 270.20  0 31 69 380  1 1431093 11746 1.5 44 30 25 31 88% 267227 27170 70%
c s 276.03  0 32 69 381  1 1464783 29771 1.5 45 30 25 31 88% 267226 27170 70%
c s 276.09  0 32 69 381  1 1464783 29760 1.5 45 30 25 31 88% 267226 27170 70%
c - 276.58  0 32 70 381  1 1466857 7614 1.5 44 30 25 31 88% 267226 27170 70%
c p 276.61  0 32 70 381  1 1466857 7859 1.5 44 30 25 31 88% 267226 27170 70%
c w 276.75  0 32 70 381  1 1466857 7757 1.5 44 30 25 31 88% 267226 27170 70%
c ] 276.75  0 32 70 381  1 1466857 7757 1.5 44 30 25 31 88% 267226 27170 70%
c ? 276.75  0 32 70 381  1 1466857 7757 1.5 44 30 25 31 88% 267226 27170 70%
c
c --- [ result ] -------------------------------------------------------------
c
c writing result to 'search-results/cadical-complete-cover-20260902/anchor-002-p0-s0.result'
c
c --- [ run-time profiling ] -------------------------------------------------
c
c process time taken by individual solving procedures
c (percentage relative to process time for solving)
c
c       267.03   96.50% search
c       248.23   89.71% stable
c        18.75    6.78% walk
c         9.68    3.50% simplify
c         3.40    1.23% vivify
c         2.01    0.73% sweep
c         1.02    0.37% backbone
c         0.91    0.33% elim
c         0.46    0.17% subsume
c         0.31    0.11% probe
c         0.26    0.10% congruence
c         0.25    0.09% ternary
c         0.05    0.02% lucky
c         0.04    0.01% parse
c   =================================
c       276.71   99.99% solve
c
c last line shows process time for solving
c (percentage relative to total process time)
c
c --- [ statistics ] ---------------------------------------------------------
c
c chronological:            175514        11.97 %  of conflicts
c conflicts:               1466857      5301.04    per second
c backbone:               78669063    202015.98 %  of vars
c decisions:               1602052      5789.62    per second
c eliminated:                 2916         7.49 %  of all variables
c fixed:                      8856        22.74 %  of all variables
c learned:                 1445109        98.52 %  per conflict
c learned_lits:          760674142       100.00 %  learned literals
c minimized:                     0         0.00 %  learned literals
c shrunken:              692716084        91.07 %  learned literals
c minishrunken:            4507921         0.59 %  learned literals
c otfs:                        578         0.04 %  of conflict
c propagations:          812552804         2.94 M  per second
c reduced:                  789558        53.83 %  per conflict
c rephased:                     53     27676.55    interval
c restarts:                    381      3850.02    interval
c subsumed:                 645008        36.51 %  of all clauses
c strengthened:              41084         2.33 %  of all clauses
c ticks:               10874457794        18.04    propagation
c vivified:                   3817         0.22 %  of all clauses
c walked:                       17     86285.71    interval
c weakened:                  15046         7.74    average size
c congruence:                   11    133350.64    interval
c
c seconds are measured in process time for solving
c
c --- [ glue usage ] ---------------------------------------------------------
c
c focused glue 2 used 0 clauses 0.000% accumulated 0.000% tier1
c focused glue 3 used 0 clauses 0.000% accumulated 0.000%
c focused glue 4 used 0 clauses 0.000% accumulated 0.000%
c focused glue 5 used 0 clauses 0.000% accumulated 0.000%
c focused glue 6 used 0 clauses 0.000% accumulated 0.000% tier2
c
c stable glue 25 used 270805 clauses 5.963% accumulated 52.56% tier1
c stable glue 26 used 267898 clauses 5.899% accumulated 58.46%
c stable glue 27-29 used 792361 clauses 17.44% accumulated 75.91%
c stable glue 30 used 257525 clauses 5.671% accumulated 81.58%
c stable glue 31 used 239679 clauses 5.278% accumulated 86.86% tier2
c
c
c --- [ resources ] ----------------------------------------------------------
c
c total process time since initialization:       276.75    seconds
c total real time since initialization:          300.00    seconds
c maximum resident set size of process:          211.55    MB
c
c --- [ shutting down ] ------------------------------------------------------
c
c exit 0
