c --- [ banner ] -------------------------------------------------------------
c
c CaDiCaL SAT Solver
c Copyright (c) 2016-2026
c A. Biere, M. Fleury, N. Froleyks, K. Fazekas, F. Pollitt, T. Faller
c JKU Linz, University of Freiburg, TU Wien
c
c Version 3.0.1 c60730422e758ef1cebe7aeddf2dda31c996bf04
c Apple clang version 21.0.0 (clang-2100.1.1.101) -Wall -Wextra -O3 -DNDEBUG -DNCLOSEFROM
c Tue Sep 1 21:08:57 PDT 2026 Darwin retained-runner 25.6.0 arm64
c
c --- [ limit ] --------------------------------------------------------------
c
c setting time limit to 300 seconds real time (due to '-t 300')
c
c --- [ parsing input ] ------------------------------------------------------
c
c reading DIMACS file from 'search-results/cadical-complete-cover-20260902/cnf/anchor-001-p1-s0.cnf'
c opening file to read 'search-results/cadical-complete-cover-20260902/cnf/anchor-001-p1-s0.cnf'
c found 'p cnf 38942 364405' header
c parsed 364405 clauses in 0.05 seconds process time
c
c --- [ options ] ------------------------------------------------------------
c
c   --elimeffort=10                (different from default '1e3')
c   --stabilizeonly=true           (different from default 'false')
c   --subsumeeffort=60             (different from default '1e3')
c
c --- [ solving ] ------------------------------------------------------------
c
c time measured in process time since initialization
c
c  seconds  reduction conflicts       size tier2        variables
c         MB    restarts   redundant    glue  trail          remaining
c          level     rate       size/glu tier1  irredundant
c
c *  0.05  0  0 0   0  0    0    0 0.0 0 0 2 6  0% 289742 30016 77%
c )  0.08  0  0 0   0  0    0    0 0.0 0 0 2 6  0% 289742 30016 77%
c [  0.12  0  0 0   0  0    0    0 0.0 0 0 2 6  0% 289742 30016 77%
c -  0.17  0 39 1   0  2  300   80 1.5 48 32 2 6 97% 274686 30016 77%
c -  0.27  0 38 2   0  2  923  272 1.5 43 29 2 6 96% 274686 30016 77%
c I  0.28  0 38 2   0  2 1002  318 1.5 42 29 2 6 96% 274686 30016 77%
c -  0.43  0 37 3   1  1 2015  365 1.3 42 32 2 6 95% 274686 30016 77%
c B  0.69  0 37 3   2  1 3004  823 1.3 42 33 2 6 93% 274686 30016 77%
c -  0.77  0 37 4   2  1 3631  488 1.3 42 33 2 6 97% 274686 30016 77%
c -  1.07  0 37 5   4  1 5799  652 1.2 41 33 34 37 97% 274686 30016 77%
c W  1.18  0 37 5   4  1 6007  750 1.2 41 33 34 37 97% 274686 30016 77%
c s  1.29  0 37 5   5  1 6544  934 1.3 42 34 34 36 97% 274686 30016 77%
c e  1.51  0 37 5   5  1 6544  324 1.3 42 34 34 36 97% 268886 27390 70%
c s  1.54  0 37 5   5  1 6544  322 1.3 42 34 34 36 97% 268770 27390 70%
c e  1.62  0 37 5   5  1 6544  306 1.3 42 34 34 36 97% 268499 27327 70%
c -  2.07  0 36 6   6  1 8539  556 1.4 46 33 34 37 94% 268499 27327 70%
c F  2.33  0 35 6   6  1 10010 1285 1.4 46 32 33 36 92% 268499 27327 70%
c -  2.69  0 35 7   6  1 11841  644 1.4 46 32 33 36 91% 268499 27327 70%
c B  3.24  0 35 7   9  1 15011 2305 1.4 46 32 31 36 90% 268499 27327 70%
c -  3.37  0 35 8   9  1 15728  752 1.4 46 32 31 36 90% 268499 27327 70%
c
c  seconds  reductions conflicts       size    tier2         variables
c         MB    restarts    redundant     glue     trail          remaining
c          level     rate        size/glue  tier1    irredundant
c
c s  4.15  0 34 8  12  1 19731 3171 1.4 46 32 31 36 90% 268383 27327 70%
c e  4.21  0 34 8  12  1 19731 3171 1.4 46 32 31 36 90% 268347 27316 70%
c s  4.24  0 34 8  12  1 19731 3170 1.4 46 32 31 36 90% 268315 27316 70%
c e  4.26  0 34 8  12  1 19731 3166 1.4 46 32 31 36 90% 268289 27307 70%
c -  4.39  0 34 9  12  1 20207  930 1.4 46 32 31 36 90% 268289 27307 70%
c u  4.41  0 34 9  12  1 20207  930 1.4 46 32 31 36 90% 268289 27307 70%
c w  4.43  0 34 9  12  1 20207  918 1.4 46 32 31 36 90% 268289 27307 70%
c W  4.79  0 34 9  13  1 21012 1364 1.4 46 32 31 36 90% 268289 27307 70%
c -  5.54  0 34 10  14  1 25284 1000 1.4 46 32 30 34 89% 268289 27307 70%
c #  6.02  0 34 10  14  1 28013 2587 1.4 46 32 30 34 89% 268289 27307 70%
c -  6.57  0 34 11  14  1 30963 1129 1.4 46 32 30 34 89% 268289 27307 70%
c B  7.42  0 34 11  17  1 36014 4198 1.5 47 32 30 34 89% 268289 27307 70%
c -  7.62  0 34 12  17  1 37247 1269 1.5 47 32 30 34 89% 268289 27307 70%
c s  8.17  0 34 12  19  1 39510 2370 1.5 46 32 29 34 89% 268225 27307 70%
c e  8.20  0 34 12  19  1 39510 2370 1.5 46 32 29 34 89% 268220 27305 70%
c s  8.21  0 34 12  19  1 39510 2365 1.5 46 32 29 34 89% 268201 27305 70%
c e  8.23  0 34 12  19  1 39510 2363 1.5 46 32 29 34 89% 268191 27301 70%
c -  9.04  0 34 13  21  1 44138 1309 1.4 46 32 29 34 89% 268191 27301 70%
c w  9.10  0 34 13  21  1 44138 1274 1.4 46 32 29 34 89% 268191 27301 70%
c W  9.48  0 34 13  21  1 45015 1802 1.4 46 32 29 34 89% 268191 27301 70%
c
c  seconds  reductions  conflicts       size    tier2         variables
c         MB     restarts    redundant     glue     trail          remaining
c          level      rate        size/glue  tier1    irredundant
c
c - 10.50  0 34 14  26  1 51640 1392 1.4 46 32 29 34 89% 268191 27301 70%
c O 11.04  0 34 14  28  1 55016 3316 1.4 46 32 29 34 89% 268191 27301 70%
c - 11.83  0 33 15  29  1 59754 1498 1.4 45 32 29 34 89% 268191 27301 70%
c p 11.85  0 33 15  29  1 59754 1499 1.4 45 32 29 34 89% 268191 27301 70%
c s 12.90  0 33 15  29  1 65880 4806 1.4 44 31 29 34 89% 268175 27301 70%
c e 12.93  0 33 15  29  1 65880 4806 1.4 44 31 29 34 89% 268172 27300 70%
c s 12.94  0 33 15  29  1 65880 4791 1.4 44 31 29 34 89% 268168 27300 70%
c e 12.95  0 33 15  29  1 65880 4786 1.4 44 31 29 34 89% 268158 27296 70%
c B 12.98  0 33 15  29  1 66018 4851 1.4 44 31 29 34 89% 268158 27296 70%
c - 13.39  0 33 16  30  1 68484 1644 1.4 44 31 29 34 89% 268158 27296 70%
c p 13.40  0 33 16  30  1 68484 1677 1.4 44 31 29 34 89% 268158 27296 70%
c w 13.44  0 33 16  30  1 68484 1640 1.4 44 31 29 34 89% 268158 27296 70%
c - 15.01  0 33 17  30  1 77831 1749 1.4 44 31 28 33 89% 268158 27296 70%
c p 15.02  0 33 17  30  1 77831 1790 1.4 44 31 28 33 89% 268158 27296 70%
c W 15.73  0 33 17  30  1 78021 1898 1.4 43 31 28 33 89% 268158 27296 70%
c - 17.36  0 33 18  34  1 87793 1933 1.4 43 31 28 33 89% 268158 27296 70%
c p 17.36  0 33 18  34  1 87793 1975 1.4 43 31 28 33 89% 268158 27296 70%
c w 17.41  0 33 18  34  1 87793 1937 1.4 43 31 28 33 89% 268158 27296 70%
c I 17.96  0 33 18  36  1 91024 3662 1.4 43 31 28 33 89% 268158 27296 70%
c - 19.27  0 32 19  40  1 98374 1935 1.4 42 31 28 33 89% 268158 27296 70%
c
c  seconds  reductions  conflicts       size    tier2         variables
c         MB     restarts    redundant     glue     trail          remaining
c          level      rate        size/glue  tier1    irredundant
c
c p 19.28  0 32 19  40  1 98374 1986 1.4 42 31 28 33 89% 268158 27296 70%
c s 19.39  0 32 19  40  1 98844 2012 1.4 42 31 28 33 89% 268148 27296 70%
c e 19.42  0 32 19  40  1 98844 2012 1.4 42 31 28 33 89% 268146 27295 70%
c s 19.43  0 32 19  40  1 98844 1961 1.4 42 31 28 33 89% 268141 27295 70%
c e 19.44  0 32 19  40  1 98844 1961 1.4 42 31 28 33 89% 268134 27292 70%
c B 20.61  0 32 19  44  1 105026 5249 1.4 42 30 28 33 88% 268134 27292 70%
c - 21.53  0 32 20  45  1 109576 1904 1.4 41 30 28 33 88% 268134 27292 70%
c p 21.54  0 32 20  45  1 109576 2007 1.4 41 30 28 33 88% 268134 27292 70%
c u 21.57  0 32 20  45  1 109576 2006 1.4 41 30 28 33 88% 268134 27292 70%
c w 21.60  0 32 20  45  1 109576 1976 1.4 41 30 28 33 88% 268134 27292 70%
c W 24.01  0 32 20  48  1 120027 8806 1.4 43 30 28 33 89% 268134 27292 70%
c - 24.26  0 32 21  49  1 121395 2437 1.4 43 30 28 33 89% 268134 27292 70%
c p 24.26  0 32 21  49  1 121395 2519 1.4 43 30 28 33 89% 268134 27292 70%
c - 26.44  0 32 22  56  1 133835 2225 1.4 43 30 28 33 89% 268134 27292 70%
c p 26.45  0 32 22  56  1 133835 2311 1.4 43 30 28 33 89% 268134 27292 70%
c w 26.52  0 32 22  56  1 133835 2273 1.4 43 30 28 33 89% 268134 27292 70%
c F 26.94  0 31 22  58  1 136029 3425 1.4 43 30 28 33 89% 268133 27292 70%
c s 27.32  0 32 22  59  1 138401 4693 1.4 43 30 26 32 89% 268123 27292 70%
c s 27.37  0 32 22  59  1 138401 4689 1.4 43 30 26 32 89% 268121 27292 70%
c e 27.39  0 32 22  59  1 138401 4683 1.4 43 30 26 32 89% 268113 27289 70%
c
c  seconds  reductions  conflicts        size    tier2         variables
c         MB     restarts     redundant     glue     trail          remaining
c          level      rate         size/glue  tier1    irredundant
c
c - 28.88  0 32 23  60  1 146902 2552 1.5 44 30 26 32 89% 268113 27289 70%
c p 28.90  0 32 23  60  1 146902 2722 1.5 44 30 26 32 89% 268113 27289 70%
c B 30.09  0 32 23  61  1 153031 7203 1.5 45 31 26 32 89% 268113 27289 70%
c - 31.46  0 32 24  61  1 160589 2726 1.5 44 30 26 32 89% 268113 27289 70%
c p 31.47  0 32 24  61  1 160589 2915 1.5 44 30 26 32 89% 268113 27289 70%
c w 31.55  0 32 24  61  1 160589 2842 1.5 44 30 26 32 89% 268113 27289 70%
c W 34.09  0 31 24  62  1 171032 8486 1.5 44 30 26 32 88% 268113 27289 70%
c - 34.77  0 31 25  62  1 174898 2625 1.5 44 30 26 32 88% 268113 27289 70%
c p 34.78  0 31 25  62  1 174898 2845 1.5 44 30 26 32 88% 268113 27289 70%
c s 36.51  0 31 25  62  1 184552 7447 1.5 43 29 26 32 89% 268110 27289 70%
c e 36.55  0 31 25  62  1 184552 7447 1.5 43 29 26 32 89% 268105 27287 70%
c s 36.55  0 31 25  62  1 184552 7420 1.5 43 29 26 32 89% 268104 27287 70%
c e 36.57  0 31 25  62  1 184552 7420 1.5 43 29 26 32 89% 268101 27286 70%
c - 37.59  0 31 26  62  1 189834 2458 1.5 43 29 26 32 89% 268101 27286 70%
c p 37.60  0 31 26  62  1 189834 2643 1.5 43 29 26 32 89% 268101 27286 70%
c w 37.68  0 31 26  62  1 189834 2600 1.5 43 29 26 32 89% 268101 27286 70%
c # 37.71  0 31 26  62  1 190035 2729 1.5 43 29 26 32 89% 268101 27286 70%
c - 40.17  0 31 27  67  1 205392 3085 1.5 44 30 25 32 88% 268101 27286 70%
c p 40.18  0 31 27  67  1 205392 3263 1.5 44 30 25 32 88% 268101 27286 70%
c B 40.97  0 31 27  69  1 210037 6014 1.5 44 30 25 32 88% 268101 27286 70%
c
c  seconds  reductions  conflicts        size    tier2         variables
c         MB     restarts     redundant     glue     trail          remaining
c          level      rate         size/glue  tier1    irredundant
c
c - 43.03  0 31 28  76  1 221574 3017 1.5 44 30 25 32 88% 268101 27286 70%
c p 43.04  0 31 28  76  1 221574 3183 1.5 44 30 25 32 88% 268101 27286 70%
c w 43.12  0 31 28  76  1 221574 3079 1.5 44 30 25 32 88% 268101 27286 70%
c W 45.63  0 31 28  77  1 231038 7848 1.5 44 30 25 32 88% 268101 27286 70%
c s 46.71  0 32 28  81  1 237297 11312 1.5 44 30 25 32 88% 268099 27286 70%
c e 46.74  0 32 28  81  1 237297 11312 1.5 44 30 25 32 88% 268097 27285 70%
c s 46.75  0 32 28  81  1 237297 11312 1.5 44 30 25 32 88% 268096 27285 70%
c - 46.94  0 32 29  82  1 238380 2999 1.5 44 30 25 32 88% 268096 27285 70%
c p 46.95  0 32 29  82  1 238380 3174 1.5 44 30 25 32 88% 268096 27285 70%
c w 47.00  0 32 29  82  1 238380 3166 1.5 44 30 25 32 88% 268096 27285 70%
c O 49.40  0 32 29  90  1 253039 11218 1.5 45 30 25 32 89% 268095 27285 70%
c - 49.88  0 32 30  91  1 255815 3163 1.5 44 30 25 32 88% 268095 27285 70%
c p 49.90  0 32 30  91  1 255815 3355 1.5 44 30 25 32 88% 268095 27285 70%
c w 50.18  0 32 30  91  1 255815 3319 1.5 44 30 25 32 88% 268095 27285 70%
c - 53.51  0 31 31  93  1 273874 3157 1.4 43 30 25 32 88% 268095 27285 70%
c p 53.53  0 31 31  93  1 273874 3428 1.4 43 30 25 32 88% 268095 27285 70%
c w 53.59  0 31 31  93  1 273874 3394 1.4 43 30 25 32 88% 268095 27285 70%
c B 53.99  0 31 31  93  1 276040 4546 1.4 43 30 25 32 88% 268095 27285 70%
c - 56.81  0 31 32 100  1 292564 3485 1.4 43 30 25 32 88% 268095 27285 70%
c p 56.82  0 31 32 100  1 292564 3690 1.4 43 30 25 32 88% 268095 27285 70%
c
c  seconds  reductions  conflicts        size    tier2         variables
c         MB     restarts     redundant     glue     trail          remaining
c          level      rate         size/glue  tier1    irredundant
c
c w 56.88  0 31 32 100  1 292564 3662 1.4 43 30 25 32 88% 268095 27285 70%
c s 57.61  0 31 32 102  1 296636 5630 1.4 43 30 25 32 88% 268094 27285 70%
c e 57.64  0 31 32 102  1 296636 5630 1.4 43 30 25 32 88% 268092 27284 70%
c s 57.65  0 31 32 102  1 296636 5611 1.4 43 30 25 32 88% 268091 27284 70%
c W 59.38  0 31 32 104  1 300042 7400 1.4 43 30 25 32 88% 268091 27284 70%
c - 61.30  0 32 33 108  1 311878 3696 1.5 44 30 25 32 88% 268091 27284 70%
c p 61.31  0 32 33 108  1 311878 3875 1.5 44 30 25 32 88% 268091 27284 70%
c w 61.37  0 32 33 108  1 311878 3846 1.5 44 30 25 32 88% 268091 27284 70%
c I 63.41  0 32 33 115  1 325043 10861 1.4 43 30 25 32 88% 268091 27284 70%
c - 64.58  0 32 34 118  1 331818 3715 1.4 43 30 25 32 88% 268091 27284 70%
c p 64.59  0 32 34 118  1 331818 3846 1.4 43 30 25 32 88% 268091 27284 70%
c w 64.64  0 32 34 118  1 331818 3810 1.4 43 30 25 32 88% 268091 27284 70%
c B 68.15  0 32 34 124  1 351046 14361 1.4 43 30 25 32 88% 268091 27284 70%
c - 68.43  0 32 35 124  1 352386 3746 1.4 43 30 25 32 88% 268091 27284 70%
c p 68.44  0 32 35 124  1 352386 4180 1.4 43 30 25 32 88% 268091 27284 70%
c w 68.52  0 32 35 124  1 352386 4138 1.4 43 30 25 32 88% 268091 27284 70%
c s 70.31  0 31 35 124  1 362570 9163 1.4 42 30 25 32 88% 268091 27284 70%
c s 70.34  0 31 35 124  1 362570 9146 1.4 42 30 25 32 88% 268091 27284 70%
c e 70.36  0 31 35 124  1 362570 9146 1.4 42 30 25 32 88% 268089 27283 70%
c - 72.26  0 31 36 125  1 373581 3728 1.4 42 29 25 32 88% 268089 27283 70%
c
c  seconds  reductions  conflicts        size    tier2         variables
c         MB     restarts     redundant     glue     trail          remaining
c          level      rate         size/glue  tier1    irredundant
c
c p 72.27  0 31 36 125  1 373581 4113 1.4 42 29 25 32 88% 268089 27283 70%
c w 72.35  0 31 36 125  1 373581 4025 1.4 42 29 25 32 88% 268089 27283 70%
c W 73.86  0 31 36 125  1 378048 6533 1.4 42 29 25 32 88% 268089 27283 70%
c - 76.53  0 31 37 125  1 395405 3915 1.4 43 30 25 32 88% 268089 27283 70%
c p 76.54  0 31 37 125  1 395405 4167 1.4 43 30 25 32 88% 268089 27283 70%
c w 76.60  0 31 37 125  1 395405 4118 1.4 43 30 25 32 88% 268089 27283 70%
c F 78.24  0 32 37 126  1 406053 9891 1.4 43 30 25 32 88% 268089 27283 70%
c - 80.07  0 32 38 126  1 417857 3962 1.4 43 30 25 32 88% 268089 27283 70%
c p 80.08  0 32 38 126  1 417857 4235 1.4 43 30 25 32 88% 268089 27283 70%
c w 80.42  0 32 38 126  1 417857 4169 1.4 43 30 25 32 88% 268089 27283 70%
c B 83.19  0 32 38 126  1 435055 13126 1.4 43 30 25 32 88% 268089 27283 70%
c s 83.21  0 32 38 126  1 435097 12388 1.4 43 30 25 32 88% 268089 27283 70%
c s 83.25  0 32 38 126  1 435097 12367 1.4 43 30 25 32 88% 268089 27283 70%
c - 84.32  0 32 39 126  1 440938 3884 1.4 43 31 25 32 88% 268089 27283 70%
c p 84.33  0 32 39 126  1 440938 4106 1.4 43 31 25 32 88% 268089 27283 70%
c w 84.41  0 32 39 126  1 440938 4061 1.4 43 31 25 32 88% 268089 27283 70%
c - 88.44  0 32 40 126  1 464650 4071 1.4 43 31 26 32 88% 268089 27283 70%
c p 88.45  0 32 40 126  1 464650 4441 1.4 43 31 26 32 88% 268089 27283 70%
c w 88.50  0 32 40 126  1 464650 4390 1.4 43 31 26 32 88% 268089 27283 70%
c W 89.81  0 32 40 126  1 465056 4597 1.4 43 31 26 32 88% 268084 27283 70%
c
c  seconds  reductions  conflicts        size    tier2         variables
c         MB     restarts     redundant     glue     trail          remaining
c          level      rate         size/glue  tier1    irredundant
c
c - 94.14  0 32 41 140  1 488991 4369 1.4 43 31 26 32 89% 268084 27283 70%
c p 94.15  0 32 41 140  1 488991 4612 1.4 43 31 26 32 89% 268084 27283 70%
c w 94.23  0 32 41 140  1 488991 4546 1.4 43 31 26 32 89% 268084 27283 70%
c # 95.42  0 32 41 141  1 496057 8603 1.4 44 31 26 32 89% 268084 27283 70%
c - 98.00  0 33 42 151  1 513959 4505 1.4 44 31 26 32 88% 268084 27283 70%
c p 98.01  0 33 42 151  1 513959 4702 1.4 44 31 26 32 88% 268084 27283 70%
c w 98.07  0 33 42 151  1 513959 4663 1.4 44 31 26 32 88% 268084 27283 70%
c s 98.13  0 33 42 151  1 514218 4800 1.4 44 31 26 32 88% 268084 27283 70%
c s 98.16  0 33 42 151  1 514218 4790 1.4 44 31 26 32 88% 268084 27283 70%
c B 100.43  0 33 42 156  1 528058 12104 1.4 44 31 26 32 88% 268084 27283 70%
c - 102.35  0 33 43 157  1 539557 4584 1.4 44 31 26 32 88% 268084 27283 70%
c p 102.36  0 33 43 157  1 539557 4799 1.4 44 31 26 32 88% 268084 27283 70%
c w 102.42  0 33 43 157  1 539557 4757 1.4 44 31 26 32 88% 268084 27283 70%
c W 107.37  0 33 43 164  1 561060 16347 1.4 44 32 26 32 89% 268084 27283 70%
c - 108.23  0 33 44 168  1 565786 4800 1.4 45 32 26 32 89% 268084 27283 70%
c p 108.25  0 33 44 168  1 565786 5199 1.4 45 32 26 32 89% 268084 27283 70%
c w 108.33  0 33 44 168  1 565786 5181 1.4 45 32 26 32 89% 268084 27283 70%
c - 112.75  0 33 45 179  1 592645 4864 1.4 44 32 26 32 89% 268084 27283 70%
c p 112.75  0 33 45 179  1 592645 5220 1.4 44 32 26 32 89% 268084 27283 70%
c w 112.83  0 33 45 179  1 592645 5182 1.4 44 32 26 32 89% 268084 27283 70%
c
c  seconds   reductions  conflicts        size    tier2         variables
c          MB     restarts     redundant     glue     trail          remaining
c           level      rate         size/glue  tier1    irredundant
c
c O 113.23  0 33 45 180  1 595061 6412 1.4 44 32 26 32 89% 268084 27283 70%
c - 117.21  0 33 46 188  1 620133 5217 1.4 43 31 26 32 88% 268084 27283 70%
c p 117.23  0 33 46 188  1 620133 5653 1.4 43 31 26 32 88% 268084 27283 70%
c w 117.32  0 33 46 188  1 620133 5608 1.4 43 31 26 32 88% 268084 27283 70%
c B 118.93  0 33 46 188  1 630064 11701 1.4 44 31 26 32 88% 268084 27283 70%
c - 121.96  0 33 47 189  1 648251 5713 1.4 45 31 26 32 88% 268084 27283 70%
c p 121.97  0 33 47 189  1 648251 6041 1.4 45 31 26 32 88% 268084 27283 70%
c w 122.36  0 33 47 189  1 648251 5991 1.4 45 31 26 32 88% 268084 27283 70%
c W 127.10  0 33 47 190  1 666065 15824 1.4 45 31 26 32 88% 268084 27283 70%
c - 129.00  0 33 48 196  1 677000 5406 1.4 45 31 26 32 88% 268084 27283 70%
c p 129.02  0 33 48 196  1 677000 5766 1.4 45 31 26 32 88% 268084 27283 70%
c w 129.11  0 33 48 196  1 677000 5695 1.4 45 31 26 32 88% 268084 27283 70%
c I 133.79  0 33 48 208  1 703068 19472 1.4 45 31 26 32 88% 268084 27283 70%
c - 134.52  0 33 49 210  1 706379 5263 1.4 45 31 26 32 88% 268084 27283 70%
c p 134.54  0 33 49 210  1 706379 5537 1.4 45 31 26 32 88% 268084 27283 70%
c w 134.65  0 33 49 210  1 706379 5443 1.4 45 31 26 32 88% 268084 27283 70%
c - 140.27  0 32 50 220  1 736389 5228 1.4 43 30 26 32 88% 268084 27283 70%
c p 140.29  0 32 50 220  1 736389 5459 1.4 43 30 26 32 88% 268084 27283 70%
c w 140.39  0 32 50 220  1 736389 5416 1.4 43 30 26 32 88% 268084 27283 70%
c B 141.29  0 32 50 220  1 741070 7786 1.4 43 30 26 32 88% 268084 27283 70%
c
c  seconds   reductions  conflicts        size    tier2         variables
c          MB     restarts     redundant     glue     trail          remaining
c           level      rate         size/glue  tier1    irredundant
c
c - 146.11  0 31 51 233  1 767029 5287 1.4 42 29 26 32 88% 268084 27283 70%
c p 146.13  0 31 51 233  1 767029 5816 1.4 42 29 26 32 88% 268084 27283 70%
c w 146.23  0 31 51 233  1 767029 5760 1.4 42 29 26 32 88% 268084 27283 70%
c W 150.12  0 31 51 235  1 780071 12449 1.4 41 29 26 32 88% 268084 27283 70%
c - 153.14  0 31 52 246  1 798301 5734 1.5 43 30 26 32 88% 268084 27283 70%
c p 153.16  0 31 52 246  1 798301 6146 1.5 43 30 26 32 88% 268084 27283 70%
c w 153.26  0 31 52 246  1 798301 6076 1.5 43 30 26 32 88% 268084 27283 70%
c F 156.92  0 32 52 251  1 820072 17837 1.5 44 30 26 32 89% 268084 27283 70%
c - 158.69  0 32 53 251  1 830203 5769 1.5 44 30 26 32 88% 268084 27283 70%
c p 158.70  0 32 53 251  1 830203 6048 1.5 44 30 26 32 88% 268084 27283 70%
c w 158.81  0 32 53 251  1 830203 5949 1.5 44 30 26 32 88% 268084 27283 70%
c B 164.03  0 32 53 252  1 861074 21212 1.5 45 31 26 32 88% 268084 27283 70%
c - 164.33  0 32 54 252  1 862736 5486 1.5 45 31 26 32 88% 268084 27283 70%
c p 164.35  0 32 54 252  1 862736 5788 1.5 45 31 26 32 88% 268084 27283 70%
c w 164.50  0 32 54 252  1 862736 5684 1.5 45 31 26 32 88% 268084 27283 70%
c - 170.24  0 32 55 253  1 895902 5767 1.4 44 30 26 32 88% 268084 27283 70%
c p 170.26  0 32 55 253  1 895902 6110 1.4 44 30 26 32 88% 268084 27283 70%
c w 170.36  0 32 55 253  1 895902 6041 1.4 44 30 26 32 88% 268084 27283 70%
c s 170.41  0 32 55 253  1 895902 5492 1.4 44 30 26 32 88% 268079 27283 70%
c s 170.44  0 32 55 253  1 895902 5462 1.4 44 30 26 32 88% 268079 27283 70%
c
c  seconds   reductions  conflicts        size    tier2         variables
c          MB     restarts     redundant     glue     trail          remaining
c           level      rate         size/glue  tier1    irredundant
c
c W 173.64  0 32 55 253  1 903075 9231 1.4 44 30 26 32 88% 268079 27283 70%
c - 178.28  0 32 56 253  1 929699 5442 1.4 43 30 26 32 88% 268079 27283 70%
c p 178.30  0 32 56 253  1 929699 5731 1.4 43 30 26 32 88% 268079 27283 70%
c w 178.41  0 32 56 253  1 929699 5684 1.4 43 30 26 32 88% 268079 27283 70%
c # 181.28  0 32 56 254  1 946077 14391 1.4 42 30 26 32 88% 268079 27283 70%
c - 184.27  0 32 57 254  1 964127 5967 1.4 43 30 26 32 88% 268079 27283 70%
c p 184.29  0 32 57 254  1 964127 6249 1.4 43 30 26 32 88% 268079 27283 70%
c w 184.80  0 32 57 254  1 964127 6200 1.4 43 30 26 32 88% 268079 27283 70%
c B 189.01  0 32 57 254  1 990079 19384 1.4 42 31 26 32 88% 268079 27283 70%
c - 190.66  0 32 58 254  1 999187 5920 1.4 42 30 26 32 88% 268079 27283 70%
c p 190.68  0 32 58 254  1 999187 6376 1.4 42 30 26 32 88% 268079 27283 70%
c w 190.78  0 32 58 254  1 999187 6317 1.4 42 30 26 32 88% 268079 27283 70%
c - 196.88  0 31 59 254  1 1034879 5926 1.4 41 30 26 32 88% 268079 27283 70%
c p 196.89  0 31 59 254  1 1034879 6350 1.4 41 30 26 32 88% 268079 27283 70%
c w 196.98  0 31 59 254  1 1034879 6282 1.4 41 30 26 32 88% 268079 27283 70%
c W 198.70  0 31 59 254  1 1035081 6410 1.4 41 30 26 32 88% 268079 27283 70%
c - 204.52  0 32 60 260  1 1071204 6110 1.4 43 30 26 32 88% 268079 27283 70%
c p 204.54  0 32 60 260  1 1071204 6396 1.4 43 30 26 32 88% 268079 27283 70%
c w 204.63  0 32 60 260  1 1071204 6327 1.4 43 30 26 32 88% 268079 27283 70%
c O 206.08  0 32 60 265  1 1081082 11637 1.4 43 30 26 32 88% 268079 27283 70%
c
c  seconds   reductions   conflicts        size    tier2         variables
c          MB     restarts      redundant     glue     trail          remaining
c           level      rate          size/glue  tier1    irredundant
c
c - 210.38  0 32 61 276  1 1108158 6672 1.4 43 30 26 32 88% 268079 27283 70%
c p 210.40  0 32 61 276  1 1108158 7097 1.4 43 30 26 32 88% 268079 27283 70%
c u 210.46  0 32 61 276  1 1108158 7095 1.4 43 30 26 32 88% 268079 27283 70%
c w 210.53  0 32 61 276  1 1108158 7013 1.4 43 30 26 32 88% 268079 27283 70%
c B 213.73  0 31 61 284  1 1128087 18017 1.4 42 30 26 32 88% 268079 27283 70%
c - 216.79  0 32 62 285  1 1145745 6867 1.4 44 30 26 32 88% 268079 27283 70%
c p 216.81  0 32 62 285  1 1145745 7167 1.4 44 30 26 32 88% 268079 27283 70%
c w 216.93  0 32 62 285  1 1145745 7071 1.4 44 30 26 32 88% 268079 27283 70%
c W 224.34  0 32 62 300  1 1176089 23140 1.4 44 31 26 32 88% 268079 27283 70%
c - 225.61  0 33 63 303  1 1183963 6961 1.4 45 31 26 32 88% 268079 27283 70%
c p 225.63  0 33 63 303  1 1183963 7194 1.4 45 31 26 32 88% 268079 27283 70%
c w 225.75  0 33 63 303  1 1183963 7124 1.4 45 31 26 32 88% 268079 27283 70%
c - 231.81  0 33 64 316  1 1222815 6963 1.4 45 31 26 32 89% 268079 27283 70%
c p 231.82  0 33 64 316  1 1222815 7483 1.4 45 31 26 32 89% 268079 27283 70%
c w 231.92  0 33 64 316  1 1222815 7422 1.4 45 31 26 32 89% 268079 27283 70%
c s 231.97  0 33 64 316  1 1222815 7298 1.4 45 31 26 32 89% 268078 27283 70%
c s 232.00  0 33 64 316  1 1222815 7282 1.4 45 31 26 32 89% 268078 27283 70%
c ^ 232.01  0 33 64 316  1 1222815 7282 1.4 45 31 26 32 89% 268078 27283 70%
c I 232.36  0 33 64 316  1 1225092 8673 1.4 45 31 26 32 89% 268078 27283 70%
c - 239.10  0 33 65 317  1 1262300 8063 1.5 46 31 26 32 88% 268078 27283 70%
c
c  seconds   reductions   conflicts        size    tier2         variables
c          MB     restarts      redundant     glue     trail          remaining
c           level      rate          size/glue  tier1    irredundant
c
c p 239.12  0 33 65 317  1 1262300 8547 1.5 46 31 26 32 88% 268078 27283 70%
c w 239.25  0 33 65 317  1 1262300 8439 1.5 46 31 26 32 88% 268078 27283 70%
c B 241.50  0 33 65 324  1 1275093 15813 1.5 46 31 26 32 88% 268078 27283 70%
c - 246.48  0 32 66 337  1 1302416 7267 1.4 44 30 26 32 88% 268078 27283 70%
c p 246.50  0 32 66 337  1 1302416 7677 1.4 44 30 26 32 88% 268078 27283 70%
c w 246.63  0 32 66 337  1 1302416 7542 1.4 44 30 26 32 88% 268078 27283 70%
c s 249.82  0 32 66 346  1 1321715 17149 1.4 44 30 26 32 88% 268078 27283 70%
c s 249.93  0 32 66 346  1 1321715 17125 1.4 44 30 26 32 88% 268078 27283 70%
c ^ 249.95  0 32 66 346  1 1321715 17125 1.4 44 30 26 32 88% 268078 27283 70%
c W 252.39  0 32 66 347  1 1326094 19432 1.4 43 30 26 32 88% 268078 27283 70%
c - 255.30  0 32 67 348  1 1343164 7672 1.5 45 30 26 32 88% 268078 27283 70%
c p 255.32  0 32 67 348  1 1343164 8105 1.5 45 30 26 32 88% 268078 27283 70%
c w 255.47  0 32 67 348  1 1343164 7960 1.5 45 30 26 32 88% 268078 27283 70%
c F 260.85  0 32 67 363  1 1378095 27780 1.5 45 31 26 32 88% 268078 27283 70%
c - 261.88  0 33 68 367  1 1384546 7773 1.5 45 31 26 32 88% 268078 27283 70%
c p 261.90  0 33 68 367  1 1384546 8074 1.5 45 31 26 32 88% 268078 27283 70%
c w 262.54  0 33 68 367  1 1384546 7863 1.5 45 31 26 32 88% 268078 27283 70%
c - 269.45  0 32 69 379  1 1426560 7038 1.4 44 31 26 32 88% 268078 27283 70%
c p 269.48  0 32 69 379  1 1426560 7364 1.4 44 31 26 32 88% 268078 27283 70%
c w 269.62  0 32 69 379  1 1426560 7212 1.4 44 31 26 32 88% 268078 27283 70%
c
c  seconds   reductions   conflicts        size    tier2         variables
c          MB     restarts      redundant     glue     trail          remaining
c           level      rate          size/glue  tier1    irredundant
c
c s 269.76  0 32 69 379  1 1427207 7522 1.4 44 31 26 32 88% 268078 27283 70%
c e 269.86  0 32 69 379  1 1427207 7522 1.4 44 31 26 32 88% 268080 27282 70%
c s 269.87  0 32 69 379  1 1427207 7512 1.4 44 31 26 32 88% 268080 27282 70%
c ^ 269.88  0 32 69 379  1 1427207 7512 1.4 44 31 26 32 88% 268080 27282 70%
c B 270.50  0 33 69 380  1 1431097 9971 1.4 44 31 26 32 88% 268080 27282 70%
c ] 276.55  0 33 69 381  1 1466679 29129 1.4 45 31 26 32 88% 268080 27282 70%
c ? 276.55  0 33 69 381  1 1466679 29129 1.4 45 31 26 32 88% 268080 27282 70%
c
c --- [ result ] -------------------------------------------------------------
c
c writing result to 'search-results/cadical-complete-cover-20260902/anchor-001-p1-s0.result'
c
c --- [ run-time profiling ] -------------------------------------------------
c
c process time taken by individual solving procedures
c (percentage relative to process time for solving)
c
c       266.96   96.55% search
c       248.36   89.82% stable
c        18.53    6.70% walk
c         9.54    3.45% simplify
c         3.43    1.24% vivify
c         2.02    0.73% sweep
c         0.95    0.34% backbone
c         0.93    0.33% elim
c         0.42    0.15% subsume
c         0.32    0.12% probe
c         0.25    0.09% congruence
c         0.23    0.08% ternary
c         0.07    0.02% lucky
c         0.05    0.02% parse
c   =================================
c       276.51   99.98% solve
c
c last line shows process time for solving
c (percentage relative to total process time)
c
c --- [ statistics ] ---------------------------------------------------------
c
c chronological:            171826        11.72 %  of conflicts
c conflicts:               1466679      5304.33    per second
c backbone:               77200899    198245.85 %  of vars
c decisions:               1598076      5779.53    per second
c eliminated:                 2734         7.02 %  of all variables
c fixed:                      8926        22.92 %  of all variables
c learned:                 1445466        98.55 %  per conflict
c learned_lits:          770106820       100.00 %  learned literals
c minimized:                     0         0.00 %  learned literals
c shrunken:              702679256        91.24 %  learned literals
c minishrunken:            4139900         0.54 %  learned literals
c otfs:                        597         0.04 %  of conflict
c propagations:          781954560         2.83 M  per second
c reduced:                  762518        51.99 %  per conflict
c rephased:                     53     27673.19    interval
c restarts:                    381      3849.55    interval
c subsumed:                 651118        36.88 %  of all clauses
c strengthened:              37290         2.11 %  of all clauses
c ticks:               10923068475        18.79    propagation
c vivified:                   4064         0.23 %  of all clauses
c walked:                       17     86275.24    interval
c weakened:                  13069         5.22    average size
c congruence:                   11    133334.45    interval
c
c seconds are measured in process time for solving
c
c --- [ glue usage ] ---------------------------------------------------------
c
c focused glue 2 used 0 clauses 0.000% accumulated 0.000% tier1
c focused glue 3 used 0 clauses 0.000% accumulated 0.000%
c focused glue 4 used 0 clauses 0.000% accumulated 0.000%
c focused glue 5 used 0 clauses 0.000% accumulated 0.000%
c focused glue 6 used 0 clauses 0.000% accumulated 0.000% tier2
c
c stable glue 26 used 260620 clauses 5.770% accumulated 54.54% tier1
c stable glue 27 used 261397 clauses 5.788% accumulated 60.32%
c stable glue 28-30 used 771782 clauses 17.08% accumulated 77.41%
c stable glue 31 used 251641 clauses 5.572% accumulated 82.99%
c stable glue 32 used 230355 clauses 5.100% accumulated 88.09% tier2
c
c
c --- [ resources ] ----------------------------------------------------------
c
c total process time since initialization:       276.55    seconds
c total real time since initialization:          300.00    seconds
c maximum resident set size of process:          182.30    MB
c
c --- [ shutting down ] ------------------------------------------------------
c
c exit 0
