c --- [ banner ] -------------------------------------------------------------
c
c CaDiCaL SAT Solver
c Copyright (c) 2016-2026
c A. Biere, M. Fleury, N. Froleyks, K. Fazekas, F. Pollitt, T. Faller
c JKU Linz, University of Freiburg, TU Wien
c
c Version 3.0.1 c60730422e758ef1cebe7aeddf2dda31c996bf04
c Apple clang version 21.0.0 (clang-2100.1.1.101) -Wall -Wextra -O3 -DNDEBUG -DNCLOSEFROM
c Tue Sep 1 21:08:57 PDT 2026 Darwin retained-runner 25.6.0 arm64
c
c --- [ limit ] --------------------------------------------------------------
c
c setting time limit to 300 seconds real time (due to '-t 300')
c
c --- [ parsing input ] ------------------------------------------------------
c
c reading DIMACS file from 'search-results/cadical-complete-cover-20260902/cnf/anchor-008-p1-s0.cnf'
c opening file to read 'search-results/cadical-complete-cover-20260902/cnf/anchor-008-p1-s0.cnf'
c found 'p cnf 38942 364405' header
c parsed 364405 clauses in 0.04 seconds process time
c
c --- [ options ] ------------------------------------------------------------
c
c   --elimeffort=10                (different from default '1e3')
c   --stabilizeonly=true           (different from default 'false')
c   --subsumeeffort=60             (different from default '1e3')
c
c --- [ solving ] ------------------------------------------------------------
c
c time measured in process time since initialization
c
c  seconds  reduction conflicts       size tier2        variables
c         MB    restarts   redundant    glue  trail          remaining
c          level     rate       size/glu tier1  irredundant
c
c *  0.04  0  0 0   0  0    0    0 0.0 0 0 2 6  0% 289739 30016 77%
c )  0.06  0  0 0   0  0    0    0 0.0 0 0 2 6  0% 289739 30016 77%
c [  0.08  0  0 0   0  0    0    0 0.0 0 0 2 6  0% 289739 30016 77%
c -  0.13  0 39 1   0  1  301   52 1.4 50 35 2 6 97% 274686 30016 77%
c -  0.21  0 38 2   0  2  924  251 1.4 42 29 2 6 97% 274686 30016 77%
c I  0.21  0 38 2   0  2 1002  314 1.4 41 29 2 6 97% 274686 30016 77%
c -  0.34  0 38 3   1  1 2019  387 1.4 47 33 2 6 95% 274686 30016 77%
c B  0.55  0 38 3   2  1 3005  957 1.5 51 34 2 6 93% 274686 30016 77%
c -  0.61  0 38 4   2  1 3635  555 1.5 49 34 2 6 96% 274686 30016 77%
c -  0.84  0 38 5   4  1 5804  836 1.4 48 34 34 37 96% 274686 30016 77%
c W  0.91  0 38 5   4  1 6007  989 1.4 48 33 34 37 96% 274686 30016 77%
c s  0.98  0 38 5   5  1 6542 1130 1.4 48 34 34 37 96% 274686 30016 77%
c e  1.21  0 38 5   5  1 6542  356 1.4 48 34 34 37 96% 268849 27391 70%
c s  1.24  0 38 5   5  1 6542  352 1.4 48 34 34 37 96% 268769 27391 70%
c e  1.31  0 38 5   5  1 6542  347 1.4 48 34 34 37 96% 268527 27339 70%
c 2  1.51  0 37 5   5  1 8087 1326 1.4 48 33 34 37 94% 268527 27339 70%
c -  1.63  0 37 6   6  1 8543  536 1.4 48 33 34 37 94% 268527 27339 70%
c F  1.79  0 37 6   6  1 10009 1117 1.4 47 33 34 36 93% 268527 27339 70%
c -  2.08  0 37 7   6  1 11843  828 1.5 49 33 34 36 92% 268527 27339 70%
c B  2.52  0 36 7   9  1 15010 3012 1.5 50 33 33 36 91% 268527 27339 70%
c
c  seconds  reductions conflicts       size    tier2         variables
c         MB    restarts    redundant     glue     trail          remaining
c          level     rate        size/glue  tier1    irredundant
c
c -  2.61  0 36 8   9  1 15732 1044 1.5 50 33 33 36 91% 268527 27339 70%
c s  3.14  0 36 8  12  1 19727 3332 1.5 50 34 33 36 90% 268459 27339 70%
c e  3.19  0 36 8  12  1 19727 3327 1.5 50 34 33 36 90% 268338 27308 70%
c s  3.21  0 36 8  12  1 19727 3325 1.5 50 34 33 36 90% 268268 27308 70%
c e  3.23  0 36 8  12  1 19727 3314 1.5 50 34 33 36 90% 268224 27295 70%
c -  3.30  0 37 9  12  1 20212 1105 1.5 50 34 33 36 90% 268224 27295 70%
c u  3.33  0 37 9  12  1 20212 1101 1.5 50 34 33 36 90% 268224 27295 70%
c v  3.33  0 37 9  12  1 20212 1101 1.5 50 34 33 36 90% 268224 27295 70%
c w  3.33  0 37 9  12  1 20212 1090 1.5 50 34 33 36 90% 268224 27295 70%
c W  3.59  0 37 9  13  1 21013 1588 1.5 50 34 33 36 90% 268224 27295 70%
c -  4.03  0 36 10  14  1 25289 1176 1.5 50 34 32 36 89% 268224 27295 70%
c #  4.33  0 36 10  14  1 28015 2769 1.5 49 34 32 36 89% 268224 27295 70%
c -  4.72  0 36 11  14  1 30968 1329 1.5 49 34 32 36 89% 268224 27295 70%
c B  5.36  0 36 11  17  1 36016 4331 1.5 49 33 32 36 89% 268224 27295 70%
c -  5.53  0 36 12  17  1 37252 1431 1.5 49 33 32 36 89% 268224 27295 70%
c s  5.91  0 36 12  19  1 39508 2772 1.5 49 34 31 35 89% 268149 27295 70%
c e  5.94  0 36 12  19  1 39508 2771 1.5 49 34 31 35 89% 268140 27292 70%
c s  5.94  0 36 12  19  1 39508 2768 1.5 49 34 31 35 89% 268116 27292 70%
c e  5.96  0 36 12  19  1 39508 2768 1.5 49 34 31 35 89% 268094 27284 70%
c -  6.55  0 36 13  21  1 44144 1519 1.5 49 33 31 35 89% 268094 27284 70%
c
c  seconds  reductions  conflicts       size    tier2         variables
c         MB     restarts    redundant     glue     trail          remaining
c          level      rate        size/glue  tier1    irredundant
c
c u  6.58  0 36 13  21  1 44144 1518 1.5 49 33 31 35 89% 268094 27284 70%
c w  6.59  0 36 13  21  1 44144 1504 1.5 49 33 31 35 89% 268094 27284 70%
c W  6.90  0 36 13  21  1 45018 1985 1.5 49 33 31 35 89% 268094 27284 70%
c -  7.71  0 35 14  26  1 51645 1492 1.4 48 33 31 35 89% 268094 27284 70%
c O  8.16  0 35 14  28  1 55021 3577 1.4 48 33 31 35 89% 268094 27284 70%
c -  8.78  0 35 15  29  1 59762 1687 1.4 47 33 31 35 89% 268094 27284 70%
c p  8.78  0 35 15  29  1 59762 1698 1.4 47 33 31 35 89% 268094 27284 70%
c s  9.62  0 34 15  29  1 65883 4982 1.4 46 32 31 35 89% 268065 27284 70%
c s  9.66  0 34 15  29  1 65883 4962 1.4 46 32 31 35 89% 268058 27284 70%
c e  9.67  0 34 15  29  1 65883 4962 1.4 46 32 31 35 89% 268049 27281 70%
c B  9.70  0 34 15  29  1 66024 5067 1.4 46 32 31 35 89% 268049 27281 70%
c - 10.06  0 34 16  30  1 68492 1848 1.4 46 32 31 35 89% 268049 27281 70%
c p 10.06  0 34 16  30  1 68492 1880 1.4 46 32 31 35 89% 268049 27281 70%
c w 10.10  0 34 16  30  1 68492 1873 1.4 46 32 31 35 89% 268049 27281 70%
c - 11.33  0 34 17  30  1 77836 2048 1.4 46 32 29 34 88% 268049 27281 70%
c p 11.34  0 34 17  30  1 77836 2082 1.4 46 32 29 34 88% 268049 27281 70%
c W 11.93  0 34 17  30  1 78028 2208 1.4 46 32 29 34 88% 268049 27281 70%
c - 13.15  0 34 18  34  1 87797 2088 1.4 46 32 29 34 88% 268049 27281 70%
c p 13.15  0 34 18  34  1 87797 2142 1.4 46 32 29 34 88% 268049 27281 70%
c w 13.19  0 34 18  34  1 87797 2132 1.4 46 32 29 34 88% 268049 27281 70%
c
c  seconds  reductions  conflicts       size    tier2         variables
c         MB     restarts    redundant     glue     trail          remaining
c          level      rate        size/glue  tier1    irredundant
c
c I 13.66  0 34 18  36  1 91029 4009 1.4 46 32 29 34 88% 268049 27281 70%
c - 14.77  0 33 19  40  1 98376 2074 1.4 45 31 29 34 88% 268049 27281 70%
c p 14.77  0 33 19  40  1 98376 2137 1.4 45 31 29 34 88% 268049 27281 70%
c s 14.87  0 33 19  40  1 98849 2034 1.4 45 31 29 34 88% 268042 27281 70%
c e 14.89  0 33 19  40  1 98849 2034 1.4 45 31 29 34 88% 268038 27279 70%
c s 14.89  0 33 19  40  1 98849 1907 1.4 45 31 29 34 88% 268029 27279 70%
c e 14.91  0 33 19  40  1 98849 1907 1.4 45 31 29 34 88% 268023 27277 70%
c B 15.74  0 33 19  44  1 105032 5213 1.4 45 31 29 34 88% 268023 27277 70%
c - 16.44  0 33 20  45  1 109575 2028 1.4 44 31 29 34 88% 268023 27277 70%
c p 16.45  0 33 20  45  1 109575 2112 1.4 44 31 29 34 88% 268023 27277 70%
c w 16.50  0 33 20  45  1 109575 2091 1.4 44 31 29 34 88% 268023 27277 70%
c W 18.44  0 33 20  48  1 120035 8033 1.4 44 31 29 34 88% 268023 27277 70%
c - 18.62  0 33 21  49  1 121393 2367 1.4 44 31 29 34 88% 268023 27277 70%
c p 18.62  0 33 21  49  1 121393 2447 1.4 44 31 29 34 88% 268023 27277 70%
c - 20.30  0 33 22  56  1 133833 2487 1.4 44 31 29 34 88% 268023 27277 70%
c p 20.31  0 33 22  56  1 133833 2564 1.4 44 31 29 34 88% 268023 27277 70%
c w 20.35  0 33 22  56  1 133833 2548 1.4 44 31 29 34 88% 268023 27277 70%
c F 20.66  0 33 22  58  1 136036 3741 1.4 44 31 29 34 88% 268023 27277 70%
c s 20.97  0 33 22  59  1 138410 4967 1.4 45 31 28 33 88% 268017 27277 70%
c e 20.99  0 33 22  59  1 138410 4967 1.4 45 31 28 33 88% 268015 27276 70%
c
c  seconds  reductions  conflicts        size    tier2         variables
c         MB     restarts     redundant     glue     trail          remaining
c          level      rate         size/glue  tier1    irredundant
c
c s 21.00  0 33 22  59  1 138410 4955 1.4 45 31 28 33 88% 268014 27276 70%
c e 21.01  0 33 22  59  1 138410 4955 1.4 45 31 28 33 88% 268008 27274 70%
c - 22.18  0 33 23  60  1 146893 2567 1.4 45 31 28 33 88% 268008 27274 70%
c p 22.19  0 33 23  60  1 146893 2718 1.4 45 31 28 33 88% 268008 27274 70%
c B 23.11  0 33 23  61  1 153037 6333 1.4 45 31 28 33 88% 268008 27274 70%
c - 24.20  0 33 24  61  1 160576 2812 1.4 45 31 28 33 88% 268008 27274 70%
c p 24.21  0 33 24  61  1 160576 2981 1.4 45 31 28 33 88% 268008 27274 70%
c w 24.26  0 33 24  61  1 160576 2938 1.4 45 31 28 33 88% 268008 27274 70%
c W 26.26  0 33 24  62  1 171038 8466 1.4 44 31 28 33 88% 268008 27274 70%
c - 26.77  0 33 25  62  1 174881 2807 1.4 44 31 28 33 88% 268008 27274 70%
c p 26.78  0 33 25  62  1 174881 2993 1.4 44 31 28 33 88% 268008 27274 70%
c s 27.99  0 32 25  62  1 184565 8035 1.4 44 31 28 33 88% 268005 27274 70%
c e 28.02  0 32 25  62  1 184565 8035 1.4 44 31 28 33 88% 268003 27273 70%
c s 28.02  0 32 25  62  1 184565 8017 1.4 44 31 28 33 88% 268000 27273 70%
c e 28.04  0 32 25  62  1 184565 8017 1.4 44 31 28 33 88% 267993 27270 70%
c - 28.70  0 32 26  62  1 189811 2854 1.4 44 31 28 33 88% 267993 27270 70%
c p 28.71  0 32 26  62  1 189811 3014 1.4 44 31 28 33 88% 267993 27270 70%
c w 28.77  0 32 26  62  1 189811 2968 1.4 44 31 28 33 88% 267993 27270 70%
c # 28.81  0 32 26  62  1 190039 3094 1.4 44 31 28 33 88% 267993 27270 70%
c - 30.50  0 32 27  67  1 205364 2910 1.4 44 31 27 33 88% 267993 27270 70%
c
c  seconds  reductions  conflicts        size    tier2         variables
c         MB     restarts     redundant     glue     trail          remaining
c          level      rate         size/glue  tier1    irredundant
c
c p 30.51  0 32 27  67  1 205364 3043 1.4 44 31 27 33 88% 267993 27270 70%
c B 31.06  0 32 27  69  1 210040 5459 1.4 44 31 27 33 88% 267993 27270 70%
c - 32.35  0 32 28  76  1 221544 2989 1.4 44 31 27 33 88% 267993 27270 70%
c p 32.36  0 32 28  76  1 221544 3146 1.4 44 31 27 33 88% 267993 27270 70%
c w 32.41  0 32 28  76  1 221544 3101 1.4 44 31 27 33 88% 267993 27270 70%
c W 34.06  0 33 28  77  1 231046 8532 1.4 44 31 27 33 88% 267993 27270 70%
c s 34.79  0 33 28  81  1 237315 12184 1.4 45 31 27 33 88% 267988 27270 70%
c e 34.82  0 33 28  81  1 237315 12165 1.4 45 31 27 33 88% 267985 27269 70%
c s 34.82  0 33 28  81  1 237315 12159 1.4 45 31 27 33 88% 267985 27269 70%
c e 34.83  0 33 28  81  1 237315 12159 1.4 45 31 27 33 88% 267982 27268 70%
c - 34.98  0 33 29  82  1 238349 3323 1.4 45 31 27 33 88% 267982 27268 70%
c p 34.99  0 33 29  82  1 238349 3466 1.4 45 31 27 33 88% 267982 27268 70%
c O 36.88  0 33 29  90  1 253048 11358 1.4 45 31 27 33 88% 267982 27268 70%
c - 37.21  0 33 30  91  1 255780 3332 1.4 45 31 27 33 88% 267982 27268 70%
c p 37.21  0 33 30  91  1 255780 3492 1.4 45 31 27 33 88% 267982 27268 70%
c w 37.44  0 33 30  91  1 255780 3479 1.4 45 31 27 33 88% 267982 27268 70%
c - 39.63  0 33 31  93  1 273836 4019 1.6 49 31 27 33 88% 267981 27268 70%
c p 39.65  0 33 31  93  1 273836 4293 1.6 49 31 27 33 88% 267981 27268 70%
c w 39.69  0 33 31  93  1 273836 4268 1.6 49 31 27 33 88% 267981 27268 70%
c B 39.96  0 33 31  93  1 276050 5802 1.6 49 31 27 33 88% 267981 27268 70%
c
c  seconds  reductions  conflicts        size    tier2         variables
c         MB     restarts     redundant     glue     trail          remaining
c          level      rate         size/glue  tier1    irredundant
c
c - 42.03  0 33 32 100  1 292518 3790 1.6 49 31 27 33 88% 267981 27268 70%
c p 42.03  0 33 32 100  1 292518 4001 1.6 49 31 27 33 88% 267981 27268 70%
c w 42.08  0 33 32 100  1 292518 3985 1.6 49 31 27 33 88% 267981 27268 70%
c s 42.57  0 33 32 102  1 296660 6281 1.6 49 31 27 33 88% 267981 27268 70%
c e 42.59  0 33 32 102  1 296660 6281 1.6 49 31 27 33 88% 267979 27267 70%
c s 42.60  0 33 32 102  1 296660 6275 1.6 49 31 27 33 88% 267977 27267 70%
c e 42.61  0 33 32 102  1 296660 6273 1.6 49 31 27 33 88% 267975 27266 70%
c W 43.80  0 33 32 104  1 300052 8125 1.6 49 31 27 33 88% 267975 27266 70%
c - 45.33  0 33 33 108  1 311829 3801 1.6 49 32 27 33 88% 267975 27266 70%
c p 45.34  0 33 33 108  1 311829 3979 1.6 49 32 27 33 88% 267975 27266 70%
c w 45.39  0 33 33 108  1 311829 3962 1.6 49 32 27 33 88% 267975 27266 70%
c I 46.91  0 33 33 115  1 325053 12024 1.6 49 32 27 33 88% 267975 27266 70%
c - 47.78  0 33 34 118  1 331768 4034 1.6 49 31 27 33 88% 267975 27266 70%
c p 47.79  0 33 34 118  1 331768 4179 1.6 49 31 27 33 88% 267975 27266 70%
c w 47.84  0 33 34 118  1 331768 4147 1.6 49 31 27 33 88% 267975 27266 70%
c B 50.05  0 32 34 124  1 351060 14420 1.6 48 31 27 33 88% 267975 27266 70%
c - 50.23  0 32 35 124  1 352331 3875 1.5 48 31 27 33 88% 267975 27266 70%
c p 50.24  0 32 35 124  1 352331 4154 1.5 48 31 27 33 88% 267975 27266 70%
c w 50.28  0 32 35 124  1 352331 4143 1.5 48 31 27 33 88% 267975 27266 70%
c s 51.57  0 32 35 124  1 362600 9446 1.5 47 30 27 33 88% 267974 27266 70%
c
c  seconds  reductions  conflicts        size    tier2         variables
c         MB     restarts     redundant     glue     trail          remaining
c          level      rate         size/glue  tier1    irredundant
c
c s 51.60  0 32 35 124  1 362600 9439 1.5 47 30 27 33 88% 267974 27266 70%
c e 51.61  0 32 35 124  1 362600 9439 1.5 47 30 27 33 88% 267972 27265 70%
c - 53.09  0 32 36 125  1 373522 3738 1.5 46 30 27 33 88% 267972 27265 70%
c p 53.09  0 32 36 125  1 373522 4144 1.5 46 30 27 33 88% 267972 27265 70%
c u 53.13  0 32 36 125  1 373522 4144 1.5 46 30 27 33 88% 267972 27265 70%
c w 53.15  0 32 36 125  1 373522 4120 1.5 46 30 27 33 88% 267972 27265 70%
c W 54.51  0 31 36 125  1 378061 6448 1.5 46 30 27 33 88% 267972 27265 70%
c - 56.27  0 32 37 125  1 395342 4237 1.5 46 30 27 33 88% 267972 27265 70%
c p 56.28  0 32 37 125  1 395342 4498 1.5 46 30 27 33 88% 267972 27265 70%
c w 56.34  0 32 37 125  1 395342 4478 1.5 46 30 27 33 88% 267972 27265 70%
c F 57.51  0 32 37 126  1 406062 10660 1.5 47 30 27 33 88% 267972 27265 70%
c - 58.87  0 32 38 126  1 417792 4312 1.5 47 30 27 33 88% 267972 27265 70%
c p 58.88  0 32 38 126  1 417792 4580 1.5 47 30 27 33 88% 267972 27265 70%
c w 59.16  0 32 38 126  1 417792 4547 1.5 47 30 27 33 88% 267972 27265 70%
c B 61.33  0 32 38 126  1 435063 13052 1.5 46 30 27 33 88% 267972 27265 70%
c s 61.35  0 32 38 126  1 435134 12481 1.5 46 30 27 33 88% 267972 27265 70%
c s 61.39  0 32 38 126  1 435134 12473 1.5 46 30 27 33 88% 267972 27265 70%
c - 62.14  0 32 39 126  1 440868 3900 1.5 46 30 27 33 88% 267972 27265 70%
c p 62.16  0 32 39 126  1 440868 4193 1.5 46 30 27 33 88% 267972 27265 70%
c w 62.21  0 32 39 126  1 440868 4153 1.5 46 30 27 33 88% 267972 27265 70%
c
c  seconds  reductions  conflicts        size    tier2         variables
c         MB     restarts     redundant     glue     trail          remaining
c          level      rate         size/glue  tier1    irredundant
c
c - 65.22  0 31 40 126  1 464573 4143 1.5 44 30 26 32 88% 267972 27265 70%
c p 65.23  0 31 40 126  1 464573 4520 1.5 44 30 26 32 88% 267972 27265 70%
c w 65.28  0 31 40 126  1 464573 4482 1.5 44 30 26 32 88% 267972 27265 70%
c W 66.39  0 31 40 126  1 465065 4778 1.5 44 30 26 32 88% 267972 27265 70%
c - 69.37  0 30 41 140  1 488906 4127 1.5 42 29 26 32 88% 267972 27265 70%
c p 69.39  0 30 41 140  1 488906 4455 1.5 42 29 26 32 88% 267972 27265 70%
c w 69.44  0 30 41 140  1 488906 4438 1.5 42 29 26 32 88% 267972 27265 70%
c # 70.43  0 30 41 141  1 496066 9898 1.5 44 29 26 32 88% 267970 27265 70%
c - 72.33  0 31 42 151  1 513870 4663 1.5 44 29 26 32 88% 267970 27265 70%
c p 72.33  0 31 42 151  1 513870 4853 1.5 44 29 26 32 88% 267970 27265 70%
c w 72.39  0 31 42 151  1 513870 4823 1.5 44 29 26 32 88% 267970 27265 70%
c s 72.46  0 31 42 151  1 514262 4245 1.5 44 29 26 32 88% 267970 27265 70%
c s 72.49  0 31 42 151  1 514262 4224 1.5 44 29 26 32 88% 267970 27265 70%
c B 73.99  0 31 42 156  1 528069 11030 1.5 44 29 26 32 88% 267970 27265 70%
c - 75.44  0 31 43 157  1 539462 4280 1.5 44 29 26 32 88% 267970 27265 70%
c p 75.45  0 31 43 157  1 539462 4642 1.5 44 29 26 32 88% 267970 27265 70%
c w 75.51  0 31 43 157  1 539462 4591 1.5 44 29 26 32 88% 267970 27265 70%
c W 79.12  0 31 43 164  1 561070 15870 1.5 44 30 26 32 88% 267970 27265 70%
c - 79.71  0 31 44 167  1 565684 4457 1.5 43 30 26 32 88% 267970 27265 70%
c p 79.72  0 31 44 167  1 565684 4902 1.5 43 30 26 32 88% 267970 27265 70%
c
c  seconds  reductions  conflicts        size    tier2         variables
c         MB     restarts     redundant     glue     trail          remaining
c          level      rate         size/glue  tier1    irredundant
c
c w 79.78  0 31 44 167  1 565684 4865 1.5 43 30 26 32 88% 267970 27265 70%
c - 82.95  0 31 45 179  1 592536 4412 1.4 42 29 26 32 88% 267970 27265 70%
c p 82.96  0 31 45 179  1 592536 4780 1.4 42 29 26 32 88% 267970 27265 70%
c w 83.03  0 31 45 179  1 592536 4727 1.4 42 29 26 32 88% 267970 27265 70%
c O 83.35  0 31 45 180  1 595072 6198 1.4 42 29 26 32 88% 267970 27265 70%
c - 86.11  0 30 46 188  1 620020 4684 1.4 41 29 26 32 88% 267970 27265 70%
c p 86.12  0 30 46 188  1 620020 4982 1.4 41 29 26 32 88% 267970 27265 70%
c w 86.19  0 30 46 188  1 620020 4875 1.4 41 29 26 32 88% 267970 27265 70%
c B 87.39  0 30 46 188  1 630074 10748 1.4 41 29 26 32 88% 267970 27265 70%
c - 89.50  0 31 47 189  1 648131 5515 1.5 43 29 26 32 88% 267970 27265 70%
c p 89.51  0 31 47 189  1 648131 5863 1.5 43 29 26 32 88% 267970 27265 70%
c w 89.86  0 31 47 189  1 648131 5831 1.5 43 29 26 32 88% 267970 27265 70%
c W 93.18  0 31 47 190  1 666076 15513 1.5 44 30 26 32 88% 267970 27265 70%
c - 94.40  0 32 48 196  1 676872 5452 1.5 44 30 26 32 88% 267970 27265 70%
c p 94.41  0 32 48 196  1 676872 5699 1.5 44 30 26 32 88% 267970 27265 70%
c w 94.46  0 32 48 196  1 676872 5677 1.5 44 30 26 32 88% 267970 27265 70%
c s 94.49  0 32 48 196  1 676872 5491 1.5 44 30 26 32 88% 267965 27265 70%
c s 94.52  0 32 48 196  1 676872 5482 1.5 44 30 26 32 88% 267965 27265 70%
c I 97.64  0 32 48 208  1 703077 18705 1.4 44 31 26 32 88% 267965 27265 70%
c - 98.08  0 32 49 210  1 706245 5077 1.4 44 30 26 32 88% 267965 27265 70%
c
c  seconds  reductions  conflicts        size    tier2         variables
c         MB     restarts     redundant     glue     trail          remaining
c          level      rate         size/glue  tier1    irredundant
c
c p 98.09  0 32 49 210  1 706245 5330 1.4 44 30 26 32 88% 267965 27265 70%
c w 98.16  0 32 49 210  1 706245 5305 1.4 44 30 26 32 88% 267965 27265 70%
c - 101.93  0 31 50 220  1 736248 5082 1.4 42 29 26 32 88% 267965 27265 70%
c p 101.95  0 31 50 220  1 736248 5439 1.4 42 29 26 32 88% 267965 27265 70%
c w 102.03  0 31 50 220  1 736248 5391 1.4 42 29 26 32 88% 267965 27265 70%
c B 102.67  0 31 50 220  1 741078 7649 1.4 42 29 26 32 88% 267965 27265 70%
c - 105.71  0 31 51 232  1 766882 5289 1.4 42 29 26 32 88% 267965 27265 70%
c p 105.72  0 31 51 232  1 766882 5797 1.4 42 29 26 32 88% 267965 27265 70%
c u 105.76  0 31 51 232  1 766882 5794 1.4 42 29 26 32 88% 267965 27265 70%
c w 105.80  0 31 51 232  1 766882 5748 1.4 42 29 26 32 88% 267965 27265 70%
c W 108.57  0 31 51 235  1 780080 12814 1.4 42 29 26 32 88% 267965 27265 70%
c - 110.71  0 31 52 245  1 798145 5628 1.4 43 30 25 32 88% 267965 27265 70%
c p 110.73  0 31 52 245  1 798145 6051 1.4 43 30 25 32 88% 267965 27265 70%
c w 110.80  0 31 52 245  1 798145 5992 1.4 43 30 25 32 88% 267965 27265 70%
c F 113.55  0 31 52 251  1 820081 19102 1.5 44 30 25 32 88% 267965 27265 70%
c - 114.72  0 32 53 251  1 830039 6447 1.5 45 30 25 32 88% 267965 27265 70%
c p 114.74  0 32 53 251  1 830039 6781 1.5 45 30 25 32 88% 267965 27265 70%
c w 114.81  0 32 53 251  1 830039 6723 1.5 45 30 25 32 88% 267965 27265 70%
c B 118.36  0 32 53 252  1 861082 25103 1.5 46 31 25 32 88% 267965 27265 70%
c - 118.57  0 32 54 252  1 862564 6427 1.5 46 31 25 32 88% 267965 27265 70%
c
c  seconds   reductions  conflicts        size    tier2         variables
c          MB     restarts     redundant     glue     trail          remaining
c           level      rate         size/glue  tier1    irredundant
c
c p 118.58  0 32 54 252  1 862564 6879 1.5 46 31 25 32 88% 267965 27265 70%
c w 118.67  0 32 54 252  1 862564 6804 1.5 46 31 25 32 88% 267965 27265 70%
c - 122.77  0 32 55 253  1 895722 5907 1.5 45 30 25 32 88% 267965 27265 70%
c p 122.79  0 32 55 253  1 895722 6264 1.5 45 30 25 32 88% 267965 27265 70%
c w 122.87  0 32 55 253  1 895722 6179 1.5 45 30 25 32 88% 267965 27265 70%
c W 125.30  0 32 55 253  1 903083 10258 1.5 45 30 25 32 88% 267965 27265 70%
c - 128.66  0 32 56 253  1 929510 5978 1.5 45 30 25 32 88% 267965 27265 70%
c p 128.67  0 32 56 253  1 929510 6245 1.5 45 30 25 32 88% 267965 27265 70%
c w 128.75  0 32 56 253  1 929510 6201 1.5 45 30 25 32 88% 267965 27265 70%
c # 130.85  0 31 56 254  1 946086 14900 1.5 44 30 25 32 88% 267965 27265 70%
c - 132.99  0 32 57 254  1 963930 6444 1.5 46 30 25 32 88% 267965 27265 70%
c p 133.01  0 32 57 254  1 963930 6963 1.5 46 30 25 32 88% 267965 27265 70%
c w 133.44  0 32 57 254  1 963930 6896 1.5 46 30 25 32 88% 267965 27265 70%
c B 136.27  0 32 57 254  1 990088 20770 1.5 47 31 25 32 88% 267965 27265 70%
c - 137.39  0 32 58 254  1 998980 6252 1.5 46 31 25 32 88% 267965 27265 70%
c p 137.41  0 32 58 254  1 998980 6740 1.5 46 31 25 32 88% 267965 27265 70%
c w 137.49  0 32 58 254  1 998980 6716 1.5 46 31 25 32 88% 267965 27265 70%
c - 141.69  0 31 59 254  1 1034664 6217 1.5 45 30 25 32 88% 267965 27265 70%
c p 141.70  0 31 59 254  1 1034664 6683 1.5 45 30 25 32 88% 267965 27265 70%
c w 141.79  0 31 59 254  1 1034664 6640 1.5 45 30 25 32 88% 267965 27265 70%
c
c  seconds   reductions   conflicts        size    tier2         variables
c          MB     restarts      redundant     glue     trail          remaining
c           level      rate          size/glue  tier1    irredundant
c
c W 143.14  0 31 59 254  1 1035089 6856 1.5 45 30 25 32 88% 267965 27265 70%
c - 146.76  0 32 60 260  1 1070979 7094 1.5 47 30 25 32 88% 267965 27265 70%
c p 146.78  0 32 60 260  1 1070979 7451 1.5 47 30 25 32 88% 267965 27265 70%
c w 146.86  0 32 60 260  1 1070979 7374 1.5 47 30 25 32 88% 267965 27265 70%
c O 147.88  0 32 60 265  1 1081091 12674 1.5 47 31 25 32 88% 267965 27265 70%
c - 150.66  0 31 61 276  1 1107926 6293 1.5 44 30 25 32 88% 267965 27265 70%
c p 150.68  0 31 61 276  1 1107926 6598 1.5 44 30 25 32 88% 267965 27265 70%
c w 150.75  0 31 61 276  1 1107926 6546 1.5 44 30 25 32 88% 267965 27265 70%
c B 153.51  0 31 61 284  1 1128092 17754 1.5 44 29 25 31 88% 267965 27265 70%
c - 156.04  0 31 62 285  1 1145505 6881 1.5 44 30 25 31 88% 267965 27265 70%
c p 156.06  0 31 62 285  1 1145505 7221 1.5 44 30 25 31 88% 267965 27265 70%
c w 156.16  0 31 62 285  1 1145505 7151 1.5 44 30 25 31 88% 267965 27265 70%
c W 161.47  0 31 62 300  1 1176095 23114 1.5 43 29 25 31 88% 267965 27265 70%
c - 162.42  0 31 63 303  1 1183716 6716 1.5 42 29 25 31 88% 267965 27265 70%
c p 162.44  0 31 63 303  1 1183716 7190 1.5 42 29 25 31 88% 267965 27265 70%
c w 162.52  0 31 63 303  1 1183716 7067 1.5 42 29 25 31 88% 267965 27265 70%
c - 167.28  0 29 64 316  1 1222559 6467 1.4 41 28 25 31 88% 267965 27265 70%
c p 167.30  0 29 64 316  1 1222559 7018 1.4 41 28 25 31 88% 267965 27265 70%
c w 167.39  0 29 64 316  1 1222559 6846 1.4 41 28 25 31 88% 267965 27265 70%
c I 167.70  0 29 64 316  1 1225096 7982 1.4 40 28 25 31 88% 267965 27265 70%
c
c  seconds   reductions   conflicts        size    tier2         variables
c          MB     restarts      redundant     glue     trail          remaining
c           level      rate          size/glue  tier1    irredundant
c
c - 172.15  0 29 65 317  1 1262033 7710 1.6 44 27 24 31 88% 267965 27265 70%
c p 172.17  0 29 65 317  1 1262033 8171 1.6 44 27 24 31 88% 267965 27265 70%
c w 172.24  0 29 65 317  1 1262033 8103 1.6 44 27 24 31 88% 267965 27265 70%
c s 172.29  0 29 65 317  1 1262033 5125 1.6 44 27 24 31 88% 267958 27265 70%
c s 172.32  0 29 65 317  1 1262033 4954 1.6 44 27 24 31 88% 267958 27265 70%
c ^ 172.33  0 29 65 317  1 1262033 4954 1.6 44 27 24 31 88% 267958 27265 70%
c B 173.92  0 29 65 324  1 1275100 11931 1.6 44 28 24 31 88% 267958 27265 70%
c - 177.31  0 30 66 336  1 1302141 6711 1.6 44 28 24 31 88% 267958 27265 70%
c p 177.33  0 30 66 336  1 1302141 7155 1.6 44 28 24 31 88% 267958 27265 70%
c w 177.42  0 30 66 336  1 1302141 7089 1.6 44 28 24 31 88% 267958 27265 70%
c W 181.45  0 30 66 347  1 1326102 20096 1.5 44 29 24 31 88% 267958 27265 70%
c - 183.54  0 30 67 348  1 1342880 7298 1.5 44 29 24 31 88% 267958 27265 70%
c p 183.56  0 30 67 348  1 1342880 7729 1.5 44 29 24 31 88% 267958 27265 70%
c w 183.66  0 30 67 348  1 1342880 7669 1.5 44 29 24 31 88% 267958 27265 70%
c s 185.80  0 30 67 357  1 1360941 16563 1.5 44 29 24 31 88% 267958 27265 70%
c e 185.88  0 30 67 357  1 1360941 16557 1.5 44 29 24 31 88% 267966 27257 70%
c s 185.90  0 30 67 357  1 1360941 16528 1.5 44 29 24 31 88% 267954 27257 70%
c F 188.03  0 30 67 363  1 1378104 25785 1.5 44 29 24 31 88% 267954 27257 70%
c - 188.84  0 31 68 366  1 1384252 7373 1.5 45 29 24 31 88% 267954 27257 70%
c p 188.86  0 31 68 366  1 1384252 7634 1.5 45 29 24 31 88% 267954 27257 70%
c
c  seconds   reductions   conflicts        size    tier2         variables
c          MB     restarts      redundant     glue     trail          remaining
c           level      rate          size/glue  tier1    irredundant
c
c w 189.37  0 31 68 366  1 1384252 7554 1.5 45 29 24 31 88% 267954 27257 70%
c - 194.04  0 32 69 379  1 1426258 7328 1.5 45 30 24 31 88% 267954 27257 70%
c p 194.06  0 32 69 379  1 1426258 7842 1.5 45 30 24 31 88% 267954 27257 70%
c w 194.16  0 32 69 379  1 1426258 7753 1.5 45 30 24 31 88% 267954 27257 70%
c B 194.74  0 32 69 380  1 1431106 10323 1.5 45 30 24 31 88% 267954 27257 70%
c s 199.06  0 31 69 381  1 1466455 27590 1.4 43 30 24 31 88% 267944 27257 70%
c e 199.10  0 31 69 381  1 1466455 27590 1.4 43 30 24 31 88% 267945 27256 70%
c s 199.11  0 31 69 381  1 1466455 27566 1.4 43 30 24 31 88% 267933 27256 70%
c - 199.47  0 31 70 381  1 1468896 7108 1.4 43 30 24 31 88% 267933 27256 70%
c p 199.49  0 31 70 381  1 1468896 7593 1.4 43 30 24 31 88% 267933 27256 70%
c w 199.61  0 31 70 381  1 1468896 7471 1.4 43 30 24 31 88% 267933 27256 70%
c W 203.66  0 31 70 381  1 1485107 15955 1.4 42 29 24 31 88% 267933 27256 70%
c - 207.20  0 30 71 381  1 1512163 7203 1.4 41 29 24 31 88% 267933 27256 70%
c p 207.22  0 30 71 381  1 1512163 7663 1.4 41 29 24 31 88% 267933 27256 70%
c w 207.34  0 30 71 381  1 1512163 7625 1.4 41 29 24 31 88% 267933 27256 70%
c # 210.98  0 30 71 388  1 1540108 21870 1.4 41 29 24 31 88% 267933 27256 70%
c - 212.93  0 30 72 396  1 1556065 7599 1.4 42 29 24 31 88% 267933 27256 70%
c p 212.95  0 30 72 396  1 1556065 7986 1.4 42 29 24 31 88% 267933 27256 70%
c w 213.07  0 30 72 396  1 1556065 7894 1.4 42 29 24 31 88% 267933 27256 70%
c s 215.90  0 31 72 406  1 1578564 19585 1.4 42 29 24 31 88% 267927 27256 70%
c
c  seconds   reductions   conflicts         size    tier2         variables
c          MB     restarts       redundant     glue     trail          remaining
c           level      rate           size/glue  tier1    irredundant
c
c s 215.94  0 31 72 406  1 1578564 19576 1.4 42 29 24 31 88% 267927 27256 70%
c B 218.32  0 31 72 411  1 1596110 28808 1.4 42 30 24 31 88% 267927 27256 70%
c - 218.95  0 31 73 412  1 1600597 7716 1.4 42 30 24 31 88% 267927 27256 70%
c p 218.97  0 31 73 412  1 1600597 8002 1.4 42 30 24 31 88% 267927 27256 70%
c w 219.07  0 31 73 412  1 1600597 7881 1.4 42 30 24 31 88% 267927 27256 70%
c - 224.76  0 30 74 427  1 1645762 7735 1.4 41 29 24 31 88% 267927 27256 70%
c p 224.78  0 30 74 427  1 1645762 8355 1.4 41 29 24 31 88% 267927 27256 70%
c w 224.90  0 30 74 427  1 1645762 8319 1.4 41 29 24 31 88% 267927 27256 70%
c W 227.88  0 30 74 433  1 1653111 12219 1.4 41 29 24 31 88% 267927 27256 70%
c - 232.52  0 31 75 443  1 1691561 7910 1.4 42 29 24 31 88% 267927 27256 70%
c p 232.54  0 31 75 443  1 1691561 8508 1.4 42 29 24 31 88% 267927 27256 70%
c w 232.63  0 31 75 443  1 1691561 8474 1.4 42 29 24 31 88% 267927 27256 70%
c s 233.39  0 31 75 444  1 1697264 11417 1.5 43 29 24 31 88% 267923 27256 70%
c s 233.42  0 31 75 444  1 1697264 11372 1.5 43 29 24 31 88% 267923 27256 70%
c ^ 233.43  0 31 75 444  1 1697264 11372 1.5 43 29 24 31 88% 267923 27256 70%
c O 235.01  0 31 75 444  1 1711113 18691 1.4 43 30 24 31 88% 267923 27256 70%
c - 238.16  0 31 76 451  1 1737992 8431 1.4 43 29 24 31 88% 267923 27256 70%
c p 238.18  0 31 76 451  1 1737992 8854 1.4 43 29 24 31 88% 267923 27256 70%
c w 238.29  0 31 76 451  1 1737992 8764 1.4 43 29 24 31 88% 267923 27256 70%
c B 242.01  0 31 76 465  1 1770116 29485 1.5 44 29 24 31 88% 267923 27256 70%
c
c  seconds   reductions   conflicts        size    tier2         variables
c          MB     restarts      redundant     glue     trail          remaining
c           level      rate          size/glue  tier1    irredundant
c
c - 243.77  0 30 77 473  1 1785056 9173 1.5 43 29 24 31 88% 267923 27256 70%
c p 243.79  0 30 77 473  1 1785056 9682 1.5 43 29 24 31 88% 267923 27256 70%
c w 243.90  0 30 77 473  1 1785056 9567 1.5 43 29 24 31 88% 267923 27256 70%
c s 248.02  0 29 77 482  1 1822558 28256 1.5 41 28 24 31 88% 267923 27256 70%
c e 248.11  0 29 77 482  1 1822558 28234 1.5 41 28 24 31 88% 267937 27249 70%
c s 248.13  0 29 77 482  1 1822558 28137 1.5 41 28 24 31 88% 267927 27249 70%
c W 251.46  0 29 77 486  1 1830118 31844 1.5 41 28 24 31 88% 267927 27249 70%
c - 251.82  0 29 78 488  1 1832752 8202 1.5 40 28 24 31 88% 267927 27249 70%
c p 251.84  0 29 78 488  1 1832752 8549 1.5 40 28 24 31 88% 267927 27249 70%
c w 251.95  0 29 78 488  1 1832752 8432 1.5 40 28 24 31 88% 267927 27249 70%
c - 257.84  0 28 79 506  1 1881083 8143 1.5 38 26 24 31 88% 267927 27249 70%
c p 257.86  0 28 79 506  1 1881083 8681 1.5 38 26 24 31 88% 267927 27249 70%
c w 257.98  0 28 79 506  1 1881083 8636 1.5 38 26 24 31 88% 267927 27249 70%
c I 259.23  0 28 79 506  1 1891121 14230 1.5 39 27 24 31 88% 267927 27249 70%
c - 264.15  0 29 80 508  1 1930048 8559 1.4 39 27 24 31 88% 267927 27249 70%
c p 264.16  0 29 80 508  1 1930048 9154 1.4 39 27 24 31 88% 267927 27249 70%
c w 264.82  0 29 80 508  1 1930048 9051 1.4 39 27 24 31 88% 267927 27249 70%
c B 267.56  0 29 80 508  1 1953125 21824 1.5 40 28 24 31 88% 267927 27249 70%
c s 267.75  0 29 80 508  1 1954462 21096 1.5 40 28 24 31 88% 267922 27249 70%
c s 267.79  0 29 80 508  1 1954462 20942 1.5 40 28 24 31 88% 267915 27249 70%
c
c  seconds   reductions   conflicts        size    tier2         variables
c          MB     restarts      redundant     glue     trail          remaining
c           level      rate          size/glue  tier1    irredundant
c
c - 270.76  0 30 81 508  1 1979645 8375 1.4 41 28 24 31 88% 267915 27249 70%
c p 270.78  0 30 81 508  1 1979645 8870 1.4 41 28 24 31 88% 267915 27249 70%
c w 270.91  0 30 81 508  1 1979645 8706 1.4 41 28 24 31 88% 267915 27249 70%
c W 277.50  0 30 81 509  1 2016126 28890 1.5 42 28 24 31 88% 267915 27249 70%
c - 279.09  0 31 82 509  1 2029875 9080 1.5 43 29 24 31 88% 267915 27249 70%
c p 279.11  0 31 82 509  1 2029875 9558 1.5 43 29 24 31 88% 267915 27249 70%
c w 279.25  0 31 82 509  1 2029875 9356 1.5 43 29 24 31 88% 267915 27249 70%
c F 285.13  0 32 82 509  1 2080129 36162 1.5 44 30 24 31 88% 267915 27249 70%
c - 285.24  0 32 83 509  1 2080737 9078 1.5 44 30 24 31 88% 267915 27249 70%
c p 285.26  0 32 83 509  1 2080737 9473 1.5 44 30 24 31 88% 267915 27249 70%
c w 285.39  0 32 83 509  1 2080737 9340 1.5 44 30 24 31 88% 267915 27249 70%
c - 291.24  0 32 84 510  1 2132232 8500 1.4 44 31 24 31 88% 267915 27249 70%
c p 291.26  0 32 84 510  1 2132232 9036 1.4 44 31 24 31 88% 267915 27249 70%
c w 291.36  0 32 84 510  1 2132232 8994 1.4 44 31 24 31 88% 267915 27249 70%
c B 292.75  0 32 84 510  1 2145132 15708 1.4 44 31 24 31 88% 267915 27249 70%
c - 297.55  0 32 85 510  1 2184361 9393 1.5 45 30 24 31 88% 267915 27249 70%
c p 297.57  0 32 85 510  1 2184361 10042 1.5 45 30 24 31 88% 267915 27249 70%
c w 297.68  0 32 85 510  1 2184361 9906 1.5 45 30 24 31 88% 267915 27249 70%
c ] 299.35  0 31 85 510  1 2199820 17842 1.5 44 30 24 31 88% 267915 27249 70%
c ? 299.35  0 31 85 510  1 2199820 17842 1.5 44 30 24 31 88% 267915 27249 70%
c
c --- [ result ] -------------------------------------------------------------
c
c writing result to 'search-results/cadical-complete-cover-20260902/anchor-008-p1-s0.result'
c
c --- [ run-time profiling ] -------------------------------------------------
c
c process time taken by individual solving procedures
c (percentage relative to process time for solving)
c
c       288.40   96.35% search
c       265.23   88.61% stable
c        23.12    7.72% walk
c        10.92    3.65% simplify
c         3.86    1.29% vivify
c         2.20    0.73% sweep
c         1.28    0.43% backbone
c         0.93    0.31% elim
c         0.46    0.15% subsume
c         0.38    0.13% probe
c         0.30    0.10% ternary
c         0.24    0.08% congruence
c         0.04    0.01% lucky
c         0.04    0.01% parse
c   =================================
c       299.32   99.99% solve
c
c last line shows process time for solving
c (percentage relative to total process time)
c
c --- [ statistics ] ---------------------------------------------------------
c
c chronological:            252841        11.49 %  of conflicts
c conflicts:               2199820      7349.48    per second
c backbone:              118125472    303336.94 %  of vars
c decisions:               2386876      7974.42    per second
c eliminated:                 2767         7.11 %  of all variables
c fixed:                      8926        22.92 %  of all variables
c learned:                 2167965        98.55 %  per conflict
c learned_lits:         1114779863       100.00 %  learned literals
c minimized:                     0         0.00 %  learned literals
c shrunken:             1012959727        90.87 %  learned literals
c minishrunken:            7238269         0.65 %  learned literals
c otfs:                        909         0.04 %  of conflict
c propagations:         1261697444         4.22 M  per second
c reduced:                 1160520        52.76 %  per conflict
c rephased:                     65     33843.38    interval
c restarts:                    510      4313.37    interval
c subsumed:                 986815        39.51 %  of all clauses
c strengthened:              55621         2.23 %  of all clauses
c ticks:               16778284091        18.12    propagation
c vivified:                   4450         0.18 %  of all clauses
c walked:                       21    104753.33    interval
c weakened:                  13350         5.30    average size
c congruence:                   12    183318.33    interval
c
c seconds are measured in process time for solving
c
c --- [ glue usage ] ---------------------------------------------------------
c
c focused glue 2 used 0 clauses 0.000% accumulated 0.000% tier1
c focused glue 3 used 0 clauses 0.000% accumulated 0.000%
c focused glue 4 used 0 clauses 0.000% accumulated 0.000%
c focused glue 5 used 0 clauses 0.000% accumulated 0.000%
c focused glue 6 used 0 clauses 0.000% accumulated 0.000% tier2
c
c stable glue 24 used 399955 clauses 5.330% accumulated 53.46% tier1
c stable glue 25 used 405615 clauses 5.405% accumulated 58.86%
c stable glue 26-29 used 1530922 clauses 20.40% accumulated 79.26%
c stable glue 30 used 342318 clauses 4.561% accumulated 83.82%
c stable glue 31 used 317762 clauses 4.234% accumulated 88.06% tier2
c
c
c --- [ resources ] ----------------------------------------------------------
c
c total process time since initialization:       299.35    seconds
c total real time since initialization:          300.04    seconds
c maximum resident set size of process:          194.73    MB
c
c --- [ shutting down ] ------------------------------------------------------
c
c exit 0
