c --- [ banner ] -------------------------------------------------------------
c
c CaDiCaL SAT Solver
c Copyright (c) 2016-2026
c A. Biere, M. Fleury, N. Froleyks, K. Fazekas, F. Pollitt, T. Faller
c JKU Linz, University of Freiburg, TU Wien
c
c Version 3.0.1 c60730422e758ef1cebe7aeddf2dda31c996bf04
c Apple clang version 21.0.0 (clang-2100.1.1.101) -Wall -Wextra -O3 -DNDEBUG -DNCLOSEFROM
c Tue Sep 1 21:08:57 PDT 2026 Darwin retained-runner 25.6.0 arm64
c
c --- [ limit ] --------------------------------------------------------------
c
c setting time limit to 300 seconds real time (due to '-t 300')
c
c --- [ parsing input ] ------------------------------------------------------
c
c reading DIMACS file from 'search-results/cadical-complete-cover-20260902/cnf/anchor-008-p0-s1.cnf'
c opening file to read 'search-results/cadical-complete-cover-20260902/cnf/anchor-008-p0-s1.cnf'
c found 'p cnf 38942 364405' header
c parsed 364405 clauses in 0.04 seconds process time
c
c --- [ options ] ------------------------------------------------------------
c
c   --elimeffort=10                (different from default '1e3')
c   --stabilizeonly=true           (different from default 'false')
c   --subsumeeffort=60             (different from default '1e3')
c
c --- [ solving ] ------------------------------------------------------------
c
c time measured in process time since initialization
c
c  seconds  reduction conflicts       size tier2        variables
c         MB    restarts   redundant    glue  trail          remaining
c          level     rate       size/glu tier1  irredundant
c
c *  0.04  0  0 0   0  0    0    0 0.0 0 0 2 6  0% 289620 30016 77%
c )  0.06  0  0 0   0  0    0    0 0.0 0 0 2 6  0% 289620 30016 77%
c [  0.07  0  0 0   0  0    0    0 0.0 0 0 2 6  0% 289620 30016 77%
c -  0.12  0 39 1   0  1  300   74 1.2 38 32 2 6 97% 274686 30016 77%
c -  0.18  0 38 2   0  2  925  319 1.3 35 27 2 6 96% 274686 30016 77%
c I  0.18  0 38 2   0  2 1004  371 1.3 35 26 2 6 96% 274686 30016 77%
c -  0.33  0 39 3   1  2 2018  434 1.3 42 33 2 6 95% 274686 30016 77%
c B  0.54  0 39 3   2  1 3006  745 1.3 44 34 2 6 92% 274686 30016 77%
c -  0.60  0 39 4   2  1 3633  586 1.3 42 33 2 6 95% 274686 30016 77%
c t  0.77  0 38 4   4  1 5484 1633 1.3 42 32 33 38 95% 274686 30016 77%
c -  0.80  0 38 5   4  1 5799  986 1.3 42 32 33 37 95% 274686 30016 77%
c W  0.89  0 38 5   4  1 6007 1101 1.3 42 32 33 37 95% 274686 30016 77%
c s  0.96  0 38 5   5  1 6543 1461 1.3 44 33 33 37 95% 274686 30016 77%
c t  0.97  0 38 5   5  1 6543 1460 1.3 44 33 33 37 95% 274686 30016 77%
c e  1.13  0 38 5   5  1 6543  525 1.3 44 33 33 37 95% 268843 27365 70%
c s  1.15  0 38 5   5  1 6543  520 1.3 44 33 33 37 95% 268689 27365 70%
c e  1.20  0 38 5   5  1 6543  514 1.3 44 33 33 37 95% 268483 27307 70%
c 2  1.44  0 38 5   5  1 8088 1772 1.5 49 33 33 38 93% 268483 27307 70%
c -  1.59  0 38 6   6  1 8539  713 1.5 49 33 33 38 93% 268483 27307 70%
c F  1.80  0 38 6   6  1 10010 1619 1.5 51 33 33 37 92% 268483 27307 70%
c
c  seconds  reductions conflicts       size    tier2         variables
c         MB    restarts    redundant     glue     trail          remaining
c          level     rate        size/glue  tier1    irredundant
c
c -  2.07  0 37 7   6  1 11842  871 1.5 51 34 33 37 91% 268483 27307 70%
c B  2.51  0 37 7   9  1 15011 2494 1.5 51 34 33 36 90% 268483 27307 70%
c -  2.61  0 37 8   9  1 15728  921 1.5 51 34 33 36 90% 268483 27307 70%
c s  3.18  0 37 8  12  1 19733 3014 1.5 51 34 33 36 90% 268376 27307 70%
c e  3.23  0 37 8  12  1 19733 3013 1.5 51 34 33 36 90% 268328 27294 70%
c s  3.24  0 37 8  12  1 19733 3011 1.5 51 34 33 36 90% 268288 27294 70%
c e  3.27  0 37 8  12  1 19733 3008 1.5 51 34 33 36 90% 268257 27283 70%
c -  3.35  0 37 9  12  1 20208 1009 1.5 51 34 33 36 90% 268257 27283 70%
c u  3.37  0 37 9  12  1 20208 1005 1.5 51 34 33 36 90% 268256 27283 70%
c w  3.38  0 37 9  12  1 20208  994 1.5 51 34 33 36 90% 268256 27283 70%
c W  3.65  0 36 9  13  1 21013 1450 1.5 51 34 33 36 90% 268256 27283 70%
c -  4.19  0 36 10  14  1 25284 1114 1.5 50 34 33 36 89% 268256 27283 70%
c #  4.57  0 36 10  14  1 28014 2679 1.5 50 34 33 36 89% 268256 27283 70%
c -  4.98  0 36 11  14  1 30964 1494 1.6 52 33 33 36 89% 268256 27283 70%
c B  5.62  0 36 11  17  1 36016 4515 1.6 52 33 33 36 89% 268256 27283 70%
c -  5.79  0 36 12  17  1 37248 1503 1.6 52 33 33 36 89% 268256 27283 70%
c s  6.19  0 36 12  19  1 39519 2807 1.5 51 33 32 35 89% 268204 27283 70%
c e  6.21  0 36 12  19  1 39519 2807 1.5 51 33 32 35 89% 268198 27281 70%
c s  6.22  0 36 12  19  1 39519 2802 1.5 51 33 32 35 89% 268184 27281 70%
c e  6.24  0 36 12  19  1 39519 2801 1.5 51 33 32 35 89% 268170 27275 70%
c
c  seconds  reductions  conflicts       size    tier2         variables
c         MB     restarts    redundant     glue     trail          remaining
c          level      rate        size/glue  tier1    irredundant
c
c -  6.82  0 35 13  21  1 44140 1529 1.5 51 33 32 35 89% 268170 27275 70%
c w  6.87  0 35 13  21  1 44140 1506 1.5 51 33 32 35 89% 268170 27275 70%
c W  7.24  0 35 13  21  1 45017 1980 1.5 50 33 32 35 89% 268170 27275 70%
c -  8.05  0 35 14  26  1 51642 1526 1.5 49 33 32 35 89% 268170 27275 70%
c O  8.47  0 35 14  28  1 55018 3291 1.5 49 33 32 35 89% 268170 27275 70%
c -  9.13  0 34 15  29  1 59757 1621 1.5 47 32 32 35 89% 268170 27275 70%
c p  9.14  0 34 15  29  1 59757 1634 1.5 47 32 32 35 89% 268170 27275 70%
c s 10.03  0 34 15  29  1 65899 4529 1.5 46 32 32 35 89% 268152 27275 70%
c s 10.06  0 34 15  29  1 65899 4514 1.5 46 32 32 35 89% 268146 27275 70%
c e 10.07  0 34 15  29  1 65899 4514 1.5 46 32 32 35 89% 268144 27274 70%
c B 10.10  0 34 15  29  1 66022 4574 1.5 46 32 32 35 89% 268144 27274 70%
c - 10.43  0 34 16  30  1 68486 1749 1.5 46 32 32 35 89% 268144 27274 70%
c p 10.44  0 34 16  30  1 68486 1774 1.5 46 32 32 35 89% 268144 27274 70%
c w 10.48  0 34 16  30  1 68486 1753 1.5 46 32 32 35 89% 268144 27274 70%
c - 11.67  0 34 17  30  1 77830 2020 1.5 47 32 29 34 88% 268142 27274 70%
c p 11.68  0 34 17  30  1 77830 2045 1.5 47 32 29 34 88% 268142 27274 70%
c W 12.26  0 34 17  30  1 78023 2177 1.5 47 32 29 34 88% 268142 27274 70%
c - 13.55  0 34 18  34  1 87792 2104 1.5 46 32 29 34 88% 268142 27274 70%
c p 13.55  0 34 18  34  1 87792 2149 1.5 46 32 29 34 88% 268142 27274 70%
c u 13.58  0 34 18  34  1 87792 2149 1.5 46 32 29 34 88% 268142 27274 70%
c
c  seconds  reductions  conflicts       size    tier2         variables
c         MB     restarts    redundant     glue     trail          remaining
c          level      rate        size/glue  tier1    irredundant
c
c w 13.60  0 34 18  34  1 87792 2137 1.5 46 32 29 34 88% 268142 27274 70%
c I 14.03  0 34 18  36  1 91025 3924 1.5 46 32 29 34 88% 268142 27274 70%
c - 15.09  0 33 19  40  1 98372 2157 1.5 46 31 29 34 88% 268142 27274 70%
c p 15.09  0 33 19  40  1 98372 2215 1.5 46 31 29 34 88% 268142 27274 70%
c s 15.20  0 33 19  40  1 98874 2174 1.5 46 31 29 34 88% 268136 27274 70%
c e 15.22  0 33 19  40  1 98874 2174 1.5 46 31 29 34 88% 268136 27273 70%
c s 15.22  0 33 19  40  1 98874 2097 1.5 46 31 29 34 88% 268133 27273 70%
c e 15.23  0 33 19  40  1 98874 2096 1.5 46 31 29 34 88% 268128 27271 70%
c B 16.08  0 33 19  44  1 105026 5175 1.4 45 31 29 34 88% 268128 27271 70%
c - 16.74  0 33 20  45  1 109571 2073 1.4 44 31 29 34 88% 268128 27271 70%
c p 16.75  0 33 20  45  1 109571 2150 1.4 44 31 29 34 88% 268128 27271 70%
c w 16.80  0 33 20  45  1 109571 2104 1.4 44 31 29 34 88% 268128 27271 70%
c W 18.78  0 32 20  48  1 120027 7739 1.4 44 30 29 34 88% 268128 27271 70%
c - 19.00  0 32 21  49  1 121390 2264 1.4 44 30 29 34 88% 268128 27271 70%
c p 19.00  0 32 21  49  1 121390 2351 1.4 44 30 29 34 88% 268128 27271 70%
c - 20.67  0 32 22  56  1 133831 2319 1.4 43 30 29 34 88% 268128 27271 70%
c p 20.68  0 32 22  56  1 133831 2420 1.4 43 30 29 34 88% 268128 27271 70%
c w 20.72  0 32 22  56  1 133831 2401 1.4 43 30 29 34 88% 268128 27271 70%
c F 21.07  0 31 22  58  1 136028 3468 1.4 42 30 29 34 88% 268124 27271 70%
c s 21.39  0 32 22  59  1 138445 4532 1.4 42 30 26 33 88% 268117 27271 70%
c
c  seconds  reductions  conflicts        size    tier2         variables
c         MB     restarts     redundant     glue     trail          remaining
c          level      rate         size/glue  tier1    irredundant
c
c e 21.42  0 32 22  59  1 138445 4532 1.4 42 30 26 33 88% 268108 27269 70%
c s 21.42  0 32 22  59  1 138445 4511 1.4 42 30 26 33 88% 268104 27269 70%
c e 21.44  0 32 22  59  1 138445 4510 1.4 42 30 26 33 88% 268099 27267 70%
c - 22.52  0 32 23  60  1 146893 2410 1.4 43 30 26 33 88% 268099 27267 70%
c p 22.53  0 32 23  60  1 146893 2503 1.4 43 30 26 33 88% 268099 27267 70%
c B 23.49  0 32 23  61  1 153029 5745 1.4 43 30 26 33 88% 268099 27267 70%
c - 24.55  0 32 24  61  1 160579 2650 1.4 42 30 26 33 88% 268099 27267 70%
c p 24.56  0 32 24  61  1 160579 2752 1.4 42 30 26 33 88% 268099 27267 70%
c w 24.62  0 32 24  61  1 160579 2717 1.4 42 30 26 33 88% 268099 27267 70%
c W 26.57  0 32 24  62  1 171030 8026 1.4 42 30 26 33 88% 268099 27267 70%
c - 27.07  0 32 25  62  1 174888 2614 1.4 42 30 26 33 88% 268099 27267 70%
c p 27.08  0 32 25  62  1 174888 2744 1.4 42 30 26 33 88% 268099 27267 70%
c s 28.24  0 32 25  62  1 184612 7909 1.4 43 30 26 33 88% 268095 27267 70%
c e 28.26  0 32 25  62  1 184612 7909 1.4 43 30 26 33 88% 268093 27266 70%
c s 28.27  0 32 25  62  1 184612 7904 1.4 43 30 26 33 88% 268088 27266 70%
c e 28.28  0 32 25  62  1 184612 7902 1.4 43 30 26 33 88% 268086 27265 70%
c - 28.85  0 32 26  62  1 189820 2842 1.4 43 30 26 33 88% 268086 27265 70%
c p 28.86  0 32 26  62  1 189820 2967 1.4 43 30 26 33 88% 268086 27265 70%
c w 28.92  0 32 26  62  1 189820 2873 1.4 43 30 26 33 88% 268086 27265 70%
c # 28.95  0 32 26  62  1 190031 2982 1.4 43 30 26 33 88% 268086 27265 70%
c
c  seconds  reductions  conflicts        size    tier2         variables
c         MB     restarts     redundant     glue     trail          remaining
c          level      rate         size/glue  tier1    irredundant
c
c - 30.72  0 32 27  67  1 205376 3570 1.5 44 30 26 32 88% 268086 27265 70%
c p 30.73  0 32 27  67  1 205376 3814 1.5 44 30 26 32 88% 268086 27265 70%
c B 31.26  0 32 27  69  1 210033 6316 1.5 44 30 26 32 88% 268086 27265 70%
c - 32.50  0 32 28  76  1 221556 3177 1.5 44 30 26 32 88% 268086 27265 70%
c p 32.51  0 32 28  76  1 221556 3381 1.5 44 30 26 32 88% 268086 27265 70%
c w 32.56  0 32 28  76  1 221556 3319 1.5 44 30 26 32 88% 268086 27265 70%
c W 34.28  0 32 28  77  1 231035 8288 1.4 44 30 26 32 88% 268086 27265 70%
c s 35.02  0 32 28  81  1 237376 11609 1.4 44 31 26 32 88% 268084 27265 70%
c e 35.05  0 32 28  81  1 237376 11596 1.4 44 31 26 32 88% 268081 27264 70%
c s 35.06  0 32 28  81  1 237376 11585 1.4 44 31 26 32 88% 268081 27264 70%
c e 35.07  0 32 28  81  1 237376 11585 1.4 44 31 26 32 88% 268079 27263 70%
c - 35.22  0 32 29  82  1 238363 3195 1.4 44 31 26 32 88% 268079 27263 70%
c p 35.23  0 32 29  82  1 238363 3421 1.4 44 31 26 32 88% 268079 27263 70%
c O 37.00  0 32 29  90  1 253036 11353 1.4 44 31 26 32 88% 268079 27263 70%
c - 37.34  0 32 30  91  1 255796 3328 1.4 44 31 26 32 88% 268079 27263 70%
c p 37.35  0 32 30  91  1 255796 3526 1.4 44 31 26 32 88% 268079 27263 70%
c w 37.58  0 32 30  91  1 255796 3482 1.4 44 31 26 32 88% 268079 27263 70%
c - 39.71  0 32 31  93  1 273855 3480 1.4 43 30 26 32 88% 268077 27263 70%
c p 39.72  0 32 31  93  1 273855 3769 1.4 43 30 26 32 88% 268077 27263 70%
c w 39.77  0 32 31  93  1 273855 3733 1.4 43 30 26 32 88% 268077 27263 70%
c
c  seconds  reductions  conflicts        size    tier2         variables
c         MB     restarts     redundant     glue     trail          remaining
c          level      rate         size/glue  tier1    irredundant
c
c B 40.06  0 32 31  93  1 276038 5151 1.4 43 30 26 32 88% 268077 27263 70%
c - 42.18  0 32 32 100  1 292540 4276 1.5 45 30 26 32 88% 268077 27263 70%
c p 42.18  0 32 32 100  1 292540 4431 1.5 45 30 26 32 88% 268077 27263 70%
c w 42.23  0 32 32 100  1 292540 4404 1.5 45 30 26 32 88% 268077 27263 70%
c s 42.71  0 32 32 102  1 296737 6707 1.5 45 31 26 32 88% 268075 27263 70%
c e 42.73  0 32 32 102  1 296737 6707 1.5 45 31 26 32 88% 268073 27261 70%
c s 42.74  0 32 32 102  1 296737 6700 1.5 45 31 26 32 88% 268069 27261 70%
c e 42.75  0 32 32 102  1 296737 6700 1.5 45 31 26 32 88% 268067 27260 70%
c W 43.98  0 32 32 104  1 300039 8677 1.5 45 31 26 32 88% 268067 27260 70%
c - 45.61  0 32 33 108  1 311853 3874 1.5 45 31 26 32 88% 268067 27260 70%
c p 45.62  0 32 33 108  1 311853 4121 1.5 45 31 26 32 88% 268067 27260 70%
c w 45.67  0 32 33 108  1 311853 4104 1.5 45 31 26 32 88% 268067 27260 70%
c I 47.35  0 32 33 115  1 325040 11606 1.5 45 31 26 32 88% 268067 27260 70%
c - 48.21  0 32 34 118  1 331793 3979 1.5 45 31 26 32 88% 268067 27260 70%
c p 48.22  0 32 34 118  1 331793 4214 1.5 45 31 26 32 88% 268067 27260 70%
c w 48.27  0 32 34 118  1 331793 4186 1.5 45 31 26 32 88% 268067 27260 70%
c B 50.40  0 32 34 124  1 351041 14719 1.5 44 30 26 32 88% 268067 27260 70%
c - 50.57  0 32 35 124  1 352360 3936 1.5 44 30 26 32 88% 268067 27260 70%
c p 50.58  0 32 35 124  1 352360 4160 1.5 44 30 26 32 88% 268067 27260 70%
c w 50.63  0 32 35 124  1 352360 4148 1.5 44 30 26 32 88% 268067 27260 70%
c
c  seconds  reductions  conflicts        size    tier2         variables
c         MB     restarts     redundant     glue     trail          remaining
c          level      rate         size/glue  tier1    irredundant
c
c s 51.91  0 31 35 124  1 362693 9153 1.5 44 30 26 32 88% 268059 27260 70%
c s 51.94  0 31 35 124  1 362693 9147 1.5 44 30 26 32 88% 268059 27260 70%
c - 53.35  0 31 36 125  1 373555 3724 1.5 43 29 26 32 88% 268059 27260 70%
c p 53.36  0 31 36 125  1 373555 3903 1.5 43 29 26 32 88% 268059 27260 70%
c w 53.41  0 31 36 125  1 373555 3882 1.5 43 29 26 32 88% 268059 27260 70%
c W 54.69  0 31 36 125  1 378042 6379 1.5 43 29 26 32 88% 268059 27260 70%
c - 56.92  0 30 37 125  1 395376 3607 1.5 41 28 26 32 88% 268059 27260 70%
c p 56.94  0 30 37 125  1 395376 4016 1.5 41 28 26 32 88% 268059 27260 70%
c w 57.00  0 30 37 125  1 395376 3981 1.5 41 28 26 32 88% 268059 27260 70%
c F 58.31  0 29 37 126  1 406043 8795 1.4 40 28 25 31 88% 268059 27260 70%
c - 59.58  0 30 38 126  1 417826 3664 1.4 41 28 25 31 88% 268059 27260 70%
c p 59.59  0 30 38 126  1 417826 4039 1.4 41 28 25 31 88% 268059 27260 70%
c w 59.86  0 30 38 126  1 417826 4007 1.4 41 28 25 31 88% 268059 27260 70%
c B 61.63  0 31 38 126  1 435045 13482 1.4 42 29 25 31 88% 268059 27260 70%
c - 62.43  0 30 39 126  1 440904 3945 1.4 41 29 25 31 88% 268059 27260 70%
c p 62.44  0 30 39 126  1 440904 4253 1.4 41 29 25 31 88% 268059 27260 70%
c w 62.50  0 30 39 126  1 440904 4219 1.4 41 29 25 31 88% 268059 27260 70%
c - 65.47  0 29 40 126  1 464612 3673 1.4 39 28 24 31 88% 268059 27260 70%
c p 65.48  0 29 40 126  1 464612 4019 1.4 39 28 24 31 88% 268059 27260 70%
c w 65.53  0 29 40 126  1 464612 3996 1.4 39 28 24 31 88% 268059 27260 70%
c
c  seconds  reductions  conflicts        size    tier2         variables
c         MB     restarts     redundant     glue     trail          remaining
c          level      rate         size/glue  tier1    irredundant
c
c W 66.66  0 29 40 126  1 465047 4338 1.4 39 28 24 31 88% 268059 27260 70%
c - 69.54  0 30 41 140  1 488950 4376 1.4 40 28 24 31 88% 268059 27260 70%
c p 69.56  0 30 41 140  1 488950 4691 1.4 40 28 24 31 88% 268059 27260 70%
c w 69.61  0 30 41 140  1 488950 4683 1.4 40 28 24 31 88% 268059 27260 70%
c s 69.64  0 30 41 140  1 488950 3478 1.4 40 28 24 31 88% 268056 27260 70%
c s 69.66  0 30 41 140  1 488950 3448 1.4 40 28 24 31 88% 268056 27260 70%
c # 70.61  0 30 41 141  1 496048 7679 1.4 41 28 24 31 88% 268056 27260 70%
c - 72.52  0 31 42 151  1 513916 4419 1.5 42 29 24 31 88% 268056 27260 70%
c p 72.53  0 31 42 151  1 513916 4695 1.5 42 29 24 31 88% 268056 27260 70%
c w 72.58  0 31 42 151  1 513916 4669 1.5 42 29 24 31 88% 268056 27260 70%
c B 74.11  0 31 42 156  1 528050 12121 1.5 43 29 24 31 88% 268056 27260 70%
c - 75.56  0 31 43 157  1 539513 4538 1.5 43 29 25 31 88% 268056 27260 70%
c p 75.57  0 31 43 157  1 539513 4787 1.5 43 29 25 31 88% 268056 27260 70%
c w 75.63  0 31 43 157  1 539513 4748 1.5 43 29 25 31 88% 268056 27260 70%
c W 79.21  0 30 43 164  1 561051 15967 1.5 42 29 25 31 88% 268056 27260 70%
c - 79.81  0 30 44 167  1 565738 4633 1.5 42 29 25 31 88% 268056 27260 70%
c p 79.82  0 30 44 167  1 565738 4884 1.5 42 29 25 31 88% 268056 27260 70%
c w 79.88  0 30 44 167  1 565738 4838 1.5 42 29 25 31 88% 268056 27260 70%
c s 80.19  0 30 44 170  1 568096 5988 1.5 42 29 25 31 88% 268056 27260 70%
c s 80.22  0 30 44 170  1 568096 5975 1.5 42 29 25 31 88% 268056 27260 70%
c
c  seconds  reductions  conflicts        size    tier2         variables
c         MB     restarts     redundant     glue     trail          remaining
c          level      rate         size/glue  tier1    irredundant
c
c - 83.21  0 30 45 179  1 592592 4736 1.5 41 28 25 31 88% 268056 27260 70%
c p 83.22  0 30 45 179  1 592592 5142 1.5 41 28 25 31 88% 268056 27260 70%
c w 83.29  0 30 45 179  1 592592 5102 1.5 41 28 25 31 88% 268056 27260 70%
c O 83.62  0 30 45 180  1 595053 6429 1.5 41 28 24 31 88% 268056 27260 70%
c - 86.42  0 30 46 188  1 620076 4470 1.4 40 28 24 31 88% 268056 27260 70%
c p 86.43  0 30 46 188  1 620076 4862 1.4 40 28 24 31 88% 268056 27260 70%
c w 86.49  0 30 46 188  1 620076 4826 1.4 40 28 24 31 88% 268056 27260 70%
c B 87.62  0 30 46 188  1 630054 10172 1.4 41 28 24 31 88% 268056 27260 70%
c - 89.82  0 30 47 189  1 648193 4894 1.4 41 28 24 31 88% 268056 27260 70%
c p 89.83  0 30 47 189  1 648193 5227 1.4 41 28 24 31 88% 268056 27260 70%
c w 90.18  0 30 47 189  1 648193 5171 1.4 41 28 24 31 88% 268056 27260 70%
c W 93.52  0 30 47 190  1 666056 14773 1.5 41 28 24 31 88% 268056 27260 70%
c - 94.90  0 30 48 196  1 676939 4975 1.4 41 28 24 31 88% 268056 27260 70%
c p 94.90  0 30 48 196  1 676939 5258 1.4 41 28 24 31 88% 268056 27260 70%
c w 94.97  0 30 48 196  1 676939 5218 1.4 41 28 24 31 88% 268056 27260 70%
c s 95.00  0 30 48 196  1 676939 5156 1.4 41 28 24 31 88% 268053 27260 70%
c s 95.03  0 30 48 196  1 676939 5149 1.4 41 28 24 31 88% 268053 27260 70%
c ^ 95.04  0 30 48 196  1 676939 5149 1.4 41 28 24 31 88% 268053 27260 70%
c I 98.48  0 30 48 208  1 703058 18274 1.4 41 29 24 31 88% 268053 27260 70%
c - 98.87  0 30 49 210  1 706316 4935 1.4 41 29 24 31 88% 268053 27260 70%
c
c  seconds  reductions  conflicts        size    tier2         variables
c         MB     restarts     redundant     glue     trail          remaining
c          level      rate         size/glue  tier1    irredundant
c
c p 98.88  0 30 49 210  1 706316 5327 1.4 41 29 24 31 88% 268053 27260 70%
c w 98.95  0 30 49 210  1 706316 5241 1.4 41 29 24 31 88% 268053 27260 70%
c - 102.50  0 29 50 220  1 736322 4965 1.4 39 27 24 31 88% 268053 27260 70%
c p 102.51  0 29 50 220  1 736322 5292 1.4 39 27 24 31 88% 268053 27260 70%
c w 102.58  0 29 50 220  1 736322 5191 1.4 39 27 24 31 88% 268053 27260 70%
c B 103.16  0 29 50 220  1 741060 7360 1.4 39 27 24 31 88% 268053 27260 70%
c - 106.22  0 29 51 232  1 766963 5107 1.4 39 27 24 31 88% 268053 27260 70%
c p 106.23  0 29 51 232  1 766963 5334 1.4 39 27 24 31 88% 268053 27260 70%
c w 106.32  0 29 51 232  1 766963 5219 1.4 39 27 24 31 88% 268053 27260 70%
c s 106.59  0 29 51 233  1 769274 5653 1.4 39 27 24 31 88% 268053 27260 70%
c e 106.67  0 29 51 233  1 769274 5653 1.4 39 27 24 31 88% 268057 27256 70%
c s 106.68  0 29 51 233  1 769274 5632 1.4 39 27 24 31 88% 268053 27256 70%
c W 109.22  0 29 51 235  1 780062 11493 1.4 39 27 24 31 88% 268053 27256 70%
c - 111.29  0 30 52 245  1 798233 5187 1.4 40 28 24 31 88% 268053 27256 70%
c p 111.30  0 30 52 245  1 798233 5544 1.4 40 28 24 31 88% 268053 27256 70%
c w 111.39  0 30 52 245  1 798233 5421 1.4 40 28 24 31 88% 268053 27256 70%
c F 113.99  0 30 52 251  1 820064 17474 1.4 42 29 24 31 88% 268053 27256 70%
c - 115.10  0 31 53 251  1 830133 5647 1.4 42 29 24 31 88% 268053 27256 70%
c p 115.11  0 31 53 251  1 830133 6089 1.4 42 29 24 31 88% 268053 27256 70%
c w 115.20  0 31 53 251  1 830133 5999 1.4 42 29 24 31 88% 268053 27256 70%
c
c  seconds   reductions  conflicts         size    tier2         variables
c          MB     restarts      redundant     glue     trail          remaining
c           level      rate          size/glue  tier1    irredundant
c
c B 118.70  0 31 53 252  1 861066 23598 1.5 43 30 24 31 88% 268053 27256 70%
c - 118.90  0 31 54 252  1 862663 6002 1.5 43 30 24 31 88% 268053 27256 70%
c p 118.92  0 31 54 252  1 862663 6367 1.5 43 30 24 31 88% 268053 27256 70%
c w 118.99  0 31 54 252  1 862663 6326 1.5 43 30 24 31 88% 268053 27256 70%
c - 122.58  0 32 55 253  1 895825 5980 1.5 45 30 24 31 88% 268053 27256 70%
c p 122.59  0 32 55 253  1 895825 6274 1.5 45 30 24 31 88% 268053 27256 70%
c w 122.66  0 32 55 253  1 895825 6200 1.5 45 30 24 31 88% 268053 27256 70%
c W 124.87  0 32 55 253  1 903068 9838 1.5 45 30 24 31 88% 268053 27256 70%
c - 127.71  0 32 56 253  1 929622 5714 1.4 44 31 24 31 88% 268053 27256 70%
c p 127.72  0 32 56 253  1 929622 6089 1.4 44 31 24 31 88% 268053 27256 70%
c w 127.78  0 32 56 253  1 929622 6060 1.4 44 31 24 31 88% 268053 27256 70%
c s 127.82  0 32 56 253  1 929622 6004 1.4 44 31 24 31 88% 268049 27256 70%
c s 127.84  0 32 56 253  1 929622 5982 1.4 44 31 24 31 88% 268048 27256 70%
c # 129.62  0 32 56 254  1 946069 17018 1.5 45 31 24 31 88% 268048 27256 70%
c - 131.80  0 33 57 254  1 964048 6876 1.5 46 31 24 31 88% 268048 27256 70%
c p 131.81  0 33 57 254  1 964048 7170 1.5 46 31 24 31 88% 268048 27256 70%
c w 132.21  0 33 57 254  1 964048 7120 1.5 46 31 24 31 88% 268048 27256 70%
c B 135.22  0 33 57 254  1 990070 22247 1.5 46 31 25 31 88% 268048 27256 70%
c - 136.27  0 33 58 254  1 999107 6720 1.5 46 31 25 31 88% 268048 27256 70%
c p 136.28  0 33 58 254  1 999107 6993 1.5 46 31 25 31 88% 268048 27256 70%
c
c  seconds   reductions  conflicts        size    tier2         variables
c          MB     restarts     redundant     glue     trail          remaining
c           level      rate         size/glue  tier1    irredundant
c
c w 136.36  0 33 58 254  1 999107 6931 1.5 46 31 25 31 88% 268048 27256 70%
c - 140.17  0 33 59 254  1 1034795 6332 1.4 45 32 25 31 88% 268048 27256 70%
c p 140.19  0 33 59 254  1 1034795 6686 1.4 45 32 25 31 88% 268048 27256 70%
c w 140.27  0 33 59 254  1 1034795 6613 1.4 45 32 25 31 88% 268048 27256 70%
c W 141.77  0 33 59 254  1 1035073 6784 1.4 45 32 25 31 88% 268048 27256 70%
c s 141.80  0 33 59 254  1 1035154 6841 1.4 45 32 25 31 88% 268048 27256 70%
c s 141.83  0 33 59 254  1 1035154 6828 1.4 45 32 25 31 88% 268048 27256 70%
c - 145.92  0 33 60 260  1 1071116 6296 1.4 45 32 25 31 88% 268048 27256 70%
c p 145.94  0 33 60 260  1 1071116 6723 1.4 45 32 25 31 88% 268048 27256 70%
c w 146.02  0 33 60 260  1 1071116 6664 1.4 45 32 25 31 88% 268048 27256 70%
c O 147.13  0 33 60 264  1 1081075 12236 1.4 45 32 25 31 88% 268048 27256 70%
c - 150.00  0 32 61 276  1 1108068 6533 1.4 43 31 25 31 88% 268048 27256 70%
c p 150.01  0 32 61 276  1 1108068 6969 1.4 43 31 25 31 88% 268048 27256 70%
c w 150.10  0 32 61 276  1 1108068 6901 1.4 43 31 25 31 88% 268048 27256 70%
c B 152.40  0 32 61 284  1 1128076 16987 1.4 42 30 25 31 88% 268048 27256 70%
c - 154.98  0 32 62 285  1 1145652 8056 1.5 47 31 25 31 88% 268048 27256 70%
c p 155.00  0 32 62 285  1 1145652 8423 1.5 47 31 25 31 88% 268048 27256 70%
c w 155.10  0 32 62 285  1 1145652 8334 1.5 47 31 25 31 88% 268048 27256 70%
c W 160.27  0 33 62 300  1 1176078 24068 1.5 46 31 25 31 88% 268048 27256 70%
c - 161.24  0 33 63 303  1 1183868 6935 1.5 46 31 25 31 88% 268048 27256 70%
c
c  seconds   reductions   conflicts        size    tier2         variables
c          MB     restarts      redundant     glue     trail          remaining
c           level      rate          size/glue  tier1    irredundant
c
c p 161.26  0 33 63 303  1 1183868 7297 1.5 46 31 25 31 88% 268048 27256 70%
c w 161.35  0 33 63 303  1 1183868 7224 1.5 46 31 25 31 88% 268048 27256 70%
c - 165.54  0 33 64 316  1 1222716 7045 1.5 46 31 25 31 88% 268048 27256 70%
c p 165.56  0 33 64 316  1 1222716 7335 1.5 46 31 25 31 88% 268048 27256 70%
c w 165.66  0 33 64 316  1 1222716 7202 1.5 46 31 25 31 88% 268048 27256 70%
c I 165.93  0 33 64 316  1 1225079 8472 1.5 46 31 25 31 88% 268048 27256 70%
c - 170.32  0 32 65 317  1 1262199 6717 1.5 44 30 25 31 88% 268048 27256 70%
c p 170.33  0 32 65 317  1 1262199 7117 1.5 44 30 25 31 88% 268048 27256 70%
c w 170.42  0 32 65 317  1 1262199 7036 1.5 44 30 25 31 88% 268048 27256 70%
c x 170.43  0 32 65 317  1 1262199 7036 1.5 44 30 25 31 88% 268037 27256 70%
c s 170.47  0 32 65 317  1 1262199 6715 1.5 44 30 25 31 88% 268037 27256 70%
c s 170.49  0 32 65 317  1 1262199 6634 1.5 44 30 25 31 88% 268037 27256 70%
c ^ 170.50  0 32 65 317  1 1262199 6634 1.5 44 30 25 31 88% 268037 27256 70%
c B 171.99  0 31 65 324  1 1275081 13562 1.5 43 30 25 31 88% 268037 27256 70%
c - 175.17  0 31 66 336  1 1302311 7222 1.5 44 30 25 31 88% 268037 27256 70%
c p 175.18  0 31 66 336  1 1302311 7757 1.5 44 30 25 31 88% 268037 27256 70%
c w 175.30  0 31 66 336  1 1302311 7577 1.5 44 30 25 31 88% 268037 27256 70%
c W 179.41  0 31 66 347  1 1326086 21135 1.5 44 30 25 31 88% 268037 27256 70%
c - 181.42  0 32 67 348  1 1343055 7694 1.5 45 30 25 31 88% 268037 27256 70%
c p 181.44  0 32 67 348  1 1343055 8125 1.5 45 30 25 31 88% 268037 27256 70%
c
c  seconds   reductions   conflicts        size    tier2         variables
c          MB     restarts      redundant     glue     trail          remaining
c           level      rate          size/glue  tier1    irredundant
c
c w 181.55  0 32 67 348  1 1343055 7994 1.5 45 30 25 31 88% 268037 27256 70%
c F 185.33  0 32 67 363  1 1378088 27017 1.5 44 30 25 31 88% 268037 27256 70%
c s 185.66  0 32 67 363  1 1380923 28466 1.5 44 30 25 31 88% 268037 27256 70%
c e 185.75  0 32 67 363  1 1380923 28457 1.5 44 30 25 31 88% 268051 27249 70%
c s 185.76  0 32 67 363  1 1380923 28427 1.5 44 30 25 31 88% 268030 27249 70%
c - 186.18  0 32 68 366  1 1384435 7574 1.5 44 30 25 31 88% 268030 27249 70%
c p 186.20  0 32 68 366  1 1384435 7944 1.5 44 30 25 31 88% 268030 27249 70%
c w 186.71  0 32 68 366  1 1384435 7854 1.5 44 30 25 31 88% 268030 27249 70%
c - 191.38  0 32 69 379  1 1426445 7317 1.4 44 31 25 31 88% 268030 27249 70%
c p 191.40  0 32 69 379  1 1426445 7715 1.4 44 31 25 31 88% 268030 27249 70%
c w 191.49  0 32 69 379  1 1426445 7635 1.4 44 31 25 31 88% 268030 27249 70%
c B 192.01  0 32 69 380  1 1431090 10754 1.4 45 31 25 31 88% 268030 27249 70%
c - 196.23  0 33 70 381  1 1469087 7793 1.4 44 31 25 31 88% 268030 27249 70%
c p 196.25  0 33 70 381  1 1469087 8089 1.4 44 31 25 31 88% 268030 27249 70%
c w 196.35  0 33 70 381  1 1469087 8002 1.4 44 31 25 31 88% 268030 27249 70%
c W 200.02  0 32 70 381  1 1485091 16892 1.4 44 31 25 31 88% 268030 27249 70%
c s 202.30  0 33 70 381  1 1506252 27781 1.4 45 31 25 31 88% 268024 27249 70%
c s 202.34  0 33 70 381  1 1506252 27778 1.4 45 31 25 31 88% 268024 27249 70%
c - 203.13  0 33 71 381  1 1512363 7613 1.4 45 31 25 31 88% 268024 27249 70%
c p 203.14  0 33 71 381  1 1512363 8067 1.4 45 31 25 31 88% 268024 27249 70%
c
c  seconds   reductions   conflicts        size    tier2         variables
c          MB     restarts      redundant     glue     trail          remaining
c           level      rate          size/glue  tier1    irredundant
c
c w 203.24  0 33 71 381  1 1512363 7969 1.4 45 31 25 31 88% 268024 27249 70%
c # 206.26  0 33 71 388  1 1540092 23241 1.4 45 31 25 31 88% 268024 27249 70%
c - 208.15  0 32 72 396  1 1556272 7926 1.4 45 31 25 31 88% 268024 27249 70%
c p 208.16  0 32 72 396  1 1556272 8383 1.4 45 31 25 31 88% 268024 27249 70%
c w 208.26  0 32 72 396  1 1556272 8276 1.4 45 31 25 31 88% 268024 27249 70%
c B 213.17  0 32 72 411  1 1596093 29707 1.4 43 30 25 31 88% 268024 27249 70%
c - 213.86  0 32 73 412  1 1600813 8220 1.4 44 31 25 31 88% 268024 27249 70%
c p 213.88  0 32 73 412  1 1600813 8727 1.4 44 31 25 31 88% 268024 27249 70%
c w 213.99  0 32 73 412  1 1600813 8635 1.4 44 31 25 31 88% 268024 27249 70%
c - 219.18  0 32 74 427  1 1645986 8325 1.4 44 31 25 31 88% 268024 27249 70%
c p 219.20  0 32 74 427  1 1645986 8793 1.4 44 31 25 31 88% 268024 27249 70%
c w 219.30  0 32 74 427  1 1645986 8687 1.4 44 31 25 31 88% 268024 27249 70%
c W 221.71  0 32 74 432  1 1653096 13077 1.4 44 31 25 31 88% 268024 27249 70%
c - 226.11  0 32 75 443  1 1691793 8511 1.4 44 31 25 31 88% 268024 27249 70%
c p 226.13  0 32 75 443  1 1691793 8859 1.4 44 31 25 31 88% 268024 27249 70%
c w 226.21  0 32 75 443  1 1691793 8785 1.4 44 31 25 31 88% 268024 27249 70%
c s 226.25  0 32 75 443  1 1691793 8725 1.4 44 31 25 31 88% 268022 27249 70%
c s 226.28  0 32 75 443  1 1691793 8711 1.4 44 31 25 31 88% 268022 27249 70%
c O 228.54  0 32 75 444  1 1711098 20636 1.5 45 31 25 31 88% 268022 27249 70%
c - 231.49  0 31 76 450  1 1738232 8992 1.4 43 30 25 31 88% 268022 27249 70%
c
c  seconds   reductions   conflicts        size    tier2         variables
c          MB     restarts      redundant     glue     trail          remaining
c           level      rate          size/glue  tier1    irredundant
c
c p 231.50  0 31 76 450  1 1738232 9301 1.4 43 30 25 31 88% 268022 27249 70%
c w 231.61  0 31 76 450  1 1738232 9163 1.4 43 30 25 31 88% 268022 27249 70%
c B 234.93  0 31 76 465  1 1770099 25415 1.4 42 29 25 31 88% 268022 27249 70%
c - 236.50  0 31 77 473  1 1785306 8331 1.4 42 30 25 31 88% 268022 27249 70%
c p 236.52  0 31 77 473  1 1785306 9014 1.4 42 30 25 31 88% 268022 27249 70%
c u 236.57  0 31 77 473  1 1785306 9013 1.4 42 30 25 31 88% 268022 27249 70%
c w 236.63  0 31 77 473  1 1785306 8931 1.4 42 30 25 31 88% 268022 27249 70%
c W 244.41  0 31 77 485  1 1830101 34189 1.5 43 30 25 31 88% 268022 27249 70%
c - 244.81  0 31 78 488  1 1833012 8783 1.5 43 30 25 31 88% 268022 27249 70%
c p 244.83  0 31 78 488  1 1833012 9323 1.5 43 30 25 31 88% 268022 27249 70%
c w 244.94  0 31 78 488  1 1833012 9213 1.5 43 30 25 31 88% 268022 27249 70%
c - 250.52  0 31 79 506  1 1881351 8472 1.4 43 30 25 31 88% 268022 27249 70%
c p 250.54  0 31 79 506  1 1881351 8997 1.4 43 30 25 31 88% 268022 27249 70%
c w 250.66  0 31 79 506  1 1881351 8927 1.4 43 30 25 31 88% 268022 27249 70%
c I 251.78  0 32 79 506  1 1891104 14438 1.4 43 30 25 31 88% 268022 27249 70%
c - 256.75  0 31 80 508  1 1930322 9113 1.5 44 29 25 31 88% 268022 27249 70%
c p 256.77  0 31 80 508  1 1930322 9624 1.5 44 29 25 31 88% 268022 27249 70%
c w 257.43  0 31 80 508  1 1930322 9532 1.5 44 29 25 31 88% 268022 27249 70%
c B 260.20  0 30 80 508  1 1953107 22168 1.5 43 29 25 31 88% 268022 27249 70%
c - 263.14  0 31 81 508  1 1979929 9202 1.5 44 29 25 31 88% 268022 27249 70%
c
c  seconds   reductions   conflicts        size    tier2         variables
c          MB     restarts      redundant     glue     trail          remaining
c           level      rate          size/glue  tier1    irredundant
c
c p 263.16  0 31 81 508  1 1979929 9533 1.5 44 29 25 31 88% 268022 27249 70%
c w 263.30  0 31 81 508  1 1979929 9466 1.5 44 29 25 31 88% 268022 27249 70%
c W 268.98  0 31 81 509  1 2016109 28759 1.5 44 30 25 31 88% 268022 27249 70%
c - 270.44  0 32 82 509  1 2030168 9157 1.5 44 30 25 31 88% 268022 27249 70%
c p 270.46  0 32 82 509  1 2030168 9838 1.5 44 30 25 31 88% 268022 27249 70%
c w 270.60  0 32 82 509  1 2030168 9751 1.5 44 30 25 31 88% 268022 27249 70%
c F 276.11  0 32 82 509  1 2080111 36173 1.4 44 31 25 31 88% 268022 27249 70%
c - 276.24  0 32 83 509  1 2081039 9066 1.4 44 31 25 31 88% 268022 27249 70%
c p 276.26  0 32 83 509  1 2081039 9588 1.4 44 31 25 31 88% 268022 27249 70%
c w 276.39  0 32 83 509  1 2081039 9493 1.4 44 31 25 31 88% 268022 27249 70%
c - 282.10  0 32 84 510  1 2132544 8621 1.4 44 31 25 31 88% 268022 27249 70%
c p 282.11  0 32 84 510  1 2132544 9118 1.4 44 31 25 31 88% 268022 27249 70%
c w 282.24  0 32 84 510  1 2132544 9085 1.4 44 31 25 31 88% 268022 27249 70%
c B 283.67  0 33 84 510  1 2145114 16042 1.4 44 31 25 31 88% 268022 27249 70%
c - 287.89  0 32 85 510  1 2184683 8980 1.4 44 31 25 31 88% 268022 27249 70%
c p 287.91  0 32 85 510  1 2184683 9341 1.4 44 31 25 31 88% 268022 27249 70%
c w 288.02  0 32 85 510  1 2184683 9304 1.4 44 31 25 31 88% 268022 27249 70%
c W 293.33  0 32 85 510  1 2211115 23212 1.4 44 31 25 31 88% 268022 27249 70%
c - 296.60  0 32 86 510  1 2237456 8954 1.4 43 31 25 31 88% 268022 27249 70%
c p 296.61  0 32 86 510  1 2237456 9278 1.4 43 31 25 31 88% 268022 27249 70%
c
c  seconds   reductions   conflicts        size    tier2         variables
c          MB     restarts      redundant     glue     trail          remaining
c           level      rate          size/glue  tier1    irredundant
c
c w 296.71  0 32 86 510  1 2237456 9211 1.4 43 31 25 31 88% 268022 27249 70%
c s 296.77  0 32 86 510  1 2237456 8994 1.4 43 31 25 31 88% 268016 27249 70%
c s 296.80  0 32 86 510  1 2237456 8977 1.4 43 31 25 31 88% 268016 27249 70%
c ^ 296.81  0 32 86 510  1 2237456 8977 1.4 43 31 25 31 88% 268016 27249 70%
c ] 299.39  0 32 86 510  1 2262057 21523 1.4 43 31 25 31 88% 268016 27249 70%
c ? 299.39  0 32 86 510  1 2262057 21523 1.4 43 31 25 31 88% 268016 27249 70%
c
c --- [ result ] -------------------------------------------------------------
c
c writing result to 'search-results/cadical-complete-cover-20260902/anchor-008-p0-s1.result'
c
c --- [ run-time profiling ] -------------------------------------------------
c
c process time taken by individual solving procedures
c (percentage relative to process time for solving)
c
c       288.45   96.36% search
c       263.31   87.96% stable
c        25.10    8.39% walk
c        10.90    3.64% simplify
c         4.01    1.34% vivify
c         2.17    0.73% sweep
c         1.26    0.42% backbone
c         0.83    0.28% elim
c         0.45    0.15% subsume
c         0.38    0.13% probe
c         0.29    0.10% ternary
c         0.24    0.08% congruence
c         0.04    0.01% parse
c         0.04    0.01% lucky
c   =================================
c       299.35   99.99% solve
c
c last line shows process time for solving
c (percentage relative to total process time)
c
c --- [ statistics ] ---------------------------------------------------------
c
c chronological:            272079        12.03 %  of conflicts
c conflicts:               2262057      7556.46    per second
c backbone:              117904481    302769.45 %  of vars
c decisions:               2466541      8239.54    per second
c eliminated:                 2767         7.11 %  of all variables
c fixed:                      8926        22.92 %  of all variables
c learned:                 2228185        98.50 %  per conflict
c learned_lits:         1119695111       100.00 %  learned literals
c minimized:                     0         0.00 %  learned literals
c shrunken:             1015957243        90.74 %  learned literals
c minishrunken:            6740081         0.60 %  learned literals
c otfs:                       1025         0.05 %  of conflict
c propagations:         1246727441         4.16 M  per second
c reduced:                 1193393        52.76 %  per conflict
c rephased:                     66     34273.59    interval
c restarts:                    510      4435.41    interval
c subsumed:                1009175        39.45 %  of all clauses
c strengthened:              55195         2.16 %  of all clauses
c ticks:               16733020637        18.19    propagation
c vivified:                   4960         0.19 %  of all clauses
c walked:                       22    102820.77    interval
c weakened:                  13427         5.48    average size
c congruence:                   12    188504.75    interval
c
c seconds are measured in process time for solving
c
c --- [ glue usage ] ---------------------------------------------------------
c
c focused glue 2 used 0 clauses 0.000% accumulated 0.000% tier1
c focused glue 3 used 0 clauses 0.000% accumulated 0.000%
c focused glue 4 used 0 clauses 0.000% accumulated 0.000%
c focused glue 5 used 0 clauses 0.000% accumulated 0.000%
c focused glue 6 used 0 clauses 0.000% accumulated 0.000% tier2
c
c stable glue 25 used 466255 clauses 6.274% accumulated 51.89% tier1
c stable glue 26 used 459210 clauses 6.179% accumulated 58.07%
c stable glue 27-29 used 1274999 clauses 17.15% accumulated 75.23%
c stable glue 30 used 399670 clauses 5.378% accumulated 80.61%
c stable glue 31 used 378224 clauses 5.089% accumulated 85.70% tier2
c
c
c --- [ resources ] ----------------------------------------------------------
c
c total process time since initialization:       299.39    seconds
c total real time since initialization:          300.04    seconds
c maximum resident set size of process:          187.22    MB
c
c --- [ shutting down ] ------------------------------------------------------
c
c exit 0
