c --- [ banner ] -------------------------------------------------------------
c
c CaDiCaL SAT Solver
c Copyright (c) 2016-2026
c A. Biere, M. Fleury, N. Froleyks, K. Fazekas, F. Pollitt, T. Faller
c JKU Linz, University of Freiburg, TU Wien
c
c Version 3.0.1 c60730422e758ef1cebe7aeddf2dda31c996bf04
c Apple clang version 21.0.0 (clang-2100.1.1.101) -Wall -Wextra -O3 -DNDEBUG -DNCLOSEFROM
c Tue Sep 1 21:08:57 PDT 2026 Darwin retained-runner 25.6.0 arm64
c
c --- [ limit ] --------------------------------------------------------------
c
c setting time limit to 300 seconds real time (due to '-t 300')
c
c --- [ parsing input ] ------------------------------------------------------
c
c reading DIMACS file from 'search-results/cadical-complete-cover-20260902/cnf/anchor-000-p1-s0.cnf'
c opening file to read 'search-results/cadical-complete-cover-20260902/cnf/anchor-000-p1-s0.cnf'
c found 'p cnf 38942 364405' header
c parsed 364405 clauses in 0.04 seconds process time
c
c --- [ options ] ------------------------------------------------------------
c
c   --elimeffort=10                (different from default '1e3')
c   --stabilizeonly=true           (different from default 'false')
c   --subsumeeffort=60             (different from default '1e3')
c
c --- [ solving ] ------------------------------------------------------------
c
c time measured in process time since initialization
c
c  seconds  reduction conflicts       size tier2        variables
c         MB    restarts   redundant    glue  trail          remaining
c          level     rate       size/glu tier1  irredundant
c
c *  0.04  0  0 0   0  0    0    0 0.0 0 0 2 6  0% 289828 30086 77%
c )  0.06  0  0 0   0  0    0    0 0.0 0 0 2 6  0% 289828 30086 77%
c [  0.08  0  0 0   0  0    0    0 0.0 0 0 2 6  0% 289828 30086 77%
c -  0.13  0 39 1   0  1  302   62 1.4 49 34 2 6 98% 274783 30086 77%
c -  0.22  0 38 2   0  1  927  213 1.4 45 31 2 6 97% 274783 30086 77%
c I  0.23  0 38 2   0  1 1002  272 1.5 45 30 2 6 97% 274783 30086 77%
c -  0.43  0 39 3   1  1 2023  445 2.5 82 33 2 6 95% 274783 30086 77%
c B  0.71  0 38 3   2  1 3004  852 2.1 71 34 2 6 91% 274783 30086 77%
c -  0.79  0 38 4   2  1 3640  432 1.9 66 34 2 6 97% 274783 30086 77%
c -  1.11  0 37 5   4  1 5812  582 1.7 56 34 34 36 97% 274783 30086 77%
c W  1.20  0 37 5   4  1 6005  741 1.7 56 34 34 36 97% 274783 30086 77%
c s  1.30  0 37 5   5  1 6539  887 1.6 55 34 34 36 97% 274783 30086 77%
c e  1.62  0 37 5   5  1 6539  378 1.6 55 34 34 36 97% 268918 27361 70%
c s  1.64  0 37 5   5  1 6539  372 1.6 55 34 34 36 97% 268761 27361 70%
c e  1.72  0 37 5   5  1 6539  358 1.6 55 34 34 36 97% 268623 27324 70%
c 2  1.99  0 37 5   5  1 8088 1734 1.8 60 34 34 36 94% 268623 27324 70%
c -  2.17  0 37 6   6  1 8553  594 1.8 60 34 34 36 94% 268623 27324 70%
c F  2.42  0 37 6   6  1 10006 1662 1.8 60 33 34 36 93% 268623 27324 70%
c -  2.74  0 36 7   6  1 11858  723 1.7 56 33 34 36 91% 268623 27324 70%
c B  3.31  0 35 7   9  1 15008 2333 1.6 53 32 31 36 91% 268623 27324 70%
c
c  seconds  reductions conflicts       size    tier2         variables
c         MB    restarts    redundant     glue     trail          remaining
c          level     rate        size/glue  tier1    irredundant
c
c -  3.46  0 35 8   9  1 15750  746 1.6 52 32 31 36 90% 268623 27324 70%
c s  4.31  0 34 8  12  1 19729 2937 1.6 51 32 31 36 90% 268544 27324 70%
c e  4.36  0 34 8  12  1 19729 2931 1.6 51 32 31 36 90% 268504 27311 70%
c s  4.38  0 34 8  12  1 19729 2928 1.6 51 32 31 36 90% 268467 27311 70%
c e  4.41  0 34 8  12  1 19729 2926 1.6 51 32 31 36 90% 268444 27302 70%
c -  4.51  0 34 9  12  1 20233  873 1.6 51 32 31 36 90% 268444 27302 70%
c u  4.53  0 34 9  12  1 20233  871 1.6 51 32 31 36 90% 268444 27302 70%
c w  4.55  0 34 9  12  1 20233  865 1.6 51 32 31 36 90% 268444 27302 70%
c W  4.97  0 34 9  13  1 21009 1328 1.6 50 32 31 36 90% 268444 27302 70%
c -  5.74  0 34 10  14  1 25314  931 1.5 49 32 30 34 89% 268444 27302 70%
c #  6.28  0 34 10  14  1 28011 2310 1.5 48 32 30 34 89% 268444 27302 70%
c -  6.81  0 34 11  14  1 30997 1073 1.5 48 32 30 34 89% 268444 27302 70%
c B  7.67  0 34 11  17  1 36014 3689 1.5 48 32 30 34 89% 268444 27302 70%
c -  7.88  0 34 12  17  1 37286 1157 1.5 48 32 30 34 89% 268444 27302 70%
c s  8.42  0 34 12  20  1 39515 2671 1.5 48 32 29 34 89% 268397 27302 70%
c e  8.46  0 34 12  20  1 39515 2671 1.5 48 32 29 34 89% 268388 27299 70%
c s  8.47  0 34 12  20  1 39515 2666 1.5 48 32 29 34 89% 268374 27299 70%
c e  8.49  0 34 12  20  1 39515 2666 1.5 48 32 29 34 89% 268360 27294 70%
c -  9.48  0 34 13  21  1 44185 1369 1.5 48 32 29 34 89% 268360 27294 70%
c w  9.54  0 34 13  21  1 44185 1341 1.5 48 32 29 34 89% 268360 27294 70%
c
c  seconds  reductions  conflicts       size    tier2         variables
c         MB     restarts    redundant     glue     trail          remaining
c          level      rate        size/glue  tier1    irredundant
c
c W 10.04  0 34 13  21  1 45015 1787 1.5 48 32 29 34 89% 268360 27294 70%
c - 11.22  0 34 14  26  1 51693 1395 1.5 47 32 29 34 89% 268360 27294 70%
c O 11.81  0 34 14  28  1 55016 3285 1.5 47 32 29 34 89% 268360 27294 70%
c - 12.58  0 33 15  29  1 59813 1501 1.5 46 32 29 34 89% 268360 27294 70%
c p 12.59  0 33 15  29  1 59813 1511 1.5 46 32 29 34 89% 268360 27294 70%
c s 13.63  0 33 15  29  1 65896 4491 1.5 45 31 29 34 88% 268338 27294 70%
c s 13.66  0 33 15  29  1 65896 4482 1.5 45 31 29 34 88% 268336 27294 70%
c e 13.68  0 33 15  29  1 65896 4482 1.5 45 31 29 34 88% 268331 27292 70%
c B 13.71  0 33 15  29  1 66018 4537 1.5 45 31 29 34 88% 268331 27292 70%
c - 14.16  0 33 16  30  1 68548 1647 1.5 46 31 29 34 88% 268331 27292 70%
c p 14.17  0 33 16  30  1 68548 1699 1.5 46 31 29 34 88% 268331 27292 70%
c w 14.22  0 33 16  30  1 68548 1682 1.5 46 31 29 34 88% 268331 27292 70%
c - 15.71  0 33 17  30  1 77900 1765 1.5 46 31 28 33 88% 268331 27292 70%
c p 15.72  0 33 17  30  1 77900 1815 1.5 46 31 28 33 88% 268331 27292 70%
c W 16.41  0 33 17  30  1 78020 1879 1.5 46 31 28 33 88% 268331 27292 70%
c - 18.05  0 33 18  34  1 87868 1923 1.5 46 32 28 33 88% 268331 27292 70%
c p 18.05  0 33 18  34  1 87868 1966 1.5 46 32 28 33 88% 268331 27292 70%
c w 18.10  0 33 18  34  1 87868 1927 1.5 46 32 28 33 88% 268331 27292 70%
c I 18.59  0 33 18  36  1 91023 3563 1.4 46 32 28 33 88% 268331 27292 70%
c - 20.00  0 32 19  40  1 98454 1764 1.4 44 31 28 33 88% 268331 27292 70%
c
c  seconds  reductions  conflicts       size    tier2         variables
c         MB     restarts    redundant     glue     trail          remaining
c          level      rate        size/glue  tier1    irredundant
c
c p 20.00  0 32 19  40  1 98454 1814 1.4 44 31 28 33 88% 268331 27292 70%
c s 20.13  0 32 19  40  1 98872 1403 1.4 44 31 28 33 88% 268312 27292 70%
c t 20.13  0 32 19  40  1 98872 1402 1.4 44 31 28 33 88% 268312 27292 70%
c e 20.15  0 32 19  40  1 98872 1402 1.4 44 31 28 33 88% 268306 27290 70%
c s 20.15  0 32 19  40  1 98872 1240 1.4 44 31 28 33 88% 268300 27290 70%
c e 20.17  0 32 19  40  1 98872 1240 1.4 44 31 28 33 88% 268295 27288 70%
c B 21.29  0 32 19  44  1 105024 3949 1.4 43 30 28 33 88% 268295 27288 70%
c - 22.11  0 32 20  45  1 109661 1693 1.4 43 30 28 33 88% 268295 27288 70%
c p 22.12  0 32 20  45  1 109661 1812 1.4 43 30 28 33 88% 268295 27288 70%
c w 22.17  0 32 20  45  1 109661 1777 1.4 43 30 28 33 88% 268295 27288 70%
c W 24.43  0 32 20  48  1 120025 7527 1.4 44 30 28 33 88% 268295 27288 70%
c - 24.70  0 32 21  49  1 121488 2090 1.4 44 30 28 33 88% 268295 27288 70%
c p 24.70  0 32 21  49  1 121488 2162 1.4 44 30 28 33 88% 268295 27288 70%
c - 26.85  0 32 22  56  1 133935 2056 1.4 43 30 28 33 88% 268295 27288 70%
c p 26.85  0 32 22  56  1 133935 2183 1.4 43 30 28 33 88% 268295 27288 70%
c w 26.90  0 32 22  56  1 133935 2159 1.4 43 30 28 33 88% 268295 27288 70%
c F 27.26  0 32 22  58  1 136027 3528 1.4 44 31 28 33 88% 268295 27288 70%
c s 27.67  0 32 22  59  1 138443 4843 1.4 44 31 27 33 88% 268288 27288 70%
c s 27.70  0 32 22  59  1 138443 4842 1.4 44 31 27 33 88% 268287 27288 70%
c e 27.72  0 32 22  59  1 138443 4842 1.4 44 31 27 33 88% 268279 27285 70%
c
c  seconds  reductions  conflicts        size    tier2         variables
c         MB     restarts     redundant     glue     trail          remaining
c          level      rate         size/glue  tier1    irredundant
c
c - 29.11  0 32 23  60  1 147005 2395 1.4 44 31 27 33 88% 268279 27285 70%
c p 29.12  0 32 23  60  1 147005 2548 1.4 44 31 27 33 88% 268279 27285 70%
c B 30.25  0 32 23  61  1 153028 5426 1.4 44 31 27 33 88% 268279 27285 70%
c - 31.52  0 32 24  61  1 160699 2508 1.5 44 31 27 33 88% 268279 27285 70%
c p 31.53  0 32 24  61  1 160699 2661 1.5 44 31 27 33 88% 268279 27285 70%
c w 31.59  0 32 24  61  1 160699 2586 1.5 44 31 27 33 88% 268279 27285 70%
c W 33.76  0 32 24  62  1 171032 7752 1.4 44 31 27 33 88% 268279 27285 70%
c - 34.39  0 32 25  62  1 175015 2576 1.4 44 31 27 33 88% 268279 27285 70%
c p 34.40  0 32 25  62  1 175015 2755 1.4 44 31 27 33 88% 268279 27285 70%
c s 36.11  0 32 25  62  1 184610 10546 1.5 47 31 27 33 88% 268274 27285 70%
c s 36.14  0 32 25  62  1 184610 10543 1.5 47 31 27 33 88% 268274 27285 70%
c e 36.16  0 32 25  62  1 184610 10542 1.5 47 31 27 33 88% 268266 27282 70%
c - 37.25  0 32 26  62  1 189955 3399 1.5 47 31 27 33 88% 268266 27282 70%
c p 37.27  0 32 26  62  1 189955 3595 1.5 47 31 27 33 88% 268266 27282 70%
c w 37.35  0 32 26  62  1 189955 3522 1.5 47 31 27 33 88% 268266 27282 70%
c # 37.37  0 32 26  62  1 190033 3571 1.5 47 31 27 33 88% 268266 27282 70%
c - 39.77  0 32 27  67  1 205520 3031 1.5 47 31 27 32 88% 268266 27282 70%
c p 39.77  0 32 27  67  1 205520 3202 1.5 47 31 27 32 88% 268266 27282 70%
c B 40.53  0 32 27  69  1 210034 6075 1.5 47 31 27 32 88% 268266 27282 70%
c - 42.34  0 32 28  76  1 221711 3208 1.5 47 31 27 32 88% 268266 27282 70%
c
c  seconds  reductions  conflicts        size    tier2         variables
c         MB     restarts     redundant     glue     trail          remaining
c          level      rate         size/glue  tier1    irredundant
c
c p 42.35  0 32 28  76  1 221711 3371 1.5 47 31 27 32 88% 268266 27282 70%
c w 42.42  0 32 28  76  1 221711 3336 1.5 47 31 27 32 88% 268266 27282 70%
c W 44.55  0 32 28  77  1 231036 8627 1.5 47 31 27 32 88% 268266 27282 70%
c s 45.53  0 33 28  81  1 237374 13439 1.5 48 31 27 32 88% 268264 27282 70%
c e 45.56  0 33 28  81  1 237374 13439 1.5 48 31 27 32 88% 268261 27281 70%
c s 45.57  0 33 28  81  1 237374 13434 1.5 48 31 27 32 88% 268261 27281 70%
c e 45.58  0 33 28  81  1 237374 13419 1.5 48 31 27 32 88% 268259 27280 70%
c - 45.80  0 33 29  82  1 238527 3601 1.5 48 31 27 32 88% 268259 27280 70%
c p 45.81  0 33 29  82  1 238527 3761 1.5 48 31 27 32 88% 268259 27280 70%
c O 48.12  0 33 29  90  1 253038 11865 1.5 47 31 27 32 88% 268259 27280 70%
c - 48.67  0 33 30  91  1 255969 3385 1.5 47 31 27 32 88% 268259 27280 70%
c p 48.68  0 33 30  91  1 255969 3568 1.5 47 31 27 32 88% 268259 27280 70%
c w 48.94  0 33 30  91  1 255969 3554 1.5 47 31 27 32 88% 268259 27280 70%
c - 52.00  0 32 31  93  1 274040 3514 1.5 46 31 27 32 88% 268259 27280 70%
c p 52.03  0 32 31  93  1 274040 3769 1.5 46 31 27 32 88% 268259 27280 70%
c w 52.08  0 32 31  93  1 274040 3753 1.5 46 31 27 32 88% 268259 27280 70%
c B 52.42  0 32 31  93  1 276041 4929 1.5 46 31 27 32 88% 268259 27280 70%
c - 55.25  0 32 32 100  1 292735 3761 1.5 45 31 27 32 88% 268259 27280 70%
c p 55.26  0 32 32 100  1 292735 3976 1.5 45 31 27 32 88% 268259 27280 70%
c w 55.32  0 32 32 100  1 292735 3965 1.5 45 31 27 32 88% 268259 27280 70%
c
c  seconds  reductions  conflicts        size    tier2         variables
c         MB     restarts     redundant     glue     trail          remaining
c          level      rate         size/glue  tier1    irredundant
c
c s 55.98  0 32 32 102  1 296735 6138 1.5 45 31 27 32 88% 268259 27280 70%
c s 56.02  0 32 32 102  1 296735 6136 1.5 45 31 27 32 88% 268259 27280 70%
c W 57.60  0 32 32 104  1 300042 8114 1.5 45 31 27 32 88% 268259 27280 70%
c - 59.37  0 32 33 108  1 312057 3757 1.5 44 30 27 32 88% 268259 27280 70%
c p 59.39  0 32 33 108  1 312057 3978 1.5 44 30 27 32 88% 268259 27280 70%
c w 59.45  0 32 33 108  1 312057 3961 1.5 44 30 27 32 88% 268259 27280 70%
c I 61.44  0 32 33 115  1 325043 11189 1.4 44 30 27 32 88% 268259 27280 70%
c - 62.74  0 32 34 118  1 332006 3796 1.4 44 30 27 32 88% 268259 27280 70%
c p 62.75  0 32 34 118  1 332006 3962 1.4 44 30 27 32 88% 268259 27280 70%
c w 62.83  0 32 34 118  1 332006 3928 1.4 44 30 27 32 88% 268259 27280 70%
c B 66.17  0 31 34 124  1 351044 14049 1.4 43 30 27 32 88% 268259 27280 70%
c - 66.47  0 31 35 124  1 352582 3698 1.4 43 30 27 32 88% 268259 27280 70%
c p 66.48  0 31 35 124  1 352582 4049 1.4 43 30 27 32 88% 268259 27280 70%
c w 66.54  0 31 35 124  1 352582 4019 1.4 43 30 27 32 88% 268259 27280 70%
c s 68.42  0 31 35 124  1 362693 9038 1.4 43 30 27 32 88% 268258 27280 70%
c s 68.45  0 31 35 124  1 362693 9031 1.4 43 30 27 32 88% 268258 27280 70%
c - 70.41  0 31 36 125  1 373787 3657 1.4 43 30 27 32 88% 268258 27280 70%
c p 70.43  0 31 36 125  1 373787 4018 1.4 43 30 27 32 88% 268258 27280 70%
c w 70.49  0 31 36 125  1 373787 3971 1.4 43 30 27 32 88% 268258 27280 70%
c W 72.14  0 31 36 125  1 378047 6192 1.4 43 30 27 32 88% 268258 27280 70%
c
c  seconds  reductions  conflicts        size    tier2         variables
c         MB     restarts     redundant     glue     trail          remaining
c          level      rate         size/glue  tier1    irredundant
c
c - 74.73  0 32 37 125  1 395620 4545 1.5 45 30 27 32 88% 268258 27280 70%
c p 74.75  0 32 37 125  1 395620 4843 1.5 45 30 27 32 88% 268258 27280 70%
c w 74.82  0 32 37 125  1 395620 4786 1.5 45 30 27 32 88% 268258 27280 70%
c F 76.45  0 32 37 126  1 406049 10041 1.5 45 30 26 32 88% 268258 27280 70%
c - 78.40  0 32 38 126  1 418082 4243 1.5 45 31 26 32 88% 268258 27280 70%
c p 78.40  0 32 38 126  1 418082 4475 1.5 45 31 26 32 88% 268258 27280 70%
c w 78.71  0 32 38 126  1 418082 4441 1.5 45 31 26 32 88% 268258 27280 70%
c B 81.09  0 32 38 126  1 435050 13246 1.5 45 31 26 32 88% 268258 27280 70%
c - 82.09  0 32 39 126  1 441174 4032 1.5 45 31 26 32 88% 268258 27280 70%
c p 82.10  0 32 39 126  1 441174 4258 1.5 45 31 26 32 88% 268258 27280 70%
c w 82.17  0 32 39 126  1 441174 4186 1.5 45 31 26 32 88% 268258 27280 70%
c - 85.95  0 32 40 126  1 464895 3968 1.4 45 31 27 32 88% 268258 27280 70%
c p 85.96  0 32 40 126  1 464895 4310 1.4 45 31 27 32 88% 268258 27280 70%
c w 86.03  0 32 40 126  1 464895 4244 1.4 45 31 27 32 88% 268258 27280 70%
c W 87.34  0 32 40 126  1 465051 4342 1.4 45 31 27 32 88% 268258 27280 70%
c - 90.66  0 33 41 140  1 489246 4017 1.4 44 31 27 32 88% 268258 27280 70%
c p 90.67  0 33 41 140  1 489246 4297 1.4 44 31 27 32 88% 268258 27280 70%
c w 90.74  0 33 41 140  1 489246 4278 1.4 44 31 27 32 88% 268258 27280 70%
c s 90.78  0 33 41 140  1 489246 4256 1.4 44 31 27 32 88% 268254 27280 70%
c s 90.81  0 33 41 140  1 489246 4250 1.4 44 31 27 32 88% 268254 27280 70%
c
c  seconds  reductions  conflicts        size    tier2         variables
c         MB     restarts     redundant     glue     trail          remaining
c          level      rate         size/glue  tier1    irredundant
c
c # 91.85  0 33 41 141  1 496055 8146 1.4 45 31 27 32 88% 268254 27280 70%
c - 94.95  0 33 42 151  1 514226 4600 1.5 45 31 27 32 88% 268254 27280 70%
c p 94.96  0 33 42 151  1 514226 4842 1.5 45 31 27 32 88% 268254 27280 70%
c w 95.03  0 33 42 151  1 514226 4795 1.5 45 31 27 32 88% 268254 27280 70%
c B 97.26  0 33 42 156  1 528057 11429 1.4 45 31 27 32 88% 268254 27280 70%
c - 99.03  0 33 43 157  1 539835 4442 1.4 45 31 27 32 88% 268254 27280 70%
c p 99.05  0 33 43 157  1 539835 4642 1.4 45 31 27 32 88% 268254 27280 70%
c w 99.12  0 33 43 157  1 539835 4601 1.4 45 31 27 32 88% 268254 27280 70%
c W 103.23  0 33 43 164  1 561059 15778 1.4 45 31 27 32 88% 268254 27280 70%
c - 103.96  0 33 44 168  1 566079 4539 1.4 45 31 27 32 88% 268254 27280 70%
c p 103.97  0 33 44 168  1 566079 4970 1.4 45 31 27 32 88% 268254 27280 70%
c w 104.04  0 33 44 168  1 566079 4928 1.4 45 31 27 32 88% 268254 27280 70%
c - 107.75  0 32 45 179  1 592950 4549 1.4 45 31 27 32 88% 268254 27280 70%
c p 107.76  0 32 45 179  1 592950 4947 1.4 45 31 27 32 88% 268254 27280 70%
c w 107.82  0 32 45 179  1 592950 4920 1.4 45 31 27 32 88% 268254 27280 70%
c O 108.12  0 32 45 180  1 595060 6160 1.4 45 31 27 32 88% 268254 27280 70%
c - 112.37  0 32 46 188  1 620452 5327 1.4 44 31 27 32 88% 268254 27280 70%
c p 112.39  0 32 46 188  1 620452 5763 1.4 44 31 27 32 88% 268254 27280 70%
c w 112.47  0 32 46 188  1 620452 5707 1.4 44 31 27 32 88% 268254 27280 70%
c B 114.15  0 32 46 188  1 630062 11043 1.4 44 31 27 32 88% 268254 27280 70%
c
c  seconds   reductions  conflicts        size    tier2         variables
c          MB     restarts     redundant     glue     trail          remaining
c           level      rate         size/glue  tier1    irredundant
c
c - 117.46  0 32 47 189  1 648584 5389 1.4 44 30 27 32 88% 268254 27280 70%
c p 117.47  0 32 47 189  1 648584 5742 1.4 44 30 27 32 88% 268254 27280 70%
c v 117.88  0 32 47 189  1 648584 5742 1.4 44 30 27 32 88% 268254 27280 70%
c w 117.93  0 32 47 189  1 648584 5687 1.4 44 30 27 32 88% 268254 27280 70%
c W 122.69  0 32 47 190  1 666064 15544 1.4 43 30 26 32 88% 268254 27280 70%
c - 124.62  0 32 48 196  1 677344 5333 1.4 43 30 26 32 88% 268254 27280 70%
c p 124.64  0 32 48 196  1 677344 5797 1.4 43 30 26 32 88% 268254 27280 70%
c w 124.71  0 32 48 196  1 677344 5761 1.4 43 30 26 32 88% 268254 27280 70%
c s 124.76  0 32 48 196  1 677344 5568 1.4 43 30 26 32 88% 268251 27280 70%
c s 124.79  0 32 48 196  1 677344 5559 1.4 43 30 26 32 88% 268251 27280 70%
c ^ 124.80  0 32 48 196  1 677344 5559 1.4 43 30 26 32 88% 268251 27280 70%
c I 128.69  0 32 48 207  1 703067 20380 1.4 43 30 26 32 88% 268251 27280 70%
c - 129.49  0 31 49 210  1 706736 5442 1.4 43 30 26 32 88% 268251 27280 70%
c p 129.50  0 31 49 210  1 706736 5776 1.4 43 30 26 32 88% 268251 27280 70%
c w 129.60  0 31 49 210  1 706736 5724 1.4 43 30 26 32 88% 268251 27280 70%
c - 135.10  0 31 50 220  1 736758 5669 1.4 42 29 26 31 88% 268251 27280 70%
c p 135.11  0 31 50 220  1 736758 5930 1.4 42 29 26 31 88% 268251 27280 70%
c w 135.20  0 31 50 220  1 736758 5848 1.4 42 29 26 31 88% 268251 27280 70%
c B 136.06  0 31 50 220  1 741069 8395 1.5 42 29 26 31 88% 268251 27280 70%
c s 140.11  0 31 50 229  1 763084 19856 1.5 43 29 26 31 88% 268251 27280 70%
c
c  seconds   reductions  conflicts         size    tier2         variables
c          MB     restarts      redundant     glue     trail          remaining
c           level      rate          size/glue  tier1    irredundant
c
c e 140.21  0 31 50 229  1 763084 19850 1.5 43 29 26 31 88% 268257 27274 70%
c s 140.21  0 31 50 229  1 763084 19794 1.5 43 29 26 31 88% 268245 27274 70%
c - 141.10  0 31 51 232  1 767411 5421 1.5 43 29 26 31 88% 268245 27274 70%
c p 141.13  0 31 51 232  1 767411 5988 1.5 43 29 26 31 88% 268245 27274 70%
c w 141.21  0 31 51 232  1 767411 5911 1.5 43 29 26 31 88% 268245 27274 70%
c W 144.98  0 31 51 235  1 780070 12831 1.5 43 29 26 31 88% 268245 27274 70%
c - 147.69  0 31 52 245  1 798695 5570 1.5 43 29 26 31 88% 268245 27274 70%
c p 147.70  0 31 52 245  1 798695 5937 1.5 43 29 26 31 88% 268245 27274 70%
c w 147.79  0 31 52 245  1 798695 5868 1.5 43 29 26 31 88% 268245 27274 70%
c F 150.84  0 31 52 251  1 820071 16727 1.5 43 30 26 31 88% 268245 27274 70%
c - 152.51  0 31 53 251  1 830611 5514 1.5 43 30 26 31 88% 268245 27274 70%
c p 152.53  0 31 53 251  1 830611 5793 1.5 43 30 26 31 88% 268245 27274 70%
c w 152.61  0 31 53 251  1 830611 5716 1.5 43 30 26 31 88% 268245 27274 70%
c s 156.83  0 31 53 252  1 855428 18878 1.5 44 30 26 31 88% 268244 27274 70%
c s 156.89  0 31 53 252  1 855428 18874 1.5 44 30 26 31 88% 268241 27274 70%
c B 157.87  0 31 53 252  1 861077 21604 1.5 43 30 26 31 88% 268241 27274 70%
c - 158.21  0 31 54 252  1 863159 5598 1.5 43 30 26 31 88% 268241 27274 70%
c p 158.23  0 31 54 252  1 863159 5959 1.5 43 30 26 31 88% 268241 27274 70%
c w 158.33  0 31 54 252  1 863159 5838 1.5 43 30 26 31 88% 268241 27274 70%
c - 164.12  0 31 55 253  1 896341 5824 1.4 43 30 26 31 88% 268241 27274 70%
c
c  seconds   reductions  conflicts        size    tier2         variables
c          MB     restarts     redundant     glue     trail          remaining
c           level      rate         size/glue  tier1    irredundant
c
c p 164.13  0 31 55 253  1 896341 6213 1.4 43 30 26 31 88% 268241 27274 70%
c w 164.25  0 31 55 253  1 896341 6101 1.4 43 30 26 31 88% 268241 27274 70%
c W 167.24  0 31 55 253  1 903079 9833 1.5 43 30 26 31 88% 268241 27274 70%
c - 171.60  0 31 56 253  1 930151 5937 1.4 43 30 26 31 88% 268241 27274 70%
c p 171.61  0 31 56 253  1 930151 6229 1.4 43 30 26 31 88% 268241 27274 70%
c w 171.68  0 31 56 253  1 930151 6198 1.4 43 30 26 31 88% 268241 27274 70%
c # 174.27  0 31 56 254  1 946081 14307 1.4 42 29 26 31 88% 268240 27274 70%
c s 175.62  0 31 56 254  1 954369 18793 1.4 43 29 26 31 88% 268239 27274 70%
c s 175.66  0 31 56 254  1 954369 18787 1.4 43 29 26 31 88% 268239 27274 70%
c - 177.59  0 31 57 254  1 964596 5872 1.4 43 30 26 31 88% 268239 27274 70%
c p 177.61  0 31 57 254  1 964596 6232 1.4 43 30 26 31 88% 268239 27274 70%
c w 178.13  0 31 57 254  1 964596 6183 1.4 43 30 26 31 88% 268239 27274 70%
c B 182.19  0 31 57 254  1 990082 18175 1.4 42 30 26 31 88% 268239 27274 70%
c - 183.81  0 31 58 254  1 999670 5740 1.4 43 30 26 31 88% 268239 27274 70%
c p 183.82  0 31 58 254  1 999670 6199 1.4 43 30 26 31 88% 268239 27274 70%
c w 183.93  0 31 58 254  1 999670 6093 1.4 43 30 26 31 88% 268239 27274 70%
c W 191.34  0 31 58 254  1 1035083 23922 1.4 43 30 26 31 88% 268239 27274 70%
c - 191.41  0 31 59 254  1 1035376 5913 1.4 43 30 26 31 88% 268239 27274 70%
c p 191.43  0 31 59 254  1 1035376 6317 1.4 43 30 26 31 88% 268239 27274 70%
c w 191.55  0 31 59 254  1 1035376 6174 1.4 43 30 26 31 88% 268239 27274 70%
c
c  seconds   reductions   conflicts        size    tier2         variables
c          MB     restarts      redundant     glue     trail          remaining
c           level      rate          size/glue  tier1    irredundant
c
c - 197.63  0 32 60 260  1 1071716 6440 1.5 44 30 26 31 88% 268239 27274 70%
c p 197.65  0 32 60 260  1 1071716 6792 1.5 44 30 26 31 88% 268239 27274 70%
c w 197.76  0 32 60 260  1 1071716 6672 1.5 44 30 26 31 88% 268239 27274 70%
c O 199.18  0 32 60 264  1 1081085 11802 1.5 44 30 26 31 88% 268239 27274 70%
c - 203.40  0 31 61 276  1 1108687 6584 1.4 43 30 26 31 88% 268239 27274 70%
c p 203.42  0 31 61 276  1 1108687 7033 1.4 43 30 26 31 88% 268239 27274 70%
c w 203.53  0 31 61 276  1 1108687 6944 1.4 43 30 26 31 88% 268239 27274 70%
c B 206.59  0 31 61 284  1 1128087 17506 1.4 43 30 26 31 88% 268239 27274 70%
c - 209.54  0 32 62 285  1 1146292 6770 1.4 43 30 26 31 88% 268239 27274 70%
c p 209.56  0 32 62 285  1 1146292 7106 1.4 43 30 26 31 88% 268239 27274 70%
c w 209.66  0 32 62 285  1 1146292 7065 1.4 43 30 26 31 88% 268239 27274 70%
c W 216.93  0 32 62 300  1 1176091 24663 1.4 44 30 26 31 88% 268239 27274 70%
c - 218.49  0 32 63 303  1 1184528 7232 1.4 44 30 26 31 88% 268239 27274 70%
c p 218.51  0 32 63 303  1 1184528 7480 1.4 44 30 26 31 88% 268239 27274 70%
c w 218.64  0 32 63 303  1 1184528 7413 1.4 44 30 26 31 88% 268239 27274 70%
c - 224.82  0 32 64 316  1 1223397 6904 1.4 43 30 26 31 88% 268239 27274 70%
c p 224.84  0 32 64 316  1 1223397 7489 1.4 43 30 26 31 88% 268239 27274 70%
c w 224.94  0 32 64 316  1 1223397 7429 1.4 43 30 26 31 88% 268239 27274 70%
c I 225.28  0 32 64 316  1 1225095 8343 1.4 43 30 26 31 88% 268239 27274 70%
c - 231.59  0 31 65 317  1 1262899 7144 1.4 42 29 26 31 88% 268239 27274 70%
c
c  seconds   reductions   conflicts        size    tier2         variables
c          MB     restarts      redundant     glue     trail          remaining
c           level      rate          size/glue  tier1    irredundant
c
c p 231.60  0 31 65 317  1 1262899 7594 1.4 42 29 26 31 88% 268239 27274 70%
c u 231.64  0 31 65 317  1 1262899 7591 1.4 42 29 26 31 88% 268239 27274 70%
c w 231.70  0 31 65 317  1 1262899 7530 1.4 42 29 26 31 88% 268239 27274 70%
c s 231.75  0 31 65 317  1 1262899 7142 1.4 42 29 26 31 88% 268234 27274 70%
c s 231.79  0 31 65 317  1 1262899 7078 1.4 42 29 26 31 88% 268234 27274 70%
c ^ 231.80  0 31 65 317  1 1262899 7078 1.4 42 29 26 31 88% 268234 27274 70%
c B 233.89  0 30 65 324  1 1275096 14055 1.5 42 29 26 31 88% 268234 27274 70%
c - 238.83  0 29 66 336  1 1303032 6813 1.4 40 28 26 31 88% 268234 27274 70%
c p 238.85  0 29 66 336  1 1303032 7218 1.4 40 28 26 31 88% 268234 27274 70%
c w 238.99  0 29 66 336  1 1303032 7144 1.4 40 28 26 31 88% 268234 27274 70%
c W 245.26  0 29 66 347  1 1326098 18159 1.4 39 27 25 31 88% 268234 27274 70%
c - 248.44  0 28 67 348  1 1343799 6476 1.4 38 27 25 31 88% 268234 27274 70%
c p 248.45  0 28 67 348  1 1343799 6922 1.4 38 27 25 31 88% 268234 27274 70%
c w 248.58  0 28 67 348  1 1343799 6831 1.4 38 27 25 31 88% 268234 27274 70%
c s 253.80  0 27 67 363  1 1375028 20089 1.4 37 26 25 31 88% 268234 27274 70%
c e 253.92  0 27 67 363  1 1375028 20086 1.4 37 26 25 31 88% 268247 27267 70%
c s 253.93  0 27 67 363  1 1375028 19634 1.4 37 26 25 31 88% 268230 27267 70%
c F 254.54  0 27 67 363  1 1378100 21268 1.4 37 26 25 31 88% 268230 27267 70%
c - 255.80  0 28 68 366  1 1385198 6212 1.4 38 27 25 31 88% 268230 27267 70%
c p 255.82  0 28 68 366  1 1385198 6526 1.4 38 27 25 31 88% 268230 27267 70%
c
c  seconds   reductions   conflicts        size    tier2         variables
c          MB     restarts      redundant     glue     trail          remaining
c           level      rate          size/glue  tier1    irredundant
c
c w 256.42  0 28 68 366  1 1385198 6411 1.4 38 27 25 31 88% 268230 27267 70%
c - 262.85  0 30 69 379  1 1427229 7324 1.4 40 28 25 31 88% 268230 27267 70%
c p 262.88  0 30 69 379  1 1427229 7675 1.4 40 28 25 31 88% 268230 27267 70%
c w 262.99  0 30 69 379  1 1427229 7561 1.4 40 28 25 31 88% 268230 27267 70%
c B 263.64  0 30 69 380  1 1431102 10256 1.4 41 28 25 31 88% 268230 27267 70%
c - 269.97  0 30 70 381  1 1469893 7288 1.4 41 29 25 31 88% 268230 27267 70%
c p 269.98  0 30 70 381  1 1469893 7836 1.4 41 29 25 31 88% 268230 27267 70%
c w 270.12  0 30 70 381  1 1469893 7751 1.4 41 29 25 31 88% 268230 27267 70%
c W 275.33  0 30 70 381  1 1485105 15304 1.4 41 29 25 31 88% 268230 27267 70%
c s 276.74  0 31 70 381  1 1493767 18859 1.4 41 29 25 31 88% 268227 27267 70%
c s 276.78  0 31 70 381  1 1493767 18802 1.4 41 29 25 31 88% 268225 27267 70%
c ] 277.47  0 31 70 381  1 1498084 20970 1.4 41 29 25 31 88% 268225 27267 70%
c ? 277.47  0 31 70 381  1 1498084 20970 1.4 41 29 25 31 88% 268225 27267 70%
c
c --- [ result ] -------------------------------------------------------------
c
c writing result to 'search-results/cadical-complete-cover-20260902/anchor-000-p1-s0.result'
c
c --- [ run-time profiling ] -------------------------------------------------
c
c process time taken by individual solving procedures
c (percentage relative to process time for solving)
c
c       267.73   96.50% search
c       246.46   88.84% stable
c        21.23    7.65% walk
c         9.70    3.50% simplify
c         3.26    1.17% vivify
c         1.96    0.71% sweep
c         1.10    0.40% elim
c         0.98    0.35% backbone
c         0.51    0.18% subsume
c         0.31    0.11% probe
c         0.26    0.10% congruence
c         0.26    0.10% ternary
c         0.04    0.01% lucky
c         0.04    0.01% parse
c   =================================
c       277.43   99.99% solve
c
c last line shows process time for solving
c (percentage relative to total process time)
c
c --- [ statistics ] ---------------------------------------------------------
c
c chronological:            182555        12.19 %  of conflicts
c conflicts:               1498084      5399.86    per second
c backbone:               77917210    200085.28 %  of vars
c decisions:               1636523      5898.87    per second
c eliminated:                 2819         7.24 %  of all variables
c fixed:                      8856        22.74 %  of all variables
c learned:                 1475362        98.48 %  per conflict
c learned_lits:          757753744       100.00 %  learned literals
c minimized:                     0         0.00 %  learned literals
c shrunken:              690171365        91.08 %  learned literals
c minishrunken:            4183876         0.55 %  learned literals
c otfs:                        594         0.04 %  of conflict
c propagations:          811869005         2.93 M  per second
c reduced:                  779584        52.04 %  per conflict
c rephased:                     54     27742.30    interval
c restarts:                    381      3931.98    interval
c subsumed:                 672455        37.42 %  of all clauses
c strengthened:              45730         2.54 %  of all clauses
c ticks:               10978998961        18.16    propagation
c vivified:                   3031         0.17 %  of all clauses
c walked:                       18     83226.89    interval
c weakened:                  13505         7.06    average size
c congruence:                   11    136189.45    interval
c
c seconds are measured in process time for solving
c
c --- [ glue usage ] ---------------------------------------------------------
c
c focused glue 2 used 0 clauses 0.000% accumulated 0.000% tier1
c focused glue 3 used 0 clauses 0.000% accumulated 0.000%
c focused glue 4 used 0 clauses 0.000% accumulated 0.000%
c focused glue 5 used 0 clauses 0.000% accumulated 0.000%
c focused glue 6 used 0 clauses 0.000% accumulated 0.000% tier2
c
c stable glue 25 used 278983 clauses 5.996% accumulated 52.45% tier1
c stable glue 26 used 282653 clauses 6.075% accumulated 58.52%
c stable glue 27-29 used 811753 clauses 17.44% accumulated 75.97%
c stable glue 30 used 260391 clauses 5.596% accumulated 81.57%
c stable glue 31 used 242204 clauses 5.206% accumulated 86.78% tier2
c
c
c --- [ resources ] ----------------------------------------------------------
c
c total process time since initialization:       277.47    seconds
c total real time since initialization:          300.01    seconds
c maximum resident set size of process:          187.91    MB
c
c --- [ shutting down ] ------------------------------------------------------
c
c exit 0
