c --- [ banner ] -------------------------------------------------------------
c
c CaDiCaL SAT Solver
c Copyright (c) 2016-2026
c A. Biere, M. Fleury, N. Froleyks, K. Fazekas, F. Pollitt, T. Faller
c JKU Linz, University of Freiburg, TU Wien
c
c Version 3.0.1 c60730422e758ef1cebe7aeddf2dda31c996bf04
c Apple clang version 21.0.0 (clang-2100.1.1.101) -Wall -Wextra -O3 -DNDEBUG -DNCLOSEFROM
c Tue Sep 1 21:08:57 PDT 2026 Darwin retained-runner 25.6.0 arm64
c
c --- [ limit ] --------------------------------------------------------------
c
c setting time limit to 300 seconds real time (due to '-t 300')
c
c --- [ parsing input ] ------------------------------------------------------
c
c reading DIMACS file from 'search-results/cadical-complete-cover-20260902/cnf/anchor-002-p1-s0.cnf'
c opening file to read 'search-results/cadical-complete-cover-20260902/cnf/anchor-002-p1-s0.cnf'
c found 'p cnf 38942 364405' header
c parsed 364405 clauses in 0.04 seconds process time
c
c --- [ options ] ------------------------------------------------------------
c
c   --elimeffort=10                (different from default '1e3')
c   --stabilizeonly=true           (different from default 'false')
c   --subsumeeffort=60             (different from default '1e3')
c
c --- [ solving ] ------------------------------------------------------------
c
c time measured in process time since initialization
c
c  seconds  reduction conflicts       size tier2        variables
c         MB    restarts   redundant    glue  trail          remaining
c          level     rate       size/glu tier1  irredundant
c
c *  0.04  0  0 0   0  0    0    0 0.0 0 0 2 6  0% 289741 30016 77%
c )  0.07  0  0 0   0  0    0    0 0.0 0 0 2 6  0% 289741 30016 77%
c [  0.09  0  0 0   0  0    0    0 0.0 0 0 2 6  0% 289741 30016 77%
c -  0.16  0 39 1   0  1  303   39 1.3 47 36 2 6 98% 274686 30016 77%
c -  0.25  0 38 2   0  2  928  253 1.2 35 29 2 6 97% 274686 30016 77%
c I  0.25  0 38 2   0  2 1002  308 1.2 34 29 2 6 97% 274686 30016 77%
c -  0.46  0 38 3   1  1 2025  356 1.2 40 33 2 6 95% 274686 30016 77%
c B  0.72  0 39 3   2  1 3003  764 1.2 42 35 2 6 93% 274686 30016 77%
c -  0.81  0 38 4   2  1 3643  577 1.3 43 34 2 6 96% 274686 30016 77%
c -  1.11  0 38 5   4  1 5814  872 1.2 41 33 35 38 96% 274686 30016 77%
c W  1.21  0 38 5   4  1 6006  989 1.2 41 33 35 38 96% 274686 30016 77%
c s  1.29  0 38 5   5  1 6543 1197 1.2 42 33 35 38 96% 274686 30016 77%
c t  1.30  0 38 5   5  1 6543 1195 1.2 42 33 35 38 96% 274686 30016 77%
c e  1.52  0 38 5   5  1 6543  547 1.2 42 33 35 38 96% 268889 27395 70%
c s  1.54  0 38 5   5  1 6543  542 1.2 42 33 35 38 96% 268797 27395 70%
c e  1.63  0 38 5   5  1 6543  538 1.2 42 33 35 38 96% 268522 27332 70%
c 2  1.85  0 38 5   5  1 8089 1417 1.2 42 34 34 38 94% 268522 27332 70%
c -  2.02  0 38 6   6  1 8556  660 1.2 42 34 34 38 94% 268522 27332 70%
c F  2.21  0 37 6   6  1 10007 1358 1.2 42 34 34 37 93% 268522 27332 70%
c -  2.53  0 37 7   6  1 11860  888 1.3 43 34 34 37 92% 268522 27332 70%
c
c  seconds  reductions conflicts       size    tier2         variables
c         MB    restarts    redundant     glue     trail          remaining
c          level     rate        size/glue  tier1    irredundant
c
c B  3.10  0 37 7   9  1 15010 2571 1.3 44 34 33 36 91% 268522 27332 70%
c -  3.22  0 37 8   9  1 15750 1017 1.3 44 34 33 36 90% 268522 27332 70%
c s  3.98  0 36 8  12  1 19730 2653 1.3 44 34 33 36 90% 268434 27332 70%
c e  4.05  0 36 8  12  1 19730 2651 1.3 44 34 33 36 90% 268329 27301 70%
c s  4.08  0 36 8  12  1 19730 2626 1.3 44 34 33 36 90% 268246 27301 70%
c e  4.10  0 36 8  12  1 19730 2617 1.3 44 34 33 36 90% 268210 27289 70%
c -  4.21  0 36 9  12  1 20233 1023 1.3 44 34 33 36 90% 268210 27289 70%
c u  4.24  0 36 9  12  1 20233 1016 1.3 44 34 33 36 90% 268210 27289 70%
c w  4.24  0 36 9  12  1 20233 1009 1.3 44 34 33 36 90% 268210 27289 70%
c W  4.62  0 36 9  13  1 21012 1402 1.3 44 34 33 36 90% 268210 27289 70%
c -  5.45  0 36 10  14  1 25314 1224 1.3 45 34 33 36 90% 268210 27289 70%
c #  5.98  0 35 10  14  1 28015 2684 1.3 45 33 33 36 90% 268210 27289 70%
c -  6.59  0 36 11  14  1 30996 1411 1.3 45 33 33 36 89% 268210 27289 70%
c B  7.46  0 36 11  17  1 36018 4124 1.3 45 33 33 36 89% 268210 27289 70%
c -  7.68  0 36 12  17  1 37284 1551 1.3 45 33 33 36 89% 268210 27289 70%
c s  8.17  0 35 12  20  1 39513 2716 1.4 45 33 32 35 89% 268109 27289 70%
c e  8.21  0 35 12  20  1 39513 2716 1.4 45 33 32 35 89% 268107 27288 70%
c s  8.23  0 35 12  20  1 39513 2711 1.4 45 33 32 35 89% 268091 27288 70%
c e  8.25  0 35 12  20  1 39513 2710 1.4 45 33 32 35 89% 268070 27283 70%
c -  9.03  0 35 13  21  1 44179 1575 1.4 45 33 32 35 89% 268070 27283 70%
c
c  seconds  reductions  conflicts       size    tier2         variables
c         MB     restarts    redundant     glue     trail          remaining
c          level      rate        size/glue  tier1    irredundant
c
c u  9.07  0 35 13  21  1 44179 1565 1.4 45 33 32 35 89% 268070 27283 70%
c w  9.09  0 35 13  21  1 44179 1546 1.4 45 33 32 35 89% 268070 27283 70%
c W  9.49  0 35 13  21  1 45019 2018 1.4 45 33 32 35 89% 268070 27283 70%
c - 10.54  0 34 14  26  1 51686 1617 1.4 45 33 32 35 89% 268070 27283 70%
c O 11.11  0 34 14  28  1 55021 3290 1.4 45 33 32 35 89% 268070 27283 70%
c - 11.94  0 34 15  29  1 59802 1925 1.4 45 32 32 35 89% 268070 27283 70%
c p 11.94  0 34 15  29  1 59802 1926 1.4 45 32 32 35 89% 268070 27283 70%
c s 13.00  0 34 15  29  1 65886 5139 1.4 44 32 32 35 89% 268046 27283 70%
c s 13.04  0 34 15  29  1 65886 5092 1.4 44 32 32 35 89% 268041 27283 70%
c e 13.05  0 34 15  29  1 65886 5084 1.4 44 32 32 35 89% 268028 27278 70%
c B 13.10  0 34 15  29  1 66022 5139 1.4 44 32 32 35 89% 268028 27278 70%
c - 13.54  0 34 16  30  1 68534 1954 1.4 44 32 32 35 89% 268028 27278 70%
c p 13.55  0 34 16  30  1 68534 1980 1.4 44 32 32 35 89% 268028 27278 70%
c w 13.59  0 34 16  30  1 68534 1967 1.4 44 32 32 35 89% 268028 27278 70%
c - 15.08  0 34 17  30  1 77883 2028 1.4 44 32 29 34 89% 268028 27278 70%
c p 15.10  0 34 17  30  1 77883 2042 1.4 44 32 29 34 89% 268028 27278 70%
c W 15.79  0 34 17  30  1 78023 2125 1.4 44 32 29 34 89% 268028 27278 70%
c - 17.41  0 34 18  34  1 87846 2180 1.4 44 32 29 34 89% 268028 27278 70%
c p 17.42  0 34 18  34  1 87846 2209 1.4 44 32 29 34 89% 268028 27278 70%
c u 17.46  0 34 18  34  1 87846 2209 1.4 44 32 29 34 89% 268028 27278 70%
c
c  seconds  reductions  conflicts       size    tier2         variables
c         MB     restarts    redundant     glue     trail          remaining
c          level      rate        size/glue  tier1    irredundant
c
c w 17.48  0 34 18  34  1 87846 2200 1.4 44 32 29 34 89% 268028 27278 70%
c I 18.02  0 34 18  36  1 91024 4111 1.4 45 32 29 34 89% 268028 27278 70%
c - 19.44  0 33 19  40  1 98428 2492 1.4 45 31 29 34 89% 268028 27278 70%
c p 19.45  0 33 19  40  1 98428 2543 1.4 45 31 29 34 89% 268028 27278 70%
c s 19.54  0 33 19  40  1 98853 2448 1.4 45 31 29 34 89% 268016 27278 70%
c e 19.56  0 33 19  40  1 98853 2448 1.4 45 31 29 34 89% 268011 27276 70%
c s 19.58  0 33 19  40  1 98853 2375 1.4 45 31 29 34 89% 268001 27276 70%
c e 19.60  0 33 19  40  1 98853 2375 1.4 45 31 29 34 89% 267992 27273 70%
c B 20.65  0 33 19  44  1 105025 5832 1.4 44 31 29 34 89% 267992 27273 70%
c - 21.50  0 33 20  45  1 109629 2723 1.5 46 31 29 34 89% 267992 27273 70%
c p 21.51  0 33 20  45  1 109629 2775 1.5 46 31 29 34 89% 267992 27273 70%
c w 21.56  0 33 20  45  1 109629 2762 1.5 46 31 29 34 89% 267992 27273 70%
c W 23.93  0 33 20  48  1 120027 8760 1.5 46 31 29 34 89% 267992 27273 70%
c - 24.19  0 33 21  49  1 121450 2665 1.5 46 31 29 34 89% 267992 27273 70%
c p 24.20  0 33 21  49  1 121450 2716 1.5 46 31 29 34 89% 267992 27273 70%
c - 26.37  0 33 22  56  1 133891 2695 1.5 47 32 29 34 89% 267992 27273 70%
c p 26.38  0 33 22  56  1 133891 2749 1.5 47 32 29 34 89% 267992 27273 70%
c w 26.42  0 33 22  56  1 133891 2737 1.5 47 32 29 34 89% 267992 27273 70%
c F 26.87  0 33 22  58  1 136028 3880 1.5 47 32 29 34 89% 267992 27273 70%
c s 27.26  0 33 22  59  1 138414 4897 1.5 47 32 28 34 89% 267986 27273 70%
c
c  seconds  reductions  conflicts        size    tier2         variables
c         MB     restarts     redundant     glue     trail          remaining
c          level      rate         size/glue  tier1    irredundant
c
c e 27.29  0 33 22  59  1 138414 4897 1.5 47 32 28 34 89% 267982 27271 70%
c s 27.30  0 33 22  59  1 138414 4893 1.5 47 32 28 34 89% 267979 27271 70%
c e 27.31  0 33 22  59  1 138414 4893 1.5 47 32 28 34 89% 267968 27267 70%
c - 28.72  0 33 23  60  1 146955 2575 1.5 46 32 28 34 89% 267968 27267 70%
c p 28.73  0 33 23  60  1 146955 2647 1.5 46 32 28 34 89% 267968 27267 70%
c B 29.80  0 33 23  61  1 153029 6125 1.5 46 32 28 34 88% 267968 27267 70%
c - 31.04  0 34 24  61  1 160640 2866 1.5 46 32 28 34 88% 267968 27267 70%
c p 31.04  0 34 24  61  1 160640 2948 1.5 46 32 28 34 88% 267968 27267 70%
c w 31.11  0 34 24  61  1 160640 2918 1.5 46 32 28 34 88% 267968 27267 70%
c W 33.39  0 34 24  62  1 171030 8337 1.4 46 32 28 34 88% 267968 27267 70%
c - 33.98  0 34 25  62  1 174947 2884 1.4 46 32 28 34 88% 267968 27267 70%
c p 33.99  0 34 25  62  1 174947 2974 1.4 46 32 28 34 88% 267968 27267 70%
c s 35.61  0 34 25  62  1 184570 8182 1.4 46 32 28 34 88% 267964 27267 70%
c e 35.64  0 34 25  62  1 184570 8182 1.4 46 32 28 34 88% 267960 27265 70%
c s 35.65  0 34 25  62  1 184570 8173 1.4 46 32 28 34 88% 267958 27265 70%
c e 35.68  0 34 25  62  1 184570 8173 1.4 46 32 28 34 88% 267955 27264 70%
c - 36.57  0 34 26  62  1 189881 3010 1.4 46 32 28 34 88% 267955 27264 70%
c p 36.58  0 34 26  62  1 189881 3229 1.4 46 32 28 34 88% 267955 27264 70%
c w 36.65  0 34 26  62  1 189881 3199 1.4 46 32 28 34 88% 267955 27264 70%
c # 36.67  0 34 26  62  1 190031 3283 1.4 46 32 28 34 88% 267955 27264 70%
c
c  seconds  reductions  conflicts        size    tier2         variables
c         MB     restarts     redundant     glue     trail          remaining
c          level      rate         size/glue  tier1    irredundant
c
c - 39.02  0 33 27  67  1 205436 3198 1.4 46 32 28 33 88% 267955 27264 70%
c p 39.03  0 33 27  67  1 205436 3367 1.4 46 32 28 33 88% 267955 27264 70%
c B 39.78  0 33 27  69  1 210032 5764 1.4 46 32 28 33 88% 267955 27264 70%
c - 41.76  0 33 28  76  1 221617 3234 1.4 46 32 28 33 88% 267955 27264 70%
c p 41.77  0 33 28  76  1 221617 3414 1.4 46 32 28 33 88% 267955 27264 70%
c w 41.84  0 33 28  76  1 221617 3378 1.4 46 32 28 33 88% 267955 27264 70%
c W 44.29  0 33 28  77  1 231033 8369 1.4 45 32 28 33 88% 267955 27264 70%
c s 45.28  0 33 28  81  1 237321 11742 1.4 45 32 28 33 88% 267953 27264 70%
c e 45.31  0 33 28  81  1 237321 11742 1.4 45 32 28 33 88% 267950 27263 70%
c s 45.32  0 33 28  81  1 237321 11739 1.4 45 32 28 33 88% 267950 27263 70%
c e 45.33  0 33 28  81  1 237321 11739 1.4 45 32 28 33 88% 267948 27262 70%
c - 45.54  0 33 29  82  1 238423 3314 1.4 45 32 28 33 88% 267948 27262 70%
c p 45.55  0 33 29  82  1 238423 3475 1.4 45 32 28 33 88% 267948 27262 70%
c O 47.78  0 33 29  90  1 253034 10484 1.4 44 32 28 33 88% 267948 27262 70%
c - 48.30  0 33 30  91  1 255856 3244 1.4 44 31 28 33 88% 267948 27262 70%
c p 48.30  0 33 30  91  1 255856 3431 1.4 44 31 28 33 88% 267948 27262 70%
c w 48.57  0 33 30  91  1 255856 3419 1.4 44 31 28 33 88% 267948 27262 70%
c - 51.49  0 32 31  93  1 273913 3602 1.4 43 31 28 33 88% 267947 27262 70%
c p 51.50  0 32 31  93  1 273913 3791 1.4 43 31 28 33 88% 267947 27262 70%
c w 51.56  0 32 31  93  1 273913 3774 1.4 43 31 28 33 88% 267947 27262 70%
c
c  seconds  reductions  conflicts        size    tier2         variables
c         MB     restarts     redundant     glue     trail          remaining
c          level      rate         size/glue  tier1    irredundant
c
c B 51.92  0 32 31  93  1 276035 4870 1.4 43 31 28 33 88% 267947 27262 70%
c - 54.81  0 33 32 100  1 292601 4127 1.4 44 31 28 33 88% 267947 27262 70%
c p 54.81  0 33 32 100  1 292601 4343 1.4 44 31 28 33 88% 267947 27262 70%
c w 54.87  0 33 32 100  1 292601 4323 1.4 44 31 28 33 88% 267947 27262 70%
c s 55.57  0 33 32 102  1 296668 6627 1.4 44 31 28 33 88% 267946 27262 70%
c s 55.60  0 33 32 102  1 296668 6617 1.4 44 31 28 33 88% 267946 27262 70%
c e 55.62  0 33 32 102  1 296668 6617 1.4 44 31 28 33 88% 267944 27261 70%
c W 57.32  0 33 32 104  1 300039 8431 1.4 44 31 28 33 88% 267944 27261 70%
c - 59.28  0 33 33 108  1 311912 3763 1.4 43 31 28 33 88% 267944 27261 70%
c p 59.29  0 33 33 108  1 311912 3948 1.4 43 31 28 33 88% 267944 27261 70%
c w 59.37  0 33 33 108  1 311912 3919 1.4 43 31 28 33 88% 267944 27261 70%
c I 61.67  0 32 33 115  1 325040 10915 1.4 43 31 28 33 88% 267944 27261 70%
c - 62.88  0 32 34 118  1 331850 3905 1.4 43 30 28 33 88% 267944 27261 70%
c p 62.89  0 32 34 118  1 331850 4095 1.4 43 30 28 33 88% 267944 27261 70%
c w 62.95  0 32 34 118  1 331850 4064 1.4 43 30 28 33 88% 267944 27261 70%
c B 66.35  0 32 34 124  1 351042 16063 1.5 45 30 27 33 88% 267944 27261 70%
c - 66.59  0 32 35 124  1 352416 4396 1.5 45 30 27 33 88% 267944 27261 70%
c p 66.60  0 32 35 124  1 352416 4541 1.5 45 30 27 33 88% 267944 27261 70%
c w 66.66  0 32 35 124  1 352416 4521 1.5 45 30 27 33 88% 267944 27261 70%
c s 68.33  0 32 35 124  1 362610 10193 1.5 45 31 27 33 88% 267943 27261 70%
c
c  seconds  reductions  conflicts         size    tier2         variables
c         MB     restarts      redundant     glue     trail          remaining
c          level      rate          size/glue  tier1    irredundant
c
c s 68.37  0 32 35 124  1 362610 10184 1.5 45 31 27 33 88% 267943 27261 70%
c - 70.31  0 33 36 125  1 373609 4220 1.5 46 31 27 33 88% 267943 27261 70%
c p 70.32  0 33 36 125  1 373609 4448 1.5 46 31 27 33 88% 267943 27261 70%
c w 70.38  0 33 36 125  1 373609 4417 1.5 46 31 27 33 88% 267943 27261 70%
c W 71.93  0 33 36 125  1 378045 6599 1.5 46 31 27 33 88% 267943 27261 70%
c - 74.53  0 33 37 125  1 395429 3823 1.5 46 31 27 33 88% 267943 27261 70%
c p 74.55  0 33 37 125  1 395429 4115 1.5 46 31 27 33 88% 267943 27261 70%
c w 74.61  0 33 37 125  1 395429 4095 1.5 46 31 27 33 88% 267943 27261 70%
c F 76.27  0 33 37 126  1 406046 10626 1.5 46 31 27 33 88% 267943 27261 70%
c - 78.37  0 33 38 126  1 417877 4377 1.5 46 31 27 33 88% 267943 27261 70%
c p 78.39  0 33 38 126  1 417877 4635 1.5 46 31 27 33 88% 267943 27261 70%
c w 78.71  0 33 38 126  1 417877 4622 1.5 46 31 27 33 88% 267943 27261 70%
c B 81.49  0 33 38 126  1 435047 13333 1.5 46 31 27 33 88% 267943 27261 70%
c - 82.48  0 33 39 126  1 440954 4118 1.5 46 32 27 33 88% 267943 27261 70%
c p 82.50  0 33 39 126  1 440954 4362 1.5 46 32 27 33 88% 267943 27261 70%
c w 82.57  0 33 39 126  1 440954 4348 1.5 46 32 27 33 88% 267943 27261 70%
c - 86.48  0 33 40 126  1 464660 4150 1.5 46 32 27 33 88% 267943 27261 70%
c p 86.49  0 33 40 126  1 464660 4375 1.5 46 32 27 33 88% 267943 27261 70%
c w 86.54  0 33 40 126  1 464660 4360 1.5 46 32 27 33 88% 267943 27261 70%
c W 87.92  0 33 40 126  1 465051 4588 1.5 46 32 27 33 88% 267943 27261 70%
c
c  seconds  reductions  conflicts        size    tier2         variables
c         MB     restarts     redundant     glue     trail          remaining
c          level      rate         size/glue  tier1    irredundant
c
c - 91.58  0 33 41 140  1 488995 4423 1.5 46 32 27 33 88% 267943 27261 70%
c p 91.60  0 33 41 140  1 488995 4685 1.5 46 32 27 33 88% 267943 27261 70%
c w 91.66  0 33 41 140  1 488995 4670 1.5 46 32 27 33 88% 267943 27261 70%
c s 91.69  0 33 41 140  1 488995 4645 1.5 46 32 27 33 88% 267941 27261 70%
c s 91.72  0 33 41 140  1 488995 4639 1.5 46 32 27 33 88% 267941 27261 70%
c # 92.89  0 33 41 141  1 496052 8726 1.5 46 31 27 33 88% 267941 27261 70%
c - 95.98  0 33 42 151  1 513961 4611 1.5 46 31 27 33 88% 267941 27261 70%
c p 95.99  0 33 42 151  1 513961 4864 1.5 46 31 27 33 88% 267941 27261 70%
c w 96.06  0 33 42 151  1 513961 4841 1.5 46 31 27 33 88% 267941 27261 70%
c B 98.58  0 33 42 156  1 528053 11990 1.5 46 31 27 33 88% 267941 27261 70%
c - 100.54  0 33 43 157  1 539554 4452 1.5 47 31 27 33 88% 267941 27261 70%
c p 100.56  0 33 43 157  1 539554 4666 1.5 47 31 27 33 88% 267941 27261 70%
c w 100.62  0 33 43 157  1 539554 4648 1.5 47 31 27 33 88% 267941 27261 70%
c W 105.40  0 33 43 164  1 561054 15810 1.5 47 32 27 33 88% 267941 27261 70%
c - 106.22  0 33 44 168  1 565778 4602 1.5 47 32 27 33 88% 267941 27261 70%
c p 106.22  0 33 44 168  1 565778 4758 1.5 47 32 27 33 88% 267941 27261 70%
c w 106.30  0 33 44 168  1 565778 4736 1.5 47 32 27 33 88% 267941 27261 70%
c - 110.62  0 33 45 179  1 592630 5145 1.5 48 32 27 33 88% 267941 27261 70%
c p 110.63  0 33 45 179  1 592630 5506 1.5 48 32 27 33 88% 267941 27261 70%
c w 110.72  0 33 45 179  1 592630 5482 1.5 48 32 27 33 88% 267941 27261 70%
c
c  seconds   reductions  conflicts        size    tier2         variables
c          MB     restarts     redundant     glue     trail          remaining
c           level      rate         size/glue  tier1    irredundant
c
c O 111.15  0 33 45 180  1 595055 6982 1.5 48 32 27 33 88% 267941 27261 70%
c - 115.25  0 33 46 188  1 620114 4979 1.5 46 31 27 33 88% 267941 27261 70%
c p 115.27  0 33 46 188  1 620114 5338 1.5 46 31 27 33 88% 267941 27261 70%
c w 115.36  0 33 46 188  1 620114 5302 1.5 46 31 27 33 88% 267941 27261 70%
c B 116.92  0 33 46 188  1 630057 11511 1.5 46 31 27 33 88% 267941 27261 70%
c - 119.89  0 33 47 189  1 648227 5463 1.5 47 32 27 33 88% 267941 27261 70%
c p 119.91  0 33 47 189  1 648227 5752 1.5 47 32 27 33 88% 267941 27261 70%
c w 120.31  0 33 47 189  1 648227 5733 1.5 47 32 27 33 88% 267941 27261 70%
c W 124.66  0 33 47 190  1 666060 15120 1.5 47 32 27 33 88% 267941 27261 70%
c - 126.26  0 33 48 196  1 676971 5146 1.5 47 32 27 33 88% 267941 27261 70%
c p 126.27  0 33 48 196  1 676971 5368 1.5 47 32 27 33 88% 267941 27261 70%
c w 126.33  0 33 48 196  1 676971 5362 1.5 47 32 27 33 88% 267941 27261 70%
c s 126.36  0 33 48 196  1 676971 5322 1.5 47 32 27 33 88% 267938 27261 70%
c s 126.39  0 33 48 196  1 676971 5312 1.5 47 32 27 33 88% 267938 27261 70%
c I 130.40  0 34 48 208  1 703061 19733 1.5 47 32 27 33 88% 267938 27261 70%
c - 131.09  0 33 49 210  1 706347 5331 1.5 47 32 27 33 88% 267938 27261 70%
c p 131.11  0 33 49 210  1 706347 5652 1.5 47 32 27 33 88% 267938 27261 70%
c w 131.20  0 33 49 210  1 706347 5627 1.5 47 32 27 33 88% 267938 27261 70%
c - 136.79  0 32 50 220  1 736354 5015 1.5 45 31 27 33 88% 267938 27261 70%
c p 136.81  0 32 50 220  1 736354 5260 1.5 45 31 27 33 88% 267938 27261 70%
c
c  seconds   reductions  conflicts        size    tier2         variables
c          MB     restarts     redundant     glue     trail          remaining
c           level      rate         size/glue  tier1    irredundant
c
c w 136.91  0 32 50 220  1 736354 5227 1.5 45 31 27 33 88% 267938 27261 70%
c B 137.71  0 32 50 220  1 741062 7608 1.5 45 31 27 33 88% 267938 27261 70%
c - 142.42  0 31 51 232  1 766988 5029 1.5 43 30 27 33 88% 267938 27261 70%
c p 142.44  0 31 51 232  1 766988 5247 1.5 43 30 27 33 88% 267938 27261 70%
c w 142.54  0 31 51 232  1 766988 5207 1.5 43 30 27 33 88% 267938 27261 70%
c W 146.35  0 31 51 235  1 780063 13247 1.5 44 29 27 33 88% 267938 27261 70%
c - 149.38  0 31 52 245  1 798254 5656 1.5 44 30 27 32 88% 267938 27261 70%
c p 149.40  0 31 52 245  1 798254 6023 1.5 44 30 27 32 88% 267938 27261 70%
c w 149.49  0 31 52 245  1 798254 5976 1.5 44 30 27 32 88% 267938 27261 70%
c F 153.22  0 32 52 251  1 820067 16785 1.5 44 30 27 32 88% 267938 27261 70%
c - 154.99  0 32 53 251  1 830150 5475 1.5 44 30 27 32 88% 267938 27261 70%
c p 155.01  0 32 53 251  1 830150 5866 1.5 44 30 27 32 88% 267938 27261 70%
c w 155.10  0 32 53 251  1 830150 5810 1.5 44 30 27 32 88% 267938 27261 70%
c B 160.22  0 32 53 252  1 861070 21494 1.5 44 30 27 32 88% 267938 27261 70%
c - 160.51  0 32 54 252  1 862677 5506 1.5 44 30 27 32 88% 267938 27261 70%
c p 160.52  0 32 54 252  1 862677 5849 1.5 44 30 27 32 88% 267938 27261 70%
c w 160.60  0 32 54 252  1 862677 5822 1.5 44 30 27 32 88% 267938 27261 70%
c - 166.66  0 32 55 253  1 895835 5774 1.5 44 30 27 32 88% 267938 27261 70%
c p 166.68  0 32 55 253  1 895835 6107 1.5 44 30 27 32 88% 267938 27261 70%
c w 166.77  0 32 55 253  1 895835 6084 1.5 44 30 27 32 88% 267938 27261 70%
c
c  seconds   reductions  conflicts         size    tier2         variables
c          MB     restarts      redundant     glue     trail          remaining
c           level      rate          size/glue  tier1    irredundant
c
c W 169.94  0 32 55 253  1 903071 10080 1.5 44 30 27 32 88% 267938 27261 70%
c - 174.65  0 31 56 253  1 929626 5612 1.4 44 30 27 32 88% 267938 27261 70%
c p 174.68  0 31 56 253  1 929626 5962 1.4 44 30 27 32 88% 267938 27261 70%
c w 174.77  0 31 56 253  1 929626 5936 1.4 44 30 27 32 88% 267938 27261 70%
c s 174.82  0 31 56 253  1 929626 4221 1.4 44 30 27 32 88% 267934 27261 70%
c s 174.86  0 31 56 253  1 929626 4214 1.4 44 30 27 32 88% 267934 27261 70%
c ^ 174.86  0 31 56 253  1 929626 4214 1.4 44 30 27 32 88% 267934 27261 70%
c # 177.76  0 31 56 254  1 946072 12893 1.4 44 30 27 32 88% 267934 27261 70%
c - 181.00  0 32 57 254  1 964047 5593 1.4 44 30 27 32 88% 267934 27261 70%
c p 181.02  0 32 57 254  1 964047 5878 1.4 44 30 27 32 88% 267934 27261 70%
c w 181.53  0 32 57 254  1 964047 5813 1.4 44 30 27 32 88% 267934 27261 70%
c B 185.75  0 32 57 254  1 990081 19183 1.4 44 31 27 32 88% 267934 27261 70%
c - 187.47  0 32 58 254  1 999100 5864 1.4 44 31 27 32 88% 267934 27261 70%
c p 187.49  0 32 58 254  1 999100 6056 1.4 44 31 27 32 88% 267934 27261 70%
c w 187.59  0 32 58 254  1 999100 6021 1.4 44 31 27 32 88% 267934 27261 70%
c s 191.82  0 32 58 254  1 1021942 17542 1.4 43 31 27 32 88% 267934 27261 70%
c s 191.93  0 32 58 254  1 1021942 17523 1.4 43 31 27 32 88% 267934 27261 70%
c ^ 191.94  0 32 58 254  1 1021942 17523 1.4 43 31 27 32 88% 267934 27261 70%
c - 194.49  0 32 59 254  1 1034783 6003 1.4 43 30 27 32 88% 267934 27261 70%
c p 194.51  0 32 59 254  1 1034783 6493 1.4 43 30 27 32 88% 267934 27261 70%
c
c  seconds   reductions   conflicts        size    tier2         variables
c          MB     restarts      redundant     glue     trail          remaining
c           level      rate          size/glue  tier1    irredundant
c
c w 194.60  0 32 59 254  1 1034783 6452 1.4 43 30 27 32 88% 267934 27261 70%
c W 196.07  0 32 59 254  1 1035084 6604 1.4 43 30 27 32 88% 267934 27261 70%
c - 202.09  0 32 60 260  1 1071100 6111 1.4 43 30 27 32 88% 267934 27261 70%
c p 202.11  0 32 60 260  1 1071100 6546 1.4 43 30 27 32 88% 267934 27261 70%
c w 202.21  0 32 60 260  1 1071100 6483 1.4 43 30 27 32 88% 267934 27261 70%
c O 203.98  0 31 60 265  1 1081086 11469 1.4 42 30 27 32 88% 267934 27261 70%
c - 208.51  0 31 61 276  1 1108047 6363 1.4 41 30 27 32 88% 267934 27261 70%
c p 208.54  0 31 61 276  1 1108047 6704 1.4 41 30 27 32 88% 267934 27261 70%
c w 208.66  0 31 61 276  1 1108047 6630 1.4 41 30 27 32 88% 267934 27261 70%
c s 210.87  0 31 61 283  1 1120852 12923 1.4 41 30 26 32 88% 267934 27261 70%
c e 210.99  0 31 61 283  1 1120852 12909 1.4 41 30 26 32 88% 267946 27254 70%
c s 211.00  0 31 61 283  1 1120852 12893 1.4 41 30 26 32 88% 267940 27254 70%
c B 212.27  0 31 61 284  1 1128087 16324 1.4 41 29 26 32 88% 267940 27254 70%
c - 215.39  0 31 62 285  1 1145628 6458 1.4 41 30 26 32 88% 267940 27254 70%
c p 215.41  0 31 62 285  1 1145628 6875 1.4 41 30 26 32 88% 267940 27254 70%
c w 215.51  0 31 62 285  1 1145628 6814 1.4 41 30 26 32 88% 267940 27254 70%
c W 223.03  0 31 62 300  1 1176091 21859 1.4 41 29 26 32 88% 267940 27254 70%
c - 224.24  0 31 63 303  1 1183840 6482 1.4 41 30 26 32 88% 267940 27254 70%
c p 224.26  0 31 63 303  1 1183840 6775 1.4 41 30 26 32 88% 267940 27254 70%
c w 224.37  0 31 63 303  1 1183840 6715 1.4 41 30 26 32 88% 267940 27254 70%
c
c  seconds   reductions   conflicts        size    tier2         variables
c          MB     restarts      redundant     glue     trail          remaining
c           level      rate          size/glue  tier1    irredundant
c
c - 231.14  0 32 64 316  1 1222685 7288 1.4 43 30 26 32 88% 267940 27254 70%
c p 231.16  0 32 64 316  1 1222685 7560 1.4 43 30 26 32 88% 267940 27254 70%
c w 231.26  0 32 64 316  1 1222685 7535 1.4 43 30 26 32 88% 267940 27254 70%
c I 231.67  0 32 64 316  1 1225093 8852 1.4 44 30 26 32 88% 267940 27254 70%
c s 231.94  0 32 64 316  1 1226368 9348 1.4 43 30 26 32 88% 267938 27254 70%
c s 231.98  0 32 64 316  1 1226368 9317 1.4 43 30 26 32 88% 267938 27254 70%
c - 238.28  0 31 65 317  1 1262160 6822 1.4 42 29 26 32 88% 267938 27254 70%
c p 238.30  0 31 65 317  1 1262160 7351 1.4 42 29 26 32 88% 267938 27254 70%
c w 238.39  0 31 65 317  1 1262160 7327 1.4 42 29 26 32 88% 267938 27254 70%
c B 240.70  0 31 65 324  1 1275094 14160 1.4 42 29 26 32 88% 267936 27254 70%
c - 245.94  0 30 66 337  1 1302268 6532 1.4 40 28 26 32 88% 267936 27254 70%
c p 245.95  0 30 66 337  1 1302268 6991 1.4 40 28 26 32 88% 267936 27254 70%
c w 246.08  0 30 66 337  1 1302268 6940 1.4 40 28 26 32 88% 267936 27254 70%
c W 252.22  0 30 66 347  1 1326097 21493 1.5 42 29 26 32 88% 267936 27254 70%
c s 254.27  0 31 66 348  1 1338479 27965 1.5 43 29 26 32 88% 267936 27254 70%
c s 254.32  0 31 66 348  1 1338479 27902 1.5 43 29 26 32 88% 267936 27254 70%
c ^ 254.33  0 31 66 348  1 1338479 27902 1.5 43 29 26 32 88% 267936 27254 70%
c - 255.12  0 31 67 348  1 1343009 7502 1.5 43 29 26 32 88% 267936 27254 70%
c p 255.15  0 31 67 348  1 1343009 7873 1.5 43 29 26 32 88% 267936 27254 70%
c w 255.26  0 31 67 348  1 1343009 7805 1.5 43 29 26 32 88% 267936 27254 70%
c
c  seconds   reductions   conflicts         size    tier2         variables
c          MB     restarts       redundant     glue     trail          remaining
c           level      rate           size/glue  tier1    irredundant
c
c F 261.13  0 32 67 363  1 1378100 26349 1.5 44 30 26 32 88% 267936 27254 70%
c - 262.12  0 32 68 367  1 1384381 7529 1.5 44 30 26 32 88% 267936 27254 70%
c p 262.14  0 32 68 367  1 1384381 7842 1.5 44 30 26 32 88% 267936 27254 70%
c w 262.76  0 32 68 367  1 1384381 7803 1.5 44 30 26 32 88% 267936 27254 70%
c - 269.22  0 33 69 379  1 1426386 7894 1.5 46 31 26 32 88% 267936 27254 70%
c p 269.23  0 33 69 379  1 1426386 8171 1.5 46 31 26 32 88% 267936 27254 70%
c u 269.30  0 33 69 379  1 1426386 8169 1.5 46 31 26 32 88% 267936 27254 70%
c w 269.35  0 33 69 379  1 1426386 8114 1.5 46 31 26 32 88% 267936 27254 70%
c B 270.05  0 33 69 380  1 1431102 10802 1.5 46 31 26 32 88% 267936 27254 70%
c s 274.25  0 33 69 380  1 1457185 27144 1.5 48 32 26 32 88% 267936 27254 70%
c e 274.41  0 33 69 380  1 1457185 26871 1.5 48 32 26 32 88% 268338 27145 70%
c s 274.43  0 33 69 380  1 1457185 26859 1.5 48 32 26 32 88% 267980 27145 70%
c e 274.48  0 33 69 380  1 1457185 26857 1.5 48 32 26 32 88% 267983 27144 70%
c - 276.56  0 33 70 381  1 1469025 8547 1.5 48 32 26 32 88% 267983 27144 70%
c p 276.58  0 33 70 381  1 1469025 8964 1.5 48 32 26 32 88% 267983 27144 70%
c w 276.69  0 33 70 381  1 1469025 8918 1.5 48 32 26 32 88% 267983 27144 70%
c ] 276.69  0 33 70 381  1 1469025 8918 1.5 48 32 26 32 88% 267983 27144 70%
c ? 276.69  0 33 70 381  1 1469025 8918 1.5 48 32 26 32 88% 267983 27144 70%
c
c --- [ result ] -------------------------------------------------------------
c
c writing result to 'search-results/cadical-complete-cover-20260902/anchor-002-p1-s0.result'
c
c --- [ run-time profiling ] -------------------------------------------------
c
c process time taken by individual solving procedures
c (percentage relative to process time for solving)
c
c       267.02   96.52% search
c       248.75   89.92% stable
c        18.22    6.58% walk
c         9.63    3.48% simplify
c         3.00    1.09% vivify
c         1.98    0.72% sweep
c         1.22    0.44% elim
c         1.03    0.37% backbone
c         0.51    0.18% subsume
c         0.31    0.11% probe
c         0.28    0.10% congruence
c         0.26    0.09% ternary
c         0.05    0.02% lucky
c         0.04    0.02% parse
c   =================================
c       276.65   99.98% solve
c
c last line shows process time for solving
c (percentage relative to total process time)
c
c --- [ statistics ] ---------------------------------------------------------
c
c chronological:            170969        11.64 %  of conflicts
c conflicts:               1469025      5310.07    per second
c backbone:               77528850    199088.00 %  of vars
c decisions:               1600323      5784.68    per second
c eliminated:                 2872         7.38 %  of all variables
c fixed:                      8926        22.92 %  of all variables
c learned:                 1447667        98.55 %  per conflict
c learned_lits:          775347603       100.00 %  learned literals
c minimized:                     0         0.00 %  learned literals
c shrunken:              706422670        91.11 %  learned literals
c minishrunken:            4172402         0.54 %  learned literals
c otfs:                        625         0.04 %  of conflict
c propagations:          789971248         2.86 M  per second
c reduced:                  779323        53.05 %  per conflict
c rephased:                     53     27717.45    interval
c restarts:                    381      3855.71    interval
c subsumed:                 658264        37.24 %  of all clauses
c strengthened:              48889         2.77 %  of all clauses
c ticks:               10706033133        18.84    propagation
c vivified:                   1438         0.08 %  of all clauses
c walked:                       17     86413.24    interval
c weakened:                  14758         5.76    average size
c congruence:                   11    133547.73    interval
c
c seconds are measured in process time for solving
c
c --- [ glue usage ] ---------------------------------------------------------
c
c focused glue 2 used 0 clauses 0.000% accumulated 0.000% tier1
c focused glue 3 used 0 clauses 0.000% accumulated 0.000%
c focused glue 4 used 0 clauses 0.000% accumulated 0.000%
c focused glue 5 used 0 clauses 0.000% accumulated 0.000%
c focused glue 6 used 0 clauses 0.000% accumulated 0.000% tier2
c
c stable glue 26 used 275684 clauses 6.050% accumulated 52.21% tier1
c stable glue 27 used 276438 clauses 6.067% accumulated 58.28%
c stable glue 28-30 used 804106 clauses 17.64% accumulated 75.92%
c stable glue 31 used 261781 clauses 5.745% accumulated 81.67%
c stable glue 32 used 243208 clauses 5.338% accumulated 87.01% tier2
c
c
c --- [ resources ] ----------------------------------------------------------
c
c total process time since initialization:       276.69    seconds
c total real time since initialization:          300.00    seconds
c maximum resident set size of process:          202.66    MB
c
c --- [ shutting down ] ------------------------------------------------------
c
c exit 0
