c --- [ banner ] -------------------------------------------------------------
c
c CaDiCaL SAT Solver
c Copyright (c) 2016-2026
c A. Biere, M. Fleury, N. Froleyks, K. Fazekas, F. Pollitt, T. Faller
c JKU Linz, University of Freiburg, TU Wien
c
c Version 3.0.1 c60730422e758ef1cebe7aeddf2dda31c996bf04
c Apple clang version 21.0.0 (clang-2100.1.1.101) -Wall -Wextra -O3 -DNDEBUG -DNCLOSEFROM
c Tue Sep 1 21:08:57 PDT 2026 Darwin retained-runner 25.6.0 arm64
c
c --- [ limit ] --------------------------------------------------------------
c
c setting time limit to 300 seconds real time (due to '-t 300')
c
c --- [ parsing input ] ------------------------------------------------------
c
c reading DIMACS file from 'search-results/cadical-complete-cover-20260902/cnf/anchor-016-p0-s0.cnf'
c opening file to read 'search-results/cadical-complete-cover-20260902/cnf/anchor-016-p0-s0.cnf'
c found 'p cnf 38942 364405' header
c parsed 364405 clauses in 0.04 seconds process time
c
c --- [ options ] ------------------------------------------------------------
c
c   --elimeffort=10                (different from default '1e3')
c   --stabilizeonly=true           (different from default 'false')
c   --subsumeeffort=60             (different from default '1e3')
c
c --- [ solving ] ------------------------------------------------------------
c
c time measured in process time since initialization
c
c  seconds  reduction conflicts       size tier2        variables
c         MB    restarts   redundant    glue  trail          remaining
c          level     rate       size/glu tier1  irredundant
c
c *  0.04  0  0 0   0  0    0    0 0.0 0 0 2 6  0% 289704 30086 77%
c )  0.07  0  0 0   0  0    0    0 0.0 0 0 2 6  0% 289704 30086 77%
c [  0.09  0  0 0   0  0    0    0 0.0 0 0 2 6  0% 289704 30086 77%
c -  0.14  0 39 1   0  1  300   53 1.3 46 35 2 6 97% 274783 30086 77%
c -  0.20  0 38 2   0  2  923  303 1.3 37 27 2 6 96% 274783 30086 77%
c I  0.21  0 38 2   0  2 1003  366 1.4 38 27 2 6 95% 274783 30086 77%
c -  0.35  0 39 3   1  2 2015  383 1.3 42 33 2 6 94% 274783 30086 77%
c t  0.55  0 39 3   2  1 2985  682 1.2 42 34 2 6 94% 274783 30086 77%
c B  0.57  0 39 3   2  1 3004  692 1.2 42 34 2 6 93% 274783 30086 77%
c -  0.63  0 38 4   2  1 3629  505 1.2 42 34 2 6 96% 274783 30086 77%
c t  0.82  0 38 4   4  1 5485 1350 1.2 41 33 34 37 96% 274783 30086 77%
c -  0.86  0 37 5   4  1 5797  771 1.2 41 33 34 37 96% 274783 30086 77%
c W  0.95  0 37 5   4  1 6006  851 1.2 40 33 34 37 96% 274783 30086 77%
c s  1.02  0 37 5   5  1 6536 1078 1.3 42 33 33 37 96% 274783 30086 77%
c t  1.02  0 37 5   5  1 6536 1076 1.3 42 33 33 37 96% 274783 30086 77%
c e  1.20  0 37 5   5  1 6536  303 1.3 42 33 33 37 96% 268850 27369 70%
c s  1.22  0 37 5   5  1 6536  295 1.3 42 33 33 37 96% 268740 27369 70%
c e  1.28  0 37 5   5  1 6536  293 1.3 42 33 33 37 96% 268524 27317 70%
c -  1.61  0 37 6   6  1 8535  690 1.3 44 33 33 37 93% 268524 27317 70%
c F  1.79  0 37 6   6  1 10008 1525 1.4 45 33 33 37 92% 268524 27317 70%
c
c  seconds  reductions conflicts       size    tier2         variables
c         MB    restarts    redundant     glue     trail          remaining
c          level     rate        size/glue  tier1    irredundant
c
c -  2.10  0 37 7   6  1 11835 1011 1.5 49 33 33 37 91% 268524 27317 70%
c B  2.59  0 36 7   9  1 15009 3122 1.6 52 32 32 36 90% 268524 27317 70%
c -  2.70  0 36 8   9  1 15721 1156 1.6 52 32 32 36 90% 268524 27317 70%
c s  3.28  0 35 8  12  1 19727 2946 1.6 50 32 32 36 90% 268437 27317 70%
c e  3.34  0 35 8  12  1 19727 2946 1.6 50 32 32 36 90% 268360 27293 70%
c s  3.35  0 35 8  12  1 19727 2931 1.6 50 32 32 36 90% 268291 27293 70%
c e  3.38  0 35 8  12  1 19727 2929 1.6 50 32 32 36 90% 268252 27279 70%
c -  3.45  0 35 9  12  1 20199 1062 1.6 50 32 32 36 90% 268252 27279 70%
c u  3.48  0 35 9  12  1 20199 1055 1.6 50 32 32 36 90% 268252 27279 70%
c v  3.48  0 35 9  12  1 20199 1053 1.6 50 32 32 36 90% 268252 27279 70%
c w  3.48  0 35 9  12  1 20199 1048 1.6 50 32 32 36 90% 268252 27279 70%
c W  3.76  0 35 9  13  1 21012 1394 1.6 49 32 32 36 89% 268252 27279 70%
c -  4.36  0 34 10  14  1 25274 1349 1.6 50 32 30 35 89% 268252 27279 70%
c #  4.73  0 34 10  14  1 28014 2878 1.6 50 31 30 35 89% 268252 27279 70%
c -  5.12  0 34 11  14  1 30951 1420 1.6 49 32 30 35 89% 268252 27279 70%
c B  5.81  0 34 11  17  1 36016 4139 1.5 49 32 30 35 89% 268252 27279 70%
c -  5.97  0 34 12  17  1 37233 1479 1.5 49 32 30 35 89% 268252 27279 70%
c s  6.37  0 34 12  19  1 39514 2686 1.5 49 32 29 34 89% 268180 27279 70%
c e  6.40  0 34 12  19  1 39514 2686 1.5 49 32 29 34 89% 268167 27274 70%
c s  6.41  0 34 12  19  1 39514 2682 1.5 49 32 29 34 89% 268137 27274 70%
c
c  seconds  reductions  conflicts       size    tier2         variables
c         MB     restarts    redundant     glue     trail          remaining
c          level      rate        size/glue  tier1    irredundant
c
c e  6.43  0 34 12  19  1 39514 2682 1.5 49 32 29 34 89% 268113 27265 70%
c -  6.98  0 34 13  21  1 44123 1620 1.5 49 32 29 34 89% 268113 27265 70%
c u  7.02  0 34 13  21  1 44123 1612 1.5 49 32 29 34 89% 268113 27265 70%
c w  7.03  0 34 13  21  1 44123 1594 1.5 49 32 29 34 89% 268113 27265 70%
c W  7.42  0 34 13  21  1 45018 2072 1.5 49 32 29 34 89% 268113 27265 70%
c -  8.23  0 34 14  26  1 51624 1713 1.5 49 32 29 34 89% 268113 27265 70%
c O  8.69  0 34 14  28  1 55020 3747 1.5 49 32 29 34 89% 268113 27265 70%
c -  9.31  0 34 15  29  1 59737 1906 1.5 48 32 29 34 88% 268113 27265 70%
c p  9.31  0 34 15  29  1 59737 1914 1.5 48 32 29 34 88% 268113 27265 70%
c s 10.13  0 33 15  29  1 65899 5224 1.5 47 31 29 34 88% 268077 27265 70%
c e 10.15  0 33 15  29  1 65899 5224 1.5 47 31 29 34 88% 268070 27262 70%
c s 10.16  0 33 15  29  1 65899 5217 1.5 47 31 29 34 88% 268050 27262 70%
c e 10.18  0 33 15  29  1 65899 5216 1.5 47 31 29 34 88% 268041 27259 70%
c B 10.20  0 33 15  29  1 66021 5256 1.5 47 31 29 34 88% 268041 27259 70%
c - 10.53  0 34 16  30  1 68465 1970 1.5 47 32 29 34 88% 268041 27259 70%
c p 10.53  0 34 16  30  1 68465 2002 1.5 47 32 29 34 88% 268041 27259 70%
c u 10.56  0 34 16  30  1 68465 2002 1.5 47 32 29 34 88% 268041 27259 70%
c w 10.57  0 34 16  30  1 68465 1980 1.5 47 32 29 34 88% 268041 27259 70%
c - 11.71  0 34 17  30  1 77806 2005 1.5 47 32 28 33 88% 268039 27259 70%
c p 11.72  0 34 17  30  1 77806 2032 1.5 47 32 28 33 88% 268039 27259 70%
c
c  seconds  reductions  conflicts       size    tier2         variables
c         MB     restarts    redundant     glue     trail          remaining
c          level      rate        size/glue  tier1    irredundant
c
c W 12.25  0 34 17  30  1 78022 2166 1.5 47 32 28 33 88% 268039 27259 70%
c - 13.44  0 34 18  34  1 87765 2270 1.5 47 32 28 33 88% 268039 27259 70%
c p 13.44  0 34 18  34  1 87765 2302 1.5 47 32 28 33 88% 268039 27259 70%
c u 13.47  0 34 18  34  1 87765 2302 1.5 47 32 28 33 88% 268039 27259 70%
c w 13.48  0 34 18  34  1 87765 2295 1.5 47 32 28 33 88% 268039 27259 70%
c I 13.88  0 34 18  36  1 91023 4130 1.5 47 32 28 33 88% 268039 27259 70%
c - 14.90  0 33 19  40  1 98343 2418 1.5 47 31 28 33 88% 268039 27259 70%
c p 14.91  0 33 19  40  1 98343 2494 1.5 47 31 28 33 88% 268039 27259 70%
c s 15.01  0 33 19  40  1 98877 2592 1.5 47 31 28 33 88% 268028 27259 70%
c e 15.03  0 33 19  40  1 98877 2592 1.5 47 31 28 33 88% 268023 27257 70%
c s 15.04  0 33 19  40  1 98877 2554 1.5 47 31 28 33 88% 268015 27257 70%
c e 15.05  0 33 19  40  1 98877 2553 1.5 47 31 28 33 88% 268007 27254 70%
c B 15.90  0 33 19  44  1 105029 5670 1.5 46 31 28 33 88% 268007 27254 70%
c - 16.51  0 33 20  45  1 109538 2549 1.5 47 31 28 33 88% 268007 27254 70%
c p 16.52  0 33 20  45  1 109538 2630 1.5 47 31 28 33 88% 268007 27254 70%
c u 16.56  0 33 20  45  1 109538 2630 1.5 47 31 28 33 88% 268007 27254 70%
c w 16.57  0 33 20  45  1 109538 2614 1.5 47 31 28 33 88% 268007 27254 70%
c W 18.31  0 33 20  48  1 120030 10507 1.6 50 31 28 33 88% 268007 27254 70%
c - 18.49  0 33 21  49  1 121355 3093 1.6 50 31 28 33 88% 268007 27254 70%
c p 18.50  0 33 21  49  1 121355 3183 1.6 50 31 28 33 88% 268007 27254 70%
c
c  seconds  reductions  conflicts        size    tier2         variables
c         MB     restarts     redundant     glue     trail          remaining
c          level      rate         size/glue  tier1    irredundant
c
c - 20.04  0 33 22  56  1 133793 2853 1.6 50 32 28 33 88% 268007 27254 70%
c p 20.05  0 33 22  56  1 133793 2933 1.6 50 32 28 33 88% 268007 27254 70%
c w 20.09  0 33 22  56  1 133793 2922 1.6 50 32 28 33 88% 268007 27254 70%
c F 20.39  0 34 22  58  1 136032 4214 1.6 49 32 28 33 88% 268006 27254 70%
c s 20.71  0 34 22  59  1 138450 5672 1.6 50 32 28 33 88% 268001 27254 70%
c e 20.73  0 34 22  59  1 138450 5672 1.6 50 32 28 33 88% 267999 27253 70%
c s 20.74  0 34 22  59  1 138450 5670 1.6 50 32 28 33 88% 267994 27253 70%
c e 20.75  0 34 22  59  1 138450 5668 1.6 50 32 28 33 88% 267988 27251 70%
c - 21.85  0 33 23  60  1 146852 2789 1.6 49 32 28 33 88% 267988 27251 70%
c p 21.86  0 33 23  60  1 146852 2899 1.6 49 32 28 33 88% 267988 27251 70%
c B 22.78  0 33 23  61  1 153036 6843 1.6 49 31 28 33 88% 267988 27251 70%
c - 23.77  0 33 24  61  1 160536 2837 1.5 48 31 28 33 88% 267988 27251 70%
c p 23.77  0 33 24  61  1 160536 2954 1.5 48 31 28 33 88% 267988 27251 70%
c w 23.83  0 33 24  61  1 160536 2936 1.5 48 31 28 33 88% 267988 27251 70%
c W 25.71  0 33 24  62  1 171038 8203 1.5 48 31 28 33 88% 267988 27251 70%
c - 26.13  0 33 25  62  1 174841 2680 1.5 47 31 28 33 88% 267988 27251 70%
c p 26.13  0 33 25  62  1 174841 2823 1.5 47 31 28 33 88% 267988 27251 70%
c s 27.40  0 33 25  62  1 184623 10668 1.6 49 31 28 33 88% 267986 27251 70%
c e 27.42  0 33 25  62  1 184623 10667 1.6 49 31 28 33 88% 267981 27249 70%
c s 27.43  0 33 25  62  1 184623 10663 1.6 49 31 28 33 88% 267977 27249 70%
c
c  seconds  reductions  conflicts        size    tier2         variables
c         MB     restarts     redundant     glue     trail          remaining
c          level      rate         size/glue  tier1    irredundant
c
c - 28.09  0 33 26  62  1 189769 3603 1.6 49 31 28 33 88% 267977 27249 70%
c p 28.11  0 33 26  62  1 189769 3776 1.6 49 31 28 33 88% 267977 27249 70%
c u 28.14  0 33 26  62  1 189769 3775 1.6 49 31 28 33 88% 267977 27249 70%
c w 28.16  0 33 26  62  1 189769 3751 1.6 49 31 28 33 88% 267977 27249 70%
c # 28.20  0 33 26  62  1 190042 3890 1.6 49 31 28 33 88% 267977 27249 70%
c - 29.95  0 33 27  67  1 205321 3210 1.6 48 31 27 33 88% 267977 27249 70%
c p 29.96  0 33 27  67  1 205321 3474 1.6 48 31 27 33 88% 267977 27249 70%
c B 30.56  0 33 27  69  1 210043 6020 1.5 48 31 27 33 88% 267977 27249 70%
c - 31.85  0 33 28  76  1 221498 3593 1.6 49 31 27 33 88% 267977 27249 70%
c p 31.86  0 33 28  76  1 221498 3780 1.6 49 31 27 33 88% 267977 27249 70%
c w 31.91  0 33 28  76  1 221498 3760 1.6 49 31 27 33 88% 267977 27249 70%
c W 33.66  0 33 28  77  1 231044 10247 1.6 49 31 27 33 88% 267977 27249 70%
c s 34.33  0 33 28  81  1 237390 14090 1.6 49 31 27 33 88% 267976 27249 70%
c e 34.36  0 33 28  81  1 237390 14078 1.6 49 31 27 33 88% 267971 27247 70%
c s 34.37  0 33 28  81  1 237390 14069 1.6 49 31 27 33 88% 267969 27247 70%
c e 34.38  0 33 28  81  1 237390 14065 1.6 49 31 27 33 88% 267966 27246 70%
c - 34.51  0 33 29  81  1 238299 3850 1.6 49 31 27 33 88% 267966 27246 70%
c p 34.52  0 33 29  81  1 238299 4024 1.6 49 31 27 33 88% 267966 27246 70%
c O 36.28  0 33 29  90  1 253046 12769 1.6 48 31 27 33 88% 267966 27246 70%
c - 36.62  0 33 30  91  1 255727 3750 1.5 48 31 27 33 88% 267966 27246 70%
c
c  seconds  reductions  conflicts        size    tier2         variables
c         MB     restarts     redundant     glue     trail          remaining
c          level      rate         size/glue  tier1    irredundant
c
c p 36.63  0 33 30  91  1 255727 3942 1.5 48 31 27 33 88% 267966 27246 70%
c w 36.84  0 33 30  91  1 255727 3931 1.5 48 31 27 33 88% 267966 27246 70%
c - 38.91  0 32 31  93  1 273780 3623 1.5 46 31 27 32 88% 267962 27246 70%
c p 38.93  0 32 31  93  1 273780 3855 1.5 46 31 27 32 88% 267962 27246 70%
c w 38.98  0 32 31  93  1 273780 3843 1.5 46 31 27 32 88% 267962 27246 70%
c B 39.26  0 32 31  93  1 276048 5049 1.5 46 31 27 32 88% 267962 27246 70%
c - 41.11  0 32 32 100  1 292461 3814 1.5 46 31 27 32 88% 267962 27246 70%
c p 41.12  0 32 32 100  1 292461 3990 1.5 46 31 27 32 88% 267962 27246 70%
c w 41.16  0 32 32 100  1 292461 3980 1.5 46 31 27 32 88% 267962 27246 70%
c s 41.70  0 33 32 102  1 296758 6248 1.5 46 31 27 32 88% 267961 27246 70%
c e 41.72  0 33 32 102  1 296758 6248 1.5 46 31 27 32 88% 267955 27244 70%
c s 41.73  0 33 32 102  1 296758 6245 1.5 46 31 27 32 88% 267953 27244 70%
c e 41.74  0 33 32 102  1 296758 6245 1.5 46 31 27 32 88% 267950 27243 70%
c W 42.94  0 33 32 104  1 300049 7891 1.5 46 31 27 32 88% 267950 27243 70%
c - 44.27  0 33 33 108  1 311768 3630 1.5 46 31 27 32 88% 267950 27243 70%
c p 44.28  0 33 33 108  1 311768 3840 1.5 46 31 27 32 88% 267950 27243 70%
c w 44.33  0 33 33 108  1 311768 3830 1.5 46 31 27 32 88% 267950 27243 70%
c I 45.92  0 32 33 115  1 325051 11459 1.5 46 31 27 32 88% 267950 27243 70%
c - 46.68  0 32 34 118  1 331704 4019 1.5 46 31 27 32 88% 267950 27243 70%
c p 46.69  0 32 34 118  1 331704 4230 1.5 46 31 27 32 88% 267950 27243 70%
c
c  seconds  reductions  conflicts        size    tier2         variables
c         MB     restarts     redundant     glue     trail          remaining
c          level      rate         size/glue  tier1    irredundant
c
c w 46.74  0 32 34 118  1 331704 4206 1.5 46 31 27 32 88% 267950 27243 70%
c B 49.14  0 31 34 124  1 351055 15011 1.5 44 30 27 32 88% 267950 27243 70%
c - 49.31  0 32 35 124  1 352265 4179 1.5 45 30 27 32 88% 267950 27243 70%
c p 49.32  0 32 35 124  1 352265 4408 1.5 45 30 27 32 88% 267950 27243 70%
c w 49.37  0 32 35 124  1 352265 4389 1.5 45 30 27 32 88% 267950 27243 70%
c s 50.52  0 32 35 124  1 362719 9472 1.5 44 30 27 32 88% 267949 27243 70%
c e 50.55  0 32 35 124  1 362719 9472 1.5 44 30 27 32 88% 267947 27242 70%
c s 50.55  0 32 35 124  1 362719 9462 1.5 44 30 27 32 88% 267947 27242 70%
c - 51.84  0 32 36 125  1 373453 3818 1.5 44 30 27 32 88% 267947 27242 70%
c p 51.85  0 32 36 125  1 373453 3952 1.5 44 30 27 32 88% 267947 27242 70%
c w 51.89  0 32 36 125  1 373453 3927 1.5 44 30 27 32 88% 267947 27242 70%
c W 53.40  0 32 36 125  1 378057 6388 1.5 44 30 27 32 88% 267947 27242 70%
c - 55.37  0 32 37 125  1 395269 3873 1.5 45 30 27 32 88% 267947 27242 70%
c p 55.38  0 32 37 125  1 395269 4203 1.5 45 30 27 32 88% 267947 27242 70%
c u 55.42  0 32 37 125  1 395269 4203 1.5 45 30 27 32 88% 267947 27242 70%
c w 55.44  0 32 37 125  1 395269 4178 1.5 45 30 27 32 88% 267947 27242 70%
c F 56.62  0 32 37 126  1 406059 11360 1.5 46 30 27 32 88% 267947 27242 70%
c - 57.87  0 32 38 126  1 417713 4273 1.5 45 31 27 32 88% 267947 27242 70%
c p 57.88  0 32 38 126  1 417713 4609 1.5 45 31 27 32 88% 267947 27242 70%
c w 58.13  0 32 38 126  1 417713 4589 1.5 45 31 27 32 88% 267947 27242 70%
c
c  seconds  reductions  conflicts         size    tier2         variables
c         MB     restarts      redundant     glue     trail          remaining
c          level      rate          size/glue  tier1    irredundant
c
c B 59.97  0 32 38 126  1 435061 13551 1.5 45 30 27 32 88% 267947 27242 70%
c - 60.65  0 32 39 126  1 440785 4069 1.5 45 30 27 32 88% 267947 27242 70%
c p 60.67  0 32 39 126  1 440785 4349 1.5 45 30 27 32 88% 267947 27242 70%
c w 60.72  0 32 39 126  1 440785 4335 1.5 45 30 27 32 88% 267947 27242 70%
c - 63.45  0 32 40 126  1 464487 3897 1.5 44 30 27 32 88% 267947 27242 70%
c p 63.46  0 32 40 126  1 464487 4200 1.5 44 30 27 32 88% 267947 27242 70%
c w 63.51  0 32 40 126  1 464487 4184 1.5 44 30 27 32 88% 267947 27242 70%
c W 64.58  0 32 40 126  1 465064 4505 1.5 44 30 27 32 88% 267947 27242 70%
c - 67.14  0 32 41 140  1 488820 4022 1.4 44 31 27 32 88% 267947 27242 70%
c p 67.16  0 32 41 140  1 488820 4254 1.4 44 31 27 32 88% 267947 27242 70%
c w 67.20  0 32 41 140  1 488820 4241 1.4 44 31 27 32 88% 267947 27242 70%
c s 67.22  0 32 41 140  1 488820 4232 1.4 44 31 27 32 88% 267942 27242 70%
c e 67.24  0 32 41 140  1 488820 4232 1.4 44 31 27 32 88% 267942 27241 70%
c s 67.25  0 32 41 140  1 488820 4229 1.4 44 31 27 32 88% 267936 27241 70%
c # 68.03  0 32 41 141  1 496065 8211 1.4 44 31 27 32 88% 267936 27241 70%
c - 70.10  0 32 42 150  1 513779 4433 1.4 44 31 27 32 88% 267936 27241 70%
c p 70.10  0 32 42 150  1 513779 4740 1.4 44 31 27 32 88% 267936 27241 70%
c w 70.15  0 32 42 150  1 513779 4724 1.4 44 31 27 32 88% 267936 27241 70%
c B 71.83  0 32 42 156  1 528066 11771 1.4 44 31 27 32 88% 267936 27241 70%
c - 73.12  0 32 43 157  1 539367 4402 1.4 44 31 27 32 88% 267936 27241 70%
c
c  seconds  reductions  conflicts        size    tier2         variables
c         MB     restarts     redundant     glue     trail          remaining
c          level      rate         size/glue  tier1    irredundant
c
c p 73.13  0 32 43 157  1 539367 4701 1.4 44 31 27 32 88% 267936 27241 70%
c w 73.19  0 32 43 157  1 539367 4685 1.4 44 31 27 32 88% 267936 27241 70%
c W 76.46  0 32 43 164  1 561067 15761 1.4 44 31 27 32 88% 267936 27241 70%
c - 77.03  0 32 44 167  1 565585 4519 1.4 44 31 27 32 88% 267936 27241 70%
c p 77.03  0 32 44 167  1 565585 4756 1.4 44 31 27 32 88% 267936 27241 70%
c w 77.09  0 32 44 167  1 565585 4736 1.4 44 31 27 32 88% 267936 27241 70%
c - 80.05  0 33 45 179  1 592433 4628 1.4 44 31 27 32 88% 267936 27241 70%
c p 80.06  0 33 45 179  1 592433 4811 1.4 44 31 27 32 88% 267936 27241 70%
c w 80.12  0 33 45 179  1 592433 4781 1.4 44 31 27 32 88% 267936 27241 70%
c O 80.43  0 33 45 180  1 595069 6754 1.4 44 31 27 32 88% 267936 27241 70%
c - 83.25  0 33 46 188  1 619912 5427 1.4 44 31 27 32 88% 267936 27241 70%
c p 83.26  0 33 46 188  1 619912 5862 1.4 44 31 27 32 88% 267936 27241 70%
c w 83.33  0 33 46 188  1 619912 5840 1.4 44 31 27 32 88% 267936 27241 70%
c B 84.53  0 33 46 188  1 630070 11978 1.4 44 31 27 32 88% 267936 27241 70%
c - 86.57  0 33 47 189  1 648019 5423 1.4 45 31 27 32 88% 267936 27241 70%
c p 86.59  0 33 47 189  1 648019 5741 1.4 45 31 27 32 88% 267936 27241 70%
c w 86.92  0 33 47 189  1 648019 5710 1.4 45 31 27 32 88% 267936 27241 70%
c W 90.21  0 33 47 190  1 666073 14516 1.4 45 31 27 32 88% 267936 27241 70%
c - 91.40  0 33 48 196  1 676758 4872 1.4 44 31 27 32 88% 267936 27241 70%
c p 91.41  0 33 48 196  1 676758 5232 1.4 44 31 27 32 88% 267936 27241 70%
c
c  seconds  reductions  conflicts        size    tier2         variables
c         MB     restarts     redundant     glue     trail          remaining
c          level      rate         size/glue  tier1    irredundant
c
c w 91.46  0 33 48 196  1 676758 5216 1.4 44 31 27 32 88% 267936 27241 70%
c I 94.22  0 33 48 208  1 703075 19065 1.4 44 31 27 32 88% 267936 27241 70%
c - 94.68  0 33 49 210  1 706127 5120 1.4 44 31 27 32 88% 267936 27241 70%
c p 94.70  0 33 49 210  1 706127 5366 1.4 44 31 27 32 88% 267936 27241 70%
c w 94.77  0 33 49 210  1 706127 5345 1.4 44 31 27 32 88% 267936 27241 70%
c - 98.75  0 32 50 220  1 736128 5236 1.4 44 30 27 32 88% 267936 27241 70%
c p 98.77  0 32 50 220  1 736128 5637 1.4 44 30 27 32 88% 267936 27241 70%
c w 98.84  0 32 50 220  1 736128 5595 1.4 44 30 27 32 88% 267936 27241 70%
c B 99.45  0 32 50 220  1 741076 8273 1.4 44 30 27 32 88% 267936 27241 70%
c - 102.28  0 32 51 232  1 766757 5569 1.5 45 31 27 32 88% 267936 27241 70%
c p 102.28  0 32 51 232  1 766757 5857 1.5 45 31 27 32 88% 267936 27241 70%
c v 102.33  0 32 51 232  1 766757 5857 1.5 45 31 27 32 88% 267936 27241 70%
c w 102.36  0 32 51 232  1 766757 5821 1.5 45 31 27 32 88% 267936 27241 70%
c W 104.77  0 32 51 235  1 780077 13287 1.5 45 31 27 32 88% 267936 27241 70%
c - 106.88  0 32 52 245  1 798019 5976 1.5 46 31 27 32 88% 267936 27241 70%
c p 106.90  0 32 52 245  1 798019 6177 1.5 46 31 27 32 88% 267936 27241 70%
c w 106.97  0 32 52 245  1 798019 6160 1.5 46 31 27 32 88% 267936 27241 70%
c F 109.48  0 32 52 251  1 820081 18595 1.5 47 31 27 32 88% 267936 27241 70%
c - 110.62  0 32 53 251  1 829912 5960 1.5 47 31 27 32 88% 267936 27241 70%
c p 110.64  0 32 53 251  1 829912 6391 1.5 47 31 27 32 88% 267936 27241 70%
c
c  seconds   reductions  conflicts        size    tier2         variables
c          MB     restarts     redundant     glue     trail          remaining
c           level      rate         size/glue  tier1    irredundant
c
c w 110.71  0 32 53 251  1 829912 6358 1.5 47 31 27 32 88% 267936 27241 70%
c B 114.51  0 32 53 252  1 861084 23641 1.5 46 31 27 32 88% 267936 27241 70%
c - 114.73  0 32 54 252  1 862433 6080 1.5 47 31 27 32 88% 267936 27241 70%
c p 114.74  0 32 54 252  1 862433 6542 1.5 47 31 27 32 88% 267936 27241 70%
c w 114.82  0 32 54 252  1 862433 6495 1.5 47 31 27 32 88% 267936 27241 70%
c - 118.73  0 32 55 253  1 895586 6106 1.5 47 31 27 32 88% 267936 27241 70%
c p 118.74  0 32 55 253  1 895586 6467 1.5 47 31 27 32 88% 267936 27241 70%
c w 118.82  0 32 55 253  1 895586 6427 1.5 47 31 27 32 88% 267936 27241 70%
c W 121.28  0 32 55 253  1 903085 10786 1.5 47 31 27 32 88% 267936 27241 70%
c - 124.45  0 32 56 253  1 929370 6301 1.5 47 31 27 32 88% 267936 27241 70%
c p 124.47  0 32 56 253  1 929370 6685 1.5 47 31 27 32 88% 267936 27241 70%
c w 124.53  0 32 56 253  1 929370 6672 1.5 47 31 27 32 88% 267936 27241 70%
c # 126.38  0 33 56 254  1 946087 15755 1.5 47 31 27 32 88% 267936 27241 70%
c - 128.42  0 33 57 254  1 963785 6119 1.5 46 31 27 32 88% 267936 27241 70%
c p 128.43  0 33 57 254  1 963785 6510 1.5 46 31 27 32 88% 267936 27241 70%
c w 128.82  0 33 57 254  1 963785 6483 1.5 46 31 27 32 88% 267936 27241 70%
c B 132.00  0 32 57 254  1 990089 20891 1.5 46 31 27 32 88% 267936 27241 70%
c - 133.03  0 33 58 254  1 998833 6171 1.5 46 31 27 32 88% 267936 27241 70%
c p 133.05  0 33 58 254  1 998833 6505 1.5 46 31 27 32 88% 267936 27241 70%
c w 133.13  0 33 58 254  1 998833 6475 1.5 46 31 27 32 88% 267936 27241 70%
c
c  seconds   reductions   conflicts        size    tier2         variables
c          MB     restarts      redundant     glue     trail          remaining
c           level      rate          size/glue  tier1    irredundant
c
c - 137.33  0 33 59 254  1 1034514 6400 1.5 47 31 27 32 88% 267936 27241 70%
c p 137.35  0 33 59 254  1 1034514 6628 1.5 47 31 27 32 88% 267936 27241 70%
c w 137.43  0 33 59 254  1 1034514 6589 1.5 47 31 27 32 88% 267936 27241 70%
c W 138.75  0 33 59 254  1 1035091 6952 1.5 47 31 27 32 88% 267936 27241 70%
c - 142.75  0 33 60 259  1 1070825 6470 1.5 47 31 27 32 88% 267936 27241 70%
c p 142.76  0 33 60 259  1 1070825 7131 1.5 47 31 27 32 88% 267936 27241 70%
c w 142.84  0 33 60 259  1 1070825 7086 1.5 47 31 27 32 88% 267936 27241 70%
c O 143.95  0 33 60 264  1 1081092 12748 1.5 47 31 27 32 88% 267936 27241 70%
c - 147.04  0 32 61 276  1 1107768 6582 1.5 45 30 27 32 88% 267936 27241 70%
c p 147.05  0 32 61 276  1 1107768 7114 1.5 45 30 27 32 88% 267936 27241 70%
c w 147.14  0 32 61 276  1 1107768 7066 1.5 45 30 27 32 88% 267936 27241 70%
c B 149.42  0 32 61 284  1 1128095 18071 1.5 44 30 27 32 88% 267936 27241 70%
c - 151.47  0 32 62 285  1 1145344 6576 1.5 44 30 27 32 88% 267936 27241 70%
c p 151.49  0 32 62 285  1 1145344 6949 1.5 44 30 27 32 88% 267936 27241 70%
c w 151.57  0 32 62 285  1 1145344 6889 1.5 44 30 27 32 88% 267936 27241 70%
c W 157.67  0 32 62 300  1 1176097 22789 1.4 44 31 27 32 88% 267936 27241 70%
c - 158.55  0 32 63 303  1 1183552 6556 1.4 44 31 27 32 88% 267936 27241 70%
c p 158.57  0 32 63 303  1 1183552 6977 1.4 44 31 27 32 88% 267936 27241 70%
c w 158.64  0 32 63 303  1 1183552 6941 1.4 44 31 27 32 88% 267936 27241 70%
c - 162.84  0 32 64 316  1 1222390 6603 1.4 44 31 27 32 88% 267936 27241 70%
c
c  seconds   reductions   conflicts        size    tier2         variables
c          MB     restarts      redundant     glue     trail          remaining
c           level      rate          size/glue  tier1    irredundant
c
c p 162.85  0 32 64 316  1 1222390 6923 1.4 44 31 27 32 88% 267936 27241 70%
c w 162.93  0 32 64 316  1 1222390 6875 1.4 44 31 27 32 88% 267936 27241 70%
c I 163.27  0 33 64 316  1 1225098 8576 1.4 44 31 27 32 88% 267936 27241 70%
c - 167.51  0 31 65 317  1 1261860 6860 1.4 41 29 27 32 88% 267936 27241 70%
c p 167.52  0 31 65 317  1 1261860 7131 1.4 41 29 27 32 88% 267936 27241 70%
c w 167.60  0 31 65 317  1 1261860 7092 1.4 41 29 27 32 88% 267936 27241 70%
c s 167.65  0 31 65 317  1 1261860 6294 1.4 41 29 27 32 88% 267935 27241 70%
c e 167.67  0 31 65 317  1 1261860 6294 1.4 41 29 27 32 88% 267935 27240 70%
c s 167.68  0 31 65 317  1 1261860 6148 1.4 41 29 27 32 88% 267930 27240 70%
c B 169.27  0 30 65 324  1 1275101 12831 1.4 40 29 27 32 88% 267930 27240 70%
c - 172.49  0 29 66 336  1 1301963 6589 1.4 40 28 27 32 88% 267930 27240 70%
c p 172.50  0 29 66 336  1 1301963 7263 1.4 40 28 27 32 88% 267930 27240 70%
c u 172.55  0 29 66 336  1 1301963 7259 1.4 40 28 27 32 88% 267930 27240 70%
c w 172.60  0 29 66 336  1 1301963 7199 1.4 40 28 27 32 88% 267930 27240 70%
c W 177.14  0 29 66 347  1 1326103 18787 1.4 39 28 26 32 88% 267930 27240 70%
c - 179.02  0 30 67 348  1 1342697 6842 1.4 41 28 26 32 88% 267930 27240 70%
c p 179.03  0 30 67 348  1 1342697 7319 1.4 41 28 26 32 88% 267930 27240 70%
c u 179.08  0 30 67 348  1 1342697 7317 1.4 41 28 26 32 88% 267930 27240 70%
c w 179.12  0 30 67 348  1 1342697 7224 1.4 41 28 26 32 88% 267930 27240 70%
c F 183.05  0 30 67 363  1 1378108 26738 1.5 43 29 26 32 88% 267930 27240 70%
c
c  seconds   reductions   conflicts        size    tier2         variables
c          MB     restarts      redundant     glue     trail          remaining
c           level      rate          size/glue  tier1    irredundant
c
c - 183.76  0 31 68 366  1 1384063 7382 1.5 43 29 26 32 88% 267930 27240 70%
c p 183.78  0 31 68 366  1 1384063 7771 1.5 43 29 26 32 88% 267930 27240 70%
c w 184.25  0 31 68 366  1 1384063 7674 1.5 43 29 26 32 88% 267930 27240 70%
c - 189.09  0 31 69 379  1 1426063 6916 1.5 43 29 26 32 88% 267930 27240 70%
c p 189.11  0 31 69 379  1 1426063 7449 1.5 43 29 26 32 88% 267930 27240 70%
c w 189.20  0 31 69 379  1 1426063 7372 1.5 43 29 26 32 88% 267930 27240 70%
c B 189.78  0 31 69 380  1 1431111 10044 1.5 43 30 26 32 88% 267930 27240 70%
c - 194.04  0 31 70 381  1 1468696 7184 1.4 43 30 26 32 88% 267930 27240 70%
c p 194.06  0 31 70 381  1 1468696 7579 1.4 43 30 26 32 88% 267930 27240 70%
c w 194.15  0 31 70 381  1 1468696 7519 1.4 43 30 26 32 88% 267930 27240 70%
c W 197.94  0 31 70 381  1 1485113 15801 1.4 43 30 26 32 88% 267930 27240 70%
c - 200.82  0 31 71 381  1 1511960 7235 1.4 43 30 26 32 88% 267930 27240 70%
c p 200.83  0 31 71 381  1 1511960 7521 1.4 43 30 26 32 88% 267930 27240 70%
c w 200.92  0 31 71 381  1 1511960 7449 1.4 43 30 26 32 88% 267930 27240 70%
c # 203.97  0 32 71 388  1 1540117 21704 1.4 43 30 26 32 88% 267930 27240 70%
c - 205.92  0 31 72 396  1 1555857 7448 1.4 43 30 26 32 88% 267930 27240 70%
c p 205.94  0 31 72 396  1 1555857 8137 1.4 43 30 26 32 88% 267930 27240 70%
c w 206.04  0 31 72 396  1 1555857 8071 1.4 43 30 26 32 88% 267930 27240 70%
c B 210.88  0 30 72 411  1 1596118 28865 1.4 42 29 26 31 88% 267930 27240 70%
c - 211.43  0 31 73 412  1 1600387 7997 1.5 42 29 26 31 88% 267930 27240 70%
c
c  seconds   reductions   conflicts        size    tier2         variables
c          MB     restarts      redundant     glue     trail          remaining
c           level      rate          size/glue  tier1    irredundant
c
c p 211.44  0 31 73 412  1 1600387 8611 1.5 42 29 26 31 88% 267930 27240 70%
c w 211.55  0 31 73 412  1 1600387 8444 1.5 42 29 26 31 88% 267930 27240 70%
c - 217.39  0 31 74 427  1 1645549 7935 1.5 44 30 26 31 88% 267930 27240 70%
c p 217.41  0 31 74 427  1 1645549 8334 1.5 44 30 26 31 88% 267930 27240 70%
c w 217.52  0 31 74 427  1 1645549 8257 1.5 44 30 26 31 88% 267930 27240 70%
c W 220.12  0 31 74 433  1 1653120 12174 1.5 44 30 26 31 88% 267930 27240 70%
c - 224.28  0 32 75 443  1 1691345 8224 1.5 45 31 26 31 88% 267930 27240 70%
c p 224.30  0 32 75 443  1 1691345 8722 1.5 45 31 26 31 88% 267930 27240 70%
c w 224.38  0 32 75 443  1 1691345 8658 1.5 45 31 26 31 88% 267930 27240 70%
c s 224.43  0 32 75 443  1 1691345 7844 1.5 45 31 26 31 88% 267919 27240 70%
c s 224.46  0 32 75 443  1 1691345 7806 1.5 45 31 26 31 88% 267918 27240 70%
c O 226.79  0 32 75 444  1 1711121 18764 1.5 45 31 26 31 88% 267918 27240 70%
c - 229.79  0 32 76 450  1 1737774 8201 1.5 44 30 26 31 88% 267918 27240 70%
c p 229.81  0 32 76 450  1 1737774 8604 1.5 44 30 26 31 88% 267918 27240 70%
c w 229.92  0 32 76 450  1 1737774 8545 1.5 44 30 26 31 88% 267918 27240 70%
c B 233.69  0 31 76 465  1 1770122 25747 1.4 43 30 26 31 88% 267918 27240 70%
c s 235.33  0 32 76 472  1 1783692 33777 1.5 44 30 26 31 88% 267916 27240 70%
c s 235.38  0 32 76 472  1 1783692 33739 1.5 44 30 26 31 88% 267916 27240 70%
c ^ 235.39  0 32 76 472  1 1783692 33739 1.5 44 30 26 31 88% 267916 27240 70%
c - 235.57  0 32 77 473  1 1784836 8539 1.5 44 30 26 31 88% 267916 27240 70%
c
c  seconds   reductions   conflicts        size    tier2         variables
c          MB     restarts      redundant     glue     trail          remaining
c           level      rate          size/glue  tier1    irredundant
c
c p 235.59  0 32 77 473  1 1784836 9025 1.5 44 30 26 31 88% 267916 27240 70%
c w 235.69  0 32 77 473  1 1784836 8917 1.5 44 30 26 31 88% 267916 27240 70%
c W 242.83  0 32 77 486  1 1830123 32537 1.4 44 31 26 31 88% 267916 27240 70%
c - 243.15  0 32 78 488  1 1832530 8325 1.4 44 31 26 31 88% 267916 27240 70%
c p 243.17  0 32 78 488  1 1832530 8966 1.4 44 31 26 31 88% 267916 27240 70%
c w 243.28  0 32 78 488  1 1832530 8881 1.4 44 31 26 31 88% 267916 27240 70%
c - 248.47  0 32 79 506  1 1880857 8291 1.4 43 31 26 31 88% 267916 27240 70%
c p 248.49  0 32 79 506  1 1880857 8797 1.4 43 31 26 31 88% 267916 27240 70%
c w 248.60  0 32 79 506  1 1880857 8714 1.4 43 31 26 31 88% 267916 27240 70%
c s 248.85  0 32 79 506  1 1882633 9686 1.4 43 31 26 31 88% 267916 27240 70%
c e 248.93  0 32 79 506  1 1882633 9675 1.4 43 31 26 31 88% 267926 27230 70%
c s 248.94  0 32 79 506  1 1882633 9670 1.4 43 31 26 31 88% 267902 27230 70%
c I 249.92  0 32 79 506  1 1891124 14165 1.4 43 31 26 31 88% 267902 27230 70%
c - 254.49  0 31 80 508  1 1929821 8844 1.4 42 29 26 31 88% 267902 27230 70%
c p 254.51  0 31 80 508  1 1929821 9410 1.4 42 29 26 31 88% 267902 27230 70%
c w 255.14  0 31 80 508  1 1929821 9324 1.4 42 29 26 31 88% 267902 27230 70%
c B 257.74  0 30 80 508  1 1953125 22184 1.5 42 29 26 31 88% 267902 27230 70%
c - 260.83  0 31 81 508  1 1979413 9142 1.5 43 29 26 31 88% 267902 27230 70%
c p 260.85  0 31 81 508  1 1979413 9545 1.5 43 29 26 31 88% 267902 27230 70%
c u 260.90  0 31 81 508  1 1979413 9544 1.5 43 29 26 31 88% 267902 27230 70%
c
c  seconds   reductions   conflicts        size    tier2         variables
c          MB     restarts      redundant     glue     trail          remaining
c           level      rate          size/glue  tier1    irredundant
c
c w 260.96  0 31 81 508  1 1979413 9383 1.5 43 29 26 31 88% 267902 27230 70%
c s 261.98  0 31 81 508  1 1988184 14484 1.5 44 30 26 31 88% 267897 27230 70%
c s 262.01  0 31 81 508  1 1988184 14259 1.5 44 30 26 31 88% 267893 27230 70%
c W 266.79  0 31 81 509  1 2016126 28118 1.5 44 30 26 31 88% 267893 27230 70%
c - 268.39  0 32 82 509  1 2029638 8686 1.5 44 30 26 31 88% 267893 27230 70%
c p 268.41  0 32 82 509  1 2029638 9064 1.5 44 30 26 31 88% 267893 27230 70%
c w 268.52  0 32 82 509  1 2029638 8939 1.5 44 30 26 31 88% 267893 27230 70%
c F 273.88  0 32 82 509  1 2080128 35994 1.4 44 31 26 31 88% 267893 27230 70%
c - 273.95  0 32 83 509  1 2080500 8969 1.4 44 31 26 31 88% 267893 27230 70%
c p 273.97  0 32 83 509  1 2080500 9698 1.4 44 31 26 31 88% 267893 27230 70%
c w 274.09  0 32 83 509  1 2080500 9639 1.4 44 31 26 31 88% 267893 27230 70%
c - 279.88  0 31 84 510  1 2131991 8514 1.4 42 29 26 31 88% 267893 27230 70%
c p 279.89  0 31 84 510  1 2131991 9165 1.4 42 29 26 31 88% 267893 27230 70%
c w 280.02  0 31 84 510  1 2131991 9015 1.4 42 29 26 31 88% 267893 27230 70%
c B 281.51  0 30 84 510  1 2145129 16161 1.4 42 29 26 31 88% 267893 27230 70%
c - 286.18  0 30 85 510  1 2184117 8795 1.4 41 29 26 31 88% 267893 27230 70%
c p 286.20  0 30 85 510  1 2184117 9299 1.4 41 29 26 31 88% 267893 27230 70%
c w 286.33  0 30 85 510  1 2184117 9135 1.4 41 29 26 31 88% 267893 27230 70%
c W 291.85  0 30 85 510  1 2211130 23571 1.4 41 29 26 31 88% 267893 27230 70%
c - 295.12  0 30 86 510  1 2236875 8824 1.4 40 28 26 31 88% 267893 27230 70%
c
c  seconds   reductions   conflicts        size    tier2         variables
c          MB     restarts      redundant     glue     trail          remaining
c           level      rate          size/glue  tier1    irredundant
c
c p 295.14  0 30 86 510  1 2236875 9263 1.4 40 28 26 31 88% 267893 27230 70%
c w 295.25  0 30 86 510  1 2236875 9194 1.4 40 28 26 31 88% 267893 27230 70%
c ] 299.33  0 30 86 510  1 2273893 28244 1.4 40 28 26 31 88% 267893 27230 70%
c ? 299.33  0 30 86 510  1 2273893 28244 1.4 40 28 26 31 88% 267893 27230 70%
c
c --- [ result ] -------------------------------------------------------------
c
c writing result to 'search-results/cadical-complete-cover-20260902/anchor-016-p0-s0.result'
c
c --- [ run-time profiling ] -------------------------------------------------
c
c process time taken by individual solving procedures
c (percentage relative to process time for solving)
c
c       289.05   96.58% search
c       264.89   88.51% stable
c        24.12    8.06% walk
c        10.24    3.42% simplify
c         3.71    1.24% vivify
c         2.06    0.69% sweep
c         1.24    0.41% backbone
c         0.74    0.25% elim
c         0.38    0.13% subsume
c         0.37    0.12% probe
c         0.30    0.10% ternary
c         0.24    0.08% congruence
c         0.05    0.02% lucky
c         0.04    0.01% parse
c   =================================
c       299.29   99.99% solve
c
c last line shows process time for solving
c (percentage relative to total process time)
c
c --- [ statistics ] ---------------------------------------------------------
c
c chronological:            262245        11.53 %  of conflicts
c conflicts:               2273893      7597.67    per second
c backbone:              115351374    296213.28 %  of vars
c decisions:               2472880      8262.54    per second
c eliminated:                 2856         7.33 %  of all variables
c fixed:                      8856        22.74 %  of all variables
c learned:                 2240531        98.53 %  per conflict
c learned_lits:         1183379079       100.00 %  learned literals
c minimized:                     0         0.00 %  learned literals
c shrunken:             1077731985        91.07 %  learned literals
c minishrunken:            6825468         0.58 %  learned literals
c otfs:                        997         0.04 %  of conflict
c propagations:         1178603601         3.94 M  per second
c reduced:                 1188971        52.29 %  per conflict
c rephased:                     66     34452.92    interval
c restarts:                    510      4458.61    interval
c subsumed:                1020911        39.72 %  of all clauses
c strengthened:              46493         1.81 %  of all clauses
c ticks:               16473111397        19.37    propagation
c vivified:                   3708         0.14 %  of all clauses
c walked:                       22    103358.77    interval
c weakened:                  13505         5.25    average size
c congruence:                   12    189491.08    interval
c
c seconds are measured in process time for solving
c
c --- [ glue usage ] ---------------------------------------------------------
c
c focused glue 2 used 0 clauses 0.000% accumulated 0.000% tier1
c focused glue 3 used 0 clauses 0.000% accumulated 0.000%
c focused glue 4 used 0 clauses 0.000% accumulated 0.000%
c focused glue 5 used 0 clauses 0.000% accumulated 0.000%
c focused glue 6 used 0 clauses 0.000% accumulated 0.000% tier2
c
c stable glue 26 used 474258 clauses 6.623% accumulated 54.59% tier1
c stable glue 27 used 466524 clauses 6.515% accumulated 61.11%
c stable glue 28-29 used 882720 clauses 12.32% accumulated 73.44%
c stable glue 30 used 430464 clauses 6.011% accumulated 79.45%
c stable glue 31 used 407026 clauses 5.684% accumulated 85.13% tier2
c
c
c --- [ resources ] ----------------------------------------------------------
c
c total process time since initialization:       299.33    seconds
c total real time since initialization:          300.04    seconds
c maximum resident set size of process:          194.66    MB
c
c --- [ shutting down ] ------------------------------------------------------
c
c exit 0
