{
  "anchor_edge": 2,
  "base_support_report": {
    "balanced": true,
    "component_count": 5,
    "component_edge_counts": [
      1,
      1,
      4,
      4,
      60
    ],
    "covered_words": 512,
    "distinct_edges": 70,
    "uncovered_words": []
  },
  "base_support_sha256": "83814d9a9e1a1964b09f17c590bea4f5fcd9a234cd1846a7594fa863bea18a07",
  "base_support_size": 70,
  "binary_propagations": 21655210,
  "branches": 9001924,
  "conflicts": 79921,
  "connectivity_mode": "tree",
  "deterministic_limit": null,
  "deterministic_time": 2099.40048210609,
  "flow_source_sha256": "90cab0d0bcd3b8ad6c770249e78cf463fa9153abee2120d70ceaa54e99747ce3",
  "integer_propagations": 175921445,
  "length": 70,
  "lp_iterations": 7588305,
  "maximize_overlap": false,
  "maximum_replacements": 17,
  "minimum_overlap": 53,
  "model_constraints": 4915,
  "model_variables": 2052,
  "n": 9,
  "partition_anchor": true,
  "radius": 1,
  "repair_source_sha256": "1e1ee62261d9c02fdbe0e05ff268f21fcddc9b9eeff01c119853ec81300803bf",
  "restarts": 567,
  "seed": 52,
  "solver": "OR-Tools CP-SAT",
  "solver_version": "9.15.6755",
  "status": "UNKNOWN",
  "time_limit": 600.0,
  "wall_seconds": 600.0064510000001,
  "workers": 2
}
real 600.50
user 997.80
sys 7.15
