c --- [ banner ] -------------------------------------------------------------
c
c CaDiCaL SAT Solver
c Copyright (c) 2016-2026
c A. Biere, M. Fleury, N. Froleyks, K. Fazekas, F. Pollitt, T. Faller
c JKU Linz, University of Freiburg, TU Wien
c
c Version 3.0.1 c60730422e758ef1cebe7aeddf2dda31c996bf04
c Apple clang version 21.0.0 (clang-2100.1.1.101) -Wall -Wextra -O3 -DNDEBUG -DNCLOSEFROM
c Tue Sep 1 21:08:57 PDT 2026 Darwin retained-runner 25.6.0 arm64
c
c --- [ limit ] --------------------------------------------------------------
c
c setting time limit to 300 seconds real time (due to '-t 300')
c
c --- [ parsing input ] ------------------------------------------------------
c
c reading DIMACS file from 'search-results/cadical-support70-cover-20260902/cnf/anchor-002-p1-s1.cnf'
c opening file to read 'search-results/cadical-support70-cover-20260902/cnf/anchor-002-p1-s1.cnf'
c found 'p cnf 41357 414868' header
c parsed 414868 clauses in 0.06 seconds process time
c
c --- [ options ] ------------------------------------------------------------
c
c   --elimeffort=10                (different from default '1e3')
c   --stabilizeonly=true           (different from default 'false')
c   --subsumeeffort=60             (different from default '1e3')
c
c --- [ solving ] ------------------------------------------------------------
c
c time measured in process time since initialization
c
c  seconds  reduction conflicts       size tier2        variables
c         MB    restarts   redundant    glue  trail          remaining
c          level     rate       size/glu tier1  irredundant
c
c *  0.06  0  0 0   0  0    0    0 0.0 0 0 2 6  0% 329606 32300 78%
c )  0.07  0  0 0   0  0    0    0 0.0 0 0 2 6  0% 329606 32300 78%
c [  0.09  0  0 0   0  0    0    0 0.0 0 0 2 6  0% 329606 32300 78%
c i  0.09  0  1 0   0 32    1    0 0.0 1 0 2 6 92% 329606 32261 78%
c i  0.09  0 29 0   0  9    8    3 1.2 20 16 2 6 92% 329606 32257 78%
c i  0.09  0 32 0   0  6   14    4 1.1 25 23 2 6 95% 329606 32255 78%
c i  0.11  0 34 0   0  1  164   34 1.1 32 30 2 6 97% 329606 32248 78%
c -  0.14  0 34 1   0  1  301   52 1.1 31 29 2 6 97% 314367 32238 78%
c i  0.15  0 34 1   0  1  395   75 1.1 31 28 2 6 97% 314367 32225 78%
c -  0.23  0 34 2   0  1  951  230 1.4 38 27 2 6 96% 314262 32184 78%
c I  0.24  0 34 2   0  1 1002  276 1.4 38 26 2 6 96% 314260 32184 78%
c -  0.48  0 31 3   1  1 2104  397 1.5 39 26 2 6 95% 314232 32184 78%
c B  0.71  0 30 3   2  1 3003  873 1.5 39 26 2 6 88% 314215 32184 78%
c d  0.73  0 30 3   2  1 3044  911 1.5 39 26 2 6 93% 312902 31529 76%
c c  0.81  0 30 3   2  1 3044  911 1.5 39 26 2 6 93% 312897 31529 76%
c d  0.82  0 30 3   2  1 3044  911 1.5 39 26 2 6 93% 312893 31527 76%
c -  1.05  0 31 4   2  1 3822  488 1.5 40 27 2 6 92% 312879 31527 76%
c W  1.60  0 31 4   4  1 6006 1607 1.4 40 28 26 31 91% 312854 31527 76%
c -  1.63  0 31 5   4  1 6132  563 1.4 40 28 26 31 91% 312852 31527 76%
c s  1.77  0 31 5   5  1 6705  866 1.4 40 28 26 31 91% 312828 31527 76%
c
c  seconds  reduction conflicts       size    tier2         variables
c         MB    restarts   redundant     glue     trail          remaining
c          level     rate       size/glue  tier1    irredundant
c
c e  1.96  0 31 5   5  1 6705  503 1.4 40 28 26 31 91% 307480 28970 70%
c s  1.98  0 31 5   5  1 6705  503 1.4 40 28 26 31 91% 307472 28970 70%
c e  2.01  0 31 5   5  1 6705  500 1.4 40 28 26 31 91% 307416 28954 70%
c 2  2.32  0 31 5   5  1 8148 1217 1.4 40 28 26 31 90% 307416 28954 70%
c -  2.61  0 31 6   6  1 9058  497 1.4 40 28 26 31 94% 307416 28954 70%
c F  2.79  0 31 6   6  1 10006 1058 1.4 40 29 26 30 95% 307416 28954 70%
c c  3.05  0 31 6   6  1 10846 1508 1.4 40 29 26 30 95% 307431 28954 70%
c d  3.06  0 31 6   6  1 10846 1508 1.4 40 29 26 30 95% 307401 28939 70%
c 2  3.06  0 31 6   6  1 10846 1508 1.4 40 29 26 30 95% 307268 28939 70%
c -  3.39  0 31 7   7  1 12597  650 1.4 40 29 26 30 94% 307268 28939 70%
c B  3.99  0 31 7   9  1 15007 1920 1.4 40 29 27 31 94% 307268 28939 70%
c -  4.36  0 32 8  10  1 16771  824 1.4 41 30 27 31 95% 307268 28939 70%
c u  4.43  0 32 8  10  1 16771  807 1.4 41 30 27 31 95% 307268 28939 70%
c v  4.44  0 32 8  10  1 16771  787 1.4 41 30 27 31 95% 307268 28939 70%
c w  4.45  0 32 8  10  1 16771  778 1.4 41 30 27 31 95% 307268 28939 70%
c x  4.46  0 32 8  10  1 16771  777 1.4 41 30 27 31 95% 307084 28939 70%
c s  5.12  0 32 8  12  1 20343 2661 1.4 41 30 27 31 95% 307084 28939 70%
c t  5.13  0 32 8  12  1 20343 2661 1.4 41 30 27 31 95% 307082 28939 70%
c e  5.16  0 32 8  12  1 20343 2661 1.4 41 30 27 31 95% 307035 28932 70%
c s  5.18  0 32 8  12  1 20343 2633 1.4 41 30 27 31 95% 307030 28932 70%
c
c  seconds  reductions conflicts       size    tier2         variables
c         MB    restarts    redundant     glue     trail          remaining
c          level     rate        size/glue  tier1    irredundant
c
c e  5.20  0 32 8  12  1 20343 2577 1.4 41 30 27 31 95% 306984 28921 70%
c W  5.55  0 32 8  13  1 21008 2945 1.4 41 30 27 31 95% 306984 28921 70%
c -  5.68  0 32 9  13  1 21586  905 1.4 41 30 27 31 95% 306984 28921 70%
c c  5.74  0 32 9  13  1 21586  905 1.4 41 30 27 31 95% 307041 28921 70%
c d  5.75  0 32 9  13  1 21586  905 1.4 41 30 27 31 95% 306905 28853 70%
c 2  5.76  0 32 9  13  1 21586  905 1.4 41 30 27 31 95% 306293 28853 70%
c -  6.80  0 32 10  14  1 27050 1066 1.4 41 30 27 31 95% 306293 28853 70%
c #  7.12  0 32 10  14  1 28009 1544 1.4 41 30 27 31 95% 306293 28853 70%
c -  8.18  0 32 11  14  1 33160 1311 1.4 42 30 27 31 95% 306293 28853 70%
c u  8.20  0 32 11  14  1 33160 1295 1.4 42 30 27 31 95% 306293 28853 70%
c v  8.22  0 32 11  14  1 33160 1261 1.4 42 30 27 31 95% 306293 28853 70%
c w  8.23  0 32 11  14  1 33160 1260 1.4 42 30 27 31 95% 306293 28853 70%
c x  8.24  0 32 11  14  1 33160 1259 1.4 42 30 27 31 95% 306161 28853 70%
c B  8.84  0 33 11  17  1 36012 3000 1.4 43 31 27 31 95% 306161 28853 70%
c -  9.64  0 33 12  20  1 39925 1344 1.4 43 31 28 33 95% 306161 28853 70%
c s 10.01  0 33 12  20  1 40792 1851 1.4 43 31 28 33 95% 305906 28853 70%
c e 10.04  0 33 12  20  1 40792 1843 1.4 43 31 28 33 95% 305870 28828 70%
c s 10.05  0 33 12  20  1 40792 1843 1.4 43 31 28 33 95% 305849 28828 70%
c e 10.08  0 33 12  20  1 40792 1817 1.4 43 31 28 33 95% 305821 28819 70%
c W 11.26  0 33 12  21  1 45013 4277 1.4 44 31 28 33 95% 305821 28819 70%
c
c  seconds  reductions  conflicts       size    tier2         variables
c         MB     restarts    redundant     glue     trail          remaining
c          level      rate        size/glue  tier1    irredundant
c
c - 11.76  0 33 13  23  1 47347 1510 1.4 43 31 28 33 95% 305821 28819 70%
c p 11.77  0 33 13  23  1 47347 1651 1.4 43 31 28 33 95% 305821 28819 70%
c O 13.38  0 33 13  28  1 55015 5576 1.4 43 31 28 33 95% 305821 28819 70%
c - 13.50  0 33 14  28  1 55427 1544 1.4 43 31 28 33 95% 305821 28819 70%
c p 13.51  0 33 14  28  1 55427 1706 1.4 43 31 28 33 95% 305821 28819 70%
c u 13.52  0 33 14  28  1 55427 1684 1.4 43 31 28 33 95% 305820 28819 70%
c v 13.56  0 33 14  28  1 55427 1655 1.4 43 31 28 33 95% 305820 28819 70%
c w 13.57  0 33 14  28  1 55427 1653 1.4 43 31 28 33 95% 305820 28819 70%
c x 13.58  0 33 14  28  1 55427 1653 1.4 43 31 28 33 95% 305812 28819 70%
c - 15.41  0 33 15  29  1 64168 1659 1.4 42 31 28 33 95% 305812 28819 70%
c p 15.42  0 33 15  29  1 64168 1961 1.4 42 31 28 33 95% 305812 28819 70%
c B 15.88  0 32 15  29  1 66018 2977 1.4 42 31 28 33 95% 305812 28819 70%
c s 16.29  0 33 15  30  1 68053 4153 1.4 42 31 28 33 95% 305694 28819 70%
c e 16.34  0 33 15  30  1 68053 4144 1.4 42 31 28 33 95% 305648 28796 70%
c s 16.38  0 33 15  30  1 68053 4138 1.4 42 31 28 33 95% 305595 28796 70%
c e 16.41  0 33 15  30  1 68053 4137 1.4 42 31 28 33 95% 305560 28780 70%
c - 17.63  0 33 16  30  1 73576 1844 1.4 42 31 27 32 95% 305560 28780 70%
c p 17.64  0 33 16  30  1 73576 2105 1.4 42 31 27 32 95% 305560 28780 70%
c v 17.69  0 33 16  30  1 73576 2054 1.4 42 31 27 32 95% 305560 28780 70%
c w 17.70  0 33 16  30  1 73576 2049 1.4 42 31 27 32 95% 305560 28780 70%
c
c  seconds  reductions  conflicts       size    tier2         variables
c         MB     restarts    redundant     glue     trail          remaining
c          level      rate        size/glue  tier1    irredundant
c
c W 19.00  0 33 16  30  1 78021 4514 1.4 42 31 27 32 95% 305560 28780 70%
c - 20.12  0 33 17  31  1 83647 2110 1.4 43 31 27 32 95% 305560 28780 70%
c p 20.14  0 33 17  31  1 83647 2397 1.4 43 31 27 32 95% 305560 28780 70%
c I 21.85  0 33 17  36  1 91023 6619 1.4 43 31 27 32 95% 305560 28780 70%
c - 22.65  0 32 18  37  1 94385 2226 1.4 43 31 27 32 95% 305560 28780 70%
c p 22.65  0 32 18  37  1 94385 2568 1.4 43 31 27 32 95% 305560 28780 70%
c u 22.68  0 32 18  37  1 94385 2556 1.4 43 31 27 32 95% 305560 28780 70%
c v 22.70  0 32 18  37  1 94385 2533 1.4 43 31 27 32 95% 305560 28780 70%
c w 22.71  0 32 18  37  1 94385 2530 1.4 43 31 27 32 95% 305560 28780 70%
c s 24.39  0 32 18  43  1 102138 7018 1.4 43 30 27 32 95% 305522 28780 70%
c e 24.43  0 32 18  43  1 102138 7003 1.4 43 30 27 32 95% 305510 28776 70%
c s 24.47  0 32 18  43  1 102138 6998 1.4 43 30 27 32 95% 305481 28776 70%
c e 24.49  0 32 18  43  1 102138 6997 1.4 43 30 27 32 95% 305462 28769 70%
c B 25.09  0 32 18  44  1 105024 8394 1.4 43 30 27 32 95% 305462 28769 70%
c - 25.27  0 32 19  44  1 105791 2337 1.4 43 30 27 32 95% 305462 28769 70%
c p 25.27  0 32 19  44  1 105791 2681 1.4 43 30 27 32 95% 305462 28769 70%
c - 27.90  0 32 20  47  1 117865 2458 1.4 43 30 27 32 95% 305462 28769 70%
c p 27.92  0 32 20  47  1 117865 2875 1.4 43 30 27 32 95% 305462 28769 70%
c v 28.00  0 32 20  47  1 117865 2826 1.4 43 30 27 32 95% 305462 28769 70%
c w 28.01  0 32 20  47  1 117865 2818 1.4 43 30 27 32 95% 305462 28769 70%
c
c  seconds  reductions  conflicts        size    tier2         variables
c         MB     restarts     redundant     glue     trail          remaining
c          level      rate         size/glue  tier1    irredundant
c
c W 29.01  0 32 20  48  1 120025 4146 1.4 43 30 27 32 95% 305462 28769 70%
c - 31.27  0 31 21  54  1 130609 2472 1.4 42 30 27 32 95% 305462 28769 70%
c p 31.28  0 31 21  54  1 130609 3009 1.4 42 30 27 32 95% 305462 28769 70%
c F 32.47  0 31 21  58  1 136026 6074 1.4 42 30 27 32 95% 305462 28769 70%
c s 33.94  0 32 21  60  1 143039 10382 1.4 43 30 25 32 95% 305431 28769 70%
c e 33.99  0 32 21  60  1 143039 10381 1.4 43 30 25 32 95% 305426 28767 70%
c s 34.02  0 32 21  60  1 143039 10378 1.4 43 30 25 32 95% 305411 28767 70%
c e 34.04  0 32 21  60  1 143039 10373 1.4 43 30 25 32 95% 305403 28764 70%
c - 34.25  0 32 22  60  1 144024 2950 1.4 43 30 25 32 95% 305403 28764 70%
c p 34.28  0 32 22  60  1 144024 3674 1.4 43 30 25 32 95% 305403 28764 70%
c v 34.36  0 32 22  60  1 144024 3598 1.4 43 30 25 32 95% 305403 28764 70%
c w 34.37  0 32 22  60  1 144024 3584 1.4 43 30 25 32 95% 305403 28764 70%
c B 36.01  0 32 22  61  1 153027 8519 1.4 43 30 25 32 95% 305403 28764 70%
c - 37.02  0 32 23  61  1 158110 2967 1.4 43 30 25 32 95% 305403 28764 70%
c p 37.04  0 32 23  61  1 158110 3921 1.4 43 30 25 32 95% 305403 28763 70%
c W 40.65  0 32 23  62  1 171029 10823 1.4 43 30 25 32 95% 305393 28763 70%
c - 41.07  0 32 24  62  1 172872 3077 1.4 43 30 25 32 95% 305393 28763 70%
c p 41.09  0 32 24  62  1 172872 4371 1.4 43 30 25 32 95% 305393 28763 70%
c v 41.23  0 32 24  62  1 172872 4323 1.4 43 30 25 32 95% 305393 28763 70%
c w 41.24  0 32 24  62  1 172872 4317 1.4 43 30 25 32 95% 305393 28763 70%
c
c  seconds  reductions  conflicts        size    tier2         variables
c         MB     restarts     redundant     glue     trail          remaining
c          level      rate         size/glue  tier1    irredundant
c
c - 44.78  0 32 25  62  1 188306 3208 1.4 43 30 25 32 95% 305393 28763 70%
c p 44.79  0 32 25  62  1 188306 4684 1.4 43 30 25 32 95% 305393 28762 70%
c u 44.83  0 32 25  62  1 188306 4673 1.4 43 30 25 32 95% 305393 28762 70%
c v 44.85  0 32 25  62  1 188306 4647 1.4 43 30 25 32 95% 305393 28762 70%
c w 44.86  0 32 25  62  1 188306 4637 1.4 43 30 25 32 95% 305393 28762 70%
c # 45.29  0 32 25  62  1 190032 5616 1.4 43 30 25 32 95% 305393 28762 70%
c s 45.46  0 32 25  62  1 190758 6070 1.4 43 30 25 32 95% 305378 28762 70%
c e 45.49  0 32 25  62  1 190758 5990 1.4 43 30 25 32 95% 305351 28756 70%
c s 45.52  0 32 25  62  1 190758 5982 1.4 43 30 25 32 95% 305329 28756 70%
c e 45.54  0 32 25  62  1 190758 5982 1.4 43 30 25 32 95% 305311 28750 70%
c - 48.21  0 32 26  66  1 204413 3324 1.4 43 30 25 32 95% 305311 28750 70%
c p 48.24  0 32 26  66  1 204413 4726 1.4 43 30 25 32 95% 305311 28750 70%
c u 48.30  0 32 26  66  1 204413 4694 1.4 43 30 25 32 95% 305311 28750 70%
c v 48.32  0 32 26  66  1 204413 4683 1.4 43 30 25 32 95% 305311 28750 70%
c w 48.33  0 32 26  66  1 204413 4679 1.4 43 30 25 32 95% 305311 28750 70%
c B 49.47  0 32 26  69  1 210034 7716 1.4 43 30 25 32 95% 305311 28750 70%
c - 51.93  0 32 27  76  1 221196 3516 1.4 43 30 25 32 95% 305311 28750 70%
c p 51.94  0 32 27  76  1 221196 5003 1.4 43 30 25 32 95% 305311 28750 70%
c u 51.98  0 32 27  76  1 221196 4985 1.4 43 30 25 32 95% 305311 28750 70%
c v 52.00  0 32 27  76  1 221196 4975 1.4 43 30 25 32 95% 305311 28750 70%
c
c  seconds  reductions  conflicts        size    tier2         variables
c         MB     restarts     redundant     glue     trail          remaining
c          level      rate         size/glue  tier1    irredundant
c
c w 52.01  0 32 27  76  1 221196 4967 1.4 43 30 25 32 95% 305311 28750 70%
c W 54.74  0 32 27  77  1 231037 10987 1.4 43 30 25 32 95% 305311 28750 70%
c - 56.50  0 32 28  82  1 238652 3971 1.5 44 30 25 32 95% 305311 28750 70%
c p 56.52  0 32 28  82  1 238652 5612 1.5 44 30 25 32 95% 305311 28749 70%
c u 56.57  0 32 28  82  1 238652 5596 1.5 44 30 25 32 95% 305311 28749 70%
c v 56.57  0 32 28  82  1 238652 5585 1.5 44 30 25 32 95% 305311 28749 70%
c w 56.58  0 32 28  82  1 238652 5583 1.5 44 30 25 32 95% 305311 28749 70%
c s 58.09  0 32 28  85  1 245298 9437 1.5 44 30 25 32 95% 305291 28749 70%
c e 58.12  0 32 28  85  1 245298 9437 1.5 44 30 25 32 95% 305275 28747 70%
c s 58.15  0 32 28  85  1 245298 9429 1.5 44 30 25 32 95% 305266 28747 70%
c e 58.17  0 32 28  85  1 245298 9425 1.5 44 30 25 32 95% 305256 28743 69%
c O 59.86  0 32 28  90  1 253038 13669 1.4 43 30 25 32 95% 305256 28743 69%
c - 60.76  0 32 29  91  1 256785 4084 1.4 43 30 25 32 95% 305256 28743 69%
c p 60.77  0 32 29  91  1 256785 5779 1.4 43 30 25 32 95% 305256 28742 69%
c u 60.82  0 32 29  91  1 256785 5753 1.4 43 30 25 32 95% 305256 28742 69%
c v 60.84  0 32 29  91  1 256785 5745 1.4 43 30 25 32 95% 305256 28742 69%
c w 60.85  0 32 29  91  1 256785 5737 1.4 43 30 25 32 95% 305256 28742 69%
c - 64.60  0 32 30  93  1 275593 4232 1.4 43 30 25 32 95% 305246 28742 69%
c p 64.62  0 32 30  93  1 275593 6036 1.4 43 30 25 32 95% 305246 28742 69%
c v 65.05  0 32 30  93  1 275593 6014 1.4 43 30 25 32 95% 305246 28742 69%
c
c  seconds  reductions  conflicts        size    tier2         variables
c         MB     restarts     redundant     glue     trail          remaining
c          level      rate         size/glue  tier1    irredundant
c
c w 65.06  0 32 30  93  1 275593 6008 1.4 43 30 25 32 95% 305246 28742 69%
c B 65.16  0 32 30  93  1 276041 6315 1.4 43 30 25 32 95% 305246 28742 69%
c - 69.09  0 31 31 101  1 295078 4258 1.4 43 30 25 32 95% 305246 28742 69%
c p 69.10  0 31 31 101  1 295078 6162 1.4 43 30 25 32 95% 305246 28742 69%
c u 69.15  0 31 31 101  1 295078 6141 1.4 43 30 25 32 95% 305246 28742 69%
c v 69.16  0 31 31 101  1 295078 6099 1.4 43 30 25 32 95% 305246 28742 69%
c w 69.17  0 31 31 101  1 295078 6089 1.4 43 30 25 32 95% 305246 28742 69%
c W 71.16  0 31 31 104  1 300044 8644 1.4 43 30 25 32 95% 305246 28742 69%
c s 72.74  0 31 31 107  1 306656 12295 1.4 43 30 25 32 95% 305232 28742 69%
c e 72.78  0 31 31 107  1 306656 12193 1.4 43 30 25 32 95% 305213 28735 69%
c s 72.81  0 31 31 107  1 306656 12175 1.4 43 30 25 32 95% 305193 28735 69%
c e 72.83  0 31 31 107  1 306656 12173 1.4 43 30 25 32 95% 305182 28731 69%
c - 74.85  0 31 32 108  1 315240 4291 1.4 42 29 25 32 95% 305182 28731 69%
c p 74.87  0 31 32 108  1 315240 5947 1.4 42 29 25 32 95% 305182 28731 69%
c u 74.94  0 31 32 108  1 315240 5916 1.4 42 29 25 32 95% 305182 28731 69%
c v 74.96  0 31 32 108  1 315240 5894 1.4 42 29 25 32 95% 305182 28731 69%
c w 74.97  0 31 32 108  1 315240 5883 1.4 42 29 25 32 95% 305182 28731 69%
c I 77.03  0 31 32 115  1 325045 12255 1.4 42 29 25 32 95% 305182 28731 69%
c - 79.61  0 31 33 121  1 336078 5062 1.5 42 29 24 31 95% 305182 28731 69%
c p 79.62  0 31 33 121  1 336078 6815 1.5 42 29 24 31 95% 305182 28730 69%
c
c  seconds  reductions  conflicts        size    tier2         variables
c         MB     restarts     redundant     glue     trail          remaining
c          level      rate         size/glue  tier1    irredundant
c
c u 79.67  0 31 33 121  1 336078 6792 1.5 42 29 24 31 95% 305182 28730 69%
c v 79.68  0 31 33 121  1 336078 6780 1.5 42 29 24 31 95% 305182 28730 69%
c w 79.70  0 31 33 121  1 336078 6777 1.5 42 29 24 31 95% 305182 28730 69%
c B 82.96  0 31 33 124  1 351046 18818 1.6 45 29 24 31 95% 305182 28730 69%
c - 84.40  0 31 34 124  1 357593 6010 1.6 46 29 24 31 95% 305172 28730 69%
c p 84.43  0 31 34 124  1 357593 7691 1.6 46 29 24 31 95% 305172 28730 69%
c u 84.48  0 31 34 124  1 357593 7670 1.6 46 29 24 31 95% 305172 28730 69%
c v 84.50  0 31 34 124  1 357593 7655 1.6 46 29 24 31 95% 305172 28730 69%
c w 84.51  0 31 34 124  1 357593 7648 1.6 46 29 24 31 95% 305172 28730 69%
c s 88.13  0 31 34 125  1 374836 16909 1.5 45 29 24 31 95% 305162 28730 69%
c s 88.20  0 31 34 125  1 374836 16887 1.5 45 29 24 31 95% 305162 28730 69%
c e 88.22  0 31 34 125  1 374836 16887 1.5 45 29 24 31 95% 305157 28728 69%
c W 90.05  0 31 34 125  1 378048 18837 1.5 46 29 24 31 95% 305157 28728 69%
c - 90.53  0 31 35 125  1 379787 5384 1.6 46 29 24 31 95% 305157 28728 69%
c 2 90.53  0 31 35 125  1 379787 5383 1.6 46 29 24 31 95% 305157 28728 69%
c p 90.54  0 31 35 125  1 379787 7028 1.6 46 29 24 31 95% 305157 28728 69%
c w 90.64  0 31 35 125  1 379787 6976 1.6 46 29 24 31 95% 305157 28728 69%
c - 95.54  0 31 36 126  1 402657 5075 1.5 45 29 24 31 95% 305157 28728 69%
c p 95.56  0 31 36 126  1 402657 6795 1.5 45 29 24 31 95% 305157 28728 69%
c u 95.64  0 31 36 126  1 402657 6776 1.5 45 29 24 31 95% 305157 28728 69%
c
c  seconds  reductions  conflicts        size    tier2         variables
c         MB     restarts     redundant     glue     trail          remaining
c          level      rate         size/glue  tier1    irredundant
c
c v 95.66  0 31 36 126  1 402657 6762 1.5 45 29 24 31 95% 305157 28728 69%
c w 95.67  0 31 36 126  1 402657 6750 1.5 45 29 24 31 95% 305157 28728 69%
c F 96.39  0 31 36 126  1 406049 8386 1.5 45 29 24 31 95% 305157 28728 69%
c - 100.33  0 31 37 126  1 426205 5293 1.5 45 30 24 31 95% 305157 28728 69%
c p 100.35  0 31 37 126  1 426205 6870 1.5 45 30 24 31 95% 305157 28727 69%
c v 100.50  0 31 37 126  1 426205 6847 1.5 45 30 24 31 95% 305157 28727 69%
c w 100.51  0 31 37 126  1 426205 6842 1.5 45 30 24 31 95% 305157 28727 69%
c B 102.30  0 32 37 126  1 435051 11996 1.5 45 30 24 31 95% 305157 28727 69%
c s 105.52  0 31 37 126  1 449835 19945 1.5 44 29 24 31 95% 305155 28727 69%
c e 105.57  0 31 37 126  1 449835 19945 1.5 44 29 24 31 95% 305143 28726 69%
c s 105.60  0 31 37 126  1 449835 19927 1.5 44 29 24 31 95% 305141 28726 69%
c - 105.78  0 31 38 126  1 450436 5579 1.5 44 29 24 31 95% 305141 28726 69%
c p 105.80  0 31 38 126  1 450436 7558 1.5 44 29 24 31 95% 305141 28726 69%
c u 106.25  0 31 38 126  1 450436 7507 1.5 44 29 24 31 95% 305141 28726 69%
c v 106.28  0 31 38 126  1 450436 7498 1.5 44 29 24 31 95% 305141 28726 69%
c w 106.29  0 31 38 126  1 450436 7493 1.5 44 29 24 31 95% 305141 28726 69%
c W 110.35  0 31 38 126  1 465053 15906 1.5 45 29 24 31 95% 305141 28726 69%
c - 112.71  0 31 39 133  1 475342 5915 1.5 45 29 24 31 95% 305141 28726 69%
c p 112.72  0 31 39 133  1 475342 7746 1.5 45 29 24 31 95% 305141 28725 69%
c u 112.77  0 31 39 133  1 475342 7719 1.5 45 29 24 31 95% 305141 28725 69%
c
c  seconds   reductions  conflicts        size    tier2         variables
c          MB     restarts     redundant     glue     trail          remaining
c           level      rate         size/glue  tier1    irredundant
c
c v 112.79  0 31 39 133  1 475342 7684 1.5 45 29 24 31 95% 305141 28725 69%
c w 112.80  0 31 39 133  1 475342 7674 1.5 45 29 24 31 95% 305141 28725 69%
c # 117.22  0 31 39 141  1 496054 19672 1.5 45 29 24 31 95% 305141 28725 69%
c - 118.25  0 31 40 144  1 500929 6074 1.5 45 30 24 31 95% 305131 28725 69%
c p 118.27  0 31 40 144  1 500929 7848 1.5 45 30 24 31 95% 305131 28724 69%
c u 118.36  0 31 40 144  1 500929 7815 1.5 45 30 24 31 95% 305131 28724 69%
c v 118.38  0 31 40 144  1 500929 7772 1.5 45 30 24 31 95% 305131 28724 69%
c w 118.39  0 31 40 144  1 500929 7757 1.5 45 30 24 31 95% 305131 28724 69%
c - 123.76  0 31 41 156  1 527195 5637 1.5 44 30 24 31 95% 305121 28724 69%
c p 123.77  0 31 41 156  1 527195 7259 1.5 44 30 24 31 95% 305121 28724 69%
c u 123.84  0 31 41 156  1 527195 7246 1.5 44 30 24 31 95% 305121 28724 69%
c v 123.86  0 31 41 156  1 527195 7214 1.5 44 30 24 31 95% 305121 28724 69%
c w 123.87  0 31 41 156  1 527195 7198 1.5 44 30 24 31 95% 305121 28724 69%
c B 124.05  0 31 41 156  1 528055 7691 1.5 44 30 24 31 95% 305121 28724 69%
c s 124.85  0 31 41 156  1 531653 10033 1.5 44 30 24 31 95% 305120 28724 69%
c s 124.91  0 31 41 156  1 531653 10013 1.5 44 30 24 31 95% 305119 28724 69%
c e 124.93  0 31 41 156  1 531653 10013 1.5 44 30 24 31 95% 305117 28723 69%
c - 129.56  0 32 42 162  1 554141 6056 1.5 45 30 24 31 95% 305117 28723 69%
c p 129.58  0 32 42 162  1 554141 7773 1.5 45 30 24 31 95% 305117 28723 69%
c u 129.65  0 32 42 162  1 554141 7723 1.5 45 30 24 31 95% 305117 28723 69%
c
c  seconds   reductions  conflicts        size    tier2         variables
c          MB     restarts     redundant     glue     trail          remaining
c           level      rate         size/glue  tier1    irredundant
c
c v 129.67  0 32 42 162  1 554141 7690 1.5 45 30 24 31 95% 305117 28723 69%
c w 129.69  0 32 42 162  1 554141 7677 1.5 45 30 24 31 95% 305117 28723 69%
c W 132.16  0 32 42 165  1 561056 11434 1.5 45 30 24 31 95% 305117 28723 69%
c - 136.34  0 32 43 173  1 581766 6060 1.5 44 30 24 31 95% 305117 28723 69%
c p 136.36  0 32 43 173  1 581766 7782 1.5 44 30 24 31 95% 305117 28723 69%
c u 136.44  0 32 43 173  1 581766 7733 1.5 44 30 24 31 95% 305117 28723 69%
c v 136.46  0 32 43 173  1 581766 7705 1.5 44 30 24 31 95% 305117 28723 69%
c w 136.47  0 32 43 173  1 581766 7689 1.5 44 30 24 31 95% 305117 28723 69%
c O 139.49  0 32 43 181  1 595057 15190 1.5 44 30 24 31 95% 305117 28723 69%
c - 142.62  0 31 44 187  1 610071 6412 1.5 43 30 24 31 95% 305117 28723 69%
c p 142.64  0 31 44 187  1 610071 8375 1.5 43 30 24 31 95% 305117 28723 69%
c u 142.73  0 31 44 187  1 610071 8348 1.5 43 30 24 31 95% 305117 28723 69%
c v 142.75  0 31 44 187  1 610071 8337 1.5 43 30 24 31 95% 305117 28723 69%
c w 142.77  0 31 44 187  1 610071 8320 1.5 43 30 24 31 95% 305117 28723 69%
c s 144.97  0 31 44 188  1 620291 14648 1.5 44 30 24 31 95% 305116 28723 69%
c s 145.03  0 31 44 188  1 620291 14630 1.5 44 30 24 31 95% 305116 28723 69%
c e 145.04  0 31 44 188  1 620291 14628 1.5 44 30 24 31 95% 305114 28722 69%
c B 147.26  0 31 44 188  1 630059 19764 1.5 44 30 24 31 95% 305114 28722 69%
c - 149.30  0 32 45 189  1 639057 6929 1.5 44 30 24 31 95% 305114 28722 69%
c p 149.32  0 32 45 189  1 639057 9232 1.5 44 30 24 31 95% 305114 28722 69%
c
c  seconds   reductions  conflicts        size    tier2         variables
c          MB     restarts     redundant     glue     trail          remaining
c           level      rate         size/glue  tier1    irredundant
c
c u 149.48  0 32 45 189  1 639057 9181 1.5 44 30 24 31 95% 305114 28722 69%
c v 149.50  0 32 45 189  1 639057 9145 1.5 44 30 24 31 95% 305114 28722 69%
c w 149.52  0 32 45 189  1 639057 9133 1.5 44 30 24 31 95% 305114 28722 69%
c W 156.57  0 32 45 191  1 666060 23629 1.5 44 30 24 31 95% 305114 28722 69%
c - 157.15  0 32 46 193  1 668724 6845 1.5 44 30 24 31 95% 305114 28722 69%
c p 157.17  0 32 46 193  1 668724 8848 1.5 44 30 24 31 95% 305114 28721 69%
c v 157.26  0 32 46 193  1 668724 8794 1.5 44 30 24 31 95% 305114 28721 69%
c w 157.27  0 32 46 193  1 668724 8786 1.5 44 30 24 31 95% 305114 28721 69%
c - 163.62  0 32 47 206  1 699070 7263 1.5 45 30 24 31 95% 305104 28721 69%
c p 163.64  0 32 47 206  1 699070 9265 1.5 45 30 24 31 95% 305104 28721 69%
c v 164.18  0 32 47 206  1 699070 9240 1.5 45 30 24 31 95% 305104 28721 69%
c w 164.20  0 32 47 206  1 699070 9221 1.5 45 30 24 31 95% 305104 28721 69%
c I 165.10  0 32 47 209  1 703062 11490 1.5 45 30 24 31 95% 305104 28721 69%
c s 167.93  0 31 47 216  1 715747 17343 1.5 44 29 24 31 95% 305104 28721 69%
c s 168.00  0 31 47 216  1 715747 17115 1.5 44 29 24 31 95% 305104 28721 69%
c - 171.06  0 31 48 219  1 730097 6658 1.5 43 29 24 31 95% 305104 28721 69%
c p 171.09  0 31 48 219  1 730097 8838 1.5 43 29 24 31 95% 305104 28721 69%
c v 171.23  0 31 48 219  1 730097 8720 1.5 43 29 24 31 95% 305104 28721 69%
c w 171.24  0 31 48 219  1 730097 8706 1.5 43 29 24 31 95% 305104 28721 69%
c B 173.62  0 30 48 220  1 741064 14171 1.5 42 29 24 31 95% 305104 28721 69%
c
c  seconds   reductions  conflicts        size    tier2         variables
c          MB     restarts     redundant     glue     trail          remaining
c           level      rate         size/glue  tier1    irredundant
c
c - 178.55  0 30 49 229  1 761806 6738 1.4 41 28 24 31 95% 305104 28721 69%
c p 178.57  0 30 49 229  1 761806 9137 1.4 41 28 24 31 95% 305104 28721 69%
c u 178.67  0 30 49 229  1 761806 9107 1.4 41 28 24 31 95% 305104 28721 69%
c v 178.71  0 30 49 229  1 761806 9055 1.4 41 28 24 31 95% 305104 28721 69%
c w 178.73  0 30 49 229  1 761806 9038 1.4 41 28 24 31 95% 305104 28721 69%
c W 183.66  0 30 49 235  1 780065 17734 1.4 40 28 24 31 95% 305104 28721 69%
c - 186.60  0 29 50 243  1 794197 6629 1.4 40 28 24 31 95% 305104 28721 69%
c p 186.62  0 29 50 243  1 794197 8751 1.4 40 28 24 31 95% 305104 28721 69%
c u 186.72  0 29 50 243  1 794197 8730 1.4 40 28 24 31 95% 305104 28721 69%
c v 186.74  0 29 50 243  1 794197 8660 1.4 40 28 24 31 95% 305104 28721 69%
c w 186.75  0 29 50 243  1 794197 8642 1.4 40 28 24 31 95% 305104 28721 69%
c s 191.77  0 29 50 251  1 818024 20508 1.4 39 28 24 31 95% 305102 28721 69%
c s 191.84  0 29 50 251  1 818024 20492 1.4 39 28 24 31 95% 305102 28721 69%
c F 192.36  0 29 50 251  1 820068 21585 1.4 39 27 24 31 95% 305102 28721 69%
c - 193.91  0 29 51 251  1 827269 7039 1.4 40 28 24 31 95% 305102 28721 69%
c 2 193.91  0 29 51 251  1 827269 7038 1.4 40 28 24 31 95% 305102 28721 69%
c p 193.94  0 29 51 251  1 827269 9221 1.4 40 28 24 31 95% 305102 28721 69%
c u 194.03  0 29 51 251  1 827269 9184 1.4 40 28 24 31 95% 305102 28721 69%
c v 194.06  0 29 51 251  1 827269 9132 1.4 40 28 24 31 95% 305102 28721 69%
c w 194.08  0 29 51 251  1 827269 9105 1.4 40 28 24 31 95% 305102 28721 69%
c
c  seconds   reductions  conflicts        size    tier2         variables
c          MB     restarts     redundant     glue     trail          remaining
c           level      rate         size/glue  tier1    irredundant
c
c - 201.14  0 30 52 252  1 861022 7580 1.4 41 29 24 31 95% 305102 28721 69%
c p 201.16  0 30 52 252  1 861022 9896 1.4 41 29 24 31 95% 305102 28721 69%
c u 201.25  0 30 52 252  1 861022 9844 1.4 41 29 24 31 95% 305102 28721 69%
c v 201.27  0 30 52 252  1 861022 9774 1.4 41 29 24 31 95% 305102 28721 69%
c w 201.29  0 30 52 252  1 861022 9767 1.4 41 29 24 31 95% 305102 28721 69%
c B 201.33  0 30 52 252  1 861069 9801 1.4 41 29 24 31 95% 305102 28721 69%
c - 209.20  0 30 53 253  1 895457 7556 1.4 41 29 24 31 95% 305102 28721 69%
c p 209.22  0 30 53 253  1 895457 9898 1.4 41 29 24 31 95% 305102 28721 69%
c u 209.32  0 30 53 253  1 895457 9849 1.4 41 29 24 31 95% 305102 28721 69%
c v 209.35  0 30 53 253  1 895457 9806 1.4 41 29 24 31 95% 305102 28721 69%
c w 209.37  0 30 53 253  1 895457 9781 1.4 41 29 24 31 95% 305102 28721 69%
c W 212.42  0 30 53 253  1 903074 13620 1.4 41 29 24 31 95% 305102 28721 69%
c - 218.37  0 30 54 254  1 930576 8079 1.5 42 28 24 31 95% 305102 28721 69%
c p 218.39  0 30 54 254  1 930576 10393 1.5 42 28 24 31 95% 305102 28721 69%
c c 218.46  0 30 54 254  1 930576 10393 1.5 42 28 24 31 95% 305103 28721 69%
c d 218.47  0 30 54 254  1 930576 10393 1.5 42 28 24 31 95% 305101 28720 69%
c 2 218.52  0 30 54 254  1 930576 10393 1.5 42 28 24 31 95% 305093 28720 69%
c v 218.61  0 30 54 254  1 930576 10374 1.5 42 28 24 31 95% 305093 28720 69%
c w 218.62  0 30 54 254  1 930576 10358 1.5 42 28 24 31 95% 305093 28720 69%
c s 218.71  0 30 54 254  1 930576 10327 1.5 42 28 24 31 95% 305091 28720 69%
c
c  seconds   reductions  conflicts         size    tier2         variables
c          MB     restarts      redundant     glue     trail          remaining
c           level      rate          size/glue  tier1    irredundant
c
c s 218.77  0 30 54 254  1 930576 10308 1.5 42 28 24 31 95% 305091 28720 69%
c # 222.21  0 29 54 254  1 946075 18820 1.5 42 28 24 31 95% 305091 28720 69%
c - 226.40  0 30 55 254  1 966375 8375 1.5 42 28 24 31 95% 305091 28720 69%
c p 226.43  0 30 55 254  1 966375 10777 1.5 42 28 24 31 95% 305091 28720 69%
c u 226.52  0 30 55 254  1 966375 10713 1.5 42 28 24 31 95% 305091 28720 69%
c v 226.56  0 30 55 254  1 966375 10681 1.5 42 28 24 31 95% 305091 28720 69%
c w 226.58  0 30 55 254  1 966375 10657 1.5 42 28 24 31 95% 305091 28720 69%
c B 231.65  0 30 55 254  1 990077 23107 1.5 42 29 24 31 95% 305091 28720 69%
c - 234.44  0 30 56 254  1 1002858 8307 1.5 42 29 24 31 95% 305091 28720 69%
c p 234.46  0 30 56 254  1 1002858 10904 1.5 42 29 24 31 95% 305091 28720 69%
c u 234.57  0 30 56 254  1 1002858 10884 1.5 42 29 24 31 95% 305091 28720 69%
c v 234.60  0 30 56 254  1 1002858 10845 1.5 42 29 24 31 95% 305091 28720 69%
c w 234.62  0 30 56 254  1 1002858 10832 1.5 42 29 24 31 95% 305091 28720 69%
c W 242.88  0 29 56 254  1 1035079 27211 1.5 41 28 24 31 95% 305091 28720 69%
c - 243.97  0 29 57 254  1 1040020 8224 1.5 41 28 24 31 95% 305091 28720 69%
c p 243.99  0 29 57 254  1 1040020 10780 1.5 41 28 24 31 95% 305091 28720 69%
c u 244.22  0 29 57 254  1 1040020 10729 1.5 41 28 24 31 95% 305091 28720 69%
c v 244.25  0 29 57 254  1 1040020 10701 1.5 41 28 24 31 95% 305091 28720 69%
c w 244.29  0 29 57 254  1 1040020 10686 1.5 41 28 24 31 95% 305091 28720 69%
c - 252.44  0 29 58 264  1 1077866 8838 1.5 42 28 23 30 95% 305091 28720 69%
c
c  seconds   reductions   conflicts         size    tier2         variables
c          MB     restarts       redundant     glue     trail          remaining
c           level      rate           size/glue  tier1    irredundant
c
c p 252.46  0 29 58 264  1 1077866 11454 1.5 42 28 23 30 95% 305091 28720 69%
c u 252.58  0 29 58 264  1 1077866 11437 1.5 42 28 23 30 95% 305091 28720 69%
c v 252.62  0 29 58 264  1 1077866 11413 1.5 42 28 23 30 95% 305091 28720 69%
c w 252.65  0 29 58 264  1 1077866 11406 1.5 42 28 23 30 95% 305091 28720 69%
c O 253.38  0 29 58 266  1 1081084 13099 1.5 42 28 23 30 95% 305091 28720 69%
c - 260.91  0 30 59 282  1 1116394 8848 1.5 42 28 23 30 94% 305091 28720 69%
c p 260.94  0 30 59 282  1 1116394 11633 1.5 42 28 23 30 94% 305091 28720 69%
c u 261.14  0 30 59 282  1 1116394 11577 1.5 42 28 23 30 94% 305091 28720 69%
c v 261.18  0 30 59 282  1 1116394 11551 1.5 42 28 23 30 94% 305091 28720 69%
c w 261.20  0 30 59 282  1 1116394 11534 1.5 42 28 23 30 94% 305091 28720 69%
c B 263.77  0 30 59 284  1 1128087 17952 1.5 42 28 23 30 94% 305091 28720 69%
c ] 267.67  0 30 59 285  1 1145176 27899 1.5 42 28 23 30 94% 305091 28720 69%
c ? 267.67  0 30 59 285  1 1145176 27899 1.5 42 28 23 30 94% 305091 28720 69%
c
c --- [ result ] -------------------------------------------------------------
c
c writing result to 'search-results/cadical-support70-cover-20260902/anchor-002-p1-s1.result'
c
c --- [ run-time profiling ] -------------------------------------------------
c
c process time taken by individual solving procedures
c (percentage relative to process time for solving)
c
c       256.38   95.80% search
c       243.37   90.94% stable
c        12.98    4.85% walk
c        11.24    4.20% simplify
c         3.71    1.39% vivify
c         1.86    0.69% sweep
c         1.02    0.38% backbone
c         1.01    0.38% congruence
c         0.94    0.35% subsume
c         0.88    0.33% elim
c         0.35    0.13% probe
c         0.26    0.10% ternary
c         0.06    0.02% parse
c         0.03    0.01% lucky
c   =================================
c       267.61   99.98% solve
c
c last line shows process time for solving
c (percentage relative to total process time)
c
c --- [ statistics ] ---------------------------------------------------------
c
c chronological:            110375         9.64 %  of conflicts
c conflicts:               1145176      4279.21    per second
c backbone:               76812159    185729.52 %  of vars
c decisions:               1213473      4534.42    per second
c eliminated:                 2714         6.56 %  of all variables
c fixed:                      9182        22.20 %  of all variables
c learned:                 1129881        98.66 %  per conflict
c learned_lits:          574679937       100.00 %  learned literals
c minimized:                     0         0.00 %  learned literals
c shrunken:              522148502        90.86 %  learned literals
c minishrunken:            4218140         0.73 %  learned literals
c otfs:                        563         0.05 %  of conflict
c propagations:          992341050         3.71 M  per second
c reduced:                  599160        52.32 %  per conflict
c rephased:                     47     24365.45    interval
c restarts:                    285      4018.16    interval
c substituted:                 741         1.79 %  of all variables
c subsumed:                 504877        32.54 %  of all clauses
c strengthened:              39727         2.56 %  of all clauses
c ticks:               11489069055        15.02    propagation
c vivified:                   1346         0.09 %  of all clauses
c walked:                       15     76345.07    interval
c weakened:                  13127         2.79    average size
c congruence:                   15     76345.07    interval
c
c seconds are measured in process time for solving
c
c --- [ glue usage ] ---------------------------------------------------------
c
c focused glue 2 used 0 clauses 0.000% accumulated 0.000% tier1
c focused glue 3 used 0 clauses 0.000% accumulated 0.000%
c focused glue 4 used 0 clauses 0.000% accumulated 0.000%
c focused glue 5 used 0 clauses 0.000% accumulated 0.000%
c focused glue 6 used 0 clauses 0.000% accumulated 0.000% tier2
c
c stable glue 23 used 185130 clauses 4.947% accumulated 50.85% tier1
c stable glue 24 used 188326 clauses 5.032% accumulated 55.89%
c stable glue 25-28 used 761189 clauses 20.34% accumulated 76.23%
c stable glue 29 used 179909 clauses 4.807% accumulated 81.04%
c stable glue 30 used 167872 clauses 4.486% accumulated 85.52% tier2
c
c
c --- [ resources ] ----------------------------------------------------------
c
c total process time since initialization:       267.67    seconds
c total real time since initialization:          300.01    seconds
c maximum resident set size of process:          219.34    MB
c
c --- [ shutting down ] ------------------------------------------------------
c
c exit 0
