c --- [ banner ] -------------------------------------------------------------
c
c CaDiCaL SAT Solver
c Copyright (c) 2016-2026
c A. Biere, M. Fleury, N. Froleyks, K. Fazekas, F. Pollitt, T. Faller
c JKU Linz, University of Freiburg, TU Wien
c
c Version 3.0.1 c60730422e758ef1cebe7aeddf2dda31c996bf04
c Apple clang version 21.0.0 (clang-2100.1.1.101) -Wall -Wextra -O3 -DNDEBUG -DNCLOSEFROM
c Tue Sep 1 21:08:57 PDT 2026 Darwin retained-runner 25.6.0 arm64
c
c --- [ limit ] --------------------------------------------------------------
c
c setting time limit to 300 seconds real time (due to '-t 300')
c
c --- [ parsing input ] ------------------------------------------------------
c
c reading DIMACS file from 'search-results/cadical-support70-cover-20260902/cnf/anchor-002-p1-s0.cnf'
c opening file to read 'search-results/cadical-support70-cover-20260902/cnf/anchor-002-p1-s0.cnf'
c found 'p cnf 41357 414868' header
c parsed 414868 clauses in 0.05 seconds process time
c
c --- [ options ] ------------------------------------------------------------
c
c   --elimeffort=10                (different from default '1e3')
c   --stabilizeonly=true           (different from default 'false')
c   --subsumeeffort=60             (different from default '1e3')
c
c --- [ solving ] ------------------------------------------------------------
c
c time measured in process time since initialization
c
c  seconds  reduction conflicts       size tier2        variables
c         MB    restarts   redundant    glue  trail          remaining
c          level     rate       size/glu tier1  irredundant
c
c *  0.05  0  0 0   0  0    0    0 0.0 0 0 2 6  0% 329698 32370 78%
c )  0.06  0  0 0   0  0    0    0 0.0 0 0 2 6  0% 329698 32370 78%
c [  0.07  0  0 0   0  0    0    0 0.0 0 0 2 6  0% 329698 32370 78%
c i  0.07  0  1 0   0 33    1    0 0.0 1 0 2 6 93% 329698 32330 78%
c i  0.07  0 29 0   0 12    6    3 3.3 12 4 2 6 93% 329698 32325 78%
c i  0.09  0 35 0   0  1  163   53 1.6 46 30 2 6 97% 329698 32317 78%
c -  0.11  0 35 1   0  1  302   77 1.6 46 28 2 6 97% 314472 32307 78%
c -  0.22  0 35 2   0  1  955  255 2.1 61 29 2 6 96% 314467 32307 78%
c I  0.23  0 35 2   0  1 1002  300 2.2 62 29 2 6 96% 314466 32307 78%
c -  0.43  0 31 3   1  1 2111  320 1.9 50 27 2 6 94% 314439 32307 78%
c B  0.62  0 30 3   2  1 3004  841 1.8 48 26 2 6 92% 314419 32307 78%
c d  0.63  0 30 3   2  1 3044  877 1.8 48 26 2 6 91% 313108 31652 77%
c c  0.70  0 30 3   2  1 3044  877 1.8 48 26 2 6 91% 313103 31652 77%
c d  0.71  0 30 3   2  1 3044  877 1.8 48 26 2 6 91% 313099 31650 77%
c -  0.92  0 31 4   2  1 3830  406 1.7 47 27 2 6 91% 313081 31650 77%
c W  1.54  0 32 4   4  1 6004 1727 1.6 47 29 26 32 92% 313047 31650 77%
c -  1.58  0 32 5   4  1 6146  544 1.6 47 29 26 32 92% 313047 31650 77%
c s  1.71  0 32 5   5  1 6697  794 1.6 47 29 26 32 92% 312999 31650 77%
c e  1.96  0 32 5   5  1 6697  443 1.6 47 29 26 32 92% 307410 28963 70%
c s  1.98  0 32 5   5  1 6697  443 1.6 47 29 26 32 92% 307407 28963 70%
c
c  seconds  reduction conflicts       size    tier2         variables
c         MB    restarts   redundant     glue     trail          remaining
c          level     rate       size/glue  tier1    irredundant
c
c e  2.01  0 32 5   5  1 6697  442 1.6 47 29 26 32 92% 307291 28939 70%
c -  2.54  0 32 6   6  1 9077  460 1.5 45 29 27 32 94% 307291 28939 70%
c F  2.72  0 32 6   6  1 10005 1042 1.5 45 30 27 32 95% 307291 28939 70%
c c  2.96  0 32 6   6  1 10849 1713 1.5 45 30 27 32 95% 307306 28939 70%
c d  2.97  0 32 6   6  1 10849 1713 1.5 45 30 27 32 95% 307276 28924 70%
c 2  2.98  0 32 6   6  1 10849 1713 1.5 45 30 27 32 95% 307143 28924 70%
c -  3.37  0 32 7   7  1 12618  715 1.5 44 29 27 32 94% 307143 28924 70%
c B  3.98  0 31 7   9  1 15008 1876 1.5 43 29 27 32 94% 307143 28924 70%
c -  4.32  0 32 8  10  1 16794  814 1.5 43 29 27 32 94% 307143 28924 70%
c u  4.40  0 32 8  10  1 16794  801 1.5 43 29 27 32 94% 307143 28924 70%
c v  4.42  0 32 8  10  1 16794  764 1.5 43 29 27 32 94% 307143 28924 70%
c w  4.43  0 32 8  10  1 16794  760 1.5 43 29 27 32 94% 307143 28924 70%
c x  4.45  0 32 8  10  1 16794  760 1.5 43 29 27 32 94% 306993 28924 70%
c s  5.11  0 32 8  12  1 20332 2589 1.4 42 30 27 32 94% 306991 28924 70%
c t  5.13  0 32 8  12  1 20332 2589 1.4 42 30 27 32 94% 306990 28924 70%
c e  5.15  0 32 8  12  1 20332 2589 1.4 42 30 27 32 94% 306879 28903 70%
c s  5.17  0 32 8  12  1 20332 2554 1.4 42 30 27 32 94% 306876 28903 70%
c e  5.19  0 32 8  12  1 20332 2554 1.4 42 30 27 32 94% 306870 28901 70%
c W  5.57  0 32 8  13  1 21009 2916 1.4 42 30 27 32 94% 306870 28901 70%
c -  5.68  0 32 9  13  1 21612  883 1.4 42 30 27 31 94% 306870 28901 70%
c
c  seconds  reductions conflicts       size    tier2         variables
c         MB    restarts    redundant     glue     trail          remaining
c          level     rate        size/glue  tier1    irredundant
c
c c  5.75  0 32 9  13  1 21612  883 1.4 42 30 27 31 94% 306956 28901 70%
c d  5.75  0 32 9  13  1 21612  883 1.4 42 30 27 31 94% 306784 28815 70%
c 2  5.76  0 32 9  13  1 21612  883 1.4 42 30 27 31 94% 306011 28814 70%
c -  6.79  0 32 10  14  1 27077 1044 1.4 42 30 27 31 94% 305999 28814 70%
c #  7.08  0 32 10  14  1 28010 1724 1.4 42 30 27 31 95% 305999 28814 70%
c -  8.05  0 32 11  14  1 33187 1305 1.4 44 30 27 31 95% 305999 28814 70%
c u  8.07  0 32 11  14  1 33187 1289 1.4 44 30 27 31 95% 305999 28814 70%
c v  8.09  0 32 11  14  1 33187 1265 1.4 44 30 27 31 95% 305999 28814 70%
c w  8.10  0 32 11  14  1 33187 1262 1.4 44 30 27 31 95% 305999 28814 70%
c x  8.11  0 32 11  14  1 33187 1261 1.4 44 30 27 31 95% 305875 28814 70%
c B  8.66  0 33 11  17  1 36014 2956 1.5 45 31 27 31 95% 305875 28814 70%
c -  9.46  0 33 12  20  1 39953 1420 1.4 44 31 27 32 95% 305875 28814 70%
c s  9.84  0 33 12  20  1 40784 1908 1.4 44 31 27 32 95% 305606 28814 70%
c e  9.88  0 33 12  20  1 40784 1908 1.4 44 31 27 32 95% 305570 28789 70%
c s  9.89  0 33 12  20  1 40784 1908 1.4 44 31 27 32 95% 305556 28789 70%
c e  9.91  0 33 12  20  1 40784 1904 1.4 44 31 27 32 95% 305526 28777 70%
c W 11.00  0 32 12  21  1 45015 4020 1.4 44 31 27 32 95% 305526 28777 70%
c - 11.49  0 32 13  23  1 47376 1463 1.4 44 31 27 32 95% 305526 28777 70%
c p 11.50  0 32 13  23  1 47376 1611 1.4 44 31 27 32 95% 305526 28777 70%
c O 12.94  0 32 13  28  1 55016 5345 1.4 43 31 27 32 94% 305526 28777 70%
c
c  seconds  reductions  conflicts       size    tier2         variables
c         MB     restarts    redundant     glue     trail          remaining
c          level      rate        size/glue  tier1    irredundant
c
c - 13.06  0 32 14  28  1 55456 1509 1.4 43 30 27 32 94% 305526 28777 70%
c p 13.07  0 32 14  28  1 55456 1730 1.4 43 30 27 32 94% 305526 28777 70%
c u 13.08  0 32 14  28  1 55456 1707 1.4 43 30 27 32 94% 305523 28777 70%
c v 13.12  0 32 14  28  1 55456 1672 1.4 43 30 27 32 94% 305523 28777 70%
c w 13.13  0 32 14  28  1 55456 1671 1.4 43 30 27 32 94% 305523 28777 70%
c x 13.14  0 32 14  28  1 55456 1671 1.4 43 30 27 32 94% 305511 28777 70%
c - 14.99  0 32 15  29  1 64198 1671 1.4 42 30 27 32 94% 305511 28777 70%
c p 15.00  0 32 15  29  1 64198 1926 1.4 42 30 27 32 94% 305511 28777 70%
c c 15.07  0 32 15  29  1 64198 1926 1.4 42 30 27 32 94% 305506 28777 70%
c d 15.08  0 32 15  29  1 64198 1926 1.4 42 30 27 32 94% 305500 28774 70%
c 2 15.09  0 32 15  29  1 64198 1926 1.4 42 30 27 32 94% 305474 28774 70%
c B 15.41  0 32 15  29  1 66018 2972 1.4 42 30 27 32 94% 305474 28774 70%
c s 15.83  0 32 15  30  1 68051 3981 1.4 42 30 27 32 94% 305323 28774 70%
c e 15.87  0 32 15  30  1 68051 3976 1.4 42 30 27 32 94% 305291 28753 70%
c s 15.90  0 32 15  30  1 68051 3969 1.4 42 30 27 32 94% 305217 28753 70%
c e 15.94  0 32 15  30  1 68051 3968 1.4 42 30 27 32 94% 305182 28738 69%
c - 17.05  0 32 16  30  1 73604 1808 1.4 41 30 27 31 94% 305182 28738 69%
c p 17.06  0 32 16  30  1 73604 2138 1.4 41 30 27 31 94% 305182 28738 69%
c v 17.11  0 32 16  30  1 73604 2076 1.4 41 30 27 31 94% 305182 28738 69%
c w 17.13  0 32 16  30  1 73604 2071 1.4 41 30 27 31 94% 305182 28738 69%
c
c  seconds  reductions  conflicts       size    tier2         variables
c         MB     restarts    redundant     glue     trail          remaining
c          level      rate        size/glue  tier1    irredundant
c
c W 18.47  0 31 16  30  1 78019 4408 1.4 41 30 27 31 94% 305182 28738 69%
c - 19.56  0 31 17  31  1 83673 1928 1.4 41 30 27 31 94% 305182 28738 69%
c p 19.58  0 31 17  31  1 83673 2239 1.4 41 30 27 31 94% 305182 28738 69%
c I 21.19  0 31 17  36  1 91022 6330 1.4 41 30 27 31 94% 305182 28738 69%
c - 21.93  0 31 18  37  1 94407 2081 1.4 40 29 27 31 94% 305182 28738 69%
c p 21.94  0 31 18  37  1 94407 2422 1.4 40 29 27 31 94% 305182 28738 69%
c v 21.99  0 31 18  37  1 94407 2393 1.4 40 29 27 31 94% 305182 28738 69%
c w 21.99  0 31 18  37  1 94407 2390 1.4 40 29 27 31 94% 305182 28738 69%
c x 22.01  0 31 18  37  1 94407 2390 1.4 40 29 27 31 94% 305182 28738 69%
c s 23.63  0 30 18  43  1 102141 6123 1.4 40 29 27 31 94% 305140 28738 69%
c e 23.67  0 30 18  43  1 102141 6123 1.4 40 29 27 31 94% 305135 28736 69%
c s 23.71  0 30 18  43  1 102141 6073 1.4 40 29 27 31 94% 305117 28736 69%
c e 23.74  0 30 18  43  1 102141 6073 1.4 40 29 27 31 94% 305107 28733 69%
c B 24.39  0 30 18  44  1 105023 7507 1.4 40 29 27 31 94% 305107 28733 69%
c - 24.58  0 30 19  44  1 105810 2102 1.4 40 29 27 31 94% 305107 28733 69%
c p 24.59  0 30 19  44  1 105810 2418 1.4 40 29 27 31 94% 305107 28733 69%
c - 27.07  0 30 20  47  1 117882 2467 1.4 40 29 27 31 94% 305107 28733 69%
c p 27.09  0 30 20  47  1 117882 2855 1.4 40 29 27 31 94% 305107 28733 69%
c u 27.19  0 30 20  47  1 117882 2845 1.4 40 29 27 31 94% 305107 28733 69%
c v 27.24  0 30 20  47  1 117882 2805 1.4 40 29 27 31 94% 305107 28733 69%
c
c  seconds  reductions  conflicts        size    tier2         variables
c         MB     restarts     redundant     glue     trail          remaining
c          level      rate         size/glue  tier1    irredundant
c
c w 27.25  0 30 20  47  1 117882 2800 1.4 40 29 27 31 94% 305107 28733 69%
c W 28.23  0 30 20  48  1 120028 4120 1.4 41 29 27 31 94% 305107 28733 69%
c - 30.36  0 30 21  54  1 130625 2658 1.4 40 28 27 31 94% 305107 28733 69%
c p 30.37  0 30 21  54  1 130625 3202 1.4 40 28 27 31 94% 305107 28733 69%
c F 31.50  0 30 21  58  1 136030 5998 1.4 40 28 27 31 94% 305107 28733 69%
c s 32.86  0 30 21  60  1 143046 10084 1.4 41 28 24 30 94% 305086 28733 69%
c s 32.93  0 30 21  60  1 143046 10078 1.4 41 28 24 30 94% 305079 28733 69%
c - 33.16  0 30 22  60  1 144039 2786 1.4 41 28 24 30 94% 305079 28733 69%
c p 33.17  0 30 22  60  1 144039 3481 1.4 41 28 24 30 94% 305079 28733 69%
c v 33.26  0 30 22  60  1 144039 3421 1.4 41 28 24 30 94% 305079 28733 69%
c w 33.27  0 30 22  60  1 144039 3410 1.4 41 28 24 30 94% 305079 28733 69%
c B 35.09  0 31 22  61  1 153031 8342 1.4 42 29 24 30 94% 305079 28733 69%
c - 36.14  0 31 23  61  1 158125 2871 1.4 42 29 24 30 95% 305079 28733 69%
c p 36.16  0 31 23  61  1 158125 4017 1.4 42 29 24 30 95% 305079 28733 69%
c W 39.79  0 31 23  62  1 171034 11367 1.4 42 29 24 30 95% 305079 28733 69%
c - 40.21  0 31 24  62  1 172882 3070 1.4 42 29 24 30 95% 305079 28733 69%
c p 40.22  0 31 24  62  1 172882 4427 1.4 42 29 24 30 95% 305079 28733 69%
c u 40.33  0 31 24  62  1 172882 4405 1.4 42 29 24 30 95% 305079 28733 69%
c v 40.37  0 31 24  62  1 172882 4390 1.4 42 29 24 30 95% 305079 28733 69%
c w 40.37  0 31 24  62  1 172882 4379 1.4 42 29 24 30 95% 305079 28733 69%
c
c  seconds  reductions  conflicts        size    tier2         variables
c         MB     restarts     redundant     glue     trail          remaining
c          level      rate         size/glue  tier1    irredundant
c
c x 40.40  0 31 24  62  1 172882 4379 1.4 42 29 24 30 95% 305079 28733 69%
c - 43.76  0 31 25  62  1 188311 3212 1.5 43 29 24 30 95% 305079 28733 69%
c p 43.79  0 31 25  62  1 188311 4735 1.5 43 29 24 30 95% 305079 28733 69%
c u 43.83  0 31 25  62  1 188311 4728 1.5 43 29 24 30 95% 305079 28733 69%
c v 43.85  0 31 25  62  1 188311 4699 1.5 43 29 24 30 95% 305079 28733 69%
c w 43.86  0 31 25  62  1 188311 4686 1.5 43 29 24 30 95% 305079 28733 69%
c # 44.25  0 31 25  62  1 190036 5630 1.5 43 29 24 30 95% 305079 28733 69%
c s 44.45  0 31 25  62  1 190764 6182 1.5 43 29 24 30 95% 305072 28733 69%
c e 44.49  0 31 25  62  1 190764 6173 1.5 43 29 24 30 95% 305068 28731 69%
c s 44.52  0 31 25  62  1 190764 6169 1.5 43 29 24 30 95% 305055 28731 69%
c e 44.54  0 31 25  62  1 190764 6165 1.5 43 29 24 30 95% 305052 28730 69%
c - 47.26  0 31 26  66  1 204414 3459 1.5 44 29 25 31 95% 305052 28730 69%
c p 47.27  0 31 26  66  1 204414 4473 1.5 44 29 25 31 95% 305052 28730 69%
c u 47.32  0 31 26  66  1 204414 4448 1.5 44 29 25 31 95% 305052 28730 69%
c v 47.33  0 31 26  66  1 204414 4437 1.5 44 29 25 31 95% 305052 28730 69%
c w 47.34  0 31 26  66  1 204414 4431 1.5 44 29 25 31 95% 305052 28730 69%
c B 48.33  0 31 26  69  1 210038 7065 1.5 43 30 25 31 95% 305052 28730 69%
c - 50.65  0 31 27  76  1 221191 3256 1.5 44 30 25 31 95% 305052 28730 69%
c p 50.67  0 31 27  76  1 221191 4511 1.5 44 30 25 31 95% 305052 28729 69%
c u 50.71  0 31 27  76  1 221191 4490 1.5 44 30 25 31 95% 305052 28729 69%
c
c  seconds  reductions  conflicts        size    tier2         variables
c         MB     restarts     redundant     glue     trail          remaining
c          level      rate         size/glue  tier1    irredundant
c
c v 50.73  0 31 27  76  1 221191 4477 1.5 44 30 25 31 95% 305052 28729 69%
c w 50.73  0 31 27  76  1 221191 4468 1.5 44 30 25 31 95% 305052 28729 69%
c W 53.47  0 32 27  77  1 231041 10108 1.5 44 30 25 31 95% 305042 28729 69%
c - 55.01  0 32 28  82  1 238642 3535 1.5 44 30 25 31 95% 305042 28729 69%
c p 55.02  0 32 28  82  1 238642 4896 1.5 44 30 25 31 95% 305042 28728 69%
c u 55.06  0 32 28  82  1 238642 4877 1.5 44 30 25 31 95% 305042 28728 69%
c v 55.07  0 32 28  82  1 238642 4872 1.5 44 30 25 31 95% 305042 28728 69%
c w 55.08  0 32 28  82  1 238642 4868 1.5 44 30 25 31 95% 305042 28728 69%
c x 55.09  0 32 28  82  1 238642 4868 1.5 44 30 25 31 95% 305042 28728 69%
c s 56.52  0 32 28  85  1 245300 8347 1.5 44 30 25 31 95% 305036 28728 69%
c e 56.55  0 32 28  85  1 245300 8346 1.5 44 30 25 31 95% 305021 28726 69%
c s 56.58  0 32 28  85  1 245300 8334 1.5 44 30 25 31 95% 305016 28726 69%
c e 56.60  0 32 28  85  1 245300 8334 1.5 44 30 25 31 95% 305004 28722 69%
c O 58.18  0 32 28  90  1 253042 12356 1.5 45 30 25 31 95% 305004 28722 69%
c - 58.96  0 32 29  91  1 256769 3540 1.5 44 30 25 31 95% 305004 28722 69%
c p 58.98  0 32 29  91  1 256769 5077 1.5 44 30 25 31 95% 305004 28721 69%
c v 59.12  0 32 29  91  1 256769 5040 1.5 44 30 25 31 95% 305004 28721 69%
c w 59.13  0 32 29  91  1 256769 5034 1.5 44 30 25 31 95% 305004 28721 69%
c - 62.86  0 32 30  93  1 275573 3816 1.5 44 30 25 31 95% 304994 28721 69%
c p 62.87  0 32 30  93  1 275573 5708 1.5 44 30 25 31 95% 304994 28720 69%
c
c  seconds  reductions  conflicts        size    tier2         variables
c         MB     restarts     redundant     glue     trail          remaining
c          level      rate         size/glue  tier1    irredundant
c
c v 63.24  0 32 30  93  1 275573 5649 1.5 44 30 25 31 95% 304984 28720 69%
c w 63.25  0 32 30  93  1 275573 5641 1.5 44 30 25 31 95% 304984 28720 69%
c B 63.36  0 32 30  93  1 276043 5902 1.5 44 30 25 31 95% 304984 28720 69%
c - 67.31  0 32 31 100  1 295052 4120 1.5 44 30 25 31 95% 304984 28720 69%
c p 67.32  0 32 31 100  1 295052 5855 1.5 44 30 25 31 95% 304984 28720 69%
c u 67.38  0 32 31 100  1 295052 5827 1.5 44 30 25 31 95% 304984 28720 69%
c v 67.40  0 32 31 100  1 295052 5811 1.5 44 30 25 31 95% 304984 28720 69%
c w 67.40  0 32 31 100  1 295052 5800 1.5 44 30 25 31 95% 304984 28720 69%
c W 69.22  0 32 31 104  1 300044 9006 1.5 45 30 25 31 95% 304984 28720 69%
c s 70.41  0 32 31 107  1 306656 12327 1.5 45 30 25 31 95% 304966 28720 69%
c e 70.45  0 32 31 107  1 306656 12326 1.5 45 30 25 31 95% 304957 28717 69%
c s 70.47  0 32 31 107  1 306656 12319 1.5 45 30 25 31 95% 304946 28717 69%
c e 70.50  0 32 31 107  1 306656 12319 1.5 45 30 25 31 95% 304937 28714 69%
c - 72.13  0 32 32 108  1 315209 4283 1.5 45 30 25 31 95% 304937 28714 69%
c p 72.14  0 32 32 108  1 315209 5722 1.5 45 30 25 31 95% 304937 28712 69%
c v 72.21  0 32 32 108  1 315209 5675 1.5 45 30 25 31 95% 304937 28712 69%
c w 72.22  0 32 32 108  1 315209 5665 1.5 45 30 25 31 95% 304937 28712 69%
c I 74.25  0 32 32 115  1 325048 11476 1.5 45 31 25 31 95% 304937 28712 69%
c - 76.62  0 32 33 121  1 336041 4587 1.5 44 30 26 31 95% 304917 28712 69%
c p 76.65  0 32 33 121  1 336041 6169 1.5 44 30 26 31 95% 304917 28712 69%
c
c  seconds  reductions  conflicts        size    tier2         variables
c         MB     restarts     redundant     glue     trail          remaining
c          level      rate         size/glue  tier1    irredundant
c
c v 76.71  0 32 33 121  1 336041 6160 1.5 44 30 26 31 95% 304917 28712 69%
c w 76.71  0 32 33 121  1 336041 6153 1.5 44 30 26 31 95% 304917 28712 69%
c x 76.74  0 32 33 121  1 336041 6153 1.5 44 30 26 31 95% 304917 28712 69%
c B 79.79  0 31 33 124  1 351050 13855 1.5 43 29 26 31 95% 304917 28712 69%
c - 81.06  0 31 34 124  1 357551 4374 1.5 42 29 26 31 95% 304917 28712 69%
c p 81.07  0 31 34 124  1 357551 6040 1.5 42 29 26 31 95% 304917 28711 69%
c u 81.13  0 31 34 124  1 357551 6014 1.5 42 29 26 31 95% 304917 28711 69%
c v 81.14  0 31 34 124  1 357551 6004 1.5 42 29 26 31 95% 304917 28711 69%
c w 81.15  0 31 34 124  1 357551 6000 1.5 42 29 26 31 95% 304917 28711 69%
c s 84.82  0 30 34 125  1 374830 14437 1.5 41 28 26 31 95% 304898 28711 69%
c e 84.87  0 30 34 125  1 374830 14403 1.5 41 28 26 31 95% 304882 28709 69%
c s 84.89  0 30 34 125  1 374830 14297 1.5 41 28 26 31 95% 304876 28709 69%
c e 84.91  0 30 34 125  1 374830 14297 1.5 41 28 26 31 95% 304867 28706 69%
c W 86.55  0 30 34 125  1 378052 16227 1.5 41 28 26 31 95% 304867 28706 69%
c - 86.88  0 30 35 125  1 379737 4442 1.5 41 28 26 31 95% 304867 28706 69%
c p 86.90  0 30 35 125  1 379737 6119 1.5 41 28 26 31 95% 304867 28706 69%
c u 87.04  0 30 35 125  1 379737 6099 1.5 41 28 26 31 95% 304867 28706 69%
c v 87.06  0 30 35 125  1 379737 6084 1.5 41 28 26 31 95% 304867 28706 69%
c w 87.08  0 30 35 125  1 379737 6073 1.5 41 28 26 31 95% 304867 28706 69%
c - 91.81  0 30 36 126  1 402599 4954 1.5 42 29 25 31 95% 304867 28706 69%
c
c  seconds  reductions  conflicts        size    tier2         variables
c         MB     restarts     redundant     glue     trail          remaining
c          level      rate         size/glue  tier1    irredundant
c
c p 91.83  0 30 36 126  1 402599 6701 1.5 42 29 25 31 95% 304867 28706 69%
c u 91.89  0 30 36 126  1 402599 6679 1.5 42 29 25 31 95% 304867 28706 69%
c v 91.92  0 30 36 126  1 402599 6654 1.5 42 29 25 31 95% 304867 28706 69%
c w 91.93  0 30 36 126  1 402599 6643 1.5 42 29 25 31 95% 304867 28706 69%
c F 92.69  0 30 36 126  1 406055 8665 1.5 42 29 25 31 95% 304867 28706 69%
c - 96.87  0 31 37 126  1 426140 5048 1.5 43 29 25 31 95% 304867 28706 69%
c p 96.89  0 31 37 126  1 426140 6708 1.5 43 29 25 31 95% 304867 28705 69%
c u 96.95  0 31 37 126  1 426140 6674 1.5 43 29 25 31 95% 304867 28705 69%
c v 96.96  0 31 37 126  1 426140 6656 1.5 43 29 25 31 95% 304867 28705 69%
c w 96.97  0 31 37 126  1 426140 6644 1.5 43 29 25 31 95% 304867 28705 69%
c B 98.76  0 31 37 126  1 435057 11960 1.5 43 29 25 31 95% 304867 28705 69%
c s 101.94  0 31 37 126  1 449823 20191 1.5 43 29 25 31 95% 304858 28705 69%
c e 101.98  0 31 37 126  1 449823 20191 1.5 43 29 25 31 95% 304842 28703 69%
c s 102.01  0 31 37 126  1 449823 20181 1.5 43 29 25 31 95% 304841 28703 69%
c e 102.02  0 31 37 126  1 449823 20180 1.5 43 29 25 31 95% 304829 28699 69%
c - 102.17  0 31 38 126  1 450360 5404 1.5 43 29 25 31 95% 304829 28699 69%
c p 102.18  0 31 38 126  1 450360 7071 1.5 43 29 25 31 95% 304829 28699 69%
c u 102.64  0 31 38 126  1 450360 7047 1.5 43 29 25 31 95% 304829 28699 69%
c v 102.66  0 31 38 126  1 450360 7024 1.5 43 29 25 31 95% 304829 28699 69%
c w 102.68  0 31 38 126  1 450360 7013 1.5 43 29 25 31 95% 304829 28699 69%
c
c  seconds   reductions  conflicts         size    tier2         variables
c          MB     restarts      redundant     glue     trail          remaining
c           level      rate          size/glue  tier1    irredundant
c
c W 106.76  0 31 38 126  1 465058 15162 1.5 43 29 25 31 95% 304829 28699 69%
c - 108.97  0 30 39 133  1 475259 5365 1.5 42 28 25 31 95% 304829 28699 69%
c p 108.99  0 30 39 133  1 475259 7357 1.5 42 28 25 31 95% 304829 28699 69%
c v 109.05  0 30 39 133  1 475259 7325 1.5 42 28 25 31 95% 304829 28699 69%
c w 109.06  0 30 39 133  1 475259 7318 1.5 42 28 25 31 95% 304829 28699 69%
c # 113.34  0 30 39 141  1 496059 18304 1.5 41 28 25 31 95% 304829 28699 69%
c - 114.33  0 30 40 144  1 500836 5493 1.5 42 28 25 31 95% 304829 28699 69%
c p 114.34  0 30 40 144  1 500836 7275 1.5 42 28 25 31 95% 304829 28699 69%
c u 114.41  0 30 40 144  1 500836 7261 1.5 42 28 25 31 95% 304829 28699 69%
c v 114.42  0 30 40 144  1 500836 7248 1.5 42 28 25 31 95% 304829 28699 69%
c w 114.44  0 30 40 144  1 500836 7242 1.5 42 28 25 31 95% 304829 28699 69%
c - 119.93  0 31 41 156  1 527091 6063 1.5 44 29 25 31 95% 304829 28699 69%
c p 119.95  0 31 41 156  1 527091 7795 1.5 44 29 25 31 95% 304829 28698 69%
c u 120.02  0 31 41 156  1 527091 7766 1.5 44 29 25 31 95% 304829 28698 69%
c v 120.04  0 31 41 156  1 527091 7749 1.5 44 29 25 31 95% 304829 28698 69%
c w 120.06  0 31 41 156  1 527091 7739 1.5 44 29 25 31 95% 304829 28698 69%
c B 120.27  0 31 41 156  1 528062 8351 1.5 45 29 25 31 95% 304829 28698 69%
c s 121.05  0 31 41 157  1 531638 10034 1.5 45 29 25 31 95% 304820 28698 69%
c e 121.08  0 31 41 157  1 531638 10023 1.5 45 29 25 31 95% 304802 28695 69%
c s 121.11  0 31 41 157  1 531638 10010 1.5 45 29 25 31 95% 304798 28695 69%
c
c  seconds   reductions  conflicts        size    tier2         variables
c          MB     restarts     redundant     glue     trail          remaining
c           level      rate         size/glue  tier1    irredundant
c
c e 121.13  0 31 41 157  1 531638 9989 1.5 45 29 25 31 95% 304786 28691 69%
c - 125.83  0 31 42 162  1 554027 6056 1.5 44 29 25 31 95% 304786 28691 69%
c p 125.85  0 31 42 162  1 554027 7786 1.5 44 29 25 31 95% 304786 28691 69%
c v 126.03  0 31 42 162  1 554027 7723 1.5 44 29 25 31 95% 304786 28691 69%
c w 126.04  0 31 42 162  1 554027 7712 1.5 44 29 25 31 95% 304786 28691 69%
c W 128.77  0 31 42 165  1 561064 11346 1.5 44 29 25 31 95% 304786 28691 69%
c - 133.21  0 31 43 173  1 581641 6078 1.5 44 29 25 31 95% 304786 28691 69%
c p 133.23  0 31 43 173  1 581641 8083 1.5 44 29 25 31 95% 304786 28691 69%
c v 133.34  0 31 43 173  1 581641 8037 1.5 44 29 25 31 95% 304786 28691 69%
c w 133.36  0 31 43 173  1 581641 8031 1.5 44 29 25 31 95% 304786 28691 69%
c O 136.14  0 30 43 181  1 595066 14702 1.5 43 29 24 31 95% 304786 28691 69%
c - 139.23  0 31 44 187  1 609935 5943 1.5 42 29 24 31 95% 304786 28691 69%
c p 139.25  0 31 44 187  1 609935 7841 1.5 42 29 24 31 95% 304786 28691 69%
c u 139.34  0 31 44 187  1 609935 7816 1.5 42 29 24 31 95% 304786 28691 69%
c v 139.37  0 31 44 187  1 609935 7779 1.5 42 29 24 31 95% 304786 28691 69%
c w 139.38  0 31 44 187  1 609935 7759 1.5 42 29 24 31 95% 304786 28691 69%
c s 141.52  0 31 44 188  1 620277 13712 1.5 42 29 24 31 95% 304773 28691 69%
c e 141.56  0 31 44 188  1 620277 13712 1.5 42 29 24 31 95% 304770 28690 69%
c s 141.58  0 31 44 188  1 620277 13691 1.5 42 29 24 31 95% 304767 28690 69%
c B 143.78  0 31 44 188  1 630070 18950 1.5 42 29 24 31 95% 304767 28690 69%
c
c  seconds   reductions  conflicts        size    tier2         variables
c          MB     restarts     redundant     glue     trail          remaining
c           level      rate         size/glue  tier1    irredundant
c
c - 145.65  0 31 45 189  1 638910 6559 1.5 43 29 24 31 95% 304767 28690 69%
c p 145.68  0 31 45 189  1 638910 8595 1.5 43 29 24 31 95% 304767 28690 69%
c u 145.75  0 31 45 189  1 638910 8537 1.5 43 29 24 31 95% 304767 28690 69%
c v 145.77  0 31 45 189  1 638910 8489 1.5 43 29 24 31 95% 304767 28690 69%
c w 145.80  0 31 45 189  1 638910 8473 1.5 43 29 24 31 95% 304767 28690 69%
c W 152.87  0 31 45 191  1 666074 22562 1.4 42 29 24 31 95% 304767 28690 69%
c - 153.37  0 31 46 192  1 668567 6289 1.4 42 29 24 31 95% 304767 28690 69%
c p 153.39  0 31 46 192  1 668567 8313 1.4 42 29 24 31 95% 304767 28690 69%
c u 153.47  0 31 46 192  1 668567 8298 1.4 42 29 24 31 95% 304767 28690 69%
c v 153.49  0 31 46 192  1 668567 8263 1.4 42 29 24 31 95% 304767 28690 69%
c w 153.50  0 31 46 192  1 668567 8260 1.4 42 29 24 31 95% 304767 28690 69%
c - 159.62  0 31 47 206  1 698900 6107 1.4 41 29 24 31 94% 304766 28690 69%
c p 159.63  0 31 47 206  1 698900 8068 1.4 41 29 24 31 94% 304766 28689 69%
c u 160.16  0 31 47 206  1 698900 8018 1.4 41 29 24 31 94% 304756 28689 69%
c v 160.18  0 31 47 206  1 698900 7999 1.4 41 29 24 31 94% 304756 28689 69%
c w 160.19  0 31 47 206  1 698900 7977 1.4 41 29 24 31 94% 304756 28689 69%
c I 161.11  0 31 47 209  1 703076 10335 1.4 42 29 24 31 94% 304756 28689 69%
c s 163.93  0 31 47 216  1 715732 17125 1.4 41 29 24 31 94% 304754 28689 69%
c s 164.00  0 31 47 216  1 715732 17107 1.4 41 29 24 31 94% 304754 28689 69%
c - 167.35  0 30 48 219  1 729916 6596 1.4 40 29 24 31 94% 304754 28689 69%
c
c  seconds   reductions  conflicts        size    tier2         variables
c          MB     restarts     redundant     glue     trail          remaining
c           level      rate         size/glue  tier1    irredundant
c
c p 167.37  0 30 48 219  1 729916 8891 1.4 40 29 24 31 94% 304754 28689 69%
c u 167.47  0 30 48 219  1 729916 8842 1.4 40 29 24 31 94% 304754 28689 69%
c v 167.52  0 30 48 219  1 729916 8816 1.4 40 29 24 31 94% 304754 28689 69%
c w 167.53  0 30 48 219  1 729916 8809 1.4 40 29 24 31 94% 304754 28689 69%
c B 170.03  0 30 48 220  1 741077 15444 1.4 41 29 24 31 94% 304754 28689 69%
c - 174.38  0 31 49 229  1 761612 7069 1.4 42 29 24 31 94% 304754 28689 69%
c p 174.40  0 31 49 229  1 761612 9172 1.4 42 29 24 31 94% 304754 28689 69%
c u 174.50  0 31 49 229  1 761612 9134 1.4 42 29 24 31 94% 304754 28689 69%
c v 174.53  0 31 49 229  1 761612 9111 1.4 42 29 24 31 94% 304754 28689 69%
c w 174.54  0 31 49 229  1 761612 9104 1.4 42 29 24 31 94% 304754 28689 69%
c W 180.16  0 31 49 235  1 780078 20000 1.4 42 29 24 31 94% 304754 28689 69%
c - 183.34  0 31 50 243  1 793988 7283 1.4 42 29 24 31 94% 304754 28689 69%
c p 183.36  0 31 50 243  1 793988 9391 1.4 42 29 24 31 94% 304754 28689 69%
c c 183.44  0 31 50 243  1 793988 9391 1.4 42 29 24 31 94% 304755 28689 69%
c d 183.45  0 31 50 243  1 793988 9391 1.4 42 29 24 31 94% 304753 28688 69%
c 2 183.48  0 31 50 243  1 793988 9391 1.4 42 29 24 31 94% 304745 28688 69%
c u 183.55  0 31 50 243  1 793988 9343 1.4 42 29 24 31 94% 304745 28688 69%
c v 183.57  0 31 50 243  1 793988 9333 1.4 42 29 24 31 94% 304745 28688 69%
c w 183.59  0 31 50 243  1 793988 9315 1.4 42 29 24 31 94% 304745 28688 69%
c s 188.71  0 31 50 251  1 818005 22724 1.4 43 30 24 31 94% 304745 28688 69%
c
c  seconds   reductions  conflicts         size    tier2         variables
c          MB     restarts      redundant     glue     trail          remaining
c           level      rate          size/glue  tier1    irredundant
c
c s 188.77  0 31 50 251  1 818005 22707 1.4 43 30 24 31 94% 304745 28688 69%
c e 188.79  0 31 50 251  1 818005 22701 1.4 43 30 24 31 94% 304742 28687 69%
c F 189.32  0 31 50 251  1 820079 23856 1.5 43 30 24 31 94% 304742 28687 69%
c - 190.79  0 32 51 251  1 827044 7601 1.5 44 30 24 31 94% 304742 28687 69%
c p 190.81  0 32 51 251  1 827044 9763 1.5 44 30 24 31 94% 304742 28687 69%
c u 190.92  0 32 51 251  1 827044 9709 1.5 44 30 24 31 94% 304742 28687 69%
c v 190.96  0 32 51 251  1 827044 9676 1.5 44 30 24 31 94% 304742 28687 69%
c w 190.98  0 32 51 251  1 827044 9660 1.5 44 30 24 31 94% 304742 28687 69%
c - 197.79  0 32 52 252  1 860782 7371 1.4 44 30 25 31 94% 304742 28687 69%
c p 197.81  0 32 52 252  1 860782 9525 1.4 44 30 25 31 94% 304742 28687 69%
c u 197.91  0 32 52 252  1 860782 9464 1.4 44 30 25 31 94% 304742 28687 69%
c v 197.94  0 32 52 252  1 860782 9451 1.4 44 30 25 31 94% 304742 28687 69%
c w 197.96  0 32 52 252  1 860782 9437 1.4 44 30 25 31 94% 304742 28687 69%
c B 198.04  0 32 52 252  1 861080 9625 1.4 44 30 25 31 94% 304742 28687 69%
c - 204.98  0 32 53 253  1 895200 7307 1.4 44 30 25 31 94% 304742 28687 69%
c p 205.01  0 32 53 253  1 895200 9348 1.4 44 30 25 31 94% 304742 28687 69%
c u 205.10  0 32 53 253  1 895200 9315 1.4 44 30 25 31 94% 304742 28687 69%
c v 205.14  0 32 53 253  1 895200 9277 1.4 44 30 25 31 94% 304742 28687 69%
c w 205.17  0 32 53 253  1 895200 9265 1.4 44 30 25 31 94% 304742 28687 69%
c W 208.22  0 32 53 253  1 903082 13430 1.4 43 30 25 31 94% 304742 28687 69%
c
c  seconds   reductions  conflicts         size    tier2         variables
c          MB     restarts      redundant     glue     trail          remaining
c           level      rate          size/glue  tier1    irredundant
c
c s 213.12  0 32 53 253  1 927098 25833 1.4 43 30 25 31 94% 304741 28687 69%
c s 213.19  0 32 53 253  1 927098 25816 1.4 43 30 25 31 94% 304741 28687 69%
c - 213.92  0 32 54 254  1 930302 7481 1.4 43 30 25 31 94% 304741 28687 69%
c 2 213.93  0 32 54 254  1 930302 7481 1.4 43 30 25 31 94% 304741 28686 69%
c p 213.95  0 32 54 254  1 930302 9560 1.4 43 30 25 31 94% 304741 28686 69%
c c 214.03  0 32 54 254  1 930302 9560 1.4 43 30 25 31 94% 304742 28686 69%
c d 214.03  0 32 54 254  1 930302 9559 1.4 43 30 25 31 94% 304730 28685 69%
c 2 214.07  0 32 54 254  1 930302 9559 1.4 43 30 25 31 94% 304722 28685 69%
c u 214.12  0 32 54 254  1 930302 9505 1.4 43 30 25 31 94% 304722 28685 69%
c v 214.13  0 32 54 254  1 930302 9461 1.4 43 30 25 31 94% 304722 28685 69%
c w 214.15  0 32 54 254  1 930302 9452 1.4 43 30 25 31 94% 304722 28685 69%
c # 217.39  0 32 54 254  1 946083 18156 1.4 43 31 25 31 94% 304722 28685 69%
c - 221.30  0 32 55 254  1 966085 8242 1.4 44 31 25 31 95% 304722 28685 69%
c p 221.32  0 32 55 254  1 966085 10346 1.4 44 31 25 31 95% 304722 28685 69%
c u 221.41  0 32 55 254  1 966085 10331 1.4 44 31 25 31 95% 304722 28685 69%
c v 221.44  0 32 55 254  1 966085 10286 1.4 44 31 25 31 95% 304722 28685 69%
c w 221.46  0 32 55 254  1 966085 10267 1.4 44 31 25 31 95% 304722 28685 69%
c B 226.47  0 33 55 254  1 990084 23813 1.4 45 31 25 31 95% 304722 28685 69%
c - 229.22  0 33 56 254  1 1002548 8224 1.4 45 31 25 31 95% 304722 28685 69%
c p 229.24  0 33 56 254  1 1002548 10366 1.4 45 31 25 31 95% 304722 28685 69%
c
c  seconds   reductions   conflicts         size    tier2         variables
c          MB     restarts       redundant     glue     trail          remaining
c           level      rate           size/glue  tier1    irredundant
c
c u 229.42  0 33 56 254  1 1002548 10309 1.4 45 31 25 31 95% 304722 28685 69%
c v 229.44  0 33 56 254  1 1002548 10276 1.4 45 31 25 31 95% 304722 28685 69%
c w 229.47  0 33 56 254  1 1002548 10267 1.4 45 31 25 31 95% 304722 28685 69%
c W 237.23  0 33 56 254  1 1035085 27676 1.4 45 31 25 31 95% 304722 28685 69%
c - 238.24  0 33 57 254  1 1039693 7924 1.4 45 31 25 31 95% 304722 28685 69%
c p 238.26  0 33 57 254  1 1039693 10121 1.4 45 31 25 31 95% 304722 28685 69%
c u 238.44  0 33 57 254  1 1039693 10092 1.4 45 31 25 31 95% 304722 28685 69%
c v 238.47  0 33 57 254  1 1039693 10071 1.4 45 31 25 31 95% 304722 28685 69%
c w 238.50  0 33 57 254  1 1039693 10053 1.4 45 31 25 31 95% 304722 28685 69%
c s 239.26  0 33 57 254  1 1043008 11833 1.4 45 31 25 31 95% 304722 28685 69%
c s 239.30  0 33 57 254  1 1043008 11820 1.4 45 31 25 31 95% 304722 28685 69%
c - 246.17  0 33 58 264  1 1077521 8110 1.4 45 32 25 31 95% 304722 28685 69%
c p 246.20  0 33 58 264  1 1077521 10326 1.4 45 32 25 31 95% 304722 28685 69%
c u 246.30  0 33 58 264  1 1077521 10264 1.4 45 32 25 31 95% 304722 28685 69%
c v 246.33  0 33 58 264  1 1077521 10237 1.4 45 32 25 31 95% 304722 28685 69%
c w 246.36  0 33 58 264  1 1077521 10220 1.4 45 32 25 31 95% 304722 28685 69%
c O 247.10  0 33 58 266  1 1081087 12302 1.4 45 32 25 31 95% 304722 28685 69%
c - 254.41  0 32 59 282  1 1116030 8502 1.4 43 31 25 31 95% 304722 28685 69%
c p 254.44  0 32 59 282  1 1116030 11196 1.4 43 31 25 31 95% 304722 28685 69%
c u 254.63  0 32 59 282  1 1116030 11162 1.4 43 31 25 31 95% 304722 28685 69%
c
c  seconds   reductions   conflicts         size    tier2         variables
c          MB     restarts       redundant     glue     trail          remaining
c           level      rate           size/glue  tier1    irredundant
c
c v 254.68  0 32 59 282  1 1116030 11123 1.4 43 31 25 31 95% 304722 28685 69%
c w 254.71  0 32 59 282  1 1116030 11103 1.4 43 31 25 31 95% 304722 28685 69%
c B 257.24  0 32 59 284  1 1128089 18018 1.4 43 31 25 31 95% 304722 28685 69%
c - 263.22  0 32 60 292  1 1155219 9039 1.4 43 30 25 31 95% 304722 28685 69%
c p 263.24  0 32 60 292  1 1155219 11638 1.4 43 30 25 31 95% 304722 28685 69%
c u 263.36  0 32 60 292  1 1155219 11622 1.4 43 30 25 31 95% 304722 28685 69%
c v 263.40  0 32 60 292  1 1155219 11597 1.4 43 30 25 31 95% 304722 28685 69%
c w 263.42  0 32 60 292  1 1155219 11581 1.4 43 30 25 31 95% 304722 28685 69%
c ] 267.90  0 32 60 300  1 1176091 23392 1.4 43 30 25 31 95% 304722 28685 69%
c ? 267.90  0 32 60 300  1 1176091 23392 1.4 43 30 25 31 95% 304722 28685 69%
c
c --- [ result ] -------------------------------------------------------------
c
c writing result to 'search-results/cadical-support70-cover-20260902/anchor-002-p1-s0.result'
c
c --- [ run-time profiling ] -------------------------------------------------
c
c process time taken by individual solving procedures
c (percentage relative to process time for solving)
c
c       256.19   95.65% search
c       243.16   90.78% stable
c        13.01    4.86% walk
c        11.66    4.35% simplify
c         3.78    1.41% vivify
c         1.85    0.69% sweep
c         1.34    0.50% congruence
c         1.02    0.38% backbone
c         0.95    0.35% elim
c         0.90    0.34% subsume
c         0.36    0.13% probe
c         0.26    0.10% ternary
c         0.05    0.02% parse
c         0.02    0.01% lucky
c   =================================
c       267.85   99.98% solve
c
c last line shows process time for solving
c (percentage relative to total process time)
c
c --- [ statistics ] ---------------------------------------------------------
c
c chronological:            113203         9.63 %  of conflicts
c conflicts:               1176091      4390.87    per second
c backbone:               77449358    187270.25 %  of vars
c decisions:               1246405      4653.39    per second
c eliminated:                 2847         6.88 %  of all variables
c fixed:                      9062        21.91 %  of all variables
c learned:                 1160382        98.66 %  per conflict
c learned_lits:          591802431       100.00 %  learned literals
c minimized:                     0         0.00 %  learned literals
c shrunken:              538189772        90.94 %  learned literals
c minishrunken:            3648586         0.62 %  learned literals
c otfs:                        604         0.05 %  of conflict
c propagations:          975841227         3.64 M  per second
c reduced:                  621314        52.83 %  per conflict
c rephased:                     48     24501.90    interval
c restarts:                    300      3920.30    interval
c substituted:                 763         1.84 %  of all variables
c subsumed:                 517998        32.75 %  of all clauses
c strengthened:              37784         2.39 %  of all clauses
c ticks:               11501481079        15.40    propagation
c vivified:                   1271         0.08 %  of all clauses
c walked:                       16     73505.69    interval
c weakened:                  13454         2.80    average size
c congruence:                   18     65338.39    interval
c
c seconds are measured in process time for solving
c
c --- [ glue usage ] ---------------------------------------------------------
c
c focused glue 2 used 0 clauses 0.000% accumulated 0.000% tier1
c focused glue 3 used 0 clauses 0.000% accumulated 0.000%
c focused glue 4 used 0 clauses 0.000% accumulated 0.000%
c focused glue 5 used 0 clauses 0.000% accumulated 0.000%
c focused glue 6 used 0 clauses 0.000% accumulated 0.000% tier2
c
c stable glue 25 used 206238 clauses 5.651% accumulated 53.18% tier1
c stable glue 26 used 207838 clauses 5.695% accumulated 58.88%
c stable glue 27-29 used 599424 clauses 16.42% accumulated 75.30%
c stable glue 30 used 192720 clauses 5.281% accumulated 80.58%
c stable glue 31 used 183534 clauses 5.029% accumulated 85.61% tier2
c
c
c --- [ resources ] ----------------------------------------------------------
c
c total process time since initialization:       267.90    seconds
c total real time since initialization:          300.01    seconds
c maximum resident set size of process:          217.70    MB
c
c --- [ shutting down ] ------------------------------------------------------
c
c exit 0
