c --- [ banner ] -------------------------------------------------------------
c
c CaDiCaL SAT Solver
c Copyright (c) 2016-2026
c A. Biere, M. Fleury, N. Froleyks, K. Fazekas, F. Pollitt, T. Faller
c JKU Linz, University of Freiburg, TU Wien
c
c Version 3.0.1 c60730422e758ef1cebe7aeddf2dda31c996bf04
c Apple clang version 21.0.0 (clang-2100.1.1.101) -Wall -Wextra -O3 -DNDEBUG -DNCLOSEFROM
c Tue Sep 1 21:08:57 PDT 2026 Darwin retained-runner 25.6.0 arm64
c
c --- [ limit ] --------------------------------------------------------------
c
c setting time limit to 300 seconds real time (due to '-t 300')
c
c --- [ parsing input ] ------------------------------------------------------
c
c reading DIMACS file from 'search-results/cadical-support70-cover-20260902/cnf/anchor-008-p1-s1.cnf'
c opening file to read 'search-results/cadical-support70-cover-20260902/cnf/anchor-008-p1-s1.cnf'
c found 'p cnf 41357 414868' header
c parsed 414868 clauses in 0.05 seconds process time
c
c --- [ options ] ------------------------------------------------------------
c
c   --elimeffort=10                (different from default '1e3')
c   --stabilizeonly=true           (different from default 'false')
c   --subsumeeffort=60             (different from default '1e3')
c
c --- [ solving ] ------------------------------------------------------------
c
c time measured in process time since initialization
c
c  seconds  reduction conflicts       size tier2        variables
c         MB    restarts   redundant    glue  trail          remaining
c          level     rate       size/glu tier1  irredundant
c
c *  0.05  0  0 0   0  0    0    0 0.0 0 0 2 6  0% 329606 32300 78%
c )  0.06  0  0 0   0  0    0    0 0.0 0 0 2 6  0% 329606 32300 78%
c [  0.07  0  0 0   0  0    0    0 0.0 0 0 2 6  0% 329606 32300 78%
c i  0.07  0  1 0   0 32    1    0 0.0 1 0 2 6 94% 329606 32260 78%
c i  0.07  0 30 0   0  9    8    6 2.3 9 4 2 6 93% 329606 32256 78%
c i  0.09  0 35 0   0  2  125   48 1.5 38 26 2 6 96% 329605 32246 78%
c -  0.12  0 35 1   0  1  302   55 1.3 36 28 2 6 97% 314365 32236 78%
c -  0.23  0 35 2   0  1  951  220 1.9 55 29 2 6 96% 314359 32236 78%
c I  0.24  0 35 2   0  1 1002  264 2.0 58 29 2 6 96% 314359 32236 78%
c -  0.40  0 30 3   2  1 2106  310 1.9 51 26 2 6 93% 314340 32236 78%
c B  0.55  0 29 3   2  1 3004  820 1.9 48 26 2 6 94% 314332 32236 78%
c d  0.56  0 29 3   2  1 3044  860 1.9 48 26 2 6 93% 313022 31581 76%
c c  0.63  0 29 3   2  1 3044  860 1.9 48 26 2 6 93% 313018 31581 76%
c d  0.63  0 29 3   2  1 3044  860 1.9 48 26 2 6 93% 313014 31579 76%
c -  0.80  0 30 4   2  1 3824  375 1.8 47 27 2 6 91% 312999 31579 76%
c W  1.23  0 30 4   4  1 6005 1660 1.7 45 27 26 30 91% 312969 31579 76%
c -  1.26  0 30 5   4  1 6134  518 1.7 45 27 26 30 91% 312968 31579 76%
c s  1.35  0 30 5   5  1 6703  827 1.6 45 28 26 30 91% 312923 31579 76%
c t  1.36  0 30 5   5  1 6703  826 1.6 45 28 26 30 91% 312923 31579 76%
c e  1.50  0 30 5   5  1 6703  539 1.6 45 28 26 30 91% 307476 28968 70%
c
c  seconds  reduction conflicts       size    tier2         variables
c         MB    restarts   redundant     glue     trail          remaining
c          level     rate       size/glue  tier1    irredundant
c
c s  1.51  0 30 5   5  1 6703  539 1.6 45 28 26 30 91% 307460 28968 70%
c e  1.54  0 30 5   5  1 6703  531 1.6 45 28 26 30 91% 307375 28950 70%
c -  1.98  0 31 6   6  1 9061  530 1.6 45 29 26 30 95% 307375 28950 70%
c F  2.13  0 31 6   6  1 10006 1050 1.6 45 29 27 31 95% 307375 28950 70%
c c  2.33  0 31 6   6  1 10848 1629 1.5 45 29 27 31 95% 307383 28950 70%
c d  2.33  0 31 6   6  1 10848 1629 1.5 45 29 27 31 95% 307357 28937 70%
c 2  2.34  0 31 6   6  1 10848 1629 1.5 45 29 27 31 95% 307242 28937 70%
c -  2.64  0 32 7   7  1 12600  771 1.5 45 29 27 31 95% 307242 28937 70%
c B  3.10  0 32 7   9  1 15007 2197 1.5 45 29 27 31 95% 307242 28937 70%
c -  3.37  0 32 8  10  1 16774  950 1.6 46 30 27 31 95% 307242 28937 70%
c u  3.43  0 32 8  10  1 16774  931 1.6 46 30 27 31 95% 307242 28937 70%
c v  3.44  0 32 8  10  1 16774  907 1.6 46 30 27 31 95% 307242 28937 70%
c w  3.45  0 32 8  10  1 16774  900 1.6 46 30 27 31 95% 307242 28937 70%
c x  3.46  0 32 8  10  1 16774  899 1.6 46 30 27 31 95% 307089 28937 70%
c t  3.46  0 32 8  10  1 16774  899 1.6 46 30 27 31 95% 307087 28937 70%
c s  3.98  0 32 8  12  1 20338 3102 1.5 46 30 27 31 95% 307087 28937 70%
c e  4.02  0 32 8  12  1 20338 3102 1.5 46 30 27 31 95% 307035 28927 70%
c s  4.03  0 32 8  12  1 20338 3102 1.5 46 30 27 31 95% 307021 28927 70%
c e  4.05  0 32 8  12  1 20338 3102 1.5 46 30 27 31 95% 307012 28924 70%
c W  4.30  0 32 8  13  1 21009 3457 1.5 46 30 27 31 95% 307012 28924 70%
c
c  seconds  reductions conflicts       size    tier2         variables
c         MB    restarts    redundant     glue     trail          remaining
c          level     rate        size/glue  tier1    irredundant
c
c -  4.39  0 32 9  13  1 21588  985 1.5 46 30 28 32 95% 307012 28924 70%
c c  4.45  0 32 9  13  1 21588  985 1.5 46 30 28 32 95% 307092 28924 70%
c d  4.45  0 32 9  13  1 21588  985 1.5 46 30 28 32 95% 306926 28841 70%
c 2  4.46  0 32 9  13  1 21588  985 1.5 46 30 28 32 95% 306181 28841 70%
c t  4.46  0 32 9  13  1 21588  985 1.5 46 30 28 32 95% 306180 28841 70%
c -  5.27  0 32 10  14  1 27050 1076 1.5 45 30 28 32 95% 306180 28841 70%
c #  5.48  0 32 10  14  1 28010 1619 1.5 45 30 28 32 95% 306180 28841 70%
c -  6.23  0 33 11  14  1 33161 1267 1.5 46 31 28 32 95% 306180 28841 70%
c u  6.25  0 33 11  14  1 33161 1237 1.5 46 31 28 32 95% 306180 28841 70%
c v  6.26  0 33 11  14  1 33161 1213 1.5 46 31 28 32 95% 306180 28841 70%
c w  6.27  0 33 11  14  1 33161 1212 1.5 46 31 28 32 95% 306180 28841 70%
c x  6.28  0 33 11  14  1 33161 1212 1.5 46 31 28 32 95% 306025 28841 70%
c B  6.72  0 33 11  17  1 36013 2829 1.5 46 31 28 32 95% 306025 28841 70%
c -  7.30  0 33 12  20  1 39927 1315 1.5 45 31 28 32 95% 306025 28841 70%
c s  7.60  0 33 12  20  1 40787 1724 1.5 45 31 28 32 95% 306024 28841 70%
c e  7.63  0 33 12  20  1 40787 1724 1.5 45 31 28 32 95% 306015 28840 70%
c s  7.64  0 33 12  20  1 40787 1721 1.5 45 31 28 32 95% 305821 28840 70%
c e  7.65  0 33 12  20  1 40787 1719 1.5 45 31 28 32 95% 305782 28813 70%
c W  8.48  0 33 12  21  1 45014 4001 1.4 45 31 28 32 95% 305782 28813 70%
c -  8.85  0 33 13  23  1 47348 1468 1.4 45 31 28 32 95% 305782 28813 70%
c
c  seconds  reductions  conflicts       size    tier2         variables
c         MB     restarts    redundant     glue     trail          remaining
c          level      rate        size/glue  tier1    irredundant
c
c p  8.86  0 33 13  23  1 47348 1536 1.4 45 31 28 32 95% 305782 28813 70%
c O  9.99  0 33 13  28  1 55015 5815 1.4 45 31 28 32 95% 305782 28813 70%
c - 10.07  0 33 14  28  1 55427 1617 1.4 45 31 28 32 95% 305782 28813 70%
c p 10.08  0 33 14  28  1 55427 1820 1.4 45 31 28 32 95% 305782 28813 70%
c u 10.09  0 33 14  28  1 55427 1797 1.4 45 31 28 32 95% 305779 28813 70%
c v 10.11  0 33 14  28  1 55427 1774 1.4 45 31 28 32 95% 305779 28813 70%
c w 10.12  0 33 14  28  1 55427 1774 1.4 45 31 28 32 95% 305779 28813 70%
c x 10.13  0 33 14  28  1 55427 1774 1.4 45 31 28 32 95% 305764 28813 70%
c - 11.58  0 33 15  29  1 64170 1778 1.4 44 31 28 32 95% 305764 28813 70%
c p 11.59  0 33 15  29  1 64170 2133 1.4 44 31 28 32 95% 305764 28813 70%
c c 11.65  0 33 15  29  1 64170 2133 1.4 44 31 28 32 95% 305762 28813 70%
c d 11.65  0 33 15  29  1 64170 2133 1.4 44 31 28 32 95% 305748 28806 70%
c 2 11.66  0 33 15  29  1 64170 2133 1.4 44 31 28 32 95% 305685 28806 70%
c B 11.97  0 33 15  29  1 66016 3288 1.4 44 31 28 32 95% 305685 28806 70%
c s 12.33  0 33 15  30  1 68049 4307 1.4 44 31 28 32 95% 305509 28806 70%
c e 12.36  0 33 15  30  1 68049 4285 1.4 44 31 28 32 95% 305458 28782 70%
c s 12.38  0 33 15  30  1 68049 4270 1.4 44 31 28 32 95% 305376 28782 70%
c e 12.41  0 33 15  30  1 68049 4270 1.4 44 31 28 32 95% 305341 28767 70%
c - 13.30  0 32 16  30  1 73576 1808 1.4 44 30 27 32 95% 305341 28767 70%
c p 13.30  0 32 16  30  1 73576 2134 1.4 44 30 27 32 95% 305341 28767 70%
c
c  seconds  reductions  conflicts       size    tier2         variables
c         MB     restarts    redundant     glue     trail          remaining
c          level      rate        size/glue  tier1    irredundant
c
c u 13.32  0 32 16  30  1 73576 2117 1.4 44 30 27 32 95% 305341 28767 70%
c v 13.34  0 32 16  30  1 73576 2087 1.4 44 30 27 32 95% 305341 28767 70%
c w 13.34  0 32 16  30  1 73576 2080 1.4 44 30 27 32 95% 305341 28767 70%
c x 13.35  0 32 16  30  1 73576 2080 1.4 44 30 27 32 95% 305340 28767 70%
c W 14.40  0 32 16  30  1 78017 4347 1.4 43 30 27 32 95% 305340 28767 70%
c - 15.31  0 32 17  31  1 83646 1890 1.4 43 30 27 32 95% 305340 28767 70%
c p 15.32  0 32 17  31  1 83646 2226 1.4 43 30 27 32 95% 305340 28767 70%
c c 15.38  0 32 17  31  1 83646 2226 1.4 43 30 27 32 95% 305339 28767 70%
c d 15.38  0 32 17  31  1 83646 2226 1.4 43 30 27 32 95% 305337 28766 70%
c 2 15.39  0 32 17  31  1 83646 2226 1.4 43 30 27 32 95% 305329 28766 70%
c I 16.66  0 32 17  36  1 91021 6105 1.4 43 30 27 32 95% 305329 28766 70%
c - 17.19  0 32 18  37  1 94381 2119 1.4 42 30 27 32 95% 305329 28766 70%
c p 17.21  0 32 18  37  1 94381 2457 1.4 42 30 27 32 95% 305329 28766 70%
c u 17.28  0 32 18  37  1 94381 2445 1.4 42 30 27 32 95% 305329 28766 70%
c v 17.32  0 32 18  37  1 94381 2416 1.4 42 30 27 32 95% 305329 28766 70%
c w 17.33  0 32 18  37  1 94381 2411 1.4 42 30 27 32 95% 305329 28766 70%
c s 18.56  0 31 18  43  1 102129 7093 1.4 43 29 27 32 95% 305280 28766 70%
c e 18.59  0 31 18  43  1 102129 7091 1.4 43 29 27 32 95% 305264 28760 70%
c s 18.62  0 31 18  43  1 102129 7049 1.4 43 29 27 32 95% 305236 28760 70%
c e 18.64  0 31 18  43  1 102129 7046 1.4 43 29 27 32 95% 305214 28752 70%
c
c  seconds  reductions  conflicts        size    tier2         variables
c         MB     restarts     redundant     glue     trail          remaining
c          level      rate         size/glue  tier1    irredundant
c
c B 19.13  0 31 18  44  1 105022 8591 1.4 43 29 27 32 95% 305214 28752 70%
c - 19.27  0 31 19  44  1 105787 2360 1.4 42 29 27 32 95% 305214 28752 70%
c p 19.28  0 31 19  44  1 105787 2702 1.4 42 29 27 32 95% 305214 28752 70%
c - 21.07  0 31 20  47  1 117858 2439 1.4 43 29 27 32 95% 305214 28752 70%
c p 21.07  0 31 20  47  1 117858 2840 1.4 43 29 27 32 95% 305214 28752 70%
c u 21.15  0 31 20  47  1 117858 2821 1.4 43 29 27 32 95% 305214 28752 70%
c v 21.18  0 31 20  47  1 117858 2782 1.4 43 29 27 32 95% 305214 28752 70%
c w 21.18  0 31 20  47  1 117858 2773 1.4 43 29 27 32 95% 305214 28752 70%
c W 21.90  0 31 20  48  1 120025 4028 1.5 43 30 27 32 95% 305214 28752 70%
c - 23.34  0 31 21  54  1 130601 2605 1.5 43 30 27 32 95% 305214 28752 70%
c p 23.36  0 31 21  54  1 130601 3165 1.5 43 30 27 32 95% 305214 28752 70%
c F 24.09  0 32 21  58  1 136027 6220 1.5 44 30 27 32 95% 305214 28752 70%
c s 25.06  0 32 21  60  1 143028 10280 1.5 44 30 26 32 95% 305178 28752 70%
c e 25.09  0 32 21  60  1 143028 10280 1.5 44 30 26 32 95% 305176 28751 70%
c s 25.11  0 32 21  60  1 143028 10274 1.5 44 30 26 32 95% 305165 28751 70%
c e 25.13  0 32 21  60  1 143028 10274 1.5 44 30 26 32 95% 305156 28748 70%
c - 25.29  0 32 22  60  1 144013 2854 1.5 44 30 26 32 95% 305156 28748 70%
c p 25.30  0 32 22  60  1 144013 3870 1.5 44 30 26 32 95% 305156 28746 70%
c u 25.33  0 32 22  60  1 144013 3847 1.5 44 30 26 32 95% 305156 28746 70%
c v 25.37  0 32 22  60  1 144013 3794 1.5 44 30 26 32 95% 305156 28746 70%
c
c  seconds  reductions  conflicts        size    tier2         variables
c         MB     restarts     redundant     glue     trail          remaining
c          level      rate         size/glue  tier1    irredundant
c
c w 25.38  0 32 22  60  1 144013 3781 1.5 44 30 26 32 95% 305156 28746 70%
c B 26.49  0 32 22  61  1 153029 8971 1.5 44 30 26 32 95% 305156 28746 70%
c - 27.21  0 32 23  61  1 158096 3049 1.5 44 30 26 32 95% 305136 28746 70%
c p 27.22  0 32 23  61  1 158096 4267 1.5 44 30 26 32 95% 305136 28745 70%
c v 27.50  0 32 23  61  1 158096 4229 1.5 44 30 26 32 95% 305126 28745 70%
c w 27.51  0 32 23  61  1 158096 4223 1.5 44 30 26 32 95% 305126 28745 70%
c W 29.80  0 32 23  62  1 171032 11210 1.5 44 30 26 32 95% 305126 28745 70%
c - 30.12  0 32 24  62  1 172853 3030 1.5 44 30 26 32 95% 305126 28745 70%
c p 30.12  0 32 24  62  1 172853 4393 1.5 44 30 26 32 95% 305126 28744 70%
c u 30.16  0 32 24  62  1 172853 4384 1.5 44 30 26 32 95% 305126 28744 70%
c v 30.16  0 32 24  62  1 172853 4381 1.5 44 30 26 32 95% 305126 28744 70%
c w 30.17  0 32 24  62  1 172853 4375 1.5 44 30 26 32 95% 305126 28744 70%
c x 30.18  0 32 24  62  1 172853 4375 1.5 44 30 26 32 95% 305125 28744 70%
c - 32.29  0 32 25  62  1 188282 3103 1.5 43 30 26 32 95% 305115 28744 70%
c p 32.31  0 32 25  62  1 188282 4592 1.5 43 30 26 32 95% 305115 28742 69%
c u 32.34  0 32 25  62  1 188282 4582 1.5 43 30 26 32 95% 305115 28742 69%
c v 32.36  0 32 25  62  1 188282 4560 1.5 43 30 26 32 95% 305115 28742 69%
c w 32.37  0 32 25  62  1 188282 4557 1.5 43 30 26 32 95% 305115 28742 69%
c # 32.65  0 32 25  62  1 190033 5392 1.5 43 30 26 32 95% 305115 28742 69%
c s 32.76  0 32 25  62  1 190744 5792 1.5 43 30 26 32 95% 305099 28742 69%
c
c  seconds  reductions  conflicts        size    tier2         variables
c         MB     restarts     redundant     glue     trail          remaining
c          level      rate         size/glue  tier1    irredundant
c
c e 32.79  0 32 25  62  1 190744 5765 1.5 43 30 26 32 95% 305064 28737 69%
c s 32.81  0 32 25  62  1 190744 5760 1.5 43 30 26 32 95% 305046 28737 69%
c e 32.83  0 32 25  62  1 190744 5760 1.5 43 30 26 32 95% 305035 28733 69%
c - 34.67  0 32 26  66  1 204383 3351 1.5 43 30 26 31 95% 305035 28733 69%
c p 34.67  0 32 26  66  1 204383 4671 1.5 43 30 26 31 95% 305035 28731 69%
c v 34.72  0 32 26  66  1 204383 4631 1.5 43 30 26 31 95% 305035 28731 69%
c w 34.72  0 32 26  66  1 204383 4622 1.5 43 30 26 31 95% 305035 28731 69%
c B 35.44  0 32 26  69  1 210034 7730 1.5 43 30 26 31 95% 305035 28731 69%
c - 36.87  0 32 27  76  1 221159 3468 1.4 43 30 26 31 95% 305015 28731 69%
c p 36.88  0 32 27  76  1 221159 4878 1.4 43 30 26 31 95% 305015 28730 69%
c u 36.97  0 32 27  76  1 221159 4862 1.4 43 30 26 31 95% 305015 28730 69%
c v 36.98  0 32 27  76  1 221159 4851 1.4 43 30 26 31 95% 305015 28730 69%
c w 36.98  0 32 27  76  1 221159 4847 1.4 43 30 26 31 95% 305015 28730 69%
c W 38.89  0 32 27  77  1 231035 10257 1.4 43 30 26 31 95% 305005 28730 69%
c - 39.94  0 32 28  82  1 238609 3460 1.4 43 30 26 31 95% 305005 28730 69%
c p 39.95  0 32 28  82  1 238609 5001 1.4 43 30 26 31 95% 305005 28728 69%
c v 39.99  0 32 28  82  1 238609 4986 1.4 43 30 26 31 95% 305005 28728 69%
c w 40.00  0 32 28  82  1 238609 4986 1.4 43 30 26 31 95% 305005 28728 69%
c s 41.10  0 32 28  85  1 245276 8628 1.4 43 30 26 31 95% 304985 28728 69%
c e 41.13  0 32 28  85  1 245276 8628 1.4 43 30 26 31 95% 304956 28725 69%
c
c  seconds  reductions  conflicts        size    tier2         variables
c         MB     restarts     redundant     glue     trail          remaining
c          level      rate         size/glue  tier1    irredundant
c
c s 41.15  0 32 28  85  1 245276 8618 1.4 43 30 26 31 95% 304945 28725 69%
c e 41.17  0 32 28  85  1 245276 8618 1.4 43 30 26 31 95% 304937 28722 69%
c O 42.41  0 32 28  90  1 253039 12725 1.4 43 30 26 31 95% 304937 28722 69%
c - 43.00  0 32 29  91  1 256733 3752 1.4 43 30 26 31 95% 304937 28722 69%
c p 43.02  0 32 29  91  1 256733 5411 1.4 43 30 26 31 95% 304937 28719 69%
c u 43.07  0 32 29  91  1 256733 5383 1.4 43 30 26 31 95% 304937 28719 69%
c v 43.08  0 32 29  91  1 256733 5372 1.4 43 30 26 31 95% 304937 28719 69%
c w 43.09  0 32 29  91  1 256733 5366 1.4 43 30 26 31 95% 304937 28719 69%
c - 45.71  0 31 30  93  1 275534 3879 1.4 42 29 25 31 95% 304907 28719 69%
c p 45.72  0 31 30  93  1 275534 6012 1.4 42 29 25 31 95% 304907 28717 69%
c u 46.04  0 31 30  93  1 275534 5983 1.4 42 29 25 31 95% 304887 28717 69%
c v 46.06  0 31 30  93  1 275534 5968 1.4 42 29 25 31 95% 304887 28717 69%
c w 46.07  0 31 30  93  1 275534 5957 1.4 42 29 25 31 95% 304887 28717 69%
c B 46.17  0 31 30  93  1 276042 6250 1.4 42 29 25 31 95% 304887 28717 69%
c - 48.66  0 31 31 101  1 295011 4159 1.4 42 29 25 31 95% 304887 28717 69%
c p 48.67  0 31 31 101  1 295011 6062 1.4 42 29 25 31 95% 304887 28717 69%
c v 48.73  0 31 31 101  1 295011 6024 1.4 42 29 25 31 95% 304887 28717 69%
c w 48.73  0 31 31 101  1 295011 6019 1.4 42 29 25 31 95% 304887 28717 69%
c W 50.08  0 31 31 104  1 300044 8825 1.4 42 29 25 31 95% 304887 28717 69%
c s 50.89  0 31 31 107  1 306626 11883 1.4 42 30 25 31 95% 304870 28717 69%
c
c  seconds  reductions  conflicts         size    tier2         variables
c         MB     restarts      redundant     glue     trail          remaining
c          level      rate          size/glue  tier1    irredundant
c
c e 50.91  0 31 31 107  1 306626 11856 1.4 42 30 25 31 95% 304852 28710 69%
c s 50.93  0 31 31 107  1 306626 11849 1.4 42 30 25 31 95% 304837 28710 69%
c e 50.94  0 31 31 107  1 306626 11849 1.4 42 30 25 31 95% 304823 28705 69%
c - 52.18  0 31 32 108  1 315162 4080 1.4 42 30 25 31 95% 304823 28705 69%
c p 52.19  0 31 32 108  1 315162 5666 1.4 42 30 25 31 95% 304823 28705 69%
c u 52.29  0 31 32 108  1 315162 5640 1.4 42 30 25 31 95% 304823 28705 69%
c v 52.30  0 31 32 108  1 315162 5616 1.4 42 30 25 31 95% 304823 28705 69%
c w 52.31  0 31 32 108  1 315162 5607 1.4 42 30 25 31 95% 304823 28705 69%
c I 53.74  0 31 32 115  1 325046 10989 1.4 42 30 25 31 95% 304823 28705 69%
c - 55.19  0 31 33 121  1 335990 4362 1.4 42 29 25 31 95% 304823 28705 69%
c p 55.21  0 31 33 121  1 335990 6047 1.4 42 29 25 31 95% 304823 28703 69%
c v 55.25  0 31 33 121  1 335990 6023 1.4 42 29 25 31 95% 304823 28703 69%
c w 55.26  0 31 33 121  1 335990 6015 1.4 42 29 25 31 95% 304823 28703 69%
c B 57.34  0 31 33 124  1 351047 15062 1.4 42 29 25 31 95% 304823 28703 69%
c - 58.31  0 31 34 124  1 357495 4799 1.4 42 29 25 31 95% 304803 28703 69%
c p 58.32  0 31 34 124  1 357495 6543 1.4 42 29 25 31 95% 304803 28703 69%
c v 58.39  0 31 34 124  1 357495 6495 1.4 42 29 25 31 95% 304803 28703 69%
c w 58.40  0 31 34 124  1 357495 6486 1.4 42 29 25 31 95% 304803 28703 69%
c s 60.60  0 31 34 125  1 374800 15955 1.4 42 29 25 31 95% 304788 28703 69%
c e 60.64  0 31 34 125  1 374800 15918 1.4 42 29 25 31 95% 304782 28701 69%
c
c  seconds  reductions  conflicts         size    tier2         variables
c         MB     restarts      redundant     glue     trail          remaining
c          level      rate          size/glue  tier1    irredundant
c
c s 60.65  0 31 34 125  1 374800 15895 1.4 42 29 25 31 95% 304775 28701 69%
c e 60.67  0 31 34 125  1 374800 15894 1.4 42 29 25 31 95% 304764 28697 69%
c W 61.86  0 31 34 125  1 378048 17751 1.4 42 29 25 31 95% 304764 28697 69%
c - 62.08  0 31 35 125  1 379676 4815 1.4 42 29 25 31 95% 304764 28697 69%
c p 62.10  0 31 35 125  1 379676 6626 1.4 42 29 25 31 95% 304764 28697 69%
c u 62.14  0 31 35 125  1 379676 6606 1.4 42 29 25 31 95% 304764 28697 69%
c v 62.16  0 31 35 125  1 379676 6601 1.4 42 29 25 31 95% 304764 28697 69%
c w 62.16  0 31 35 125  1 379676 6600 1.4 42 29 25 31 95% 304764 28697 69%
c - 65.56  0 31 36 126  1 402535 5045 1.5 42 29 24 31 95% 304764 28697 69%
c p 65.57  0 31 36 126  1 402535 7032 1.5 42 29 24 31 95% 304764 28697 69%
c u 65.62  0 31 36 126  1 402535 7013 1.5 42 29 24 31 95% 304764 28697 69%
c v 65.64  0 31 36 126  1 402535 6996 1.5 42 29 24 31 95% 304764 28697 69%
c w 65.65  0 31 36 126  1 402535 6990 1.5 42 29 24 31 95% 304764 28697 69%
c F 66.18  0 31 36 126  1 406051 9146 1.5 42 29 24 31 95% 304764 28697 69%
c - 69.28  0 31 37 126  1 426072 5263 1.5 43 30 24 31 95% 304764 28697 69%
c p 69.30  0 31 37 126  1 426072 7075 1.5 43 30 24 31 95% 304764 28697 69%
c v 69.37  0 31 37 126  1 426072 7036 1.5 43 30 24 31 95% 304764 28697 69%
c w 69.38  0 31 37 126  1 426072 7026 1.5 43 30 24 31 95% 304764 28697 69%
c B 70.43  0 31 37 126  1 435052 11831 1.5 43 30 24 31 95% 304764 28697 69%
c s 72.75  0 31 37 126  1 449792 20564 1.5 43 30 24 31 95% 304754 28697 69%
c
c  seconds  reductions  conflicts         size    tier2         variables
c         MB     restarts      redundant     glue     trail          remaining
c          level      rate          size/glue  tier1    irredundant
c
c s 72.81  0 31 37 126  1 449792 20553 1.5 43 30 24 31 95% 304749 28697 69%
c e 72.82  0 31 37 126  1 449792 20549 1.5 43 30 24 31 95% 304739 28693 69%
c - 72.92  0 31 38 126  1 450287 5530 1.5 43 30 24 31 95% 304739 28693 69%
c p 72.93  0 31 38 126  1 450287 7368 1.5 43 30 24 31 95% 304739 28693 69%
c c 72.98  0 31 38 126  1 450287 7368 1.5 43 30 24 31 95% 304740 28693 69%
c d 72.99  0 31 38 126  1 450287 7368 1.5 43 30 24 31 95% 304738 28692 69%
c 2 73.01  0 31 38 126  1 450287 7368 1.5 43 30 24 31 95% 304730 28692 69%
c v 73.38  0 31 38 126  1 450287 7314 1.5 43 30 24 31 95% 304730 28692 69%
c w 73.39  0 31 38 126  1 450287 7302 1.5 43 30 24 31 95% 304730 28692 69%
c W 76.22  0 31 38 126  1 465053 15576 1.5 43 29 24 31 95% 304730 28692 69%
c - 77.74  0 31 39 133  1 475179 5691 1.5 43 29 24 31 95% 304730 28692 69%
c p 77.75  0 31 39 133  1 475179 7772 1.5 43 29 24 31 95% 304730 28692 69%
c u 77.81  0 31 39 133  1 475179 7740 1.5 43 29 24 31 95% 304730 28692 69%
c v 77.82  0 31 39 133  1 475179 7727 1.5 43 29 24 31 95% 304730 28692 69%
c w 77.82  0 31 39 133  1 475179 7721 1.5 43 29 24 31 95% 304730 28692 69%
c # 80.45  0 31 39 141  1 496054 19836 1.5 43 29 24 31 95% 304730 28692 69%
c - 81.09  0 31 40 144  1 500751 5938 1.5 44 30 24 31 95% 304730 28692 69%
c p 81.10  0 31 40 144  1 500751 7703 1.5 44 30 24 31 95% 304730 28692 69%
c u 81.16  0 31 40 144  1 500751 7690 1.5 44 30 24 31 95% 304730 28692 69%
c v 81.18  0 31 40 144  1 500751 7669 1.5 44 30 24 31 95% 304730 28692 69%
c
c  seconds  reductions  conflicts        size    tier2         variables
c         MB     restarts     redundant     glue     trail          remaining
c          level      rate         size/glue  tier1    irredundant
c
c w 81.19  0 31 40 144  1 500751 7663 1.5 44 30 24 31 95% 304730 28692 69%
c - 84.49  0 32 41 156  1 527002 5666 1.5 44 30 24 31 95% 304730 28692 69%
c p 84.50  0 32 41 156  1 527002 7351 1.5 44 30 24 31 95% 304730 28692 69%
c u 84.60  0 32 41 156  1 527002 7328 1.5 44 30 24 31 95% 304730 28692 69%
c v 84.62  0 32 41 156  1 527002 7316 1.5 44 30 24 31 95% 304730 28692 69%
c w 84.62  0 32 41 156  1 527002 7309 1.5 44 30 24 31 95% 304730 28692 69%
c B 84.77  0 32 41 156  1 528055 7926 1.5 44 30 24 31 95% 304730 28692 69%
c s 85.27  0 32 41 157  1 531604 10547 1.5 44 30 24 31 95% 304722 28692 69%
c e 85.29  0 32 41 157  1 531604 10546 1.5 44 30 24 31 95% 304719 28691 69%
c s 85.31  0 32 41 157  1 531604 10534 1.5 44 30 24 31 95% 304719 28691 69%
c - 88.38  0 31 42 162  1 553932 5914 1.5 43 30 24 31 95% 304719 28691 69%
c p 88.40  0 31 42 162  1 553932 7907 1.5 43 30 24 31 95% 304719 28691 69%
c u 88.46  0 31 42 162  1 553932 7845 1.5 43 30 24 31 95% 304719 28691 69%
c v 88.48  0 31 42 162  1 553932 7819 1.5 43 30 24 31 95% 304719 28691 69%
c w 88.49  0 31 42 162  1 553932 7807 1.5 43 30 24 31 95% 304719 28691 69%
c W 90.36  0 31 42 165  1 561056 12011 1.5 43 29 24 31 95% 304719 28691 69%
c - 93.47  0 31 43 173  1 581541 5985 1.5 43 29 24 31 95% 304719 28691 69%
c p 93.49  0 31 43 173  1 581541 8054 1.5 43 29 24 31 95% 304719 28691 69%
c u 93.56  0 31 43 173  1 581541 8026 1.5 43 29 24 31 95% 304719 28691 69%
c v 93.58  0 31 43 173  1 581541 8004 1.5 43 29 24 31 95% 304719 28691 69%
c
c  seconds  reductions  conflicts        size    tier2         variables
c         MB     restarts     redundant     glue     trail          remaining
c          level      rate         size/glue  tier1    irredundant
c
c w 93.59  0 31 43 173  1 581541 7994 1.5 43 29 24 31 95% 304719 28691 69%
c O 95.62  0 31 43 181  1 595058 14717 1.5 42 29 24 31 95% 304719 28691 69%
c - 97.93  0 31 44 187  1 609832 6095 1.5 42 29 24 31 95% 304719 28691 69%
c p 97.95  0 31 44 187  1 609832 8322 1.5 42 29 24 31 95% 304719 28691 69%
c u 98.02  0 31 44 187  1 609832 8302 1.5 42 29 24 31 95% 304719 28691 69%
c v 98.04  0 31 44 187  1 609832 8273 1.5 42 29 24 31 95% 304719 28691 69%
c w 98.05  0 31 44 187  1 609832 8260 1.5 42 29 24 31 95% 304719 28691 69%
c s 99.65  0 31 44 188  1 620234 14604 1.5 42 29 24 31 95% 304718 28691 69%
c e 99.67  0 31 44 188  1 620234 14603 1.5 42 29 24 31 95% 304716 28690 69%
c s 99.69  0 31 44 188  1 620234 14591 1.5 42 29 24 31 95% 304714 28690 69%
c B 101.19  0 31 44 188  1 630059 20626 1.5 42 29 24 31 95% 304714 28690 69%
c - 102.42  0 31 45 189  1 638800 6780 1.5 42 29 24 31 95% 304714 28690 69%
c p 102.43  0 31 45 189  1 638800 9005 1.5 42 29 24 31 95% 304714 28690 69%
c u 102.55  0 31 45 189  1 638800 8975 1.5 42 29 24 31 95% 304714 28690 69%
c v 102.57  0 31 45 189  1 638800 8956 1.5 42 29 24 31 95% 304714 28690 69%
c w 102.58  0 31 45 189  1 638800 8943 1.5 42 29 24 31 95% 304714 28690 69%
c W 107.70  0 31 45 191  1 666061 23472 1.4 42 29 24 31 95% 304714 28690 69%
c - 108.04  0 31 46 192  1 668449 6583 1.4 42 29 24 31 95% 304714 28690 69%
c p 108.05  0 31 46 192  1 668449 8838 1.4 42 29 24 31 95% 304714 28690 69%
c u 108.10  0 31 46 192  1 668449 8821 1.4 42 29 24 31 95% 304714 28690 69%
c
c  seconds   reductions  conflicts        size    tier2         variables
c          MB     restarts     redundant     glue     trail          remaining
c           level      rate         size/glue  tier1    irredundant
c
c v 108.12  0 31 46 192  1 668449 8792 1.4 42 29 24 31 95% 304714 28690 69%
c w 108.12  0 31 46 192  1 668449 8781 1.4 42 29 24 31 95% 304714 28690 69%
c x 108.14  0 31 46 192  1 668449 8781 1.4 42 29 24 31 95% 304714 28690 69%
c - 112.27  0 30 47 206  1 698780 6604 1.4 41 29 24 31 95% 304714 28690 69%
c p 112.29  0 30 47 206  1 698780 8969 1.4 41 29 24 31 95% 304714 28690 69%
c u 112.75  0 30 47 206  1 698780 8930 1.4 41 29 24 31 95% 304714 28690 69%
c v 112.76  0 30 47 206  1 698780 8889 1.4 41 29 24 31 95% 304714 28690 69%
c w 112.77  0 30 47 206  1 698780 8879 1.4 41 29 24 31 95% 304714 28690 69%
c I 113.48  0 30 47 209  1 703064 11376 1.4 41 29 24 31 95% 304714 28690 69%
c s 115.39  0 30 47 216  1 715685 18593 1.4 41 29 24 31 95% 304714 28690 69%
c s 115.45  0 30 47 216  1 715685 18574 1.4 41 29 24 31 95% 304714 28690 69%
c e 115.46  0 30 47 216  1 715685 18574 1.4 41 29 24 31 95% 304712 28689 69%
c - 117.74  0 30 48 219  1 729791 6991 1.4 41 28 24 31 94% 304712 28689 69%
c p 117.77  0 30 48 219  1 729791 9491 1.4 41 28 24 31 94% 304712 28689 69%
c u 117.85  0 30 48 219  1 729791 9447 1.4 41 28 24 31 94% 304712 28689 69%
c v 117.87  0 30 48 219  1 729791 9417 1.4 41 28 24 31 94% 304712 28689 69%
c w 117.88  0 30 48 219  1 729791 9395 1.4 41 28 24 31 94% 304712 28689 69%
c B 119.45  0 30 48 220  1 741066 18987 1.5 43 28 24 31 94% 304712 28689 69%
c - 122.76  0 30 49 229  1 761481 7707 1.5 42 28 24 31 94% 304712 28689 69%
c p 122.78  0 30 49 229  1 761481 10057 1.5 42 28 24 31 94% 304712 28689 69%
c
c  seconds   reductions  conflicts         size    tier2         variables
c          MB     restarts      redundant     glue     trail          remaining
c           level      rate          size/glue  tier1    irredundant
c
c u 122.86  0 30 49 229  1 761481 10029 1.5 42 28 24 31 94% 304712 28689 69%
c v 122.88  0 30 49 229  1 761481 10009 1.5 42 28 24 31 94% 304712 28689 69%
c w 122.90  0 30 49 229  1 761481 9995 1.5 42 28 24 31 94% 304712 28689 69%
c W 126.66  0 30 49 235  1 780071 20025 1.5 42 29 24 31 94% 304712 28689 69%
c - 128.92  0 30 50 243  1 793853 7168 1.5 41 28 24 30 94% 304712 28689 69%
c p 128.94  0 30 50 243  1 793853 9697 1.5 41 28 24 30 94% 304712 28689 69%
c u 129.08  0 30 50 243  1 793853 9675 1.5 41 28 24 30 94% 304712 28689 69%
c v 129.11  0 30 50 243  1 793853 9658 1.5 41 28 24 30 94% 304712 28689 69%
c w 129.12  0 30 50 243  1 793853 9644 1.5 41 28 24 30 94% 304712 28689 69%
c s 132.57  0 30 50 251  1 817952 22509 1.4 41 28 24 30 94% 304711 28689 69%
c s 132.63  0 30 50 251  1 817952 22494 1.4 41 28 24 30 94% 304711 28689 69%
c e 132.64  0 30 50 251  1 817952 22494 1.4 41 28 24 30 94% 304709 28688 69%
c F 132.93  0 30 50 251  1 820073 23479 1.4 41 28 24 30 94% 304709 28688 69%
c - 133.90  0 30 51 251  1 826906 7489 1.5 42 29 24 30 94% 304709 28688 69%
c p 133.92  0 30 51 251  1 826906 9736 1.5 42 29 24 30 94% 304709 28688 69%
c u 133.99  0 30 51 251  1 826906 9688 1.5 42 29 24 30 94% 304709 28688 69%
c v 134.02  0 30 51 251  1 826906 9652 1.5 42 29 24 30 94% 304709 28688 69%
c w 134.03  0 30 51 251  1 826906 9641 1.5 42 29 24 30 94% 304709 28688 69%
c - 138.53  0 31 52 252  1 860640 7397 1.4 42 29 24 31 94% 304709 28688 69%
c p 138.55  0 31 52 252  1 860640 9518 1.4 42 29 24 31 94% 304709 28688 69%
c
c  seconds   reductions  conflicts        size    tier2         variables
c          MB     restarts     redundant     glue     trail          remaining
c           level      rate         size/glue  tier1    irredundant
c
c u 138.63  0 31 52 252  1 860640 9487 1.4 42 29 24 31 94% 304709 28688 69%
c v 138.65  0 31 52 252  1 860640 9466 1.4 42 29 24 31 94% 304709 28688 69%
c w 138.66  0 31 52 252  1 860640 9457 1.4 42 29 24 31 94% 304709 28688 69%
c B 138.75  0 31 52 252  1 861074 9813 1.4 42 29 24 31 94% 304709 28688 69%
c - 143.64  0 31 53 253  1 895054 7336 1.4 42 29 24 31 94% 304709 28688 69%
c p 143.66  0 31 53 253  1 895054 9774 1.4 42 29 24 31 94% 304709 28688 69%
c u 143.73  0 31 53 253  1 895054 9740 1.4 42 29 24 31 94% 304709 28688 69%
c w 143.77  0 31 53 253  1 895054 9703 1.4 42 29 24 31 94% 304709 28688 69%
c W 146.03  0 31 53 253  1 903076 14020 1.4 42 29 24 31 94% 304709 28688 69%
c s 149.44  0 31 53 253  1 927038 27230 1.4 42 29 24 30 94% 304709 28688 69%
c s 149.50  0 31 53 253  1 927038 27211 1.4 42 29 24 30 94% 304709 28688 69%
c - 150.05  0 31 54 253  1 930149 7798 1.4 42 29 24 30 94% 304709 28688 69%
c p 150.07  0 31 54 253  1 930149 10224 1.4 42 29 24 30 94% 304709 28688 69%
c u 150.14  0 31 54 253  1 930149 10196 1.4 42 29 24 30 94% 304709 28688 69%
c v 150.16  0 31 54 253  1 930149 10179 1.4 42 29 24 30 94% 304709 28688 69%
c w 150.17  0 31 54 253  1 930149 10169 1.4 42 29 24 30 94% 304709 28688 69%
c # 152.56  0 30 54 254  1 946078 19413 1.4 41 29 24 30 94% 304709 28688 69%
c - 155.42  0 31 55 254  1 965926 8697 1.5 43 29 24 30 94% 304709 28688 69%
c p 155.43  0 31 55 254  1 965926 11243 1.5 43 29 24 30 94% 304709 28688 69%
c u 155.50  0 31 55 254  1 965926 11222 1.5 43 29 24 30 94% 304709 28688 69%
c
c  seconds   reductions  conflicts         size    tier2         variables
c          MB     restarts      redundant     glue     trail          remaining
c           level      rate          size/glue  tier1    irredundant
c
c v 155.52  0 31 55 254  1 965926 11123 1.5 43 29 24 30 94% 304709 28688 69%
c w 155.53  0 31 55 254  1 965926 11087 1.5 43 29 24 30 94% 304709 28688 69%
c B 158.90  0 31 55 254  1 990079 24844 1.5 45 30 24 31 94% 304709 28688 69%
c - 160.69  0 32 56 254  1 1002385 8582 1.5 44 30 24 31 95% 304709 28688 69%
c p 160.70  0 32 56 254  1 1002385 11105 1.5 44 30 24 31 95% 304709 28688 69%
c u 160.84  0 32 56 254  1 1002385 11023 1.5 44 30 24 31 95% 304709 28688 69%
c v 160.87  0 32 56 254  1 1002385 10995 1.5 44 30 24 31 95% 304709 28688 69%
c w 160.88  0 32 56 254  1 1002385 10960 1.5 44 30 24 31 95% 304709 28688 69%
c W 166.58  0 32 56 254  1 1035080 28260 1.5 44 30 24 31 95% 304709 28688 69%
c - 167.22  0 32 57 254  1 1039525 8183 1.5 44 30 24 31 95% 304709 28688 69%
c p 167.24  0 32 57 254  1 1039525 10635 1.5 44 30 24 31 95% 304709 28688 69%
c u 167.75  0 32 57 254  1 1039525 10601 1.5 44 30 24 31 95% 304709 28688 69%
c v 167.78  0 32 57 254  1 1039525 10550 1.5 44 30 24 31 95% 304709 28688 69%
c w 167.79  0 32 57 254  1 1039525 10522 1.5 44 30 24 31 95% 304709 28688 69%
c - 173.02  0 32 58 263  1 1077348 8095 1.4 43 30 24 31 95% 304709 28688 69%
c p 173.04  0 32 58 263  1 1077348 10723 1.4 43 30 24 31 95% 304709 28688 69%
c u 173.13  0 32 58 263  1 1077348 10685 1.4 43 30 24 31 95% 304709 28688 69%
c v 173.15  0 32 58 263  1 1077348 10650 1.4 43 30 24 31 95% 304709 28688 69%
c w 173.16  0 32 58 263  1 1077348 10627 1.4 43 30 24 31 95% 304709 28688 69%
c O 173.59  0 32 58 266  1 1081081 12959 1.4 43 30 24 31 95% 304709 28688 69%
c
c  seconds   reductions   conflicts        size    tier2         variables
c          MB     restarts      redundant     glue     trail          remaining
c           level      rate          size/glue  tier1    irredundant
c
c - 178.68  0 31 59 282  1 1115853 9190 1.5 44 29 24 31 94% 304709 28688 69%
c p 178.70  0 31 59 282  1 1115853 12267 1.5 44 29 24 31 94% 304709 28688 69%
c u 178.78  0 31 59 282  1 1115853 12234 1.5 44 29 24 31 94% 304709 28688 69%
c v 178.80  0 31 59 282  1 1115853 12206 1.5 44 29 24 31 94% 304709 28688 69%
c w 178.82  0 31 59 282  1 1115853 12187 1.5 44 29 24 31 94% 304709 28688 69%
c B 180.58  0 31 59 284  1 1128082 19439 1.5 44 29 24 31 94% 304709 28688 69%
c - 184.63  0 32 60 292  1 1155043 9377 1.5 45 30 24 31 94% 304709 28688 69%
c p 184.65  0 32 60 292  1 1155043 12418 1.5 45 30 24 31 94% 304709 28688 69%
c u 184.73  0 32 60 292  1 1155043 12387 1.5 45 30 24 31 94% 304709 28688 69%
c v 184.75  0 32 60 292  1 1155043 12354 1.5 45 30 24 31 94% 304709 28688 69%
c w 184.77  0 32 60 292  1 1155043 12327 1.5 45 30 24 31 94% 304709 28688 69%
c W 188.96  0 32 60 300  1 1176083 24711 1.5 45 30 24 31 94% 304709 28688 69%
c - 191.93  0 32 61 310  1 1194915 9411 1.5 45 30 24 31 94% 304709 28688 69%
c p 191.95  0 32 61 310  1 1194915 12231 1.5 45 30 24 31 94% 304709 28688 69%
c u 192.04  0 32 61 310  1 1194915 12197 1.5 45 30 24 31 94% 304709 28688 69%
c v 192.07  0 32 61 310  1 1194915 12158 1.5 45 30 24 31 94% 304709 28688 69%
c w 192.09  0 32 61 310  1 1194915 12134 1.5 45 30 24 31 94% 304709 28688 69%
c I 196.59  0 32 61 316  1 1225085 29253 1.5 46 30 24 31 94% 304709 28688 69%
c - 198.22  0 31 62 317  1 1235466 9284 1.5 45 30 24 31 94% 304709 28688 69%
c p 198.24  0 31 62 317  1 1235466 12228 1.5 45 30 24 31 94% 304709 28688 69%
c
c  seconds   reductions   conflicts         size    tier2         variables
c          MB     restarts       redundant     glue     trail          remaining
c           level      rate           size/glue  tier1    irredundant
c
c u 198.34  0 31 62 317  1 1235466 12198 1.5 45 30 24 31 94% 304709 28688 69%
c v 198.37  0 31 62 317  1 1235466 12170 1.5 45 30 24 31 94% 304709 28688 69%
c w 198.39  0 31 62 317  1 1235466 12132 1.5 45 30 24 31 94% 304709 28688 69%
c B 204.29  0 30 62 325  1 1275086 33083 1.5 42 28 24 31 94% 304709 28688 69%
c - 204.54  0 30 63 326  1 1276699 9226 1.5 42 28 24 31 94% 304709 28688 69%
c p 204.56  0 30 63 326  1 1276699 12287 1.5 42 28 24 31 94% 304709 28688 69%
c u 204.71  0 30 63 326  1 1276699 12251 1.5 42 28 24 31 94% 304709 28688 69%
c v 204.73  0 30 63 326  1 1276699 12233 1.5 42 28 24 31 94% 304709 28688 69%
c w 204.75  0 30 63 326  1 1276699 12217 1.5 42 28 24 31 94% 304709 28688 69%
c - 210.82  0 29 64 346  1 1318616 9724 1.5 42 28 23 30 94% 304709 28688 69%
c p 210.85  0 29 64 346  1 1318616 12669 1.5 42 28 23 30 94% 304709 28688 69%
c u 210.95  0 29 64 346  1 1318616 12647 1.5 42 28 23 30 94% 304709 28688 69%
c v 210.98  0 29 64 346  1 1318616 12623 1.5 42 28 23 30 94% 304709 28688 69%
c w 211.00  0 29 64 346  1 1318616 12602 1.5 42 28 23 30 94% 304709 28688 69%
c W 213.45  0 29 64 347  1 1326087 16564 1.5 42 28 23 30 94% 304709 28688 69%
c - 218.74  0 29 65 358  1 1361213 9373 1.5 41 28 23 30 94% 304709 28688 69%
c p 218.76  0 29 65 358  1 1361213 12430 1.5 41 28 23 30 94% 304709 28688 69%
c u 218.86  0 29 65 358  1 1361213 12391 1.5 41 28 23 30 94% 304709 28688 69%
c v 218.89  0 29 65 358  1 1361213 12302 1.5 41 28 23 30 94% 304709 28688 69%
c w 218.91  0 29 65 358  1 1361213 12276 1.5 41 28 23 30 94% 304709 28688 69%
c
c  seconds   reductions   conflicts         size    tier2         variables
c          MB     restarts       redundant     glue     trail          remaining
c           level      rate           size/glue  tier1    irredundant
c
c F 221.45  0 29 65 363  1 1378089 22312 1.5 41 28 23 30 94% 304709 28688 69%
c - 225.28  0 30 66 378  1 1404494 10075 1.5 43 29 23 30 94% 304709 28688 69%
c p 225.30  0 30 66 378  1 1404494 13049 1.5 43 29 23 30 94% 304709 28688 69%
c u 225.41  0 30 66 378  1 1404494 12996 1.5 43 29 23 30 94% 304709 28688 69%
c v 225.43  0 30 66 378  1 1404494 12928 1.5 43 29 23 30 94% 304709 28688 69%
c w 225.45  0 30 66 378  1 1404494 12902 1.5 43 29 23 30 94% 304709 28688 69%
c B 229.28  0 31 66 380  1 1431090 27086 1.5 43 29 23 30 94% 304709 28688 69%
c - 231.83  0 31 67 380  1 1448457 9699 1.5 43 30 23 30 94% 304709 28688 69%
c p 231.85  0 31 67 380  1 1448457 12622 1.5 43 30 23 30 94% 304709 28688 69%
c u 231.95  0 31 67 380  1 1448457 12586 1.5 43 30 23 30 94% 304709 28688 69%
c v 231.98  0 31 67 380  1 1448457 12534 1.5 43 30 23 30 94% 304709 28688 69%
c w 232.00  0 31 67 380  1 1448457 12510 1.5 43 30 23 30 94% 304709 28688 69%
c W 238.62  0 32 67 381  1 1485094 31782 1.5 43 30 23 30 95% 304709 28688 69%
c - 239.87  0 32 68 381  1 1493105 9532 1.4 43 30 23 30 95% 304709 28688 69%
c p 239.89  0 32 68 381  1 1493105 12578 1.4 43 30 23 30 95% 304709 28688 69%
c u 240.57  0 32 68 381  1 1493105 12535 1.4 43 30 23 30 95% 304709 28688 69%
c v 240.60  0 32 68 381  1 1493105 12475 1.4 43 30 23 30 95% 304709 28688 69%
c w 240.62  0 32 68 381  1 1493105 12456 1.4 43 30 23 30 95% 304709 28688 69%
c - 246.81  0 32 69 388  1 1538435 9527 1.4 43 30 24 31 95% 304709 28688 69%
c p 246.83  0 32 69 388  1 1538435 12462 1.4 43 30 24 31 95% 304709 28688 69%
c
c  seconds   reductions   conflicts         size    tier2         variables
c          MB     restarts       redundant     glue     trail          remaining
c           level      rate           size/glue  tier1    irredundant
c
c u 246.94  0 32 69 388  1 1538435 12430 1.4 43 30 24 31 95% 304709 28688 69%
c v 246.97  0 32 69 388  1 1538435 12384 1.4 43 30 24 31 95% 304709 28688 69%
c w 246.99  0 32 69 388  1 1538435 12366 1.4 43 30 24 31 95% 304709 28688 69%
c # 247.26  0 32 69 388  1 1540095 13409 1.4 43 30 24 31 95% 304709 28688 69%
c - 253.80  0 32 70 410  1 1584447 10565 1.5 45 30 24 31 95% 304709 28688 69%
c p 253.82  0 32 70 410  1 1584447 14097 1.5 45 30 24 31 95% 304709 28688 69%
c u 253.93  0 32 70 410  1 1584447 14060 1.5 45 30 24 31 95% 304709 28688 69%
c v 253.96  0 32 70 410  1 1584447 13978 1.5 45 30 24 31 95% 304709 28688 69%
c w 253.99  0 32 70 410  1 1584447 13954 1.5 45 30 24 31 95% 304709 28688 69%
c B 255.66  0 32 70 412  1 1596097 19844 1.5 45 30 24 31 95% 304709 28688 69%
c - 260.42  0 32 71 425  1 1631141 9769 1.5 44 30 24 31 95% 304709 28688 69%
c p 260.44  0 32 71 425  1 1631141 12789 1.5 44 30 24 31 95% 304709 28688 69%
c u 260.61  0 32 71 425  1 1631141 12706 1.5 44 30 24 31 95% 304709 28688 69%
c v 260.64  0 32 71 425  1 1631141 12630 1.5 44 30 24 31 95% 304709 28688 69%
c w 260.66  0 32 71 425  1 1631141 12616 1.5 44 30 24 31 95% 304709 28688 69%
c W 265.11  0 32 71 434  1 1653099 23205 1.4 44 31 24 31 95% 304709 28688 69%
c - 268.86  0 32 72 443  1 1678520 9732 1.5 45 31 24 31 95% 304709 28688 69%
c p 268.88  0 32 72 443  1 1678520 12932 1.5 45 31 24 31 95% 304709 28688 69%
c u 268.99  0 32 72 443  1 1678520 12892 1.5 45 31 24 31 95% 304709 28688 69%
c v 269.02  0 32 72 443  1 1678520 12839 1.5 45 31 24 31 95% 304709 28688 69%
c
c  seconds   reductions   conflicts         size    tier2         variables
c          MB     restarts       redundant     glue     trail          remaining
c           level      rate           size/glue  tier1    irredundant
c
c w 269.04  0 32 72 443  1 1678520 12804 1.5 45 31 24 31 95% 304709 28688 69%
c O 273.88  0 32 72 444  1 1711102 30189 1.5 45 31 24 31 95% 304709 28688 69%
c - 276.54  0 32 73 444  1 1726582 10164 1.4 44 30 24 31 95% 304709 28688 69%
c p 276.56  0 32 73 444  1 1726582 13616 1.4 44 30 24 31 95% 304709 28688 69%
c u 276.66  0 32 73 444  1 1726582 13571 1.4 44 30 24 31 95% 304709 28688 69%
c v 276.69  0 32 73 444  1 1726582 13528 1.4 44 30 24 31 95% 304709 28688 69%
c w 276.70  0 32 73 444  1 1726582 13507 1.4 44 30 24 31 95% 304709 28688 69%
c B 283.66  0 31 73 466  1 1770105 35073 1.4 41 29 24 31 95% 304709 28688 69%
c - 284.36  0 31 74 469  1 1775328 10294 1.4 42 29 24 31 95% 304709 28688 69%
c p 284.38  0 31 74 469  1 1775328 14397 1.4 42 29 24 31 95% 304709 28688 69%
c u 284.49  0 31 74 469  1 1775328 14346 1.4 42 29 24 31 95% 304709 28688 69%
c v 284.53  0 31 74 469  1 1775328 14274 1.4 42 29 24 31 95% 304709 28688 69%
c w 284.56  0 31 74 469  1 1775328 14253 1.4 42 29 24 31 95% 304709 28688 69%
c - 291.23  0 31 75 485  1 1824756 10379 1.4 42 30 24 31 94% 304709 28688 69%
c p 291.26  0 31 75 485  1 1824756 13594 1.4 42 30 24 31 94% 304709 28688 69%
c u 291.37  0 31 75 485  1 1824756 13560 1.4 42 30 24 31 94% 304709 28688 69%
c v 291.41  0 31 75 485  1 1824756 13533 1.4 42 30 24 31 94% 304709 28688 69%
c w 291.42  0 31 75 485  1 1824756 13494 1.4 42 30 24 31 94% 304709 28688 69%
c W 294.02  0 31 75 488  1 1830106 17722 1.4 43 30 24 31 95% 304709 28688 69%
c ] 299.68  0 32 75 505  1 1869904 38942 1.4 43 30 24 31 94% 304709 28688 69%
c
c  seconds   reductions   conflicts         size    tier2         variables
c          MB     restarts       redundant     glue     trail          remaining
c           level      rate           size/glue  tier1    irredundant
c
c ? 299.68  0 32 75 505  1 1869904 38942 1.4 43 30 24 31 94% 304709 28688 69%
c
c --- [ result ] -------------------------------------------------------------
c
c writing result to 'search-results/cadical-support70-cover-20260902/anchor-008-p1-s1.result'
c
c --- [ run-time profiling ] -------------------------------------------------
c
c process time taken by individual solving procedures
c (percentage relative to process time for solving)
c
c       286.34   95.57% search
c       268.53   89.62% stable
c        17.79    5.94% walk
c        13.28    4.43% simplify
c         4.60    1.53% vivify
c         2.54    0.85% sweep
c         1.36    0.45% backbone
c         1.19    0.40% congruence
c         0.65    0.22% subsume
c         0.63    0.21% elim
c         0.49    0.16% probe
c         0.31    0.10% ternary
c         0.05    0.02% parse
c         0.02    0.01% lucky
c   =================================
c       299.63   99.98% solve
c
c last line shows process time for solving
c (percentage relative to total process time)
c
c --- [ statistics ] ---------------------------------------------------------
c
c chronological:            172798         9.24 %  of conflicts
c conflicts:               1869904      6240.77    per second
c backbone:              125117253    302529.81 %  of vars
c decisions:               1971157      6578.70    per second
c eliminated:                 2768         6.69 %  of all variables
c fixed:                      9139        22.10 %  of all variables
c learned:                 1845510        98.70 %  per conflict
c learned_lits:          928834015       100.00 %  learned literals
c minimized:                     0         0.00 %  learned literals
c shrunken:              842949636        90.75 %  learned literals
c minishrunken:            6495338         0.70 %  learned literals
c otfs:                        855         0.05 %  of conflict
c propagations:         1632501204         5.45 M  per second
c reduced:                  982745        52.56 %  per conflict
c rephased:                     60     31165.07    interval
c restarts:                    505      3702.78    interval
c substituted:                 762         1.84 %  of all variables
c subsumed:                 825523        35.55 %  of all clauses
c strengthened:              33586         1.45 %  of all clauses
c ticks:               19192697075        15.38    propagation
c vivified:                   2108         0.09 %  of all clauses
c walked:                       20     93495.20    interval
c weakened:                  13305         2.84    average size
c congruence:                   21     89043.05    interval
c
c seconds are measured in process time for solving
c
c --- [ glue usage ] ---------------------------------------------------------
c
c focused glue 2 used 0 clauses 0.000% accumulated 0.000% tier1
c focused glue 3 used 0 clauses 0.000% accumulated 0.000%
c focused glue 4 used 0 clauses 0.000% accumulated 0.000%
c focused glue 5 used 0 clauses 0.000% accumulated 0.000%
c focused glue 6 used 0 clauses 0.000% accumulated 0.000% tier2
c
c stable glue 24 used 339990 clauses 5.319% accumulated 53.07% tier1
c stable glue 25 used 341088 clauses 5.336% accumulated 58.41%
c stable glue 26-29 used 1337678 clauses 20.92% accumulated 79.34%
c stable glue 30 used 314120 clauses 4.914% accumulated 84.25%
c stable glue 31 used 290365 clauses 4.543% accumulated 88.79% tier2
c
c
c --- [ resources ] ----------------------------------------------------------
c
c total process time since initialization:       299.68    seconds
c total real time since initialization:          300.01    seconds
c maximum resident set size of process:          241.50    MB
c
c --- [ shutting down ] ------------------------------------------------------
c
c exit 0
