c --- [ banner ] -------------------------------------------------------------
c
c CaDiCaL SAT Solver
c Copyright (c) 2016-2026
c A. Biere, M. Fleury, N. Froleyks, K. Fazekas, F. Pollitt, T. Faller
c JKU Linz, University of Freiburg, TU Wien
c
c Version 3.0.1 c60730422e758ef1cebe7aeddf2dda31c996bf04
c Apple clang version 21.0.0 (clang-2100.1.1.101) -Wall -Wextra -O3 -DNDEBUG -DNCLOSEFROM
c Tue Sep 1 21:08:57 PDT 2026 Darwin retained-runner 25.6.0 arm64
c
c --- [ limit ] --------------------------------------------------------------
c
c setting time limit to 300 seconds real time (due to '-t 300')
c
c --- [ parsing input ] ------------------------------------------------------
c
c reading DIMACS file from 'search-results/cadical-support70-cover-20260902/cnf/anchor-016-p1-s0.cnf'
c opening file to read 'search-results/cadical-support70-cover-20260902/cnf/anchor-016-p1-s0.cnf'
c found 'p cnf 41357 414868' header
c parsed 414868 clauses in 0.05 seconds process time
c
c --- [ options ] ------------------------------------------------------------
c
c   --elimeffort=10                (different from default '1e3')
c   --stabilizeonly=true           (different from default 'false')
c   --subsumeeffort=60             (different from default '1e3')
c
c --- [ solving ] ------------------------------------------------------------
c
c time measured in process time since initialization
c
c  seconds  reduction conflicts       size tier2        variables
c         MB    restarts   redundant    glue  trail          remaining
c          level     rate       size/glu tier1  irredundant
c
c *  0.05  0  0 0   0  0    0    0 0.0 0 0 2 6  0% 329695 32370 78%
c )  0.06  0  0 0   0  0    0    0 0.0 0 0 2 6  0% 329695 32370 78%
c [  0.07  0  0 0   0  0    0    0 0.0 0 0 2 6  0% 329695 32370 78%
c i  0.07  0  1 0   0 33    1    0 0.0 1 0 2 6 95% 329695 32329 78%
c i  0.07  0 32 0   0  7   10    8 2.1 7 4 2 6 94% 329695 32327 78%
c i  0.08  0 35 0   0  3   41   27 4.0 81 20 2 6 96% 329695 32325 78%
c i  0.09  0 35 0   0  2  140   70 3.7 101 28 2 6 96% 329695 32324 78%
c i  0.10  0 35 0   0  1  217  118 3.0 87 29 2 6 96% 329695 32323 78%
c -  0.12  0 36 1   0  1  300   67 2.5 75 29 2 6 97% 314470 32313 78%
c -  0.24  0 34 2   0  1  948  182 2.1 61 30 2 6 96% 314464 32313 78%
c I  0.25  0 34 2   0  1 1003  225 2.1 61 30 2 6 96% 314463 32313 78%
c -  0.45  0 31 3   1  1 2100  236 1.8 49 28 2 6 94% 314437 32313 78%
c B  0.63  0 30 3   2  1 3004  663 1.7 46 27 2 6 96% 314416 32313 78%
c d  0.64  0 30 3   2  1 3047  702 1.6 45 28 2 6 92% 313106 31658 77%
c c  0.70  0 30 3   2  1 3047  702 1.6 45 28 2 6 92% 313102 31658 77%
c d  0.71  0 30 3   2  1 3047  702 1.6 45 28 2 6 92% 313098 31656 77%
c -  0.90  0 31 4   2  1 3814  319 1.6 45 29 2 6 92% 313083 31656 77%
c W  1.37  0 33 4   4  1 6005 1702 1.5 46 30 28 33 92% 313042 31656 77%
c -  1.39  0 33 5   4  1 6121  479 1.5 46 30 28 33 92% 313040 31656 77%
c s  1.49  0 33 5   5  1 6697  790 1.5 46 30 28 33 92% 312932 31656 77%
c
c  seconds  reduction conflicts       size    tier2         variables
c         MB    restarts   redundant     glue     trail          remaining
c          level     rate       size/glue  tier1    irredundant
c
c e  1.69  0 33 5   5  1 6697  453 1.5 46 30 28 33 92% 307246 28947 70%
c s  1.70  0 33 5   5  1 6697  453 1.5 46 30 28 33 92% 307218 28947 70%
c e  1.73  0 33 5   5  1 6697  453 1.5 46 30 28 33 92% 307104 28927 70%
c -  2.18  0 33 6   6  1 9045  477 1.5 45 30 28 33 95% 307104 28927 70%
c F  2.32  0 33 6   6  1 10010  982 1.5 45 30 28 33 95% 307104 28927 70%
c c  2.52  0 33 6   6  1 10848 1492 1.5 45 30 28 33 95% 307114 28927 70%
c d  2.53  0 33 6   6  1 10848 1492 1.5 45 30 28 33 95% 307086 28913 70%
c 2  2.53  0 33 6   6  1 10848 1492 1.5 45 30 28 33 95% 306964 28913 70%
c -  2.82  0 32 7   6  1 12580  625 1.4 44 30 28 33 94% 306964 28913 70%
c B  3.26  0 32 7   9  1 15013 1797 1.4 43 30 28 32 94% 306964 28913 70%
c -  3.52  0 32 8   9  1 16749  757 1.4 43 30 28 32 94% 306964 28913 70%
c u  3.58  0 32 8   9  1 16749  748 1.4 43 30 28 32 94% 306964 28913 70%
c v  3.59  0 32 8   9  1 16749  734 1.4 43 30 28 32 94% 306964 28913 70%
c w  3.61  0 32 8   9  1 16749  726 1.4 43 30 28 32 94% 306964 28913 70%
c x  3.61  0 32 8   9  1 16749  726 1.4 43 30 28 32 94% 306806 28913 70%
c t  3.62  0 32 8   9  1 16749  726 1.4 43 30 28 32 94% 306805 28913 70%
c s  4.14  0 32 8  12  1 20330 2857 1.5 45 30 28 32 95% 306805 28913 70%
c t  4.15  0 32 8  12  1 20330 2857 1.5 45 30 28 32 95% 306804 28913 70%
c e  4.18  0 32 8  12  1 20330 2857 1.5 45 30 28 32 95% 306762 28899 70%
c s  4.19  0 32 8  12  1 20330 2857 1.5 45 30 28 32 95% 306755 28899 70%
c
c  seconds  reductions conflicts       size    tier2         variables
c         MB    restarts    redundant     glue     trail          remaining
c          level     rate        size/glue  tier1    irredundant
c
c e  4.21  0 32 8  12  1 20330 2857 1.5 45 30 28 32 95% 306743 28897 70%
c W  4.46  0 32 8  13  1 21015 3178 1.5 45 30 28 32 95% 306743 28897 70%
c -  4.56  0 32 9  13  1 21560  899 1.5 45 30 28 32 95% 306743 28897 70%
c 2  4.56  0 32 9  13  1 21560  899 1.5 45 30 28 32 95% 306743 28896 70%
c c  4.62  0 32 9  13  1 21560  899 1.5 45 30 28 32 95% 306814 28896 70%
c d  4.62  0 32 9  13  1 21560  898 1.5 45 30 28 32 95% 306656 28822 70%
c 2  4.63  0 32 9  13  1 21560  898 1.5 45 30 28 32 95% 305990 28822 70%
c -  5.42  0 32 10  14  1 27017 1020 1.5 45 31 28 32 95% 305990 28822 70%
c #  5.64  0 32 10  14  1 28016 1663 1.5 45 31 28 32 95% 305990 28822 70%
c -  6.40  0 33 11  14  1 33123 1236 1.5 46 31 28 32 95% 305990 28822 70%
c u  6.42  0 33 11  14  1 33123 1221 1.5 46 31 28 32 95% 305990 28822 70%
c v  6.44  0 33 11  14  1 33123 1204 1.5 46 31 28 32 95% 305990 28822 70%
c w  6.45  0 33 11  14  1 33123 1203 1.5 46 31 28 32 95% 305990 28822 70%
c x  6.45  0 33 11  14  1 33123 1203 1.5 46 31 28 32 95% 305867 28822 70%
c B  6.90  0 33 11  17  1 36018 2851 1.5 46 31 28 32 95% 305867 28822 70%
c -  7.48  0 33 12  20  1 39881 1396 1.5 46 31 28 33 95% 305867 28822 70%
c 2  7.48  0 33 12  20  1 39881 1396 1.5 46 31 28 33 95% 305867 28821 70%
c s  7.77  0 33 12  20  1 40780 1841 1.5 46 31 28 33 95% 305847 28821 70%
c s  7.81  0 33 12  20  1 40780 1814 1.5 46 31 28 33 95% 305513 28821 70%
c e  7.83  0 33 12  20  1 40780 1814 1.5 46 31 28 33 95% 305478 28793 70%
c
c  seconds  reductions  conflicts       size    tier2         variables
c         MB     restarts    redundant     glue     trail          remaining
c          level      rate        size/glue  tier1    irredundant
c
c W  8.67  0 33 12  21  1 45019 4264 1.5 46 31 28 33 95% 305478 28793 70%
c -  9.01  0 33 13  23  1 47296 1433 1.5 46 31 28 33 95% 305478 28793 70%
c p  9.02  0 33 13  23  1 47296 1476 1.5 46 31 28 33 95% 305478 28793 70%
c O 10.08  0 33 13  28  1 55020 5496 1.4 46 32 28 33 95% 305478 28793 70%
c - 10.14  0 33 14  28  1 55369 1516 1.4 45 31 28 33 95% 305478 28793 70%
c p 10.14  0 33 14  28  1 55369 1683 1.4 45 31 28 33 95% 305478 28793 70%
c u 10.15  0 33 14  28  1 55369 1660 1.4 45 31 28 33 95% 305473 28793 70%
c v 10.18  0 33 14  28  1 55369 1619 1.4 45 31 28 33 95% 305473 28790 70%
c w 10.18  0 33 14  28  1 55369 1617 1.4 45 31 28 33 95% 305473 28790 70%
c x 10.19  0 33 14  28  1 55369 1617 1.4 45 31 28 33 95% 305466 28790 70%
c - 11.50  0 32 15  29  1 64104 1691 1.4 44 31 28 33 95% 305457 28790 70%
c 2 11.50  0 32 15  29  1 64104 1690 1.4 44 31 28 33 95% 305457 28790 70%
c p 11.51  0 32 15  29  1 64104 2000 1.4 44 31 28 33 95% 305457 28790 70%
c c 11.57  0 32 15  29  1 64104 2000 1.4 44 31 28 33 95% 305472 28790 70%
c d 11.58  0 32 15  29  1 64104 2000 1.4 44 31 28 33 95% 305442 28775 70%
c 2 11.59  0 32 15  29  1 64104 2000 1.4 44 31 28 33 95% 305308 28775 70%
c B 11.88  0 32 15  29  1 66024 3249 1.4 44 31 28 33 95% 305308 28775 70%
c s 12.20  0 33 15  30  1 68039 4482 1.4 44 31 28 33 95% 305124 28775 70%
c e 12.23  0 33 15  30  1 68039 4474 1.4 44 31 28 33 95% 305072 28748 70%
c s 12.25  0 33 15  30  1 68039 4455 1.4 44 31 28 33 95% 304968 28748 70%
c
c  seconds  reductions  conflicts       size    tier2         variables
c         MB     restarts    redundant     glue     trail          remaining
c          level      rate        size/glue  tier1    irredundant
c
c e 12.28  0 33 15  30  1 68039 4453 1.4 44 31 28 33 95% 304895 28723 69%
c - 13.13  0 33 16  30  1 73502 1911 1.4 44 31 28 33 95% 304895 28723 69%
c p 13.14  0 33 16  30  1 73502 2197 1.4 44 31 28 33 95% 304895 28723 69%
c u 13.15  0 33 16  30  1 73502 2179 1.4 44 31 28 33 95% 304895 28723 69%
c v 13.17  0 33 16  30  1 73502 2155 1.4 44 31 28 33 95% 304895 28723 69%
c w 13.18  0 33 16  30  1 73502 2150 1.4 44 31 28 33 95% 304895 28723 69%
c W 14.18  0 33 16  30  1 78026 4678 1.4 44 31 28 33 95% 304895 28723 69%
c - 15.01  0 33 17  31  1 83560 2059 1.4 45 31 28 33 95% 304895 28723 69%
c p 15.01  0 33 17  31  1 83560 2301 1.4 45 31 28 33 95% 304895 28723 69%
c c 15.07  0 33 17  31  1 83560 2301 1.4 45 31 28 33 95% 304894 28723 69%
c d 15.07  0 33 17  31  1 83560 2301 1.4 45 31 28 33 95% 304890 28721 69%
c 2 15.08  0 33 17  31  1 83560 2301 1.4 45 31 28 33 95% 304872 28721 69%
c I 16.26  0 33 17  36  1 91027 6946 1.5 45 31 28 33 95% 304872 28721 69%
c - 16.82  0 33 18  37  1 94286 2222 1.5 45 31 28 33 95% 304872 28721 69%
c p 16.84  0 33 18  37  1 94286 2495 1.5 45 31 28 33 95% 304872 28721 69%
c u 16.91  0 33 18  37  1 94286 2476 1.5 45 31 28 33 95% 304872 28721 69%
c v 16.95  0 33 18  37  1 94286 2455 1.5 45 31 28 33 95% 304872 28721 69%
c w 16.95  0 33 18  37  1 94286 2445 1.5 45 31 28 33 95% 304872 28721 69%
c s 18.24  0 32 18  43  1 102122 6779 1.5 44 30 28 33 95% 304792 28721 69%
c e 18.28  0 32 18  43  1 102122 6776 1.5 44 30 28 33 95% 304740 28709 69%
c
c  seconds  reductions  conflicts        size    tier2         variables
c         MB     restarts     redundant     glue     trail          remaining
c          level      rate         size/glue  tier1    irredundant
c
c s 18.31  0 32 18  43  1 102122 6753 1.5 44 30 28 33 95% 304696 28709 69%
c e 18.33  0 32 18  43  1 102122 6746 1.5 44 30 28 33 95% 304655 28695 69%
c B 18.81  0 32 18  44  1 105029 8248 1.4 44 30 28 33 95% 304655 28695 69%
c - 18.94  0 32 19  44  1 105678 2232 1.4 44 30 28 33 95% 304655 28695 69%
c p 18.95  0 32 19  44  1 105678 2620 1.4 44 30 28 33 95% 304655 28695 69%
c - 20.81  0 32 20  47  1 117737 2478 1.4 43 30 28 33 95% 304655 28695 69%
c p 20.82  0 32 20  47  1 117737 2900 1.4 43 30 28 33 95% 304655 28695 69%
c u 20.89  0 32 20  47  1 117737 2879 1.4 43 30 28 33 95% 304655 28695 69%
c v 20.92  0 32 20  47  1 117737 2858 1.4 43 30 28 33 95% 304655 28695 69%
c w 20.92  0 32 20  47  1 117737 2851 1.4 43 30 28 33 95% 304655 28695 69%
c W 21.64  0 32 20  48  1 120030 4284 1.4 43 30 28 33 95% 304655 28695 69%
c - 23.07  0 31 21  54  1 130466 2525 1.4 43 30 28 33 95% 304655 28695 69%
c p 23.08  0 31 21  54  1 130466 3136 1.4 43 30 28 33 95% 304655 28694 69%
c F 23.82  0 31 21  58  1 136031 6456 1.4 43 30 28 33 95% 304655 28694 69%
c s 24.70  0 32 21  60  1 143022 10096 1.5 43 30 26 32 95% 304611 28694 69%
c e 24.73  0 32 21  60  1 143022 10094 1.5 43 30 26 32 95% 304595 28691 69%
c s 24.75  0 32 21  60  1 143022 10085 1.5 43 30 26 32 95% 304575 28691 69%
c e 24.77  0 32 21  60  1 143022 10085 1.5 43 30 26 32 95% 304562 28685 69%
c - 24.90  0 32 22  60  1 143865 2767 1.5 43 30 26 32 95% 304562 28685 69%
c p 24.91  0 32 22  60  1 143865 3540 1.5 43 30 26 32 95% 304562 28685 69%
c
c  seconds  reductions  conflicts        size    tier2         variables
c         MB     restarts     redundant     glue     trail          remaining
c          level      rate         size/glue  tier1    irredundant
c
c u 24.93  0 32 22  60  1 143865 3519 1.5 43 30 26 32 95% 304562 28684 69%
c v 24.97  0 32 22  60  1 143865 3483 1.5 43 30 26 32 95% 304562 28684 69%
c w 24.98  0 32 22  60  1 143865 3483 1.5 43 30 26 32 95% 304562 28684 69%
c B 26.14  0 32 22  61  1 153032 8563 1.5 44 30 26 32 95% 304562 28684 69%
c - 26.81  0 32 23  61  1 157934 2954 1.5 44 30 26 32 95% 304553 28684 69%
c 2 26.82  0 32 23  61  1 157934 2954 1.5 44 30 26 32 95% 304553 28683 69%
c p 26.83  0 32 23  61  1 157934 4066 1.5 44 30 26 32 95% 304553 28680 69%
c W 29.39  0 32 23  62  1 171034 11460 1.5 43 30 26 32 95% 304513 28680 69%
c - 29.65  0 32 24  62  1 172676 3123 1.5 43 30 26 32 95% 304513 28680 69%
c p 29.66  0 32 24  62  1 172676 4523 1.5 43 30 26 32 95% 304513 28678 69%
c u 29.69  0 32 24  62  1 172676 4492 1.5 43 30 26 32 95% 304513 28678 69%
c v 29.73  0 32 24  62  1 172676 4451 1.5 43 30 26 32 95% 304513 28678 69%
c w 29.74  0 32 24  62  1 172676 4437 1.5 43 30 26 32 95% 304513 28678 69%
c - 31.92  0 32 25  62  1 188087 3029 1.4 43 30 26 32 95% 304493 28678 69%
c 2 31.92  0 32 25  62  1 188087 3029 1.4 43 30 26 32 95% 304493 28677 69%
c p 31.93  0 32 25  62  1 188087 4299 1.4 43 30 26 32 95% 304493 28673 69%
c u 31.97  0 32 25  62  1 188087 4291 1.4 43 30 26 32 95% 304493 28673 69%
c v 31.97  0 32 25  62  1 188087 4284 1.4 43 30 26 32 95% 304493 28673 69%
c w 31.98  0 32 25  62  1 188087 4282 1.4 43 30 26 32 95% 304493 28673 69%
c x 31.98  0 32 25  62  1 188087 4282 1.4 43 30 26 32 95% 304493 28673 69%
c
c  seconds  reductions  conflicts        size    tier2         variables
c         MB     restarts     redundant     glue     trail          remaining
c          level      rate         size/glue  tier1    irredundant
c
c # 32.29  0 31 25  62  1 190035 5474 1.4 43 30 26 32 95% 304493 28673 69%
c s 32.40  0 32 25  62  1 190740 5963 1.4 43 30 26 32 95% 304466 28673 69%
c e 32.42  0 32 25  62  1 190740 5936 1.4 43 30 26 32 95% 304410 28671 69%
c s 32.45  0 32 25  62  1 190740 5933 1.4 43 30 26 32 95% 304400 28671 69%
c e 32.47  0 32 25  62  1 190740 5932 1.4 43 30 26 32 95% 304392 28668 69%
c - 34.10  0 32 26  66  1 204171 3392 1.5 43 30 26 32 95% 304392 28668 69%
c p 34.10  0 32 26  66  1 204171 4566 1.5 43 30 26 32 95% 304392 28666 69%
c u 34.14  0 32 26  66  1 204171 4549 1.5 43 30 26 32 95% 304392 28666 69%
c v 34.15  0 32 26  66  1 204171 4545 1.5 43 30 26 32 95% 304392 28666 69%
c w 34.16  0 32 26  66  1 204171 4540 1.5 43 30 26 32 95% 304392 28666 69%
c B 34.95  0 32 26  69  1 210038 7777 1.5 44 30 26 32 95% 304392 28666 69%
c - 36.41  0 31 27  76  1 220931 3464 1.4 43 30 26 32 95% 304372 28666 69%
c p 36.42  0 31 27  76  1 220931 4966 1.4 43 30 26 32 95% 304372 28663 69%
c u 36.52  0 31 27  76  1 220931 4953 1.4 43 30 26 32 95% 304372 28663 69%
c v 36.53  0 31 27  76  1 220931 4950 1.4 43 30 26 32 95% 304372 28663 69%
c w 36.54  0 31 27  76  1 220931 4947 1.4 43 30 26 32 95% 304372 28663 69%
c W 38.64  0 31 27  77  1 231040 11813 1.5 44 30 26 32 95% 304342 28663 69%
c - 39.55  0 31 28  82  1 238362 3864 1.5 44 30 26 32 95% 304342 28663 69%
c p 39.56  0 31 28  82  1 238362 5538 1.5 44 30 26 32 95% 304342 28659 69%
c v 39.62  0 31 28  82  1 238362 5514 1.5 44 30 26 32 95% 304342 28659 69%
c
c  seconds  reductions  conflicts        size    tier2         variables
c         MB     restarts     redundant     glue     trail          remaining
c          level      rate         size/glue  tier1    irredundant
c
c w 39.63  0 31 28  82  1 238362 5508 1.5 44 30 26 32 95% 304342 28659 69%
c s 40.65  0 31 28  84  1 245275 9139 1.5 43 29 26 32 95% 304325 28659 69%
c e 40.68  0 31 28  84  1 245275 9137 1.5 43 29 26 32 95% 304275 28655 69%
c s 40.70  0 31 28  84  1 245275 9131 1.5 43 29 26 32 95% 304269 28655 69%
c e 40.72  0 31 28  84  1 245275 9131 1.5 43 29 26 32 95% 304259 28651 69%
c O 41.96  0 31 28  90  1 253041 13707 1.5 44 29 26 32 95% 304259 28651 69%
c - 42.43  0 31 29  91  1 256468 3935 1.5 44 29 26 32 95% 304259 28651 69%
c p 42.45  0 31 29  91  1 256468 5408 1.5 44 29 26 32 95% 304259 28648 69%
c v 42.49  0 31 29  91  1 256468 5388 1.5 44 29 26 32 95% 304259 28648 69%
c w 42.50  0 31 29  91  1 256468 5387 1.5 44 29 26 32 95% 304259 28648 69%
c x 42.51  0 31 29  91  1 256468 5387 1.5 44 29 26 32 95% 304259 28648 69%
c - 45.02  0 31 30  93  1 275245 3982 1.5 43 29 25 32 94% 304229 28648 69%
c p 45.03  0 31 30  93  1 275245 5737 1.5 43 29 25 32 94% 304229 28645 69%
c v 45.33  0 31 30  93  1 275245 5678 1.5 43 29 25 32 94% 304199 28645 69%
c w 45.34  0 31 30  93  1 275245 5673 1.5 43 29 25 32 94% 304199 28645 69%
c B 45.48  0 31 30  93  1 276042 6097 1.5 43 29 25 32 94% 304199 28645 69%
c - 48.04  0 31 31 100  1 294697 3935 1.5 43 29 25 32 94% 304199 28645 69%
c p 48.05  0 31 31 100  1 294697 5762 1.5 43 29 25 32 94% 304199 28645 69%
c v 48.11  0 31 31 100  1 294697 5733 1.5 43 29 25 32 94% 304199 28645 69%
c w 48.12  0 31 31 100  1 294697 5728 1.5 43 29 25 32 94% 304199 28645 69%
c
c  seconds  reductions  conflicts        size    tier2         variables
c         MB     restarts     redundant     glue     trail          remaining
c          level      rate         size/glue  tier1    irredundant
c
c W 49.51  0 31 31 104  1 300046 8943 1.5 43 29 25 32 94% 304199 28645 69%
c s 50.35  0 31 31 107  1 306632 12490 1.5 43 29 25 32 94% 304188 28645 69%
c e 50.38  0 31 31 107  1 306632 12462 1.5 43 29 25 32 94% 304181 28642 69%
c s 50.40  0 31 31 107  1 306632 12451 1.5 43 29 25 32 94% 304175 28642 69%
c e 50.42  0 31 31 107  1 306632 12448 1.5 43 29 25 32 94% 304160 28636 69%
c - 51.72  0 31 32 108  1 314826 4362 1.5 43 29 25 32 94% 304160 28636 69%
c p 51.73  0 31 32 108  1 314826 6147 1.5 43 29 25 32 94% 304160 28636 69%
c u 51.84  0 31 32 108  1 314826 6119 1.5 43 29 25 32 94% 304160 28636 69%
c v 51.85  0 31 32 108  1 314826 6098 1.5 43 29 25 32 94% 304160 28636 69%
c w 51.86  0 31 32 108  1 314826 6088 1.5 43 29 25 32 94% 304160 28636 69%
c I 53.34  0 30 32 115  1 325047 12023 1.5 43 29 25 32 94% 304160 28636 69%
c - 54.93  0 30 33 121  1 335631 4485 1.5 42 28 24 31 94% 304160 28636 69%
c p 54.95  0 30 33 121  1 335631 6284 1.5 42 28 24 31 94% 304160 28635 69%
c u 55.00  0 30 33 121  1 335631 6276 1.5 42 28 24 31 94% 304160 28635 69%
c v 55.02  0 30 33 121  1 335631 6258 1.5 42 28 24 31 94% 304160 28635 69%
c w 55.02  0 30 33 121  1 335631 6248 1.5 42 28 24 31 94% 304160 28635 69%
c B 57.30  0 30 33 124  1 351050 15613 1.5 43 28 24 31 95% 304160 28635 69%
c - 58.21  0 30 34 124  1 357110 4703 1.5 42 28 24 31 95% 304150 28635 69%
c p 58.22  0 30 34 124  1 357110 6486 1.5 42 28 24 31 95% 304150 28634 69%
c u 58.27  0 30 34 124  1 357110 6461 1.5 42 28 24 31 95% 304150 28634 69%
c
c  seconds  reductions  conflicts        size    tier2         variables
c         MB     restarts     redundant     glue     trail          remaining
c          level      rate         size/glue  tier1    irredundant
c
c v 58.28  0 30 34 124  1 357110 6455 1.5 42 28 24 31 95% 304150 28634 69%
c w 58.28  0 30 34 124  1 357110 6450 1.5 42 28 24 31 95% 304150 28634 69%
c s 60.64  0 29 34 125  1 374816 15276 1.5 42 28 24 31 95% 304137 28634 69%
c e 60.67  0 29 34 125  1 374816 15237 1.5 42 28 24 31 95% 304124 28633 69%
c s 60.69  0 29 34 125  1 374816 15202 1.5 42 28 24 31 95% 304122 28633 69%
c e 60.70  0 29 34 125  1 374816 15202 1.5 42 28 24 31 95% 304119 28632 69%
c W 61.94  0 29 34 125  1 378052 16640 1.5 42 28 24 31 94% 304119 28632 69%
c - 62.16  0 29 35 125  1 379267 4539 1.5 42 28 24 31 95% 304119 28632 69%
c p 62.17  0 29 35 125  1 379267 6479 1.5 42 28 24 31 95% 304119 28632 69%
c u 62.23  0 29 35 125  1 379267 6454 1.5 42 28 24 31 95% 304119 28632 69%
c v 62.24  0 29 35 125  1 379267 6420 1.5 42 28 24 31 95% 304119 28632 69%
c w 62.25  0 29 35 125  1 379267 6412 1.5 42 28 24 31 95% 304119 28632 69%
c - 65.54  0 29 36 126  1 402100 5123 1.5 42 27 23 31 95% 304119 28632 69%
c p 65.55  0 29 36 126  1 402100 6996 1.5 42 27 23 31 95% 304119 28632 69%
c u 65.60  0 29 36 126  1 402100 6959 1.5 42 27 23 31 95% 304119 28632 69%
c v 65.62  0 29 36 126  1 402100 6933 1.5 42 27 23 31 95% 304119 28632 69%
c w 65.63  0 29 36 126  1 402100 6922 1.5 42 27 23 31 95% 304119 28632 69%
c F 66.26  0 29 36 126  1 406054 9854 1.5 42 27 23 31 95% 304119 28632 69%
c - 69.15  0 30 37 126  1 425610 5291 1.5 44 28 23 31 95% 304119 28632 69%
c p 69.17  0 30 37 126  1 425610 6956 1.5 44 28 23 31 95% 304119 28631 69%
c
c  seconds  reductions  conflicts        size    tier2         variables
c         MB     restarts     redundant     glue     trail          remaining
c          level      rate         size/glue  tier1    irredundant
c
c u 69.22  0 30 37 126  1 425610 6938 1.5 44 28 23 31 95% 304119 28631 69%
c v 69.24  0 30 37 126  1 425610 6928 1.5 44 28 23 31 95% 304119 28631 69%
c w 69.24  0 30 37 126  1 425610 6920 1.5 44 28 23 31 95% 304119 28631 69%
c B 70.44  0 30 37 126  1 435056 12497 1.5 44 29 23 31 95% 304119 28631 69%
c - 72.64  0 31 38 126  1 449798 5313 1.5 44 29 23 31 95% 304109 28631 69%
c p 72.65  0 31 38 126  1 449798 7220 1.5 44 29 23 31 95% 304109 28631 69%
c c 72.70  0 31 38 126  1 449798 7220 1.5 44 29 23 31 95% 304110 28631 69%
c d 72.71  0 31 38 126  1 449798 7220 1.5 44 29 23 31 95% 304108 28630 69%
c 2 72.73  0 31 38 126  1 449798 7220 1.5 44 29 23 31 95% 304100 28630 69%
c u 73.06  0 31 38 126  1 449798 7195 1.5 44 29 23 31 95% 304100 28630 69%
c v 73.08  0 31 38 126  1 449798 7182 1.5 44 29 23 31 95% 304100 28630 69%
c w 73.08  0 31 38 126  1 449798 7179 1.5 44 29 23 31 95% 304100 28630 69%
c s 73.13  0 31 38 126  1 449813 6479 1.5 44 29 23 31 95% 304093 28630 69%
c s 73.16  0 31 38 126  1 449813 6467 1.5 44 29 23 31 95% 304089 28630 69%
c e 73.17  0 31 38 126  1 449813 6467 1.5 44 29 23 31 95% 304086 28629 69%
c W 75.98  0 31 38 126  1 465059 14644 1.5 44 29 24 31 95% 304086 28629 69%
c - 77.32  0 31 39 133  1 474662 5252 1.5 44 29 24 31 95% 304086 28629 69%
c p 77.34  0 31 39 133  1 474662 7116 1.5 44 29 24 31 95% 304086 28629 69%
c u 77.39  0 31 39 133  1 474662 7093 1.5 44 29 24 31 95% 304086 28629 69%
c v 77.41  0 31 39 133  1 474662 7079 1.5 44 29 24 31 95% 304086 28629 69%
c
c  seconds  reductions  conflicts        size    tier2         variables
c         MB     restarts     redundant     glue     trail          remaining
c          level      rate         size/glue  tier1    irredundant
c
c w 77.42  0 31 39 133  1 474662 7069 1.5 44 29 24 31 95% 304086 28629 69%
c # 80.32  0 31 39 141  1 496061 19373 1.5 44 29 24 31 95% 304086 28629 69%
c - 80.89  0 31 40 143  1 500203 5723 1.5 44 29 24 31 95% 304086 28629 69%
c p 80.90  0 31 40 143  1 500203 7640 1.5 44 29 24 31 95% 304086 28629 69%
c u 80.95  0 31 40 143  1 500203 7621 1.5 44 29 24 31 95% 304086 28629 69%
c v 80.97  0 31 40 143  1 500203 7610 1.5 44 29 24 31 95% 304086 28629 69%
c w 80.98  0 31 40 143  1 500203 7601 1.5 44 29 24 31 95% 304086 28629 69%
c x 80.99  0 31 40 143  1 500203 7601 1.5 44 29 24 31 95% 304086 28629 69%
c - 84.22  0 31 41 156  1 526423 5375 1.5 43 29 24 31 94% 304086 28629 69%
c p 84.23  0 31 41 156  1 526423 7148 1.5 43 29 24 31 94% 304086 28629 69%
c u 84.34  0 31 41 156  1 526423 7106 1.5 43 29 24 31 94% 304086 28628 69%
c w 84.37  0 31 41 156  1 526423 7069 1.5 43 29 24 31 94% 304086 28628 69%
c B 84.61  0 31 41 156  1 528062 7959 1.5 43 29 24 31 94% 304086 28628 69%
c s 85.12  0 31 41 156  1 531628 10107 1.5 43 29 24 31 94% 304085 28628 69%
c s 85.16  0 31 41 156  1 531628 10097 1.5 43 29 24 31 94% 304077 28628 69%
c e 85.17  0 31 41 156  1 531628 10097 1.5 43 29 24 31 94% 304074 28627 69%
c - 88.07  0 31 42 161  1 553322 5581 1.5 43 29 24 31 94% 304074 28627 69%
c p 88.08  0 31 42 161  1 553322 7541 1.5 43 29 24 31 94% 304074 28627 69%
c u 88.14  0 31 42 161  1 553322 7484 1.5 43 29 24 31 94% 304074 28627 69%
c v 88.16  0 31 42 161  1 553322 7436 1.5 43 29 24 31 94% 304074 28627 69%
c
c  seconds  reductions  conflicts        size    tier2         variables
c         MB     restarts     redundant     glue     trail          remaining
c          level      rate         size/glue  tier1    irredundant
c
c w 88.17  0 31 42 161  1 553322 7427 1.5 43 29 24 31 94% 304074 28627 69%
c W 90.09  0 31 42 164  1 561064 11380 1.4 42 29 24 31 94% 304074 28627 69%
c - 93.07  0 30 43 172  1 580900 5582 1.4 42 29 24 31 94% 304074 28627 69%
c p 93.09  0 30 43 172  1 580900 7656 1.4 42 29 24 31 94% 304074 28627 69%
c u 93.15  0 30 43 172  1 580900 7623 1.4 42 29 24 31 94% 304074 28627 69%
c v 93.16  0 30 43 172  1 580900 7606 1.4 42 29 24 31 94% 304074 28627 69%
c w 93.17  0 30 43 172  1 580900 7593 1.4 42 29 24 31 94% 304074 28627 69%
c O 95.40  0 30 43 180  1 595065 15124 1.4 41 29 23 31 94% 304074 28627 69%
c - 97.47  0 30 44 187  1 609157 5839 1.4 41 28 23 31 94% 304074 28627 69%
c p 97.49  0 30 44 187  1 609157 8297 1.4 41 28 23 31 94% 304074 28627 69%
c u 97.56  0 30 44 187  1 609157 8272 1.4 41 28 23 31 94% 304074 28627 69%
c v 97.58  0 30 44 187  1 609157 8254 1.4 41 28 23 31 94% 304074 28627 69%
c w 97.59  0 30 44 187  1 609157 8239 1.4 41 28 23 31 94% 304074 28627 69%
c s 99.20  0 30 44 188  1 620263 13950 1.4 41 29 23 31 94% 304074 28627 69%
c s 99.25  0 30 44 188  1 620263 13938 1.4 41 29 23 31 94% 304074 28627 69%
c B 100.58  0 30 44 188  1 630067 19119 1.4 41 29 23 31 94% 304074 28627 69%
c - 101.74  0 31 45 189  1 638093 6258 1.4 42 29 23 31 94% 304074 28627 69%
c p 101.76  0 31 45 189  1 638093 8361 1.4 42 29 23 31 94% 304074 28627 69%
c u 101.88  0 31 45 189  1 638093 8332 1.4 42 29 23 31 94% 304074 28627 69%
c v 101.90  0 31 45 189  1 638093 8313 1.4 42 29 23 31 94% 304074 28627 69%
c
c  seconds   reductions  conflicts        size    tier2         variables
c          MB     restarts     redundant     glue     trail          remaining
c           level      rate         size/glue  tier1    irredundant
c
c w 101.91  0 31 45 189  1 638093 8306 1.4 42 29 23 31 94% 304074 28627 69%
c W 106.99  0 31 45 191  1 666070 22625 1.4 42 29 24 31 94% 304074 28627 69%
c - 107.28  0 31 46 192  1 667709 6235 1.4 42 29 24 31 94% 304074 28627 69%
c p 107.29  0 31 46 192  1 667709 8485 1.4 42 29 24 31 94% 304074 28627 69%
c u 107.36  0 31 46 192  1 667709 8455 1.4 42 29 24 31 94% 304074 28627 69%
c v 107.38  0 31 46 192  1 667709 8434 1.4 42 29 24 31 94% 304074 28627 69%
c w 107.39  0 31 46 192  1 667709 8423 1.4 42 29 24 31 94% 304074 28627 69%
c - 112.04  0 31 47 205  1 698004 6319 1.4 42 29 24 31 95% 304074 28627 69%
c p 112.06  0 31 47 205  1 698004 8638 1.4 42 29 24 31 95% 304074 28627 69%
c u 112.54  0 31 47 205  1 698004 8623 1.4 42 29 24 31 95% 304074 28627 69%
c w 112.56  0 31 47 205  1 698004 8599 1.4 42 29 24 31 95% 304074 28627 69%
c I 113.35  0 31 47 208  1 703071 11124 1.4 42 29 24 31 95% 304074 28627 69%
c - 117.25  0 31 48 219  1 728979 6654 1.4 41 29 23 30 95% 304074 28627 69%
c p 117.27  0 31 48 219  1 728979 9028 1.4 41 29 23 30 95% 304074 28627 69%
c u 117.35  0 31 48 219  1 728979 9007 1.4 41 29 23 30 95% 304074 28627 69%
c v 117.37  0 31 48 219  1 728979 8975 1.4 41 29 23 30 95% 304074 28627 69%
c w 117.38  0 31 48 219  1 728979 8963 1.4 41 29 23 30 95% 304074 28627 69%
c B 119.02  0 31 48 220  1 741072 16141 1.4 42 29 23 30 95% 304074 28627 69%
c - 121.95  0 31 49 228  1 760635 7096 1.4 42 29 23 30 95% 304074 28627 69%
c p 121.97  0 31 49 228  1 760635 9583 1.4 42 29 23 30 95% 304074 28627 69%
c
c  seconds   reductions  conflicts        size    tier2         variables
c          MB     restarts     redundant     glue     trail          remaining
c           level      rate         size/glue  tier1    irredundant
c
c u 122.03  0 31 49 228  1 760635 9562 1.4 42 29 23 30 95% 304074 28627 69%
c v 122.05  0 31 49 228  1 760635 9547 1.4 42 29 23 30 95% 304074 28627 69%
c w 122.06  0 31 49 228  1 760635 9531 1.4 42 29 23 30 95% 304074 28627 69%
c W 125.93  0 31 49 235  1 780076 20262 1.4 42 30 23 30 95% 304074 28627 69%
c - 127.82  0 31 50 242  1 792968 7280 1.4 43 30 23 31 95% 304074 28627 69%
c p 127.84  0 31 50 242  1 792968 9658 1.4 43 30 23 31 95% 304074 28627 69%
c u 127.97  0 31 50 242  1 792968 9624 1.4 43 30 23 31 95% 304074 28627 69%
c v 127.99  0 31 50 242  1 792968 9560 1.4 43 30 23 31 95% 304074 28627 69%
c w 128.01  0 31 50 242  1 792968 9550 1.4 43 30 23 31 95% 304074 28627 69%
c F 131.86  0 32 50 251  1 820078 24140 1.4 43 30 23 31 95% 304074 28627 69%
c - 132.68  0 32 51 251  1 825984 7236 1.4 43 30 23 31 95% 304074 28627 69%
c p 132.70  0 32 51 251  1 825984 9574 1.4 43 30 23 31 95% 304074 28627 69%
c u 132.78  0 32 51 251  1 825984 9544 1.4 43 30 23 31 95% 304074 28627 69%
c v 132.80  0 32 51 251  1 825984 9491 1.4 43 30 23 31 95% 304074 28627 69%
c w 132.81  0 32 51 251  1 825984 9467 1.4 43 30 23 31 95% 304074 28627 69%
c - 137.13  0 32 52 252  1 859678 7060 1.4 43 31 24 31 95% 304074 28627 69%
c p 137.15  0 32 52 252  1 859678 9155 1.4 43 31 24 31 95% 304074 28627 69%
c u 137.22  0 32 52 252  1 859678 9126 1.4 43 31 24 31 95% 304074 28627 69%
c w 137.26  0 32 52 252  1 859678 9070 1.4 43 31 24 31 95% 304074 28627 69%
c B 137.48  0 32 52 252  1 861080 9880 1.4 43 31 24 31 95% 304074 28627 69%
c
c  seconds   reductions  conflicts        size    tier2         variables
c          MB     restarts     redundant     glue     trail          remaining
c           level      rate         size/glue  tier1    irredundant
c
c - 142.13  0 32 53 253  1 894052 7235 1.4 42 30 24 31 95% 304074 28627 69%
c p 142.15  0 32 53 253  1 894052 9687 1.4 42 30 24 31 95% 304074 28627 69%
c v 142.25  0 32 53 253  1 894052 9608 1.4 42 30 24 31 95% 304074 28627 69%
c w 142.27  0 32 53 253  1 894052 9590 1.4 42 30 24 31 95% 304074 28627 69%
c W 144.71  0 32 53 253  1 903081 14743 1.4 43 30 24 31 95% 304074 28627 69%
c - 148.52  0 32 54 253  1 929107 7346 1.4 42 30 23 31 95% 304074 28627 69%
c p 148.54  0 32 54 253  1 929107 9821 1.4 42 30 23 31 95% 304074 28627 69%
c u 148.62  0 32 54 253  1 929107 9800 1.4 42 30 23 31 95% 304074 28627 69%
c v 148.65  0 32 54 253  1 929107 9772 1.4 42 30 23 31 95% 304074 28627 69%
c w 148.66  0 32 54 253  1 929107 9755 1.4 42 30 23 31 95% 304074 28627 69%
c # 151.15  0 31 54 254  1 946082 19133 1.4 42 30 23 31 95% 304074 28627 69%
c - 153.77  0 32 55 254  1 964842 7956 1.4 43 30 23 31 95% 304074 28627 69%
c p 153.79  0 32 55 254  1 964842 10457 1.4 43 30 23 31 95% 304074 28627 69%
c u 153.86  0 32 55 254  1 964842 10438 1.4 43 30 23 31 95% 304074 28627 69%
c v 153.87  0 32 55 254  1 964842 10422 1.4 43 30 23 31 95% 304074 28627 69%
c w 153.88  0 32 55 254  1 964842 10407 1.4 43 30 23 31 95% 304074 28627 69%
c B 157.59  0 32 55 254  1 990084 23732 1.4 44 30 24 31 94% 304074 28627 69%
c - 159.24  0 32 56 254  1 1001258 7948 1.4 44 31 24 31 95% 304074 28627 69%
c p 159.26  0 32 56 254  1 1001258 10350 1.4 44 31 24 31 95% 304074 28627 69%
c u 159.37  0 32 56 254  1 1001258 10301 1.4 44 31 24 31 95% 304074 28626 69%
c
c  seconds   reductions   conflicts         size    tier2         variables
c          MB     restarts       redundant     glue     trail          remaining
c           level      rate           size/glue  tier1    irredundant
c
c v 159.40  0 32 56 254  1 1001258 10274 1.4 44 31 24 31 95% 304074 28626 69%
c w 159.41  0 32 56 254  1 1001258 10248 1.4 44 31 24 31 95% 304074 28626 69%
c s 159.46  0 32 56 254  1 1001258 10170 1.4 44 31 24 31 95% 304074 28626 69%
c s 159.51  0 32 56 254  1 1001258 10147 1.4 44 31 24 31 95% 304064 28626 69%
c W 165.69  0 32 56 254  1 1035087 27708 1.4 43 30 24 31 95% 304064 28626 69%
c - 166.09  0 32 57 254  1 1038356 7937 1.4 43 30 24 31 95% 304064 28626 69%
c 2 166.09  0 32 57 254  1 1038356 7937 1.4 43 30 24 31 95% 304064 28624 69%
c p 166.10  0 32 57 254  1 1038356 10770 1.4 43 30 24 31 95% 304064 28624 69%
c u 166.24  0 32 57 254  1 1038356 10703 1.4 43 30 24 31 95% 304044 28624 69%
c v 166.26  0 32 57 254  1 1038356 10670 1.4 43 30 24 31 95% 304044 28624 69%
c w 166.27  0 32 57 254  1 1038356 10653 1.4 43 30 24 31 95% 304044 28624 69%
c - 171.92  0 32 58 262  1 1076134 8206 1.4 43 30 23 31 95% 304044 28624 69%
c p 171.94  0 32 58 262  1 1076134 10935 1.4 43 30 23 31 95% 304044 28624 69%
c u 172.03  0 32 58 262  1 1076134 10906 1.4 43 30 23 31 95% 304044 28624 69%
c v 172.06  0 32 58 262  1 1076134 10886 1.4 43 30 23 31 95% 304044 28624 69%
c w 172.08  0 32 58 262  1 1076134 10866 1.4 43 30 23 31 95% 304044 28624 69%
c O 172.85  0 32 58 266  1 1081088 13595 1.4 43 30 23 31 95% 304044 28624 69%
c s 175.83  0 31 58 275  1 1103529 24067 1.4 41 30 23 31 94% 304044 28624 69%
c s 175.90  0 31 58 275  1 1103529 24042 1.4 41 30 23 31 94% 304044 28624 69%
c - 177.65  0 31 59 281  1 1114592 7921 1.4 41 29 23 31 94% 304044 28624 69%
c
c  seconds   reductions   conflicts        size    tier2         variables
c          MB     restarts      redundant     glue     trail          remaining
c           level      rate          size/glue  tier1    irredundant
c
c 2 177.66  0 31 59 281  1 1114592 7920 1.4 41 29 23 31 94% 304044 28624 69%
c p 177.68  0 31 59 281  1 1114592 10691 1.4 41 29 23 31 94% 304044 28623 69%
c u 177.78  0 31 59 281  1 1114592 10651 1.4 41 29 23 31 94% 304044 28623 69%
c v 177.81  0 31 59 281  1 1114592 10572 1.4 41 29 23 31 94% 304044 28623 69%
c w 177.83  0 31 59 281  1 1114592 10557 1.4 41 29 23 31 94% 304044 28623 69%
c B 179.71  0 31 59 284  1 1128089 18059 1.4 41 29 23 31 94% 304044 28623 69%
c - 183.55  0 31 60 291  1 1153731 8579 1.4 41 30 23 31 94% 304034 28623 69%
c p 183.57  0 31 60 291  1 1153731 11422 1.4 41 30 23 31 94% 304034 28623 69%
c u 183.66  0 31 60 291  1 1153731 11376 1.4 41 30 23 31 94% 304034 28623 69%
c v 183.69  0 31 60 291  1 1153731 11318 1.4 41 30 23 31 94% 304034 28623 69%
c w 183.71  0 31 60 291  1 1153731 11303 1.4 41 30 23 31 94% 304034 28623 69%
c W 188.43  0 31 60 300  1 1176091 22776 1.4 41 30 23 31 94% 304034 28623 69%
c - 191.21  0 31 61 309  1 1193550 8814 1.4 41 29 23 31 94% 304034 28623 69%
c 2 191.21  0 31 61 309  1 1193550 8814 1.4 41 29 23 31 94% 304034 28621 69%
c p 191.23  0 31 61 309  1 1193550 11886 1.4 41 29 23 31 94% 304034 28621 69%
c u 191.32  0 31 61 309  1 1193550 11850 1.4 41 29 23 31 94% 304034 28621 69%
c v 191.35  0 31 61 309  1 1193550 11806 1.4 41 29 23 31 94% 304034 28621 69%
c w 191.38  0 31 61 309  1 1193550 11779 1.4 41 29 23 31 94% 304034 28621 69%
c s 194.37  0 31 61 315  1 1212617 23773 1.4 42 29 23 31 95% 304034 28621 69%
c s 194.43  0 31 61 315  1 1212617 23758 1.4 42 29 23 31 95% 304014 28621 69%
c
c  seconds   reductions   conflicts         size    tier2         variables
c          MB     restarts       redundant     glue     trail          remaining
c           level      rate           size/glue  tier1    irredundant
c
c ^ 194.44  0 31 61 315  1 1212617 23758 1.4 42 29 23 31 95% 304014 28621 69%
c I 196.35  0 31 61 316  1 1225092 30592 1.4 42 29 23 31 95% 304014 28621 69%
c - 197.82  0 31 62 317  1 1234051 9790 1.5 43 29 23 31 94% 304014 28621 69%
c 2 197.82  0 31 62 317  1 1234051 9790 1.5 43 29 23 31 94% 304014 28620 69%
c p 197.84  0 31 62 317  1 1234051 12687 1.5 43 29 23 31 94% 304014 28620 69%
c u 197.94  0 31 62 317  1 1234051 12643 1.5 43 29 23 31 94% 304014 28620 69%
c v 197.96  0 31 62 317  1 1234051 12597 1.5 43 29 23 31 94% 304014 28620 69%
c w 197.98  0 31 62 317  1 1234051 12576 1.5 43 29 23 31 94% 304014 28620 69%
c B 204.34  0 30 62 325  1 1275095 34625 1.5 42 28 23 31 94% 304014 28620 69%
c - 204.37  0 30 63 325  1 1275232 9351 1.5 42 28 23 31 94% 304005 28620 69%
c p 204.39  0 30 63 325  1 1275232 12595 1.5 42 28 23 31 94% 304005 28620 69%
c u 204.53  0 30 63 325  1 1275232 12558 1.5 42 28 23 31 94% 304005 28619 69%
c v 204.56  0 30 63 325  1 1275232 12511 1.5 42 28 23 31 94% 304005 28619 69%
c w 204.57  0 30 63 325  1 1275232 12496 1.5 42 28 23 31 94% 304005 28619 69%
c - 210.71  0 30 64 346  1 1317096 8898 1.5 42 29 23 30 94% 303995 28619 69%
c p 210.73  0 30 64 346  1 1317096 11538 1.5 42 29 23 30 94% 303995 28619 69%
c u 210.81  0 30 64 346  1 1317096 11511 1.5 42 29 23 30 94% 303995 28619 69%
c v 210.83  0 30 64 346  1 1317096 11487 1.5 42 29 23 30 94% 303995 28619 69%
c w 210.84  0 30 64 346  1 1317096 11476 1.5 42 29 23 30 94% 303995 28619 69%
c W 213.59  0 30 64 347  1 1326096 15779 1.5 42 29 23 30 94% 303995 28619 69%
c
c  seconds   reductions   conflicts         size    tier2         variables
c          MB     restarts       redundant     glue     trail          remaining
c           level      rate           size/glue  tier1    irredundant
c
c s 213.96  0 30 64 347  1 1328523 16986 1.5 42 29 23 30 94% 303995 28619 69%
c e 214.04  0 30 64 347  1 1328523 16959 1.5 42 29 23 30 94% 304005 28604 69%
c s 214.06  0 30 64 347  1 1328523 16946 1.5 42 29 23 30 94% 303989 28604 69%
c e 214.08  0 30 64 347  1 1328523 16946 1.5 42 29 23 30 94% 303986 28603 69%
c - 218.57  0 30 65 357  1 1359640 9187 1.5 42 29 23 30 94% 303986 28603 69%
c p 218.59  0 30 65 357  1 1359640 12154 1.5 42 29 23 30 94% 303986 28603 69%
c u 218.69  0 30 65 357  1 1359640 12114 1.5 42 29 23 30 94% 303986 28603 69%
c v 218.72  0 30 65 357  1 1359640 12092 1.5 42 29 23 30 94% 303986 28603 69%
c w 218.74  0 30 65 357  1 1359640 12072 1.5 42 29 23 30 94% 303986 28603 69%
c F 221.46  0 30 65 363  1 1378098 21686 1.5 42 29 23 30 94% 303986 28603 69%
c - 224.88  0 31 66 377  1 1402865 9520 1.4 42 29 23 30 94% 303986 28603 69%
c p 224.90  0 31 66 377  1 1402865 12388 1.4 42 29 23 30 94% 303986 28603 69%
c u 225.00  0 31 66 377  1 1402865 12325 1.4 42 29 23 30 94% 303986 28603 69%
c v 225.03  0 31 66 377  1 1402865 12302 1.4 42 29 23 30 94% 303986 28603 69%
c w 225.05  0 31 66 377  1 1402865 12289 1.4 42 29 23 30 94% 303986 28603 69%
c B 229.02  0 31 66 380  1 1431099 27677 1.5 43 30 23 30 94% 303986 28603 69%
c - 231.47  0 31 67 380  1 1446772 9763 1.5 43 29 23 30 94% 303986 28603 69%
c p 231.49  0 31 67 380  1 1446772 12621 1.5 43 29 23 30 94% 303986 28603 69%
c u 231.59  0 31 67 380  1 1446772 12571 1.5 43 29 23 30 94% 303986 28603 69%
c v 231.62  0 31 67 380  1 1446772 12552 1.5 43 29 23 30 94% 303986 28603 69%
c
c  seconds   reductions   conflicts         size    tier2         variables
c          MB     restarts       redundant     glue     trail          remaining
c           level      rate           size/glue  tier1    irredundant
c
c w 231.64  0 31 67 380  1 1446772 12535 1.5 43 29 23 30 94% 303986 28603 69%
c s 232.34  0 31 67 380  1 1451277 15250 1.5 43 29 23 30 94% 303980 28603 69%
c s 232.38  0 31 67 380  1 1451277 15226 1.5 43 29 23 30 94% 303976 28603 69%
c W 238.93  0 30 67 381  1 1485102 32248 1.4 42 29 23 30 94% 303976 28603 69%
c - 239.88  0 30 68 381  1 1491361 9811 1.4 41 29 23 30 94% 303976 28603 69%
c p 239.91  0 30 68 381  1 1491361 12745 1.4 41 29 23 30 94% 303976 28603 69%
c = 240.52  0 30 68 381  1 1491361 12745 1.4 41 29 23 30 94% 303966 28602 69%
c u 240.58  0 30 68 381  1 1491361 12671 1.4 41 29 23 30 94% 303966 28602 69%
c v 240.61  0 30 68 381  1 1491361 12585 1.4 41 29 23 30 94% 303966 28602 69%
c w 240.63  0 30 68 381  1 1491361 12566 1.4 41 29 23 30 94% 303966 28602 69%
c - 247.25  0 29 69 388  1 1536632 9633 1.4 40 28 23 30 94% 303966 28602 69%
c p 247.27  0 29 69 388  1 1536632 12761 1.4 40 28 23 30 94% 303966 28602 69%
c u 247.38  0 29 69 388  1 1536632 12691 1.4 40 28 23 30 94% 303966 28602 69%
c v 247.41  0 29 69 388  1 1536632 12609 1.4 40 28 23 30 94% 303966 28602 69%
c w 247.43  0 29 69 388  1 1536632 12582 1.4 40 28 23 30 94% 303966 28602 69%
c # 248.01  0 29 69 388  1 1540103 14316 1.4 40 28 23 30 94% 303966 28602 69%
c s 253.84  0 30 69 409  1 1580847 37174 1.5 42 29 23 30 94% 303966 28602 69%
c s 253.90  0 30 69 409  1 1580847 37155 1.5 42 29 23 30 94% 303966 28602 69%
c - 254.24  0 30 70 410  1 1582584 10438 1.5 42 29 23 30 94% 303966 28602 69%
c 2 254.24  0 30 70 410  1 1582584 10437 1.5 42 29 23 30 94% 303966 28602 69%
c
c  seconds   reductions   conflicts         size    tier2         variables
c          MB     restarts       redundant     glue     trail          remaining
c           level      rate           size/glue  tier1    irredundant
c
c p 254.26  0 30 70 410  1 1582584 13540 1.5 42 29 23 30 94% 303966 28602 69%
c u 254.37  0 30 70 410  1 1582584 13487 1.5 42 29 23 30 94% 303966 28602 69%
c v 254.40  0 30 70 410  1 1582584 13450 1.5 42 29 23 30 94% 303966 28602 69%
c w 254.42  0 30 70 410  1 1582584 13420 1.5 42 29 23 30 94% 303966 28602 69%
c B 256.38  0 30 70 412  1 1596104 21006 1.5 42 29 23 30 94% 303966 28602 69%
c - 261.18  0 30 71 424  1 1629218 10500 1.5 43 29 23 30 94% 303966 28602 69%
c p 261.21  0 30 71 424  1 1629218 13735 1.5 43 29 23 30 94% 303966 28602 69%
c u 261.38  0 30 71 424  1 1629218 13668 1.5 43 29 23 30 94% 303966 28602 69%
c v 261.41  0 30 71 424  1 1629218 13624 1.5 43 29 23 30 94% 303966 28602 69%
c w 261.43  0 30 71 424  1 1629218 13595 1.5 43 29 23 30 94% 303966 28602 69%
c W 266.47  0 30 71 434  1 1653105 26798 1.5 43 29 23 30 94% 303966 28602 69%
c - 270.01  0 30 72 442  1 1676534 10538 1.5 43 29 23 30 94% 303966 28602 69%
c p 270.03  0 30 72 442  1 1676534 13908 1.5 43 29 23 30 94% 303966 28602 69%
c u 270.15  0 30 72 442  1 1676534 13870 1.5 43 29 23 30 94% 303966 28602 69%
c v 270.18  0 30 72 442  1 1676534 13825 1.5 43 29 23 30 94% 303966 28602 69%
c w 270.20  0 30 72 442  1 1676534 13800 1.5 43 29 23 30 94% 303966 28602 69%
c O 275.67  0 30 72 444  1 1711109 33270 1.5 43 29 23 30 94% 303966 28602 69%
c - 277.25  0 30 73 444  1 1724533 11094 1.5 43 29 23 30 94% 303966 28602 69%
c p 277.27  0 30 73 444  1 1724533 14302 1.5 43 29 23 30 94% 303966 28602 69%
c u 277.39  0 30 73 444  1 1724533 14269 1.5 43 29 23 30 94% 303966 28602 69%
c
c  seconds   reductions   conflicts         size    tier2         variables
c          MB     restarts       redundant     glue     trail          remaining
c           level      rate           size/glue  tier1    irredundant
c
c v 277.41  0 30 73 444  1 1724533 14230 1.5 43 29 23 30 94% 303966 28602 69%
c w 277.43  0 30 73 444  1 1724533 14211 1.5 43 29 23 30 94% 303966 28602 69%
c B 283.74  0 30 73 466  1 1770112 39958 1.5 42 29 23 30 94% 303966 28602 69%
c - 284.22  0 30 74 467  1 1773217 11477 1.5 43 29 23 30 94% 303966 28602 69%
c p 284.24  0 30 74 467  1 1773217 14922 1.5 43 29 23 30 94% 303966 28602 69%
c u 284.33  0 30 74 467  1 1773217 14894 1.5 43 29 23 30 94% 303966 28602 69%
c v 284.36  0 30 74 467  1 1773217 14870 1.5 43 29 23 30 94% 303966 28602 69%
c w 284.37  0 30 74 467  1 1773217 14853 1.5 43 29 23 30 94% 303966 28602 69%
c - 291.46  0 31 75 482  1 1822580 11654 1.5 43 30 23 30 94% 303966 28602 69%
c p 291.48  0 31 75 482  1 1822580 15094 1.5 43 30 23 30 94% 303966 28601 69%
c u 291.57  0 31 75 482  1 1822580 15075 1.5 43 30 23 30 94% 303966 28601 69%
c v 291.60  0 31 75 482  1 1822580 15038 1.5 43 30 23 30 94% 303966 28601 69%
c w 291.62  0 31 75 482  1 1822580 15021 1.5 43 30 23 30 94% 303966 28601 69%
c s 291.67  0 31 75 482  1 1822580 14981 1.5 43 30 23 30 94% 303964 28601 69%
c s 291.70  0 31 75 482  1 1822580 14940 1.5 43 30 23 30 94% 303954 28601 69%
c W 294.51  0 31 75 488  1 1830113 19284 1.5 43 30 23 30 94% 303954 28601 69%
c ] 299.67  0 31 75 504  1 1864622 37862 1.4 43 29 23 30 94% 303954 28601 69%
c ? 299.67  0 31 75 504  1 1864622 37862 1.4 43 29 23 30 94% 303954 28601 69%
c
c --- [ result ] -------------------------------------------------------------
c
c writing result to 'search-results/cadical-support70-cover-20260902/anchor-016-p1-s0.result'
c
c --- [ run-time profiling ] -------------------------------------------------
c
c process time taken by individual solving procedures
c (percentage relative to process time for solving)
c
c       286.35   95.57% search
c       268.90   89.75% stable
c        17.43    5.82% walk
c        13.27    4.43% simplify
c         4.57    1.52% vivify
c         2.12    0.71% sweep
c         1.34    0.45% backbone
c         1.18    0.39% congruence
c         0.88    0.29% subsume
c         0.85    0.29% elim
c         0.48    0.16% probe
c         0.31    0.10% ternary
c         0.05    0.02% parse
c         0.02    0.01% lucky
c   =================================
c       299.62   99.98% solve
c
c last line shows process time for solving
c (percentage relative to total process time)
c
c --- [ statistics ] ---------------------------------------------------------
c
c chronological:            172570         9.25 %  of conflicts
c conflicts:               1864622      6223.34    per second
c backbone:              123169018    297819.03 %  of vars
c decisions:               1966682      6563.98    per second
c eliminated:                 2902         7.02 %  of all variables
c fixed:                      9091        21.98 %  of all variables
c learned:                 1839999        98.68 %  per conflict
c learned_lits:          921743333       100.00 %  learned literals
c minimized:                     0         0.00 %  learned literals
c shrunken:              837032635        90.81 %  learned literals
c minishrunken:            6503466         0.71 %  learned literals
c otfs:                        872         0.05 %  of conflict
c propagations:         1623119377         5.42 M  per second
c reduced:                  970323        52.04 %  per conflict
c rephased:                     60     31077.03    interval
c restarts:                    504      3699.65    interval
c substituted:                 763         1.84 %  of all variables
c subsumed:                 834117        36.01 %  of all clauses
c strengthened:              46814         2.02 %  of all clauses
c ticks:               18876532112        15.18    propagation
c vivified:                   1842         0.08 %  of all clauses
c walked:                       20     93231.10    interval
c weakened:                  13849         2.94    average size
c congruence:                   21     88791.52    interval
c
c seconds are measured in process time for solving
c
c --- [ glue usage ] ---------------------------------------------------------
c
c focused glue 2 used 0 clauses 0.000% accumulated 0.000% tier1
c focused glue 3 used 0 clauses 0.000% accumulated 0.000%
c focused glue 4 used 0 clauses 0.000% accumulated 0.000%
c focused glue 5 used 0 clauses 0.000% accumulated 0.000%
c focused glue 6 used 0 clauses 0.000% accumulated 0.000% tier2
c
c stable glue 23 used 322325 clauses 4.847% accumulated 53.25% tier1
c stable glue 24 used 324531 clauses 4.880% accumulated 58.13%
c stable glue 25-28 used 1274986 clauses 19.17% accumulated 77.30%
c stable glue 29 used 307990 clauses 4.631% accumulated 81.93%
c stable glue 30 used 291106 clauses 4.377% accumulated 86.31% tier2
c
c
c --- [ resources ] ----------------------------------------------------------
c
c total process time since initialization:       299.67    seconds
c total real time since initialization:          300.01    seconds
c maximum resident set size of process:          229.50    MB
c
c --- [ shutting down ] ------------------------------------------------------
c
c exit 0
