c --- [ banner ] -------------------------------------------------------------
c
c CaDiCaL SAT Solver
c Copyright (c) 2016-2026
c A. Biere, M. Fleury, N. Froleyks, K. Fazekas, F. Pollitt, T. Faller
c JKU Linz, University of Freiburg, TU Wien
c
c Version 3.0.1 c60730422e758ef1cebe7aeddf2dda31c996bf04
c Apple clang version 21.0.0 (clang-2100.1.1.101) -Wall -Wextra -O3 -DNDEBUG -DNCLOSEFROM
c Tue Sep 1 21:08:57 PDT 2026 Darwin retained-runner 25.6.0 arm64
c
c --- [ limit ] --------------------------------------------------------------
c
c setting time limit to 300 seconds real time (due to '-t 300')
c
c --- [ parsing input ] ------------------------------------------------------
c
c reading DIMACS file from 'search-results/cadical-support70-cover-20260902/cnf/anchor-008-p1-s0.cnf'
c opening file to read 'search-results/cadical-support70-cover-20260902/cnf/anchor-008-p1-s0.cnf'
c found 'p cnf 41357 414868' header
c parsed 414868 clauses in 0.05 seconds process time
c
c --- [ options ] ------------------------------------------------------------
c
c   --elimeffort=10                (different from default '1e3')
c   --stabilizeonly=true           (different from default 'false')
c   --subsumeeffort=60             (different from default '1e3')
c
c --- [ solving ] ------------------------------------------------------------
c
c time measured in process time since initialization
c
c  seconds  reduction conflicts       size tier2        variables
c         MB    restarts   redundant    glue  trail          remaining
c          level     rate       size/glu tier1  irredundant
c
c *  0.05  0  0 0   0  0    0    0 0.0 0 0 2 6  0% 329698 32370 78%
c )  0.06  0  0 0   0  0    0    0 0.0 0 0 2 6  0% 329698 32370 78%
c [  0.07  0  0 0   0  0    0    0 0.0 0 0 2 6  0% 329698 32370 78%
c i  0.07  0  1 0   0 33    1    0 0.0 1 0 2 6 95% 329698 32329 78%
c i  0.07  0 31 0   0  8    9    7 2.4 9 4 2 6 94% 329698 32326 78%
c i  0.08  0 35 0   0  3   41   24 3.0 64 21 2 6 96% 329698 32324 78%
c i  0.08  0 35 0   0  2   73   39 2.7 64 24 2 6 96% 329698 32323 78%
c i  0.09  0 35 0   0  2  150   61 2.1 56 27 2 6 97% 329698 32314 78%
c -  0.12  0 34 1   0  1  300   63 1.9 53 28 2 6 97% 314460 32304 78%
c -  0.23  0 35 2   0  1  948  249 2.2 61 28 2 6 96% 314456 32304 78%
c I  0.24  0 34 2   0  1 1002  299 2.2 60 28 2 6 96% 314456 32304 78%
c -  0.39  0 30 3   1  1 2100  347 2.1 52 25 2 6 92% 314432 32304 78%
c B  0.55  0 29 3   2  1 3004  847 2.0 50 25 2 6 94% 314416 32304 78%
c d  0.56  0 29 3   2  1 3044  874 2.0 50 25 2 6 92% 313104 31648 77%
c c  0.63  0 29 3   2  1 3044  874 2.0 50 25 2 6 92% 313102 31648 77%
c d  0.63  0 29 3   2  1 3044  874 2.0 50 25 2 6 92% 313100 31647 77%
c i  0.73  0 29 3   2  1 3344  983 1.9 48 25 2 6 91% 313089 31646 77%
c -  0.81  0 29 4   2  1 3814  415 1.9 48 25 2 6 91% 313076 31646 77%
c 2  1.07  0 30 4   4  1 5545 1408 1.7 47 27 26 31 91% 313046 31645 77%
c W  1.29  0 30 4   4  1 6008 1644 1.7 46 27 26 31 91% 313035 31645 77%
c
c  seconds  reduction conflicts       size    tier2         variables
c         MB    restarts   redundant     glue     trail          remaining
c          level     rate       size/glue  tier1    irredundant
c
c -  1.32  0 30 5   4  1 6122  518 1.7 46 27 26 31 91% 313034 31645 77%
c s  1.42  0 30 5   5  1 6698  817 1.7 46 27 26 31 92% 312868 31645 77%
c e  1.61  0 30 5   5  1 6698  358 1.7 46 27 26 31 92% 307156 28938 70%
c s  1.63  0 30 5   5  1 6698  358 1.7 46 27 26 31 92% 307156 28938 70%
c e  1.65  0 30 5   5  1 6698  358 1.7 46 27 26 31 92% 307061 28916 70%
c 2  1.89  0 30 5   5  1 8149 1156 1.6 45 28 26 31 90% 307061 28915 70%
c -  2.12  0 30 6   6  1 9047  469 1.6 45 28 26 31 94% 307051 28915 70%
c F  2.27  0 30 6   6  1 10009  964 1.6 44 28 27 30 94% 307051 28915 70%
c c  2.45  0 30 6   6  1 10848 1679 1.6 45 28 27 30 94% 307072 28915 70%
c d  2.45  0 30 6   6  1 10848 1679 1.6 45 28 27 30 94% 307028 28893 70%
c 2  2.46  0 30 6   6  1 10848 1679 1.6 45 28 27 30 94% 306837 28893 70%
c -  2.73  0 30 7   7  1 12582  730 1.6 44 28 27 30 93% 306837 28893 70%
c B  3.17  0 30 7   9  1 15012 2020 1.6 44 28 26 30 93% 306837 28893 70%
c -  3.45  0 30 8  10  1 16752  876 1.6 44 28 26 30 94% 306837 28893 70%
c u  3.52  0 30 8  10  1 16752  861 1.6 44 28 26 30 94% 306837 28893 70%
c v  3.53  0 30 8  10  1 16752  841 1.6 44 28 26 30 94% 306837 28893 70%
c w  3.54  0 30 8  10  1 16752  840 1.6 44 28 26 30 94% 306837 28893 70%
c x  3.55  0 30 8  10  1 16752  839 1.6 44 28 26 30 94% 306651 28893 70%
c t  3.55  0 30 8  10  1 16752  839 1.6 44 28 26 30 94% 306650 28893 70%
c s  4.10  0 31 8  12  1 20333 2783 1.5 44 29 26 30 94% 306638 28893 70%
c
c  seconds  reductions conflicts       size    tier2         variables
c         MB    restarts    redundant     glue     trail          remaining
c          level     rate        size/glue  tier1    irredundant
c
c e  4.13  0 31 8  12  1 20333 2772 1.5 44 29 26 30 94% 306581 28882 70%
c s  4.15  0 31 8  12  1 20333 2765 1.5 44 29 26 30 94% 306567 28882 70%
c e  4.17  0 31 8  12  1 20333 2763 1.5 44 29 26 30 94% 306546 28877 70%
c W  4.45  0 31 8  13  1 21014 3114 1.5 44 29 26 30 94% 306546 28877 70%
c -  4.54  0 31 9  13  1 21562  931 1.5 44 29 26 31 94% 306546 28877 70%
c c  4.60  0 31 9  13  1 21562  931 1.5 44 29 26 31 94% 306628 28877 70%
c d  4.61  0 31 9  13  1 21562  931 1.5 44 29 26 31 94% 306464 28795 70%
c 2  4.61  0 31 9  13  1 21562  931 1.5 44 29 26 31 94% 305728 28794 70%
c -  5.38  0 31 10  14  1 27018 1187 1.5 44 29 26 31 94% 305716 28794 70%
c #  5.63  0 31 10  14  1 28016 1794 1.5 44 29 26 31 94% 305716 28794 70%
c -  6.42  0 32 11  14  1 33123 1289 1.5 44 30 26 31 94% 305716 28794 70%
c u  6.44  0 32 11  14  1 33123 1267 1.5 44 30 26 31 94% 305716 28794 70%
c v  6.45  0 32 11  14  1 33123 1237 1.5 44 30 26 31 94% 305716 28794 70%
c w  6.46  0 32 11  14  1 33123 1236 1.5 44 30 26 31 94% 305716 28794 70%
c x  6.47  0 32 11  14  1 33123 1236 1.5 44 30 26 31 94% 305608 28794 70%
c B  6.91  0 32 11  17  1 36018 2887 1.5 44 30 26 31 95% 305608 28794 70%
c -  7.55  0 32 12  20  1 39881 1287 1.5 44 30 27 32 95% 305608 28794 70%
c p  7.55  0 32 12  20  1 39881 1332 1.5 44 30 27 32 95% 305608 28794 70%
c s  7.86  0 32 12  20  1 40784 1782 1.5 44 30 27 32 95% 305223 28794 70%
c e  7.88  0 32 12  20  1 40784 1782 1.5 44 30 27 32 95% 305165 28764 70%
c
c  seconds  reductions  conflicts       size    tier2         variables
c         MB     restarts    redundant     glue     trail          remaining
c          level      rate        size/glue  tier1    irredundant
c
c s  7.89  0 32 12  20  1 40784 1782 1.5 44 30 27 32 95% 305160 28764 70%
c e  7.91  0 32 12  20  1 40784 1781 1.5 44 30 27 32 95% 305130 28755 70%
c W  8.78  0 32 12  21  1 45019 3980 1.5 44 30 27 32 95% 305130 28755 70%
c -  9.14  0 32 13  23  1 47294 1366 1.4 43 30 27 32 95% 305130 28755 70%
c 2  9.14  0 32 13  23  1 47294 1366 1.4 43 30 27 32 95% 305130 28754 70%
c p  9.14  0 32 13  23  1 47294 1555 1.4 43 30 27 32 95% 305130 28754 70%
c O 10.32  0 32 13  28  1 55020 5536 1.4 43 30 27 32 95% 305130 28754 70%
c - 10.38  0 32 14  28  1 55364 1528 1.4 43 30 27 32 95% 305121 28754 70%
c p 10.39  0 32 14  28  1 55364 1758 1.4 43 30 27 32 95% 305121 28754 70%
c v 10.43  0 32 14  28  1 55364 1698 1.4 43 30 27 32 95% 305114 28754 70%
c w 10.44  0 32 14  28  1 55364 1695 1.4 43 30 27 32 95% 305114 28754 70%
c x 10.45  0 32 14  28  1 55364 1695 1.4 43 30 27 32 95% 305104 28754 70%
c - 11.78  0 31 15  29  1 64100 1620 1.4 41 29 27 32 95% 305104 28754 70%
c p 11.78  0 31 15  29  1 64100 1921 1.4 41 29 27 32 95% 305104 28754 70%
c c 11.84  0 31 15  29  1 64100 1921 1.4 41 29 27 32 95% 305107 28754 70%
c d 11.84  0 31 15  29  1 64100 1921 1.4 41 29 27 32 95% 305101 28751 70%
c 2 11.85  0 31 15  29  1 64100 1921 1.4 41 29 27 32 95% 305075 28751 70%
c B 12.15  0 31 15  29  1 66021 2984 1.4 41 29 27 32 95% 305075 28751 70%
c s 12.48  0 31 15  30  1 68048 4114 1.4 41 29 27 32 95% 304938 28751 70%
c e 12.51  0 31 15  30  1 68048 4114 1.4 41 29 27 32 95% 304907 28733 69%
c
c  seconds  reductions  conflicts       size    tier2         variables
c         MB     restarts    redundant     glue     trail          remaining
c          level      rate        size/glue  tier1    irredundant
c
c s 12.53  0 31 15  30  1 68048 4110 1.4 41 29 27 32 95% 304862 28733 69%
c e 12.55  0 31 15  30  1 68048 4110 1.4 41 29 27 32 95% 304835 28721 69%
c - 13.38  0 31 16  30  1 73497 1798 1.4 41 29 25 31 94% 304835 28721 69%
c p 13.38  0 31 16  30  1 73497 2133 1.4 41 29 25 31 94% 304835 28721 69%
c u 13.40  0 31 16  30  1 73497 2126 1.4 41 29 25 31 94% 304835 28721 69%
c v 13.43  0 31 16  30  1 73497 2097 1.4 41 29 25 31 94% 304835 28721 69%
c w 13.44  0 31 16  30  1 73497 2096 1.4 41 29 25 31 94% 304835 28721 69%
c W 14.48  0 31 16  30  1 78022 5109 1.4 41 29 25 31 94% 304835 28721 69%
c - 15.39  0 30 17  31  1 83554 2138 1.4 41 29 25 31 94% 304835 28721 69%
c p 15.40  0 30 17  31  1 83554 2442 1.4 41 29 25 31 94% 304835 28721 69%
c c 15.46  0 30 17  31  1 83554 2442 1.4 41 29 25 31 94% 304836 28721 69%
c d 15.46  0 30 17  31  1 83554 2442 1.4 41 29 25 31 94% 304834 28720 69%
c 2 15.48  0 30 17  31  1 83554 2442 1.4 41 29 25 31 94% 304826 28720 69%
c I 16.77  0 31 17  36  1 91027 6730 1.4 42 29 25 31 95% 304826 28720 69%
c - 17.32  0 31 18  37  1 94281 2169 1.4 41 29 25 31 95% 304826 28720 69%
c p 17.32  0 31 18  37  1 94281 2483 1.4 41 29 25 31 95% 304826 28720 69%
c u 17.39  0 31 18  37  1 94281 2472 1.4 41 29 25 31 95% 304826 28720 69%
c v 17.42  0 31 18  37  1 94281 2448 1.4 41 29 25 31 95% 304826 28720 69%
c w 17.42  0 31 18  37  1 94281 2448 1.4 41 29 25 31 95% 304826 28720 69%
c x 17.44  0 31 18  37  1 94281 2448 1.4 41 29 25 31 95% 304826 28720 69%
c
c  seconds  reductions  conflicts        size    tier2         variables
c         MB     restarts     redundant     glue     trail          remaining
c          level      rate         size/glue  tier1    irredundant
c
c s 18.80  0 30 18  43  1 102128 6051 1.4 41 28 25 31 95% 304795 28720 69%
c e 18.83  0 30 18  43  1 102128 6051 1.4 41 28 25 31 95% 304777 28714 69%
c s 18.86  0 30 18  43  1 102128 6042 1.4 41 28 25 31 95% 304756 28714 69%
c e 18.87  0 30 18  43  1 102128 6041 1.4 41 28 25 31 95% 304742 28709 69%
c B 19.38  0 30 18  44  1 105028 7850 1.4 41 28 25 31 95% 304742 28709 69%
c - 19.50  0 30 19  44  1 105674 2184 1.4 41 28 25 31 95% 304742 28709 69%
c p 19.50  0 30 19  44  1 105674 2574 1.4 41 28 25 31 95% 304742 28709 69%
c - 21.18  0 31 20  47  1 117733 2340 1.4 41 29 25 31 95% 304742 28709 69%
c p 21.19  0 31 20  47  1 117733 2708 1.4 41 29 25 31 95% 304742 28709 69%
c u 21.27  0 31 20  47  1 117733 2695 1.4 41 29 25 31 95% 304742 28709 69%
c v 21.31  0 31 20  47  1 117733 2661 1.4 41 29 25 31 95% 304742 28709 69%
c w 21.31  0 31 20  47  1 117733 2648 1.4 41 29 25 31 95% 304742 28709 69%
c W 21.98  0 31 20  48  1 120029 3934 1.4 41 29 25 31 95% 304742 28709 69%
c - 23.38  0 31 21  54  1 130468 2372 1.4 41 29 25 31 95% 304742 28709 69%
c 2 23.38  0 31 21  54  1 130468 2372 1.4 41 29 25 31 95% 304742 28708 69%
c p 23.39  0 31 21  54  1 130468 2944 1.4 41 29 25 31 95% 304742 28706 69%
c F 24.15  0 31 21  58  1 136033 5971 1.4 41 29 25 31 95% 304742 28706 69%
c s 25.01  0 31 21  60  1 143025 10039 1.4 42 29 24 31 95% 304723 28706 69%
c e 25.04  0 31 21  60  1 143025 10038 1.4 42 29 24 31 95% 304685 28704 69%
c s 25.06  0 31 21  60  1 143025 10032 1.4 42 29 24 31 95% 304673 28704 69%
c
c  seconds  reductions  conflicts         size    tier2         variables
c         MB     restarts      redundant     glue     trail          remaining
c          level      rate          size/glue  tier1    irredundant
c
c e 25.07  0 31 21  60  1 143025 10032 1.4 42 29 24 31 95% 304664 28701 69%
c - 25.19  0 31 22  60  1 143867 2751 1.4 42 29 24 31 95% 304664 28701 69%
c 2 25.20  0 31 22  60  1 143867 2751 1.4 42 29 24 31 95% 304664 28700 69%
c p 25.20  0 31 22  60  1 143867 3467 1.4 42 29 24 31 95% 304664 28700 69%
c u 25.23  0 31 22  60  1 143867 3450 1.4 42 29 24 31 95% 304664 28700 69%
c v 25.26  0 31 22  60  1 143867 3416 1.4 42 29 24 31 95% 304664 28700 69%
c w 25.26  0 31 22  60  1 143867 3410 1.4 42 29 24 31 95% 304664 28700 69%
c B 26.42  0 32 22  61  1 153034 10496 1.5 44 30 24 31 95% 304664 28700 69%
c - 27.13  0 32 23  61  1 157937 3378 1.5 44 30 24 31 95% 304654 28700 69%
c p 27.14  0 32 23  61  1 157937 4641 1.5 44 30 24 31 95% 304654 28697 69%
c w 27.41  0 32 23  61  1 157937 4586 1.5 44 30 24 31 95% 304624 28697 69%
c x 27.42  0 32 23  61  1 157937 4586 1.5 44 30 24 31 95% 304624 28697 69%
c W 29.72  0 32 23  62  1 171035 11491 1.4 43 30 24 31 95% 304624 28697 69%
c - 30.01  0 32 24  62  1 172680 3032 1.4 43 30 24 31 95% 304624 28697 69%
c 2 30.01  0 32 24  62  1 172680 3032 1.4 43 30 24 31 95% 304624 28696 69%
c p 30.02  0 32 24  62  1 172680 4363 1.4 43 30 24 31 95% 304624 28694 69%
c v 30.06  0 32 24  62  1 172680 4348 1.4 43 30 24 31 95% 304624 28694 69%
c w 30.07  0 32 24  62  1 172680 4332 1.4 43 30 24 31 95% 304624 28694 69%
c - 32.10  0 31 25  62  1 188093 3120 1.4 42 30 24 31 95% 304594 28694 69%
c p 32.12  0 31 25  62  1 188093 4479 1.4 42 30 24 31 95% 304594 28692 69%
c
c  seconds  reductions  conflicts        size    tier2         variables
c         MB     restarts     redundant     glue     trail          remaining
c          level      rate         size/glue  tier1    irredundant
c
c u 32.15  0 31 25  62  1 188093 4472 1.4 42 30 24 31 95% 304594 28692 69%
c v 32.17  0 31 25  62  1 188093 4449 1.4 42 30 24 31 95% 304594 28692 69%
c w 32.17  0 31 25  62  1 188093 4444 1.4 42 30 24 31 95% 304594 28692 69%
c # 32.46  0 31 25  62  1 190036 5538 1.4 42 30 24 31 95% 304594 28692 69%
c s 32.56  0 31 25  62  1 190738 5999 1.4 42 30 24 31 95% 304580 28692 69%
c e 32.59  0 31 25  62  1 190738 5930 1.4 42 30 24 31 95% 304545 28687 69%
c s 32.61  0 31 25  62  1 190738 5927 1.4 42 30 24 31 95% 304526 28687 69%
c e 32.62  0 31 25  62  1 190738 5926 1.4 42 30 24 31 95% 304516 28683 69%
c - 34.42  0 32 26  66  1 204179 3451 1.4 43 30 24 31 95% 304516 28683 69%
c p 34.43  0 32 26  66  1 204179 4698 1.4 43 30 24 31 95% 304516 28682 69%
c u 34.46  0 32 26  66  1 204179 4674 1.4 43 30 24 31 95% 304516 28682 69%
c v 34.47  0 32 26  66  1 204179 4665 1.4 43 30 24 31 95% 304516 28682 69%
c w 34.48  0 32 26  66  1 204179 4652 1.4 43 30 24 31 95% 304516 28682 69%
c B 35.27  0 31 26  69  1 210037 7640 1.4 43 30 24 31 95% 304516 28682 69%
c - 36.73  0 32 27  76  1 220937 3440 1.4 43 30 24 31 95% 304506 28682 69%
c p 36.74  0 32 27  76  1 220937 4807 1.4 43 30 24 31 95% 304506 28681 69%
c c 36.81  0 32 27  76  1 220937 4807 1.4 43 30 24 31 95% 304507 28681 69%
c d 36.81  0 32 27  76  1 220937 4798 1.4 43 30 24 31 95% 304495 28680 69%
c 2 36.83  0 32 27  76  1 220937 4797 1.4 43 30 24 31 95% 304487 28680 69%
c u 36.85  0 32 27  76  1 220937 4784 1.4 43 30 24 31 95% 304487 28680 69%
c
c  seconds  reductions  conflicts        size    tier2         variables
c         MB     restarts     redundant     glue     trail          remaining
c          level      rate         size/glue  tier1    irredundant
c
c v 36.85  0 32 27  76  1 220937 4782 1.4 43 30 24 31 95% 304487 28680 69%
c w 36.86  0 32 27  76  1 220937 4776 1.4 43 30 24 31 95% 304487 28680 69%
c W 38.53  0 32 27  77  1 231039 10748 1.4 43 30 24 31 95% 304487 28680 69%
c - 39.55  0 32 28  82  1 238370 3739 1.4 43 30 24 31 94% 304487 28680 69%
c p 39.56  0 32 28  82  1 238370 5232 1.4 43 30 24 31 94% 304487 28676 69%
c v 39.60  0 32 28  82  1 238370 5194 1.4 43 30 24 31 94% 304487 28676 69%
c w 39.61  0 32 28  82  1 238370 5183 1.4 43 30 24 31 94% 304487 28676 69%
c s 40.60  0 32 28  85  1 245272 9216 1.5 43 30 24 31 94% 304473 28676 69%
c e 40.63  0 32 28  85  1 245272 9216 1.5 43 30 24 31 94% 304426 28673 69%
c s 40.65  0 32 28  85  1 245272 9210 1.5 43 30 24 31 94% 304420 28673 69%
c e 40.67  0 32 28  85  1 245272 9210 1.5 43 30 24 31 94% 304413 28670 69%
c O 41.90  0 32 28  90  1 253040 13303 1.4 43 30 24 31 94% 304413 28670 69%
c - 42.40  0 32 29  91  1 256476 3799 1.4 43 30 24 31 94% 304413 28670 69%
c 2 42.40  0 32 29  91  1 256476 3799 1.4 43 30 24 31 94% 304413 28669 69%
c p 42.41  0 32 29  91  1 256476 5300 1.4 43 30 24 31 94% 304413 28668 69%
c u 42.51  0 32 29  91  1 256476 5276 1.4 43 30 24 31 94% 304413 28668 69%
c v 42.52  0 32 29  91  1 256476 5266 1.4 43 30 24 31 94% 304413 28668 69%
c w 42.53  0 32 29  91  1 256476 5261 1.4 43 30 24 31 94% 304413 28668 69%
c - 45.00  0 31 30  93  1 275256 3785 1.4 42 29 24 31 94% 304393 28668 69%
c p 45.01  0 31 30  93  1 275256 5573 1.4 42 29 24 31 94% 304393 28666 69%
c
c  seconds  reductions  conflicts        size    tier2         variables
c         MB     restarts     redundant     glue     trail          remaining
c          level      rate         size/glue  tier1    irredundant
c
c u 45.30  0 31 30  93  1 275256 5559 1.4 42 29 24 31 94% 304373 28666 69%
c v 45.32  0 31 30  93  1 275256 5545 1.4 42 29 24 31 94% 304373 28666 69%
c w 45.33  0 31 30  93  1 275256 5538 1.4 42 29 24 31 94% 304373 28666 69%
c B 45.47  0 31 30  93  1 276041 5920 1.4 42 29 24 31 94% 304373 28666 69%
c - 47.81  0 31 31 100  1 294713 4150 1.4 42 29 24 31 94% 304373 28666 69%
c p 47.82  0 31 31 100  1 294713 5958 1.4 42 29 24 31 94% 304373 28665 69%
c u 47.87  0 31 31 100  1 294713 5938 1.4 42 29 24 31 94% 304373 28665 69%
c v 47.88  0 31 31 100  1 294713 5916 1.4 42 29 24 31 94% 304373 28665 69%
c w 47.89  0 31 31 100  1 294713 5912 1.4 42 29 24 31 94% 304373 28665 69%
c W 49.30  0 31 31 104  1 300042 9077 1.4 42 30 24 31 94% 304363 28665 69%
c s 50.23  0 31 31 107  1 306624 12428 1.4 42 30 24 31 94% 304349 28665 69%
c e 50.26  0 31 31 107  1 306624 12405 1.4 42 30 24 31 94% 304341 28662 69%
c s 50.28  0 31 31 107  1 306624 12397 1.4 42 30 24 31 94% 304326 28662 69%
c e 50.30  0 31 31 107  1 306624 12397 1.4 42 30 24 31 94% 304317 28659 69%
c - 51.49  0 31 32 108  1 314845 4367 1.4 43 30 24 31 94% 304317 28659 69%
c p 51.50  0 31 32 108  1 314845 6057 1.4 43 30 24 31 94% 304317 28659 69%
c w 51.60  0 31 32 108  1 314845 6027 1.4 43 30 24 31 94% 304317 28659 69%
c I 52.99  0 31 32 115  1 325045 11817 1.4 43 30 24 31 94% 304317 28659 69%
c - 54.35  0 31 33 121  1 335652 4400 1.4 42 29 24 31 94% 304317 28659 69%
c p 54.37  0 31 33 121  1 335652 6003 1.4 42 29 24 31 94% 304317 28658 69%
c
c  seconds  reductions  conflicts        size    tier2         variables
c         MB     restarts     redundant     glue     trail          remaining
c          level      rate         size/glue  tier1    irredundant
c
c v 54.42  0 31 33 121  1 335652 5958 1.4 42 29 24 31 94% 304317 28658 69%
c w 54.43  0 31 33 121  1 335652 5954 1.4 42 29 24 31 94% 304317 28658 69%
c B 56.45  0 30 33 124  1 351047 15234 1.5 42 28 24 31 94% 304317 28658 69%
c - 57.24  0 30 34 124  1 357135 4975 1.5 43 29 24 31 94% 304307 28658 69%
c p 57.25  0 30 34 124  1 357135 6629 1.5 43 29 24 31 94% 304307 28657 69%
c u 57.29  0 30 34 124  1 357135 6607 1.5 43 29 24 31 94% 304307 28657 69%
c v 57.31  0 30 34 124  1 357135 6587 1.5 43 29 24 31 94% 304307 28657 69%
c w 57.32  0 30 34 124  1 357135 6582 1.5 43 29 24 31 94% 304307 28657 69%
c s 59.64  0 31 34 125  1 374796 17302 1.5 44 29 24 31 94% 304302 28657 69%
c e 59.67  0 31 34 125  1 374796 17262 1.5 44 29 24 31 94% 304290 28656 69%
c s 59.69  0 31 34 125  1 374796 17253 1.5 44 29 24 31 94% 304283 28656 69%
c e 59.71  0 31 34 125  1 374796 17253 1.5 44 29 24 31 94% 304272 28652 69%
c W 60.91  0 31 34 125  1 378051 19053 1.5 44 29 24 31 94% 304272 28652 69%
c - 61.08  0 31 35 125  1 379295 5147 1.5 44 29 24 31 94% 304272 28652 69%
c 2 61.08  0 31 35 125  1 379295 5146 1.5 44 29 24 31 94% 304272 28652 69%
c p 61.09  0 31 35 125  1 379295 6669 1.5 44 29 24 31 94% 304272 28652 69%
c u 61.14  0 31 35 125  1 379295 6626 1.5 44 29 24 31 94% 304272 28652 69%
c v 61.15  0 31 35 125  1 379295 6566 1.5 44 29 24 31 94% 304272 28652 69%
c w 61.16  0 31 35 125  1 379295 6561 1.5 44 29 24 31 94% 304272 28652 69%
c - 64.08  0 31 36 126  1 402131 4919 1.5 43 29 24 31 94% 304272 28652 69%
c
c  seconds  reductions  conflicts        size    tier2         variables
c         MB     restarts     redundant     glue     trail          remaining
c          level      rate         size/glue  tier1    irredundant
c
c p 64.09  0 31 36 126  1 402131 6657 1.5 43 29 24 31 94% 304272 28652 69%
c u 64.19  0 31 36 126  1 402131 6636 1.5 43 29 24 31 94% 304272 28652 69%
c v 64.21  0 31 36 126  1 402131 6614 1.5 43 29 24 31 94% 304272 28652 69%
c w 64.22  0 31 36 126  1 402131 6602 1.5 43 29 24 31 94% 304272 28652 69%
c F 64.82  0 31 36 126  1 406052 8790 1.5 43 29 24 31 94% 304272 28652 69%
c - 67.60  0 31 37 126  1 425645 5147 1.5 44 30 24 31 94% 304272 28652 69%
c 2 67.60  0 31 37 126  1 425645 5147 1.5 44 30 24 31 94% 304272 28651 69%
c p 67.61  0 31 37 126  1 425645 6840 1.5 44 30 24 31 94% 304272 28650 69%
c u 67.67  0 31 37 126  1 425645 6821 1.5 44 30 24 31 94% 304272 28650 69%
c v 67.68  0 31 37 126  1 425645 6794 1.5 44 30 24 31 94% 304272 28650 69%
c w 67.69  0 31 37 126  1 425645 6789 1.5 44 30 24 31 94% 304272 28650 69%
c B 69.09  0 31 37 126  1 435055 12683 1.5 45 30 24 31 94% 304272 28650 69%
c s 71.04  0 31 37 126  1 449788 20809 1.5 45 30 24 31 94% 304260 28650 69%
c e 71.08  0 31 37 126  1 449788 20741 1.5 45 30 24 31 94% 304235 28648 69%
c s 71.10  0 31 37 126  1 449788 20733 1.5 45 30 24 31 94% 304228 28648 69%
c e 71.11  0 31 37 126  1 449788 20729 1.5 45 30 24 31 94% 304223 28646 69%
c - 71.15  0 31 38 126  1 449838 5384 1.5 45 30 24 31 94% 304223 28646 69%
c 2 71.15  0 31 38 126  1 449838 5383 1.5 45 30 24 31 94% 304223 28645 69%
c p 71.16  0 31 38 126  1 449838 7111 1.5 45 30 24 31 94% 304223 28645 69%
c w 71.54  0 31 38 126  1 449838 7082 1.5 45 30 24 31 94% 304213 28645 69%
c
c  seconds  reductions  conflicts        size    tier2         variables
c         MB     restarts     redundant     glue     trail          remaining
c          level      rate         size/glue  tier1    irredundant
c
c x 71.55  0 31 38 126  1 449838 7082 1.5 45 30 24 31 94% 304213 28645 69%
c W 74.36  0 31 38 126  1 465058 14794 1.5 44 29 24 31 94% 304213 28645 69%
c - 75.52  0 31 39 133  1 474707 5166 1.5 43 29 24 31 94% 304213 28645 69%
c p 75.54  0 31 39 133  1 474707 7150 1.5 43 29 24 31 94% 304213 28645 69%
c u 75.59  0 31 39 133  1 474707 7135 1.5 43 29 24 31 94% 304213 28645 69%
c v 75.61  0 31 39 133  1 474707 7126 1.5 43 29 24 31 94% 304213 28645 69%
c w 75.61  0 31 39 133  1 474707 7121 1.5 43 29 24 31 94% 304213 28645 69%
c # 78.46  0 31 39 141  1 496059 18788 1.5 43 29 24 31 94% 304213 28645 69%
c - 78.99  0 31 40 143  1 500253 5448 1.5 43 29 24 31 94% 304213 28645 69%
c p 79.00  0 31 40 143  1 500253 7268 1.5 43 29 24 31 94% 304213 28645 69%
c u 79.06  0 31 40 143  1 500253 7236 1.5 43 29 24 31 94% 304213 28645 69%
c w 79.09  0 31 40 143  1 500253 7209 1.5 43 29 24 31 94% 304213 28645 69%
c - 82.16  0 31 41 156  1 526478 5223 1.4 43 30 24 31 94% 304213 28645 69%
c p 82.18  0 31 41 156  1 526478 6771 1.4 43 30 24 31 94% 304213 28645 69%
c v 82.29  0 31 41 156  1 526478 6750 1.4 43 30 24 31 94% 304213 28645 69%
c w 82.30  0 31 41 156  1 526478 6743 1.4 43 30 24 31 94% 304213 28645 69%
c B 82.52  0 31 41 156  1 528060 7745 1.4 43 30 24 31 94% 304213 28645 69%
c s 83.03  0 31 41 156  1 531599 9797 1.4 43 30 24 31 94% 304206 28645 69%
c e 83.06  0 31 41 156  1 531599 9797 1.4 43 30 24 31 94% 304204 28644 69%
c s 83.07  0 31 41 156  1 531599 9786 1.4 43 30 24 31 94% 304195 28644 69%
c
c  seconds  reductions  conflicts        size    tier2         variables
c         MB     restarts     redundant     glue     trail          remaining
c          level      rate         size/glue  tier1    irredundant
c
c e 83.09  0 31 41 156  1 531599 9759 1.4 43 30 24 31 94% 304188 28641 69%
c - 86.18  0 31 42 161  1 553381 5707 1.4 43 30 24 31 94% 304188 28641 69%
c 2 86.18  0 31 42 161  1 553381 5707 1.4 43 30 24 31 94% 304187 28639 69%
c p 86.19  0 31 42 161  1 553381 7618 1.4 43 30 24 31 94% 304187 28639 69%
c u 86.26  0 31 42 161  1 553381 7568 1.4 43 30 24 31 94% 304187 28639 69%
c v 86.27  0 31 42 161  1 553381 7555 1.4 43 30 24 31 94% 304187 28639 69%
c w 86.28  0 31 42 161  1 553381 7544 1.4 43 30 24 31 94% 304187 28639 69%
c W 88.11  0 31 42 165  1 561064 11425 1.4 42 30 24 31 94% 304168 28639 69%
c - 90.82  0 31 43 172  1 580965 5644 1.4 42 30 24 31 94% 304168 28639 69%
c 2 90.82  0 31 43 172  1 580965 5644 1.4 42 30 24 31 94% 304168 28638 69%
c p 90.84  0 31 43 172  1 580965 7564 1.4 42 30 24 31 94% 304168 28638 69%
c u 90.90  0 31 43 172  1 580965 7535 1.4 42 30 24 31 94% 304168 28638 69%
c v 90.92  0 31 43 172  1 580965 7497 1.4 42 30 24 31 94% 304168 28638 69%
c w 90.93  0 31 43 172  1 580965 7484 1.4 42 30 24 31 94% 304168 28638 69%
c O 92.91  0 31 43 181  1 595065 14842 1.4 42 30 24 31 94% 304168 28638 69%
c - 94.86  0 31 44 187  1 609226 5968 1.4 42 29 24 31 94% 304158 28638 69%
c p 94.88  0 31 44 187  1 609226 7880 1.4 42 29 24 31 94% 304158 28638 69%
c u 94.95  0 31 44 187  1 609226 7852 1.4 42 29 24 31 94% 304158 28638 69%
c v 94.97  0 31 44 187  1 609226 7822 1.4 42 29 24 31 94% 304158 28638 69%
c w 94.98  0 31 44 187  1 609226 7807 1.4 42 29 24 31 94% 304158 28638 69%
c
c  seconds  reductions  conflicts         size    tier2         variables
c         MB     restarts      redundant     glue     trail          remaining
c          level      rate          size/glue  tier1    irredundant
c
c s 96.63  0 31 44 188  1 620230 13746 1.4 41 29 24 31 94% 304151 28638 69%
c e 96.67  0 31 44 188  1 620230 13746 1.4 41 29 24 31 94% 304147 28637 69%
c s 96.69  0 31 44 188  1 620230 13725 1.4 41 29 24 31 94% 304144 28637 69%
c e 96.71  0 31 44 188  1 620230 13725 1.4 41 29 24 31 94% 304141 28636 69%
c B 98.22  0 31 44 188  1 630066 18832 1.4 41 29 24 31 94% 304141 28636 69%
c - 99.40  0 31 45 189  1 638166 6335 1.4 42 30 24 31 94% 304141 28636 69%
c p 99.42  0 31 45 189  1 638166 8454 1.4 42 30 24 31 94% 304141 28636 69%
c k 99.44  0 31 45 189  1 638166 8454 1.4 42 30 24 31 94% 304141 28635 69%
c u 99.48  0 31 45 189  1 638166 8413 1.4 42 30 24 31 94% 304141 28635 69%
c v 99.49  0 31 45 189  1 638166 8391 1.4 42 30 24 31 94% 304141 28635 69%
c w 99.50  0 31 45 189  1 638166 8378 1.4 42 30 24 31 94% 304141 28635 69%
c W 104.17  0 31 45 191  1 666067 22317 1.4 42 30 24 31 94% 304132 28635 69%
c - 104.43  0 31 46 192  1 667784 6078 1.4 42 30 24 31 94% 304132 28635 69%
c p 104.44  0 31 46 192  1 667784 7950 1.4 42 30 24 31 94% 304132 28635 69%
c u 104.50  0 31 46 192  1 667784 7907 1.4 42 30 24 31 94% 304132 28635 69%
c v 104.51  0 31 46 192  1 667784 7888 1.4 42 30 24 31 94% 304132 28635 69%
c w 104.52  0 31 46 192  1 667784 7882 1.4 42 30 24 31 94% 304132 28635 69%
c - 108.66  0 31 47 205  1 698083 6384 1.4 42 30 24 31 94% 304132 28635 69%
c p 108.68  0 31 47 205  1 698083 8295 1.4 42 30 24 31 94% 304132 28635 69%
c u 109.17  0 31 47 205  1 698083 8269 1.4 42 30 24 31 94% 304132 28635 69%
c
c  seconds   reductions  conflicts        size    tier2         variables
c          MB     restarts     redundant     glue     trail          remaining
c           level      rate         size/glue  tier1    irredundant
c
c v 109.19  0 31 47 205  1 698083 8251 1.4 42 30 24 31 94% 304132 28635 69%
c w 109.20  0 31 47 205  1 698083 8238 1.4 42 30 24 31 94% 304132 28635 69%
c I 109.93  0 31 47 209  1 703068 11079 1.4 42 30 24 31 94% 304132 28635 69%
c s 111.89  0 31 47 216  1 715679 17926 1.4 42 29 24 31 94% 304126 28635 69%
c e 111.93  0 31 47 216  1 715679 17926 1.4 42 29 24 31 94% 304123 28634 69%
c s 111.95  0 31 47 216  1 715679 17893 1.4 42 29 24 31 94% 304121 28634 69%
c e 111.96  0 31 47 216  1 715679 17893 1.4 42 29 24 31 94% 304115 28632 69%
c - 113.92  0 31 48 219  1 729059 6586 1.4 41 29 24 31 94% 304115 28632 69%
c p 113.93  0 31 48 219  1 729059 8860 1.4 41 29 24 31 94% 304115 28632 69%
c u 114.01  0 31 48 219  1 729059 8793 1.4 41 29 24 31 94% 304115 28632 69%
c v 114.04  0 31 48 219  1 729059 8775 1.4 41 29 24 31 94% 304115 28632 69%
c w 114.05  0 31 48 219  1 729059 8764 1.4 41 29 24 31 94% 304115 28632 69%
c B 115.81  0 31 48 220  1 741070 15671 1.4 42 29 24 31 94% 304115 28632 69%
c - 118.83  0 31 49 228  1 760716 6664 1.4 42 29 24 31 94% 304115 28632 69%
c p 118.85  0 31 49 228  1 760716 8919 1.4 42 29 24 31 94% 304115 28632 69%
c u 118.93  0 31 49 228  1 760716 8891 1.4 42 29 24 31 94% 304115 28632 69%
c v 118.95  0 31 49 228  1 760716 8877 1.4 42 29 24 31 94% 304115 28632 69%
c w 118.96  0 31 49 228  1 760716 8863 1.4 42 29 24 31 94% 304115 28632 69%
c W 122.98  0 30 49 235  1 780073 18617 1.4 41 29 24 31 94% 304115 28632 69%
c - 124.90  0 30 50 242  1 793052 6662 1.4 41 29 24 31 94% 304115 28632 69%
c
c  seconds   reductions  conflicts        size    tier2         variables
c          MB     restarts     redundant     glue     trail          remaining
c           level      rate         size/glue  tier1    irredundant
c
c p 124.92  0 30 50 242  1 793052 9051 1.4 41 29 24 31 94% 304115 28632 69%
c u 124.99  0 30 50 242  1 793052 9031 1.4 41 29 24 31 94% 304115 28632 69%
c v 125.01  0 30 50 242  1 793052 9021 1.4 41 29 24 31 94% 304115 28632 69%
c w 125.03  0 30 50 242  1 793052 9007 1.4 41 29 24 31 94% 304115 28632 69%
c s 128.90  0 30 50 251  1 817947 20946 1.4 41 29 24 31 94% 304101 28632 69%
c s 128.95  0 30 50 251  1 817947 20925 1.4 41 29 24 31 94% 304100 28632 69%
c e 128.96  0 30 50 251  1 817947 20925 1.4 41 29 24 31 94% 304097 28631 69%
c F 129.26  0 30 50 251  1 820075 22040 1.4 41 29 24 31 94% 304097 28631 69%
c - 130.01  0 30 51 251  1 826070 6853 1.4 42 29 24 31 94% 304097 28631 69%
c p 130.03  0 30 51 251  1 826070 9317 1.4 42 29 24 31 94% 304097 28631 69%
c u 130.10  0 30 51 251  1 826070 9260 1.4 42 29 24 31 94% 304097 28631 69%
c v 130.13  0 30 51 251  1 826070 9183 1.4 42 29 24 31 94% 304097 28631 69%
c w 130.14  0 30 51 251  1 826070 9160 1.4 42 29 24 31 94% 304097 28631 69%
c - 134.43  0 31 52 252  1 859767 7308 1.4 43 30 24 31 95% 304097 28631 69%
c p 134.45  0 31 52 252  1 859767 9562 1.4 43 30 24 31 95% 304097 28631 69%
c u 134.52  0 31 52 252  1 859767 9514 1.4 43 30 24 31 95% 304097 28631 69%
c v 134.54  0 31 52 252  1 859767 9473 1.4 43 30 24 31 95% 304097 28631 69%
c w 134.56  0 31 52 252  1 859767 9456 1.4 43 30 24 31 95% 304097 28631 69%
c B 134.76  0 31 52 252  1 861076 10310 1.4 43 30 24 31 95% 304097 28631 69%
c - 139.26  0 31 53 253  1 894145 7321 1.4 42 30 24 31 95% 304097 28631 69%
c
c  seconds   reductions  conflicts        size    tier2         variables
c          MB     restarts     redundant     glue     trail          remaining
c           level      rate         size/glue  tier1    irredundant
c
c p 139.28  0 31 53 253  1 894145 9806 1.4 42 30 24 31 95% 304097 28631 69%
c u 139.34  0 31 53 253  1 894145 9784 1.4 42 30 24 31 95% 304097 28631 69%
c v 139.35  0 31 53 253  1 894145 9763 1.4 42 30 24 31 95% 304097 28631 69%
c w 139.36  0 31 53 253  1 894145 9726 1.4 42 30 24 31 95% 304097 28631 69%
c x 139.39  0 31 53 253  1 894145 9726 1.4 42 30 24 31 95% 304097 28631 69%
c W 141.92  0 31 53 253  1 903077 14632 1.4 43 30 24 31 95% 304097 28631 69%
c s 145.15  0 31 53 253  1 927032 26880 1.4 43 30 24 31 95% 304085 28631 69%
c e 145.19  0 31 53 253  1 927032 26874 1.4 43 30 24 31 95% 304082 28630 69%
c s 145.21  0 31 53 253  1 927032 26847 1.4 43 30 24 31 95% 304075 28630 69%
c e 145.22  0 31 53 253  1 927032 26847 1.4 43 30 24 31 95% 304066 28627 69%
c - 145.56  0 31 54 253  1 929201 7458 1.4 43 30 24 31 95% 304066 28627 69%
c p 145.58  0 31 54 253  1 929201 9805 1.4 43 30 24 31 95% 304066 28627 69%
c u 145.72  0 31 54 253  1 929201 9731 1.4 43 30 24 31 95% 304066 28627 69%
c v 145.75  0 31 54 253  1 929201 9700 1.4 43 30 24 31 95% 304066 28627 69%
c w 145.76  0 31 54 253  1 929201 9686 1.4 43 30 24 31 95% 304066 28627 69%
c # 147.92  0 31 54 254  1 946078 19300 1.4 43 30 24 31 95% 304066 28627 69%
c - 150.42  0 32 55 254  1 964938 7856 1.4 43 30 24 31 94% 304066 28627 69%
c p 150.44  0 32 55 254  1 964938 10020 1.4 43 30 24 31 94% 304066 28627 69%
c u 150.52  0 32 55 254  1 964938 9988 1.4 43 30 24 31 94% 304066 28627 69%
c v 150.55  0 32 55 254  1 964938 9972 1.4 43 30 24 31 94% 304066 28627 69%
c
c  seconds   reductions  conflicts        size    tier2         variables
c          MB     restarts     redundant     glue     trail          remaining
c           level      rate         size/glue  tier1    irredundant
c
c w 150.56  0 32 55 254  1 964938 9952 1.4 43 30 24 31 94% 304066 28627 69%
c B 154.01  0 32 55 254  1 990081 23852 1.5 44 30 24 31 95% 304066 28627 69%
c - 155.66  0 32 56 254  1 1001356 8220 1.5 44 31 24 31 95% 304066 28627 69%
c p 155.68  0 32 56 254  1 1001356 10773 1.5 44 31 24 31 95% 304066 28627 69%
c u 155.76  0 32 56 254  1 1001356 10719 1.5 44 31 24 31 95% 304066 28627 69%
c v 155.79  0 32 56 254  1 1001356 10693 1.5 44 31 24 31 95% 304066 28627 69%
c w 155.80  0 32 56 254  1 1001356 10672 1.5 44 31 24 31 95% 304066 28627 69%
c W 161.62  0 32 56 254  1 1035085 28945 1.5 44 31 24 31 94% 304066 28627 69%
c - 162.21  0 32 57 254  1 1038453 8233 1.4 44 31 24 31 94% 304066 28627 69%
c p 162.23  0 32 57 254  1 1038453 10827 1.4 44 31 24 31 94% 304066 28627 69%
c u 162.41  0 32 57 254  1 1038453 10788 1.4 44 31 24 31 94% 304066 28627 69%
c v 162.44  0 32 57 254  1 1038453 10765 1.4 44 31 24 31 94% 304066 28627 69%
c w 162.45  0 32 57 254  1 1038453 10741 1.4 44 31 24 31 94% 304066 28627 69%
c s 163.08  0 32 57 254  1 1042936 12919 1.4 44 30 24 31 94% 304058 28627 69%
c e 163.11  0 32 57 254  1 1042936 12919 1.4 44 30 24 31 94% 304055 28626 69%
c s 163.13  0 32 57 254  1 1042936 12903 1.4 44 30 24 31 94% 304049 28626 69%
c e 163.15  0 32 57 254  1 1042936 12902 1.4 44 30 24 31 94% 304037 28622 69%
c - 167.84  0 32 58 262  1 1076235 8135 1.4 44 30 24 31 94% 304037 28622 69%
c p 167.86  0 32 58 262  1 1076235 10659 1.4 44 30 24 31 94% 304037 28622 69%
c u 167.94  0 32 58 262  1 1076235 10574 1.4 44 30 24 31 94% 304037 28622 69%
c
c  seconds   reductions   conflicts         size    tier2         variables
c          MB     restarts       redundant     glue     trail          remaining
c           level      rate           size/glue  tier1    irredundant
c
c v 167.97  0 32 58 262  1 1076235 10539 1.4 44 30 24 31 94% 304037 28622 69%
c w 167.99  0 32 58 262  1 1076235 10531 1.4 44 30 24 31 94% 304037 28622 69%
c O 168.70  0 32 58 266  1 1081086 13446 1.4 44 30 24 31 94% 304037 28622 69%
c - 173.46  0 32 59 281  1 1114699 8900 1.4 43 30 24 31 94% 304037 28622 69%
c p 173.48  0 32 59 281  1 1114699 11714 1.4 43 30 24 31 94% 304037 28622 69%
c u 173.58  0 32 59 281  1 1114699 11650 1.4 43 30 24 31 94% 304037 28622 69%
c v 173.61  0 32 59 281  1 1114699 11612 1.4 43 30 24 31 94% 304037 28622 69%
c w 173.62  0 32 59 281  1 1114699 11604 1.4 43 30 24 31 94% 304037 28622 69%
c B 175.59  0 32 59 284  1 1128087 19619 1.4 43 30 24 31 94% 304037 28622 69%
c - 178.92  0 32 60 291  1 1153840 9417 1.5 45 30 24 31 94% 304037 28622 69%
c p 178.94  0 32 60 291  1 1153840 11990 1.5 45 30 24 31 94% 304037 28622 69%
c v 179.06  0 32 60 291  1 1153840 11939 1.5 45 30 24 31 94% 304037 28622 69%
c w 179.07  0 32 60 291  1 1153840 11922 1.5 45 30 24 31 94% 304037 28622 69%
c s 180.78  0 32 60 298  1 1165664 19157 1.5 45 30 24 31 94% 304028 28622 69%
c e 180.81  0 32 60 298  1 1165664 19157 1.5 45 30 24 31 94% 304020 28619 69%
c s 180.83  0 32 60 298  1 1165664 19126 1.5 45 30 24 31 94% 304013 28619 69%
c e 180.84  0 32 60 298  1 1165664 19126 1.5 45 30 24 31 94% 304010 28618 69%
c W 183.75  0 32 60 300  1 1176089 25537 1.5 45 30 24 31 94% 304010 28618 69%
c - 186.46  0 32 61 309  1 1193665 9670 1.5 45 30 24 31 94% 304010 28618 69%
c 2 186.46  0 32 61 309  1 1193665 9670 1.5 45 30 24 31 94% 304010 28617 69%
c
c  seconds   reductions   conflicts         size    tier2         variables
c          MB     restarts       redundant     glue     trail          remaining
c           level      rate           size/glue  tier1    irredundant
c
c p 186.48  0 32 61 309  1 1193665 12695 1.5 45 30 24 31 94% 304010 28617 69%
c u 186.57  0 32 61 309  1 1193665 12627 1.5 45 30 24 31 94% 304010 28617 69%
c v 186.60  0 32 61 309  1 1193665 12539 1.5 45 30 24 31 94% 304010 28617 69%
c w 186.62  0 32 61 309  1 1193665 12530 1.5 45 30 24 31 94% 304010 28617 69%
c I 191.20  0 32 61 316  1 1225090 29346 1.5 44 30 24 31 94% 304010 28617 69%
c - 192.69  0 31 62 317  1 1234170 9228 1.4 43 30 24 31 94% 304000 28617 69%
c p 192.71  0 31 62 317  1 1234170 12273 1.4 43 30 24 31 94% 304000 28617 69%
c u 192.84  0 31 62 317  1 1234170 12215 1.4 43 30 24 31 94% 304000 28617 69%
c v 192.86  0 31 62 317  1 1234170 12178 1.4 43 30 24 31 94% 304000 28617 69%
c w 192.87  0 31 62 317  1 1234170 12161 1.4 43 30 24 31 94% 304000 28617 69%
c B 199.17  0 30 62 325  1 1275091 34931 1.5 42 29 24 31 94% 304000 28617 69%
c - 199.23  0 30 63 325  1 1275353 9540 1.5 42 29 24 31 94% 304000 28617 69%
c p 199.25  0 30 63 325  1 1275353 12680 1.5 42 29 24 31 94% 304000 28617 69%
c u 199.34  0 30 63 325  1 1275353 12647 1.5 42 29 24 31 94% 304000 28617 69%
c v 199.37  0 30 63 325  1 1275353 12599 1.5 42 29 24 31 94% 304000 28617 69%
c w 199.39  0 30 63 325  1 1275353 12584 1.5 42 29 24 31 94% 304000 28617 69%
c s 202.18  0 30 63 332  1 1295211 22912 1.5 42 29 24 31 94% 303996 28617 69%
c e 202.20  0 30 63 332  1 1295211 22912 1.5 42 29 24 31 94% 303993 28616 69%
c s 202.22  0 30 63 332  1 1295211 22891 1.5 42 29 24 31 94% 303984 28616 69%
c e 202.23  0 30 63 332  1 1295211 22891 1.5 42 29 24 31 94% 303981 28615 69%
c
c  seconds   reductions   conflicts        size    tier2         variables
c          MB     restarts      redundant     glue     trail          remaining
c           level      rate          size/glue  tier1    irredundant
c
c - 205.44  0 31 64 346  1 1317217 9231 1.5 42 29 24 31 94% 303981 28615 69%
c p 205.46  0 31 64 346  1 1317217 12093 1.5 42 29 24 31 94% 303981 28615 69%
c u 205.56  0 31 64 346  1 1317217 12027 1.5 42 29 24 31 94% 303981 28615 69%
c v 205.58  0 31 64 346  1 1317217 11984 1.5 42 29 24 31 94% 303981 28615 69%
c w 205.60  0 31 64 346  1 1317217 11964 1.5 42 29 24 31 94% 303981 28615 69%
c W 208.31  0 31 64 347  1 1326094 17284 1.5 43 29 24 31 94% 303981 28615 69%
c - 213.24  0 31 65 357  1 1359762 9698 1.5 44 30 24 31 94% 303981 28615 69%
c p 213.26  0 31 65 357  1 1359762 12250 1.5 44 30 24 31 94% 303981 28615 69%
c u 213.35  0 31 65 357  1 1359762 12201 1.5 44 30 24 31 94% 303981 28615 69%
c v 213.38  0 31 65 357  1 1359762 12158 1.5 44 30 24 31 94% 303981 28615 69%
c w 213.40  0 31 65 357  1 1359762 12148 1.5 44 30 24 31 94% 303981 28615 69%
c F 215.85  0 32 65 363  1 1378096 22615 1.5 44 30 24 31 94% 303981 28615 69%
c - 219.51  0 32 66 377  1 1402989 9908 1.5 45 30 24 31 94% 303981 28615 69%
c p 219.53  0 32 66 377  1 1402989 12767 1.5 45 30 24 31 94% 303981 28615 69%
c u 219.62  0 32 66 377  1 1402989 12722 1.5 45 30 24 31 94% 303981 28615 69%
c v 219.65  0 32 66 377  1 1402989 12676 1.5 45 30 24 31 94% 303981 28615 69%
c w 219.67  0 32 66 377  1 1402989 12657 1.5 45 30 24 31 94% 303981 28615 69%
c B 223.60  0 32 66 380  1 1431099 28276 1.5 45 31 24 31 95% 303981 28615 69%
c s 223.70  0 32 66 380  1 1431577 28546 1.5 45 31 24 31 95% 303980 28615 69%
c e 223.74  0 32 66 380  1 1431577 28542 1.5 45 31 24 31 95% 303977 28614 69%
c
c  seconds   reductions   conflicts         size    tier2         variables
c          MB     restarts       redundant     glue     trail          remaining
c           level      rate           size/glue  tier1    irredundant
c
c s 223.76  0 32 66 380  1 1431577 28524 1.5 45 31 24 31 95% 303976 28614 69%
c e 223.78  0 32 66 380  1 1431577 28523 1.5 45 31 24 31 95% 303973 28613 69%
c - 226.05  0 32 67 380  1 1446898 10064 1.5 45 31 24 31 95% 303973 28613 69%
c p 226.07  0 32 67 380  1 1446898 12906 1.5 45 31 24 31 95% 303973 28613 69%
c u 226.15  0 32 67 380  1 1446898 12807 1.5 45 31 24 31 95% 303973 28613 69%
c v 226.17  0 32 67 380  1 1446898 12755 1.5 45 31 24 31 95% 303973 28613 69%
c w 226.19  0 32 67 380  1 1446898 12733 1.5 45 31 24 31 95% 303973 28613 69%
c W 233.17  0 32 67 381  1 1485100 33800 1.5 45 31 24 31 95% 303973 28613 69%
c - 234.16  0 32 68 381  1 1491488 10066 1.5 45 31 24 31 95% 303973 28613 69%
c p 234.18  0 32 68 381  1 1491488 12979 1.5 45 31 24 31 95% 303973 28613 69%
c u 234.83  0 32 68 381  1 1491488 12922 1.5 45 31 24 31 95% 303973 28613 69%
c v 234.86  0 32 68 381  1 1491488 12888 1.5 45 31 24 31 95% 303973 28613 69%
c w 234.88  0 32 68 381  1 1491488 12872 1.5 45 31 24 31 95% 303973 28613 69%
c i 239.81  0 32 68 381  1 1527291 30886 1.4 44 30 24 31 94% 303973 28612 69%
c - 241.04  0 32 69 388  1 1536760 9764 1.4 44 30 24 31 94% 303964 28612 69%
c p 241.06  0 32 69 388  1 1536760 12770 1.4 44 30 24 31 94% 303964 28612 69%
c u 241.16  0 32 69 388  1 1536760 12731 1.4 44 30 24 31 94% 303964 28612 69%
c v 241.20  0 32 69 388  1 1536760 12697 1.4 44 30 24 31 94% 303964 28612 69%
c w 241.21  0 32 69 388  1 1536760 12679 1.4 44 30 24 31 94% 303964 28612 69%
c # 241.72  0 32 69 388  1 1540101 14682 1.4 44 31 24 31 94% 303964 28612 69%
c
c  seconds   reductions   conflicts         size    tier2         variables
c          MB     restarts       redundant     glue     trail          remaining
c           level      rate           size/glue  tier1    irredundant
c
c i 242.02  0 32 69 390  1 1542212 16039 1.4 44 31 24 31 94% 303964 28611 69%
c s 246.78  0 32 69 405  1 1574766 33956 1.5 45 31 24 31 94% 303960 28611 69%
c s 246.84  0 32 69 405  1 1574766 33934 1.5 45 31 24 31 94% 303949 28611 69%
c e 246.85  0 32 69 405  1 1574766 33934 1.5 45 31 24 31 94% 303946 28610 69%
c - 248.02  0 32 70 410  1 1582716 10509 1.5 45 31 24 31 94% 303946 28610 69%
c p 248.05  0 32 70 410  1 1582716 13713 1.5 45 31 24 31 94% 303946 28610 69%
c u 248.15  0 32 70 410  1 1582716 13654 1.5 45 31 24 31 94% 303946 28610 69%
c v 248.18  0 32 70 410  1 1582716 13619 1.5 45 31 24 31 94% 303946 28610 69%
c w 248.20  0 32 70 410  1 1582716 13597 1.5 45 31 24 31 94% 303946 28610 69%
c B 249.98  0 32 70 412  1 1596103 21860 1.5 46 31 24 31 94% 303946 28610 69%
c - 254.76  0 32 71 424  1 1629351 10812 1.5 45 31 24 31 94% 303946 28610 69%
c p 254.79  0 32 71 424  1 1629351 14112 1.5 45 31 24 31 94% 303946 28610 69%
c u 254.95  0 32 71 424  1 1629351 14024 1.5 45 31 24 31 94% 303946 28609 69%
c v 254.98  0 32 71 424  1 1629351 13999 1.5 45 31 24 31 94% 303946 28609 69%
c w 255.00  0 32 71 424  1 1629351 13982 1.5 45 31 24 31 94% 303946 28609 69%
c W 259.66  0 32 71 434  1 1653106 27136 1.5 45 31 25 31 94% 303936 28609 69%
c - 262.76  0 32 72 442  1 1676672 10497 1.4 44 31 25 31 94% 303936 28609 69%
c p 262.78  0 32 72 442  1 1676672 13712 1.4 44 31 25 31 94% 303936 28609 69%
c v 262.89  0 32 72 442  1 1676672 13693 1.4 44 31 25 31 94% 303936 28609 69%
c w 262.90  0 32 72 442  1 1676672 13682 1.4 44 31 25 31 94% 303936 28609 69%
c
c  seconds   reductions   conflicts         size    tier2         variables
c          MB     restarts       redundant     glue     trail          remaining
c           level      rate           size/glue  tier1    irredundant
c
c O 267.25  0 32 72 444  1 1711107 33057 1.4 44 31 25 31 94% 303936 28609 69%
c - 269.37  0 32 73 444  1 1724672 10949 1.4 43 30 25 31 94% 303936 28609 69%
c p 269.39  0 32 73 444  1 1724672 14306 1.4 43 30 25 31 94% 303936 28609 69%
c u 269.50  0 32 73 444  1 1724672 14243 1.4 43 30 25 31 94% 303936 28609 69%
c v 269.54  0 32 73 444  1 1724672 14179 1.4 43 30 25 31 94% 303936 28609 69%
c w 269.56  0 32 73 444  1 1724672 14152 1.4 43 30 25 31 94% 303936 28609 69%
c s 269.64  0 32 73 444  1 1724775 14190 1.4 43 30 25 31 94% 303928 28609 69%
c e 269.66  0 32 73 444  1 1724775 14189 1.4 43 30 25 31 94% 303925 28608 69%
c s 269.68  0 32 73 444  1 1724775 14155 1.4 43 30 25 31 94% 303923 28608 69%
c B 276.53  0 31 73 466  1 1770108 39307 1.4 42 30 25 31 94% 303923 28608 69%
c - 277.03  0 31 74 467  1 1773356 11286 1.4 42 30 25 31 94% 303923 28608 69%
c 2 277.04  0 31 74 467  1 1773356 11285 1.4 42 30 25 31 94% 303923 28608 69%
c p 277.06  0 31 74 467  1 1773356 15229 1.4 42 30 25 31 94% 303923 28606 69%
c u 277.19  0 31 74 467  1 1773356 15079 1.4 42 30 25 31 94% 303923 28606 69%
c v 277.23  0 31 74 467  1 1773356 14966 1.4 42 30 25 31 94% 303923 28606 69%
c w 277.25  0 31 74 467  1 1773356 14953 1.4 42 30 25 31 94% 303923 28606 69%
c - 284.42  0 32 75 483  1 1822718 11735 1.5 46 30 25 31 94% 303903 28606 69%
c p 284.45  0 32 75 483  1 1822718 15361 1.5 46 30 25 31 94% 303903 28606 69%
c u 284.56  0 32 75 483  1 1822718 15314 1.5 46 30 25 31 94% 303903 28606 69%
c v 284.59  0 32 75 483  1 1822718 15213 1.5 46 30 25 31 94% 303903 28606 69%
c
c  seconds   reductions   conflicts         size    tier2         variables
c          MB     restarts       redundant     glue     trail          remaining
c           level      rate           size/glue  tier1    irredundant
c
c w 284.61  0 32 75 483  1 1822718 15177 1.5 46 30 25 31 94% 303903 28606 69%
c W 287.19  0 32 75 488  1 1830110 19612 1.5 46 30 25 31 94% 303903 28606 69%
c - 292.85  0 32 76 505  1 1872763 11434 1.5 46 31 25 31 94% 303903 28606 69%
c p 292.88  0 32 76 505  1 1872763 14638 1.5 46 31 25 31 94% 303903 28606 69%
c u 292.98  0 32 76 505  1 1872763 14580 1.5 46 31 25 31 94% 303903 28606 69%
c v 293.01  0 32 76 505  1 1872763 14514 1.5 46 31 25 31 94% 303903 28606 69%
c w 293.03  0 32 76 505  1 1872763 14462 1.5 46 31 25 31 94% 303903 28606 69%
c s 294.33  0 32 76 506  1 1881600 19766 1.5 46 31 25 31 94% 303902 28606 69%
c s 294.38  0 32 76 506  1 1881600 19746 1.5 46 31 25 31 94% 303902 28606 69%
c I 295.78  0 32 76 506  1 1891112 25264 1.5 46 31 25 31 94% 303902 28606 69%
c ] 299.70  0 31 76 507  1 1916153 38792 1.5 45 30 25 31 94% 303902 28606 69%
c ? 299.70  0 31 76 507  1 1916153 38792 1.5 45 30 25 31 94% 303902 28606 69%
c
c --- [ result ] -------------------------------------------------------------
c
c writing result to 'search-results/cadical-support70-cover-20260902/anchor-008-p1-s0.result'
c
c --- [ run-time profiling ] -------------------------------------------------
c
c process time taken by individual solving procedures
c (percentage relative to process time for solving)
c
c       286.21   95.51% search
c       269.16   89.82% stable
c        17.03    5.68% walk
c        13.45    4.49% simplify
c         4.62    1.54% vivify
c         2.10    0.70% sweep
c         1.34    0.45% backbone
c         1.18    0.39% congruence
c         0.97    0.32% subsume
c         0.88    0.29% elim
c         0.49    0.16% probe
c         0.32    0.11% ternary
c         0.05    0.02% parse
c         0.02    0.01% lucky
c   =================================
c       299.66   99.98% solve
c
c last line shows process time for solving
c (percentage relative to total process time)
c
c --- [ statistics ] ---------------------------------------------------------
c
c chronological:            178238         9.30 %  of conflicts
c conflicts:               1916153      6394.49    per second
c backbone:              123411025    298404.20 %  of vars
c decisions:               2022793      6750.37    per second
c eliminated:                 2889         6.99 %  of all variables
c fixed:                      9096        21.99 %  of all variables
c learned:                 1890852        98.68 %  per conflict
c learned_lits:          958821808       100.00 %  learned literals
c minimized:                     0         0.00 %  learned literals
c shrunken:              870140657        90.75 %  learned literals
c minishrunken:            6455902         0.67 %  learned literals
c otfs:                        880         0.05 %  of conflict
c propagations:         1595461958         5.32 M  per second
c reduced:                 1009034        52.66 %  per conflict
c rephased:                     61     31412.34    interval
c restarts:                    507      3779.39    interval
c substituted:                 766         1.85 %  of all variables
c subsumed:                 844243        35.67 %  of all clauses
c strengthened:              52076         2.20 %  of all clauses
c ticks:               18901026915        15.53    propagation
c vivified:                   1900         0.08 %  of all clauses
c walked:                       20     95807.65    interval
c weakened:                  13846         2.95    average size
c congruence:                   21     91245.38    interval
c
c seconds are measured in process time for solving
c
c --- [ glue usage ] ---------------------------------------------------------
c
c focused glue 2 used 0 clauses 0.000% accumulated 0.000% tier1
c focused glue 3 used 0 clauses 0.000% accumulated 0.000%
c focused glue 4 used 0 clauses 0.000% accumulated 0.000%
c focused glue 5 used 0 clauses 0.000% accumulated 0.000%
c focused glue 6 used 0 clauses 0.000% accumulated 0.000% tier2
c
c stable glue 25 used 357692 clauses 5.739% accumulated 54.81% tier1
c stable glue 26 used 348098 clauses 5.585% accumulated 60.40%
c stable glue 27-29 used 1016925 clauses 16.31% accumulated 76.72%
c stable glue 30 used 334817 clauses 5.372% accumulated 82.09%
c stable glue 31 used 315438 clauses 5.061% accumulated 87.15% tier2
c
c
c --- [ resources ] ----------------------------------------------------------
c
c total process time since initialization:       299.71    seconds
c total real time since initialization:          300.01    seconds
c maximum resident set size of process:          217.42    MB
c
c --- [ shutting down ] ------------------------------------------------------
c
c exit 0
