c --- [ banner ] -------------------------------------------------------------
c
c CaDiCaL SAT Solver
c Copyright (c) 2016-2026
c A. Biere, M. Fleury, N. Froleyks, K. Fazekas, F. Pollitt, T. Faller
c JKU Linz, University of Freiburg, TU Wien
c
c Version 3.0.1 c60730422e758ef1cebe7aeddf2dda31c996bf04
c Apple clang version 21.0.0 (clang-2100.1.1.101) -Wall -Wextra -O3 -DNDEBUG -DNCLOSEFROM
c Tue Sep 1 21:08:57 PDT 2026 Darwin retained-runner 25.6.0 arm64
c
c --- [ limit ] --------------------------------------------------------------
c
c setting time limit to 300 seconds real time (due to '-t 300')
c
c --- [ parsing input ] ------------------------------------------------------
c
c reading DIMACS file from 'search-results/cadical-support70-cover-20260902/cnf/anchor-000-p1-s1.cnf'
c opening file to read 'search-results/cadical-support70-cover-20260902/cnf/anchor-000-p1-s1.cnf'
c found 'p cnf 41357 414868' header
c parsed 414868 clauses in 0.05 seconds process time
c
c --- [ options ] ------------------------------------------------------------
c
c   --elimeffort=10                (different from default '1e3')
c   --stabilizeonly=true           (different from default 'false')
c   --subsumeeffort=60             (different from default '1e3')
c
c --- [ solving ] ------------------------------------------------------------
c
c time measured in process time since initialization
c
c  seconds  reduction conflicts       size tier2        variables
c         MB    restarts   redundant    glue  trail          remaining
c          level     rate       size/glu tier1  irredundant
c
c *  0.05  0  0 0   0  0    0    0 0.0 0 0 2 6  0% 329706 32370 78%
c )  0.06  0  0 0   0  0    0    0 0.0 0 0 2 6  0% 329706 32370 78%
c [  0.07  0  0 0   0  0    0    0 0.0 0 0 2 6  0% 329706 32370 78%
c -  0.11  0 34 1   0  1  300   71 1.4 40 28 2 6 97% 314596 32370 78%
c -  0.21  0 34 2   0  1  949  186 1.5 42 29 2 6 97% 314590 32370 78%
c I  0.22  0 34 2   0  1 1002  202 1.5 42 29 2 6 97% 314590 32370 78%
c -  0.44  0 31 3   2  1 2102  386 1.8 48 27 2 6 94% 314566 32370 78%
c B  0.67  0 30 3   2  1 3003 1045 1.9 51 26 2 6 92% 314553 32370 78%
c d  0.68  0 30 3   2  1 3045 1082 1.9 51 27 2 6 93% 313243 31716 77%
c -  1.02  0 31 4   2  1 3820  539 1.9 52 28 2 6 92% 313231 31716 77%
c W  1.53  0 31 4   4  1 6004 1981 1.8 52 28 27 32 91% 313204 31716 77%
c -  1.57  0 31 5   4  1 6131  631 1.8 52 29 27 32 91% 313202 31716 77%
c s  1.70  0 31 5   5  1 6698  898 1.8 51 29 27 32 91% 313152 31716 77%
c e  1.88  0 31 5   5  1 6698  639 1.8 51 29 27 32 91% 307578 28990 70%
c s  1.89  0 31 5   5  1 6698  639 1.8 51 29 27 32 91% 307575 28990 70%
c e  1.92  0 31 5   5  1 6698  639 1.8 51 29 27 32 91% 307473 28971 70%
c c  2.29  0 32 5   5  1 8150 1280 1.7 49 29 27 32 89% 307474 28971 70%
c d  2.30  0 32 5   5  1 8150 1280 1.7 49 29 27 32 89% 307472 28970 70%
c 2  2.30  0 32 5   5  1 8150 1280 1.7 49 29 27 32 89% 307464 28970 70%
c -  2.57  0 32 6   6  1 9058  485 1.6 48 29 27 32 95% 307464 28970 70%
c
c  seconds  reductions conflicts       size    tier2         variables
c         MB    restarts    redundant     glue     trail          remaining
c          level     rate        size/glue  tier1    irredundant
c
c F  2.74  0 32 6   6  1 10005  999 1.6 47 30 27 32 95% 307464 28970 70%
c -  3.39  0 32 7   7  1 12597  670 1.6 46 29 27 32 94% 307464 28970 70%
c B  3.93  0 31 7   9  1 15006 1847 1.5 44 29 28 31 94% 307464 28970 70%
c -  4.32  0 32 8  10  1 16770  815 1.5 45 30 28 31 94% 307464 28970 70%
c u  4.45  0 32 8  10  1 16770  802 1.5 45 30 28 31 94% 307464 28970 70%
c v  4.47  0 32 8  10  1 16770  786 1.5 45 30 28 31 94% 307464 28970 70%
c w  4.49  0 32 8  10  1 16770  777 1.5 45 30 28 31 94% 307464 28970 70%
c x  4.50  0 32 8  10  1 16770  777 1.5 45 30 28 31 94% 307332 28970 70%
c s  5.23  0 32 8  12  1 20330 2641 1.5 45 30 28 31 95% 307332 28970 70%
c t  5.25  0 32 8  12  1 20330 2641 1.5 45 30 28 31 95% 307330 28970 70%
c e  5.28  0 32 8  12  1 20330 2640 1.5 45 30 28 31 95% 307274 28956 70%
c s  5.31  0 32 8  12  1 20330 2626 1.5 45 30 28 31 95% 307274 28956 70%
c e  5.33  0 32 8  12  1 20330 2624 1.5 45 30 28 31 95% 307267 28953 70%
c W  5.66  0 32 8  13  1 21008 2961 1.5 45 30 28 31 95% 307267 28953 70%
c -  5.78  0 32 9  13  1 21585  879 1.5 45 30 28 32 95% 307267 28953 70%
c -  6.85  0 33 10  14  1 27047 1098 1.5 46 31 28 32 95% 307267 28953 70%
c #  7.00  0 33 10  14  1 28009 1843 1.5 46 31 28 32 95% 307267 28953 70%
c -  7.96  0 33 11  14  1 33162 1330 1.5 46 31 28 32 95% 307267 28953 70%
c c  8.05  0 33 11  14  1 33162 1330 1.5 46 31 28 32 95% 307268 28953 70%
c d  8.05  0 33 11  14  1 33162 1330 1.5 46 31 28 32 95% 307266 28952 70%
c
c  seconds  reductions  conflicts       size    tier2         variables
c         MB     restarts    redundant     glue     trail          remaining
c          level      rate        size/glue  tier1    irredundant
c
c 2  8.07  0 33 11  14  1 33162 1330 1.5 46 31 28 32 95% 307258 28952 70%
c u  8.08  0 33 11  14  1 33162 1310 1.5 46 31 28 32 95% 307257 28952 70%
c v  8.10  0 33 11  14  1 33162 1283 1.5 46 31 28 32 95% 307257 28952 70%
c w  8.10  0 33 11  14  1 33162 1280 1.5 46 31 28 32 95% 307257 28952 70%
c x  8.11  0 33 11  14  1 33162 1280 1.5 46 31 28 32 95% 307098 28952 70%
c B  8.68  0 33 11  17  1 36010 2935 1.5 46 31 28 32 95% 307098 28952 70%
c -  9.32  0 33 12  20  1 39936 1362 1.5 47 31 28 33 95% 307098 28952 70%
c s  9.58  0 33 12  20  1 40779 1766 1.5 46 31 28 33 95% 306714 28952 70%
c e  9.62  0 33 12  20  1 40779 1766 1.5 46 31 28 33 95% 306681 28924 70%
c s  9.65  0 33 12  20  1 40779 1764 1.5 46 31 28 33 95% 306554 28924 70%
c e  9.68  0 33 12  20  1 40779 1764 1.5 46 31 28 33 95% 306524 28903 70%
c W 10.72  0 33 12  21  1 45014 4190 1.5 46 31 28 33 95% 306524 28903 70%
c - 11.12  0 33 13  23  1 47364 1503 1.5 46 31 28 33 95% 306524 28903 70%
c O 12.61  0 33 13  28  1 55016 5745 1.5 46 31 28 33 95% 306524 28903 70%
c - 12.71  0 33 14  28  1 55451 1625 1.5 46 31 28 33 95% 306524 28903 70%
c p 12.72  0 33 14  28  1 55451 1776 1.5 46 31 28 33 95% 306524 28903 70%
c u 12.74  0 33 14  28  1 55451 1746 1.5 46 31 28 33 95% 306524 28903 70%
c v 12.76  0 33 14  28  1 55451 1726 1.5 46 31 28 33 95% 306524 28897 70%
c w 12.77  0 33 14  28  1 55451 1724 1.5 46 31 28 33 95% 306524 28897 70%
c - 14.55  0 32 15  29  1 64202 1659 1.4 44 31 28 33 95% 306504 28897 70%
c
c  seconds  reductions  conflicts       size    tier2         variables
c         MB     restarts    redundant     glue     trail          remaining
c          level      rate        size/glue  tier1    irredundant
c
c p 14.57  0 32 15  29  1 64202 2079 1.4 44 31 28 33 95% 306504 28897 70%
c B 14.95  0 32 15  29  1 66018 3019 1.4 44 31 28 33 95% 306504 28897 70%
c s 15.37  0 32 15  30  1 68034 4048 1.4 44 31 28 33 95% 306436 28897 70%
c e 15.42  0 32 15  30  1 68034 4043 1.4 44 31 28 33 95% 306406 28882 70%
c s 15.46  0 32 15  30  1 68034 4040 1.4 44 31 28 33 95% 306374 28882 70%
c e 15.48  0 32 15  30  1 68034 4040 1.4 44 31 28 33 95% 306359 28877 70%
c - 16.58  0 33 16  30  1 73618 1871 1.4 44 31 28 33 95% 306359 28877 70%
c p 16.59  0 33 16  30  1 73618 2147 1.4 44 31 28 33 95% 306359 28876 70%
c u 16.67  0 33 16  30  1 73618 2135 1.4 44 31 28 33 95% 306359 28876 70%
c v 16.71  0 33 16  30  1 73618 2095 1.4 44 31 28 33 95% 306359 28876 70%
c w 16.72  0 33 16  30  1 73618 2089 1.4 44 31 28 33 95% 306359 28876 70%
c W 17.89  0 33 16  30  1 78020 4591 1.4 44 31 28 33 95% 306349 28876 70%
c - 18.90  0 33 17  31  1 83701 1990 1.4 44 31 28 33 95% 306349 28876 70%
c p 18.90  0 33 17  31  1 83701 2459 1.4 44 31 28 33 95% 306349 28876 70%
c I 20.23  0 33 17  36  1 91022 6273 1.4 44 31 28 33 95% 306349 28876 70%
c - 21.02  0 33 18  37  1 94449 2223 1.4 44 31 28 33 95% 306349 28876 70%
c p 21.03  0 33 18  37  1 94449 2877 1.4 44 31 28 33 95% 306349 28876 70%
c u 21.06  0 33 18  37  1 94449 2848 1.4 44 31 28 33 95% 306349 28876 70%
c v 21.08  0 33 18  37  1 94449 2833 1.4 44 31 28 33 95% 306349 28876 70%
c w 21.09  0 33 18  37  1 94449 2832 1.4 44 31 28 33 95% 306349 28876 70%
c
c  seconds  reductions  conflicts       size    tier2         variables
c         MB     restarts    redundant     glue     trail          remaining
c          level      rate        size/glue  tier1    irredundant
c
c x 21.10  0 33 18  37  1 94449 2831 1.4 44 31 28 33 95% 306349 28876 70%
c s 22.77  0 32 18  43  1 102107 6753 1.4 44 31 28 33 95% 306316 28876 70%
c e 22.81  0 32 18  43  1 102107 6752 1.4 44 31 28 33 95% 306311 28874 70%
c s 22.84  0 32 18  43  1 102107 6749 1.4 44 31 28 33 95% 306294 28874 70%
c e 22.86  0 32 18  43  1 102107 6747 1.4 44 31 28 33 95% 306280 28869 70%
c B 23.51  0 32 18  44  1 105023 8122 1.4 44 31 28 33 95% 306280 28869 70%
c - 23.69  0 32 19  44  1 105867 2200 1.4 44 31 28 33 95% 306280 28869 70%
c p 23.70  0 32 19  44  1 105867 3024 1.4 44 31 28 33 95% 306280 28869 70%
c - 26.36  0 32 20  47  1 117957 2438 1.4 43 30 28 33 95% 306280 28869 70%
c p 26.36  0 32 20  47  1 117957 3549 1.4 43 30 28 33 95% 306280 28869 70%
c u 26.45  0 32 20  47  1 117957 3528 1.4 43 30 28 33 95% 306280 28869 70%
c v 26.51  0 32 20  47  1 117957 3474 1.4 43 30 28 33 95% 306280 28869 70%
c w 26.52  0 32 20  47  1 117957 3463 1.4 43 30 28 33 95% 306280 28869 70%
c W 27.54  0 32 20  48  1 120026 4614 1.4 43 30 28 33 95% 306280 28869 70%
c - 29.78  0 32 21  54  1 130717 2541 1.4 43 30 28 33 95% 306280 28869 70%
c p 29.80  0 32 21  54  1 130717 3619 1.4 43 30 28 33 95% 306280 28869 70%
c F 30.97  0 32 21  58  1 136031 6550 1.4 43 30 28 33 95% 306280 28869 70%
c s 32.40  0 32 21  60  1 142996 10311 1.4 44 30 27 32 95% 306265 28869 70%
c e 32.44  0 32 21  60  1 142996 10310 1.4 44 30 27 32 95% 306260 28867 70%
c s 32.46  0 32 21  60  1 142996 10307 1.4 44 30 27 32 95% 306244 28867 70%
c
c  seconds  reductions  conflicts         size    tier2         variables
c         MB     restarts      redundant     glue     trail          remaining
c          level      rate          size/glue  tier1    irredundant
c
c e 32.48  0 32 21  60  1 142996 10304 1.4 44 30 27 32 95% 306239 28865 70%
c - 32.73  0 32 22  60  1 144148 2787 1.4 44 30 27 32 95% 306239 28865 70%
c p 32.74  0 32 22  60  1 144148 3855 1.4 44 30 27 32 95% 306239 28865 70%
c v 32.84  0 32 22  60  1 144148 3793 1.4 44 30 27 32 95% 306239 28865 70%
c w 32.85  0 32 22  60  1 144148 3788 1.4 44 30 27 32 95% 306239 28865 70%
c B 34.68  0 32 22  61  1 153034 8649 1.4 44 31 27 32 95% 306239 28865 70%
c - 35.87  0 32 23  61  1 158252 2906 1.4 44 30 27 32 95% 306239 28865 70%
c p 35.89  0 32 23  61  1 158252 4063 1.4 44 30 27 32 95% 306239 28865 70%
c u 36.15  0 32 23  61  1 158252 4056 1.4 44 30 27 32 95% 306239 28865 70%
c w 36.16  0 32 23  61  1 158252 4047 1.4 44 30 27 32 95% 306239 28865 70%
c x 36.17  0 32 23  61  1 158252 4047 1.4 44 30 27 32 95% 306239 28865 70%
c W 39.50  0 32 23  62  1 171035 11623 1.4 44 30 27 32 95% 306239 28865 70%
c - 39.93  0 32 24  62  1 173033 3132 1.4 44 30 27 32 95% 306239 28865 70%
c p 39.94  0 32 24  62  1 173033 4352 1.4 44 30 27 32 95% 306239 28865 70%
c u 39.98  0 32 24  62  1 173033 4333 1.4 44 30 27 32 95% 306239 28865 70%
c v 40.00  0 32 24  62  1 173033 4317 1.4 44 30 27 32 95% 306239 28865 70%
c w 40.01  0 32 24  62  1 173033 4315 1.4 44 30 27 32 95% 306239 28865 70%
c - 43.36  0 31 25  62  1 188488 3232 1.5 43 30 27 32 95% 306239 28865 70%
c p 43.39  0 31 25  62  1 188488 4637 1.5 43 30 27 32 95% 306239 28865 70%
c u 43.49  0 31 25  62  1 188488 4613 1.5 43 30 27 32 95% 306239 28865 70%
c
c  seconds  reductions  conflicts        size    tier2         variables
c         MB     restarts     redundant     glue     trail          remaining
c          level      rate         size/glue  tier1    irredundant
c
c v 43.52  0 31 25  62  1 188488 4591 1.5 43 30 27 32 95% 306239 28865 70%
c w 43.54  0 31 25  62  1 188488 4588 1.5 43 30 27 32 95% 306239 28865 70%
c # 43.88  0 31 25  62  1 190038 5512 1.5 44 30 27 32 95% 306239 28865 70%
c s 44.06  0 31 25  62  1 190699 5798 1.5 44 30 27 32 95% 306226 28865 70%
c e 44.10  0 31 25  62  1 190699 5771 1.5 44 30 27 32 95% 306220 28863 70%
c s 44.12  0 31 25  62  1 190699 5762 1.5 44 30 27 32 95% 306212 28863 70%
c e 44.14  0 31 25  62  1 190699 5758 1.5 44 30 27 32 95% 306203 28860 70%
c - 47.12  0 32 26  66  1 204618 3315 1.5 44 30 26 32 95% 306203 28860 70%
c p 47.14  0 32 26  66  1 204618 4565 1.5 44 30 26 32 95% 306203 28859 70%
c u 47.19  0 32 26  66  1 204618 4535 1.5 44 30 26 32 95% 306203 28859 70%
c v 47.21  0 32 26  66  1 204618 4517 1.5 44 30 26 32 95% 306203 28859 70%
c w 47.22  0 32 26  66  1 204618 4510 1.5 44 30 26 32 95% 306203 28859 70%
c B 48.27  0 32 26  69  1 210039 7531 1.5 44 30 26 32 95% 306203 28859 70%
c - 50.67  0 32 27  76  1 221421 3535 1.5 44 30 26 32 95% 306193 28859 70%
c p 50.69  0 32 27  76  1 221421 4989 1.5 44 30 26 32 95% 306193 28859 70%
c u 50.74  0 32 27  76  1 221421 4976 1.5 44 30 26 32 95% 306193 28859 70%
c v 50.75  0 32 27  76  1 221421 4965 1.5 44 30 26 32 95% 306193 28859 70%
c w 50.76  0 32 27  76  1 221421 4961 1.5 44 30 26 32 95% 306193 28859 70%
c W 53.52  0 32 27  77  1 231040 10198 1.5 44 30 26 32 95% 306193 28859 70%
c - 55.15  0 32 28  82  1 238901 3865 1.5 44 30 26 32 95% 306193 28859 70%
c
c  seconds  reductions  conflicts        size    tier2         variables
c         MB     restarts     redundant     glue     trail          remaining
c          level      rate         size/glue  tier1    irredundant
c
c p 55.16  0 32 28  82  1 238901 5499 1.5 44 30 26 32 95% 306193 28859 70%
c v 55.24  0 32 28  82  1 238901 5470 1.5 44 30 26 32 95% 306193 28859 70%
c w 55.25  0 32 28  82  1 238901 5466 1.5 44 30 26 32 95% 306193 28859 70%
c s 56.55  0 32 28  85  1 245217 9187 1.5 45 30 26 32 95% 306184 28859 70%
c e 56.59  0 32 28  85  1 245217 9187 1.5 45 30 26 32 95% 306177 28856 70%
c s 56.60  0 32 28  85  1 245217 9175 1.5 45 30 26 32 95% 306170 28856 70%
c e 56.63  0 32 28  85  1 245217 9175 1.5 45 30 26 32 95% 306167 28855 70%
c O 58.29  0 32 28  90  1 253044 13393 1.5 44 30 26 32 95% 306167 28855 70%
c - 59.12  0 32 29  91  1 257059 4035 1.5 44 30 26 32 95% 306167 28855 70%
c p 59.14  0 32 29  91  1 257059 5659 1.5 44 30 26 32 95% 306167 28854 70%
c u 59.20  0 32 29  91  1 257059 5640 1.5 44 30 26 32 95% 306167 28854 70%
c w 59.23  0 32 29  91  1 257059 5628 1.5 44 30 26 32 95% 306167 28854 70%
c - 63.01  0 32 30  93  1 275896 4352 1.5 44 30 26 32 95% 306157 28854 70%
c p 63.02  0 32 30  93  1 275896 5860 1.5 44 30 26 32 95% 306157 28854 70%
c u 63.37  0 32 30  93  1 275896 5845 1.5 44 30 26 32 95% 306157 28854 70%
c v 63.39  0 32 30  93  1 275896 5803 1.5 44 30 26 32 95% 306157 28854 70%
c w 63.40  0 32 30  93  1 275896 5799 1.5 44 30 26 32 95% 306157 28854 70%
c B 63.46  0 32 30  93  1 276045 5911 1.5 44 30 26 32 95% 306157 28854 70%
c - 67.68  0 32 31 101  1 295407 4610 1.5 45 31 26 32 95% 306157 28854 70%
c p 67.70  0 32 31 101  1 295407 6072 1.5 45 31 26 32 95% 306157 28853 70%
c
c  seconds  reductions  conflicts        size    tier2         variables
c         MB     restarts     redundant     glue     trail          remaining
c          level      rate         size/glue  tier1    irredundant
c
c v 67.84  0 32 31 101  1 295407 6025 1.5 45 31 26 32 95% 306157 28853 70%
c w 67.85  0 32 31 101  1 295407 6018 1.5 45 31 26 32 95% 306157 28853 70%
c W 69.49  0 33 31 104  1 300046 8575 1.5 45 31 26 32 95% 306147 28853 70%
c s 70.80  0 33 31 107  1 306551 12476 1.5 45 31 26 32 95% 306141 28853 70%
c s 70.86  0 33 31 107  1 306551 12466 1.5 45 31 26 32 95% 306139 28853 70%
c e 70.88  0 33 31 107  1 306551 12466 1.5 45 31 26 32 95% 306137 28852 70%
c - 72.82  0 32 32 108  1 315597 4494 1.5 45 31 26 32 95% 306137 28852 70%
c p 72.83  0 32 32 108  1 315597 5894 1.5 45 31 26 32 95% 306137 28852 70%
c u 72.88  0 32 32 108  1 315597 5877 1.5 45 31 26 32 95% 306137 28852 70%
c w 72.89  0 32 32 108  1 315597 5855 1.5 45 31 26 32 95% 306137 28852 70%
c I 74.91  0 32 32 115  1 325047 11604 1.5 44 30 26 32 95% 306137 28852 70%
c - 77.46  0 32 33 121  1 336465 4693 1.5 44 30 26 32 95% 306137 28852 70%
c p 77.48  0 32 33 121  1 336465 6288 1.5 44 30 26 32 95% 306137 28852 70%
c u 77.55  0 32 33 121  1 336465 6251 1.5 44 30 26 32 95% 306137 28852 70%
c v 77.57  0 32 33 121  1 336465 6228 1.5 44 30 26 32 95% 306137 28852 70%
c w 77.58  0 32 33 121  1 336465 6199 1.5 44 30 26 32 95% 306137 28852 70%
c B 80.70  0 32 33 124  1 351050 14228 1.5 43 30 26 32 95% 306137 28852 70%
c - 82.25  0 31 34 124  1 358014 4665 1.4 43 29 26 32 95% 306137 28852 70%
c p 82.26  0 31 34 124  1 358014 6365 1.4 43 29 26 32 95% 306137 28852 70%
c u 82.31  0 31 34 124  1 358014 6340 1.4 43 29 26 32 95% 306137 28852 70%
c
c  seconds  reductions  conflicts        size    tier2         variables
c         MB     restarts     redundant     glue     trail          remaining
c          level      rate         size/glue  tier1    irredundant
c
c v 82.33  0 31 34 124  1 358014 6316 1.4 43 29 26 32 95% 306137 28852 70%
c w 82.35  0 31 34 124  1 358014 6304 1.4 43 29 26 32 95% 306137 28852 70%
c s 85.94  0 31 34 125  1 374701 15458 1.5 42 29 26 32 95% 306130 28852 70%
c e 85.99  0 31 34 125  1 374701 15458 1.5 42 29 26 32 95% 306127 28851 70%
c s 86.01  0 31 34 125  1 374701 15441 1.5 42 29 26 32 95% 306125 28851 70%
c e 86.03  0 31 34 125  1 374701 15441 1.5 42 29 26 32 95% 306123 28850 70%
c W 87.80  0 31 34 125  1 378051 17300 1.5 42 29 26 32 95% 306123 28850 70%
c - 88.28  0 31 35 125  1 380241 4791 1.5 42 29 26 32 95% 306123 28850 70%
c 2 88.28  0 31 35 125  1 380241 4790 1.5 42 29 26 32 95% 306123 28850 70%
c p 88.30  0 31 35 125  1 380241 6421 1.5 42 29 26 32 95% 306123 28850 70%
c u 88.36  0 31 35 125  1 380241 6387 1.5 42 29 26 32 95% 306123 28850 70%
c v 88.37  0 31 35 125  1 380241 6372 1.5 42 29 26 32 95% 306123 28850 70%
c w 88.38  0 31 35 125  1 380241 6361 1.5 42 29 26 32 95% 306123 28850 70%
c - 93.23  0 30 36 126  1 403148 5366 1.5 42 29 24 32 95% 306123 28850 70%
c p 93.24  0 30 36 126  1 403148 7057 1.5 42 29 24 32 95% 306123 28850 70%
c u 93.31  0 30 36 126  1 403148 7049 1.5 42 29 24 32 95% 306123 28850 70%
c v 93.33  0 30 36 126  1 403148 7037 1.5 42 29 24 32 95% 306123 28850 70%
c w 93.34  0 30 36 126  1 403148 7030 1.5 42 29 24 32 95% 306123 28850 70%
c F 93.96  0 30 36 126  1 406052 8696 1.5 42 29 24 32 95% 306123 28850 70%
c - 98.00  0 31 37 126  1 426735 5251 1.5 43 29 24 32 95% 306123 28850 70%
c
c  seconds  reductions  conflicts        size    tier2         variables
c         MB     restarts     redundant     glue     trail          remaining
c          level      rate         size/glue  tier1    irredundant
c
c p 98.02  0 31 37 126  1 426735 6849 1.5 43 29 24 32 95% 306123 28850 70%
c u 98.08  0 31 37 126  1 426735 6831 1.5 43 29 24 32 95% 306123 28850 70%
c v 98.10  0 31 37 126  1 426735 6817 1.5 43 29 24 32 95% 306123 28850 70%
c w 98.11  0 31 37 126  1 426735 6811 1.5 43 29 24 32 95% 306123 28850 70%
c B 99.76  0 31 37 126  1 435053 11839 1.5 44 30 24 32 95% 306123 28850 70%
c s 102.94  0 31 37 126  1 449666 19962 1.5 44 30 24 32 95% 306120 28850 70%
c e 102.99  0 31 37 126  1 449666 19962 1.5 44 30 24 32 95% 306118 28849 70%
c s 103.01  0 31 37 126  1 449666 19944 1.5 44 30 24 32 95% 306116 28849 70%
c e 103.04  0 31 37 126  1 449666 19932 1.5 44 30 24 32 95% 306111 28847 70%
c - 103.35  0 31 38 126  1 451005 5486 1.5 44 30 24 32 95% 306111 28847 70%
c p 103.36  0 31 38 126  1 451005 7231 1.5 44 30 24 32 95% 306111 28847 70%
c c 103.42  0 31 38 126  1 451005 7231 1.5 44 30 24 32 95% 306112 28847 70%
c d 103.42  0 31 38 126  1 451005 7231 1.5 44 30 24 32 95% 306110 28846 70%
c 2 103.45  0 31 38 126  1 451005 7231 1.5 44 30 24 32 95% 306102 28846 70%
c u 103.86  0 31 38 126  1 451005 7185 1.5 44 30 24 32 95% 306102 28846 70%
c v 103.87  0 31 38 126  1 451005 7149 1.5 44 30 24 32 95% 306102 28846 70%
c w 103.88  0 31 38 126  1 451005 7139 1.5 44 30 24 32 95% 306102 28846 70%
c W 107.84  0 31 38 126  1 465054 15022 1.5 43 29 24 32 95% 306102 28846 70%
c - 110.14  0 31 39 133  1 475952 5470 1.5 43 29 24 32 95% 306102 28846 70%
c p 110.16  0 31 39 133  1 475952 7343 1.5 43 29 24 32 95% 306102 28846 70%
c
c  seconds   reductions  conflicts        size    tier2         variables
c          MB     restarts     redundant     glue     trail          remaining
c           level      rate         size/glue  tier1    irredundant
c
c u 110.22  0 31 39 133  1 475952 7314 1.5 43 29 24 32 95% 306102 28846 70%
c v 110.24  0 31 39 133  1 475952 7282 1.5 43 29 24 32 95% 306102 28846 70%
c w 110.26  0 31 39 133  1 475952 7265 1.5 43 29 24 32 95% 306102 28846 70%
c # 114.62  0 31 39 141  1 496055 17832 1.5 43 29 24 32 95% 306102 28846 70%
c - 115.83  0 31 40 144  1 501579 5595 1.5 43 29 24 32 95% 306102 28846 70%
c p 115.84  0 31 40 144  1 501579 7241 1.5 43 29 24 32 95% 306102 28846 70%
c u 115.92  0 31 40 144  1 501579 7228 1.5 43 29 24 32 95% 306102 28846 70%
c v 115.94  0 31 40 144  1 501579 7201 1.5 43 29 24 32 95% 306102 28846 70%
c w 115.95  0 31 40 144  1 501579 7185 1.5 43 29 24 32 95% 306102 28846 70%
c - 121.18  0 31 41 156  1 527886 5156 1.5 43 30 24 32 95% 306102 28846 70%
c p 121.21  0 31 41 156  1 527886 6860 1.5 43 30 24 32 95% 306102 28846 70%
c u 121.27  0 31 41 156  1 527886 6847 1.5 43 30 24 32 95% 306102 28846 70%
c v 121.29  0 31 41 156  1 527886 6830 1.5 43 30 24 32 95% 306102 28846 70%
c w 121.30  0 31 41 156  1 527886 6817 1.5 43 30 24 32 95% 306102 28846 70%
c B 121.36  0 31 41 156  1 528056 6928 1.5 43 30 24 32 95% 306102 28846 70%
c s 122.06  0 31 41 156  1 531450 8852 1.5 43 30 24 32 95% 306100 28846 70%
c s 122.10  0 31 41 156  1 531450 8846 1.5 43 30 24 32 95% 306100 28846 70%
c e 122.12  0 31 41 156  1 531450 8846 1.5 43 30 24 32 95% 306098 28845 70%
c - 127.19  0 31 42 163  1 554873 5764 1.5 43 29 24 32 95% 306098 28845 70%
c p 127.22  0 31 42 163  1 554873 7558 1.5 43 29 24 32 95% 306098 28845 70%
c
c  seconds   reductions  conflicts        size    tier2         variables
c          MB     restarts     redundant     glue     trail          remaining
c           level      rate         size/glue  tier1    irredundant
c
c u 127.37  0 31 42 163  1 554873 7515 1.5 43 29 24 32 95% 306098 28845 70%
c v 127.38  0 31 42 163  1 554873 7499 1.5 43 29 24 32 95% 306098 28845 70%
c w 127.40  0 31 42 163  1 554873 7493 1.5 43 29 24 32 95% 306098 28845 70%
c W 129.85  0 31 42 165  1 561057 10915 1.5 43 29 24 32 95% 306098 28845 70%
c - 134.51  0 30 43 174  1 582542 5840 1.4 41 28 24 32 95% 306098 28845 70%
c p 134.54  0 30 43 174  1 582542 7814 1.4 41 28 24 32 95% 306098 28845 70%
c u 134.61  0 30 43 174  1 582542 7795 1.4 41 28 24 32 95% 306098 28845 70%
c v 134.63  0 30 43 174  1 582542 7784 1.4 41 28 24 32 95% 306098 28845 70%
c w 134.65  0 30 43 174  1 582542 7776 1.4 41 28 24 32 95% 306098 28845 70%
c O 137.41  0 30 43 181  1 595061 14695 1.4 41 28 23 31 95% 306098 28845 70%
c - 140.72  0 30 44 187  1 610894 6192 1.4 40 28 23 31 95% 306098 28845 70%
c p 140.74  0 30 44 187  1 610894 8539 1.4 40 28 23 31 95% 306098 28845 70%
c w 140.87  0 30 44 187  1 610894 8497 1.4 40 28 23 31 95% 306098 28845 70%
c s 142.86  0 30 44 188  1 620048 13246 1.4 40 28 23 31 95% 306098 28845 70%
c s 142.92  0 30 44 188  1 620048 13216 1.4 40 28 23 31 95% 306098 28845 70%
c B 145.06  0 30 44 188  1 630063 18530 1.4 40 28 23 31 95% 306098 28845 70%
c - 147.22  0 30 45 189  1 639926 6664 1.5 41 28 23 31 95% 306098 28845 70%
c p 147.26  0 30 45 189  1 639926 8935 1.5 41 28 23 31 95% 306098 28845 70%
c v 147.34  0 30 45 189  1 639926 8892 1.5 41 28 23 31 95% 306098 28845 70%
c w 147.36  0 30 45 189  1 639926 8883 1.5 41 28 23 31 95% 306098 28845 70%
c
c  seconds   reductions  conflicts         size    tier2         variables
c          MB     restarts      redundant     glue     trail          remaining
c           level      rate          size/glue  tier1    irredundant
c
c W 154.24  0 31 45 191  1 666064 24149 1.5 43 29 24 31 95% 306098 28845 70%
c - 155.04  0 31 46 193  1 669640 6866 1.5 43 29 24 31 95% 306098 28845 70%
c p 155.06  0 31 46 193  1 669640 8866 1.5 43 29 24 31 95% 306098 28845 70%
c u 155.13  0 31 46 193  1 669640 8841 1.5 43 29 24 31 95% 306098 28845 70%
c v 155.16  0 31 46 193  1 669640 8830 1.5 43 29 24 31 95% 306098 28845 70%
c w 155.18  0 31 46 193  1 669640 8814 1.5 43 29 24 31 95% 306098 28845 70%
c - 161.60  0 31 47 207  1 700036 6868 1.5 44 30 24 31 95% 306098 28845 70%
c p 161.63  0 31 47 207  1 700036 8966 1.5 44 30 24 31 95% 306098 28845 70%
c u 162.25  0 31 47 207  1 700036 8942 1.5 44 30 24 31 95% 306098 28845 70%
c v 162.28  0 31 47 207  1 700036 8879 1.5 44 30 24 31 95% 306098 28845 70%
c w 162.30  0 31 47 207  1 700036 8871 1.5 44 30 24 31 95% 306098 28845 70%
c I 162.90  0 31 47 209  1 703065 10795 1.5 44 30 24 31 95% 306098 28845 70%
c - 169.02  0 31 48 220  1 731115 6982 1.5 44 29 24 31 95% 306098 28845 70%
c p 169.04  0 31 48 220  1 731115 9350 1.5 44 29 24 31 95% 306098 28845 70%
c u 169.11  0 31 48 220  1 731115 9314 1.5 44 29 24 31 95% 306098 28845 70%
c v 169.15  0 31 48 220  1 731115 9269 1.5 44 29 24 31 95% 306098 28845 70%
c w 169.16  0 31 48 220  1 731115 9252 1.5 44 29 24 31 95% 306098 28845 70%
c B 171.27  0 31 48 220  1 741066 15084 1.5 44 29 24 31 95% 306098 28845 70%
c - 176.06  0 31 49 230  1 762877 7640 1.5 45 30 24 31 95% 306098 28845 70%
c p 176.08  0 31 49 230  1 762877 9863 1.5 45 30 24 31 95% 306098 28845 70%
c
c  seconds   reductions  conflicts        size    tier2         variables
c          MB     restarts     redundant     glue     trail          remaining
c           level      rate         size/glue  tier1    irredundant
c
c u 176.17  0 31 49 230  1 762877 9837 1.5 45 30 24 31 95% 306098 28845 70%
c v 176.20  0 31 49 230  1 762877 9800 1.5 45 30 24 31 95% 306098 28845 70%
c w 176.21  0 31 49 230  1 762877 9789 1.5 45 30 24 31 95% 306098 28845 70%
c W 181.26  0 32 49 235  1 780070 19246 1.5 44 30 24 31 95% 306098 28845 70%
c - 184.71  0 32 50 244  1 795323 7407 1.5 44 30 24 31 95% 306098 28845 70%
c p 184.73  0 32 50 244  1 795323 9974 1.5 44 30 24 31 95% 306098 28845 70%
c u 184.85  0 32 50 244  1 795323 9946 1.5 44 30 24 31 95% 306098 28845 70%
c v 184.87  0 32 50 244  1 795323 9920 1.5 44 30 24 31 95% 306098 28845 70%
c w 184.89  0 32 50 244  1 795323 9903 1.5 44 30 24 31 95% 306098 28845 70%
c F 190.43  0 31 50 251  1 820072 23712 1.5 44 30 24 31 95% 306098 28845 70%
c - 192.34  0 31 51 251  1 828450 7575 1.5 44 30 24 31 95% 306098 28845 70%
c p 192.36  0 31 51 251  1 828450 10228 1.5 44 30 24 31 95% 306098 28845 70%
c u 192.46  0 31 51 251  1 828450 10214 1.5 44 30 24 31 95% 306098 28845 70%
c v 192.49  0 31 51 251  1 828450 10186 1.5 44 30 24 31 95% 306098 28845 70%
c w 192.51  0 31 51 251  1 828450 10174 1.5 44 30 24 31 95% 306098 28845 70%
c B 199.37  0 32 51 252  1 861074 30276 1.6 47 30 24 31 95% 306098 28845 70%
c - 199.65  0 32 52 252  1 862261 8145 1.6 47 30 24 31 95% 306098 28845 70%
c p 199.67  0 32 52 252  1 862261 10476 1.6 47 30 24 31 95% 306098 28845 70%
c u 199.77  0 32 52 252  1 862261 10450 1.6 47 30 24 31 95% 306098 28845 70%
c v 199.80  0 32 52 252  1 862261 10423 1.6 47 30 24 31 95% 306098 28845 70%
c
c  seconds   reductions  conflicts         size    tier2         variables
c          MB     restarts      redundant     glue     trail          remaining
c           level      rate          size/glue  tier1    irredundant
c
c w 199.82  0 32 52 252  1 862261 10413 1.6 47 30 24 31 95% 306098 28845 70%
c - 207.36  0 32 53 253  1 896754 7785 1.5 46 30 24 31 95% 306098 28845 70%
c p 207.38  0 32 53 253  1 896754 10264 1.5 46 30 24 31 95% 306098 28845 70%
c u 207.54  0 32 53 253  1 896754 10244 1.5 46 30 24 31 95% 306098 28845 70%
c v 207.56  0 32 53 253  1 896754 10233 1.5 46 30 24 31 95% 306098 28845 70%
c w 207.57  0 32 53 253  1 896754 10222 1.5 46 30 24 31 95% 306098 28845 70%
c W 210.56  0 32 53 253  1 903075 13850 1.5 45 30 24 31 95% 306098 28845 70%
c - 216.65  0 31 54 254  1 931930 8632 1.5 45 29 24 31 95% 306098 28845 70%
c p 216.67  0 31 54 254  1 931930 11152 1.5 45 29 24 31 95% 306098 28845 70%
c u 216.75  0 31 54 254  1 931930 11131 1.5 45 29 24 31 95% 306098 28845 70%
c v 216.78  0 31 54 254  1 931930 11110 1.5 45 29 24 31 95% 306098 28845 70%
c w 216.80  0 31 54 254  1 931930 11098 1.5 45 29 24 31 95% 306098 28845 70%
c # 219.89  0 31 54 254  1 946078 18789 1.5 45 29 24 31 95% 306098 28845 70%
c - 224.66  0 31 55 254  1 967790 8594 1.6 46 30 24 31 95% 306098 28845 70%
c p 224.69  0 31 55 254  1 967790 11260 1.6 46 30 24 31 95% 306098 28845 70%
c u 224.80  0 31 55 254  1 967790 11233 1.6 46 30 24 31 95% 306098 28845 70%
c v 224.83  0 31 55 254  1 967790 11225 1.6 46 30 24 31 95% 306098 28845 70%
c w 224.85  0 31 55 254  1 967790 11204 1.6 46 30 24 31 95% 306098 28845 70%
c B 229.32  0 31 55 254  1 990079 22940 1.5 46 30 24 31 95% 306098 28845 70%
c - 232.56  0 31 56 254  1 1004333 8262 1.5 46 30 24 31 95% 306098 28845 70%
c
c  seconds   reductions   conflicts         size    tier2         variables
c          MB     restarts       redundant     glue     trail          remaining
c           level      rate           size/glue  tier1    irredundant
c
c p 232.59  0 31 56 254  1 1004333 10780 1.5 46 30 24 31 95% 306098 28845 70%
c u 232.69  0 31 56 254  1 1004333 10748 1.5 46 30 24 31 95% 306098 28845 70%
c v 232.71  0 31 56 254  1 1004333 10676 1.5 46 30 24 31 95% 306098 28845 70%
c w 232.73  0 31 56 254  1 1004333 10657 1.5 46 30 24 31 95% 306098 28845 70%
c W 240.98  0 32 56 254  1 1035082 28770 1.5 46 30 24 31 95% 306098 28845 70%
c - 242.46  0 32 57 254  1 1041559 8883 1.5 47 30 24 31 95% 306098 28845 70%
c p 242.49  0 32 57 254  1 1041559 11463 1.5 47 30 24 31 95% 306098 28845 70%
c u 242.70  0 32 57 254  1 1041559 11419 1.5 47 30 24 31 95% 306098 28845 70%
c v 242.73  0 32 57 254  1 1041559 11358 1.5 47 30 24 31 95% 306098 28845 70%
c w 242.75  0 32 57 254  1 1041559 11344 1.5 47 30 24 31 95% 306098 28845 70%
c - 250.90  0 32 58 264  1 1079472 8197 1.5 46 30 24 31 95% 306098 28845 70%
c p 250.92  0 32 58 264  1 1079472 10883 1.5 46 30 24 31 95% 306098 28845 70%
c u 251.01  0 32 58 264  1 1079472 10852 1.5 46 30 24 31 95% 306098 28845 70%
c v 251.04  0 32 58 264  1 1079472 10788 1.5 46 30 24 31 95% 306098 28845 70%
c w 251.06  0 32 58 264  1 1079472 10759 1.5 46 30 24 31 95% 306098 28845 70%
c O 251.42  0 32 58 266  1 1081084 11599 1.5 46 30 24 31 95% 306098 28845 70%
c - 259.58  0 31 59 283  1 1118065 9081 1.5 45 30 24 31 95% 306098 28845 70%
c p 259.60  0 31 59 283  1 1118065 12015 1.5 45 30 24 31 95% 306098 28845 70%
c u 259.73  0 31 59 283  1 1118065 11980 1.5 45 30 24 31 95% 306098 28845 70%
c v 259.77  0 31 59 283  1 1118065 11931 1.5 45 30 24 31 95% 306098 28845 70%
c
c  seconds   reductions   conflicts         size    tier2         variables
c          MB     restarts       redundant     glue     trail          remaining
c           level      rate           size/glue  tier1    irredundant
c
c w 259.81  0 31 59 283  1 1118065 11908 1.5 45 30 24 31 95% 306098 28845 70%
c B 261.95  0 32 59 284  1 1128085 17753 1.5 45 30 24 31 95% 306098 28845 70%
c ] 267.84  0 32 59 291  1 1154567 31868 1.5 45 30 24 31 95% 306098 28845 70%
c ? 267.84  0 32 59 291  1 1154567 31868 1.5 45 30 24 31 95% 306098 28845 70%
c
c --- [ result ] -------------------------------------------------------------
c
c writing result to 'search-results/cadical-support70-cover-20260902/anchor-000-p1-s1.result'
c
c --- [ run-time profiling ] -------------------------------------------------
c
c process time taken by individual solving procedures
c (percentage relative to process time for solving)
c
c       257.11   96.01% search
c       244.13   91.16% stable
c        12.97    4.84% walk
c        10.68    3.99% simplify
c         3.62    1.35% vivify
c         1.84    0.69% sweep
c         1.00    0.38% backbone
c         0.99    0.37% congruence
c         0.75    0.28% elim
c         0.66    0.25% subsume
c         0.37    0.14% probe
c         0.26    0.10% ternary
c         0.05    0.02% parse
c         0.02    0.01% lucky
c   =================================
c       267.80   99.98% solve
c
c last line shows process time for solving
c (percentage relative to total process time)
c
c --- [ statistics ] ---------------------------------------------------------
c
c chronological:            109512         9.49 %  of conflicts
c conflicts:               1154567      4311.36    per second
c backbone:               77148381    186542.50 %  of vars
c decisions:               1220913      4559.11    per second
c eliminated:                 2858         6.91 %  of all variables
c fixed:                      8997        21.75 %  of all variables
c learned:                 1138934        98.65 %  per conflict
c learned_lits:          571388947       100.00 %  learned literals
c minimized:                     0         0.00 %  learned literals
c shrunken:              516434086        90.38 %  learned literals
c minishrunken:            4644118         0.81 %  learned literals
c otfs:                        577         0.05 %  of conflict
c propagations:          990686840         3.70 M  per second
c reduced:                  622157        53.89 %  per conflict
c rephased:                     47     24565.26    interval
c restarts:                    291      3967.58    interval
c substituted:                 657         1.59 %  of all variables
c subsumed:                 486820        31.16 %  of all clauses
c strengthened:              27815         1.78 %  of all clauses
c ticks:               11574535323        15.23    propagation
c vivified:                   1262         0.08 %  of all clauses
c walked:                       15     76971.13    interval
c weakened:                  12934         2.77    average size
c congruence:                   14     82469.07    interval
c
c seconds are measured in process time for solving
c
c --- [ glue usage ] ---------------------------------------------------------
c
c focused glue 2 used 0 clauses 0.000% accumulated 0.000% tier1
c focused glue 3 used 0 clauses 0.000% accumulated 0.000%
c focused glue 4 used 0 clauses 0.000% accumulated 0.000%
c focused glue 5 used 0 clauses 0.000% accumulated 0.000%
c focused glue 6 used 0 clauses 0.000% accumulated 0.000% tier2
c
c stable glue 24 used 193735 clauses 5.000% accumulated 53.58% tier1
c stable glue 25 used 192452 clauses 4.967% accumulated 58.55%
c stable glue 26-29 used 757595 clauses 19.55% accumulated 78.10%
c stable glue 30 used 182200 clauses 4.703% accumulated 82.80%
c stable glue 31 used 171382 clauses 4.423% accumulated 87.23% tier2
c
c
c --- [ resources ] ----------------------------------------------------------
c
c total process time since initialization:       267.85    seconds
c total real time since initialization:          300.01    seconds
c maximum resident set size of process:          238.59    MB
c
c --- [ shutting down ] ------------------------------------------------------
c
c exit 0
