c --- [ banner ] -------------------------------------------------------------
c
c CaDiCaL SAT Solver
c Copyright (c) 2016-2026
c A. Biere, M. Fleury, N. Froleyks, K. Fazekas, F. Pollitt, T. Faller
c JKU Linz, University of Freiburg, TU Wien
c
c Version 3.0.1 c60730422e758ef1cebe7aeddf2dda31c996bf04
c Apple clang version 21.0.0 (clang-2100.1.1.101) -Wall -Wextra -O3 -DNDEBUG -DNCLOSEFROM
c Tue Sep 1 21:08:57 PDT 2026 Darwin retained-runner 25.6.0 arm64
c
c --- [ limit ] --------------------------------------------------------------
c
c setting time limit to 300 seconds real time (due to '-t 300')
c
c --- [ parsing input ] ------------------------------------------------------
c
c reading DIMACS file from 'search-results/cadical-support70-cover-20260902/cnf/anchor-001-p1-s1.cnf'
c opening file to read 'search-results/cadical-support70-cover-20260902/cnf/anchor-001-p1-s1.cnf'
c found 'p cnf 41357 414868' header
c parsed 414868 clauses in 0.06 seconds process time
c
c --- [ options ] ------------------------------------------------------------
c
c   --elimeffort=10                (different from default '1e3')
c   --stabilizeonly=true           (different from default 'false')
c   --subsumeeffort=60             (different from default '1e3')
c
c --- [ solving ] ------------------------------------------------------------
c
c time measured in process time since initialization
c
c  seconds  reduction conflicts       size tier2        variables
c         MB    restarts   redundant    glue  trail          remaining
c          level     rate       size/glu tier1  irredundant
c
c *  0.06  0  0 0   0  0    0    0 0.0 0 0 2 6  0% 329611 32300 78%
c )  0.07  0  0 0   0  0    0    0 0.0 0 0 2 6  0% 329611 32300 78%
c [  0.08  0  0 0   0  0    0    0 0.0 0 0 2 6  0% 329611 32300 78%
c i  0.10  0 33 0   0  1  176   56 1.3 33 26 2 6 97% 329611 32250 78%
c -  0.13  0 33 1   0  1  302   71 2.5 64 26 2 6 97% 314375 32239 78%
c -  0.26  0 33 2   0  1  951  192 1.9 53 28 2 6 95% 314371 32239 78%
c I  0.27  0 33 2   0  1 1003  240 1.9 54 28 2 6 95% 314371 32239 78%
c -  0.49  0 30 3   1  1 2104  247 1.7 43 26 2 6 94% 314353 32239 78%
c B  0.73  0 29 3   2  1 3004  727 1.6 41 26 2 6 92% 314338 32239 78%
c 2  0.74  0 29 3   2  1 3047  758 1.6 41 26 2 6 93% 314336 32239 78%
c d  0.74  0 29 3   2  1 3047  758 1.6 41 26 2 6 93% 313028 31585 76%
c c  0.82  0 29 3   2  1 3047  758 1.6 41 26 2 6 93% 313026 31585 76%
c d  0.83  0 29 3   2  1 3047  758 1.6 41 26 2 6 93% 313024 31584 76%
c -  1.07  0 30 4   2  1 3820  354 1.6 42 27 2 6 91% 313006 31584 76%
c W  1.59  0 31 4   4  1 6005 1693 1.6 43 28 26 30 91% 312972 31584 76%
c -  1.64  0 31 5   4  1 6130  499 1.5 43 28 26 31 91% 312972 31584 76%
c s  1.76  0 31 5   5  1 6703  808 1.5 43 28 26 31 91% 312949 31584 76%
c e  1.97  0 31 5   5  1 6703  407 1.5 43 28 26 31 91% 307473 28965 70%
c s  1.98  0 31 5   5  1 6703  407 1.5 43 28 26 31 91% 307469 28965 70%
c e  2.03  0 31 5   5  1 6703  407 1.5 43 28 26 31 91% 307406 28950 70%
c
c  seconds  reduction conflicts       size    tier2         variables
c         MB    restarts   redundant     glue     trail          remaining
c          level     rate       size/glue  tier1    irredundant
c
c -  2.58  0 31 6   6  1 9059  464 1.5 42 29 26 31 95% 307406 28950 70%
c F  2.78  0 31 6   6  1 10007  979 1.5 42 29 27 31 95% 307406 28950 70%
c c  3.04  0 31 6   6  1 10847 1454 1.5 42 29 27 31 95% 307412 28950 70%
c d  3.05  0 31 6   6  1 10847 1454 1.5 42 29 27 31 95% 307400 28944 70%
c 2  3.06  0 31 6   6  1 10847 1454 1.5 42 29 27 31 95% 307347 28944 70%
c -  3.44  0 31 7   6  1 12601  657 1.5 42 29 27 31 95% 307347 28944 70%
c B  4.02  0 32 7   9  1 15009 1971 1.4 42 29 27 31 95% 307347 28944 70%
c -  4.40  0 32 8  10  1 16776  795 1.4 43 30 27 31 95% 307347 28944 70%
c u  4.46  0 32 8  10  1 16776  784 1.4 43 30 27 31 95% 307347 28944 70%
c v  4.48  0 32 8  10  1 16776  756 1.4 43 30 27 31 95% 307347 28944 70%
c w  4.49  0 32 8  10  1 16776  749 1.4 43 30 27 31 95% 307347 28944 70%
c x  4.50  0 32 8  10  1 16776  749 1.4 43 30 27 31 95% 307160 28944 70%
c s  5.25  0 32 8  12  1 20339 2637 1.4 43 30 27 31 95% 307159 28944 70%
c t  5.27  0 32 8  12  1 20339 2637 1.4 43 30 27 31 95% 307157 28944 70%
c e  5.29  0 32 8  12  1 20339 2637 1.4 43 30 27 31 95% 307114 28936 70%
c s  5.32  0 32 8  12  1 20339 2612 1.4 43 30 27 31 95% 307111 28936 70%
c W  5.70  0 32 8  13  1 21012 2963 1.4 43 30 27 31 95% 307111 28936 70%
c -  5.81  0 32 9  13  1 21592  884 1.4 43 30 28 32 95% 307111 28936 70%
c c  5.89  0 32 9  13  1 21592  884 1.4 43 30 28 32 95% 307150 28936 70%
c d  5.89  0 32 9  13  1 21592  884 1.4 43 30 28 32 95% 307072 28897 70%
c
c  seconds  reductions conflicts       size    tier2         variables
c         MB    restarts    redundant     glue     trail          remaining
c          level     rate        size/glue  tier1    irredundant
c
c 2  5.90  0 32 9  13  1 21592  884 1.4 43 30 28 32 95% 306722 28897 70%
c -  7.06  0 32 10  14  1 27055 1064 1.4 44 30 28 32 95% 306722 28897 70%
c #  7.35  0 32 10  14  1 28014 1621 1.4 44 30 28 32 95% 306722 28897 70%
c -  8.33  0 33 11  14  1 33168 1225 1.4 44 31 28 32 95% 306722 28897 70%
c u  8.35  0 33 11  14  1 33168 1214 1.4 44 31 28 32 95% 306722 28897 70%
c v  8.37  0 33 11  14  1 33168 1187 1.4 44 31 28 32 95% 306722 28897 70%
c w  8.38  0 33 11  14  1 33168 1183 1.4 44 31 28 32 95% 306722 28897 70%
c x  8.39  0 33 11  14  1 33168 1183 1.4 44 31 28 32 95% 306599 28897 70%
c B  8.95  0 33 11  17  1 36016 2831 1.4 44 31 28 32 95% 306599 28897 70%
c -  9.69  0 33 12  20  1 39937 1334 1.4 45 31 28 33 95% 306599 28897 70%
c s 10.07  0 33 12  20  1 40786 1872 1.4 45 31 28 33 95% 306330 28897 70%
c e 10.13  0 33 12  20  1 40786 1866 1.4 45 31 28 33 95% 306280 28867 70%
c s 10.16  0 33 12  20  1 40786 1858 1.4 45 31 28 33 95% 306165 28867 70%
c e 10.18  0 33 12  20  1 40786 1857 1.4 45 31 28 33 95% 306139 28848 70%
c W 11.24  0 33 12  21  1 45019 4255 1.4 45 31 28 33 95% 306139 28848 70%
c - 11.65  0 33 13  23  1 47363 1445 1.4 45 31 28 33 95% 306139 28848 70%
c p 11.65  0 33 13  23  1 47363 1498 1.4 45 31 28 33 95% 306139 28848 70%
c O 13.16  0 33 13  28  1 55020 6192 1.4 45 31 28 33 95% 306139 28848 70%
c - 13.27  0 33 14  28  1 55447 1686 1.4 45 31 28 33 95% 306139 28848 70%
c p 13.27  0 33 14  28  1 55447 1845 1.4 45 31 28 33 95% 306139 28847 70%
c
c  seconds  reductions  conflicts       size    tier2         variables
c         MB     restarts    redundant     glue     trail          remaining
c          level      rate        size/glue  tier1    irredundant
c
c u 13.29  0 33 14  28  1 55447 1809 1.4 45 31 28 33 95% 306139 28847 70%
c v 13.31  0 33 14  28  1 55447 1778 1.4 45 31 28 33 95% 306139 28847 70%
c w 13.32  0 33 14  28  1 55447 1775 1.4 45 31 28 33 95% 306139 28847 70%
c x 13.34  0 33 14  28  1 55447 1775 1.4 45 31 28 33 95% 306137 28847 70%
c - 15.14  0 32 15  29  1 64197 1685 1.4 43 31 28 33 95% 306126 28847 70%
c p 15.15  0 32 15  29  1 64197 1914 1.4 43 31 28 33 95% 306126 28842 70%
c c 15.22  0 32 15  29  1 64197 1914 1.4 43 31 28 33 95% 306127 28842 70%
c d 15.22  0 32 15  29  1 64197 1880 1.4 43 31 28 33 95% 306064 28838 70%
c 2 15.23  0 32 15  29  1 64197 1880 1.4 43 31 28 33 95% 306029 28838 70%
c B 15.60  0 32 15  29  1 66023 3109 1.4 43 31 28 33 95% 306029 28838 70%
c s 16.04  0 33 15  30  1 68048 4474 1.4 43 31 28 33 95% 305991 28838 70%
c e 16.09  0 33 15  30  1 68048 4473 1.4 43 31 28 33 95% 305978 28833 70%
c s 16.12  0 33 15  30  1 68048 4275 1.4 43 31 28 33 95% 305880 28833 70%
c e 16.15  0 33 15  30  1 68048 4272 1.4 43 31 28 33 95% 305856 28822 70%
c - 17.30  0 32 16  30  1 73609 1806 1.4 43 30 27 33 95% 305856 28822 70%
c p 17.31  0 32 16  30  1 73609 2033 1.4 43 30 27 33 95% 305856 28818 70%
c u 17.34  0 32 16  30  1 73609 2025 1.4 43 30 27 33 95% 305856 28818 70%
c v 17.37  0 32 16  30  1 73609 1981 1.4 43 30 27 33 95% 305856 28818 70%
c w 17.38  0 32 16  30  1 73609 1974 1.4 43 30 27 33 95% 305856 28818 70%
c W 18.63  0 32 16  30  1 78025 4481 1.4 43 30 27 33 95% 305812 28818 70%
c
c  seconds  reductions  conflicts       size    tier2         variables
c         MB     restarts    redundant     glue     trail          remaining
c          level      rate        size/glue  tier1    irredundant
c
c - 19.67  0 32 17  31  1 83684 1883 1.4 43 30 27 33 95% 305812 28818 70%
c p 19.68  0 32 17  31  1 83684 2106 1.4 43 30 27 33 95% 305812 28816 70%
c c 19.78  0 32 17  31  1 83684 2106 1.4 43 30 27 33 95% 305818 28816 70%
c d 19.78  0 32 17  31  1 83684 2088 1.4 43 30 27 33 95% 305784 28810 70%
c 2 19.80  0 32 17  31  1 83684 2088 1.4 43 30 27 33 95% 305730 28810 70%
c I 21.46  0 32 17  36  1 91027 6027 1.4 43 30 27 33 95% 305730 28810 70%
c - 22.16  0 32 18  37  1 94426 2020 1.4 42 30 27 33 95% 305730 28810 70%
c p 22.18  0 32 18  37  1 94426 2353 1.4 42 30 27 33 95% 305730 28806 70%
c u 22.29  0 32 18  37  1 94426 2331 1.4 42 30 27 33 95% 305730 28806 70%
c v 22.32  0 32 18  37  1 94426 2314 1.4 42 30 27 33 95% 305730 28806 70%
c w 22.32  0 32 18  37  1 94426 2311 1.4 42 30 27 33 95% 305730 28806 70%
c s 24.01  0 31 18  43  1 102126 6227 1.4 41 30 27 33 95% 305665 28806 70%
c e 24.06  0 31 18  43  1 102126 6227 1.4 41 30 27 33 95% 305618 28805 70%
c s 24.09  0 31 18  43  1 102126 6171 1.4 41 30 27 33 95% 305605 28805 70%
c e 24.11  0 31 18  43  1 102126 6170 1.4 41 30 27 33 95% 305599 28803 70%
c B 24.75  0 31 18  44  1 105028 8265 1.4 41 29 27 33 95% 305599 28803 70%
c - 24.94  0 31 19  44  1 105837 2261 1.4 41 29 27 33 95% 305599 28803 70%
c p 24.96  0 31 19  44  1 105837 2914 1.4 41 29 27 33 95% 305599 28802 70%
c - 27.47  0 31 20  47  1 117915 2487 1.4 42 29 27 33 95% 305589 28802 70%
c p 27.48  0 31 20  47  1 117915 3522 1.4 42 29 27 33 95% 305589 28802 70%
c
c  seconds  reductions  conflicts        size    tier2         variables
c         MB     restarts     redundant     glue     trail          remaining
c          level      rate         size/glue  tier1    irredundant
c
c c 27.56  0 31 20  47  1 117915 3522 1.4 42 29 27 33 95% 305602 28802 70%
c d 27.56  0 31 20  47  1 117915 3522 1.4 42 29 27 33 95% 305576 28789 70%
c 2 27.57  0 31 20  47  1 117915 3522 1.4 42 29 27 33 95% 305459 28789 70%
c u 27.58  0 31 20  47  1 117915 3514 1.4 42 29 27 33 95% 305459 28789 70%
c v 27.63  0 31 20  47  1 117915 3455 1.4 42 29 27 33 95% 305459 28789 70%
c w 27.65  0 31 20  47  1 117915 3447 1.4 42 29 27 33 95% 305459 28789 70%
c W 28.65  0 31 20  48  1 120030 4535 1.4 41 29 27 33 95% 305459 28789 70%
c - 31.00  0 30 21  54  1 130663 2390 1.4 41 29 27 33 95% 305459 28789 70%
c p 31.02  0 30 21  54  1 130663 2915 1.4 41 29 27 33 95% 305459 28789 70%
c F 32.24  0 30 21  58  1 136031 5481 1.4 40 28 27 33 95% 305459 28789 70%
c s 33.74  0 30 21  60  1 143015 9225 1.4 41 29 25 31 95% 305434 28789 70%
c e 33.77  0 30 21  60  1 143015 9214 1.4 41 29 25 31 95% 305427 28786 70%
c s 33.80  0 30 21  60  1 143015 9156 1.4 41 29 25 31 95% 305409 28786 70%
c e 33.82  0 30 21  60  1 143015 9152 1.4 41 29 25 31 95% 305399 28782 70%
c - 34.08  0 30 22  60  1 144082 2541 1.4 41 29 25 31 95% 305399 28782 70%
c p 34.09  0 30 22  60  1 144082 3583 1.4 41 29 25 31 95% 305399 28782 70%
c u 34.12  0 30 22  60  1 144082 3562 1.4 41 29 25 31 95% 305399 28782 70%
c v 34.17  0 30 22  60  1 144082 3516 1.4 41 29 25 31 95% 305399 28782 70%
c w 34.18  0 30 22  60  1 144082 3499 1.4 41 29 25 31 95% 305399 28782 70%
c B 36.01  0 31 22  61  1 153032 8723 1.4 42 29 25 31 95% 305399 28782 70%
c
c  seconds  reductions  conflicts        size    tier2         variables
c         MB     restarts     redundant     glue     trail          remaining
c          level      rate         size/glue  tier1    irredundant
c
c - 37.16  0 31 23  61  1 158172 2749 1.4 41 29 25 31 95% 305399 28782 70%
c p 37.19  0 31 23  61  1 158172 3932 1.4 41 29 25 31 95% 305399 28782 70%
c u 37.52  0 31 23  61  1 158172 3914 1.4 41 29 25 31 95% 305399 28782 70%
c v 37.54  0 31 23  61  1 158172 3912 1.4 41 29 25 31 95% 305399 28782 70%
c w 37.54  0 31 23  61  1 158172 3909 1.4 41 29 25 31 95% 305399 28782 70%
c W 40.91  0 30 23  62  1 171033 11621 1.5 41 29 25 31 95% 305399 28782 70%
c - 41.36  0 30 24  62  1 172935 3096 1.4 41 29 25 31 95% 305399 28782 70%
c p 41.37  0 30 24  62  1 172935 4384 1.4 41 29 25 31 95% 305399 28782 70%
c v 41.42  0 30 24  62  1 172935 4339 1.4 41 29 25 31 95% 305399 28782 70%
c w 41.42  0 30 24  62  1 172935 4336 1.4 41 29 25 31 95% 305399 28782 70%
c - 44.62  0 30 25  62  1 188371 2935 1.4 40 28 25 31 95% 305399 28782 70%
c p 44.64  0 30 25  62  1 188371 4187 1.4 40 28 25 31 95% 305399 28782 70%
c v 44.69  0 30 25  62  1 188371 4173 1.4 40 28 25 31 95% 305399 28782 70%
c w 44.70  0 30 25  62  1 188371 4168 1.4 40 28 25 31 95% 305399 28782 70%
c # 45.06  0 30 25  62  1 190038 4943 1.4 40 28 25 31 95% 305399 28782 70%
c s 45.21  0 30 25  62  1 190721 5421 1.4 41 28 25 31 95% 305386 28782 70%
c e 45.25  0 30 25  62  1 190721 5421 1.4 41 28 25 31 95% 305383 28781 70%
c s 45.27  0 30 25  62  1 190721 5418 1.4 41 28 25 31 95% 305369 28781 70%
c e 45.30  0 30 25  62  1 190721 5418 1.4 41 28 25 31 95% 305366 28780 70%
c - 47.95  0 30 26  66  1 204482 3039 1.4 41 28 25 31 95% 305366 28780 70%
c
c  seconds  reductions  conflicts        size    tier2         variables
c         MB     restarts     redundant     glue     trail          remaining
c          level      rate         size/glue  tier1    irredundant
c
c p 47.96  0 30 26  66  1 204482 4172 1.4 41 28 25 31 95% 305366 28779 70%
c u 48.07  0 30 26  66  1 204482 4156 1.4 41 28 25 31 95% 305366 28779 70%
c v 48.11  0 30 26  66  1 204482 4151 1.4 41 28 25 31 95% 305366 28779 70%
c w 48.12  0 30 26  66  1 204482 4134 1.4 41 28 25 31 95% 305366 28779 70%
c B 49.23  0 30 26  69  1 210039 7246 1.4 41 28 25 31 95% 305366 28779 70%
c - 51.55  0 30 27  76  1 221266 3319 1.4 41 29 25 31 95% 305356 28779 70%
c p 51.57  0 30 27  76  1 221266 4694 1.4 41 29 25 31 95% 305356 28779 70%
c u 51.60  0 30 27  76  1 221266 4682 1.4 41 29 25 31 95% 305356 28779 70%
c v 51.61  0 30 27  76  1 221266 4676 1.4 41 29 25 31 95% 305356 28779 70%
c w 51.61  0 30 27  76  1 221266 4672 1.4 41 29 25 31 95% 305356 28779 70%
c W 54.39  0 30 27  77  1 231043 10244 1.4 41 29 25 31 95% 305356 28779 70%
c - 56.08  0 30 28  82  1 238725 3562 1.4 41 29 25 31 95% 305356 28779 70%
c p 56.09  0 30 28  82  1 238725 5068 1.4 41 29 25 31 95% 305356 28779 70%
c u 56.13  0 30 28  82  1 238725 5060 1.4 41 29 25 31 95% 305356 28779 70%
c v 56.16  0 30 28  82  1 238725 5017 1.4 41 29 25 31 95% 305356 28779 70%
c w 56.17  0 30 28  82  1 238725 5017 1.4 41 29 25 31 95% 305356 28779 70%
c s 57.56  0 30 28  85  1 245240 8498 1.4 41 29 25 31 95% 305347 28779 70%
c e 57.59  0 30 28  85  1 245240 8497 1.4 41 29 25 31 95% 305345 28778 70%
c s 57.62  0 30 28  85  1 245240 8492 1.4 41 29 25 31 95% 305339 28778 70%
c e 57.63  0 30 28  85  1 245240 8491 1.4 41 29 25 31 95% 305331 28775 70%
c
c  seconds  reductions  conflicts         size    tier2         variables
c         MB     restarts      redundant     glue     trail          remaining
c          level      rate          size/glue  tier1    irredundant
c
c O 59.29  0 30 28  90  1 253044 12729 1.4 41 29 25 31 95% 305331 28775 70%
c - 60.05  0 30 29  91  1 256862 3721 1.4 41 29 25 31 95% 305331 28775 70%
c p 60.07  0 30 29  91  1 256862 5317 1.4 41 29 25 31 95% 305331 28775 70%
c u 60.14  0 30 29  91  1 256862 5295 1.4 41 29 25 31 95% 305331 28775 70%
c v 60.15  0 30 29  91  1 256862 5278 1.4 41 29 25 31 95% 305331 28775 70%
c w 60.16  0 30 29  91  1 256862 5269 1.4 41 29 25 31 95% 305331 28775 70%
c - 63.85  0 30 30  93  1 275676 4183 1.4 41 29 24 31 95% 305331 28775 70%
c p 63.86  0 30 30  93  1 275676 5917 1.4 41 29 24 31 95% 305331 28774 70%
c u 64.26  0 30 30  93  1 275676 5900 1.4 41 29 24 31 95% 305321 28774 70%
c v 64.29  0 30 30  93  1 275676 5880 1.4 41 29 24 31 95% 305321 28774 70%
c w 64.30  0 30 30  93  1 275676 5871 1.4 41 29 24 31 95% 305321 28774 70%
c B 64.42  0 30 30  93  1 276045 6104 1.4 41 29 24 31 95% 305321 28774 70%
c - 68.32  0 30 31 101  1 295167 4265 1.5 42 29 24 31 95% 305321 28774 70%
c p 68.34  0 30 31 101  1 295167 5742 1.5 42 29 24 31 95% 305321 28774 70%
c u 68.39  0 30 31 101  1 295167 5724 1.5 42 29 24 31 95% 305321 28774 70%
c v 68.40  0 30 31 101  1 295167 5711 1.5 42 29 24 31 95% 305321 28774 70%
c w 68.42  0 30 31 101  1 295167 5703 1.5 42 29 24 31 95% 305321 28774 70%
c W 70.25  0 30 31 104  1 300046 8472 1.5 42 29 24 31 95% 305321 28774 70%
c s 71.62  0 30 31 107  1 306576 11925 1.5 42 29 24 31 95% 305315 28774 70%
c e 71.66  0 30 31 107  1 306576 11924 1.5 42 29 24 31 95% 305310 28772 70%
c
c  seconds  reductions  conflicts         size    tier2         variables
c         MB     restarts      redundant     glue     trail          remaining
c          level      rate          size/glue  tier1    irredundant
c
c s 71.68  0 30 31 107  1 306576 11914 1.5 42 29 24 31 95% 305302 28772 70%
c e 71.71  0 30 31 107  1 306576 11914 1.5 42 29 24 31 95% 305297 28770 70%
c - 73.61  0 30 32 108  1 315333 4248 1.5 41 29 24 31 95% 305297 28770 70%
c p 73.62  0 30 32 108  1 315333 5764 1.5 41 29 24 31 95% 305297 28770 70%
c u 73.66  0 30 32 108  1 315333 5746 1.5 41 29 24 31 95% 305297 28770 70%
c w 73.68  0 30 32 108  1 315333 5735 1.5 41 29 24 31 95% 305297 28770 70%
c I 75.71  0 30 32 115  1 325047 10970 1.4 41 29 24 31 95% 305297 28770 70%
c - 78.23  0 30 33 121  1 336177 4282 1.4 40 28 24 30 95% 305297 28770 70%
c p 78.25  0 30 33 121  1 336177 5923 1.4 40 28 24 30 95% 305297 28769 70%
c u 78.31  0 30 33 121  1 336177 5899 1.4 40 28 24 30 95% 305297 28769 70%
c v 78.33  0 30 33 121  1 336177 5849 1.4 40 28 24 30 95% 305297 28769 70%
c w 78.34  0 30 33 121  1 336177 5843 1.4 40 28 24 30 95% 305297 28769 70%
c B 81.33  0 29 33 124  1 351048 13442 1.4 40 28 24 30 95% 305297 28769 70%
c - 82.86  0 29 34 124  1 357698 4213 1.4 39 27 24 30 95% 305287 28769 70%
c p 82.87  0 29 34 124  1 357698 5798 1.4 39 27 24 30 95% 305287 28769 70%
c u 82.92  0 29 34 124  1 357698 5783 1.4 39 27 24 30 95% 305287 28769 70%
c v 82.94  0 29 34 124  1 357698 5766 1.4 39 27 24 30 95% 305287 28769 70%
c w 82.95  0 29 34 124  1 357698 5762 1.4 39 27 24 30 95% 305287 28769 70%
c s 86.71  0 28 34 125  1 374728 13706 1.4 38 27 24 30 95% 305278 28769 70%
c s 86.78  0 28 34 125  1 374728 13558 1.4 38 27 24 30 95% 305278 28769 70%
c
c  seconds  reductions  conflicts         size    tier2         variables
c         MB     restarts      redundant     glue     trail          remaining
c          level      rate          size/glue  tier1    irredundant
c
c e 86.79  0 28 34 125  1 374728 13558 1.4 38 27 24 30 95% 305275 28768 70%
c W 88.47  0 28 34 125  1 378049 15361 1.4 39 27 24 30 95% 305275 28768 70%
c - 88.87  0 29 35 125  1 379896 4231 1.4 39 27 24 30 95% 305275 28768 70%
c p 88.88  0 29 35 125  1 379896 6017 1.4 39 27 24 30 95% 305275 28768 70%
c w 89.05  0 29 35 125  1 379896 5968 1.4 39 27 24 30 95% 305275 28768 70%
c - 93.89  0 29 36 126  1 402773 4683 1.4 39 28 23 30 95% 305275 28768 70%
c p 93.90  0 29 36 126  1 402773 6357 1.4 39 28 23 30 95% 305275 28767 70%
c u 93.96  0 29 36 126  1 402773 6334 1.4 39 28 23 30 95% 305275 28767 70%
c v 93.98  0 29 36 126  1 402773 6313 1.4 39 28 23 30 95% 305275 28767 70%
c w 94.00  0 29 36 126  1 402773 6297 1.4 39 28 23 30 95% 305275 28767 70%
c F 94.72  0 29 36 126  1 406050 8149 1.4 39 28 23 30 95% 305275 28767 70%
c - 98.77  0 30 37 126  1 426329 5021 1.4 40 28 23 30 95% 305265 28767 70%
c p 98.79  0 30 37 126  1 426329 6663 1.4 40 28 23 30 95% 305265 28767 70%
c u 98.87  0 30 37 126  1 426329 6635 1.4 40 28 23 30 95% 305265 28767 70%
c v 98.89  0 30 37 126  1 426329 6622 1.4 40 28 23 30 95% 305265 28767 70%
c w 98.90  0 30 37 126  1 426329 6616 1.4 40 28 23 30 95% 305265 28767 70%
c B 100.56  0 30 37 126  1 435051 11068 1.4 40 29 23 30 95% 305265 28767 70%
c s 103.66  0 30 37 126  1 449699 19009 1.4 41 29 23 30 95% 305260 28767 70%
c e 103.71  0 30 37 126  1 449699 19009 1.4 41 29 23 30 95% 305258 28766 70%
c s 103.73  0 30 37 126  1 449699 18996 1.4 41 29 23 30 95% 305257 28766 70%
c
c  seconds   reductions  conflicts        size    tier2         variables
c          MB     restarts     redundant     glue     trail          remaining
c           level      rate         size/glue  tier1    irredundant
c
c - 103.96  0 30 38 126  1 450563 5099 1.4 41 29 23 30 95% 305257 28766 70%
c p 103.97  0 30 38 126  1 450563 6891 1.4 41 29 23 30 95% 305257 28766 70%
c w 104.41  0 30 38 126  1 450563 6862 1.4 41 29 23 30 95% 305257 28766 70%
c x 104.43  0 30 38 126  1 450563 6862 1.4 41 29 23 30 95% 305256 28766 70%
c W 108.69  0 30 38 126  1 465053 14887 1.4 41 29 24 30 95% 305256 28766 70%
c - 111.10  0 30 39 133  1 475475 5288 1.4 41 29 24 30 95% 305256 28766 70%
c p 111.11  0 30 39 133  1 475475 7226 1.4 41 29 24 30 95% 305256 28766 70%
c u 111.19  0 30 39 133  1 475475 7190 1.4 41 29 24 30 95% 305256 28766 70%
c v 111.21  0 30 39 133  1 475475 7144 1.4 41 29 24 30 95% 305256 28766 70%
c w 111.24  0 30 39 133  1 475475 7136 1.4 41 29 24 30 95% 305256 28766 70%
c # 115.99  0 30 39 141  1 496055 17964 1.4 40 29 24 30 95% 305256 28766 70%
c - 117.03  0 30 40 144  1 501073 5458 1.4 41 29 24 30 95% 305256 28766 70%
c p 117.05  0 30 40 144  1 501073 7405 1.4 41 29 24 30 95% 305256 28766 70%
c v 117.14  0 30 40 144  1 501073 7342 1.4 41 29 24 30 95% 305256 28766 70%
c w 117.15  0 30 40 144  1 501073 7329 1.4 41 29 24 30 95% 305256 28766 70%
c - 122.48  0 31 41 156  1 527345 5430 1.4 42 30 24 30 95% 305256 28766 70%
c p 122.49  0 31 41 156  1 527345 7004 1.4 42 30 24 30 95% 305256 28766 70%
c v 122.67  0 31 41 156  1 527345 6983 1.4 42 30 24 30 95% 305256 28766 70%
c w 122.68  0 31 41 156  1 527345 6973 1.4 42 30 24 30 95% 305256 28766 70%
c B 122.86  0 31 41 156  1 528057 7413 1.4 42 30 24 30 95% 305256 28766 70%
c
c  seconds   reductions  conflicts        size    tier2         variables
c          MB     restarts     redundant     glue     trail          remaining
c           level      rate         size/glue  tier1    irredundant
c
c s 123.61  0 31 41 156  1 531484 9386 1.4 42 30 24 30 95% 305253 28766 70%
c e 123.64  0 31 41 156  1 531484 9385 1.4 42 30 24 30 95% 305251 28765 70%
c s 123.66  0 31 41 156  1 531484 9380 1.4 42 30 24 30 95% 305251 28765 70%
c e 123.68  0 31 41 156  1 531484 9380 1.4 42 30 24 30 95% 305249 28764 70%
c - 128.77  0 31 42 162  1 554298 5498 1.4 42 30 24 30 95% 305249 28764 70%
c p 128.79  0 31 42 162  1 554298 7269 1.4 42 30 24 30 95% 305249 28764 70%
c u 128.86  0 31 42 162  1 554298 7230 1.4 42 30 24 30 95% 305249 28764 70%
c v 128.88  0 31 42 162  1 554298 7212 1.4 42 30 24 30 95% 305249 28764 70%
c w 128.90  0 31 42 162  1 554298 7201 1.4 42 30 24 30 95% 305249 28764 70%
c W 131.43  0 31 42 165  1 561058 10941 1.4 42 30 24 30 95% 305249 28764 70%
c - 135.95  0 31 43 173  1 581931 5486 1.4 42 30 24 30 95% 305249 28764 70%
c p 135.97  0 31 43 173  1 581931 7289 1.4 42 30 24 30 95% 305249 28763 70%
c u 136.04  0 31 43 173  1 581931 7273 1.4 42 30 24 30 95% 305249 28763 70%
c v 136.06  0 31 43 173  1 581931 7256 1.4 42 30 24 30 95% 305249 28763 70%
c w 136.08  0 31 43 173  1 581931 7247 1.4 42 30 24 30 95% 305249 28763 70%
c O 139.09  0 31 43 181  1 595060 14218 1.4 42 30 24 30 95% 305249 28763 70%
c - 142.36  0 31 44 187  1 610245 5910 1.4 42 29 24 30 95% 305239 28763 70%
c p 142.38  0 31 44 187  1 610245 8018 1.4 42 29 24 30 95% 305239 28763 70%
c u 142.46  0 31 44 187  1 610245 7995 1.4 42 29 24 30 95% 305239 28763 70%
c v 142.49  0 31 44 187  1 610245 7980 1.4 42 29 24 30 95% 305239 28763 70%
c
c  seconds   reductions  conflicts        size    tier2         variables
c          MB     restarts     redundant     glue     trail          remaining
c           level      rate         size/glue  tier1    irredundant
c
c w 142.51  0 31 44 187  1 610245 7965 1.4 42 29 24 30 95% 305239 28763 70%
c s 144.76  0 31 44 188  1 620086 13362 1.4 42 29 24 30 95% 305237 28763 70%
c s 144.82  0 31 44 188  1 620086 13348 1.4 42 29 24 30 95% 305237 28763 70%
c e 144.83  0 31 44 188  1 620086 13348 1.4 42 29 24 30 95% 305235 28762 70%
c B 147.06  0 31 44 188  1 630061 18496 1.4 42 29 24 30 95% 305235 28762 70%
c - 149.23  0 31 45 189  1 639238 6213 1.4 42 30 24 30 95% 305235 28762 70%
c p 149.25  0 31 45 189  1 639238 8277 1.4 42 30 24 30 95% 305235 28762 70%
c u 149.32  0 31 45 189  1 639238 8248 1.4 42 30 24 30 95% 305235 28762 70%
c v 149.33  0 31 45 189  1 639238 8237 1.4 42 30 24 30 95% 305235 28762 70%
c w 149.34  0 31 45 189  1 639238 8234 1.4 42 30 24 30 95% 305235 28762 70%
c W 156.35  0 31 45 191  1 666064 22191 1.4 42 30 24 31 95% 305235 28762 70%
c - 157.02  0 31 46 193  1 668913 6248 1.4 42 30 24 31 95% 305235 28762 70%
c p 157.04  0 31 46 193  1 668913 8276 1.4 42 30 24 31 95% 305235 28762 70%
c v 157.15  0 31 46 193  1 668913 8199 1.4 42 30 24 31 95% 305235 28762 70%
c w 157.18  0 31 46 193  1 668913 8190 1.4 42 30 24 31 95% 305235 28762 70%
c - 163.93  0 31 47 206  1 699268 6201 1.4 42 29 24 31 95% 305235 28762 70%
c p 163.95  0 31 47 206  1 699268 8314 1.4 42 29 24 31 95% 305235 28762 70%
c u 164.52  0 31 47 206  1 699268 8286 1.4 42 29 24 31 95% 305235 28762 70%
c v 164.55  0 31 47 206  1 699268 8246 1.4 42 29 24 31 95% 305235 28762 70%
c w 164.57  0 31 47 206  1 699268 8234 1.4 42 29 24 31 95% 305235 28762 70%
c
c  seconds   reductions  conflicts         size    tier2         variables
c          MB     restarts      redundant     glue     trail          remaining
c           level      rate          size/glue  tier1    irredundant
c
c I 165.49  0 31 47 209  1 703067 10217 1.4 42 29 24 31 95% 305235 28762 70%
c s 168.25  0 30 47 216  1 715505 16098 1.4 41 29 24 31 95% 305234 28762 70%
c s 168.31  0 30 47 216  1 715505 16079 1.4 41 29 24 31 95% 305234 28762 70%
c - 171.49  0 30 48 219  1 730304 6047 1.4 40 28 23 30 95% 305234 28762 70%
c p 171.51  0 30 48 219  1 730304 8124 1.4 40 28 23 30 95% 305234 28762 70%
c c 171.59  0 30 48 219  1 730304 8124 1.4 40 28 23 30 95% 305235 28762 70%
c d 171.59  0 30 48 219  1 730304 8124 1.4 40 28 23 30 95% 305233 28761 70%
c 2 171.63  0 30 48 219  1 730304 8124 1.4 40 28 23 30 95% 305225 28761 70%
c u 171.68  0 30 48 219  1 730304 8081 1.4 40 28 23 30 95% 305225 28761 70%
c v 171.71  0 30 48 219  1 730304 8051 1.4 40 28 23 30 95% 305225 28761 70%
c w 171.73  0 30 48 219  1 730304 8036 1.4 40 28 23 30 95% 305225 28761 70%
c B 174.20  0 30 48 220  1 741069 15547 1.5 42 28 23 30 95% 305225 28761 70%
c - 178.77  0 30 49 229  1 762022 7141 1.5 43 28 23 30 95% 305225 28761 70%
c p 178.79  0 30 49 229  1 762022 9238 1.5 43 28 23 30 95% 305225 28761 70%
c u 178.88  0 30 49 229  1 762022 9209 1.5 43 28 23 30 95% 305225 28761 70%
c v 178.92  0 30 49 229  1 762022 9183 1.5 43 28 23 30 95% 305225 28761 70%
c w 178.93  0 30 49 229  1 762022 9165 1.5 43 28 23 30 95% 305225 28761 70%
c W 184.37  0 30 49 235  1 780070 19898 1.5 44 28 23 30 95% 305225 28761 70%
c - 187.44  0 30 50 244  1 794420 7070 1.5 43 28 23 30 95% 305225 28761 70%
c p 187.45  0 30 50 244  1 794420 9318 1.5 43 28 23 30 95% 305225 28761 70%
c
c  seconds   reductions  conflicts        size    tier2         variables
c          MB     restarts     redundant     glue     trail          remaining
c           level      rate         size/glue  tier1    irredundant
c
c u 187.54  0 30 50 244  1 794420 9291 1.5 43 28 23 30 95% 305225 28761 70%
c v 187.57  0 30 50 244  1 794420 9272 1.5 43 28 23 30 95% 305225 28761 70%
c w 187.59  0 30 50 244  1 794420 9257 1.5 43 28 23 30 95% 305225 28761 70%
c s 192.65  0 29 50 251  1 817736 21317 1.5 42 28 23 30 95% 305225 28761 70%
c e 192.69  0 29 50 251  1 817736 21317 1.5 42 28 23 30 95% 305223 28760 70%
c s 192.72  0 29 50 251  1 817736 21301 1.5 42 28 23 30 95% 305223 28760 70%
c F 193.26  0 29 50 251  1 820073 22413 1.5 42 28 23 30 95% 305223 28760 70%
c - 194.88  0 30 51 251  1 827501 7094 1.5 43 28 23 30 95% 305223 28760 70%
c p 194.90  0 30 51 251  1 827501 9246 1.5 43 28 23 30 95% 305223 28760 70%
c u 194.99  0 30 51 251  1 827501 9209 1.5 43 28 23 30 95% 305223 28760 70%
c v 195.03  0 30 51 251  1 827501 9179 1.5 43 28 23 30 95% 305223 28760 70%
c w 195.05  0 30 51 251  1 827501 9152 1.5 43 28 23 30 95% 305223 28760 70%
c B 202.20  0 31 51 252  1 861074 28775 1.5 45 29 24 30 95% 305223 28760 70%
c - 202.27  0 31 52 252  1 861264 7615 1.5 45 29 24 30 95% 305223 28760 70%
c p 202.30  0 31 52 252  1 861264 9732 1.5 45 29 24 30 95% 305223 28760 70%
c u 202.46  0 31 52 252  1 861264 9682 1.5 45 29 24 30 95% 305223 28760 70%
c v 202.49  0 31 52 252  1 861264 9669 1.5 45 29 24 30 95% 305223 28760 70%
c w 202.51  0 31 52 252  1 861264 9657 1.5 45 29 24 30 95% 305223 28760 70%
c - 210.25  0 31 53 253  1 895709 7533 1.5 44 29 24 30 95% 305223 28760 70%
c p 210.28  0 31 53 253  1 895709 9922 1.5 44 29 24 30 95% 305223 28760 70%
c
c  seconds   reductions  conflicts        size    tier2         variables
c          MB     restarts     redundant     glue     trail          remaining
c           level      rate         size/glue  tier1    irredundant
c
c u 210.36  0 31 53 253  1 895709 9876 1.5 44 29 24 30 95% 305223 28760 70%
c v 210.38  0 31 53 253  1 895709 9864 1.5 44 29 24 30 95% 305223 28760 70%
c w 210.39  0 31 53 253  1 895709 9852 1.5 44 29 24 30 95% 305223 28760 70%
c W 213.47  0 31 53 253  1 903075 13581 1.5 44 29 24 30 95% 305223 28760 70%
c - 220.01  0 31 54 254  1 930836 7645 1.5 44 29 23 30 95% 305223 28760 70%
c p 220.03  0 31 54 254  1 930836 10079 1.5 44 29 23 30 95% 305223 28760 70%
c u 220.13  0 31 54 254  1 930836 10041 1.5 44 29 23 30 95% 305223 28760 70%
c v 220.17  0 31 54 254  1 930836 9979 1.5 44 29 23 30 95% 305223 28760 70%
c w 220.19  0 31 54 254  1 930836 9954 1.5 44 29 23 30 95% 305223 28760 70%
c # 223.71  0 31 54 254  1 946076 17917 1.5 44 29 23 30 95% 305223 28760 70%
c - 228.06  0 31 55 254  1 966643 7700 1.5 45 30 23 30 95% 305223 28760 70%
c p 228.09  0 31 55 254  1 966643 10009 1.5 45 30 23 30 95% 305223 28760 70%
c u 228.21  0 31 55 254  1 966643 9958 1.5 45 30 23 30 95% 305223 28760 70%
c v 228.24  0 31 55 254  1 966643 9924 1.5 45 30 23 30 95% 305223 28760 70%
c w 228.26  0 31 55 254  1 966643 9909 1.5 45 30 23 30 95% 305223 28760 70%
c B 233.41  0 32 55 254  1 990079 23310 1.5 45 30 24 31 95% 305223 28760 70%
c - 236.27  0 31 56 254  1 1003133 8172 1.5 45 30 24 31 95% 305223 28760 70%
c p 236.29  0 31 56 254  1 1003133 10700 1.5 45 30 24 31 95% 305223 28760 70%
c u 236.39  0 31 56 254  1 1003133 10668 1.5 45 30 24 31 95% 305223 28760 70%
c v 236.42  0 31 56 254  1 1003133 10639 1.5 45 30 24 31 95% 305223 28760 70%
c
c  seconds   reductions   conflicts         size    tier2         variables
c          MB     restarts       redundant     glue     trail          remaining
c           level      rate           size/glue  tier1    irredundant
c
c w 236.45  0 31 56 254  1 1003133 10619 1.5 45 30 24 31 95% 305223 28760 70%
c W 244.88  0 31 56 254  1 1035082 25326 1.5 43 29 24 31 95% 305223 28760 70%
c - 246.02  0 31 57 254  1 1040306 7457 1.5 43 29 24 31 95% 305223 28760 70%
c p 246.04  0 31 57 254  1 1040306 9973 1.5 43 29 24 31 95% 305223 28760 70%
c u 246.30  0 31 57 254  1 1040306 9945 1.5 43 29 24 31 95% 305223 28760 70%
c v 246.34  0 31 57 254  1 1040306 9923 1.5 43 29 24 31 95% 305223 28760 70%
c w 246.36  0 31 57 254  1 1040306 9903 1.5 43 29 24 31 95% 305223 28760 70%
c - 254.82  0 31 58 264  1 1078161 7807 1.5 43 29 24 30 95% 305223 28760 70%
c p 254.85  0 31 58 264  1 1078161 10235 1.5 43 29 24 30 95% 305223 28760 70%
c u 254.95  0 31 58 264  1 1078161 10208 1.5 43 29 24 30 95% 305223 28760 70%
c v 254.99  0 31 58 264  1 1078161 10167 1.5 43 29 24 30 95% 305223 28760 70%
c w 255.01  0 31 58 264  1 1078161 10152 1.5 43 29 24 30 95% 305223 28760 70%
c O 255.65  0 31 58 266  1 1081083 11880 1.5 43 29 24 30 95% 305223 28760 70%
c - 263.60  0 31 59 283  1 1116700 7756 1.4 41 29 24 30 95% 305223 28760 70%
c p 263.62  0 31 59 283  1 1116700 10509 1.4 41 29 24 30 95% 305223 28760 70%
c u 263.74  0 31 59 283  1 1116700 10479 1.4 41 29 24 30 95% 305223 28760 70%
c v 263.78  0 31 59 283  1 1116700 10432 1.4 41 29 24 30 95% 305223 28760 70%
c w 263.80  0 31 59 283  1 1116700 10413 1.4 41 29 24 30 95% 305223 28760 70%
c B 266.32  0 30 59 284  1 1128086 16214 1.4 41 29 24 30 95% 305223 28760 70%
c ] 267.66  0 31 59 285  1 1134156 19735 1.4 41 29 24 30 95% 305223 28760 70%
c
c  seconds   reductions   conflicts         size    tier2         variables
c          MB     restarts       redundant     glue     trail          remaining
c           level      rate           size/glue  tier1    irredundant
c
c ? 267.66  0 31 59 285  1 1134156 19735 1.4 41 29 24 30 95% 305223 28760 70%
c
c --- [ result ] -------------------------------------------------------------
c
c writing result to 'search-results/cadical-support70-cover-20260902/anchor-001-p1-s1.result'
c
c --- [ run-time profiling ] -------------------------------------------------
c
c process time taken by individual solving procedures
c (percentage relative to process time for solving)
c
c       256.22   95.75% search
c       243.01   90.81% stable
c        13.19    4.93% walk
c        11.38    4.25% simplify
c         3.62    1.35% vivify
c         1.86    0.69% sweep
c         1.45    0.54% congruence
c         1.02    0.38% backbone
c         0.88    0.33% elim
c         0.72    0.27% subsume
c         0.38    0.14% probe
c         0.26    0.10% ternary
c         0.06    0.02% parse
c         0.02    0.01% lucky
c   =================================
c       267.61   99.98% solve
c
c last line shows process time for solving
c (percentage relative to total process time)
c
c --- [ statistics ] ---------------------------------------------------------
c
c chronological:            106305         9.37 %  of conflicts
c conflicts:               1134156      4238.14    per second
c backbone:               76811869    185728.82 %  of vars
c decisions:               1197980      4476.64    per second
c eliminated:                 2733         6.61 %  of all variables
c fixed:                      9140        22.10 %  of all variables
c learned:                 1119348        98.69 %  per conflict
c learned_lits:          574112263       100.00 %  learned literals
c minimized:                     0         0.00 %  learned literals
c shrunken:              523326013        91.15 %  learned literals
c minishrunken:            3774724         0.66 %  learned literals
c otfs:                        628         0.06 %  of conflict
c propagations:          989180377         3.70 M  per second
c reduced:                  586213        51.69 %  per conflict
c rephased:                     47     24130.98    interval
c restarts:                    285      3979.49    interval
c substituted:                 724         1.75 %  of all variables
c subsumed:                 515637        33.50 %  of all clauses
c strengthened:              32702         2.12 %  of all clauses
c ticks:               11358320211        14.91    propagation
c vivified:                   1303         0.08 %  of all clauses
c walked:                       15     75610.40    interval
c weakened:                  12877         2.77    average size
c congruence:                   20     56707.80    interval
c
c seconds are measured in process time for solving
c
c --- [ glue usage ] ---------------------------------------------------------
c
c focused glue 2 used 0 clauses 0.000% accumulated 0.000% tier1
c focused glue 3 used 0 clauses 0.000% accumulated 0.000%
c focused glue 4 used 0 clauses 0.000% accumulated 0.000%
c focused glue 5 used 0 clauses 0.000% accumulated 0.000%
c focused glue 6 used 0 clauses 0.000% accumulated 0.000% tier2
c
c stable glue 24 used 191431 clauses 5.299% accumulated 55.19% tier1
c stable glue 25 used 190469 clauses 5.272% accumulated 60.47%
c stable glue 26-28 used 556360 clauses 15.40% accumulated 75.87%
c stable glue 29 used 176755 clauses 4.893% accumulated 80.76%
c stable glue 30 used 166271 clauses 4.602% accumulated 85.36% tier2
c
c
c --- [ resources ] ----------------------------------------------------------
c
c total process time since initialization:       267.66    seconds
c total real time since initialization:          300.01    seconds
c maximum resident set size of process:          235.06    MB
c
c --- [ shutting down ] ------------------------------------------------------
c
c exit 0
