c --- [ banner ] -------------------------------------------------------------
c
c CaDiCaL SAT Solver
c Copyright (c) 2016-2026
c A. Biere, M. Fleury, N. Froleyks, K. Fazekas, F. Pollitt, T. Faller
c JKU Linz, University of Freiburg, TU Wien
c
c Version 3.0.1 c60730422e758ef1cebe7aeddf2dda31c996bf04
c Apple clang version 21.0.0 (clang-2100.1.1.101) -Wall -Wextra -O3 -DNDEBUG -DNCLOSEFROM
c Tue Sep 1 21:08:57 PDT 2026 Darwin retained-runner 25.6.0 arm64
c
c --- [ limit ] --------------------------------------------------------------
c
c setting time limit to 300 seconds real time (due to '-t 300')
c
c --- [ parsing input ] ------------------------------------------------------
c
c reading DIMACS file from 'search-results/cadical-support70-cover-20260902/cnf/anchor-001-p1-s0.cnf'
c opening file to read 'search-results/cadical-support70-cover-20260902/cnf/anchor-001-p1-s0.cnf'
c found 'p cnf 41357 414868' header
c parsed 414868 clauses in 0.05 seconds process time
c
c --- [ options ] ------------------------------------------------------------
c
c   --elimeffort=10                (different from default '1e3')
c   --stabilizeonly=true           (different from default 'false')
c   --subsumeeffort=60             (different from default '1e3')
c
c --- [ solving ] ------------------------------------------------------------
c
c time measured in process time since initialization
c
c  seconds  reduction conflicts       size tier2        variables
c         MB    restarts   redundant    glue  trail          remaining
c          level     rate       size/glu tier1  irredundant
c
c *  0.05  0  0 0   0  0    0    0 0.0 0 0 2 6  0% 329702 32370 78%
c )  0.06  0  0 0   0  0    0    0 0.0 0 0 2 6  0% 329702 32370 78%
c [  0.07  0  0 0   0  0    0    0 0.0 0 0 2 6  0% 329702 32370 78%
c -  0.12  0 35 1   0  1  300   92 1.3 32 26 2 6 96% 314593 32370 78%
c -  0.21  0 34 2   0  1  948  236 1.6 43 27 2 6 96% 314586 32370 78%
c I  0.23  0 34 2   0  1 1004  285 1.6 44 27 2 6 96% 314586 32370 78%
c -  0.42  0 31 3   1  1 2099  403 1.7 44 26 2 6 94% 314565 32370 78%
c B  0.60  0 30 3   2  1 3006  868 1.7 44 26 2 6 92% 314549 32370 78%
c d  0.61  0 30 3   2  1 3044  900 1.7 44 26 2 6 94% 313241 31716 77%
c c  0.69  0 30 3   2  1 3044  900 1.7 44 26 2 6 94% 313239 31716 77%
c d  0.69  0 30 3   2  1 3044  900 1.7 44 26 2 6 94% 313237 31715 77%
c t  0.77  0 30 3   2  1 3044  899 1.7 44 26 2 6 94% 313237 31715 77%
c -  0.94  0 31 4   2  1 3814  503 1.7 46 27 2 6 92% 313227 31715 77%
c W  1.51  0 31 4   4  1 6009 1866 1.7 48 28 27 31 91% 313197 31715 77%
c -  1.54  0 31 5   4  1 6122  635 1.7 48 28 27 31 91% 313197 31715 77%
c s  1.69  0 32 5   5  1 6697  966 1.7 48 28 27 31 91% 313149 31715 77%
c e  1.91  0 32 5   5  1 6697  560 1.7 48 28 27 31 91% 307554 28981 70%
c s  1.92  0 32 5   5  1 6697  560 1.7 48 28 27 31 91% 307552 28981 70%
c e  1.96  0 32 5   5  1 6697  556 1.7 48 28 27 31 91% 307399 28951 70%
c -  2.51  0 32 6   6  1 9048  531 1.6 47 29 27 32 95% 307399 28951 70%
c
c  seconds  reductions conflicts       size    tier2         variables
c         MB    restarts    redundant     glue     trail          remaining
c          level     rate        size/glue  tier1    irredundant
c
c F  2.68  0 32 6   6  1 10013 1047 1.6 46 29 28 32 95% 307399 28951 70%
c c  2.95  0 32 6   6  1 10848 1525 1.6 46 30 28 32 95% 307401 28951 70%
c d  2.95  0 32 6   6  1 10848 1525 1.6 46 30 28 32 95% 307397 28949 70%
c 2  2.96  0 32 6   6  1 10848 1525 1.6 46 30 28 32 95% 307380 28949 70%
c -  3.34  0 32 7   7  1 12585  696 1.5 45 30 28 32 95% 307380 28949 70%
c B  3.91  0 33 7   9  1 15016 2114 1.5 45 30 28 32 95% 307380 28949 70%
c -  4.24  0 33 8   9  1 16756  853 1.5 45 30 28 32 95% 307380 28949 70%
c u  4.31  0 33 8   9  1 16756  844 1.5 45 30 28 32 95% 307380 28943 70%
c v  4.32  0 33 8   9  1 16756  825 1.5 45 30 28 32 95% 307380 28943 70%
c w  4.33  0 33 8   9  1 16756  820 1.5 45 30 28 32 95% 307380 28943 70%
c x  4.34  0 33 8   9  1 16756  819 1.5 45 30 28 32 95% 307208 28943 70%
c s  5.05  0 33 8  12  1 20332 3017 1.5 45 30 28 32 95% 307208 28943 70%
c t  5.06  0 33 8  12  1 20332 3017 1.5 45 30 28 32 95% 307207 28943 70%
c e  5.09  0 33 8  12  1 20332 3007 1.5 45 30 28 32 95% 307080 28922 70%
c s  5.12  0 33 8  12  1 20332 3007 1.5 45 30 28 32 95% 307074 28922 70%
c W  5.47  0 33 8  13  1 21018 3384 1.5 45 31 28 32 95% 307074 28922 70%
c -  5.59  0 33 9  13  1 21571  995 1.5 45 31 29 33 95% 307074 28922 70%
c c  5.66  0 33 9  13  1 21571  995 1.5 45 31 29 33 95% 307079 28922 70%
c d  5.66  0 33 9  13  1 21571  995 1.5 45 31 29 33 95% 307045 28905 70%
c 2  5.68  0 33 9  13  1 21571  995 1.5 45 31 29 33 95% 306892 28905 70%
c
c  seconds  reductions  conflicts       size    tier2         variables
c         MB     restarts    redundant     glue     trail          remaining
c          level      rate        size/glue  tier1    irredundant
c
c -  6.62  0 33 10  14  1 27031 1160 1.5 45 31 29 33 95% 306892 28905 70%
c #  6.87  0 33 10  14  1 28020 1776 1.5 45 31 29 33 95% 306892 28905 70%
c -  7.82  0 33 11  14  1 33142 1310 1.5 46 31 29 33 95% 306892 28905 70%
c u  7.85  0 33 11  14  1 33142 1299 1.5 46 31 29 33 95% 306892 28905 70%
c v  7.88  0 33 11  14  1 33142 1270 1.5 46 31 29 33 95% 306892 28905 70%
c w  7.88  0 33 11  14  1 33142 1270 1.5 46 31 29 33 95% 306892 28905 70%
c x  7.89  0 33 11  14  1 33142 1269 1.5 46 31 29 33 95% 306771 28905 70%
c B  8.41  0 33 11  17  1 36024 2920 1.5 46 31 29 33 95% 306771 28905 70%
c -  9.10  0 33 12  20  1 39909 1355 1.5 46 31 29 33 95% 306771 28905 70%
c s  9.47  0 33 12  20  1 40783 1913 1.5 46 31 29 33 95% 306771 28905 70%
c e  9.50  0 33 12  20  1 40783 1910 1.5 46 31 29 33 95% 306766 28904 70%
c s  9.51  0 33 12  20  1 40783 1905 1.5 46 31 29 33 95% 306568 28904 70%
c e  9.53  0 33 12  20  1 40783 1903 1.5 46 31 29 33 95% 306541 28880 70%
c W 10.57  0 33 12  21  1 45025 4117 1.5 45 31 29 33 95% 306541 28880 70%
c - 10.98  0 33 13  23  1 47334 1445 1.4 45 31 29 33 95% 306541 28880 70%
c p 10.98  0 33 13  23  1 47334 1466 1.4 45 31 29 33 95% 306541 28880 70%
c O 12.32  0 33 13  28  1 55026 5557 1.5 46 31 29 33 95% 306541 28880 70%
c - 12.45  0 33 14  28  1 55422 1547 1.5 45 31 29 33 95% 306541 28880 70%
c p 12.45  0 33 14  28  1 55422 1670 1.5 45 31 29 33 95% 306541 28880 70%
c u 12.47  0 33 14  28  1 55422 1641 1.5 45 31 29 33 95% 306531 28880 70%
c
c  seconds  reductions  conflicts       size    tier2         variables
c         MB     restarts    redundant     glue     trail          remaining
c          level      rate        size/glue  tier1    irredundant
c
c v 12.50  0 33 14  28  1 55422 1626 1.5 45 31 29 33 95% 306531 28880 70%
c w 12.51  0 33 14  28  1 55422 1623 1.5 45 31 29 33 95% 306531 28880 70%
c x 12.52  0 33 14  28  1 55422 1623 1.5 45 31 29 33 95% 306520 28880 70%
c - 14.38  0 33 15  29  1 64169 1684 1.4 44 31 29 33 95% 306520 28880 70%
c p 14.40  0 33 15  29  1 64169 1967 1.4 44 31 29 33 95% 306520 28880 70%
c c 14.47  0 33 15  29  1 64169 1967 1.4 44 31 29 33 95% 306517 28880 70%
c d 14.48  0 33 15  29  1 64169 1967 1.4 44 31 29 33 95% 306513 28878 70%
c 2 14.49  0 33 15  29  1 64169 1967 1.4 44 31 29 33 95% 306496 28878 70%
c B 14.91  0 33 15  29  1 66029 2907 1.4 44 31 29 33 95% 306496 28878 70%
c s 15.39  0 32 15  30  1 68047 3736 1.4 43 30 29 33 95% 306315 28878 70%
c e 15.43  0 32 15  30  1 68047 3716 1.4 43 30 29 33 95% 306275 28855 70%
c s 15.47  0 32 15  30  1 68047 3710 1.4 43 30 29 33 95% 306168 28855 70%
c e 15.50  0 32 15  30  1 68047 3706 1.4 43 30 29 33 95% 306149 28845 70%
c - 16.64  0 32 16  30  1 73581 1779 1.4 43 30 27 32 95% 306149 28845 70%
c p 16.66  0 32 16  30  1 73581 2059 1.4 43 30 27 32 95% 306149 28845 70%
c u 16.68  0 32 16  30  1 73581 2054 1.4 43 30 27 32 95% 306149 28845 70%
c v 16.73  0 32 16  30  1 73581 2005 1.4 43 30 27 32 95% 306149 28845 70%
c w 16.74  0 32 16  30  1 73581 2002 1.4 43 30 27 32 95% 306149 28845 70%
c W 18.06  0 32 16  30  1 78032 4698 1.4 43 30 27 32 95% 306149 28845 70%
c - 19.10  0 32 17  31  1 83657 1944 1.4 42 30 27 32 95% 306149 28845 70%
c
c  seconds  reductions  conflicts       size    tier2         variables
c         MB     restarts    redundant     glue     trail          remaining
c          level      rate        size/glue  tier1    irredundant
c
c p 19.10  0 32 17  31  1 83657 2288 1.4 42 30 27 32 95% 306149 28839 70%
c c 19.18  0 32 17  31  1 83657 2288 1.4 42 30 27 32 95% 306165 28839 70%
c d 19.18  0 32 17  31  1 83657 2250 1.4 42 30 27 32 95% 306073 28823 70%
c 2 19.20  0 32 17  31  1 83657 2250 1.4 42 30 27 32 95% 305929 28823 70%
c I 20.71  0 32 17  36  1 91036 6221 1.4 42 30 27 32 95% 305929 28823 70%
c - 21.45  0 31 18  37  1 94400 2121 1.4 41 30 27 32 95% 305929 28823 70%
c p 21.47  0 31 18  37  1 94400 2544 1.4 41 30 27 32 95% 305929 28823 70%
c u 21.57  0 31 18  37  1 94400 2536 1.4 41 30 27 32 95% 305929 28823 70%
c v 21.61  0 31 18  37  1 94400 2510 1.4 41 30 27 32 95% 305929 28823 70%
c w 21.61  0 31 18  37  1 94400 2509 1.4 41 30 27 32 95% 305929 28823 70%
c x 21.63  0 31 18  37  1 94400 2509 1.4 41 30 27 32 95% 305929 28823 70%
c s 23.40  0 31 18  43  1 102127 6353 1.4 41 29 27 32 95% 305826 28823 70%
c e 23.45  0 31 18  43  1 102127 6352 1.4 41 29 27 32 95% 305818 28820 70%
c s 23.48  0 31 18  43  1 102127 6346 1.4 41 29 27 32 95% 305779 28820 70%
c e 23.51  0 31 18  43  1 102127 6346 1.4 41 29 27 32 95% 305761 28814 70%
c B 24.19  0 31 18  44  1 105037 7877 1.4 41 29 27 32 95% 305761 28814 70%
c - 24.40  0 31 19  44  1 105813 2218 1.4 41 29 27 32 95% 305761 28814 70%
c p 24.41  0 31 19  44  1 105813 2918 1.4 41 29 27 32 95% 305761 28814 70%
c - 26.87  0 31 20  47  1 117893 2372 1.4 41 30 27 32 95% 305761 28814 70%
c p 26.88  0 31 20  47  1 117893 3449 1.4 41 30 27 32 95% 305761 28814 70%
c
c  seconds  reductions  conflicts        size    tier2         variables
c         MB     restarts     redundant     glue     trail          remaining
c          level      rate         size/glue  tier1    irredundant
c
c c 26.94  0 31 20  47  1 117893 3449 1.4 41 30 27 32 95% 305783 28814 70%
c d 26.95  0 31 20  47  1 117893 3449 1.4 41 30 27 32 95% 305739 28792 70%
c 2 26.96  0 31 20  47  1 117893 3449 1.4 41 30 27 32 95% 305541 28792 70%
c u 26.98  0 31 20  47  1 117893 3428 1.4 41 30 27 32 95% 305541 28792 70%
c v 27.03  0 31 20  47  1 117893 3393 1.4 41 30 27 32 95% 305541 28792 70%
c w 27.04  0 31 20  47  1 117893 3384 1.4 41 30 27 32 95% 305541 28792 70%
c W 28.07  0 31 20  48  1 120039 4609 1.4 41 30 27 32 95% 305541 28792 70%
c - 30.18  0 31 21  54  1 130645 2636 1.4 41 30 27 32 95% 305541 28792 70%
c p 30.20  0 31 21  54  1 130645 3117 1.4 41 30 27 32 95% 305541 28792 70%
c F 31.40  0 31 21  58  1 136040 5907 1.4 41 30 27 32 95% 305541 28792 70%
c s 32.93  0 31 21  60  1 143018 9681 1.4 41 29 26 31 95% 305519 28792 70%
c e 32.97  0 31 21  60  1 143018 9681 1.4 41 29 26 31 95% 305516 28791 70%
c s 33.00  0 31 21  60  1 143018 9636 1.4 41 29 26 31 95% 305503 28791 70%
c e 33.02  0 31 21  60  1 143018 9632 1.4 41 29 26 31 95% 305497 28789 70%
c - 33.29  0 31 22  60  1 144064 2729 1.4 41 29 26 31 95% 305497 28789 70%
c p 33.30  0 31 22  60  1 144064 3815 1.4 41 29 26 31 95% 305497 28789 70%
c v 33.38  0 31 22  60  1 144064 3735 1.4 41 29 26 31 95% 305497 28789 70%
c w 33.39  0 31 22  60  1 144064 3723 1.4 41 29 26 31 95% 305497 28789 70%
c B 35.36  0 31 22  61  1 153042 8047 1.4 40 29 26 31 95% 305497 28789 70%
c - 36.45  0 30 23  61  1 158157 2705 1.4 40 29 26 31 95% 305497 28789 70%
c
c  seconds  reductions  conflicts        size    tier2         variables
c         MB     restarts     redundant     glue     trail          remaining
c          level      rate         size/glue  tier1    irredundant
c
c p 36.47  0 30 23  61  1 158157 4029 1.4 40 29 26 31 95% 305497 28788 70%
c v 36.86  0 30 23  61  1 158157 4007 1.4 40 29 26 31 95% 305487 28788 70%
c w 36.87  0 30 23  61  1 158157 4004 1.4 40 29 26 31 95% 305487 28788 70%
c W 40.16  0 30 23  62  1 171043 10862 1.4 40 29 26 31 95% 305486 28788 70%
c - 40.54  0 30 24  62  1 172920 2918 1.4 40 29 26 31 95% 305486 28788 70%
c p 40.54  0 30 24  62  1 172920 4165 1.4 40 29 26 31 95% 305486 28788 70%
c u 40.58  0 30 24  62  1 172920 4158 1.4 40 29 26 31 95% 305486 28788 70%
c v 40.60  0 30 24  62  1 172920 4150 1.4 40 29 26 31 95% 305486 28788 70%
c w 40.62  0 30 24  62  1 172920 4139 1.4 40 29 26 31 95% 305486 28788 70%
c - 43.94  0 30 25  62  1 188356 3034 1.4 40 28 26 31 95% 305486 28788 70%
c p 43.96  0 30 25  62  1 188356 4450 1.4 40 28 26 31 95% 305486 28788 70%
c v 44.01  0 30 25  62  1 188356 4424 1.4 40 28 26 31 95% 305486 28788 70%
c w 44.02  0 30 25  62  1 188356 4417 1.4 40 28 26 31 95% 305486 28788 70%
c # 44.42  0 30 25  62  1 190044 5347 1.4 40 28 26 31 95% 305486 28788 70%
c s 44.59  0 30 25  62  1 190727 5615 1.4 40 29 26 31 95% 305478 28788 70%
c e 44.63  0 30 25  62  1 190727 5615 1.4 40 29 26 31 95% 305476 28787 70%
c s 44.65  0 30 25  62  1 190727 5611 1.4 40 29 26 31 95% 305467 28787 70%
c e 44.68  0 30 25  62  1 190727 5611 1.4 40 29 26 31 95% 305455 28783 70%
c - 47.34  0 31 26  66  1 204468 3239 1.4 40 29 25 31 95% 305455 28783 70%
c p 47.35  0 31 26  66  1 204468 4391 1.4 40 29 25 31 95% 305455 28783 70%
c
c  seconds  reductions  conflicts        size    tier2         variables
c         MB     restarts     redundant     glue     trail          remaining
c          level      rate         size/glue  tier1    irredundant
c
c v 47.47  0 31 26  66  1 204468 4358 1.4 40 29 25 31 95% 305455 28783 70%
c w 47.48  0 31 26  66  1 204468 4353 1.4 40 29 25 31 95% 305455 28783 70%
c B 48.61  0 31 26  69  1 210046 7170 1.4 40 29 25 31 95% 305455 28783 70%
c - 50.89  0 31 27  76  1 221253 3350 1.4 41 29 25 31 95% 305455 28783 70%
c p 50.91  0 31 27  76  1 221253 4673 1.4 41 29 25 31 95% 305455 28783 70%
c u 50.95  0 31 27  76  1 221253 4653 1.4 41 29 25 31 95% 305455 28783 70%
c v 50.96  0 31 27  76  1 221253 4643 1.4 41 29 25 31 95% 305455 28783 70%
c w 50.96  0 31 27  76  1 221253 4638 1.4 41 29 25 31 95% 305455 28783 70%
c W 53.64  0 31 27  77  1 231050 10030 1.4 41 30 25 31 95% 305455 28783 70%
c - 55.25  0 32 28  82  1 238714 3567 1.4 42 30 25 31 95% 305455 28783 70%
c p 55.26  0 32 28  82  1 238714 4936 1.4 42 30 25 31 95% 305455 28782 70%
c u 55.29  0 32 28  82  1 238714 4918 1.4 42 30 25 31 95% 305455 28782 70%
c v 55.31  0 32 28  82  1 238714 4909 1.4 42 30 25 31 95% 305455 28782 70%
c w 55.32  0 32 28  82  1 238714 4898 1.4 42 30 25 31 95% 305455 28782 70%
c s 56.71  0 32 28  85  1 245251 8850 1.4 42 30 25 31 95% 305435 28782 70%
c e 56.75  0 32 28  85  1 245251 8850 1.4 42 30 25 31 95% 305422 28781 70%
c s 56.77  0 32 28  85  1 245251 8843 1.4 42 30 25 31 95% 305407 28781 70%
c e 56.79  0 32 28  85  1 245251 8843 1.4 42 30 25 31 95% 305396 28777 70%
c O 58.58  0 32 28  90  1 253052 13278 1.4 42 30 25 31 95% 305396 28777 70%
c - 59.40  0 32 29  91  1 256851 3904 1.4 42 30 25 31 95% 305396 28777 70%
c
c  seconds  reductions  conflicts        size    tier2         variables
c         MB     restarts     redundant     glue     trail          remaining
c          level      rate         size/glue  tier1    irredundant
c
c p 59.42  0 32 29  91  1 256851 5397 1.4 42 30 25 31 95% 305396 28777 70%
c u 59.48  0 32 29  91  1 256851 5381 1.4 42 30 25 31 95% 305396 28777 70%
c v 59.50  0 32 29  91  1 256851 5372 1.4 42 30 25 31 95% 305396 28777 70%
c - 63.43  0 31 30  93  1 275665 4250 1.4 42 29 25 31 95% 305396 28777 70%
c p 63.44  0 31 30  93  1 275665 6245 1.4 42 29 25 31 95% 305396 28776 70%
c u 63.90  0 31 30  93  1 275665 6211 1.4 42 29 25 31 95% 305386 28776 70%
c v 63.92  0 31 30  93  1 275665 6196 1.4 42 29 25 31 95% 305386 28776 70%
c w 63.94  0 31 30  93  1 275665 6191 1.4 42 29 25 31 95% 305386 28776 70%
c B 64.02  0 31 30  93  1 276053 6474 1.4 42 30 25 31 95% 305386 28776 70%
c - 67.89  0 32 31 101  1 295153 4484 1.5 43 30 25 31 95% 305386 28776 70%
c p 67.91  0 32 31 101  1 295153 5845 1.5 43 30 25 31 95% 305386 28776 70%
c u 67.96  0 32 31 101  1 295153 5810 1.5 43 30 25 31 95% 305386 28776 70%
c v 67.98  0 32 31 101  1 295153 5793 1.5 43 30 25 31 95% 305386 28776 70%
c w 67.99  0 32 31 101  1 295153 5790 1.5 43 30 25 31 95% 305386 28776 70%
c W 69.67  0 32 31 104  1 300054 8675 1.5 44 30 25 31 95% 305386 28776 70%
c s 70.95  0 32 31 107  1 306590 12193 1.5 44 30 25 31 95% 305376 28776 70%
c s 71.01  0 32 31 107  1 306590 12182 1.5 44 30 25 31 95% 305370 28776 70%
c e 71.03  0 32 31 107  1 306590 12182 1.5 44 30 25 31 95% 305364 28774 70%
c - 72.78  0 32 32 108  1 315318 4495 1.5 44 30 25 31 95% 305364 28774 70%
c 2 72.78  0 32 32 108  1 315318 4495 1.5 44 30 25 31 95% 305364 28773 70%
c
c  seconds  reductions  conflicts        size    tier2         variables
c         MB     restarts     redundant     glue     trail          remaining
c          level      rate         size/glue  tier1    irredundant
c
c p 72.79  0 32 32 108  1 315318 5768 1.5 44 30 25 31 95% 305364 28773 70%
c u 72.83  0 32 32 108  1 315318 5755 1.5 44 30 25 31 95% 305364 28773 70%
c v 72.85  0 32 32 108  1 315318 5752 1.5 44 30 25 31 95% 305364 28773 70%
c w 72.86  0 32 32 108  1 315318 5742 1.5 44 30 25 31 95% 305364 28773 70%
c I 74.75  0 32 32 115  1 325056 11272 1.5 44 30 25 31 95% 305364 28773 70%
c - 77.23  0 32 33 121  1 336162 4573 1.5 44 30 25 32 95% 305355 28773 70%
c p 77.25  0 32 33 121  1 336162 6117 1.5 44 30 25 32 95% 305355 28772 70%
c u 77.31  0 32 33 121  1 336162 6100 1.5 44 30 25 32 95% 305355 28772 70%
c v 77.33  0 32 33 121  1 336162 6084 1.5 44 30 25 32 95% 305355 28772 70%
c w 77.35  0 32 33 121  1 336162 6070 1.5 44 30 25 32 95% 305355 28772 70%
c B 80.33  0 32 33 124  1 351061 14351 1.5 43 30 25 32 95% 305355 28772 70%
c - 81.85  0 32 34 124  1 357683 4578 1.4 43 30 25 32 95% 305345 28772 70%
c 2 81.85  0 32 34 124  1 357683 4578 1.4 43 30 25 32 95% 305345 28771 70%
c p 81.86  0 32 34 124  1 357683 6114 1.4 43 30 25 32 95% 305345 28771 70%
c u 81.92  0 32 34 124  1 357683 6073 1.4 43 30 25 32 95% 305345 28771 70%
c v 81.93  0 32 34 124  1 357683 6058 1.4 43 30 25 32 95% 305345 28771 70%
c w 81.94  0 32 34 124  1 357683 6044 1.4 43 30 25 32 95% 305345 28771 70%
c s 85.49  0 31 34 125  1 374744 14879 1.4 42 29 25 32 95% 305332 28771 70%
c s 85.56  0 31 34 125  1 374744 14867 1.4 42 29 25 32 95% 305311 28771 70%
c e 85.57  0 31 34 125  1 374744 14867 1.4 42 29 25 32 95% 305308 28770 70%
c
c  seconds  reductions  conflicts         size    tier2         variables
c         MB     restarts      redundant     glue     trail          remaining
c          level      rate          size/glue  tier1    irredundant
c
c W 87.33  0 31 34 125  1 378062 16557 1.4 42 29 25 32 95% 305308 28770 70%
c - 87.78  0 31 35 125  1 379883 4539 1.4 42 29 25 32 95% 305308 28770 70%
c p 87.80  0 31 35 125  1 379883 6356 1.4 42 29 25 32 95% 305308 28770 70%
c c 87.87  0 31 35 125  1 379883 6356 1.4 42 29 25 32 95% 305309 28770 70%
c d 87.87  0 31 35 125  1 379883 6356 1.4 42 29 25 32 95% 305307 28769 70%
c 2 87.90  0 31 35 125  1 379883 6356 1.4 42 29 25 32 95% 305299 28769 70%
c u 87.94  0 31 35 125  1 379883 6333 1.4 42 29 25 32 95% 305299 28769 70%
c v 87.96  0 31 35 125  1 379883 6319 1.4 42 29 25 32 95% 305299 28769 70%
c w 87.98  0 31 35 125  1 379883 6311 1.4 42 29 25 32 95% 305299 28769 70%
c - 92.71  0 31 36 126  1 402760 4720 1.4 42 29 25 31 95% 305299 28769 70%
c p 92.73  0 31 36 126  1 402760 6449 1.4 42 29 25 31 95% 305299 28769 70%
c u 92.78  0 31 36 126  1 402760 6443 1.4 42 29 25 31 95% 305299 28769 70%
c v 92.80  0 31 36 126  1 402760 6430 1.4 42 29 25 31 95% 305299 28769 70%
c w 92.81  0 31 36 126  1 402760 6427 1.4 42 29 25 31 95% 305299 28769 70%
c F 93.56  0 31 36 126  1 406063 8207 1.4 42 29 25 31 95% 305299 28769 70%
c - 97.99  0 31 37 126  1 426315 4870 1.4 42 29 25 31 95% 305299 28769 70%
c p 98.01  0 31 37 126  1 426315 6799 1.4 42 29 25 31 95% 305299 28769 70%
c u 98.09  0 31 37 126  1 426315 6777 1.4 42 29 25 31 95% 305299 28769 70%
c v 98.11  0 31 37 126  1 426315 6726 1.4 42 29 25 31 95% 305299 28769 70%
c w 98.13  0 31 37 126  1 426315 6721 1.4 42 29 25 31 95% 305299 28769 70%
c
c  seconds  reductions  conflicts         size    tier2         variables
c         MB     restarts      redundant     glue     trail          remaining
c          level      rate          size/glue  tier1    irredundant
c
c B 99.91  0 31 37 126  1 435065 11348 1.4 42 29 25 31 95% 305299 28769 70%
c s 103.06  0 31 37 126  1 449712 20770 1.5 43 29 25 31 95% 305296 28769 70%
c s 103.15  0 31 37 126  1 449712 20761 1.5 43 29 25 31 95% 305296 28769 70%
c e 103.16  0 31 37 126  1 449712 20761 1.5 43 29 25 31 95% 305293 28768 70%
c - 103.36  0 31 38 126  1 450550 5507 1.5 43 29 25 31 95% 305293 28768 70%
c p 103.37  0 31 38 126  1 450550 7379 1.5 43 29 25 31 95% 305293 28768 70%
c w 103.89  0 31 38 126  1 450550 7337 1.5 43 29 25 31 95% 305293 28768 70%
c W 108.27  0 31 38 126  1 465071 15129 1.4 42 29 25 31 95% 305293 28768 70%
c - 110.74  0 31 39 133  1 475463 5343 1.4 42 29 25 31 95% 305293 28768 70%
c p 110.76  0 31 39 133  1 475463 7320 1.4 42 29 25 31 95% 305293 28767 70%
c u 110.84  0 31 39 133  1 475463 7301 1.4 42 29 25 31 95% 305293 28767 70%
c v 110.86  0 31 39 133  1 475463 7280 1.4 42 29 25 31 95% 305293 28767 70%
c w 110.88  0 31 39 133  1 475463 7265 1.4 42 29 25 31 95% 305293 28767 70%
c # 115.21  0 30 39 141  1 496072 18454 1.4 41 29 25 31 95% 305293 28767 70%
c - 116.34  0 30 40 144  1 501059 5773 1.5 42 29 25 31 95% 305283 28767 70%
c p 116.36  0 30 40 144  1 501059 7657 1.5 42 29 25 31 95% 305283 28767 70%
c u 116.44  0 30 40 144  1 501059 7618 1.5 42 29 25 31 95% 305283 28767 70%
c v 116.47  0 30 40 144  1 501059 7594 1.5 42 29 25 31 95% 305283 28767 70%
c w 116.48  0 30 40 144  1 501059 7576 1.5 42 29 25 31 95% 305283 28767 70%
c - 121.75  0 31 41 156  1 527332 5830 1.5 43 29 25 31 95% 305283 28767 70%
c
c  seconds   reductions  conflicts        size    tier2         variables
c          MB     restarts     redundant     glue     trail          remaining
c           level      rate         size/glue  tier1    irredundant
c
c p 121.77  0 31 41 156  1 527332 7444 1.5 43 29 25 31 95% 305283 28767 70%
c v 121.86  0 31 41 156  1 527332 7407 1.5 43 29 25 31 95% 305283 28767 70%
c w 121.87  0 31 41 156  1 527332 7403 1.5 43 29 25 31 95% 305283 28767 70%
c B 122.03  0 31 41 156  1 528073 7864 1.5 43 29 25 31 95% 305283 28767 70%
c s 122.82  0 31 41 156  1 531498 9124 1.5 43 29 25 31 95% 305282 28767 70%
c s 122.88  0 31 41 156  1 531498 9119 1.5 43 29 25 31 95% 305282 28767 70%
c e 122.90  0 31 41 156  1 531498 9119 1.5 43 29 25 31 95% 305279 28766 70%
c - 127.99  0 31 42 162  1 554286 5504 1.5 43 30 25 31 95% 305279 28766 70%
c p 128.01  0 31 42 162  1 554286 7415 1.5 43 30 25 31 95% 305279 28766 70%
c c 128.08  0 31 42 162  1 554286 7415 1.5 43 30 25 31 95% 305280 28766 70%
c d 128.08  0 31 42 162  1 554286 7415 1.5 43 30 25 31 95% 305278 28765 70%
c 2 128.11  0 31 42 162  1 554286 7415 1.5 43 30 25 31 95% 305270 28765 70%
c u 128.17  0 31 42 162  1 554286 7360 1.5 43 30 25 31 95% 305270 28765 70%
c v 128.19  0 31 42 162  1 554286 7351 1.5 43 30 25 31 95% 305270 28765 70%
c w 128.20  0 31 42 162  1 554286 7344 1.5 43 30 25 31 95% 305270 28765 70%
c W 130.77  0 31 42 165  1 561074 11113 1.5 43 30 25 31 95% 305270 28765 70%
c - 135.28  0 31 43 173  1 581920 5789 1.5 43 30 25 31 95% 305270 28765 70%
c p 135.31  0 31 43 173  1 581920 7777 1.5 43 30 25 31 95% 305270 28765 70%
c k 135.33  0 31 43 173  1 581920 7777 1.5 43 30 25 31 95% 305270 28764 70%
c u 135.39  0 31 43 173  1 581920 7752 1.5 43 30 25 31 95% 305270 28764 70%
c
c  seconds   reductions  conflicts        size    tier2         variables
c          MB     restarts     redundant     glue     trail          remaining
c           level      rate         size/glue  tier1    irredundant
c
c v 135.41  0 31 43 173  1 581920 7737 1.5 43 30 25 31 95% 305270 28764 70%
c w 135.43  0 31 43 173  1 581920 7718 1.5 43 30 25 31 95% 305270 28764 70%
c O 138.22  0 31 43 181  1 595076 14816 1.5 44 30 25 31 95% 305270 28764 70%
c - 141.36  0 31 44 187  1 610234 6426 1.5 44 30 25 31 95% 305261 28764 70%
c p 141.38  0 31 44 187  1 610234 8660 1.5 44 30 25 31 95% 305261 28764 70%
c u 141.53  0 31 44 187  1 610234 8633 1.5 44 30 25 31 95% 305261 28764 70%
c v 141.55  0 31 44 187  1 610234 8626 1.5 44 30 25 31 95% 305261 28764 70%
c w 141.56  0 31 44 187  1 610234 8618 1.5 44 30 25 31 95% 305261 28764 70%
c s 143.73  0 31 44 188  1 620098 13731 1.5 44 30 25 31 95% 305261 28764 70%
c e 143.77  0 31 44 188  1 620098 13731 1.5 44 30 25 31 95% 305259 28763 70%
c s 143.79  0 31 44 188  1 620098 13715 1.5 44 30 25 31 95% 305259 28763 70%
c B 146.10  0 31 44 188  1 630077 19887 1.5 44 30 25 31 95% 305259 28763 70%
c - 148.14  0 31 45 189  1 639229 6525 1.5 44 30 25 31 95% 305259 28763 70%
c 2 148.15  0 31 45 189  1 639229 6524 1.5 44 30 25 31 95% 305259 28763 70%
c p 148.16  0 31 45 189  1 639229 8677 1.5 44 30 25 31 95% 305259 28762 70%
c u 148.24  0 31 45 189  1 639229 8633 1.5 44 30 25 31 95% 305259 28762 70%
c v 148.26  0 31 45 189  1 639229 8604 1.5 44 30 25 31 95% 305259 28762 70%
c w 148.27  0 31 45 189  1 639229 8599 1.5 44 30 25 31 95% 305259 28762 70%
c W 155.58  0 32 45 191  1 666079 23358 1.5 44 30 24 31 95% 305249 28762 70%
c - 156.24  0 32 46 193  1 668903 6527 1.5 44 30 24 31 95% 305249 28762 70%
c
c  seconds   reductions  conflicts        size    tier2         variables
c          MB     restarts     redundant     glue     trail          remaining
c           level      rate         size/glue  tier1    irredundant
c
c p 156.26  0 32 46 193  1 668903 8734 1.5 44 30 24 31 95% 305249 28762 70%
c u 156.35  0 32 46 193  1 668903 8699 1.5 44 30 24 31 95% 305249 28762 70%
c v 156.37  0 32 46 193  1 668903 8661 1.5 44 30 24 31 95% 305249 28762 70%
c w 156.39  0 32 46 193  1 668903 8650 1.5 44 30 24 31 95% 305249 28762 70%
c - 162.94  0 32 47 206  1 699258 6713 1.5 45 30 24 31 95% 305249 28762 70%
c p 162.97  0 32 47 206  1 699258 8829 1.5 45 30 24 31 95% 305249 28762 70%
c u 163.59  0 32 47 206  1 699258 8797 1.5 45 30 24 31 95% 305249 28762 70%
c v 163.62  0 32 47 206  1 699258 8772 1.5 45 30 24 31 95% 305249 28762 70%
c w 163.64  0 32 47 206  1 699258 8751 1.5 45 30 24 31 95% 305249 28762 70%
c I 164.48  0 32 47 209  1 703081 11069 1.5 45 30 24 31 95% 305249 28762 70%
c s 167.22  0 32 47 216  1 715515 17901 1.5 44 30 24 31 95% 305247 28762 70%
c s 167.28  0 32 47 216  1 715515 17869 1.5 44 30 24 31 95% 305247 28762 70%
c - 170.55  0 31 48 219  1 730295 6808 1.5 43 29 24 31 95% 305247 28762 70%
c p 170.57  0 31 48 219  1 730295 8993 1.5 43 29 24 31 95% 305247 28762 70%
c u 170.66  0 31 48 219  1 730295 8945 1.5 43 29 24 31 95% 305247 28762 70%
c v 170.69  0 31 48 219  1 730295 8911 1.5 43 29 24 31 95% 305247 28762 70%
c w 170.70  0 31 48 219  1 730295 8902 1.5 43 29 24 31 95% 305247 28762 70%
c B 172.95  0 31 48 220  1 741082 15609 1.5 43 29 24 31 95% 305247 28762 70%
c - 177.76  0 31 49 229  1 762013 7253 1.5 43 29 24 31 95% 305247 28762 70%
c p 177.78  0 31 49 229  1 762013 9502 1.5 43 29 24 31 95% 305247 28762 70%
c
c  seconds   reductions  conflicts        size    tier2         variables
c          MB     restarts     redundant     glue     trail          remaining
c           level      rate         size/glue  tier1    irredundant
c
c u 177.86  0 31 49 229  1 762013 9466 1.5 43 29 24 31 95% 305247 28762 70%
c v 177.89  0 31 49 229  1 762013 9443 1.5 43 29 24 31 95% 305247 28762 70%
c w 177.90  0 31 49 229  1 762013 9422 1.5 43 29 24 31 95% 305247 28762 70%
c W 183.03  0 31 49 235  1 780083 20120 1.5 44 29 24 31 95% 305247 28762 70%
c - 186.24  0 31 50 244  1 794414 7354 1.5 44 30 24 31 95% 305247 28762 70%
c p 186.26  0 31 50 244  1 794414 9760 1.5 44 30 24 31 95% 305247 28762 70%
c u 186.36  0 31 50 244  1 794414 9728 1.5 44 30 24 31 95% 305247 28762 70%
c v 186.38  0 31 50 244  1 794414 9702 1.5 44 30 24 31 95% 305247 28762 70%
c w 186.40  0 31 50 244  1 794414 9672 1.5 44 30 24 31 95% 305247 28762 70%
c s 191.32  0 31 50 251  1 817748 22954 1.5 44 30 24 31 95% 305247 28762 70%
c s 191.38  0 31 50 251  1 817748 22942 1.5 44 30 24 31 95% 305247 28762 70%
c F 191.99  0 31 50 251  1 820084 24054 1.5 44 30 24 31 95% 305247 28762 70%
c - 193.52  0 32 51 251  1 827495 7487 1.5 44 30 24 31 95% 305247 28762 70%
c p 193.54  0 32 51 251  1 827495 9742 1.5 44 30 24 31 95% 305247 28762 70%
c v 193.74  0 32 51 251  1 827495 9665 1.5 44 30 24 31 95% 305247 28762 70%
c w 193.75  0 32 51 251  1 827495 9646 1.5 44 30 24 31 95% 305247 28762 70%
c B 200.30  0 32 51 252  1 861088 27308 1.5 44 30 24 31 95% 305247 28762 70%
c - 200.39  0 32 52 252  1 861257 7279 1.5 44 30 24 31 95% 305247 28762 70%
c p 200.41  0 32 52 252  1 861257 9382 1.5 44 30 24 31 95% 305247 28762 70%
c u 200.49  0 32 52 252  1 861257 9341 1.5 44 30 24 31 95% 305247 28762 70%
c
c  seconds   reductions  conflicts        size    tier2         variables
c          MB     restarts     redundant     glue     trail          remaining
c           level      rate         size/glue  tier1    irredundant
c
c v 200.52  0 32 52 252  1 861257 9324 1.5 44 30 24 31 95% 305247 28762 70%
c w 200.54  0 32 52 252  1 861257 9309 1.5 44 30 24 31 95% 305247 28762 70%
c - 207.99  0 33 53 253  1 895702 8106 1.5 46 31 24 31 95% 305247 28762 70%
c p 208.02  0 33 53 253  1 895702 10405 1.5 46 31 24 31 95% 305247 28762 70%
c u 208.11  0 33 53 253  1 895702 10372 1.5 46 31 24 31 95% 305247 28762 70%
c v 208.13  0 33 53 253  1 895702 10366 1.5 46 31 24 31 95% 305247 28762 70%
c w 208.15  0 33 53 253  1 895702 10363 1.5 46 31 24 31 95% 305247 28762 70%
c W 211.11  0 33 53 253  1 903089 14801 1.5 46 31 24 31 95% 305247 28762 70%
c - 216.78  0 33 54 254  1 930831 7828 1.5 46 31 24 31 95% 305247 28762 70%
c p 216.80  0 33 54 254  1 930831 10024 1.5 46 31 24 31 95% 305247 28762 70%
c u 216.91  0 33 54 254  1 930831 9983 1.5 46 31 24 31 95% 305247 28762 70%
c v 216.95  0 33 54 254  1 930831 9981 1.5 46 31 24 31 95% 305247 28762 70%
c w 216.98  0 33 54 254  1 930831 9968 1.5 46 31 24 31 95% 305247 28762 70%
c # 220.07  0 33 54 254  1 946090 18368 1.5 46 31 24 31 95% 305247 28762 70%
c - 224.35  0 33 55 254  1 966641 8420 1.5 48 31 24 31 95% 305247 28762 70%
c p 224.38  0 33 55 254  1 966641 10801 1.5 48 31 24 31 95% 305247 28762 70%
c u 224.47  0 33 55 254  1 966641 10760 1.5 48 31 24 31 95% 305247 28762 70%
c v 224.49  0 33 55 254  1 966641 10692 1.5 48 31 24 31 95% 305247 28762 70%
c w 224.51  0 33 55 254  1 966641 10676 1.5 48 31 24 31 95% 305247 28762 70%
c B 229.41  0 33 55 254  1 990091 25127 1.5 48 31 25 31 95% 305247 28762 70%
c
c  seconds   reductions   conflicts        size    tier2         variables
c          MB     restarts      redundant     glue     trail          remaining
c           level      rate          size/glue  tier1    irredundant
c
c - 232.31  0 33 56 254  1 1003132 8688 1.5 48 31 25 31 95% 305247 28762 70%
c p 232.34  0 33 56 254  1 1003132 11189 1.5 48 31 25 31 95% 305247 28762 70%
c u 232.52  0 33 56 254  1 1003132 11143 1.5 48 31 25 31 95% 305247 28762 70%
c v 232.54  0 33 56 254  1 1003132 11090 1.5 48 31 25 31 95% 305247 28762 70%
c w 232.56  0 33 56 254  1 1003132 11079 1.5 48 31 25 31 95% 305247 28762 70%
c W 240.99  0 32 56 254  1 1035092 28337 1.5 46 30 25 31 95% 305247 28762 70%
c - 242.25  0 32 57 254  1 1040306 8192 1.5 46 30 25 31 95% 305247 28762 70%
c p 242.29  0 32 57 254  1 1040306 10922 1.5 46 30 25 31 95% 305247 28762 70%
c u 242.99  0 32 57 254  1 1040306 10884 1.5 46 30 25 31 95% 305247 28762 70%
c v 243.02  0 32 57 254  1 1040306 10837 1.5 46 30 25 31 95% 305247 28762 70%
c w 243.05  0 32 57 254  1 1040306 10819 1.5 46 30 25 31 95% 305247 28762 70%
c - 251.00  0 31 58 264  1 1078161 8091 1.5 44 30 24 31 95% 305247 28762 70%
c p 251.02  0 31 58 264  1 1078161 10744 1.5 44 30 24 31 95% 305247 28762 70%
c u 251.14  0 31 58 264  1 1078161 10709 1.5 44 30 24 31 95% 305247 28762 70%
c v 251.17  0 31 58 264  1 1078161 10666 1.5 44 30 24 31 95% 305247 28762 70%
c w 251.20  0 31 58 264  1 1078161 10652 1.5 44 30 24 31 95% 305247 28762 70%
c O 251.87  0 31 58 266  1 1081095 12582 1.5 44 30 24 31 95% 305247 28762 70%
c - 259.80  0 31 59 282  1 1116701 8521 1.5 44 30 24 31 95% 305247 28762 70%
c p 259.83  0 31 59 282  1 1116701 11181 1.5 44 30 24 31 95% 305247 28762 70%
c u 259.96  0 31 59 282  1 1116701 11155 1.5 44 30 24 31 95% 305247 28762 70%
c
c  seconds   reductions   conflicts         size    tier2         variables
c          MB     restarts       redundant     glue     trail          remaining
c           level      rate           size/glue  tier1    irredundant
c
c v 259.99  0 31 59 282  1 1116701 11111 1.5 44 30 24 31 95% 305247 28762 70%
c w 260.02  0 31 59 282  1 1116701 11083 1.5 44 30 24 31 95% 305247 28762 70%
c B 262.45  0 31 59 284  1 1128096 17122 1.5 44 30 24 31 95% 305247 28762 70%
c ] 267.82  0 31 59 290  1 1151735 30208 1.5 44 30 24 31 95% 305247 28762 70%
c ? 267.82  0 31 59 290  1 1151735 30208 1.5 44 30 24 31 95% 305247 28762 70%
c
c --- [ result ] -------------------------------------------------------------
c
c writing result to 'search-results/cadical-support70-cover-20260902/anchor-001-p1-s0.result'
c
c --- [ run-time profiling ] -------------------------------------------------
c
c process time taken by individual solving procedures
c (percentage relative to process time for solving)
c
c       255.69   95.49% search
c       242.84   90.69% stable
c        12.83    4.79% walk
c        12.08    4.51% simplify
c         3.60    1.35% vivify
c         2.41    0.90% sweep
c         1.56    0.58% congruence
c         1.08    0.40% backbone
c         0.81    0.30% elim
c         0.78    0.29% subsume
c         0.38    0.14% probe
c         0.26    0.10% ternary
c         0.05    0.02% parse
c         0.02    0.01% lucky
c   =================================
c       267.77   99.98% solve
c
c last line shows process time for solving
c (percentage relative to total process time)
c
c --- [ statistics ] ---------------------------------------------------------
c
c chronological:            111283         9.66 %  of conflicts
c conflicts:               1151735      4301.20    per second
c backbone:               77219064    186713.41 %  of vars
c decisions:               1219274      4553.43    per second
c eliminated:                 2871         6.94 %  of all variables
c fixed:                      9008        21.78 %  of all variables
c learned:                 1136067        98.64 %  per conflict
c learned_lits:          574806308       100.00 %  learned literals
c minimized:                     0         0.00 %  learned literals
c shrunken:              521206215        90.68 %  learned literals
c minishrunken:            3992850         0.69 %  learned literals
c otfs:                        553         0.05 %  of conflict
c propagations:         1012132751         3.78 M  per second
c reduced:                  611101        53.06 %  per conflict
c rephased:                     47     24505.00    interval
c restarts:                    290      3971.50    interval
c substituted:                 716         1.73 %  of all variables
c subsumed:                 496797        31.88 %  of all clauses
c strengthened:              32641         2.09 %  of all clauses
c ticks:               11647584790        14.91    propagation
c vivified:                   1252         0.08 %  of all clauses
c walked:                       15     76782.33    interval
c weakened:                  13188         2.79    average size
c congruence:                   22     52351.59    interval
c
c seconds are measured in process time for solving
c
c --- [ glue usage ] ---------------------------------------------------------
c
c focused glue 2 used 0 clauses 0.000% accumulated 0.000% tier1
c focused glue 3 used 0 clauses 0.000% accumulated 0.000%
c focused glue 4 used 0 clauses 0.000% accumulated 0.000%
c focused glue 5 used 0 clauses 0.000% accumulated 0.000%
c focused glue 6 used 0 clauses 0.000% accumulated 0.000% tier2
c
c stable glue 24 used 198110 clauses 5.367% accumulated 50.83% tier1
c stable glue 25 used 192739 clauses 5.221% accumulated 56.05%
c stable glue 26-29 used 760848 clauses 20.61% accumulated 76.66%
c stable glue 30 used 183078 clauses 4.959% accumulated 81.62%
c stable glue 31 used 173557 clauses 4.701% accumulated 86.32% tier2
c
c
c --- [ resources ] ----------------------------------------------------------
c
c total process time since initialization:       267.82    seconds
c total real time since initialization:          300.01    seconds
c maximum resident set size of process:          226.92    MB
c
c --- [ shutting down ] ------------------------------------------------------
c
c exit 0
