c --- [ banner ] -------------------------------------------------------------
c
c CaDiCaL SAT Solver
c Copyright (c) 2016-2026
c A. Biere, M. Fleury, N. Froleyks, K. Fazekas, F. Pollitt, T. Faller
c JKU Linz, University of Freiburg, TU Wien
c
c Version 3.0.1 c60730422e758ef1cebe7aeddf2dda31c996bf04
c Apple clang version 21.0.0 (clang-2100.1.1.101) -Wall -Wextra -O3 -DNDEBUG -DNCLOSEFROM
c Tue Sep 1 21:08:57 PDT 2026 Darwin retained-runner 25.6.0 arm64
c
c --- [ limit ] --------------------------------------------------------------
c
c setting time limit to 300 seconds real time (due to '-t 300')
c
c --- [ parsing input ] ------------------------------------------------------
c
c reading DIMACS file from 'search-results/cadical-support70-cover-20260902/cnf/anchor-002-p0-s0.cnf'
c opening file to read 'search-results/cadical-support70-cover-20260902/cnf/anchor-002-p0-s0.cnf'
c found 'p cnf 41357 414868' header
c parsed 414868 clauses in 0.05 seconds process time
c
c --- [ options ] ------------------------------------------------------------
c
c   --elimeffort=10                (different from default '1e3')
c   --stabilizeonly=true           (different from default 'false')
c   --subsumeeffort=60             (different from default '1e3')
c
c --- [ solving ] ------------------------------------------------------------
c
c time measured in process time since initialization
c
c  seconds  reduction conflicts       size tier2        variables
c         MB    restarts   redundant    glue  trail          remaining
c          level     rate       size/glu tier1  irredundant
c
c *  0.05  0  0 0   0  0    0    0 0.0 0 0 2 6  0% 329706 32440 78%
c )  0.06  0  0 0   0  0    0    0 0.0 0 0 2 6  0% 329706 32440 78%
c [  0.06  0  0 0   0  0    0    0 0.0 0 0 2 6  0% 329706 32440 78%
c i  0.07  0  1 0   0 34    1    0 0.0 1 0 2 6 94% 329706 32399 78%
c i  0.07  0 32 0   0  8    9    4 1.1 19 17 2 6 94% 329706 32397 78%
c i  0.08  0 35 0   0  2  113   35 1.4 39 29 2 6 97% 329706 32389 78%
c -  0.11  0 35 1   0  1  300   54 1.3 38 29 2 6 97% 314607 32375 78%
c -  0.23  0 34 2   0  1  949  258 2.4 65 27 2 6 96% 314601 32375 78%
c I  0.24  0 34 2   0  1 1002  309 2.4 65 27 2 6 96% 314601 32375 78%
c -  0.42  0 32 3   1  1 2102  383 2.3 61 26 2 6 93% 314584 32375 78%
c i  0.43  0 32 3   2  1 2144  416 2.3 61 26 2 6 93% 314584 32374 78%
c B  0.62  0 31 3   2  1 3004  836 2.1 55 27 2 6 90% 314560 32374 78%
c 2  0.63  0 31 3   2  1 3044  873 2.1 55 27 2 6 93% 314558 32373 78%
c d  0.63  0 31 3   2  1 3044  873 2.1 55 27 2 6 93% 313175 31718 77%
c c  0.71  0 31 3   2  1 3044  873 2.1 55 27 2 6 93% 313172 31718 77%
c d  0.71  0 31 3   2  1 3044  873 2.1 55 27 2 6 93% 313170 31717 77%
c 2  0.72  0 31 3   2  1 3044  873 2.1 55 27 2 6 93% 313168 31717 77%
c t  0.77  0 31 3   2  1 3044  871 2.1 55 27 2 6 93% 313168 31717 77%
c i  0.80  0 31 3   2  1 3228 1001 2.0 54 27 2 6 92% 313165 31716 77%
c i  0.82  0 32 3   2  1 3380 1081 2.0 54 27 2 6 92% 313164 31715 77%
c
c  seconds  reduction conflicts       size   tier2        variables
c         MB    restarts   redundant     glue   trail          remaining
c          level     rate       size/glue  tier1  irredundant
c
c i  0.83  0 32 3   2  1 3421 1099 2.0 54 27 2 6 92% 313161 31714 77%
c -  0.90  0 32 4   2  1 3818  430 1.9 53 27 2 6 92% 313129 31714 77%
c i  0.94  0 32 4   2  1 4059  593 1.9 52 28 2 6 92% 313125 31713 77%
c i  0.96  0 32 4   2  1 4122  628 1.9 52 28 2 6 92% 313123 31712 77%
c d  1.30  0 31 4   4  1 5544 1388 1.7 49 28 26 31 92% 313082 31711 77%
c c  1.37  0 31 4   4  1 5544 1388 1.7 49 28 26 31 92% 313005 31711 77%
c d  1.39  0 31 4   4  1 5544 1388 1.7 49 28 26 31 92% 313003 31710 77%
c 2  1.39  0 31 4   4  1 5544 1388 1.7 49 28 26 31 92% 313002 31710 77%
c W  1.62  0 32 4   4  1 6006 1743 1.7 49 28 26 31 92% 312996 31710 77%
c -  1.65  0 32 5   4  1 6129  565 1.7 49 28 27 31 92% 312995 31710 77%
c s  1.77  0 32 5   5  1 6692  876 1.7 49 29 27 31 92% 312825 31710 77%
c e  1.96  0 32 5   5  1 6692  571 1.7 49 29 27 31 92% 306453 28868 70%
c s  1.98  0 32 5   5  1 6692  571 1.7 49 29 27 31 92% 306452 28868 70%
c e  2.01  0 32 5   5  1 6692  571 1.7 49 29 27 31 92% 306364 28849 70%
c c  2.37  0 31 5   5  1 8147 1328 1.6 47 29 27 31 90% 306372 28849 70%
c d  2.38  0 31 5   5  1 8147 1328 1.6 47 29 27 31 90% 306356 28841 70%
c 2  2.38  0 31 5   5  1 8147 1328 1.6 47 29 27 31 90% 306286 28841 70%
c =  2.44  0 31 5   5  1 8147 1328 1.6 47 29 27 31 90% 306267 28839 70%
c -  2.63  0 31 6   6  1 9057  494 1.6 46 29 27 31 94% 306267 28839 70%
c F  2.85  0 31 6   6  1 10007  921 1.6 45 29 26 31 94% 306267 28839 70%
c
c  seconds  reductions conflicts       size    tier2         variables
c         MB    restarts    redundant     glue     trail          remaining
c          level     rate        size/glue  tier1    irredundant
c
c k  3.10  0 31 6   6  1 10844 1550 1.6 45 29 26 31 94% 306267 28838 70%
c =  3.16  0 31 6   6  1 10844 1550 1.6 45 29 26 31 94% 306221 28833 70%
c -  3.61  0 31 7   6  1 12592  721 1.6 45 29 26 31 94% 306221 28833 70%
c B  4.17  0 31 7   9  1 15008 1939 1.5 44 29 27 30 94% 306221 28833 70%
c -  4.57  0 31 8  10  1 16762  799 1.5 43 29 27 30 95% 306221 28833 70%
c u  4.66  0 31 8  10  1 16762  788 1.5 43 29 27 30 95% 306221 28833 70%
c v  4.67  0 31 8  10  1 16762  770 1.5 43 29 27 30 95% 306221 28833 70%
c w  4.69  0 31 8  10  1 16762  758 1.5 43 29 27 30 95% 306221 28833 70%
c x  4.70  0 31 8  10  1 16762  758 1.5 43 29 27 30 95% 306039 28833 70%
c s  5.39  0 31 8  12  1 20329 2323 1.5 42 29 27 30 95% 305966 28833 70%
c t  5.40  0 31 8  12  1 20329 2323 1.5 42 29 27 30 95% 305964 28833 70%
c e  5.43  0 31 8  12  1 20329 2320 1.5 42 29 27 30 95% 305889 28819 70%
c s  5.45  0 31 8  12  1 20329 2307 1.5 42 29 27 30 95% 305886 28819 70%
c W  5.85  0 31 8  13  1 21009 2565 1.5 42 29 27 30 95% 305886 28819 70%
c -  5.98  0 31 9  13  1 21571  793 1.5 42 29 26 30 95% 305886 28819 70%
c -  7.17  0 30 10  14  1 27024  912 1.4 41 29 26 30 95% 305886 28819 70%
c #  7.39  0 31 10  14  1 28012 1687 1.4 41 29 26 30 95% 305886 28819 70%
c -  8.43  0 31 11  14  1 33130 1279 1.5 42 29 26 30 95% 305886 28819 70%
c c  8.50  0 31 11  14  1 33130 1279 1.5 42 29 26 30 95% 305925 28819 70%
c d  8.51  0 31 11  14  1 33130 1279 1.5 42 29 26 30 95% 305847 28780 70%
c
c  seconds  reductions  conflicts       size    tier2         variables
c         MB     restarts    redundant     glue     trail          remaining
c          level      rate        size/glue  tier1    irredundant
c
c 2  8.52  0 31 11  14  1 33130 1279 1.5 42 29 26 30 95% 305497 28779 70%
c u  8.52  0 31 11  14  1 33130 1258 1.5 42 29 26 30 95% 305497 28779 70%
c v  8.54  0 31 11  14  1 33130 1237 1.5 42 29 26 30 95% 305497 28779 70%
c w  8.55  0 31 11  14  1 33130 1230 1.5 42 29 26 30 95% 305497 28779 70%
c x  8.56  0 31 11  14  1 33130 1230 1.5 42 29 26 30 95% 305366 28779 70%
c B  9.11  0 31 11  17  1 36013 2782 1.4 43 30 26 30 95% 305366 28779 70%
c i  9.35  0 31 11  17  1 37355 3588 1.4 43 30 26 30 95% 305366 28778 70%
c i  9.53  0 31 11  18  1 38366 4127 1.4 43 30 26 31 95% 305366 28777 70%
c -  9.83  0 31 12  20  1 39890 1301 1.4 43 30 26 31 95% 305334 28777 70%
c p  9.83  0 31 12  20  1 39890 1323 1.4 43 30 26 31 95% 305334 28777 70%
c s 10.15  0 31 12  20  1 40778 1832 1.4 43 30 26 31 95% 304985 28777 70%
c e 10.18  0 31 12  20  1 40778 1832 1.4 43 30 26 31 95% 304929 28746 70%
c s 10.21  0 31 12  20  1 40778 1827 1.4 43 30 26 31 95% 304781 28746 70%
c e 10.24  0 31 12  20  1 40778 1821 1.4 43 30 26 31 95% 304735 28719 69%
c W 11.33  0 31 12  21  1 45015 3835 1.4 42 30 26 31 95% 304735 28719 69%
c i 11.58  0 31 12  22  1 46318 4385 1.4 42 30 26 31 95% 304735 28718 69%
c - 11.81  0 31 13  23  1 47303 1340 1.4 42 30 26 31 95% 304725 28718 69%
c p 11.82  0 31 13  23  1 47303 1542 1.4 42 30 26 31 95% 304725 28718 69%
c c 11.89  0 31 13  23  1 47303 1542 1.4 42 30 26 31 95% 304737 28718 69%
c d 11.89  0 31 13  23  1 47303 1542 1.4 42 30 26 31 95% 304713 28706 69%
c
c  seconds  reductions  conflicts       size    tier2         variables
c         MB     restarts    redundant     glue     trail          remaining
c          level      rate        size/glue  tier1    irredundant
c
c k 11.90  0 31 13  23  1 47303 1542 1.4 42 30 26 31 95% 304713 28704 69%
c 2 11.90  0 31 13  23  1 47303 1541 1.4 42 30 26 31 95% 304612 28704 69%
c u 11.91  0 31 13  23  1 47303 1532 1.4 42 30 26 31 95% 304612 28704 69%
c v 11.93  0 31 13  23  1 47303 1516 1.4 42 30 26 31 95% 304612 28704 69%
c w 11.93  0 31 13  23  1 47303 1515 1.4 42 30 26 31 95% 304612 28704 69%
c x 11.94  0 31 13  23  1 47303 1515 1.4 42 30 26 31 95% 304611 28704 69%
c t 11.95  0 31 13  23  1 47303 1515 1.4 42 30 26 31 95% 304610 28704 69%
c O 13.47  0 31 13  28  1 55016 5397 1.4 42 30 26 31 95% 304610 28704 69%
c - 13.55  0 31 14  28  1 55373 1457 1.4 42 30 26 31 95% 304591 28704 69%
c p 13.56  0 31 14  28  1 55373 1693 1.4 42 30 26 31 95% 304591 28704 69%
c - 15.40  0 31 15  29  1 64102 1708 1.4 40 29 26 31 95% 304591 28704 69%
c p 15.41  0 31 15  29  1 64102 2017 1.4 40 29 26 31 95% 304591 28704 69%
c u 15.43  0 31 15  29  1 64102 2011 1.4 40 29 26 31 95% 304591 28704 69%
c v 15.45  0 31 15  29  1 64102 1992 1.4 40 29 26 31 95% 304591 28704 69%
c w 15.45  0 31 15  29  1 64102 1990 1.4 40 29 26 31 95% 304591 28704 69%
c x 15.47  0 31 15  29  1 64102 1990 1.4 40 29 26 31 95% 304591 28704 69%
c B 15.91  0 31 15  29  1 66017 2952 1.4 40 29 26 31 95% 304591 28704 69%
c s 16.37  0 31 15  30  1 68038 4066 1.4 40 29 26 31 95% 304572 28704 69%
c e 16.41  0 31 15  30  1 68038 4062 1.4 40 29 26 31 95% 304551 28697 69%
c s 16.43  0 31 15  30  1 68038 3934 1.4 40 29 26 31 95% 304474 28697 69%
c
c  seconds  reductions  conflicts       size    tier2         variables
c         MB     restarts    redundant     glue     trail          remaining
c          level      rate        size/glue  tier1    irredundant
c
c e 16.46  0 31 15  30  1 68038 3933 1.4 40 29 26 31 95% 304446 28686 69%
c - 17.72  0 30 16  30  1 73493 1759 1.4 40 29 25 30 95% 304446 28686 69%
c p 17.74  0 30 16  30  1 73493 2057 1.4 40 29 25 30 95% 304446 28686 69%
c c 17.81  0 30 16  30  1 73493 2057 1.4 40 29 25 30 95% 304451 28686 69%
c d 17.82  0 30 16  30  1 73493 2057 1.4 40 29 25 30 95% 304435 28678 69%
c 2 17.84  0 30 16  30  1 73493 2057 1.4 40 29 25 30 95% 304370 28678 69%
c W 19.40  0 30 16  30  1 78020 4338 1.4 40 29 25 30 95% 304370 28678 69%
c - 20.57  0 30 17  31  1 83547 1800 1.4 39 28 25 30 95% 304370 28678 69%
c p 20.59  0 30 17  31  1 83547 2218 1.4 39 28 25 30 95% 304370 28678 69%
c u 20.71  0 30 17  31  1 83547 2203 1.4 39 28 25 30 95% 304370 28678 69%
c v 20.74  0 30 17  31  1 83547 2161 1.4 39 28 25 30 95% 304370 28678 69%
c w 20.76  0 30 17  31  1 83547 2145 1.4 39 28 25 30 95% 304370 28678 69%
c I 22.31  0 30 17  36  1 91022 5880 1.4 38 28 25 30 94% 304370 28678 69%
c i 22.79  0 29 17  37  1 93015 7063 1.4 38 28 25 30 95% 304370 28677 69%
c - 23.09  0 29 18  37  1 94267 1994 1.4 38 28 25 30 95% 304360 28677 69%
c p 23.10  0 29 18  37  1 94267 2577 1.4 38 28 25 30 95% 304360 28677 69%
c k 23.11  0 29 18  37  1 94267 2577 1.4 38 28 25 30 95% 304360 28676 69%
c i 23.69  0 29 18  39  1 96902 4160 1.4 38 28 25 30 95% 304360 28675 69%
c s 24.91  0 29 18  43  1 102119 6605 1.4 38 28 25 30 95% 304272 28675 69%
c e 24.95  0 29 18  43  1 102119 6602 1.4 38 28 25 30 95% 304217 28662 69%
c
c  seconds  reductions  conflicts        size    tier2         variables
c         MB     restarts     redundant     glue     trail          remaining
c          level      rate         size/glue  tier1    irredundant
c
c s 24.99  0 29 18  43  1 102119 6562 1.4 38 28 25 30 95% 304143 28662 69%
c e 25.03  0 29 18  43  1 102119 6561 1.4 38 28 25 30 95% 304119 28654 69%
c B 25.64  0 29 18  44  1 105023 8077 1.4 38 28 25 30 95% 304119 28654 69%
c - 25.80  0 29 19  44  1 105653 2186 1.4 38 28 25 30 95% 304119 28654 69%
c p 25.80  0 29 19  44  1 105653 2907 1.4 38 28 25 30 95% 304119 28653 69%
c c 25.87  0 29 19  44  1 105653 2907 1.4 38 28 25 30 95% 304142 28653 69%
c d 25.87  0 29 19  44  1 105653 2906 1.4 38 28 25 30 95% 304086 28630 69%
c 2 25.89  0 29 19  44  1 105653 2905 1.4 38 28 25 30 95% 303879 28630 69%
c u 25.90  0 29 19  44  1 105653 2887 1.4 38 28 25 30 95% 303879 28630 69%
c v 25.94  0 29 19  44  1 105653 2873 1.4 38 28 25 30 95% 303879 28630 69%
c w 25.95  0 29 19  44  1 105653 2862 1.4 38 28 25 30 95% 303879 28630 69%
c i 26.61  0 29 19  45  1 108532 4333 1.4 38 28 25 30 95% 303879 28629 69%
c i 27.65  0 29 19  45  1 113433 6764 1.4 38 28 25 30 95% 303879 28628 69%
c - 28.57  0 29 20  47  1 117708 2272 1.4 38 28 25 30 95% 303859 28628 69%
c p 28.59  0 29 20  47  1 117708 2738 1.4 38 28 25 30 95% 303859 28628 69%
c W 29.73  0 29 20  48  1 120024 3987 1.4 38 28 25 30 95% 303859 28628 69%
c i 30.84  0 29 20  52  1 125479 6881 1.4 38 28 25 30 95% 303859 28627 69%
c i 31.35  0 30 20  52  1 127723 7963 1.4 38 28 25 30 95% 303859 28626 69%
c - 31.98  0 30 21  54  1 130424 2392 1.4 38 28 25 30 95% 303840 28626 69%
c p 32.00  0 30 21  54  1 130424 3201 1.4 38 28 25 30 95% 303840 28622 69%
c
c  seconds  reductions  conflicts        size    tier2         variables
c         MB     restarts     redundant     glue     trail          remaining
c          level      rate         size/glue  tier1    irredundant
c
c v 32.29  0 30 21  54  1 130424 3132 1.4 38 28 25 30 95% 303800 28622 69%
c w 32.30  0 30 21  54  1 130424 3124 1.4 38 28 25 30 95% 303800 28622 69%
c F 33.50  0 30 21  58  1 136025 5941 1.4 38 28 25 30 95% 303800 28622 69%
c s 34.94  0 30 21  60  1 143013 9990 1.4 39 28 24 29 95% 303751 28622 69%
c e 34.98  0 30 21  60  1 143013 9989 1.4 39 28 24 29 95% 303742 28619 69%
c s 35.01  0 30 21  60  1 143013 9982 1.4 39 28 24 29 95% 303723 28619 69%
c e 35.03  0 30 21  60  1 143013 9961 1.4 39 28 24 29 95% 303717 28617 69%
c - 35.22  0 30 22  60  1 143809 2634 1.4 39 28 24 29 95% 303717 28617 69%
c p 35.23  0 30 22  60  1 143809 3384 1.4 39 28 24 29 95% 303717 28611 69%
c c 35.30  0 30 22  60  1 143809 3384 1.4 39 28 24 29 95% 303725 28611 69%
c d 35.30  0 30 22  60  1 143809 3384 1.4 39 28 24 29 95% 303649 28603 69%
c 2 35.32  0 30 22  60  1 143809 3384 1.4 39 28 24 29 95% 303577 28603 69%
c B 37.13  0 30 22  61  1 153027 9319 1.4 41 29 24 29 95% 303577 28603 69%
c - 38.26  0 30 23  61  1 157863 3145 1.4 41 29 24 29 95% 303577 28603 69%
c p 38.28  0 30 23  61  1 157863 3974 1.4 41 29 24 29 95% 303577 28597 69%
c u 38.39  0 30 23  61  1 157863 3951 1.4 41 29 24 29 95% 303577 28597 69%
c v 38.45  0 30 23  61  1 157863 3921 1.4 41 29 24 29 95% 303577 28597 69%
c w 38.46  0 30 23  61  1 157863 3919 1.4 41 29 24 29 95% 303577 28597 69%
c W 42.06  0 30 23  62  1 171028 10615 1.4 41 29 24 29 95% 303517 28597 69%
c - 42.43  0 30 24  62  1 172584 2904 1.4 41 29 24 29 95% 303517 28597 69%
c
c  seconds  reductions  conflicts        size    tier2         variables
c         MB     restarts     redundant     glue     trail          remaining
c          level      rate         size/glue  tier1    irredundant
c
c p 42.44  0 30 24  62  1 172584 3926 1.4 41 29 24 29 95% 303517 28585 69%
c k 42.46  0 30 24  62  1 172584 3926 1.4 41 29 24 29 95% 303517 28578 69%
c v 42.50  0 30 24  62  1 172584 3915 1.4 41 29 24 29 95% 303517 28578 69%
c w 42.51  0 30 24  62  1 172584 3914 1.4 41 29 24 29 95% 303517 28578 69%
c - 45.75  0 30 25  62  1 187976 2875 1.4 40 29 24 29 95% 303331 28578 69%
c p 45.77  0 30 25  62  1 187976 3953 1.4 40 29 24 29 95% 303331 28569 69%
c u 45.89  0 30 25  62  1 187976 3937 1.4 40 29 24 29 95% 303331 28569 69%
c v 45.91  0 30 25  62  1 187976 3917 1.4 40 29 24 29 95% 303331 28569 69%
c w 45.91  0 30 25  62  1 187976 3913 1.4 40 29 24 29 95% 303331 28569 69%
c # 46.36  0 30 25  62  1 190029 4909 1.4 40 29 24 29 95% 303331 28569 69%
c s 46.56  0 30 25  62  1 190722 5253 1.4 40 29 24 29 95% 303303 28569 69%
c e 46.61  0 30 25  62  1 190722 5253 1.4 40 29 24 29 95% 303208 28567 69%
c s 46.66  0 30 25  62  1 190722 5236 1.4 40 29 24 29 95% 303188 28567 69%
c e 46.69  0 30 25  62  1 190722 5236 1.4 40 29 24 29 95% 303179 28564 69%
c i 46.74  0 30 25  62  1 190885 5313 1.4 40 29 24 29 95% 303179 28563 69%
c - 49.23  0 30 26  66  1 204039 3082 1.4 41 29 24 30 95% 303169 28563 69%
c p 49.23  0 30 26  66  1 204039 3974 1.4 41 29 24 30 95% 303169 28557 69%
c k 49.25  0 30 26  66  1 204039 3974 1.4 41 29 24 30 95% 303169 28501 69%
c w 49.30  0 30 26  66  1 204039 3939 1.4 41 29 24 30 95% 303169 28501 69%
c B 50.44  0 31 26  69  1 210030 6917 1.4 41 29 24 30 95% 303169 28501 69%
c
c  seconds  reductions  conflicts        size    tier2         variables
c         MB     restarts     redundant     glue     trail          remaining
c          level      rate         size/glue  tier1    irredundant
c
c - 52.78  0 31 27  76  1 220772 3148 1.4 41 29 24 30 95% 302583 28501 69%
c p 52.80  0 31 27  76  1 220772 4382 1.4 41 29 24 30 95% 302583 28500 69%
c u 53.06  0 31 27  76  1 220772 4356 1.4 41 29 24 30 95% 302573 28500 69%
c v 53.08  0 31 27  76  1 220772 4346 1.4 41 29 24 30 95% 302573 28500 69%
c w 53.09  0 31 27  76  1 220772 4343 1.4 41 29 24 30 95% 302573 28500 69%
c W 55.85  0 31 27  77  1 231033 9395 1.4 41 29 24 30 95% 302573 28500 69%
c - 57.41  0 31 28  82  1 238166 3253 1.4 41 29 24 30 95% 302573 28500 69%
c p 57.42  0 31 28  82  1 238166 4534 1.4 41 29 24 30 95% 302573 28499 69%
c c 57.49  0 31 28  82  1 238166 4534 1.4 41 29 24 30 95% 302575 28499 69%
c d 57.49  0 31 28  82  1 238166 4533 1.4 41 29 24 30 95% 302561 28497 69%
c 2 57.52  0 31 28  82  1 238166 4533 1.4 41 29 24 30 95% 302543 28497 69%
c u 57.54  0 31 28  82  1 238166 4523 1.4 41 29 24 30 95% 302543 28497 69%
c w 57.55  0 31 28  82  1 238166 4519 1.4 41 29 24 30 95% 302543 28497 69%
c s 59.10  0 31 28  85  1 245253 8248 1.4 41 29 24 30 95% 302518 28497 69%
c e 59.14  0 31 28  85  1 245253 8238 1.4 41 29 24 30 95% 302512 28494 69%
c s 59.17  0 31 28  85  1 245253 8237 1.4 41 29 24 30 95% 302504 28494 69%
c e 59.19  0 31 28  85  1 245253 8237 1.4 41 29 24 30 95% 302493 28490 69%
c O 60.85  0 31 28  90  1 253035 12198 1.4 41 29 24 30 95% 302493 28490 69%
c - 61.46  0 31 29  91  1 256232 3507 1.4 41 29 24 30 94% 302493 28490 69%
c p 61.47  0 31 29  91  1 256232 4754 1.4 41 29 24 30 94% 302493 28490 69%
c
c  seconds  reductions  conflicts        size    tier2         variables
c         MB     restarts     redundant     glue     trail          remaining
c          level      rate         size/glue  tier1    irredundant
c
c v 61.53  0 31 29  91  1 256232 4715 1.4 41 29 24 30 94% 302493 28490 69%
c w 61.54  0 31 29  91  1 256232 4712 1.4 41 29 24 30 94% 302493 28490 69%
c - 65.32  0 31 30  93  1 274969 4592 1.4 42 29 24 30 94% 302493 28490 69%
c p 65.34  0 31 30  93  1 274969 6512 1.4 42 29 24 30 94% 302493 28490 69%
c c 65.40  0 31 30  93  1 274969 6512 1.4 42 29 24 30 94% 302504 28490 69%
c d 65.41  0 31 30  93  1 274969 6512 1.4 42 29 24 30 94% 302482 28479 69%
c 2 65.43  0 31 30  93  1 274969 6512 1.4 42 29 24 30 94% 302383 28479 69%
c u 65.47  0 31 30  93  1 274969 6505 1.4 42 29 24 30 94% 302383 28479 69%
c v 65.49  0 31 30  93  1 274969 6492 1.4 42 29 24 30 94% 302383 28479 69%
c w 65.50  0 31 30  93  1 274969 6488 1.4 42 29 24 30 94% 302383 28479 69%
c B 65.82  0 31 30  93  1 276036 7295 1.4 42 29 24 30 94% 302383 28479 69%
c - 69.63  0 31 31 100  1 294379 4673 1.5 43 29 24 30 94% 302383 28479 69%
c p 69.66  0 31 31 100  1 294379 6037 1.5 43 29 24 30 94% 302383 28478 69%
c v 69.79  0 31 31 100  1 294379 6000 1.5 43 29 24 30 94% 302383 28478 69%
c w 69.80  0 31 31 100  1 294379 5995 1.5 43 29 24 30 94% 302383 28478 69%
c W 71.84  0 31 31 104  1 300038 9353 1.5 43 29 24 30 94% 302373 28478 69%
c s 73.35  0 31 31 107  1 306604 13056 1.5 44 29 24 30 94% 302345 28478 69%
c s 73.42  0 31 31 107  1 306604 13041 1.5 44 29 24 30 94% 302335 28478 69%
c e 73.44  0 31 31 107  1 306604 13041 1.5 44 29 24 30 94% 302327 28475 69%
c - 75.15  0 31 32 108  1 314461 4369 1.5 44 29 24 30 94% 302327 28475 69%
c
c  seconds  reductions  conflicts        size    tier2         variables
c         MB     restarts     redundant     glue     trail          remaining
c          level      rate         size/glue  tier1    irredundant
c
c p 75.16  0 31 32 108  1 314461 6009 1.5 44 29 24 30 94% 302327 28475 69%
c u 75.20  0 31 32 108  1 314461 5994 1.5 44 29 24 30 94% 302327 28475 69%
c v 75.23  0 31 32 108  1 314461 5941 1.5 44 29 24 30 94% 302327 28475 69%
c w 75.24  0 31 32 108  1 314461 5938 1.5 44 29 24 30 94% 302327 28475 69%
c I 77.53  0 31 32 115  1 325041 11117 1.5 43 30 24 30 94% 302327 28475 69%
c - 79.52  0 31 33 121  1 335215 4157 1.5 43 29 24 30 94% 302327 28475 69%
c p 79.54  0 31 33 121  1 335215 5962 1.5 43 29 24 30 94% 302327 28474 69%
c u 79.64  0 31 33 121  1 335215 5954 1.5 43 29 24 30 94% 302327 28474 69%
c v 79.65  0 31 33 121  1 335215 5944 1.5 43 29 24 30 94% 302327 28474 69%
c w 79.66  0 31 33 121  1 335215 5934 1.5 43 29 24 30 94% 302327 28474 69%
c B 82.84  0 30 33 124  1 351043 13737 1.5 42 28 24 30 94% 302327 28474 69%
c - 84.07  0 30 34 124  1 356643 4136 1.5 42 28 24 30 94% 302317 28474 69%
c p 84.08  0 30 34 124  1 356643 6050 1.5 42 28 24 30 94% 302317 28473 69%
c v 84.47  0 30 34 124  1 356643 5961 1.5 42 28 24 30 94% 302307 28473 69%
c w 84.48  0 30 34 124  1 356643 5957 1.5 42 28 24 30 94% 302307 28473 69%
c s 88.10  0 30 34 125  1 374771 15350 1.5 42 28 24 30 94% 302298 28473 69%
c s 88.17  0 30 34 125  1 374771 15335 1.5 42 28 24 30 94% 302292 28473 69%
c e 88.19  0 30 34 125  1 374771 15332 1.5 42 28 24 30 94% 302281 28469 69%
c W 89.84  0 30 34 125  1 378044 16800 1.5 42 28 24 30 94% 302281 28469 69%
c - 89.99  0 30 35 125  1 378744 4346 1.5 42 28 24 30 94% 302281 28469 69%
c
c  seconds  reductions  conflicts        size    tier2         variables
c         MB     restarts     redundant     glue     trail          remaining
c          level      rate         size/glue  tier1    irredundant
c
c p 90.00  0 30 35 125  1 378744 6246 1.5 42 28 24 30 94% 302281 28469 69%
c u 90.06  0 30 35 125  1 378744 6220 1.5 42 28 24 30 94% 302281 28469 69%
c v 90.08  0 30 35 125  1 378744 6209 1.5 42 28 24 30 94% 302281 28469 69%
c w 90.09  0 30 35 125  1 378744 6197 1.5 42 28 24 30 94% 302281 28469 69%
c - 94.69  0 30 36 126  1 401521 4531 1.5 41 28 24 30 94% 302281 28469 69%
c p 94.70  0 30 36 126  1 401521 6525 1.5 41 28 24 30 94% 302281 28467 69%
c u 94.84  0 30 36 126  1 401521 6511 1.5 41 28 24 30 94% 302281 28467 69%
c v 94.87  0 30 36 126  1 401521 6497 1.5 41 28 24 30 94% 302281 28467 69%
c w 94.88  0 30 36 126  1 401521 6486 1.5 41 28 24 30 94% 302281 28467 69%
c F 95.81  0 30 36 126  1 406046 8862 1.5 41 28 24 30 94% 302281 28467 69%
c - 99.28  0 30 37 126  1 424973 4821 1.5 42 29 24 30 94% 302261 28467 69%
c p 99.30  0 30 37 126  1 424973 6719 1.5 42 29 24 30 94% 302261 28466 69%
c u 99.36  0 30 37 126  1 424973 6691 1.5 42 29 24 30 94% 302261 28466 69%
c v 99.39  0 30 37 126  1 424973 6686 1.5 42 29 24 30 94% 302261 28466 69%
c w 99.40  0 30 37 126  1 424973 6682 1.5 42 29 24 30 94% 302261 28466 69%
c B 101.12  0 31 37 126  1 435048 12378 1.4 42 29 24 30 94% 302261 28466 69%
c - 103.78  0 31 38 126  1 449098 5081 1.4 42 29 24 30 94% 302251 28466 69%
c p 103.79  0 31 38 126  1 449098 7019 1.4 42 29 24 30 94% 302251 28465 69%
c u 103.85  0 31 38 126  1 449098 6994 1.4 42 29 24 30 94% 302251 28465 69%
c v 103.88  0 31 38 126  1 449098 6943 1.4 42 29 24 30 94% 302251 28465 69%
c
c  seconds   reductions  conflicts        size    tier2         variables
c          MB     restarts     redundant     glue     trail          remaining
c           level      rate         size/glue  tier1    irredundant
c
c w 103.89  0 31 38 126  1 449098 6935 1.4 42 29 24 30 94% 302251 28465 69%
c s 104.05  0 31 38 126  1 449758 7335 1.4 42 29 24 30 94% 302241 28465 69%
c s 104.10  0 31 38 126  1 449758 7324 1.4 42 29 24 30 94% 302226 28465 69%
c e 104.11  0 31 38 126  1 449758 7324 1.4 42 29 24 30 94% 302218 28462 69%
c W 108.06  0 31 38 126  1 465049 15516 1.4 42 29 24 30 94% 302218 28462 69%
c - 109.97  0 31 39 133  1 473898 5245 1.4 42 29 24 30 94% 302218 28462 69%
c p 109.99  0 31 39 133  1 473898 6969 1.4 42 29 24 30 94% 302218 28462 69%
c u 110.05  0 31 39 133  1 473898 6947 1.4 42 29 24 30 94% 302218 28462 69%
c v 110.06  0 31 39 133  1 473898 6933 1.4 42 29 24 30 94% 302218 28462 69%
c w 110.08  0 31 39 133  1 473898 6931 1.4 42 29 24 30 94% 302218 28462 69%
c x 110.09  0 31 39 133  1 473898 6931 1.4 42 29 24 30 94% 302218 28462 69%
c # 114.59  0 31 39 141  1 496052 19479 1.4 42 29 24 30 94% 302218 28462 69%
c - 115.25  0 31 40 142  1 499374 5509 1.4 42 29 24 30 94% 302218 28462 69%
c p 115.26  0 31 40 142  1 499374 7303 1.4 42 29 24 30 94% 302218 28461 69%
c u 115.41  0 31 40 142  1 499374 7275 1.4 42 29 24 30 94% 302218 28461 69%
c v 115.43  0 31 40 142  1 499374 7263 1.4 42 29 24 30 94% 302218 28461 69%
c w 115.45  0 31 40 142  1 499374 7252 1.4 42 29 24 30 94% 302218 28461 69%
c - 120.85  0 31 41 156  1 525526 5482 1.4 42 30 24 30 94% 302208 28461 69%
c p 120.87  0 31 41 156  1 525526 7251 1.4 42 30 24 30 94% 302208 28461 69%
c u 120.95  0 31 41 156  1 525526 7211 1.4 42 30 24 30 94% 302208 28461 69%
c
c  seconds   reductions  conflicts        size    tier2         variables
c          MB     restarts     redundant     glue     trail          remaining
c           level      rate         size/glue  tier1    irredundant
c
c v 120.96  0 31 41 156  1 525526 7174 1.4 42 30 24 30 94% 302208 28461 69%
c w 120.98  0 31 41 156  1 525526 7165 1.4 42 30 24 30 94% 302208 28461 69%
c B 121.48  0 31 41 156  1 528053 8499 1.4 42 30 24 30 94% 302208 28461 69%
c s 122.22  0 31 41 156  1 531563 10463 1.4 42 30 24 30 94% 302204 28461 69%
c s 122.28  0 31 41 156  1 531563 10447 1.4 42 30 24 30 94% 302202 28461 69%
c e 122.30  0 31 41 156  1 531563 10447 1.4 42 30 24 30 94% 302197 28459 69%
c - 126.89  0 31 42 161  1 552353 5728 1.4 42 30 24 30 94% 302197 28459 69%
c p 126.91  0 31 42 161  1 552353 7687 1.4 42 30 24 30 94% 302197 28458 69%
c u 127.39  0 31 42 161  1 552353 7601 1.4 42 30 24 30 94% 302187 28458 69%
c v 127.41  0 31 42 161  1 552353 7577 1.4 42 30 24 30 94% 302187 28458 69%
c w 127.42  0 31 42 161  1 552353 7566 1.4 42 30 24 30 94% 302187 28458 69%
c W 130.36  0 31 42 165  1 561055 12688 1.4 43 30 24 30 94% 302187 28458 69%
c - 134.17  0 31 43 172  1 579856 5894 1.4 43 30 24 30 94% 302187 28458 69%
c p 134.19  0 31 43 172  1 579856 7770 1.4 43 30 24 30 94% 302187 28458 69%
c u 134.26  0 31 43 172  1 579856 7736 1.4 43 30 24 30 94% 302187 28458 69%
c v 134.28  0 31 43 172  1 579856 7722 1.4 43 30 24 30 94% 302187 28458 69%
c w 134.29  0 31 43 172  1 579856 7709 1.4 43 30 24 30 94% 302187 28458 69%
c O 137.51  0 31 43 181  1 595056 16060 1.4 43 30 24 30 94% 302187 28458 69%
c - 140.14  0 31 44 187  1 608038 5963 1.4 42 29 24 30 94% 302187 28458 69%
c p 140.17  0 31 44 187  1 608038 8077 1.4 42 29 24 30 94% 302187 28458 69%
c
c  seconds   reductions  conflicts        size    tier2         variables
c          MB     restarts     redundant     glue     trail          remaining
c           level      rate         size/glue  tier1    irredundant
c
c u 140.25  0 31 44 187  1 608038 8056 1.4 42 29 24 30 94% 302187 28458 69%
c v 140.28  0 31 44 187  1 608038 8047 1.4 42 29 24 30 94% 302187 28458 69%
c w 140.29  0 31 44 187  1 608038 8037 1.4 42 29 24 30 94% 302187 28458 69%
c s 142.76  0 31 44 188  1 620186 14707 1.4 42 30 24 30 94% 302184 28458 69%
c e 142.80  0 31 44 188  1 620186 14663 1.4 42 30 24 30 94% 302182 28457 69%
c s 142.83  0 31 44 188  1 620186 14651 1.4 42 30 24 30 94% 302179 28457 69%
c e 142.84  0 31 44 188  1 620186 14650 1.4 42 30 24 30 94% 302176 28456 69%
c B 144.97  0 31 44 188  1 630059 20009 1.4 42 30 24 30 94% 302176 28456 69%
c - 146.39  0 31 45 189  1 636895 6377 1.4 42 30 24 30 94% 302176 28456 69%
c p 146.41  0 31 45 189  1 636895 8824 1.4 42 30 24 30 94% 302176 28456 69%
c u 146.56  0 31 45 189  1 636895 8792 1.4 42 30 24 30 94% 302176 28456 69%
c v 146.59  0 31 45 189  1 636895 8772 1.4 42 30 24 30 94% 302176 28456 69%
c w 146.61  0 31 45 189  1 636895 8767 1.4 42 30 24 30 94% 302176 28456 69%
c W 153.91  0 31 45 191  1 666062 24218 1.4 42 30 24 30 94% 302176 28456 69%
c - 154.00  0 31 46 191  1 666429 6273 1.4 42 30 24 30 94% 302176 28456 69%
c p 154.03  0 31 46 191  1 666429 8583 1.4 42 30 24 30 94% 302176 28455 69%
c v 154.12  0 31 46 191  1 666429 8543 1.4 42 30 24 30 94% 302176 28455 69%
c w 154.12  0 31 46 191  1 666429 8537 1.4 42 30 24 30 94% 302176 28455 69%
c - 160.52  0 31 47 204  1 696639 6151 1.4 42 29 24 30 94% 302166 28455 69%
c p 160.54  0 31 47 204  1 696639 8426 1.4 42 29 24 30 94% 302166 28455 69%
c
c  seconds   reductions  conflicts        size    tier2         variables
c          MB     restarts     redundant     glue     trail          remaining
c           level      rate         size/glue  tier1    irredundant
c
c u 160.63  0 31 47 204  1 696639 8407 1.4 42 29 24 30 94% 302166 28455 69%
c v 160.65  0 31 47 204  1 696639 8384 1.4 42 29 24 30 94% 302166 28455 69%
c w 160.67  0 31 47 204  1 696639 8372 1.4 42 29 24 30 94% 302166 28455 69%
c I 161.97  0 31 47 209  1 703064 12840 1.4 42 29 24 30 94% 302166 28455 69%
c s 164.82  0 30 47 216  1 715629 19744 1.5 42 29 24 30 94% 302165 28455 69%
c e 164.85  0 30 47 216  1 715629 19743 1.5 42 29 24 30 94% 302163 28454 69%
c s 164.88  0 30 47 216  1 715629 19706 1.5 42 29 24 30 94% 302162 28454 69%
c - 167.54  0 30 48 219  1 727526 6986 1.5 42 28 24 30 94% 302162 28454 69%
c p 167.56  0 30 48 219  1 727526 9597 1.5 42 28 24 30 94% 302162 28454 69%
c v 167.69  0 30 48 219  1 727526 9523 1.5 42 28 24 30 94% 302162 28454 69%
c w 167.71  0 30 48 219  1 727526 9512 1.5 42 28 24 30 94% 302162 28454 69%
c B 170.72  0 30 48 220  1 741066 16661 1.5 41 28 24 30 94% 302162 28454 69%
c - 174.42  0 30 49 227  1 759089 6866 1.5 41 28 24 30 94% 302162 28454 69%
c p 174.44  0 30 49 227  1 759089 9311 1.5 41 28 24 30 94% 302162 28454 69%
c u 174.54  0 30 49 227  1 759089 9280 1.5 41 28 24 30 94% 302162 28454 69%
c v 174.57  0 30 49 227  1 759089 9261 1.5 41 28 24 30 94% 302162 28454 69%
c w 174.58  0 30 49 227  1 759089 9248 1.5 41 28 24 30 94% 302162 28454 69%
c W 180.29  0 30 49 235  1 780068 19579 1.4 40 28 24 30 94% 302162 28454 69%
c - 182.54  0 30 50 242  1 791330 6781 1.4 40 28 24 30 94% 302162 28454 69%
c p 182.56  0 30 50 242  1 791330 9367 1.4 40 28 24 30 94% 302162 28454 69%
c
c  seconds   reductions  conflicts        size    tier2         variables
c          MB     restarts     redundant     glue     trail          remaining
c           level      rate         size/glue  tier1    irredundant
c
c u 182.65  0 30 50 242  1 791330 9338 1.4 40 28 24 30 94% 302162 28454 69%
c v 182.69  0 30 50 242  1 791330 9323 1.4 40 28 24 30 94% 302162 28454 69%
c w 182.70  0 30 50 242  1 791330 9313 1.4 40 28 24 30 94% 302162 28454 69%
c s 188.20  0 30 50 251  1 817888 23545 1.4 40 28 24 30 94% 302162 28454 69%
c s 188.27  0 30 50 251  1 817888 23532 1.4 40 28 24 30 94% 302162 28454 69%
c e 188.29  0 30 50 251  1 817888 23532 1.4 40 28 24 30 94% 302160 28453 69%
c F 188.80  0 30 50 251  1 820069 24661 1.4 40 28 24 30 94% 302160 28453 69%
c - 189.68  0 30 51 251  1 824249 7015 1.4 40 29 24 30 94% 302160 28453 69%
c p 189.70  0 30 51 251  1 824249 9575 1.4 40 29 24 30 94% 302160 28453 69%
c u 190.05  0 30 51 251  1 824249 9540 1.4 40 29 24 30 94% 302160 28453 69%
c v 190.08  0 30 51 251  1 824249 9517 1.4 40 29 24 30 94% 302160 28453 69%
c w 190.09  0 30 51 251  1 824249 9505 1.4 40 29 24 30 94% 302160 28453 69%
c - 196.75  0 31 52 252  1 857846 7050 1.4 41 29 24 30 94% 302160 28453 69%
c p 196.77  0 31 52 252  1 857846 9537 1.4 41 29 24 30 94% 302160 28453 69%
c v 196.89  0 31 52 252  1 857846 9481 1.4 41 29 24 30 94% 302160 28453 69%
c w 196.90  0 31 52 252  1 857846 9455 1.4 41 29 24 30 94% 302160 28453 69%
c B 197.53  0 31 52 252  1 861072 11372 1.4 42 29 24 30 94% 302160 28453 69%
c - 203.96  0 31 53 253  1 892119 7814 1.5 44 30 24 30 94% 302160 28453 69%
c p 203.98  0 31 53 253  1 892119 10240 1.5 44 30 24 30 94% 302160 28453 69%
c u 204.07  0 31 53 253  1 892119 10207 1.5 44 30 24 30 94% 302160 28453 69%
c
c  seconds   reductions  conflicts         size    tier2         variables
c          MB     restarts      redundant     glue     trail          remaining
c           level      rate          size/glue  tier1    irredundant
c
c v 204.09  0 31 53 253  1 892119 10172 1.5 44 30 24 30 94% 302160 28453 69%
c w 204.11  0 31 53 253  1 892119 10148 1.5 44 30 24 30 94% 302160 28453 69%
c W 207.74  0 31 53 253  1 903076 16724 1.5 44 30 24 30 94% 302160 28453 69%
c s 212.64  0 32 53 253  1 926966 28974 1.5 44 30 24 30 94% 302160 28453 69%
c s 212.73  0 32 53 253  1 926966 28958 1.5 44 30 24 30 94% 302160 28453 69%
c - 212.81  0 32 54 253  1 927072 7688 1.5 44 30 24 30 94% 302160 28453 69%
c p 212.83  0 32 54 253  1 927072 10046 1.5 44 30 24 30 94% 302160 28453 69%
c u 212.90  0 32 54 253  1 927072 10005 1.5 44 30 24 30 94% 302160 28453 69%
c v 212.92  0 32 54 253  1 927072 9984 1.5 44 30 24 30 94% 302160 28453 69%
c w 212.94  0 32 54 253  1 927072 9978 1.5 44 30 24 30 94% 302160 28453 69%
c # 216.58  0 32 54 254  1 946077 20457 1.5 44 30 24 30 94% 302160 28453 69%
c - 219.81  0 32 55 254  1 962702 7699 1.4 43 30 24 30 94% 302160 28453 69%
c p 219.84  0 32 55 254  1 962702 10154 1.4 43 30 24 30 94% 302160 28453 69%
c v 219.96  0 32 55 254  1 962702 10102 1.4 43 30 24 30 94% 302160 28453 69%
c w 219.99  0 32 55 254  1 962702 10093 1.4 43 30 24 30 94% 302160 28453 69%
c B 225.55  0 32 55 254  1 990079 25085 1.4 44 30 24 30 94% 302160 28453 69%
c - 227.44  0 32 56 254  1 999012 8097 1.5 44 30 24 30 94% 302160 28453 69%
c p 227.46  0 32 56 254  1 999012 10880 1.5 44 30 24 30 94% 302160 28453 69%
c u 227.56  0 32 56 254  1 999012 10853 1.5 44 30 24 30 94% 302160 28453 69%
c v 227.59  0 32 56 254  1 999012 10839 1.5 44 30 24 30 94% 302160 28453 69%
c
c  seconds   reductions  conflicts         size    tier2         variables
c          MB     restarts      redundant     glue     trail          remaining
c           level      rate          size/glue  tier1    irredundant
c
c w 227.61  0 32 56 254  1 999012 10823 1.5 44 30 24 30 94% 302160 28453 69%
c W 236.36  0 32 56 254  1 1035080 30315 1.5 44 31 24 30 94% 302160 28453 69%
c - 236.59  0 32 57 254  1 1035998 8121 1.5 44 31 24 30 94% 302160 28453 69%
c p 236.62  0 32 57 254  1 1035998 10811 1.5 44 31 24 30 94% 302160 28453 69%
c u 236.72  0 32 57 254  1 1035998 10769 1.5 44 31 24 30 94% 302160 28453 69%
c v 236.75  0 32 57 254  1 1035998 10754 1.5 44 31 24 30 94% 302160 28453 69%
c w 236.77  0 32 57 254  1 1035998 10733 1.5 44 31 24 30 94% 302160 28453 69%
c s 238.14  0 32 57 254  1 1042862 14818 1.5 44 31 24 30 94% 302159 28453 69%
c s 238.20  0 32 57 254  1 1042862 14803 1.5 44 31 24 30 94% 302159 28453 69%
c - 244.35  0 32 58 261  1 1073662 8685 1.5 45 31 24 30 94% 302159 28453 69%
c 2 244.36  0 32 58 261  1 1073662 8683 1.5 45 31 24 30 94% 302159 28453 69%
c p 244.38  0 32 58 261  1 1073662 11250 1.5 45 31 24 30 94% 302159 28453 69%
c u 244.55  0 32 58 261  1 1073662 11207 1.5 45 31 24 30 94% 302159 28453 69%
c v 244.58  0 32 58 261  1 1073662 11192 1.5 45 31 24 30 94% 302159 28453 69%
c w 244.59  0 32 58 261  1 1073662 11183 1.5 45 31 24 30 94% 302159 28453 69%
c O 246.02  0 32 58 266  1 1081082 15598 1.5 45 31 24 30 94% 302159 28453 69%
c - 252.19  0 31 59 279  1 1112006 8968 1.5 44 30 24 30 94% 302159 28453 69%
c p 252.22  0 31 59 279  1 1112006 11946 1.5 44 30 24 30 94% 302159 28453 69%
c u 252.31  0 31 59 279  1 1112006 11906 1.5 44 30 24 30 94% 302159 28453 69%
c v 252.35  0 31 59 279  1 1112006 11883 1.5 44 30 24 30 94% 302159 28453 69%
c
c  seconds   reductions   conflicts         size    tier2         variables
c          MB     restarts       redundant     glue     trail          remaining
c           level      rate           size/glue  tier1    irredundant
c
c w 252.37  0 31 59 279  1 1112006 11869 1.5 44 30 24 30 94% 302159 28453 69%
c B 255.86  0 31 59 284  1 1128086 20284 1.5 43 30 24 30 94% 302159 28453 69%
c - 260.35  0 32 60 289  1 1151029 8680 1.5 44 30 24 30 94% 302159 28453 69%
c p 260.37  0 32 60 289  1 1151029 11519 1.5 44 30 24 30 94% 302159 28453 69%
c u 260.49  0 32 60 289  1 1151029 11488 1.5 44 30 24 30 94% 302159 28453 69%
c v 260.52  0 32 60 289  1 1151029 11440 1.5 44 30 24 30 94% 302159 28453 69%
c w 260.56  0 32 60 289  1 1151029 11419 1.5 44 30 24 30 94% 302159 28453 69%
c s 263.61  0 32 60 298  1 1165574 20599 1.5 44 30 24 30 94% 302159 28453 69%
c s 263.67  0 32 60 298  1 1165574 20571 1.5 44 30 24 30 94% 302159 28453 69%
c W 267.73  0 32 60 300  1 1176087 26284 1.5 44 30 24 30 94% 302159 28453 69%
c ] 267.95  0 32 60 300  1 1177197 26792 1.5 44 30 24 30 94% 302159 28453 69%
c ? 267.95  0 32 60 300  1 1177197 26792 1.5 44 30 24 30 94% 302159 28453 69%
c
c --- [ result ] -------------------------------------------------------------
c
c writing result to 'search-results/cadical-support70-cover-20260902/anchor-002-p0-s0.result'
c
c --- [ run-time profiling ] -------------------------------------------------
c
c process time taken by individual solving procedures
c (percentage relative to process time for solving)
c
c       255.76   95.47% search
c       241.10   89.99% stable
c        14.65    5.47% walk
c        12.14    4.53% simplify
c         3.68    1.37% vivify
c         1.91    0.71% sweep
c         1.68    0.63% congruence
c         1.00    0.37% subsume
c         0.99    0.37% backbone
c         0.95    0.35% elim
c         0.38    0.14% probe
c         0.27    0.10% ternary
c         0.05    0.02% parse
c         0.02    0.01% lucky
c   =================================
c       267.90   99.98% solve
c
c last line shows process time for solving
c (percentage relative to total process time)
c
c --- [ statistics ] ---------------------------------------------------------
c
c chronological:            109935         9.34 %  of conflicts
c conflicts:               1177197      4394.16    per second
c backbone:               76116793    184048.15 %  of vars
c decisions:               1244222      4644.34    per second
c eliminated:                 3005         7.27 %  of all variables
c fixed:                      9130        22.08 %  of all variables
c learned:                 1161729        98.69 %  per conflict
c learned_lits:          583348069       100.00 %  learned literals
c minimized:                     0         0.00 %  learned literals
c shrunken:              530246974        90.90 %  learned literals
c minishrunken:            3888165         0.67 %  learned literals
c otfs:                        554         0.05 %  of conflict
c propagations:          978150827         3.65 M  per second
c reduced:                  613749        52.14 %  per conflict
c rephased:                     48     24524.94    interval
c restarts:                    300      3923.99    interval
c substituted:                 769         1.86 %  of all variables
c subsumed:                 524727        32.98 %  of all clauses
c strengthened:              40846         2.57 %  of all clauses
c ticks:               11353747044        15.16    propagation
c vivified:                   1378         0.09 %  of all clauses
c walked:                       16     73574.81    interval
c weakened:                  14759         3.13    average size
c congruence:                   24     49049.88    interval
c
c seconds are measured in process time for solving
c
c --- [ glue usage ] ---------------------------------------------------------
c
c focused glue 2 used 0 clauses 0.000% accumulated 0.000% tier1
c focused glue 3 used 0 clauses 0.000% accumulated 0.000%
c focused glue 4 used 0 clauses 0.000% accumulated 0.000%
c focused glue 5 used 0 clauses 0.000% accumulated 0.000%
c focused glue 6 used 0 clauses 0.000% accumulated 0.000% tier2
c
c stable glue 24 used 210473 clauses 5.475% accumulated 51.61% tier1
c stable glue 25 used 213231 clauses 5.547% accumulated 57.16%
c stable glue 26-28 used 644268 clauses 16.76% accumulated 73.92%
c stable glue 29 used 207974 clauses 5.410% accumulated 79.33%
c stable glue 30 used 202351 clauses 5.264% accumulated 84.59% tier2
c
c
c --- [ resources ] ----------------------------------------------------------
c
c total process time since initialization:       267.95    seconds
c total real time since initialization:          300.01    seconds
c maximum resident set size of process:          251.48    MB
c
c --- [ shutting down ] ------------------------------------------------------
c
c exit 0
