c --- [ banner ] -------------------------------------------------------------
c
c CaDiCaL SAT Solver
c Copyright (c) 2016-2026
c A. Biere, M. Fleury, N. Froleyks, K. Fazekas, F. Pollitt, T. Faller
c JKU Linz, University of Freiburg, TU Wien
c
c Version 3.0.1 c60730422e758ef1cebe7aeddf2dda31c996bf04
c Apple clang version 21.0.0 (clang-2100.1.1.101) -Wall -Wextra -O3 -DNDEBUG -DNCLOSEFROM
c Tue Sep 1 21:08:57 PDT 2026 Darwin retained-runner 25.6.0 arm64
c
c --- [ limit ] --------------------------------------------------------------
c
c setting time limit to 300 seconds real time (due to '-t 300')
c
c --- [ parsing input ] ------------------------------------------------------
c
c reading DIMACS file from 'search-results/cadical-support70-cover-20260902/cnf/anchor-004-p1-s0.cnf'
c opening file to read 'search-results/cadical-support70-cover-20260902/cnf/anchor-004-p1-s0.cnf'
c found 'p cnf 41357 414868' header
c parsed 414868 clauses in 0.05 seconds process time
c
c --- [ options ] ------------------------------------------------------------
c
c   --elimeffort=10                (different from default '1e3')
c   --stabilizeonly=true           (different from default 'false')
c   --subsumeeffort=60             (different from default '1e3')
c
c --- [ solving ] ------------------------------------------------------------
c
c time measured in process time since initialization
c
c  seconds  reduction conflicts       size tier2        variables
c         MB    restarts   redundant    glue  trail          remaining
c          level     rate       size/glu tier1  irredundant
c
c *  0.05  0  0 0   0  0    0    0 0.0 0 0 2 6  0% 329699 32370 78%
c )  0.07  0  0 0   0  0    0    0 0.0 0 0 2 6  0% 329699 32370 78%
c [  0.08  0  0 0   0  0    0    0 0.0 0 0 2 6  0% 329699 32370 78%
c i  0.08  0  1 0   0 33    1    0 0.0 1 0 2 6 95% 329699 32329 78%
c i  0.08  0 31 0   0  9    8    6 2.7 11 4 2 6 93% 329699 32325 78%
c i  0.09  0 35 0   0  3   29   17 2.0 35 17 2 6 96% 329699 32324 78%
c i  0.09  0 34 0   0  3   42   17 1.7 31 19 2 6 96% 329699 32320 78%
c i  0.10  0 36 0   0  2  131   36 1.5 43 28 2 6 97% 329699 32312 78%
c i  0.10  0 35 0   0  2  145   42 1.5 42 28 2 6 97% 329699 32275 78%
c -  0.13  0 35 1   0  1  301   78 1.8 49 27 2 6 97% 314373 32254 78%
c -  0.24  0 32 2   0  1  949  165 1.6 45 29 2 6 95% 314363 32254 78%
c I  0.25  0 32 2   0  1 1002  182 1.5 44 29 2 6 95% 314363 32254 78%
c -  0.45  0 32 3   1  1 2103  239 1.7 47 29 2 6 94% 314350 32254 78%
c B  0.67  0 31 3   2  1 3004  729 1.7 47 28 2 6 93% 314336 32254 78%
c 2  0.68  0 31 3   2  1 3045  767 1.7 47 28 2 6 93% 314335 32254 78%
c d  0.68  0 31 3   2  1 3045  767 1.7 47 28 2 6 93% 313025 31599 76%
c c  0.76  0 31 3   2  1 3045  767 1.7 47 28 2 6 93% 313021 31599 76%
c d  0.77  0 31 3   2  1 3045  767 1.7 47 28 2 6 93% 313017 31597 76%
c -  1.01  0 32 4   2  1 3820  343 1.6 47 29 2 6 92% 313004 31597 76%
c 2  1.37  0 32 4   4  1 5546 1362 1.6 47 30 28 32 92% 312969 31596 76%
c
c  seconds  reduction conflicts       size    tier2         variables
c         MB    restarts   redundant     glue     trail          remaining
c          level     rate       size/glue  tier1    irredundant
c
c W  1.65  0 32 4   4  1 6007 1638 1.6 47 30 28 32 92% 312957 31596 76%
c -  1.69  0 32 5   4  1 6131  474 1.6 47 30 29 32 92% 312956 31596 76%
c s  1.80  0 32 5   5  1 6697  790 1.6 47 30 29 32 92% 312879 31596 76%
c e  2.04  0 32 5   5  1 6697  366 1.6 47 30 29 32 92% 307282 28946 70%
c s  2.05  0 32 5   5  1 6697  366 1.6 47 30 29 32 92% 307279 28946 70%
c e  2.09  0 32 5   5  1 6697  364 1.6 47 30 29 32 92% 307158 28921 70%
c -  2.66  0 32 6   6  1 9057  451 1.5 45 30 29 32 95% 307158 28921 70%
c F  2.84  0 32 6   6  1 10010  987 1.5 45 30 29 32 95% 307158 28921 70%
c c  3.09  0 33 6   6  1 10848 1579 1.5 46 30 29 32 95% 307166 28921 70%
c d  3.10  0 33 6   6  1 10848 1579 1.5 46 30 29 32 95% 307150 28913 70%
c 2  3.10  0 33 6   6  1 10848 1579 1.5 46 30 29 32 95% 307083 28913 70%
c -  3.44  0 33 7   6  1 12595  688 1.5 45 30 29 32 95% 307083 28913 70%
c B  3.99  0 33 7   9  1 15011 2025 1.5 45 30 29 32 95% 307083 28913 70%
c -  4.36  0 33 8   9  1 16766  846 1.5 45 31 29 32 95% 307083 28913 70%
c u  4.43  0 33 8   9  1 16766  837 1.5 45 31 29 32 95% 307083 28913 70%
c v  4.44  0 33 8   9  1 16766  823 1.5 45 31 29 32 95% 307083 28913 70%
c w  4.45  0 33 8   9  1 16766  820 1.5 45 31 29 32 95% 307083 28913 70%
c x  4.46  0 33 8   9  1 16766  820 1.5 45 31 29 32 95% 306949 28913 70%
c t  4.47  0 33 8   9  1 16766  820 1.5 45 31 29 32 95% 306948 28913 70%
c s  5.19  0 33 8  12  1 20334 2706 1.5 44 31 29 32 95% 306948 28913 70%
c
c  seconds  reductions conflicts       size    tier2         variables
c         MB    restarts    redundant     glue     trail          remaining
c          level     rate        size/glue  tier1    irredundant
c
c t  5.20  0 33 8  12  1 20334 2706 1.5 44 31 29 32 95% 306947 28913 70%
c e  5.23  0 33 8  12  1 20334 2703 1.5 44 31 29 32 95% 306879 28899 70%
c s  5.24  0 33 8  12  1 20334 2703 1.5 44 31 29 32 95% 306856 28899 70%
c e  5.27  0 33 8  12  1 20334 2703 1.5 44 31 29 32 95% 306849 28896 70%
c W  5.63  0 33 8  13  1 21012 3161 1.5 45 31 29 32 95% 306849 28896 70%
c -  5.74  0 33 9  13  1 21580  937 1.5 45 31 28 32 95% 306849 28896 70%
c c  5.82  0 33 9  13  1 21580  937 1.5 45 31 28 32 95% 306933 28896 70%
c d  5.83  0 33 9  13  1 21580  937 1.5 45 31 28 32 95% 306765 28812 70%
c 2  5.84  0 33 9  13  1 21580  937 1.5 45 31 28 32 95% 306009 28812 70%
c -  6.91  0 33 10  14  1 27041 1095 1.5 45 31 28 32 95% 306009 28812 70%
c #  7.23  0 33 10  14  1 28014 1683 1.5 46 31 28 32 95% 306009 28812 70%
c -  8.20  0 33 11  14  1 33150 1221 1.5 46 31 28 32 95% 306009 28812 70%
c u  8.22  0 33 11  14  1 33150 1204 1.5 46 31 28 32 95% 306009 28812 70%
c v  8.25  0 33 11  14  1 33150 1188 1.5 46 31 28 32 95% 306009 28812 70%
c w  8.25  0 33 11  14  1 33150 1185 1.5 46 31 28 32 95% 306009 28812 70%
c x  8.27  0 33 11  14  1 33150 1185 1.5 46 31 28 32 95% 305870 28812 70%
c B  8.86  0 34 11  17  1 36016 2831 1.5 47 31 28 32 95% 305870 28812 70%
c -  9.60  0 34 12  20  1 39911 1345 1.5 47 31 28 33 95% 305870 28812 70%
c s  9.97  0 34 12  20  1 40786 1870 1.5 47 31 28 33 95% 305869 28812 70%
c e  9.99  0 34 12  20  1 40786 1870 1.5 47 31 28 33 95% 305865 28811 70%
c
c  seconds  reductions  conflicts       size    tier2         variables
c         MB     restarts    redundant     glue     trail          remaining
c          level      rate        size/glue  tier1    irredundant
c
c s 10.00  0 34 12  20  1 40786 1866 1.5 47 31 28 33 95% 305631 28811 70%
c e 10.03  0 34 12  20  1 40786 1865 1.5 47 31 28 33 95% 305598 28785 70%
c W 11.08  0 34 12  21  1 45017 4289 1.5 47 32 28 33 95% 305598 28785 70%
c - 11.55  0 34 13  23  1 47329 1505 1.5 47 32 28 33 95% 305598 28785 70%
c p 11.55  0 34 13  23  1 47329 1587 1.5 47 32 28 33 95% 305598 28785 70%
c O 13.21  0 33 13  28  1 55018 5955 1.5 46 32 28 33 95% 305598 28785 70%
c - 13.30  0 33 14  28  1 55405 1663 1.5 46 31 28 33 95% 305598 28785 70%
c p 13.31  0 33 14  28  1 55405 1919 1.5 46 31 28 33 95% 305598 28785 70%
c u 13.33  0 33 14  28  1 55405 1895 1.5 46 31 28 33 95% 305595 28785 70%
c v 13.36  0 33 14  28  1 55405 1865 1.5 46 31 28 33 95% 305595 28785 70%
c w 13.37  0 33 14  28  1 55405 1863 1.5 46 31 28 33 95% 305595 28785 70%
c x 13.38  0 33 14  28  1 55405 1863 1.5 46 31 28 33 95% 305586 28785 70%
c - 15.23  0 32 15  29  1 64143 1814 1.5 45 31 28 33 95% 305586 28785 70%
c p 15.25  0 32 15  29  1 64143 2152 1.5 45 31 28 33 95% 305586 28785 70%
c c 15.32  0 32 15  29  1 64143 2152 1.5 45 31 28 33 95% 305599 28785 70%
c d 15.33  0 32 15  29  1 64143 2152 1.5 45 31 28 33 95% 305571 28771 70%
c 2 15.34  0 32 15  29  1 64143 2152 1.5 45 31 28 33 95% 305448 28770 70%
c t 15.35  0 32 15  29  1 64143 2152 1.5 45 31 28 33 95% 305447 28770 70%
c B 15.71  0 32 15  29  1 66019 2964 1.5 45 30 28 33 95% 305447 28770 70%
c s 16.14  0 32 15  30  1 68054 4075 1.5 45 31 28 33 95% 305275 28770 70%
c
c  seconds  reductions  conflicts       size    tier2         variables
c         MB     restarts    redundant     glue     trail          remaining
c          level      rate        size/glue  tier1    irredundant
c
c e 16.18  0 32 15  30  1 68054 4068 1.5 45 31 28 33 95% 305235 28751 70%
c s 16.22  0 32 15  30  1 68054 4047 1.5 45 31 28 33 95% 305158 28751 70%
c e 16.24  0 32 15  30  1 68054 4044 1.5 45 31 28 33 95% 305134 28740 69%
c - 17.28  0 33 16  30  1 73547 1920 1.5 45 31 27 32 95% 305134 28740 69%
c p 17.28  0 33 16  30  1 73547 2160 1.5 45 31 27 32 95% 305134 28740 69%
c u 17.30  0 33 16  30  1 73547 2136 1.5 45 31 27 32 95% 305133 28740 69%
c v 17.32  0 33 16  30  1 73547 2094 1.5 45 31 27 32 95% 305133 28740 69%
c w 17.33  0 33 16  30  1 73547 2090 1.5 45 31 27 32 95% 305133 28740 69%
c x 17.34  0 33 16  30  1 73547 2090 1.5 45 31 27 32 95% 305126 28740 69%
c W 18.57  0 33 16  30  1 78020 4738 1.5 45 31 27 32 95% 305126 28740 69%
c - 19.58  0 33 17  31  1 83610 2074 1.5 45 31 27 32 95% 305126 28740 69%
c p 19.59  0 33 17  31  1 83610 2281 1.5 45 31 27 32 95% 305126 28740 69%
c c 19.67  0 33 17  31  1 83610 2281 1.5 45 31 27 32 95% 305127 28740 69%
c d 19.67  0 33 17  31  1 83610 2281 1.5 45 31 27 32 95% 305125 28739 69%
c 2 19.68  0 33 17  31  1 83610 2281 1.5 45 31 27 32 95% 305117 28739 69%
c I 21.28  0 33 17  36  1 91021 6207 1.4 45 31 27 32 95% 305117 28739 69%
c - 22.06  0 33 18  37  1 94339 2086 1.4 45 31 27 32 95% 305117 28739 69%
c p 22.08  0 33 18  37  1 94339 2383 1.4 45 31 27 32 95% 305117 28739 69%
c u 22.17  0 33 18  37  1 94339 2356 1.4 45 31 27 32 95% 305117 28739 69%
c v 22.21  0 33 18  37  1 94339 2329 1.4 45 31 27 32 95% 305117 28739 69%
c
c  seconds  reductions  conflicts       size    tier2         variables
c         MB     restarts    redundant     glue     trail          remaining
c          level      rate        size/glue  tier1    irredundant
c
c w 22.22  0 33 18  37  1 94339 2324 1.4 45 31 27 32 95% 305117 28739 69%
c s 24.04  0 32 18  43  1 102139 5735 1.4 43 30 27 32 95% 305076 28739 69%
c e 24.09  0 32 18  43  1 102139 5735 1.4 43 30 27 32 95% 305069 28737 69%
c s 24.13  0 32 18  43  1 102139 5647 1.4 43 30 27 32 95% 305053 28737 69%
c e 24.15  0 32 18  43  1 102139 5643 1.4 43 30 27 32 95% 305029 28729 69%
c B 24.81  0 32 18  44  1 105022 7112 1.4 43 30 27 32 95% 305029 28729 69%
c - 25.00  0 32 19  44  1 105738 1953 1.4 43 30 27 32 95% 305029 28729 69%
c p 25.01  0 32 19  44  1 105738 2389 1.4 43 30 27 32 95% 305029 28729 69%
c - 27.47  0 31 20  47  1 117805 2223 1.4 42 30 27 32 95% 305029 28729 69%
c p 27.48  0 31 20  47  1 117805 2629 1.4 42 30 27 32 95% 305029 28729 69%
c v 27.61  0 31 20  47  1 117805 2586 1.4 42 30 27 32 95% 305029 28729 69%
c w 27.61  0 31 20  47  1 117805 2571 1.4 42 30 27 32 95% 305029 28729 69%
c x 27.64  0 31 20  47  1 117805 2571 1.4 42 30 27 32 95% 305028 28729 69%
c W 28.64  0 31 20  48  1 120024 3705 1.4 42 29 27 32 95% 305028 28729 69%
c - 30.82  0 31 21  54  1 130541 2352 1.4 41 29 27 32 95% 305028 28729 69%
c p 30.85  0 31 21  54  1 130541 2967 1.4 41 29 27 32 95% 305028 28729 69%
c F 32.01  0 31 21  58  1 136025 5974 1.4 41 29 27 32 95% 305028 28729 69%
c s 33.39  0 31 21  60  1 143042 9731 1.4 42 29 26 32 95% 304996 28729 69%
c e 33.43  0 31 21  60  1 143042 9731 1.4 42 29 26 32 95% 304987 28726 69%
c s 33.46  0 31 21  60  1 143042 9725 1.4 42 29 26 32 95% 304971 28726 69%
c
c  seconds  reductions  conflicts        size    tier2         variables
c         MB     restarts     redundant     glue     trail          remaining
c          level      rate         size/glue  tier1    irredundant
c
c e 33.48  0 31 21  60  1 143042 9717 1.4 42 29 26 32 95% 304962 28723 69%
c - 33.68  0 31 22  60  1 143947 2668 1.4 42 30 26 32 95% 304962 28723 69%
c p 33.69  0 31 22  60  1 143947 3607 1.4 42 30 26 32 95% 304962 28723 69%
c u 33.73  0 31 22  60  1 143947 3585 1.4 42 30 26 32 95% 304962 28723 69%
c v 33.79  0 31 22  60  1 143947 3544 1.4 42 30 26 32 95% 304962 28723 69%
c w 33.80  0 31 22  60  1 143947 3534 1.4 42 30 26 32 95% 304962 28723 69%
c B 35.60  0 32 22  61  1 153026 9008 1.4 43 30 26 32 95% 304962 28723 69%
c - 36.72  0 32 23  61  1 158027 2960 1.4 43 30 26 32 95% 304962 28723 69%
c p 36.73  0 32 23  61  1 158027 4044 1.4 43 30 26 32 95% 304962 28722 69%
c c 36.80  0 32 23  61  1 158027 4044 1.4 43 30 26 32 95% 304963 28722 69%
c d 36.81  0 32 23  61  1 158027 4036 1.4 43 30 26 32 95% 304951 28721 69%
c 2 36.84  0 32 23  61  1 158027 4036 1.4 43 30 26 32 95% 304943 28721 69%
c W 40.47  0 31 23  62  1 171027 10811 1.4 43 30 26 32 95% 304943 28721 69%
c - 40.85  0 31 24  62  1 172777 2943 1.4 42 29 26 32 95% 304943 28721 69%
c p 40.86  0 31 24  62  1 172777 4411 1.4 42 29 26 32 95% 304943 28719 69%
c u 40.90  0 31 24  62  1 172777 4387 1.4 42 29 26 32 95% 304943 28719 69%
c v 40.95  0 31 24  62  1 172777 4327 1.4 42 29 26 32 95% 304943 28719 69%
c w 40.97  0 31 24  62  1 172777 4317 1.4 42 29 26 32 95% 304943 28719 69%
c - 44.56  0 31 25  62  1 188199 2945 1.4 42 29 26 32 95% 304923 28719 69%
c p 44.58  0 31 25  62  1 188199 4482 1.4 42 29 26 32 95% 304923 28717 69%
c
c  seconds  reductions  conflicts        size    tier2         variables
c         MB     restarts     redundant     glue     trail          remaining
c          level      rate         size/glue  tier1    irredundant
c
c v 44.71  0 31 25  62  1 188199 4473 1.4 42 29 26 32 95% 304923 28717 69%
c w 44.71  0 31 25  62  1 188199 4470 1.4 42 29 26 32 95% 304923 28717 69%
c x 44.73  0 31 25  62  1 188199 4470 1.4 42 29 26 32 95% 304923 28717 69%
c # 45.14  0 31 25  62  1 190030 5436 1.4 42 29 26 32 95% 304923 28717 69%
c s 45.35  0 31 25  62  1 190760 5974 1.4 42 29 26 32 95% 304905 28717 69%
c e 45.38  0 31 25  62  1 190760 5939 1.4 42 29 26 32 95% 304874 28713 69%
c s 45.41  0 31 25  62  1 190760 5934 1.4 42 29 26 32 95% 304857 28713 69%
c e 45.44  0 31 25  62  1 190760 5931 1.4 42 29 26 32 95% 304851 28711 69%
c - 47.92  0 31 26  66  1 204295 3311 1.4 42 29 25 32 95% 304851 28711 69%
c p 47.93  0 31 26  66  1 204295 4521 1.4 42 29 25 32 95% 304851 28711 69%
c u 47.98  0 31 26  66  1 204295 4500 1.4 42 29 25 32 95% 304851 28711 69%
c v 47.99  0 31 26  66  1 204295 4481 1.4 42 29 25 32 95% 304851 28711 69%
c w 47.99  0 31 26  66  1 204295 4476 1.4 42 29 25 32 95% 304851 28711 69%
c B 49.08  0 31 26  69  1 210032 8000 1.4 43 29 25 32 95% 304851 28711 69%
c - 51.44  0 31 27  76  1 221065 3565 1.5 43 29 25 32 95% 304851 28711 69%
c p 51.46  0 31 27  76  1 221065 4880 1.5 43 29 25 32 95% 304851 28710 69%
c u 51.52  0 31 27  76  1 221065 4870 1.5 43 29 25 32 95% 304851 28710 69%
c v 51.54  0 31 27  76  1 221065 4864 1.5 43 29 25 32 95% 304851 28710 69%
c w 51.56  0 31 27  76  1 221065 4858 1.5 43 29 25 32 95% 304851 28710 69%
c W 54.29  0 31 27  77  1 231033 10595 1.5 43 29 25 32 95% 304841 28710 69%
c
c  seconds  reductions  conflicts        size    tier2         variables
c         MB     restarts     redundant     glue     trail          remaining
c          level      rate         size/glue  tier1    irredundant
c
c - 55.86  0 31 28  82  1 238510 3581 1.4 42 29 25 32 95% 304841 28710 69%
c p 55.86  0 31 28  82  1 238510 5153 1.4 42 29 25 32 95% 304841 28708 69%
c c 55.94  0 31 28  82  1 238510 5153 1.4 42 29 25 32 95% 304842 28708 69%
c d 55.94  0 31 28  82  1 238510 5138 1.4 42 29 25 32 95% 304820 28707 69%
c 2 55.97  0 31 28  82  1 238510 5138 1.4 42 29 25 32 95% 304812 28707 69%
c u 56.00  0 31 28  82  1 238510 5133 1.4 42 29 25 32 95% 304812 28707 69%
c v 56.02  0 31 28  82  1 238510 5110 1.4 42 29 25 32 95% 304812 28707 69%
c w 56.03  0 31 28  82  1 238510 5106 1.4 42 29 25 32 95% 304812 28707 69%
c s 57.43  0 31 28  85  1 245295 8692 1.4 42 29 25 32 95% 304799 28707 69%
c e 57.46  0 31 28  85  1 245295 8668 1.4 42 29 25 32 95% 304793 28705 69%
c s 57.49  0 31 28  85  1 245295 8666 1.4 42 29 25 32 95% 304775 28705 69%
c e 57.51  0 31 28  85  1 245295 8665 1.4 42 29 25 32 95% 304770 28703 69%
c O 59.19  0 31 28  90  1 253035 13127 1.4 42 29 25 32 95% 304770 28703 69%
c - 60.07  0 31 29  91  1 256629 3799 1.4 42 29 25 32 95% 304770 28703 69%
c p 60.10  0 31 29  91  1 256629 5471 1.4 42 29 25 32 95% 304770 28701 69%
c v 60.15  0 31 29  91  1 256629 5452 1.4 42 29 25 32 95% 304770 28701 69%
c x 60.17  0 31 29  91  1 256629 5446 1.4 42 29 25 32 95% 304770 28701 69%
c - 63.91  0 31 30  93  1 275423 4170 1.5 42 29 25 31 95% 304750 28701 69%
c p 63.92  0 31 30  93  1 275423 6133 1.5 42 29 25 31 95% 304750 28700 69%
c u 64.34  0 31 30  93  1 275423 6093 1.5 42 29 25 31 95% 304740 28700 69%
c
c  seconds  reductions  conflicts        size    tier2         variables
c         MB     restarts     redundant     glue     trail          remaining
c          level      rate         size/glue  tier1    irredundant
c
c v 64.36  0 31 30  93  1 275423 6076 1.5 42 29 25 31 95% 304740 28700 69%
c w 64.37  0 31 30  93  1 275423 6068 1.5 42 29 25 31 95% 304740 28700 69%
c B 64.52  0 31 30  93  1 276037 6441 1.5 42 29 25 31 95% 304740 28700 69%
c - 68.44  0 31 31 100  1 294893 4040 1.4 42 29 25 31 95% 304740 28700 69%
c p 68.46  0 31 31 100  1 294893 5922 1.4 42 29 25 31 95% 304740 28700 69%
c u 68.52  0 31 31 100  1 294893 5910 1.4 42 29 25 31 95% 304740 28700 69%
c v 68.53  0 31 31 100  1 294893 5893 1.4 42 29 25 31 95% 304740 28700 69%
c w 68.54  0 31 31 100  1 294893 5884 1.4 42 29 25 31 95% 304740 28700 69%
c W 70.37  0 31 31 104  1 300038 8995 1.4 42 29 25 31 95% 304740 28700 69%
c s 71.82  0 31 31 107  1 306649 12295 1.4 42 29 25 31 95% 304727 28700 69%
c e 71.86  0 31 31 107  1 306649 12267 1.4 42 29 25 31 95% 304722 28698 69%
c s 71.88  0 31 31 107  1 306649 12259 1.4 42 29 25 31 95% 304710 28698 69%
c e 71.89  0 31 31 107  1 306649 12258 1.4 42 29 25 31 95% 304703 28695 69%
c - 73.78  0 31 32 108  1 315038 4110 1.4 41 29 25 31 95% 304703 28695 69%
c p 73.79  0 31 32 108  1 315038 5634 1.4 41 29 25 31 95% 304703 28694 69%
c w 73.87  0 31 32 108  1 315038 5597 1.4 41 29 25 31 95% 304703 28694 69%
c I 76.04  0 30 32 115  1 325039 10876 1.4 41 29 25 31 95% 304703 28694 69%
c - 78.40  0 30 33 121  1 335860 4256 1.4 41 29 24 31 95% 304693 28694 69%
c p 78.42  0 30 33 121  1 335860 5841 1.4 41 29 24 31 95% 304693 28693 69%
c c 78.51  0 30 33 121  1 335860 5841 1.4 41 29 24 31 95% 304694 28693 69%
c
c  seconds  reductions  conflicts        size    tier2         variables
c         MB     restarts     redundant     glue     trail          remaining
c          level      rate         size/glue  tier1    irredundant
c
c d 78.52  0 30 33 121  1 335860 5836 1.4 41 29 24 31 95% 304682 28692 69%
c 2 78.53  0 30 33 121  1 335860 5835 1.4 41 29 24 31 95% 304674 28692 69%
c v 78.58  0 30 33 121  1 335860 5815 1.4 41 29 24 31 95% 304674 28692 69%
c w 78.59  0 30 33 121  1 335860 5811 1.4 41 29 24 31 95% 304674 28692 69%
c B 81.74  0 30 33 124  1 351040 12916 1.4 40 28 24 31 95% 304674 28692 69%
c - 83.10  0 30 34 124  1 357359 4258 1.4 40 28 24 31 95% 304674 28692 69%
c p 83.11  0 30 34 124  1 357359 6002 1.4 40 28 24 31 95% 304674 28692 69%
c u 83.17  0 30 34 124  1 357359 6001 1.4 40 28 24 31 95% 304674 28692 69%
c v 83.18  0 30 34 124  1 357359 5994 1.4 40 28 24 31 95% 304674 28692 69%
c w 83.19  0 30 34 124  1 357359 5989 1.4 40 28 24 31 95% 304674 28692 69%
c s 86.80  0 30 34 125  1 374820 15634 1.4 41 28 24 31 95% 304664 28692 69%
c e 86.85  0 30 34 125  1 374820 15559 1.4 41 28 24 31 95% 304659 28690 69%
c s 86.88  0 30 34 125  1 374820 15545 1.4 41 28 24 31 95% 304648 28690 69%
c e 86.90  0 30 34 125  1 374820 15545 1.4 41 28 24 31 95% 304640 28687 69%
c W 88.49  0 30 34 125  1 378043 17106 1.4 41 28 24 31 95% 304640 28687 69%
c - 88.84  0 30 35 125  1 379533 4608 1.4 40 28 24 31 95% 304640 28687 69%
c p 88.85  0 30 35 125  1 379533 6477 1.4 40 28 24 31 95% 304640 28687 69%
c u 89.00  0 30 35 125  1 379533 6460 1.4 40 28 24 31 95% 304640 28687 69%
c w 89.03  0 30 35 125  1 379533 6452 1.4 40 28 24 31 95% 304640 28687 69%
c - 93.62  0 30 36 126  1 402384 4743 1.4 40 28 23 31 95% 304640 28687 69%
c
c  seconds  reductions  conflicts        size    tier2         variables
c         MB     restarts     redundant     glue     trail          remaining
c          level      rate         size/glue  tier1    irredundant
c
c p 93.63  0 30 36 126  1 402384 6334 1.4 40 28 23 31 95% 304640 28687 69%
c u 93.70  0 30 36 126  1 402384 6311 1.4 40 28 23 31 95% 304640 28687 69%
c v 93.72  0 30 36 126  1 402384 6265 1.4 40 28 23 31 95% 304640 28687 69%
c w 93.73  0 30 36 126  1 402384 6254 1.4 40 28 23 31 95% 304640 28687 69%
c F 94.52  0 30 36 126  1 406044 8260 1.4 40 28 23 31 95% 304640 28687 69%
c - 98.46  0 30 37 126  1 425913 5053 1.4 41 29 23 31 95% 304640 28687 69%
c p 98.47  0 30 37 126  1 425913 6605 1.4 41 29 23 31 95% 304640 28687 69%
c v 98.56  0 30 37 126  1 425913 6580 1.4 41 29 23 31 95% 304640 28687 69%
c w 98.58  0 30 37 126  1 425913 6574 1.4 41 29 23 31 95% 304640 28687 69%
c B 100.31  0 31 37 126  1 435046 11668 1.4 42 29 23 31 95% 304640 28687 69%
c s 103.42  0 31 37 126  1 449811 19703 1.4 42 29 23 31 95% 304627 28687 69%
c s 103.48  0 31 37 126  1 449811 19687 1.4 42 29 23 31 95% 304627 28687 69%
c e 103.50  0 31 37 126  1 449811 19687 1.4 42 29 23 31 95% 304622 28685 69%
c - 103.59  0 31 38 126  1 450121 5247 1.4 42 29 23 31 95% 304622 28685 69%
c p 103.60  0 31 38 126  1 450121 6994 1.4 42 29 23 31 95% 304622 28685 69%
c u 104.07  0 31 38 126  1 450121 6964 1.4 42 29 23 31 95% 304622 28685 69%
c w 104.10  0 31 38 126  1 450121 6938 1.4 42 29 23 31 95% 304622 28685 69%
c W 108.04  0 31 38 126  1 465049 15261 1.4 42 29 24 31 95% 304622 28685 69%
c - 110.35  0 31 39 133  1 475008 5495 1.5 42 29 24 31 95% 304622 28685 69%
c p 110.37  0 31 39 133  1 475008 7361 1.5 42 29 24 31 95% 304622 28685 69%
c
c  seconds   reductions  conflicts        size    tier2         variables
c          MB     restarts     redundant     glue     trail          remaining
c           level      rate         size/glue  tier1    irredundant
c
c u 110.46  0 31 39 133  1 475008 7341 1.5 42 29 24 31 95% 304622 28685 69%
c v 110.48  0 31 39 133  1 475008 7321 1.5 42 29 24 31 95% 304622 28685 69%
c w 110.49  0 31 39 133  1 475008 7316 1.5 42 29 24 31 95% 304622 28685 69%
c # 114.86  0 31 39 141  1 496050 19337 1.5 43 29 24 31 95% 304622 28685 69%
c - 115.85  0 31 40 143  1 500573 5875 1.5 44 29 24 31 95% 304622 28685 69%
c p 115.86  0 31 40 143  1 500573 7631 1.5 44 29 24 31 95% 304622 28685 69%
c u 115.92  0 31 40 143  1 500573 7616 1.5 44 29 24 31 95% 304622 28685 69%
c v 115.93  0 31 40 143  1 500573 7600 1.5 44 29 24 31 95% 304622 28685 69%
c w 115.94  0 31 40 143  1 500573 7594 1.5 44 29 24 31 95% 304622 28685 69%
c - 121.01  0 31 41 156  1 526817 5540 1.5 43 30 24 31 95% 304622 28685 69%
c p 121.04  0 31 41 156  1 526817 7148 1.5 43 30 24 31 95% 304622 28685 69%
c u 121.11  0 31 41 156  1 526817 7125 1.5 43 30 24 31 95% 304622 28685 69%
c w 121.14  0 31 41 156  1 526817 7104 1.5 43 30 24 31 95% 304622 28685 69%
c B 121.42  0 31 41 156  1 528053 7886 1.5 43 30 24 31 95% 304622 28685 69%
c s 122.16  0 32 41 156  1 531622 9708 1.4 43 30 24 31 95% 304614 28685 69%
c e 122.19  0 32 41 156  1 531622 9708 1.4 43 30 24 31 95% 304609 28683 69%
c s 122.21  0 32 41 156  1 531622 9701 1.4 43 30 24 31 95% 304603 28683 69%
c e 122.23  0 32 41 156  1 531622 9701 1.4 43 30 24 31 95% 304598 28681 69%
c - 126.77  0 32 42 162  1 553739 5825 1.4 43 30 24 31 95% 304598 28681 69%
c p 126.79  0 32 42 162  1 553739 7695 1.4 43 30 24 31 95% 304598 28681 69%
c
c  seconds   reductions  conflicts        size    tier2         variables
c          MB     restarts     redundant     glue     trail          remaining
c           level      rate         size/glue  tier1    irredundant
c
c u 126.94  0 32 42 162  1 553739 7647 1.4 43 30 24 31 95% 304598 28681 69%
c v 126.96  0 32 42 162  1 553739 7633 1.4 43 30 24 31 95% 304598 28681 69%
c w 126.97  0 32 42 162  1 553739 7621 1.4 43 30 24 31 95% 304598 28681 69%
c W 129.55  0 32 42 165  1 561056 11967 1.4 44 30 24 31 95% 304598 28681 69%
c - 133.68  0 32 43 172  1 581340 6051 1.4 44 30 24 31 95% 304598 28681 69%
c p 133.71  0 32 43 172  1 581340 7872 1.4 44 30 24 31 95% 304598 28680 69%
c u 133.77  0 32 43 172  1 581340 7855 1.4 44 30 24 31 95% 304598 28680 69%
c v 133.79  0 32 43 172  1 581340 7840 1.4 44 30 24 31 95% 304598 28680 69%
c w 133.80  0 32 43 172  1 581340 7825 1.4 44 30 24 31 95% 304598 28680 69%
c O 136.57  0 32 43 181  1 595058 15562 1.4 44 30 24 31 95% 304598 28680 69%
c - 139.59  0 32 44 187  1 609621 6346 1.4 43 30 24 31 95% 304588 28680 69%
c p 139.62  0 32 44 187  1 609621 8276 1.4 43 30 24 31 95% 304588 28680 69%
c u 139.69  0 32 44 187  1 609621 8249 1.4 43 30 24 31 95% 304588 28680 69%
c v 139.72  0 32 44 187  1 609621 8201 1.4 43 30 24 31 95% 304588 28680 69%
c w 139.73  0 32 44 187  1 609621 8182 1.4 43 30 24 31 95% 304588 28680 69%
c s 141.91  0 32 44 188  1 620250 14130 1.4 43 30 24 31 95% 304578 28680 69%
c e 141.95  0 32 44 188  1 620250 14130 1.4 43 30 24 31 95% 304575 28679 69%
c s 141.98  0 32 44 188  1 620250 14117 1.4 43 30 24 31 95% 304572 28679 69%
c e 141.99  0 32 44 188  1 620250 14117 1.4 43 30 24 31 95% 304567 28677 69%
c B 144.24  0 31 44 188  1 630059 19342 1.4 42 30 24 31 95% 304567 28677 69%
c
c  seconds   reductions  conflicts        size    tier2         variables
c          MB     restarts     redundant     glue     trail          remaining
c           level      rate         size/glue  tier1    irredundant
c
c - 146.06  0 32 45 189  1 638581 6525 1.4 43 30 24 31 95% 304567 28677 69%
c 2 146.06  0 32 45 189  1 638581 6525 1.4 43 30 24 31 95% 304567 28676 69%
c p 146.07  0 32 45 189  1 638581 8712 1.4 43 30 24 31 95% 304567 28676 69%
c u 146.16  0 32 45 189  1 638581 8661 1.4 43 30 24 31 95% 304567 28676 69%
c v 146.19  0 32 45 189  1 638581 8626 1.4 43 30 24 31 95% 304567 28676 69%
c w 146.21  0 32 45 189  1 638581 8614 1.4 43 30 24 31 95% 304567 28676 69%
c W 153.45  0 32 45 191  1 666061 23303 1.4 43 30 24 31 95% 304557 28676 69%
c - 153.96  0 32 46 192  1 668220 6488 1.4 43 30 24 31 95% 304557 28676 69%
c p 153.98  0 32 46 192  1 668220 8555 1.4 43 30 24 31 95% 304557 28676 69%
c u 154.06  0 32 46 192  1 668220 8539 1.4 43 30 24 31 95% 304557 28676 69%
c v 154.08  0 32 46 192  1 668220 8520 1.4 43 30 24 31 95% 304557 28676 69%
c w 154.10  0 32 46 192  1 668220 8507 1.4 43 30 24 31 95% 304557 28676 69%
c - 160.35  0 32 47 205  1 698540 6522 1.4 43 30 24 31 95% 304557 28676 69%
c p 160.36  0 32 47 205  1 698540 8576 1.4 43 30 24 31 95% 304557 28676 69%
c u 160.98  0 32 47 205  1 698540 8554 1.4 43 30 24 31 95% 304557 28676 69%
c v 161.00  0 32 47 205  1 698540 8535 1.4 43 30 24 31 95% 304557 28676 69%
c w 161.02  0 32 47 205  1 698540 8527 1.4 43 30 24 31 95% 304557 28676 69%
c x 161.04  0 32 47 205  1 698540 8527 1.4 43 30 24 31 95% 304557 28676 69%
c I 162.03  0 32 47 209  1 703066 10908 1.4 43 30 24 31 95% 304557 28676 69%
c s 164.75  0 32 47 216  1 715700 17705 1.4 42 30 24 31 95% 304553 28676 69%
c
c  seconds   reductions  conflicts         size    tier2         variables
c          MB     restarts      redundant     glue     trail          remaining
c           level      rate          size/glue  tier1    irredundant
c
c e 164.79  0 32 47 216  1 715700 17698 1.4 42 30 24 31 95% 304550 28675 69%
c s 164.82  0 32 47 216  1 715700 17690 1.4 42 30 24 31 95% 304548 28675 69%
c e 164.83  0 32 47 216  1 715700 17682 1.4 42 30 24 31 95% 304543 28673 69%
c - 168.07  0 31 48 219  1 729539 6831 1.4 42 30 24 31 95% 304543 28673 69%
c p 168.09  0 31 48 219  1 729539 9013 1.4 42 30 24 31 95% 304543 28673 69%
c u 168.20  0 31 48 219  1 729539 8987 1.4 42 30 24 31 95% 304543 28673 69%
c v 168.22  0 31 48 219  1 729539 8959 1.4 42 30 24 31 95% 304543 28673 69%
c w 168.24  0 31 48 219  1 729539 8938 1.4 42 30 24 31 95% 304543 28673 69%
c B 170.72  0 31 48 220  1 741067 15292 1.4 42 30 24 31 95% 304543 28673 69%
c - 175.35  0 31 49 229  1 761219 6841 1.4 42 29 24 31 95% 304543 28673 69%
c p 175.37  0 31 49 229  1 761219 9128 1.4 42 29 24 31 95% 304543 28673 69%
c u 175.46  0 31 49 229  1 761219 9095 1.4 42 29 24 31 95% 304543 28673 69%
c v 175.49  0 31 49 229  1 761219 9079 1.4 42 29 24 31 95% 304543 28673 69%
c w 175.51  0 31 49 229  1 761219 9063 1.4 42 29 24 31 95% 304543 28673 69%
c W 180.76  0 31 49 235  1 780068 19514 1.4 42 29 24 31 95% 304543 28673 69%
c - 183.96  0 31 50 243  1 793579 6951 1.4 42 29 23 31 95% 304543 28673 69%
c p 183.98  0 31 50 243  1 793579 9256 1.4 42 29 23 31 95% 304543 28673 69%
c u 184.08  0 31 50 243  1 793579 9242 1.4 42 29 23 31 95% 304543 28673 69%
c v 184.11  0 31 50 243  1 793579 9223 1.4 42 29 23 31 95% 304543 28673 69%
c w 184.14  0 31 50 243  1 793579 9200 1.4 42 29 23 31 95% 304543 28673 69%
c
c  seconds   reductions  conflicts         size    tier2         variables
c          MB     restarts      redundant     glue     trail          remaining
c           level      rate          size/glue  tier1    irredundant
c
c s 189.64  0 31 50 251  1 817969 21611 1.4 41 29 23 31 95% 304541 28673 69%
c s 189.71  0 31 50 251  1 817969 21597 1.4 41 29 23 31 95% 304541 28673 69%
c e 189.73  0 31 50 251  1 817969 21596 1.4 41 29 23 31 95% 304538 28672 69%
c F 190.22  0 31 50 251  1 820072 22536 1.4 41 29 23 31 95% 304538 28672 69%
c - 191.68  0 31 51 251  1 826623 7112 1.4 42 29 23 31 95% 304538 28672 69%
c p 191.71  0 31 51 251  1 826623 9598 1.4 42 29 23 31 95% 304538 28672 69%
c u 191.80  0 31 51 251  1 826623 9570 1.4 42 29 23 31 95% 304538 28672 69%
c v 191.83  0 31 51 251  1 826623 9562 1.4 42 29 23 31 95% 304538 28672 69%
c w 191.84  0 31 51 251  1 826623 9553 1.4 42 29 23 31 95% 304538 28672 69%
c - 198.92  0 32 52 252  1 860345 7446 1.4 43 30 23 31 95% 304538 28672 69%
c p 198.94  0 32 52 252  1 860345 9700 1.4 43 30 23 31 95% 304538 28672 69%
c u 199.05  0 32 52 252  1 860345 9663 1.4 43 30 23 31 95% 304538 28672 69%
c v 199.09  0 32 52 252  1 860345 9608 1.4 43 30 23 31 95% 304538 28672 69%
c w 199.11  0 32 52 252  1 860345 9590 1.4 43 30 23 31 95% 304538 28672 69%
c B 199.29  0 32 52 252  1 861075 9994 1.4 43 30 23 31 95% 304538 28672 69%
c - 206.95  0 32 53 253  1 894747 7471 1.4 43 30 23 31 95% 304538 28672 69%
c p 206.97  0 32 53 253  1 894747 9983 1.4 43 30 23 31 95% 304538 28672 69%
c u 207.14  0 32 53 253  1 894747 9952 1.4 43 30 23 31 95% 304538 28672 69%
c v 207.17  0 32 53 253  1 894747 9911 1.4 43 30 23 31 95% 304538 28672 69%
c w 207.19  0 32 53 253  1 894747 9889 1.4 43 30 23 31 95% 304538 28672 69%
c
c  seconds   reductions  conflicts         size    tier2         variables
c          MB     restarts      redundant     glue     trail          remaining
c           level      rate          size/glue  tier1    irredundant
c
c W 210.62  0 32 53 253  1 903076 14144 1.4 43 30 23 31 95% 304538 28672 69%
c s 216.04  0 31 53 253  1 927056 27742 1.4 42 30 23 31 95% 304537 28672 69%
c e 216.10  0 31 53 253  1 927056 27742 1.4 42 30 23 31 95% 304534 28671 69%
c s 216.12  0 31 53 253  1 927056 27729 1.4 42 30 23 31 95% 304534 28671 69%
c - 216.87  0 31 54 253  1 929830 7813 1.4 42 29 23 31 95% 304534 28671 69%
c 2 216.87  0 31 54 253  1 929830 7813 1.4 42 29 23 31 95% 304534 28670 69%
c p 216.90  0 31 54 253  1 929830 10340 1.4 42 29 23 31 95% 304534 28670 69%
c u 216.99  0 31 54 253  1 929830 10300 1.4 42 29 23 31 95% 304534 28670 69%
c v 217.02  0 31 54 253  1 929830 10262 1.4 42 29 23 31 95% 304534 28670 69%
c w 217.04  0 31 54 253  1 929830 10252 1.4 42 29 23 31 95% 304534 28670 69%
c # 220.65  0 31 54 254  1 946079 20532 1.5 43 29 23 31 95% 304534 28670 69%
c - 224.82  0 32 55 254  1 965594 8500 1.5 44 30 23 31 95% 304525 28670 69%
c p 224.86  0 32 55 254  1 965594 10840 1.5 44 30 23 31 95% 304525 28670 69%
c u 224.97  0 32 55 254  1 965594 10813 1.5 44 30 23 31 95% 304525 28670 69%
c v 224.99  0 32 55 254  1 965594 10790 1.5 44 30 23 31 95% 304525 28670 69%
c w 225.03  0 32 55 254  1 965594 10775 1.5 44 30 23 31 95% 304525 28670 69%
c B 230.18  0 32 55 254  1 990080 24659 1.5 45 30 23 31 95% 304525 28670 69%
c - 233.05  0 32 56 254  1 1002040 8302 1.5 44 30 23 31 95% 304525 28670 69%
c p 233.08  0 32 56 254  1 1002040 10978 1.5 44 30 23 31 95% 304525 28670 69%
c u 233.17  0 32 56 254  1 1002040 10947 1.5 44 30 23 31 95% 304525 28670 69%
c
c  seconds   reductions   conflicts         size    tier2         variables
c          MB     restarts       redundant     glue     trail          remaining
c           level      rate           size/glue  tier1    irredundant
c
c v 233.19  0 32 56 254  1 1002040 10932 1.5 44 30 23 31 95% 304525 28670 69%
c w 233.21  0 32 56 254  1 1002040 10929 1.5 44 30 23 31 95% 304525 28670 69%
c x 233.26  0 32 56 254  1 1002040 10929 1.5 44 30 23 31 95% 304525 28670 69%
c W 242.39  0 32 56 254  1 1035081 28297 1.5 44 30 23 31 95% 304525 28670 69%
c - 243.30  0 32 57 254  1 1039168 8100 1.5 44 30 23 31 95% 304525 28670 69%
c p 243.33  0 32 57 254  1 1039168 10884 1.5 44 30 23 31 95% 304525 28670 69%
c u 243.60  0 32 57 254  1 1039168 10846 1.5 44 30 23 31 95% 304525 28670 69%
c v 243.62  0 32 57 254  1 1039168 10823 1.5 44 30 23 31 95% 304525 28670 69%
c w 243.65  0 32 57 254  1 1039168 10811 1.5 44 30 23 31 95% 304525 28670 69%
c s 244.50  0 32 57 254  1 1042963 12971 1.5 44 30 23 31 95% 304525 28670 69%
c e 244.53  0 32 57 254  1 1042963 12967 1.5 44 30 23 31 95% 304523 28669 69%
c s 244.56  0 32 57 254  1 1042963 12957 1.5 44 30 23 31 95% 304521 28669 69%
c - 252.10  0 31 58 263  1 1076976 8022 1.4 43 30 23 31 95% 304521 28669 69%
c p 252.12  0 31 58 263  1 1076976 10658 1.4 43 30 23 31 95% 304521 28669 69%
c u 252.23  0 31 58 263  1 1076976 10629 1.4 43 30 23 31 95% 304521 28669 69%
c v 252.26  0 31 58 263  1 1076976 10606 1.4 43 30 23 31 95% 304521 28669 69%
c w 252.28  0 31 58 263  1 1076976 10588 1.4 43 30 23 31 95% 304521 28669 69%
c O 253.23  0 31 58 266  1 1081082 12944 1.4 43 30 23 31 95% 304521 28669 69%
c - 260.96  0 31 59 282  1 1115469 8286 1.5 42 29 23 31 94% 304521 28669 69%
c p 260.99  0 31 59 282  1 1115469 11181 1.5 42 29 23 31 94% 304521 28669 69%
c
c  seconds   reductions   conflicts         size    tier2         variables
c          MB     restarts       redundant     glue     trail          remaining
c           level      rate           size/glue  tier1    irredundant
c
c u 261.10  0 31 59 282  1 1115469 11156 1.5 42 29 23 31 94% 304521 28669 69%
c v 261.14  0 31 59 282  1 1115469 11137 1.5 42 29 23 31 94% 304521 28669 69%
c w 261.16  0 31 59 282  1 1115469 11115 1.5 42 29 23 31 94% 304521 28669 69%
c B 263.90  0 31 59 284  1 1128084 17965 1.5 43 29 23 31 94% 304521 28669 69%
c ] 267.71  0 31 59 285  1 1144972 26795 1.5 43 29 23 31 94% 304521 28669 69%
c ? 267.71  0 31 59 285  1 1144972 26795 1.5 43 29 23 31 94% 304521 28669 69%
c
c --- [ result ] -------------------------------------------------------------
c
c writing result to 'search-results/cadical-support70-cover-20260902/anchor-004-p1-s0.result'
c
c --- [ run-time profiling ] -------------------------------------------------
c
c process time taken by individual solving procedures
c (percentage relative to process time for solving)
c
c       255.82   95.58% search
c       243.20   90.86% stable
c        12.59    4.70% walk
c        11.84    4.42% simplify
c         3.67    1.37% vivify
c         1.85    0.69% sweep
c         1.54    0.58% congruence
c         1.04    0.39% backbone
c         0.93    0.35% elim
c         0.90    0.34% subsume
c         0.38    0.14% probe
c         0.29    0.11% ternary
c         0.05    0.02% parse
c         0.02    0.01% lucky
c   =================================
c       267.66   99.98% solve
c
c last line shows process time for solving
c (percentage relative to total process time)
c
c --- [ statistics ] ---------------------------------------------------------
c
c chronological:            107064         9.35 %  of conflicts
c conflicts:               1144972      4277.71    per second
c backbone:               76300034    184491.22 %  of vars
c decisions:               1209500      4518.79    per second
c eliminated:                 2800         6.77 %  of all variables
c fixed:                      9121        22.05 %  of all variables
c learned:                 1129612        98.66 %  per conflict
c learned_lits:          572903059       100.00 %  learned literals
c minimized:                     0         0.00 %  learned literals
c shrunken:              521049129        90.95 %  learned literals
c minishrunken:            3657898         0.64 %  learned literals
c otfs:                        560         0.05 %  of conflict
c propagations:          985793056         3.68 M  per second
c reduced:                  594844        51.95 %  per conflict
c rephased:                     47     24361.11    interval
c restarts:                    285      4017.45    interval
c substituted:                 767         1.85 %  of all variables
c subsumed:                 511008        32.89 %  of all clauses
c strengthened:              35189         2.27 %  of all clauses
c ticks:               11426671824        15.06    propagation
c vivified:                   1291         0.08 %  of all clauses
c walked:                       15     76331.47    interval
c weakened:                  13387         2.84    average size
c congruence:                   21     54522.48    interval
c
c seconds are measured in process time for solving
c
c --- [ glue usage ] ---------------------------------------------------------
c
c focused glue 2 used 0 clauses 0.000% accumulated 0.000% tier1
c focused glue 3 used 0 clauses 0.000% accumulated 0.000%
c focused glue 4 used 0 clauses 0.000% accumulated 0.000%
c focused glue 5 used 0 clauses 0.000% accumulated 0.000%
c focused glue 6 used 0 clauses 0.000% accumulated 0.000% tier2
c
c stable glue 23 used 170819 clauses 4.367% accumulated 52.07% tier1
c stable glue 24 used 171877 clauses 4.394% accumulated 56.46%
c stable glue 25-29 used 908379 clauses 23.22% accumulated 79.69%
c stable glue 30 used 175433 clauses 4.485% accumulated 84.18%
c stable glue 31 used 165592 clauses 4.234% accumulated 88.41% tier2
c
c
c --- [ resources ] ----------------------------------------------------------
c
c total process time since initialization:       267.72    seconds
c total real time since initialization:          300.01    seconds
c maximum resident set size of process:          218.67    MB
c
c --- [ shutting down ] ------------------------------------------------------
c
c exit 0
