c --- [ banner ] -------------------------------------------------------------
c
c CaDiCaL SAT Solver
c Copyright (c) 2016-2026
c A. Biere, M. Fleury, N. Froleyks, K. Fazekas, F. Pollitt, T. Faller
c JKU Linz, University of Freiburg, TU Wien
c
c Version 3.0.1 c60730422e758ef1cebe7aeddf2dda31c996bf04
c Apple clang version 21.0.0 (clang-2100.1.1.101) -Wall -Wextra -O3 -DNDEBUG -DNCLOSEFROM
c Tue Sep 1 21:08:57 PDT 2026 Darwin retained-runner 25.6.0 arm64
c
c --- [ limit ] --------------------------------------------------------------
c
c setting time limit to 300 seconds real time (due to '-t 300')
c
c --- [ parsing input ] ------------------------------------------------------
c
c reading DIMACS file from 'search-results/cadical-support70-cover-20260902/cnf/anchor-008-p0-s0.cnf'
c opening file to read 'search-results/cadical-support70-cover-20260902/cnf/anchor-008-p0-s0.cnf'
c found 'p cnf 41357 414868' header
c parsed 414868 clauses in 0.06 seconds process time
c
c --- [ options ] ------------------------------------------------------------
c
c   --elimeffort=10                (different from default '1e3')
c   --stabilizeonly=true           (different from default 'false')
c   --subsumeeffort=60             (different from default '1e3')
c
c --- [ solving ] ------------------------------------------------------------
c
c time measured in process time since initialization
c
c  seconds  reduction conflicts       size tier2        variables
c         MB    restarts   redundant    glue  trail          remaining
c          level     rate       size/glu tier1  irredundant
c
c *  0.06  0  0 0   0  0    0    0 0.0 0 0 2 6  0% 329704 32440 78%
c )  0.08  0  0 0   0  0    0    0 0.0 0 0 2 6  0% 329704 32440 78%
c [  0.09  0  0 0   0  0    0    0 0.0 0 0 2 6  0% 329704 32440 78%
c i  0.09  0  1 0   0 34    1    0 0.0 1 0 2 6 95% 329704 32398 78%
c i  0.09  0 33 0   0  7   10    5 5.0 50 10 2 6 96% 329704 32397 78%
c i  0.10  0 35 0   0  2   67   21 2.1 60 29 2 6 97% 329703 32385 78%
c -  0.14  0 34 1   0  1  300   44 1.9 59 30 2 6 97% 314600 32375 78%
c -  0.27  0 35 2   0  1  949  239 2.9 84 28 2 6 97% 314594 32375 78%
c I  0.28  0 35 2   0  1 1003  289 2.9 83 28 2 6 97% 314594 32375 78%
c -  0.48  0 30 3   2  1 2105  302 2.3 59 26 2 6 94% 314577 32375 78%
c B  0.67  0 30 3   2  1 3004  818 2.1 54 26 2 6 86% 314562 32375 78%
c d  0.68  0 30 3   2  1 3046  860 2.1 54 26 2 6 93% 313252 31720 77%
c c  0.76  0 30 3   2  1 3046  860 2.1 54 26 2 6 93% 313248 31720 77%
c d  0.77  0 30 3   2  1 3046  860 2.1 54 26 2 6 93% 313244 31718 77%
c -  0.97  0 31 4   2  1 3822  405 1.9 52 27 2 6 91% 313222 31718 77%
c W  1.44  0 32 4   4  1 6005 1632 1.7 50 29 27 32 91% 313198 31718 77%
c -  1.47  0 32 5   4  1 6133  504 1.7 50 29 27 32 91% 313196 31718 77%
c s  1.60  0 32 5   5  1 6692  869 1.7 50 29 27 32 91% 313046 31718 77%
c e  1.81  0 32 5   5  1 6692  407 1.7 50 29 27 32 91% 307166 28927 70%
c s  1.82  0 32 5   5  1 6692  407 1.7 50 29 27 32 91% 307135 28927 70%
c
c  seconds  reduction conflicts       size    tier2         variables
c         MB    restarts   redundant     glue     trail          remaining
c          level     rate       size/glue  tier1    irredundant
c
c e  1.87  0 32 5   5  1 6692  403 1.7 50 29 27 32 91% 307027 28897 70%
c -  2.41  0 32 6   6  1 9060  495 1.6 48 29 28 32 95% 307027 28897 70%
c F  2.62  0 32 6   6  1 10007  960 1.6 47 29 28 32 95% 307027 28897 70%
c c  2.87  0 32 6   6  1 10847 1479 1.6 47 29 28 32 94% 307039 28897 70%
c d  2.88  0 32 6   6  1 10847 1479 1.6 47 29 28 32 94% 307013 28884 70%
c 2  2.88  0 32 6   6  1 10847 1479 1.6 47 29 28 32 94% 306905 28884 70%
c -  3.26  0 32 7   7  1 12599  618 1.6 46 29 28 32 94% 306905 28884 70%
c B  3.83  0 32 7   9  1 15008 1924 1.5 45 29 28 31 94% 306905 28884 70%
c -  4.19  0 32 8  10  1 16771  805 1.5 45 30 28 31 95% 306905 28884 70%
c u  4.27  0 32 8  10  1 16771  793 1.5 45 30 28 31 95% 306905 28884 70%
c v  4.28  0 32 8  10  1 16771  774 1.5 45 30 28 31 95% 306905 28880 70%
c w  4.31  0 32 8  10  1 16771  763 1.5 45 30 28 31 95% 306905 28880 70%
c x  4.32  0 32 8  10  1 16771  763 1.5 45 30 28 31 95% 306711 28880 70%
c s  4.94  0 32 8  12  1 20331 2916 1.5 45 30 28 31 95% 306711 28880 70%
c e  4.98  0 32 8  12  1 20331 2916 1.5 45 30 28 31 95% 306658 28868 70%
c s  5.00  0 32 8  12  1 20331 2915 1.5 45 30 28 31 95% 306640 28868 70%
c e  5.02  0 32 8  12  1 20331 2914 1.5 45 30 28 31 95% 306626 28863 70%
c W  5.33  0 32 8  13  1 21011 3349 1.5 46 30 28 31 95% 306626 28863 70%
c -  5.45  0 32 9  13  1 21585  974 1.5 46 30 28 32 95% 306626 28863 70%
c c  5.54  0 32 9  13  1 21585  974 1.5 46 30 28 32 95% 306698 28863 70%
c
c  seconds  reductions conflicts       size    tier2         variables
c         MB    restarts    redundant     glue     trail          remaining
c          level     rate        size/glue  tier1    irredundant
c
c d  5.54  0 32 9  13  1 21585  972 1.5 46 30 28 32 95% 306552 28790 70%
c 2  5.55  0 32 9  13  1 21585  972 1.5 46 30 28 32 95% 305898 28788 70%
c t  5.55  0 32 9  13  1 21585  972 1.5 46 30 28 32 95% 305896 28788 70%
c -  6.57  0 33 10  14  1 27045 1101 1.5 45 30 28 32 95% 305872 28788 70%
c #  6.86  0 33 10  14  1 28012 1652 1.5 45 31 28 32 95% 305872 28788 70%
c -  7.90  0 33 11  14  1 33152 1245 1.5 45 31 28 32 95% 305872 28788 70%
c u  7.93  0 33 11  14  1 33152 1229 1.5 45 31 28 32 95% 305872 28788 70%
c v  7.94  0 33 11  14  1 33152 1201 1.5 45 31 28 32 95% 305872 28788 70%
c w  7.95  0 33 11  14  1 33152 1201 1.5 45 31 28 32 95% 305872 28788 70%
c x  7.97  0 33 11  14  1 33152 1201 1.5 45 31 28 32 95% 305759 28788 70%
c B  8.55  0 33 11  17  1 36013 2909 1.5 46 31 28 32 95% 305759 28788 70%
c -  9.31  0 33 12  20  1 39913 1407 1.5 46 31 28 33 95% 305759 28788 70%
c s  9.70  0 33 12  20  1 40789 1901 1.5 46 31 28 33 95% 305753 28788 70%
c s  9.75  0 33 12  20  1 40789 1892 1.5 46 31 28 33 95% 305543 28788 70%
c e  9.77  0 33 12  20  1 40789 1891 1.5 46 31 28 33 95% 305513 28763 70%
c W 10.92  0 33 12  21  1 45015 4185 1.5 46 31 28 33 95% 305513 28763 70%
c - 11.41  0 33 13  23  1 47333 1442 1.5 46 31 28 33 95% 305513 28763 70%
c p 11.42  0 33 13  23  1 47333 1552 1.5 46 31 28 33 95% 305513 28763 70%
c O 13.01  0 33 13  28  1 55017 5924 1.5 45 31 28 33 95% 305513 28763 70%
c - 13.09  0 33 14  28  1 55410 1617 1.5 45 31 28 33 95% 305513 28763 70%
c
c  seconds  reductions  conflicts       size    tier2         variables
c         MB     restarts    redundant     glue     trail          remaining
c          level      rate        size/glue  tier1    irredundant
c
c p 13.10  0 33 14  28  1 55410 1811 1.5 45 31 28 33 95% 305513 28763 70%
c u 13.12  0 33 14  28  1 55410 1785 1.5 45 31 28 33 95% 305512 28763 70%
c v 13.14  0 33 14  28  1 55410 1747 1.5 45 31 28 33 95% 305512 28763 70%
c w 13.15  0 33 14  28  1 55410 1741 1.5 45 31 28 33 95% 305512 28763 70%
c x 13.16  0 33 14  28  1 55410 1741 1.5 45 31 28 33 95% 305473 28763 70%
c i 14.10  0 33 14  29  1 59976 4459 1.5 45 31 28 33 95% 305473 28762 70%
c - 14.93  0 33 15  29  1 64148 1720 1.4 45 31 28 33 95% 305465 28762 70%
c p 14.94  0 33 15  29  1 64148 2060 1.4 45 31 28 33 95% 305465 28761 70%
c c 15.02  0 33 15  29  1 64148 2060 1.4 45 31 28 33 95% 305477 28761 70%
c d 15.02  0 33 15  29  1 64148 2051 1.4 45 31 28 33 95% 305434 28745 70%
c 2 15.03  0 33 15  29  1 64148 2051 1.4 45 31 28 33 95% 305290 28745 70%
c B 15.41  0 33 15  29  1 66018 3117 1.4 44 31 28 33 95% 305290 28745 70%
c s 15.83  0 33 15  30  1 68062 4204 1.4 44 31 28 33 95% 305038 28745 70%
c e 15.88  0 33 15  30  1 68062 4191 1.4 44 31 28 33 95% 304979 28716 69%
c s 15.93  0 33 15  30  1 68062 4183 1.4 44 31 28 33 95% 304817 28716 69%
c e 15.97  0 33 15  30  1 68062 4177 1.4 44 31 28 33 95% 304785 28701 69%
c - 17.09  0 33 16  30  1 73549 1777 1.4 44 31 27 32 95% 304785 28701 69%
c 2 17.09  0 33 16  30  1 73549 1775 1.4 44 31 27 32 95% 304785 28700 69%
c p 17.10  0 33 16  30  1 73549 2071 1.4 44 31 27 32 95% 304785 28700 69%
c u 17.12  0 33 16  30  1 73549 2065 1.4 44 31 27 32 95% 304785 28700 69%
c
c  seconds  reductions  conflicts       size    tier2         variables
c         MB     restarts    redundant     glue     trail          remaining
c          level      rate        size/glue  tier1    irredundant
c
c v 17.14  0 33 16  30  1 73549 2047 1.4 44 31 27 32 95% 304785 28700 69%
c w 17.15  0 33 16  30  1 73549 2045 1.4 44 31 27 32 95% 304785 28700 69%
c W 18.45  0 32 16  30  1 78021 4362 1.4 44 31 27 32 95% 304775 28700 69%
c - 19.45  0 32 17  31  1 83609 1869 1.4 44 31 27 32 95% 304775 28700 69%
c p 19.46  0 32 17  31  1 83609 2148 1.4 44 31 27 32 95% 304775 28700 69%
c c 19.53  0 32 17  31  1 83609 2148 1.4 44 31 27 32 95% 304778 28700 69%
c d 19.53  0 32 17  31  1 83609 2148 1.4 44 31 27 32 95% 304772 28697 69%
c 2 19.55  0 32 17  31  1 83609 2148 1.4 44 31 27 32 95% 304746 28697 69%
c I 21.12  0 32 17  36  1 91022 6228 1.4 43 30 27 32 95% 304746 28697 69%
c - 21.90  0 32 18  37  1 94335 2065 1.4 43 30 27 32 95% 304746 28697 69%
c p 21.91  0 32 18  37  1 94335 2416 1.4 43 30 27 32 95% 304746 28697 69%
c u 22.01  0 32 18  37  1 94335 2409 1.4 43 30 27 32 95% 304746 28697 69%
c v 22.06  0 32 18  37  1 94335 2371 1.4 43 30 27 32 95% 304746 28697 69%
c w 22.06  0 32 18  37  1 94335 2367 1.4 43 30 27 32 95% 304746 28697 69%
c s 23.77  0 31 18  43  1 102149 5605 1.4 42 29 27 32 95% 304665 28697 69%
c e 23.81  0 31 18  43  1 102149 5605 1.4 42 29 27 32 95% 304630 28688 69%
c s 23.86  0 31 18  43  1 102149 5500 1.4 42 29 27 32 95% 304603 28688 69%
c e 23.88  0 31 18  43  1 102149 5497 1.4 42 29 27 32 95% 304575 28677 69%
c B 24.48  0 31 18  44  1 105025 6931 1.4 41 29 27 32 95% 304575 28677 69%
c - 24.66  0 31 19  44  1 105728 1920 1.4 41 29 27 32 95% 304575 28677 69%
c
c  seconds  reductions  conflicts        size    tier2         variables
c         MB     restarts     redundant     glue     trail          remaining
c          level      rate         size/glue  tier1    irredundant
c
c 2 24.67  0 31 19  44  1 105728 1920 1.4 41 29 27 32 95% 304575 28675 69%
c p 24.67  0 31 19  44  1 105728 2256 1.4 41 29 27 32 95% 304575 28675 69%
c - 27.12  0 30 20  47  1 117788 2168 1.4 41 29 27 32 95% 304557 28675 69%
c p 27.14  0 30 20  47  1 117788 2520 1.4 41 29 27 32 95% 304557 28675 69%
c c 27.21  0 30 20  47  1 117788 2520 1.4 41 29 27 32 95% 304558 28675 69%
c d 27.21  0 30 20  47  1 117788 2520 1.4 41 29 27 32 95% 304556 28674 69%
c 2 27.22  0 30 20  47  1 117788 2520 1.4 41 29 27 32 95% 304548 28674 69%
c u 27.23  0 30 20  47  1 117788 2502 1.4 41 29 27 32 95% 304548 28674 69%
c v 27.26  0 30 20  47  1 117788 2475 1.4 41 29 27 32 95% 304548 28674 69%
c w 27.27  0 30 20  47  1 117788 2467 1.4 41 29 27 32 95% 304548 28674 69%
c W 28.24  0 30 20  48  1 120030 3812 1.4 41 29 27 32 95% 304548 28674 69%
c - 30.43  0 30 21  54  1 130517 2382 1.4 41 29 27 32 95% 304548 28674 69%
c p 30.45  0 30 21  54  1 130517 2848 1.4 41 29 27 32 95% 304548 28673 69%
c F 31.67  0 30 21  58  1 136032 5927 1.4 41 29 27 32 95% 304548 28673 69%
c s 32.99  0 31 21  60  1 143055 8671 1.4 41 29 25 31 95% 304484 28673 69%
c e 33.02  0 31 21  60  1 143055 8671 1.4 41 29 25 31 95% 304468 28671 69%
c s 33.05  0 31 21  60  1 143055 8663 1.4 41 29 25 31 95% 304452 28671 69%
c e 33.08  0 31 21  60  1 143055 8662 1.4 41 29 25 31 95% 304438 28666 69%
c - 33.28  0 31 22  60  1 143916 2345 1.4 41 29 25 31 95% 304438 28666 69%
c p 33.29  0 31 22  60  1 143916 2901 1.4 41 29 25 31 95% 304438 28666 69%
c
c  seconds  reductions  conflicts        size    tier2         variables
c         MB     restarts     redundant     glue     trail          remaining
c          level      rate         size/glue  tier1    irredundant
c
c u 33.33  0 31 22  60  1 143916 2871 1.4 41 29 25 31 95% 304438 28666 69%
c v 33.37  0 31 22  60  1 143916 2843 1.4 41 29 25 31 95% 304438 28666 69%
c w 33.38  0 31 22  60  1 143916 2831 1.4 41 29 25 31 95% 304438 28666 69%
c B 35.13  0 31 22  61  1 153033 7881 1.4 42 29 25 31 95% 304438 28666 69%
c - 36.12  0 31 23  61  1 157986 2708 1.4 42 29 25 31 95% 304438 28666 69%
c 2 36.12  0 31 23  61  1 157986 2708 1.4 42 29 25 31 95% 304438 28665 69%
c p 36.13  0 31 23  61  1 157986 3619 1.4 42 29 25 31 95% 304438 28664 69%
c W 39.62  0 31 23  62  1 171036 10222 1.4 42 29 25 31 95% 304418 28664 69%
c - 40.00  0 31 24  62  1 172727 2727 1.4 42 29 25 31 95% 304418 28664 69%
c p 40.02  0 31 24  62  1 172727 3825 1.4 42 29 25 31 95% 304418 28658 69%
c u 40.06  0 31 24  62  1 172727 3807 1.4 42 29 25 31 95% 304418 28658 69%
c v 40.11  0 31 24  62  1 172727 3780 1.4 42 29 25 31 95% 304418 28658 69%
c w 40.12  0 31 24  62  1 172727 3775 1.4 42 29 25 31 95% 304418 28658 69%
c - 43.56  0 31 25  62  1 188143 2861 1.4 41 29 25 31 95% 304358 28658 69%
c p 43.56  0 31 25  62  1 188143 4210 1.4 41 29 25 31 95% 304358 28656 69%
c w 43.62  0 31 25  62  1 188143 4195 1.4 41 29 25 31 95% 304358 28656 69%
c # 44.05  0 31 25  62  1 190037 5163 1.4 41 29 25 31 95% 304358 28656 69%
c s 44.24  0 31 25  62  1 190778 5522 1.4 41 29 25 31 95% 304332 28656 69%
c e 44.27  0 31 25  62  1 190778 5522 1.4 41 29 25 31 95% 304309 28655 69%
c s 44.30  0 31 25  62  1 190778 5517 1.4 41 29 25 31 95% 304298 28655 69%
c
c  seconds  reductions  conflicts        size    tier2         variables
c         MB     restarts     redundant     glue     trail          remaining
c          level      rate         size/glue  tier1    irredundant
c
c e 44.32  0 31 25  62  1 190778 5514 1.4 41 29 25 31 95% 304290 28652 69%
c - 46.97  0 31 26  66  1 204229 3424 1.5 42 29 25 31 95% 304290 28652 69%
c 2 46.97  0 31 26  66  1 204229 3424 1.5 42 29 25 31 95% 304290 28649 69%
c p 46.98  0 31 26  66  1 204229 4675 1.5 42 29 25 31 95% 304290 28643 69%
c u 47.10  0 31 26  66  1 204229 4655 1.5 42 29 25 31 95% 304290 28643 69%
c v 47.12  0 31 26  66  1 204229 4642 1.5 42 29 25 31 95% 304290 28643 69%
c w 47.13  0 31 26  66  1 204229 4640 1.5 42 29 25 31 95% 304290 28643 69%
c B 48.25  0 31 26  69  1 210038 7786 1.5 43 29 25 31 95% 304290 28643 69%
c - 50.72  0 31 27  76  1 220985 3388 1.5 42 29 25 31 95% 304202 28643 69%
c 2 50.72  0 31 27  76  1 220985 3388 1.5 42 29 25 31 95% 304202 28642 69%
c p 50.73  0 31 27  76  1 220985 4852 1.5 42 29 25 31 95% 304202 28637 69%
c u 50.77  0 31 27  76  1 220985 4834 1.5 42 29 25 31 95% 304202 28637 69%
c v 50.80  0 31 27  76  1 220985 4822 1.5 42 29 25 31 95% 304202 28637 69%
c w 50.81  0 31 27  76  1 220985 4818 1.5 42 29 25 31 95% 304202 28637 69%
c W 53.64  0 31 27  77  1 231041 10021 1.5 42 29 25 31 95% 304142 28637 69%
c - 55.12  0 31 28  82  1 238415 3445 1.5 42 29 25 31 95% 304142 28637 69%
c p 55.14  0 31 28  82  1 238415 4951 1.5 42 29 25 31 95% 304142 28631 69%
c u 55.19  0 31 28  82  1 238415 4937 1.5 42 29 25 31 95% 304142 28631 69%
c v 55.21  0 31 28  82  1 238415 4922 1.5 42 29 25 31 95% 304142 28631 69%
c w 55.23  0 31 28  82  1 238415 4915 1.5 42 29 25 31 95% 304142 28631 69%
c
c  seconds  reductions  conflicts        size    tier2         variables
c         MB     restarts     redundant     glue     trail          remaining
c          level      rate         size/glue  tier1    irredundant
c
c s 56.74  0 30 28  85  1 245320 8392 1.5 42 29 25 31 95% 304125 28631 69%
c e 56.77  0 30 28  85  1 245320 8391 1.5 42 29 25 31 95% 304059 28629 69%
c s 56.80  0 30 28  85  1 245320 8388 1.5 42 29 25 31 95% 304052 28629 69%
c e 56.82  0 30 28  85  1 245320 8388 1.5 42 29 25 31 95% 304046 28627 69%
c O 58.44  0 31 28  90  1 253042 12848 1.5 42 29 25 31 95% 304046 28627 69%
c - 59.13  0 30 29  91  1 256520 3702 1.5 42 29 25 31 94% 304046 28627 69%
c 2 59.13  0 30 29  91  1 256520 3702 1.5 42 29 25 31 94% 304045 28623 69%
c p 59.13  0 30 29  91  1 256520 5262 1.5 42 29 25 31 94% 304045 28618 69%
c v 59.20  0 30 29  91  1 256520 5247 1.5 42 29 25 31 94% 304045 28618 69%
c w 59.21  0 30 29  91  1 256520 5245 1.5 42 29 25 31 94% 304045 28618 69%
c - 62.64  0 30 30  93  1 275295 3919 1.4 41 29 25 31 94% 303955 28618 69%
c p 62.66  0 30 30  93  1 275295 5609 1.4 41 29 25 31 94% 303955 28613 69%
c u 63.11  0 30 30  93  1 275295 5563 1.4 41 29 25 31 94% 303905 28613 69%
c v 63.13  0 30 30  93  1 275295 5534 1.4 41 29 25 31 94% 303905 28613 69%
c w 63.14  0 30 30  93  1 275295 5530 1.4 41 29 25 31 94% 303905 28613 69%
c B 63.36  0 30 30  93  1 276043 6000 1.4 41 29 25 31 94% 303905 28613 69%
c - 67.41  0 30 31 100  1 294748 4083 1.4 41 28 25 31 94% 303905 28613 69%
c p 67.42  0 30 31 100  1 294748 5813 1.4 41 28 25 31 94% 303905 28607 69%
c v 67.49  0 30 31 100  1 294748 5769 1.4 41 28 25 31 94% 303905 28607 69%
c w 67.50  0 30 31 100  1 294748 5758 1.4 41 28 25 31 94% 303905 28607 69%
c
c  seconds  reductions  conflicts        size    tier2         variables
c         MB     restarts     redundant     glue     trail          remaining
c          level      rate         size/glue  tier1    irredundant
c
c W 69.44  0 30 31 104  1 300045 8547 1.4 41 28 25 31 94% 303845 28607 69%
c s 70.94  0 30 31 107  1 306681 11897 1.4 41 28 25 31 94% 303837 28607 69%
c e 70.98  0 30 31 107  1 306681 11896 1.4 41 28 25 31 94% 303832 28605 69%
c s 71.02  0 30 31 107  1 306681 11891 1.4 41 28 25 31 94% 303825 28605 69%
c e 71.03  0 30 31 107  1 306681 11891 1.4 41 28 25 31 94% 303819 28603 69%
c - 72.91  0 30 32 108  1 314871 4089 1.4 41 28 25 31 94% 303819 28603 69%
c p 72.94  0 30 32 108  1 314871 5820 1.4 41 28 25 31 94% 303819 28600 69%
c u 72.99  0 30 32 108  1 314871 5797 1.4 41 28 25 31 94% 303819 28600 69%
c v 73.01  0 30 32 108  1 314871 5781 1.4 41 28 25 31 94% 303819 28600 69%
c w 73.03  0 30 32 108  1 314871 5776 1.4 41 28 25 31 94% 303819 28600 69%
c I 75.28  0 29 32 115  1 325046 11030 1.5 41 28 25 31 94% 303819 28600 69%
c - 77.56  0 29 33 121  1 335672 4332 1.5 40 28 24 30 94% 303789 28600 69%
c p 77.57  0 29 33 121  1 335672 6184 1.5 40 28 24 30 94% 303789 28596 69%
c v 77.67  0 29 33 121  1 335672 6155 1.5 40 28 24 30 94% 303789 28596 69%
c w 77.68  0 29 33 121  1 335672 6146 1.5 40 28 24 30 94% 303789 28596 69%
c B 80.86  0 29 33 124  1 351049 14049 1.5 40 27 24 30 94% 303789 28596 69%
c - 82.18  0 29 34 124  1 357145 4464 1.5 40 28 24 30 94% 303749 28596 69%
c p 82.20  0 29 34 124  1 357145 6211 1.5 40 28 24 30 94% 303749 28592 69%
c v 82.27  0 29 34 124  1 357145 6200 1.5 40 28 24 30 94% 303749 28592 69%
c w 82.28  0 29 34 124  1 357145 6196 1.5 40 28 24 30 94% 303749 28592 69%
c
c  seconds  reductions  conflicts         size    tier2         variables
c         MB     restarts      redundant     glue     trail          remaining
c          level      rate          size/glue  tier1    irredundant
c
c s 86.22  0 29 34 125  1 374862 15502 1.5 40 28 24 30 94% 303744 28592 69%
c e 86.26  0 29 34 125  1 374862 15502 1.5 40 28 24 30 94% 303701 28591 69%
c s 86.29  0 29 34 125  1 374862 15494 1.5 40 28 24 30 94% 303699 28591 69%
c e 86.31  0 29 34 125  1 374862 15494 1.5 40 28 24 30 94% 303691 28588 69%
c W 88.05  0 29 34 125  1 378050 17185 1.5 40 28 24 30 94% 303691 28588 69%
c - 88.39  0 29 35 125  1 379294 4618 1.5 40 28 24 30 94% 303691 28588 69%
c p 88.40  0 29 35 125  1 379294 6400 1.5 40 28 24 30 94% 303691 28585 69%
c v 88.56  0 29 35 125  1 379294 6368 1.5 40 28 24 30 94% 303691 28585 69%
c w 88.57  0 29 35 125  1 379294 6350 1.5 40 28 24 30 94% 303691 28585 69%
c - 93.70  0 29 36 126  1 402120 4601 1.4 40 27 23 30 94% 303661 28585 69%
c p 93.72  0 29 36 126  1 402120 6603 1.4 40 27 23 30 94% 303661 28580 69%
c v 93.82  0 29 36 126  1 402120 6558 1.4 40 27 23 30 94% 303661 28580 69%
c w 93.83  0 29 36 126  1 402120 6546 1.4 40 27 23 30 94% 303661 28580 69%
c F 94.74  0 29 36 126  1 406052 8490 1.4 39 27 23 30 94% 303661 28580 69%
c - 98.85  0 30 37 126  1 425620 4863 1.4 41 28 23 30 94% 303611 28580 69%
c p 98.86  0 30 37 126  1 425620 6605 1.4 41 28 23 30 94% 303611 28576 69%
c u 98.94  0 30 37 126  1 425620 6580 1.4 41 28 23 30 94% 303611 28576 69%
c v 98.96  0 30 37 126  1 425620 6558 1.4 41 28 23 30 94% 303611 28576 69%
c w 98.97  0 30 37 126  1 425620 6545 1.4 41 28 23 30 94% 303611 28576 69%
c B 100.79  0 30 37 126  1 435054 11602 1.4 41 28 23 30 94% 303611 28576 69%
c
c  seconds   reductions  conflicts        size    tier2         variables
c          MB     restarts     redundant     glue     trail          remaining
c           level      rate         size/glue  tier1    irredundant
c
c - 103.83  0 30 38 126  1 449798 4994 1.4 41 28 23 30 95% 303571 28576 69%
c p 103.84  0 30 38 126  1 449798 6796 1.4 41 28 23 30 95% 303571 28573 69%
c u 104.29  0 30 38 126  1 449798 6762 1.4 41 28 23 30 95% 303541 28573 69%
c v 104.32  0 30 38 126  1 449798 6740 1.4 41 28 23 30 95% 303541 28573 69%
c w 104.33  0 30 38 126  1 449798 6729 1.4 41 28 23 30 95% 303541 28573 69%
c s 104.39  0 30 38 126  1 449864 6724 1.4 41 28 23 30 95% 303533 28573 69%
c e 104.42  0 30 38 126  1 449864 6724 1.4 41 28 23 30 95% 303533 28572 69%
c s 104.44  0 30 38 126  1 449864 6711 1.4 41 28 23 30 95% 303530 28572 69%
c e 104.45  0 30 38 126  1 449864 6711 1.4 41 28 23 30 95% 303525 28570 69%
c W 108.59  0 30 38 126  1 465055 14836 1.4 41 28 23 30 95% 303525 28570 69%
c - 110.71  0 30 39 133  1 474650 5189 1.4 41 28 23 30 95% 303525 28570 69%
c 2 110.72  0 30 39 133  1 474650 5189 1.4 41 28 23 30 95% 303525 28569 69%
c p 110.73  0 30 39 133  1 474650 7320 1.4 41 28 23 30 95% 303525 28568 69%
c w 110.85  0 30 39 133  1 474650 7286 1.4 41 28 23 30 95% 303525 28568 69%
c # 115.68  0 30 39 141  1 496059 19160 1.4 41 28 23 30 95% 303525 28568 69%
c - 116.49  0 30 40 143  1 500177 5592 1.5 42 29 23 30 95% 303505 28568 69%
c p 116.52  0 30 40 143  1 500177 7691 1.5 42 29 23 30 95% 303505 28568 69%
c v 116.59  0 30 40 143  1 500177 7672 1.5 42 29 23 30 95% 303505 28568 69%
c w 116.60  0 30 40 143  1 500177 7668 1.5 42 29 23 30 95% 303505 28568 69%
c x 116.62  0 30 40 143  1 500177 7668 1.5 42 29 23 30 95% 303505 28568 69%
c
c  seconds   reductions  conflicts        size    tier2         variables
c          MB     restarts     redundant     glue     trail          remaining
c           level      rate         size/glue  tier1    irredundant
c
c - 121.49  0 31 41 156  1 526381 5725 1.5 43 29 23 30 95% 303505 28568 69%
c p 121.50  0 31 41 156  1 526381 7507 1.5 43 29 23 30 95% 303505 28568 69%
c c 121.57  0 31 41 156  1 526381 7507 1.5 43 29 23 30 95% 303507 28568 69%
c d 121.57  0 31 41 156  1 526381 7507 1.5 43 29 23 30 95% 303503 28566 69%
c 2 121.61  0 31 41 156  1 526381 7506 1.5 43 29 23 30 95% 303487 28566 69%
c u 121.66  0 31 41 156  1 526381 7489 1.5 43 29 23 30 95% 303487 28566 69%
c v 121.68  0 31 41 156  1 526381 7480 1.5 43 29 23 30 95% 303487 28566 69%
c w 121.69  0 31 41 156  1 526381 7467 1.5 43 29 23 30 95% 303487 28566 69%
c B 122.04  0 31 41 156  1 528062 8491 1.5 43 29 23 30 95% 303487 28566 69%
c s 122.86  0 31 41 156  1 531687 10843 1.5 43 29 23 30 95% 303481 28566 69%
c e 122.90  0 31 41 156  1 531687 10843 1.5 43 29 23 30 95% 303481 28565 69%
c s 122.92  0 31 41 156  1 531687 10833 1.5 43 29 23 30 95% 303481 28565 69%
c e 122.94  0 31 41 156  1 531687 10832 1.5 43 29 23 30 95% 303476 28563 69%
c - 128.31  0 30 42 161  1 553264 5750 1.5 42 29 23 30 95% 303476 28563 69%
c p 128.33  0 30 42 161  1 553264 8196 1.5 42 29 23 30 95% 303476 28562 69%
c v 128.44  0 30 42 161  1 553264 8133 1.5 42 29 23 30 95% 303476 28562 69%
c w 128.47  0 30 42 161  1 553264 8117 1.5 42 29 23 30 95% 303476 28562 69%
c W 131.39  0 30 42 165  1 561063 12025 1.5 42 29 23 30 95% 303466 28562 69%
c - 135.61  0 30 43 172  1 580826 5748 1.5 41 28 23 30 95% 303466 28562 69%
c p 135.63  0 30 43 172  1 580826 8077 1.5 41 28 23 30 95% 303466 28561 69%
c
c  seconds   reductions  conflicts        size    tier2         variables
c          MB     restarts     redundant     glue     trail          remaining
c           level      rate         size/glue  tier1    irredundant
c
c k 135.67  0 30 43 172  1 580826 8077 1.5 41 28 23 30 95% 303466 28560 69%
c u 135.74  0 30 43 172  1 580826 8050 1.5 41 28 23 30 95% 303466 28560 69%
c v 135.76  0 30 43 172  1 580826 8010 1.5 41 28 23 30 95% 303466 28560 69%
c w 135.78  0 30 43 172  1 580826 8002 1.5 41 28 23 30 95% 303466 28560 69%
c O 138.83  0 29 43 180  1 595068 15504 1.5 41 28 23 30 95% 303466 28560 69%
c - 141.45  0 29 44 187  1 609063 5895 1.5 41 28 23 30 94% 303447 28560 69%
c p 141.46  0 29 44 187  1 609063 8116 1.5 41 28 23 30 94% 303447 28560 69%
c u 141.62  0 29 44 187  1 609063 8100 1.5 41 28 23 30 94% 303447 28560 69%
c v 141.64  0 29 44 187  1 609063 8083 1.5 41 28 23 30 94% 303447 28560 69%
c w 141.65  0 29 44 187  1 609063 8076 1.5 41 28 23 30 94% 303447 28560 69%
c s 143.98  0 30 44 188  1 620331 14642 1.5 42 28 23 30 94% 303443 28560 69%
c e 144.01  0 30 44 188  1 620331 14594 1.5 42 28 23 30 94% 303441 28559 69%
c s 144.03  0 30 44 188  1 620331 14577 1.5 42 28 23 30 94% 303440 28559 69%
c B 146.04  0 30 44 188  1 630070 19413 1.5 42 28 23 30 94% 303440 28559 69%
c - 147.99  0 29 45 189  1 637978 6187 1.5 41 28 23 30 94% 303440 28559 69%
c p 148.01  0 29 45 189  1 637978 8478 1.5 41 28 23 30 94% 303440 28559 69%
c u 148.11  0 29 45 189  1 637978 8429 1.5 41 28 23 30 94% 303440 28559 69%
c w 148.15  0 29 45 189  1 637978 8398 1.5 41 28 23 30 94% 303440 28559 69%
c W 155.61  0 29 45 191  1 666071 23478 1.5 41 27 22 30 94% 303440 28559 69%
c - 155.98  0 29 46 192  1 667572 6396 1.5 41 27 22 30 94% 303440 28559 69%
c
c  seconds   reductions  conflicts        size    tier2         variables
c          MB     restarts     redundant     glue     trail          remaining
c           level      rate         size/glue  tier1    irredundant
c
c p 156.00  0 29 46 192  1 667572 8690 1.5 41 27 22 30 94% 303440 28559 69%
c u 156.10  0 29 46 192  1 667572 8670 1.5 41 27 22 30 94% 303440 28559 69%
c v 156.12  0 29 46 192  1 667572 8651 1.5 41 27 22 30 94% 303440 28559 69%
c w 156.14  0 29 46 192  1 667572 8640 1.5 41 27 22 30 94% 303440 28559 69%
c - 162.68  0 29 47 204  1 697844 6518 1.5 41 27 22 30 94% 303440 28559 69%
c p 162.70  0 29 47 204  1 697844 8764 1.5 41 27 22 30 94% 303440 28559 69%
c u 163.23  0 29 47 204  1 697844 8751 1.5 41 27 22 30 94% 303440 28559 69%
c v 163.25  0 29 47 204  1 697844 8738 1.5 41 27 22 30 94% 303440 28559 69%
c w 163.26  0 29 47 204  1 697844 8730 1.5 41 27 22 30 94% 303440 28559 69%
c I 164.43  0 29 47 208  1 703072 11967 1.5 41 27 22 30 94% 303440 28559 69%
c s 167.22  0 29 47 216  1 715797 17595 1.5 40 27 22 30 94% 303440 28559 69%
c e 167.25  0 29 47 216  1 715797 17595 1.5 40 27 22 30 94% 303438 28558 69%
c s 167.28  0 29 47 216  1 715797 17577 1.5 40 27 22 30 94% 303437 28558 69%
c - 170.24  0 29 48 219  1 728795 6424 1.5 40 27 22 30 94% 303437 28558 69%
c p 170.26  0 29 48 219  1 728795 8644 1.5 40 27 22 30 94% 303437 28557 69%
c c 170.33  0 29 48 219  1 728795 8644 1.5 40 27 22 30 94% 303438 28557 69%
c d 170.34  0 29 48 219  1 728795 8643 1.5 40 27 22 30 94% 303426 28556 69%
c 2 170.37  0 29 48 219  1 728795 8642 1.5 40 27 22 30 94% 303418 28556 69%
c u 170.43  0 29 48 219  1 728795 8616 1.5 40 27 22 30 94% 303418 28556 69%
c w 170.47  0 29 48 219  1 728795 8592 1.5 40 27 22 30 94% 303418 28556 69%
c
c  seconds   reductions  conflicts         size    tier2         variables
c          MB     restarts      redundant     glue     trail          remaining
c           level      rate          size/glue  tier1    irredundant
c
c B 173.27  0 29 48 220  1 741074 14982 1.5 40 27 22 30 94% 303418 28556 69%
c - 177.52  0 29 49 228  1 760425 6713 1.5 41 27 22 30 94% 303418 28556 69%
c p 177.54  0 29 49 228  1 760425 8929 1.5 41 27 22 30 94% 303418 28556 69%
c u 177.64  0 29 49 228  1 760425 8915 1.5 41 27 22 30 94% 303418 28556 69%
c v 177.67  0 29 49 228  1 760425 8904 1.5 41 27 22 30 94% 303418 28556 69%
c w 177.68  0 29 49 228  1 760425 8892 1.5 41 27 22 30 94% 303418 28556 69%
c W 183.16  0 29 49 235  1 780075 18820 1.5 41 28 22 30 94% 303418 28556 69%
c - 186.21  0 29 50 242  1 792735 6722 1.5 41 28 22 30 94% 303418 28556 69%
c p 186.24  0 29 50 242  1 792735 9416 1.5 41 28 22 30 94% 303418 28556 69%
c u 186.42  0 29 50 242  1 792735 9398 1.5 41 28 22 30 94% 303418 28556 69%
c v 186.45  0 29 50 242  1 792735 9354 1.5 41 28 22 30 94% 303418 28556 69%
c w 186.46  0 29 50 242  1 792735 9330 1.5 41 28 22 30 94% 303418 28556 69%
c s 192.09  0 30 50 251  1 818081 22660 1.5 41 28 22 30 94% 303418 28556 69%
c s 192.16  0 30 50 251  1 818081 22643 1.5 41 28 22 30 94% 303418 28556 69%
c e 192.18  0 30 50 251  1 818081 22643 1.5 41 28 22 30 94% 303416 28555 69%
c F 192.71  0 30 50 251  1 820076 23676 1.5 41 28 22 30 94% 303416 28555 69%
c - 193.91  0 30 51 251  1 825722 7026 1.5 41 28 22 30 94% 303416 28555 69%
c p 193.94  0 30 51 251  1 825722 9620 1.5 41 28 22 30 94% 303416 28555 69%
c u 194.02  0 30 51 251  1 825722 9563 1.5 41 28 22 30 94% 303416 28555 69%
c v 194.05  0 30 51 251  1 825722 9503 1.5 41 28 22 30 94% 303416 28555 69%
c
c  seconds   reductions  conflicts        size    tier2         variables
c          MB     restarts     redundant     glue     trail          remaining
c           level      rate         size/glue  tier1    irredundant
c
c w 194.08  0 30 51 251  1 825722 9482 1.5 41 28 22 30 94% 303416 28555 69%
c - 201.04  0 30 52 252  1 859389 7093 1.5 42 29 22 30 95% 303416 28555 69%
c p 201.06  0 30 52 252  1 859389 9537 1.5 42 29 22 30 95% 303416 28555 69%
c v 201.20  0 30 52 252  1 859389 9471 1.5 42 29 22 30 95% 303416 28555 69%
c w 201.22  0 30 52 252  1 859389 9456 1.5 42 29 22 30 95% 303416 28555 69%
c B 201.62  0 30 52 252  1 861077 10449 1.5 42 29 22 30 95% 303416 28555 69%
c - 208.75  0 30 53 253  1 893735 7119 1.4 41 29 22 30 95% 303416 28555 69%
c p 208.77  0 30 53 253  1 893735 9950 1.4 41 29 22 30 95% 303416 28555 69%
c u 208.95  0 30 53 253  1 893735 9929 1.4 41 29 22 30 95% 303416 28555 69%
c v 208.98  0 30 53 253  1 893735 9894 1.4 41 29 22 30 95% 303416 28555 69%
c w 209.00  0 30 53 253  1 893735 9865 1.4 41 29 22 30 95% 303416 28555 69%
c W 212.54  0 30 53 253  1 903079 14762 1.4 42 29 22 30 95% 303416 28555 69%
c s 218.05  0 30 53 253  1 927185 28614 1.5 43 29 22 30 94% 303416 28555 69%
c s 218.11  0 30 53 253  1 927185 28607 1.5 43 29 22 30 94% 303416 28555 69%
c - 218.60  0 30 54 253  1 928762 7675 1.5 43 29 22 30 94% 303416 28555 69%
c p 218.62  0 30 54 253  1 928762 10286 1.5 43 29 22 30 94% 303416 28555 69%
c u 218.73  0 30 54 253  1 928762 10226 1.5 43 29 22 30 94% 303416 28555 69%
c v 218.76  0 30 54 253  1 928762 10210 1.5 43 29 22 30 94% 303416 28555 69%
c w 218.79  0 30 54 253  1 928762 10195 1.5 43 29 22 30 94% 303416 28555 69%
c # 222.54  0 31 54 254  1 946082 20264 1.5 43 29 22 30 94% 303416 28555 69%
c
c  seconds   reductions  conflicts        size    tier2         variables
c          MB     restarts     redundant     glue     trail          remaining
c           level      rate         size/glue  tier1    irredundant
c
c - 226.18  0 31 55 254  1 964469 7902 1.5 44 29 22 30 94% 303416 28555 69%
c p 226.21  0 31 55 254  1 964469 10457 1.5 44 29 22 30 94% 303416 28555 69%
c v 226.31  0 31 55 254  1 964469 10401 1.5 44 29 22 30 94% 303416 28555 69%
c w 226.33  0 31 55 254  1 964469 10386 1.5 44 29 22 30 94% 303416 28555 69%
c x 226.35  0 31 55 254  1 964469 10386 1.5 44 29 22 30 94% 303416 28555 69%
c B 231.19  0 31 55 254  1 990085 23925 1.5 44 30 23 30 94% 303416 28555 69%
c - 233.53  0 31 56 254  1 1000857 8133 1.5 44 30 23 30 94% 303416 28555 69%
c p 233.56  0 31 56 254  1 1000857 10839 1.5 44 30 23 30 94% 303416 28555 69%
c u 233.69  0 31 56 254  1 1000857 10788 1.5 44 30 23 30 94% 303416 28555 69%
c v 233.72  0 31 56 254  1 1000857 10766 1.5 44 30 23 30 94% 303416 28555 69%
c w 233.74  0 31 56 254  1 1000857 10745 1.5 44 30 23 30 94% 303416 28555 69%
c W 242.87  0 32 56 254  1 1035087 31287 1.5 45 30 23 30 94% 303416 28555 69%
c - 243.56  0 32 57 254  1 1037922 8590 1.5 45 30 23 30 94% 303416 28555 69%
c p 243.58  0 32 57 254  1 1037922 11564 1.5 45 30 23 30 94% 303416 28555 69%
c u 243.91  0 32 57 254  1 1037922 11519 1.5 45 30 23 30 94% 303416 28555 69%
c v 243.94  0 32 57 254  1 1037922 11507 1.5 45 30 23 30 94% 303416 28555 69%
c w 243.97  0 32 57 254  1 1037922 11482 1.5 45 30 23 30 94% 303416 28555 69%
c s 245.14  0 32 57 254  1 1043108 14510 1.5 45 30 23 30 94% 303416 28555 69%
c s 245.19  0 32 57 254  1 1043108 14493 1.5 45 30 23 30 94% 303415 28555 69%
c - 252.30  0 32 58 262  1 1075668 8373 1.5 44 30 23 30 95% 303415 28555 69%
c
c  seconds   reductions   conflicts         size    tier2         variables
c          MB     restarts       redundant     glue     trail          remaining
c           level      rate           size/glue  tier1    irredundant
c
c p 252.33  0 32 58 262  1 1075668 11375 1.5 44 30 23 30 95% 303415 28555 69%
c u 252.43  0 32 58 262  1 1075668 11322 1.5 44 30 23 30 95% 303415 28555 69%
c v 252.48  0 32 58 262  1 1075668 11265 1.5 44 30 23 30 95% 303415 28555 69%
c w 252.51  0 32 58 262  1 1075668 11245 1.5 44 30 23 30 95% 303415 28555 69%
c O 253.83  0 32 58 266  1 1081089 14444 1.5 45 30 23 30 95% 303415 28555 69%
c - 260.68  0 31 59 281  1 1114095 8279 1.4 43 30 23 30 94% 303415 28555 69%
c p 260.70  0 31 59 281  1 1114095 11309 1.4 43 30 23 30 94% 303415 28555 69%
c u 260.82  0 31 59 281  1 1114095 11249 1.4 43 30 23 30 94% 303415 28555 69%
c v 260.85  0 31 59 281  1 1114095 11191 1.4 43 30 23 30 94% 303415 28555 69%
c w 260.88  0 31 59 281  1 1114095 11175 1.4 43 30 23 30 94% 303415 28555 69%
c B 263.65  0 31 59 284  1 1128090 19395 1.4 42 30 23 30 94% 303415 28555 69%
c ] 267.70  0 31 59 287  1 1148023 32050 1.5 43 30 23 30 94% 303415 28555 69%
c ? 267.70  0 31 59 287  1 1148023 32050 1.5 43 30 23 30 94% 303415 28555 69%
c
c --- [ result ] -------------------------------------------------------------
c
c writing result to 'search-results/cadical-support70-cover-20260902/anchor-008-p0-s0.result'
c
c --- [ run-time profiling ] -------------------------------------------------
c
c process time taken by individual solving procedures
c (percentage relative to process time for solving)
c
c       255.56   95.49% search
c       242.80   90.72% stable
c        12.73    4.76% walk
c        12.08    4.51% simplify
c         3.77    1.41% vivify
c         1.88    0.70% sweep
c         1.59    0.59% congruence
c         1.09    0.41% backbone
c         0.98    0.37% subsume
c         0.91    0.34% elim
c         0.34    0.13% probe
c         0.26    0.10% ternary
c         0.06    0.02% parse
c         0.02    0.01% lucky
c   =================================
c       267.63   99.98% solve
c
c last line shows process time for solving
c (percentage relative to total process time)
c
c --- [ statistics ] ---------------------------------------------------------
c
c chronological:            109626         9.55 %  of conflicts
c conflicts:               1148023      4289.56    per second
c backbone:               75944206    183630.84 %  of vars
c decisions:               1215410      4541.35    per second
c eliminated:                 2959         7.15 %  of all variables
c fixed:                      9077        21.95 %  of all variables
c learned:                 1132524        98.65 %  per conflict
c learned_lits:          571612750       100.00 %  learned literals
c minimized:                     0         0.00 %  learned literals
c shrunken:              520044953        90.98 %  learned literals
c minishrunken:            3964583         0.69 %  learned literals
c otfs:                        596         0.05 %  of conflict
c propagations:          996661647         3.72 M  per second
c reduced:                  584464        50.91 %  per conflict
c rephased:                     47     24426.02    interval
c restarts:                    287      4000.08    interval
c substituted:                 766         1.85 %  of all variables
c subsumed:                 519425        33.26 %  of all clauses
c strengthened:              38289         2.45 %  of all clauses
c ticks:               11418013392        14.85    propagation
c vivified:                   1362         0.09 %  of all clauses
c walked:                       15     76534.87    interval
c weakened:                  14151         2.98    average size
c congruence:                   22     52182.86    interval
c
c seconds are measured in process time for solving
c
c --- [ glue usage ] ---------------------------------------------------------
c
c focused glue 2 used 0 clauses 0.000% accumulated 0.000% tier1
c focused glue 3 used 0 clauses 0.000% accumulated 0.000%
c focused glue 4 used 0 clauses 0.000% accumulated 0.000%
c focused glue 5 used 0 clauses 0.000% accumulated 0.000%
c focused glue 6 used 0 clauses 0.000% accumulated 0.000% tier2
c
c stable glue 23 used 194065 clauses 5.066% accumulated 52.58% tier1
c stable glue 24 used 196053 clauses 5.118% accumulated 57.70%
c stable glue 25-28 used 776311 clauses 20.26% accumulated 77.96%
c stable glue 29 used 182034 clauses 4.752% accumulated 82.71%
c stable glue 30 used 170866 clauses 4.460% accumulated 87.17% tier2
c
c
c --- [ resources ] ----------------------------------------------------------
c
c total process time since initialization:       267.70    seconds
c total real time since initialization:          300.01    seconds
c maximum resident set size of process:          229.77    MB
c
c --- [ shutting down ] ------------------------------------------------------
c
c exit 0
