c --- [ banner ] -------------------------------------------------------------
c
c CaDiCaL SAT Solver
c Copyright (c) 2016-2026
c A. Biere, M. Fleury, N. Froleyks, K. Fazekas, F. Pollitt, T. Faller
c JKU Linz, University of Freiburg, TU Wien
c
c Version 3.0.1 c60730422e758ef1cebe7aeddf2dda31c996bf04
c Apple clang version 21.0.0 (clang-2100.1.1.101) -Wall -Wextra -O3 -DNDEBUG -DNCLOSEFROM
c Tue Sep 1 21:08:57 PDT 2026 Darwin retained-runner 25.6.0 arm64
c
c --- [ limit ] --------------------------------------------------------------
c
c setting time limit to 300 seconds real time (due to '-t 300')
c
c --- [ parsing input ] ------------------------------------------------------
c
c reading DIMACS file from 'search-results/cadical-support70-cover-20260902/cnf/anchor-016-p1-s1.cnf'
c opening file to read 'search-results/cadical-support70-cover-20260902/cnf/anchor-016-p1-s1.cnf'
c found 'p cnf 41357 414868' header
c parsed 414868 clauses in 0.05 seconds process time
c
c --- [ options ] ------------------------------------------------------------
c
c   --elimeffort=10                (different from default '1e3')
c   --stabilizeonly=true           (different from default 'false')
c   --subsumeeffort=60             (different from default '1e3')
c
c --- [ solving ] ------------------------------------------------------------
c
c time measured in process time since initialization
c
c  seconds  reduction conflicts       size tier2        variables
c         MB    restarts   redundant    glue  trail          remaining
c          level     rate       size/glu tier1  irredundant
c
c *  0.05  0  0 0   0  0    0    0 0.0 0 0 2 6  0% 329608 32300 78%
c )  0.06  0  0 0   0  0    0    0 0.0 0 0 2 6  0% 329608 32300 78%
c [  0.07  0  0 0   0  0    0    0 0.0 0 0 2 6  0% 329608 32300 78%
c i  0.07  0  1 0   0 32    1    0 0.0 1 0 2 6 94% 329608 32260 78%
c i  0.07  0 31 0   0  8    9    6 2.0 8 4 2 6 93% 329608 32257 78%
c i  0.08  0 34 0   0  2   76   28 1.1 26 23 2 6 96% 329608 32251 78%
c -  0.12  0 34 1   0  1  300   52 1.2 35 28 2 6 97% 314362 32234 78%
c -  0.23  0 34 2   0  1  949  271 2.0 53 27 2 6 96% 314360 32234 78%
c I  0.24  0 34 2   0  1 1002  314 2.0 54 27 2 6 96% 314359 32234 78%
c -  0.43  0 32 3   1  1 2104  432 2.7 72 27 2 6 94% 314336 32234 78%
c B  0.58  0 31 3   2  1 3003 1026 2.6 69 27 2 6 92% 314325 32234 78%
c d  0.59  0 31 3   2  1 3044 1060 2.6 69 27 2 6 93% 313015 31579 76%
c c  0.66  0 31 3   2  1 3044 1060 2.6 69 27 2 6 93% 313011 31578 76%
c d  0.66  0 31 3   2  1 3044 1059 2.6 69 27 2 6 93% 312999 31576 76%
c =  0.71  0 31 3   2  1 3044 1059 2.6 69 27 2 6 93% 312996 31575 76%
c i  0.77  0 31 3   2  1 3431 1293 2.5 66 27 2 6 91% 312990 31574 76%
c -  0.83  0 31 4   2  1 3822  496 2.3 63 27 2 6 91% 312976 31574 76%
c 2  1.07  0 31 4   4  1 5546 1404 2.0 56 28 28 31 91% 312952 31573 76%
c W  1.33  0 32 4   4  1 6006 1642 1.9 55 28 28 31 91% 312934 31573 76%
c -  1.35  0 32 5   4  1 6133  556 1.9 55 29 28 31 91% 312934 31573 76%
c
c  seconds  reduction conflicts       size    tier2         variables
c         MB    restarts   redundant     glue     trail          remaining
c          level     rate       size/glue  tier1    irredundant
c
c s  1.45  0 32 5   5  1 6703  888 1.9 55 29 28 31 91% 312768 31573 76%
c e  1.60  0 32 5   5  1 6703  530 1.9 55 29 28 31 91% 307129 28938 70%
c s  1.61  0 32 5   5  1 6703  530 1.9 55 29 28 31 91% 307115 28938 70%
c e  1.63  0 32 5   5  1 6703  528 1.9 55 29 28 31 91% 307010 28917 70%
c -  2.02  0 33 6   6  1 9060  528 1.7 52 30 28 32 96% 307010 28917 70%
c F  2.15  0 33 6   6  1 10008 1045 1.7 51 30 29 33 96% 307010 28917 70%
c c  2.34  0 33 6   6  1 10846 1618 1.7 50 30 29 33 96% 307026 28917 70%
c d  2.34  0 33 6   6  1 10846 1617 1.7 50 30 29 33 96% 306994 28901 70%
c 2  2.35  0 33 6   6  1 10846 1617 1.7 50 30 29 33 96% 306851 28901 70%
c -  2.68  0 33 7   7  1 12597  751 1.6 49 30 29 33 95% 306851 28901 70%
c B  3.13  0 33 7   9  1 15009 2056 1.6 48 31 29 33 95% 306851 28901 70%
c -  3.39  0 33 8  10  1 16767  872 1.6 48 31 29 33 95% 306851 28901 70%
c u  3.40  0 33 8  10  1 16767  855 1.6 48 31 29 33 95% 306851 28901 70%
c v  3.41  0 33 8  10  1 16767  838 1.6 48 31 29 33 95% 306851 28901 70%
c w  3.42  0 33 8  10  1 16767  834 1.6 48 31 29 33 95% 306851 28901 70%
c x  3.43  0 33 8  10  1 16767  834 1.6 48 31 29 33 95% 306661 28901 70%
c s  3.91  0 33 8  12  1 20337 2701 1.5 48 31 29 33 95% 306661 28901 70%
c e  3.95  0 33 8  12  1 20337 2700 1.5 48 31 29 33 95% 306574 28883 70%
c s  3.97  0 33 8  12  1 20337 2699 1.5 48 31 29 33 95% 306541 28883 70%
c e  3.99  0 33 8  12  1 20337 2697 1.5 48 31 29 33 95% 306523 28878 70%
c
c  seconds  reductions conflicts       size    tier2         variables
c         MB    restarts    redundant     glue     trail          remaining
c          level     rate        size/glue  tier1    irredundant
c
c W  4.23  0 33 8  13  1 21011 3022 1.5 47 31 29 33 95% 306523 28878 70%
c -  4.31  0 33 9  13  1 21580  944 1.5 47 31 29 33 95% 306523 28878 70%
c c  4.37  0 33 9  13  1 21580  944 1.5 47 31 29 33 95% 306572 28878 70%
c d  4.38  0 33 9  13  1 21580  944 1.5 47 31 29 33 95% 306468 28826 70%
c 2  4.38  0 33 9  13  1 21580  944 1.5 47 31 29 33 95% 306000 28826 70%
c =  4.44  0 33 9  13  1 21580  944 1.5 47 31 29 33 95% 305991 28825 70%
c -  5.23  0 33 10  14  1 27038 1142 1.5 46 31 29 33 95% 305991 28825 70%
c #  5.44  0 33 10  14  1 28012 1660 1.5 46 31 29 33 95% 305991 28825 70%
c -  6.22  0 33 11  14  1 33145 1309 1.5 46 31 29 33 95% 305991 28825 70%
c u  6.32  0 33 11  14  1 33145 1277 1.5 46 31 29 33 95% 305991 28825 70%
c v  6.33  0 33 11  14  1 33145 1266 1.5 46 31 29 33 95% 305991 28825 70%
c w  6.34  0 33 11  14  1 33145 1265 1.5 46 31 29 33 95% 305991 28825 70%
c x  6.35  0 33 11  14  1 33145 1264 1.5 46 31 29 33 95% 305870 28825 70%
c B  6.79  0 33 11  17  1 36013 2904 1.5 46 31 29 33 95% 305870 28825 70%
c -  7.37  0 33 12  20  1 39906 1403 1.5 46 31 29 33 95% 305870 28825 70%
c s  7.59  0 33 12  20  1 40788 1895 1.5 46 31 29 33 95% 305865 28825 70%
c e  7.61  0 33 12  20  1 40788 1895 1.5 46 31 29 33 95% 305856 28824 70%
c s  7.62  0 33 12  20  1 40788 1892 1.5 46 31 29 33 95% 305414 28824 70%
c e  7.64  0 33 12  20  1 40788 1888 1.5 46 31 29 33 95% 305378 28797 70%
c W  8.47  0 33 12  21  1 45016 3909 1.5 45 31 29 33 95% 305378 28797 70%
c
c  seconds  reductions  conflicts       size    tier2         variables
c         MB     restarts    redundant     glue     trail          remaining
c          level      rate        size/glue  tier1    irredundant
c
c -  8.81  0 33 13  23  1 47325 1480 1.4 45 31 29 33 95% 305378 28797 70%
c p  8.81  0 33 13  23  1 47325 1647 1.4 45 31 29 33 95% 305378 28797 70%
c O  9.96  0 33 13  28  1 55017 5635 1.4 44 31 29 33 95% 305378 28797 70%
c - 10.04  0 33 14  28  1 55399 1601 1.4 44 31 29 33 95% 305378 28797 70%
c p 10.04  0 33 14  28  1 55399 1826 1.4 44 31 29 33 95% 305378 28797 70%
c u 10.16  0 33 14  28  1 55399 1801 1.4 44 31 29 33 95% 305370 28797 70%
c v 10.19  0 33 14  28  1 55399 1767 1.4 44 31 29 33 95% 305370 28797 70%
c w 10.19  0 33 14  28  1 55399 1765 1.4 44 31 29 33 95% 305370 28797 70%
c x 10.20  0 33 14  28  1 55399 1765 1.4 44 31 29 33 95% 305364 28797 70%
c - 11.63  0 32 15  29  1 64135 1675 1.4 43 30 29 33 95% 305364 28797 70%
c p 11.64  0 32 15  29  1 64135 2040 1.4 43 30 29 33 95% 305364 28797 70%
c c 11.70  0 32 15  29  1 64135 2040 1.4 43 30 29 33 95% 305396 28797 70%
c d 11.71  0 32 15  29  1 64135 2040 1.4 43 30 29 33 95% 305332 28765 70%
c 2 11.72  0 32 15  29  1 64135 2040 1.4 43 30 29 33 95% 305045 28765 70%
c B 12.03  0 32 15  29  1 66020 2946 1.4 43 30 29 33 95% 305045 28765 70%
c s 12.40  0 31 15  30  1 68041 3607 1.4 42 30 29 33 95% 304872 28765 70%
c e 12.44  0 31 15  30  1 68041 3527 1.4 42 30 29 33 95% 304816 28737 69%
c s 12.46  0 31 15  30  1 68041 3497 1.4 42 30 29 33 95% 304731 28737 69%
c e 12.49  0 31 15  30  1 68041 3495 1.4 42 30 29 33 95% 304692 28720 69%
c - 13.35  0 31 16  30  1 73536 1681 1.4 42 30 26 32 95% 304692 28720 69%
c
c  seconds  reductions  conflicts       size    tier2         variables
c         MB     restarts    redundant     glue     trail          remaining
c          level      rate        size/glue  tier1    irredundant
c
c p 13.36  0 31 16  30  1 73536 2038 1.4 42 30 26 32 95% 304692 28720 69%
c u 13.38  0 31 16  30  1 73536 2021 1.4 42 30 26 32 95% 304692 28720 69%
c v 13.41  0 31 16  30  1 73536 1984 1.4 42 30 26 32 95% 304692 28720 69%
c w 13.42  0 31 16  30  1 73536 1978 1.4 42 30 26 32 95% 304692 28720 69%
c W 14.44  0 31 16  30  1 78023 4209 1.4 42 29 26 32 95% 304692 28720 69%
c - 15.28  0 31 17  31  1 83595 1966 1.4 42 29 26 32 95% 304692 28720 69%
c p 15.29  0 31 17  31  1 83595 2295 1.4 42 29 26 32 95% 304692 28720 69%
c I 16.52  0 31 17  36  1 91025 6005 1.4 42 29 26 32 95% 304692 28720 69%
c - 17.00  0 31 18  37  1 94323 2152 1.4 41 29 26 32 95% 304692 28720 69%
c p 17.01  0 31 18  37  1 94323 2506 1.4 41 29 26 32 95% 304692 28720 69%
c u 17.18  0 31 18  37  1 94323 2496 1.4 41 29 26 32 95% 304692 28720 69%
c v 17.20  0 31 18  37  1 94323 2476 1.4 41 29 26 32 95% 304692 28720 69%
c w 17.20  0 31 18  37  1 94323 2468 1.4 41 29 26 32 95% 304692 28720 69%
c x 17.22  0 31 18  37  1 94323 2468 1.4 41 29 26 32 95% 304692 28720 69%
c s 18.37  0 30 18  43  1 102114 6362 1.4 41 29 26 32 95% 304648 28720 69%
c e 18.40  0 30 18  43  1 102114 6358 1.4 41 29 26 32 95% 304637 28716 69%
c s 18.43  0 30 18  43  1 102114 6348 1.4 41 29 26 32 95% 304615 28716 69%
c e 18.45  0 30 18  43  1 102114 6348 1.4 41 29 26 32 95% 304600 28711 69%
c B 18.89  0 30 18  44  1 105027 8020 1.4 41 29 26 32 95% 304600 28711 69%
c - 19.02  0 31 19  44  1 105717 2315 1.4 41 29 26 32 95% 304600 28711 69%
c
c  seconds  reductions  conflicts        size    tier2         variables
c         MB     restarts     redundant     glue     trail          remaining
c          level      rate         size/glue  tier1    irredundant
c
c p 19.02  0 31 19  44  1 105717 2652 1.4 41 29 26 32 95% 304600 28711 69%
c - 20.76  0 31 20  47  1 117778 2485 1.4 41 29 26 32 95% 304600 28711 69%
c 2 20.76  0 31 20  47  1 117778 2485 1.4 41 29 26 32 95% 304600 28710 69%
c p 20.76  0 31 20  47  1 117778 2953 1.4 41 29 26 32 95% 304600 28710 69%
c u 20.83  0 31 20  47  1 117778 2919 1.4 41 29 26 32 95% 304600 28710 69%
c v 20.86  0 31 20  47  1 117778 2878 1.4 41 29 26 32 95% 304600 28710 69%
c w 20.87  0 31 20  47  1 117778 2869 1.4 41 29 26 32 95% 304600 28710 69%
c W 21.58  0 31 20  48  1 120029 4127 1.4 41 29 26 32 95% 304592 28710 69%
c - 22.99  0 31 21  54  1 130506 2366 1.4 41 29 26 32 95% 304592 28710 69%
c p 23.00  0 31 21  54  1 130506 2837 1.4 41 29 26 32 95% 304592 28710 69%
c F 23.79  0 31 21  58  1 136032 5799 1.4 41 29 26 32 95% 304592 28710 69%
c s 24.78  0 31 21  60  1 143004 9660 1.4 41 29 25 31 95% 304562 28710 69%
c e 24.81  0 31 21  60  1 143004 9660 1.4 41 29 25 31 95% 304559 28709 69%
c s 24.83  0 31 21  60  1 143004 9651 1.4 41 29 25 31 95% 304548 28709 69%
c e 24.84  0 31 21  60  1 143004 9651 1.4 41 29 25 31 95% 304539 28706 69%
c - 24.99  0 31 22  60  1 143906 2717 1.4 41 30 25 31 95% 304539 28706 69%
c 2 24.99  0 31 22  60  1 143906 2717 1.4 41 30 25 31 95% 304539 28705 69%
c p 25.00  0 31 22  60  1 143906 3354 1.4 41 30 25 31 95% 304539 28704 69%
c u 25.03  0 31 22  60  1 143906 3331 1.4 41 30 25 31 95% 304539 28704 69%
c v 25.06  0 31 22  60  1 143906 3294 1.4 41 30 25 31 95% 304539 28704 69%
c
c  seconds  reductions  conflicts        size    tier2         variables
c         MB     restarts     redundant     glue     trail          remaining
c          level      rate         size/glue  tier1    irredundant
c
c w 25.07  0 31 22  60  1 143906 3286 1.4 41 30 25 31 95% 304539 28704 69%
c B 26.34  0 31 22  61  1 153034 8530 1.4 42 30 25 31 95% 304539 28704 69%
c - 26.99  0 32 23  61  1 157976 3030 1.4 42 30 25 31 95% 304519 28704 69%
c p 27.01  0 32 23  61  1 157976 4101 1.4 42 30 25 31 95% 304519 28699 69%
c u 27.22  0 32 23  61  1 157976 4058 1.4 42 30 25 31 95% 304469 28699 69%
c v 27.22  0 32 23  61  1 157976 4055 1.4 42 30 25 31 95% 304469 28699 69%
c w 27.22  0 32 23  61  1 157976 4053 1.4 42 30 25 31 95% 304469 28699 69%
c W 29.60  0 32 23  62  1 171035 11754 1.4 43 30 25 31 95% 304469 28699 69%
c - 29.87  0 32 24  62  1 172717 3263 1.4 43 30 25 31 95% 304469 28699 69%
c p 29.87  0 32 24  62  1 172717 4586 1.4 43 30 25 31 95% 304469 28693 69%
c u 29.96  0 32 24  62  1 172717 4574 1.4 43 30 25 31 95% 304469 28693 69%
c v 29.98  0 32 24  62  1 172717 4556 1.4 43 30 25 31 95% 304469 28693 69%
c w 29.98  0 32 24  62  1 172717 4552 1.4 43 30 25 31 95% 304469 28693 69%
c - 32.15  0 32 25  62  1 188130 3165 1.4 43 30 25 31 95% 304409 28693 69%
c 2 32.16  0 32 25  62  1 188130 3165 1.4 43 30 25 31 95% 304409 28692 69%
c p 32.17  0 32 25  62  1 188130 4562 1.4 43 30 25 31 95% 304409 28689 69%
c u 32.20  0 32 25  62  1 188130 4554 1.4 43 30 25 31 95% 304409 28689 69%
c v 32.22  0 32 25  62  1 188130 4518 1.4 43 30 25 31 95% 304409 28689 69%
c w 32.22  0 32 25  62  1 188130 4516 1.4 43 30 25 31 95% 304409 28689 69%
c # 32.49  0 32 25  62  1 190036 5542 1.4 43 30 25 31 95% 304409 28689 69%
c
c  seconds  reductions  conflicts        size    tier2         variables
c         MB     restarts     redundant     glue     trail          remaining
c          level      rate         size/glue  tier1    irredundant
c
c s 32.61  0 32 25  62  1 190707 5933 1.4 43 30 25 31 95% 304395 28689 69%
c e 32.63  0 32 25  62  1 190707 5933 1.4 43 30 25 31 95% 304350 28687 69%
c s 32.65  0 32 25  62  1 190707 5927 1.4 43 30 25 31 95% 304342 28687 69%
c e 32.67  0 32 25  62  1 190707 5927 1.4 43 30 25 31 95% 304325 28681 69%
c - 34.32  0 32 26  66  1 204215 3336 1.4 43 30 25 32 95% 304325 28681 69%
c p 34.33  0 32 26  66  1 204215 4579 1.4 43 30 25 32 95% 304325 28677 69%
c u 34.37  0 32 26  66  1 204215 4548 1.4 43 30 25 32 95% 304325 28677 69%
c v 34.38  0 32 26  66  1 204215 4532 1.4 43 30 25 32 95% 304325 28677 69%
c w 34.39  0 32 26  66  1 204215 4530 1.4 43 30 25 32 95% 304325 28677 69%
c B 35.15  0 32 26  69  1 210039 7539 1.4 42 30 25 32 95% 304325 28677 69%
c - 36.53  0 32 27  76  1 220972 3449 1.4 43 30 25 32 95% 304285 28677 69%
c p 36.55  0 32 27  76  1 220972 4769 1.4 43 30 25 32 95% 304285 28671 69%
c u 36.58  0 32 27  76  1 220972 4743 1.4 43 30 25 32 95% 304285 28671 69%
c w 36.59  0 32 27  76  1 220972 4743 1.4 43 30 25 32 95% 304285 28671 69%
c W 38.54  0 32 27  77  1 231040 10090 1.4 43 30 25 32 95% 304225 28671 69%
c - 39.54  0 32 28  82  1 238403 3665 1.4 43 30 25 32 95% 304225 28671 69%
c p 39.55  0 32 28  82  1 238403 5191 1.4 43 30 25 32 95% 304225 28666 69%
c u 39.58  0 32 28  82  1 238403 5171 1.4 43 30 25 32 95% 304225 28666 69%
c v 39.60  0 32 28  82  1 238403 5160 1.4 43 30 25 32 95% 304225 28666 69%
c w 39.60  0 32 28  82  1 238403 5151 1.4 43 30 25 32 95% 304225 28666 69%
c
c  seconds  reductions  conflicts        size    tier2         variables
c         MB     restarts     redundant     glue     trail          remaining
c          level      rate         size/glue  tier1    irredundant
c
c s 40.54  0 32 28  85  1 245227 9123 1.4 44 31 25 32 95% 304204 28666 69%
c e 40.57  0 32 28  85  1 245227 9121 1.4 44 31 25 32 95% 304140 28660 69%
c s 40.59  0 32 28  85  1 245227 9112 1.4 44 31 25 32 95% 304116 28660 69%
c e 40.61  0 32 28  85  1 245227 9098 1.4 44 31 25 32 95% 304107 28656 69%
c O 41.79  0 32 28  90  1 253041 13358 1.4 44 31 25 32 95% 304107 28656 69%
c - 42.32  0 32 29  91  1 256506 3887 1.4 44 31 25 32 95% 304107 28656 69%
c p 42.33  0 32 29  91  1 256506 5321 1.4 44 31 25 32 95% 304107 28649 69%
c u 42.66  0 32 29  91  1 256506 5263 1.4 44 31 25 32 95% 304037 28649 69%
c v 42.67  0 32 29  91  1 256506 5246 1.4 44 31 25 32 95% 304037 28649 69%
c w 42.68  0 32 29  91  1 256506 5235 1.4 44 31 25 32 95% 304037 28649 69%
c - 45.21  0 31 30  93  1 275285 3878 1.4 43 30 25 32 94% 304037 28649 69%
c p 45.22  0 31 30  93  1 275285 5839 1.4 43 30 25 32 94% 304037 28645 69%
c u 45.27  0 31 30  93  1 275285 5821 1.4 43 30 25 32 94% 304037 28645 69%
c v 45.28  0 31 30  93  1 275285 5799 1.4 43 30 25 32 94% 304037 28645 69%
c w 45.29  0 31 30  93  1 275285 5793 1.4 43 30 25 32 94% 304037 28645 69%
c B 45.43  0 31 30  93  1 276043 6152 1.4 42 30 25 32 94% 304037 28645 69%
c - 47.95  0 31 31 100  1 294737 4040 1.4 43 30 25 32 95% 303997 28645 69%
c p 47.97  0 31 31 100  1 294737 5969 1.4 43 30 25 32 95% 303997 28639 69%
c u 48.01  0 31 31 100  1 294737 5940 1.4 43 30 25 32 95% 303997 28639 69%
c v 48.02  0 31 31 100  1 294737 5912 1.4 43 30 25 32 95% 303997 28639 69%
c
c  seconds  reductions  conflicts        size    tier2         variables
c         MB     restarts     redundant     glue     trail          remaining
c          level      rate         size/glue  tier1    irredundant
c
c w 48.03  0 31 31 100  1 294737 5900 1.4 43 30 25 32 95% 303997 28639 69%
c W 49.33  0 31 31 104  1 300044 9085 1.4 43 30 25 32 94% 303937 28639 69%
c s 50.20  0 31 31 107  1 306567 12635 1.5 43 30 25 32 94% 303921 28639 69%
c e 50.23  0 31 31 107  1 306567 12628 1.5 43 30 25 32 94% 303914 28636 69%
c s 50.25  0 31 31 107  1 306567 12614 1.5 43 30 25 32 94% 303905 28636 69%
c e 50.27  0 31 31 107  1 306567 12613 1.5 43 30 25 32 94% 303893 28632 69%
c - 51.51  0 31 32 108  1 314862 4192 1.4 43 30 25 32 94% 303893 28632 69%
c p 51.52  0 31 32 108  1 314862 5943 1.4 43 30 25 32 94% 303893 28632 69%
c u 51.56  0 31 32 108  1 314862 5919 1.4 43 30 25 32 94% 303893 28632 69%
c v 51.57  0 31 32 108  1 314862 5903 1.4 43 30 25 32 94% 303893 28632 69%
c w 51.58  0 31 32 108  1 314862 5897 1.4 43 30 25 32 94% 303893 28632 69%
c x 51.59  0 31 32 108  1 314862 5897 1.4 43 30 25 32 94% 303893 28632 69%
c I 53.01  0 31 32 115  1 325045 11966 1.5 44 30 25 32 94% 303893 28632 69%
c - 54.48  0 31 33 121  1 335662 4598 1.5 43 29 25 31 94% 303893 28632 69%
c p 54.49  0 31 33 121  1 335662 6193 1.5 43 29 25 31 94% 303893 28631 69%
c u 54.54  0 31 33 121  1 335662 6172 1.5 43 29 25 31 94% 303893 28631 69%
c w 54.57  0 31 33 121  1 335662 6153 1.5 43 29 25 31 94% 303893 28631 69%
c B 56.54  0 31 33 124  1 351046 14895 1.5 43 29 25 31 94% 303893 28631 69%
c - 57.42  0 31 34 124  1 357137 4653 1.5 42 29 25 31 94% 303883 28631 69%
c p 57.44  0 31 34 124  1 357137 6483 1.5 42 29 25 31 94% 303883 28630 69%
c
c  seconds  reductions  conflicts        size    tier2         variables
c         MB     restarts     redundant     glue     trail          remaining
c          level      rate         size/glue  tier1    irredundant
c
c u 57.49  0 31 34 124  1 357137 6464 1.5 42 29 25 31 94% 303883 28630 69%
c v 57.50  0 31 34 124  1 357137 6452 1.5 42 29 25 31 94% 303883 28630 69%
c w 57.51  0 31 34 124  1 357137 6443 1.5 42 29 25 31 94% 303883 28630 69%
c s 59.90  0 30 34 125  1 374725 15503 1.5 42 28 25 31 94% 303871 28630 69%
c e 59.93  0 30 34 125  1 374725 15503 1.5 42 28 25 31 94% 303857 28628 69%
c s 59.95  0 30 34 125  1 374725 15465 1.5 42 28 25 31 94% 303847 28628 69%
c e 59.97  0 30 34 125  1 374725 15465 1.5 42 28 25 31 94% 303841 28626 69%
c W 61.22  0 30 34 125  1 378048 17116 1.5 42 28 25 31 94% 303841 28626 69%
c - 61.39  0 30 35 125  1 379290 4507 1.5 41 28 25 31 94% 303841 28626 69%
c 2 61.39  0 30 35 125  1 379290 4507 1.5 41 28 25 31 94% 303841 28625 69%
c p 61.41  0 30 35 125  1 379290 6347 1.5 41 28 25 31 94% 303841 28623 69%
c c 61.46  0 30 35 125  1 379290 6347 1.5 41 28 25 31 94% 303842 28623 69%
c d 61.47  0 30 35 125  1 379290 6340 1.5 41 28 25 31 94% 303811 28622 69%
c 2 61.48  0 30 35 125  1 379290 6340 1.5 41 28 25 31 94% 303803 28622 69%
c u 61.51  0 30 35 125  1 379290 6312 1.5 41 28 25 31 94% 303803 28622 69%
c v 61.53  0 30 35 125  1 379290 6296 1.5 41 28 25 31 94% 303803 28622 69%
c w 61.53  0 30 35 125  1 379290 6281 1.5 41 28 25 31 94% 303803 28622 69%
c - 64.46  0 30 36 126  1 402116 4517 1.5 41 28 24 31 94% 303803 28622 69%
c p 64.47  0 30 36 126  1 402116 6353 1.5 41 28 24 31 94% 303803 28622 69%
c v 64.79  0 30 36 126  1 402116 6328 1.5 41 28 24 31 94% 303803 28622 69%
c
c  seconds  reductions  conflicts        size    tier2         variables
c         MB     restarts     redundant     glue     trail          remaining
c          level      rate         size/glue  tier1    irredundant
c
c w 64.80  0 30 36 126  1 402116 6324 1.5 41 28 24 31 94% 303803 28622 69%
c F 65.32  0 29 36 126  1 406049 8374 1.5 40 28 24 31 94% 303803 28622 69%
c - 68.15  0 30 37 126  1 425622 4987 1.4 41 28 24 31 94% 303803 28622 69%
c p 68.16  0 30 37 126  1 425622 6869 1.4 41 28 24 31 94% 303803 28622 69%
c u 68.22  0 30 37 126  1 425622 6849 1.4 41 28 24 31 94% 303803 28622 69%
c v 68.23  0 30 37 126  1 425622 6840 1.4 41 28 24 31 94% 303803 28622 69%
c w 68.24  0 30 37 126  1 425622 6832 1.4 41 28 24 31 94% 303803 28622 69%
c B 69.57  0 30 37 126  1 435050 12583 1.5 42 29 24 31 95% 303803 28622 69%
c s 71.74  0 31 37 126  1 449700 20838 1.5 42 29 24 31 95% 303793 28622 69%
c e 71.78  0 31 37 126  1 449700 20801 1.5 42 29 24 31 95% 303788 28620 69%
c s 71.80  0 31 37 126  1 449700 20783 1.5 42 29 24 31 95% 303782 28620 69%
c e 71.81  0 31 37 126  1 449700 20781 1.5 42 29 24 31 95% 303775 28617 69%
c - 71.85  0 31 38 126  1 449801 5600 1.5 42 29 24 31 95% 303775 28617 69%
c p 71.86  0 31 38 126  1 449801 7328 1.5 42 29 24 31 95% 303775 28617 69%
c u 71.95  0 31 38 126  1 449801 7290 1.5 42 29 24 31 95% 303775 28617 69%
c v 71.96  0 31 38 126  1 449801 7279 1.5 42 29 24 31 95% 303775 28617 69%
c w 71.97  0 31 38 126  1 449801 7270 1.5 42 29 24 31 95% 303775 28617 69%
c W 74.86  0 31 38 127  1 465051 16559 1.5 43 29 24 31 95% 303775 28617 69%
c - 76.12  0 31 39 133  1 474658 5902 1.5 42 29 24 31 95% 303775 28617 69%
c p 76.13  0 31 39 133  1 474658 7864 1.5 42 29 24 31 95% 303775 28617 69%
c
c  seconds  reductions  conflicts        size    tier2         variables
c         MB     restarts     redundant     glue     trail          remaining
c          level      rate         size/glue  tier1    irredundant
c
c u 76.18  0 31 39 133  1 474658 7828 1.5 42 29 24 31 95% 303775 28617 69%
c v 76.20  0 31 39 133  1 474658 7792 1.5 42 29 24 31 95% 303775 28617 69%
c w 76.21  0 31 39 133  1 474658 7781 1.5 42 29 24 31 95% 303775 28617 69%
c # 79.18  0 30 39 141  1 496055 19540 1.5 42 29 24 31 95% 303775 28617 69%
c - 79.75  0 31 40 143  1 500194 6027 1.5 43 29 24 31 95% 303775 28617 69%
c p 79.77  0 31 40 143  1 500194 7920 1.5 43 29 24 31 95% 303775 28617 69%
c u 79.83  0 31 40 143  1 500194 7886 1.5 43 29 24 31 95% 303775 28617 69%
c v 79.84  0 31 40 143  1 500194 7848 1.5 43 29 24 31 95% 303775 28617 69%
c w 79.85  0 31 40 143  1 500194 7844 1.5 43 29 24 31 95% 303775 28617 69%
c - 83.18  0 31 41 156  1 526407 6047 1.5 43 29 24 31 95% 303775 28617 69%
c p 83.19  0 31 41 156  1 526407 7618 1.5 43 29 24 31 95% 303775 28617 69%
c u 83.24  0 31 41 156  1 526407 7599 1.5 43 29 24 31 95% 303775 28617 69%
c v 83.26  0 31 41 156  1 526407 7566 1.5 43 29 24 31 95% 303775 28617 69%
c w 83.27  0 31 41 156  1 526407 7557 1.5 43 29 24 31 95% 303775 28617 69%
c B 83.46  0 31 41 156  1 528057 8504 1.5 43 29 24 31 95% 303775 28617 69%
c s 83.92  0 31 41 157  1 531497 10335 1.5 43 29 24 31 95% 303770 28617 69%
c s 83.96  0 31 41 157  1 531497 10307 1.5 43 29 24 31 95% 303769 28617 69%
c e 83.98  0 31 41 157  1 531497 10307 1.5 43 29 24 31 95% 303767 28616 69%
c - 86.84  0 32 42 162  1 553299 5883 1.5 43 30 24 31 95% 303767 28616 69%
c p 86.86  0 32 42 162  1 553299 7595 1.5 43 30 24 31 95% 303767 28616 69%
c
c  seconds  reductions  conflicts        size    tier2         variables
c         MB     restarts     redundant     glue     trail          remaining
c          level      rate         size/glue  tier1    irredundant
c
c u 86.98  0 32 42 162  1 553299 7539 1.5 43 30 24 31 95% 303767 28616 69%
c v 87.00  0 32 42 162  1 553299 7507 1.5 43 30 24 31 95% 303767 28616 69%
c w 87.01  0 32 42 162  1 553299 7502 1.5 43 30 24 31 95% 303767 28616 69%
c W 88.78  0 32 42 165  1 561058 11727 1.5 43 30 24 31 95% 303767 28616 69%
c - 91.41  0 32 43 172  1 580868 5899 1.4 43 30 24 31 95% 303767 28616 69%
c 2 91.41  0 32 43 172  1 580868 5899 1.4 43 30 24 31 95% 303767 28614 69%
c p 91.43  0 32 43 172  1 580868 7683 1.4 43 30 24 31 95% 303767 28614 69%
c u 91.48  0 32 43 172  1 580868 7641 1.4 43 30 24 31 95% 303767 28614 69%
c v 91.50  0 32 43 172  1 580868 7626 1.4 43 30 24 31 95% 303767 28614 69%
c w 91.51  0 32 43 172  1 580868 7618 1.4 43 30 24 31 95% 303767 28614 69%
c O 93.37  0 32 43 181  1 595059 15169 1.4 44 30 24 31 95% 303767 28614 69%
c - 95.47  0 31 44 187  1 609117 6143 1.4 43 30 24 31 95% 303747 28614 69%
c p 95.48  0 31 44 187  1 609117 8186 1.4 43 30 24 31 95% 303747 28614 69%
c u 95.93  0 31 44 187  1 609117 8146 1.4 43 30 24 31 95% 303747 28614 69%
c v 95.95  0 31 44 187  1 609117 8119 1.4 43 30 24 31 95% 303747 28614 69%
c w 95.96  0 31 44 187  1 609117 8107 1.4 43 30 24 31 95% 303747 28614 69%
c s 97.71  0 31 44 188  1 620107 14695 1.4 43 30 24 31 95% 303743 28614 69%
c e 97.74  0 31 44 188  1 620107 14695 1.4 43 30 24 31 95% 303741 28613 69%
c s 97.76  0 31 44 188  1 620107 14672 1.4 43 30 24 31 95% 303739 28613 69%
c B 99.41  0 31 44 188  1 630061 19866 1.4 43 29 24 31 95% 303739 28613 69%
c
c  seconds   reductions  conflicts        size    tier2         variables
c          MB     restarts     redundant     glue     trail          remaining
c           level      rate         size/glue  tier1    irredundant
c
c - 100.62  0 31 45 189  1 638042 6403 1.4 42 29 24 31 95% 303739 28613 69%
c p 100.64  0 31 45 189  1 638042 8713 1.4 42 29 24 31 95% 303739 28613 69%
c u 100.70  0 31 45 189  1 638042 8683 1.4 42 29 24 31 95% 303739 28613 69%
c v 100.71  0 31 45 189  1 638042 8670 1.4 42 29 24 31 95% 303739 28613 69%
c w 100.72  0 31 45 189  1 638042 8658 1.4 42 29 24 31 95% 303739 28613 69%
c x 100.74  0 31 45 189  1 638042 8658 1.4 42 29 24 31 95% 303738 28613 69%
c W 106.07  0 31 45 191  1 666062 24349 1.5 42 29 24 31 95% 303738 28613 69%
c - 106.28  0 31 46 192  1 667646 6599 1.5 42 29 24 31 95% 303738 28613 69%
c p 106.30  0 31 46 192  1 667646 9123 1.5 42 29 24 31 95% 303738 28613 69%
c u 106.38  0 31 46 192  1 667646 9083 1.5 42 29 24 31 95% 303738 28613 69%
c v 106.41  0 31 46 192  1 667646 9054 1.5 42 29 24 31 95% 303738 28613 69%
c w 106.42  0 31 46 192  1 667646 9045 1.5 42 29 24 31 95% 303738 28613 69%
c - 110.93  0 30 47 205  1 697930 6447 1.4 41 29 24 31 95% 303738 28613 69%
c p 110.95  0 30 47 205  1 697930 8820 1.4 41 29 24 31 95% 303738 28613 69%
c u 111.07  0 30 47 205  1 697930 8796 1.4 41 29 24 31 95% 303738 28613 69%
c v 111.09  0 30 47 205  1 697930 8770 1.4 41 29 24 31 95% 303738 28613 69%
c w 111.11  0 30 47 205  1 697930 8753 1.4 41 29 24 31 95% 303738 28613 69%
c I 111.91  0 30 47 209  1 703063 11820 1.4 41 29 24 31 95% 303738 28613 69%
c s 113.73  0 30 47 216  1 715534 18570 1.4 41 28 24 31 95% 303737 28613 69%
c e 113.77  0 30 47 216  1 715534 18548 1.4 41 28 24 31 95% 303735 28612 69%
c
c  seconds   reductions  conflicts         size    tier2         variables
c          MB     restarts      redundant     glue     trail          remaining
c           level      rate          size/glue  tier1    irredundant
c
c s 113.79  0 30 47 216  1 715534 18521 1.4 41 28 24 31 95% 303733 28612 69%
c - 115.89  0 30 48 219  1 728892 6767 1.4 40 28 23 31 95% 303733 28612 69%
c p 115.91  0 30 48 219  1 728892 9076 1.4 40 28 23 31 95% 303733 28612 69%
c u 115.99  0 30 48 219  1 728892 9051 1.4 40 28 23 31 95% 303733 28612 69%
c v 116.01  0 30 48 219  1 728892 9036 1.4 40 28 23 31 95% 303733 28612 69%
c w 116.02  0 30 48 219  1 728892 9015 1.4 40 28 23 31 95% 303733 28612 69%
c B 117.86  0 30 48 220  1 741065 15438 1.4 40 28 23 31 95% 303733 28612 69%
c - 120.71  0 29 49 228  1 760533 6674 1.4 40 28 23 31 95% 303733 28612 69%
c 2 120.71  0 29 49 228  1 760533 6674 1.4 40 28 23 31 95% 303733 28611 69%
c p 120.73  0 29 49 228  1 760533 8797 1.4 40 28 23 31 95% 303733 28611 69%
c u 120.80  0 29 49 228  1 760533 8737 1.4 40 28 23 31 95% 303733 28611 69%
c v 120.82  0 29 49 228  1 760533 8668 1.4 40 28 23 31 95% 303733 28611 69%
c w 120.84  0 29 49 228  1 760533 8648 1.4 40 28 23 31 95% 303733 28611 69%
c W 124.81  0 29 49 235  1 780067 18550 1.4 39 27 23 31 95% 303723 28611 69%
c - 126.79  0 29 50 243  1 792855 6687 1.4 39 27 23 31 95% 303723 28611 69%
c p 126.81  0 29 50 243  1 792855 9147 1.4 39 27 23 31 95% 303723 28611 69%
c u 126.89  0 29 50 243  1 792855 9088 1.4 39 27 23 31 95% 303723 28611 69%
c v 126.91  0 29 50 243  1 792855 9049 1.4 39 27 23 31 95% 303723 28611 69%
c w 126.92  0 29 50 243  1 792855 9031 1.4 39 27 23 31 95% 303723 28611 69%
c s 130.63  0 29 50 251  1 817779 22982 1.5 41 28 23 31 95% 303723 28611 69%
c
c  seconds   reductions  conflicts         size    tier2         variables
c          MB     restarts      redundant     glue     trail          remaining
c           level      rate          size/glue  tier1    irredundant
c
c e 130.67  0 29 50 251  1 817779 22981 1.5 41 28 23 31 95% 303721 28610 69%
c s 130.69  0 29 50 251  1 817779 22962 1.5 41 28 23 31 95% 303720 28610 69%
c F 131.07  0 30 50 251  1 820071 24109 1.5 41 28 23 31 95% 303720 28610 69%
c - 131.93  0 30 51 251  1 825856 7481 1.5 41 28 23 31 95% 303720 28610 69%
c p 131.95  0 30 51 251  1 825856 9900 1.5 41 28 23 31 95% 303720 28610 69%
c u 132.03  0 30 51 251  1 825856 9849 1.5 41 28 23 31 95% 303720 28610 69%
c v 132.05  0 30 51 251  1 825856 9820 1.5 41 28 23 31 95% 303720 28610 69%
c w 132.07  0 30 51 251  1 825856 9805 1.5 41 28 23 31 95% 303720 28610 69%
c - 136.95  0 30 52 252  1 859538 7879 1.5 42 28 23 31 95% 303720 28610 69%
c p 136.97  0 30 52 252  1 859538 10476 1.5 42 28 23 31 95% 303720 28610 69%
c u 137.05  0 30 52 252  1 859538 10445 1.5 42 28 23 31 95% 303720 28610 69%
c v 137.08  0 30 52 252  1 859538 10409 1.5 42 28 23 31 95% 303720 28610 69%
c w 137.09  0 30 52 252  1 859538 10395 1.5 42 28 23 31 95% 303720 28610 69%
c B 137.35  0 30 52 252  1 861072 11194 1.5 42 28 23 31 95% 303720 28610 69%
c - 142.26  0 30 53 253  1 893898 7727 1.5 42 29 23 31 95% 303720 28610 69%
c p 142.28  0 30 53 253  1 893898 10384 1.5 42 29 23 31 95% 303720 28610 69%
c u 142.46  0 30 53 253  1 893898 10325 1.5 42 29 23 31 95% 303720 28610 69%
c v 142.48  0 30 53 253  1 893898 10307 1.5 42 29 23 31 95% 303720 28610 69%
c w 142.49  0 30 53 253  1 893898 10295 1.5 42 29 23 31 95% 303720 28610 69%
c W 145.09  0 30 53 253  1 903078 14880 1.5 42 29 23 31 95% 303720 28610 69%
c
c  seconds   reductions  conflicts         size    tier2         variables
c          MB     restarts      redundant     glue     trail          remaining
c           level      rate          size/glue  tier1    irredundant
c
c s 148.65  0 30 53 253  1 926841 27157 1.5 41 28 23 31 95% 303720 28610 69%
c e 148.69  0 30 53 253  1 926841 27157 1.5 41 28 23 31 95% 303717 28609 69%
c s 148.72  0 30 53 253  1 926841 27132 1.5 41 28 23 31 95% 303716 28609 69%
c e 148.73  0 30 53 253  1 926841 27132 1.5 41 28 23 31 95% 303712 28607 69%
c - 149.05  0 30 54 253  1 928937 7745 1.5 41 28 23 31 95% 303712 28607 69%
c p 149.07  0 30 54 253  1 928937 10261 1.5 41 28 23 31 95% 303712 28607 69%
c u 149.15  0 30 54 253  1 928937 10232 1.5 41 28 23 31 95% 303712 28607 69%
c v 149.18  0 30 54 253  1 928937 10206 1.5 41 28 23 31 95% 303712 28607 69%
c w 149.20  0 30 54 253  1 928937 10184 1.5 41 28 23 31 95% 303712 28607 69%
c # 151.55  0 30 54 254  1 946080 19332 1.5 42 28 23 31 95% 303712 28607 69%
c - 154.18  0 30 55 254  1 964657 8032 1.4 42 29 23 31 95% 303712 28607 69%
c p 154.20  0 30 55 254  1 964657 10516 1.4 42 29 23 31 95% 303712 28607 69%
c u 154.28  0 30 55 254  1 964657 10455 1.4 42 29 23 31 95% 303712 28607 69%
c v 154.31  0 30 55 254  1 964657 10424 1.4 42 29 23 31 95% 303712 28607 69%
c w 154.32  0 30 55 254  1 964657 10422 1.4 42 29 23 31 95% 303712 28607 69%
c B 158.04  0 31 55 254  1 990081 24607 1.5 43 29 23 31 95% 303712 28607 69%
c - 159.68  0 31 56 254  1 1001057 8559 1.5 43 30 23 31 95% 303712 28607 69%
c p 159.70  0 31 56 254  1 1001057 11093 1.5 43 30 23 31 95% 303712 28607 69%
c u 159.78  0 31 56 254  1 1001057 11076 1.5 43 30 23 31 95% 303712 28607 69%
c v 159.81  0 31 56 254  1 1001057 11058 1.5 43 30 23 31 95% 303712 28607 69%
c
c  seconds   reductions   conflicts         size    tier2         variables
c          MB     restarts       redundant     glue     trail          remaining
c           level      rate           size/glue  tier1    irredundant
c
c w 159.82  0 31 56 254  1 1001057 11050 1.5 43 30 23 31 95% 303712 28607 69%
c W 165.81  0 31 56 254  1 1035083 29010 1.5 43 30 23 31 95% 303712 28607 69%
c - 166.33  0 31 57 254  1 1038138 8433 1.5 43 30 23 31 95% 303712 28607 69%
c p 166.35  0 31 57 254  1 1038138 11109 1.5 43 30 23 31 95% 303712 28607 69%
c u 166.44  0 31 57 254  1 1038138 11016 1.5 43 30 23 31 95% 303712 28607 69%
c v 166.47  0 31 57 254  1 1038138 10985 1.5 43 30 23 31 95% 303712 28607 69%
c w 166.49  0 31 57 254  1 1038138 10966 1.5 43 30 23 31 95% 303712 28607 69%
c s 167.25  0 31 57 254  1 1042722 13503 1.5 43 30 23 31 95% 303709 28607 69%
c e 167.28  0 31 57 254  1 1042722 13503 1.5 43 30 23 31 95% 303705 28605 69%
c s 167.30  0 31 57 254  1 1042722 13485 1.5 43 30 23 31 95% 303702 28605 69%
c e 167.31  0 31 57 254  1 1042722 13485 1.5 43 30 23 31 95% 303699 28604 69%
c - 172.39  0 31 58 262  1 1075900 8445 1.4 42 29 23 31 95% 303699 28604 69%
c p 172.41  0 31 58 262  1 1075900 11388 1.4 42 29 23 31 95% 303699 28604 69%
c u 172.51  0 31 58 262  1 1075900 11352 1.4 42 29 23 31 95% 303699 28604 69%
c v 172.54  0 31 58 262  1 1075900 11342 1.4 42 29 23 31 95% 303699 28604 69%
c w 172.56  0 31 58 262  1 1075900 11318 1.4 42 29 23 31 95% 303699 28604 69%
c O 173.38  0 31 58 266  1 1081084 14122 1.4 42 29 23 31 95% 303699 28604 69%
c - 178.53  0 30 59 281  1 1114343 8588 1.4 41 29 23 31 95% 303699 28604 69%
c p 178.55  0 30 59 281  1 1114343 11772 1.4 41 29 23 31 95% 303699 28604 69%
c u 178.65  0 30 59 281  1 1114343 11705 1.4 41 29 23 31 95% 303699 28604 69%
c
c  seconds   reductions   conflicts         size    tier2         variables
c          MB     restarts       redundant     glue     trail          remaining
c           level      rate           size/glue  tier1    irredundant
c
c v 178.69  0 30 59 281  1 1114343 11681 1.4 41 29 23 31 95% 303699 28604 69%
c w 178.71  0 30 59 281  1 1114343 11657 1.4 41 29 23 31 95% 303699 28604 69%
c B 180.93  0 30 59 284  1 1128086 18160 1.4 40 28 23 30 95% 303699 28604 69%
c - 184.70  0 30 60 291  1 1153465 9051 1.4 41 29 23 30 95% 303699 28604 69%
c p 184.72  0 30 60 291  1 1153465 12250 1.4 41 29 23 30 95% 303699 28604 69%
c c 184.78  0 30 60 291  1 1153465 12250 1.4 41 29 23 30 95% 303700 28604 69%
c d 184.79  0 30 60 291  1 1153465 12250 1.4 41 29 23 30 95% 303698 28603 69%
c 2 184.82  0 30 60 291  1 1153465 12250 1.4 41 29 23 30 95% 303690 28603 69%
c u 184.89  0 30 60 291  1 1153465 12185 1.4 41 29 23 30 95% 303690 28603 69%
c v 184.92  0 30 60 291  1 1153465 12090 1.4 41 29 23 30 95% 303690 28603 69%
c w 184.94  0 30 60 291  1 1153465 12070 1.4 41 29 23 30 95% 303690 28603 69%
c s 186.67  0 30 60 298  1 1165425 18705 1.4 41 29 23 30 95% 303684 28603 69%
c s 186.72  0 30 60 298  1 1165425 18678 1.4 41 29 23 30 95% 303682 28603 69%
c i 187.66  0 30 60 300  1 1171626 21835 1.4 41 29 23 30 95% 303682 28602 69%
c W 189.72  0 30 60 300  1 1176087 24107 1.4 41 28 23 30 95% 303673 28602 69%
c - 192.35  0 30 61 309  1 1193268 9219 1.4 41 28 23 30 95% 303673 28602 69%
c 2 192.35  0 30 61 309  1 1193268 9218 1.4 41 28 23 30 95% 303673 28601 69%
c p 192.37  0 30 61 309  1 1193268 12231 1.4 41 28 23 30 95% 303673 28601 69%
c u 192.47  0 30 61 309  1 1193268 12121 1.4 41 28 23 30 95% 303673 28601 69%
c v 192.50  0 30 61 309  1 1193268 12064 1.4 41 28 23 30 95% 303673 28601 69%
c
c  seconds   reductions   conflicts         size    tier2         variables
c          MB     restarts       redundant     glue     trail          remaining
c           level      rate           size/glue  tier1    irredundant
c
c w 192.51  0 30 61 309  1 1193268 12039 1.4 41 28 23 30 95% 303673 28601 69%
c I 197.09  0 30 61 316  1 1225090 30528 1.5 42 28 23 30 95% 303673 28601 69%
c - 198.43  0 29 62 317  1 1233756 9797 1.5 41 28 23 30 95% 303664 28601 69%
c p 198.45  0 29 62 317  1 1233756 12820 1.5 41 28 23 30 95% 303664 28601 69%
c u 198.51  0 29 62 317  1 1233756 12796 1.5 41 28 23 30 95% 303664 28601 69%
c v 198.53  0 29 62 317  1 1233756 12758 1.5 41 28 23 30 95% 303664 28601 69%
c w 198.54  0 29 62 317  1 1233756 12743 1.5 41 28 23 30 95% 303664 28601 69%
c - 204.52  0 29 63 325  1 1274919 9805 1.5 41 27 23 30 95% 303664 28601 69%
c p 204.54  0 29 63 325  1 1274919 12726 1.5 41 27 23 30 95% 303664 28601 69%
c = 205.09  0 29 63 325  1 1274919 12726 1.5 41 27 23 30 95% 303646 28599 69%
c u 205.15  0 29 63 325  1 1274919 12704 1.5 41 27 23 30 95% 303646 28599 69%
c v 205.19  0 29 63 325  1 1274919 12668 1.5 41 27 23 30 95% 303646 28599 69%
c w 205.20  0 29 63 325  1 1274919 12645 1.5 41 27 23 30 95% 303646 28599 69%
c B 205.27  0 29 63 325  1 1275092 12746 1.5 41 27 23 30 95% 303646 28599 69%
c s 207.99  0 30 63 332  1 1294942 23920 1.5 42 28 23 30 95% 303642 28599 69%
c s 208.05  0 30 63 332  1 1294942 23883 1.5 42 28 23 30 95% 303642 28599 69%
c - 211.74  0 30 64 346  1 1316764 9864 1.5 43 29 23 30 95% 303642 28599 69%
c 2 211.74  0 30 64 346  1 1316764 9863 1.5 43 29 23 30 95% 303642 28599 69%
c p 211.76  0 30 64 346  1 1316764 12876 1.5 43 29 23 30 95% 303642 28599 69%
c u 211.93  0 30 64 346  1 1316764 12770 1.5 43 29 23 30 95% 303642 28599 69%
c
c  seconds   reductions   conflicts         size    tier2         variables
c          MB     restarts       redundant     glue     trail          remaining
c           level      rate           size/glue  tier1    irredundant
c
c v 211.96  0 30 64 346  1 1316764 12712 1.5 43 29 23 30 95% 303642 28599 69%
c w 211.98  0 30 64 346  1 1316764 12675 1.5 43 29 23 30 95% 303642 28599 69%
c W 214.88  0 31 64 347  1 1326093 18071 1.5 43 29 23 30 95% 303642 28599 69%
c - 220.32  0 31 65 357  1 1359288 10439 1.5 44 29 23 30 95% 303642 28599 69%
c p 220.34  0 31 65 357  1 1359288 13892 1.5 44 29 23 30 95% 303642 28599 69%
c u 220.45  0 31 65 357  1 1359288 13872 1.5 44 29 23 30 95% 303642 28599 69%
c v 220.48  0 31 65 357  1 1359288 13841 1.5 44 29 23 30 95% 303642 28599 69%
c w 220.50  0 31 65 357  1 1359288 13822 1.5 44 29 23 30 95% 303642 28599 69%
c F 222.93  0 31 65 363  1 1378094 26046 1.5 46 29 23 30 95% 303642 28599 69%
c - 226.01  0 32 66 377  1 1402494 10679 1.5 45 30 23 30 95% 303642 28599 69%
c p 226.03  0 32 66 377  1 1402494 13699 1.5 45 30 23 30 95% 303642 28599 69%
c u 226.12  0 32 66 377  1 1402494 13641 1.5 45 30 23 30 95% 303642 28599 69%
c v 226.15  0 32 66 377  1 1402494 13614 1.5 45 30 23 30 95% 303642 28599 69%
c w 226.17  0 32 66 377  1 1402494 13599 1.5 45 30 23 30 95% 303642 28599 69%
c B 230.34  0 32 66 380  1 1431096 29547 1.5 45 30 23 30 95% 303642 28599 69%
c s 230.40  0 32 66 380  1 1431276 29683 1.5 45 30 23 30 95% 303642 28599 69%
c s 230.46  0 32 66 380  1 1431276 29651 1.5 45 30 23 30 95% 303642 28599 69%
c ^ 230.47  0 32 66 380  1 1431276 29651 1.5 45 30 23 30 95% 303642 28599 69%
c - 232.64  0 32 67 380  1 1446382 10869 1.5 45 30 23 30 95% 303642 28599 69%
c p 232.67  0 32 67 380  1 1446382 13859 1.5 45 30 23 30 95% 303642 28599 69%
c
c  seconds   reductions   conflicts         size    tier2         variables
c          MB     restarts       redundant     glue     trail          remaining
c           level      rate           size/glue  tier1    irredundant
c
c u 232.77  0 32 67 380  1 1446382 13830 1.5 45 30 23 30 95% 303642 28599 69%
c v 232.80  0 32 67 380  1 1446382 13787 1.5 45 30 23 30 95% 303642 28599 69%
c w 232.81  0 32 67 380  1 1446382 13762 1.5 45 30 23 30 95% 303642 28599 69%
c W 239.63  0 32 67 381  1 1485099 34857 1.5 45 31 23 30 95% 303642 28599 69%
c - 240.58  0 32 68 381  1 1490952 10726 1.5 44 31 23 30 95% 303642 28599 69%
c p 240.60  0 32 68 381  1 1490952 13876 1.5 44 31 23 30 95% 303642 28599 69%
c u 240.70  0 32 68 381  1 1490952 13760 1.5 44 31 23 30 95% 303642 28599 69%
c v 240.73  0 32 68 381  1 1490952 13726 1.5 44 31 23 30 95% 303642 28599 69%
c w 240.75  0 32 68 381  1 1490952 13695 1.5 44 31 23 30 95% 303642 28599 69%
c - 247.21  0 32 69 388  1 1536205 10603 1.5 45 31 23 31 95% 303642 28599 69%
c p 247.24  0 32 69 388  1 1536205 13910 1.5 45 31 23 31 95% 303642 28599 69%
c u 247.40  0 32 69 388  1 1536205 13892 1.5 45 31 23 31 95% 303642 28599 69%
c v 247.44  0 32 69 388  1 1536205 13831 1.5 45 31 23 31 95% 303642 28599 69%
c w 247.46  0 32 69 388  1 1536205 13803 1.5 45 31 23 31 95% 303642 28599 69%
c # 247.93  0 32 69 389  1 1540101 16001 1.5 45 31 23 31 95% 303642 28599 69%
c s 252.88  0 32 69 405  1 1574427 35496 1.5 46 31 23 31 94% 303642 28599 69%
c e 252.98  0 32 69 405  1 1574427 35426 1.5 46 31 23 31 94% 303649 28584 69%
c s 253.00  0 32 69 405  1 1574427 35400 1.5 46 31 23 31 94% 303646 28584 69%
c - 254.28  0 32 70 410  1 1582135 11062 1.5 46 31 23 31 94% 303646 28584 69%
c p 254.30  0 32 70 410  1 1582135 14303 1.5 46 31 23 31 94% 303646 28584 69%
c
c  seconds   reductions   conflicts         size    tier2         variables
c          MB     restarts       redundant     glue     trail          remaining
c           level      rate           size/glue  tier1    irredundant
c
c u 254.41  0 32 70 410  1 1582135 14184 1.5 46 31 23 31 94% 303646 28584 69%
c v 254.44  0 32 70 410  1 1582135 14156 1.5 46 31 23 31 94% 303646 28584 69%
c w 254.46  0 32 70 410  1 1582135 14131 1.5 46 31 23 31 94% 303646 28584 69%
c B 256.41  0 32 70 412  1 1596102 21931 1.5 46 31 23 31 94% 303646 28584 69%
c - 261.16  0 32 71 424  1 1628748 10987 1.5 46 31 23 31 95% 303646 28584 69%
c p 261.18  0 32 71 424  1 1628748 14156 1.5 46 31 23 31 95% 303646 28584 69%
c u 261.27  0 32 71 424  1 1628748 14134 1.5 46 31 23 31 95% 303646 28584 69%
c v 261.30  0 32 71 424  1 1628748 14118 1.5 46 31 23 31 95% 303646 28584 69%
c w 261.31  0 32 71 424  1 1628748 14087 1.5 46 31 23 31 95% 303646 28584 69%
c W 266.19  0 32 71 434  1 1653103 28349 1.5 46 31 24 31 95% 303646 28584 69%
c - 269.58  0 33 72 442  1 1676042 11365 1.5 46 31 24 31 95% 303646 28584 69%
c p 269.60  0 33 72 442  1 1676042 14600 1.5 46 31 24 31 95% 303646 28584 69%
c u 269.69  0 33 72 442  1 1676042 14477 1.5 46 31 24 31 95% 303646 28584 69%
c v 269.71  0 33 72 442  1 1676042 14463 1.5 46 31 24 31 95% 303646 28584 69%
c w 269.73  0 33 72 442  1 1676042 14440 1.5 46 31 24 31 95% 303646 28584 69%
c O 274.79  0 33 72 444  1 1711105 32772 1.5 45 31 24 31 95% 303646 28584 69%
c - 276.66  0 32 73 444  1 1724018 11162 1.5 44 30 24 31 94% 303646 28584 69%
c 2 276.66  0 32 73 444  1 1724018 11162 1.5 44 30 24 31 94% 303646 28583 69%
c p 276.68  0 32 73 444  1 1724018 14403 1.5 44 30 24 31 94% 303646 28583 69%
c u 276.79  0 32 73 444  1 1724018 14378 1.5 44 30 24 31 94% 303646 28583 69%
c
c  seconds   reductions   conflicts         size    tier2         variables
c          MB     restarts       redundant     glue     trail          remaining
c           level      rate           size/glue  tier1    irredundant
c
c v 276.83  0 32 73 444  1 1724018 14286 1.5 44 30 24 31 94% 303646 28583 69%
c w 276.85  0 32 73 444  1 1724018 14258 1.5 44 30 24 31 94% 303646 28583 69%
c s 276.97  0 32 73 444  1 1724429 14481 1.5 44 30 24 31 94% 303644 28583 69%
c s 277.01  0 32 73 444  1 1724429 14447 1.5 44 30 24 31 94% 303636 28583 69%
c B 283.76  0 30 73 466  1 1770109 37152 1.4 41 29 24 31 94% 303636 28583 69%
c - 284.21  0 30 74 467  1 1772677 10947 1.4 40 29 24 31 94% 303636 28583 69%
c p 284.23  0 30 74 467  1 1772677 14808 1.4 40 29 24 31 94% 303636 28583 69%
c u 285.01  0 30 74 467  1 1772677 14694 1.4 40 29 24 31 94% 303636 28583 69%
c v 285.05  0 30 74 467  1 1772677 14616 1.4 40 29 24 31 94% 303636 28583 69%
c w 285.08  0 30 74 467  1 1772677 14587 1.4 40 29 24 31 94% 303636 28583 69%
c - 292.84  0 30 75 482  1 1822019 10588 1.4 39 28 24 31 94% 303636 28583 69%
c p 292.86  0 30 75 482  1 1822019 14753 1.4 39 28 24 31 94% 303636 28583 69%
c c 292.92  0 30 75 482  1 1822019 14753 1.4 39 28 24 31 94% 303637 28583 69%
c d 292.93  0 30 75 482  1 1822019 14753 1.4 39 28 24 31 94% 303635 28582 69%
c 2 292.97  0 30 75 482  1 1822019 14753 1.4 39 28 24 31 94% 303627 28582 69%
c u 293.06  0 30 75 482  1 1822019 14705 1.4 39 28 24 31 94% 303627 28582 69%
c v 293.09  0 30 75 482  1 1822019 14608 1.4 39 28 24 31 94% 303627 28582 69%
c w 293.11  0 30 75 482  1 1822019 14578 1.4 39 28 24 31 94% 303627 28582 69%
c W 296.17  0 30 75 488  1 1830110 18896 1.4 39 28 24 31 94% 303627 28582 69%
c ] 299.64  0 30 75 497  1 1852017 29954 1.4 39 28 23 31 94% 303627 28582 69%
c
c  seconds   reductions   conflicts         size    tier2         variables
c          MB     restarts       redundant     glue     trail          remaining
c           level      rate           size/glue  tier1    irredundant
c
c ? 299.64  0 30 75 497  1 1852017 29954 1.4 39 28 23 31 94% 303627 28582 69%
c
c --- [ result ] -------------------------------------------------------------
c
c writing result to 'search-results/cadical-support70-cover-20260902/anchor-016-p1-s1.result'
c
c --- [ run-time profiling ] -------------------------------------------------
c
c process time taken by individual solving procedures
c (percentage relative to process time for solving)
c
c       285.35   95.25% search
c       267.71   89.36% stable
c        17.62    5.88% walk
c        14.24    4.75% simplify
c         4.71    1.57% vivify
c         2.78    0.93% sweep
c         1.36    0.45% backbone
c         1.19    0.40% congruence
c         0.94    0.32% subsume
c         0.87    0.29% elim
c         0.50    0.17% probe
c         0.31    0.10% ternary
c         0.05    0.02% parse
c         0.02    0.01% lucky
c   =================================
c       299.59   99.98% solve
c
c last line shows process time for solving
c (percentage relative to total process time)
c
c --- [ statistics ] ---------------------------------------------------------
c
c chronological:            174795         9.44 %  of conflicts
c conflicts:               1852017      6181.78    per second
c backbone:              124740809    301619.58 %  of vars
c decisions:               1957986      6535.49    per second
c eliminated:                 2824         6.83 %  of all variables
c fixed:                      9191        22.22 %  of all variables
c learned:                 1827973        98.70 %  per conflict
c learned_lits:          919999459       100.00 %  learned literals
c minimized:                     0         0.00 %  learned literals
c shrunken:              836138655        90.88 %  learned literals
c minishrunken:            6292194         0.68 %  learned literals
c otfs:                        838         0.05 %  of conflict
c propagations:         1660721470         5.54 M  per second
c reduced:                  964346        52.07 %  per conflict
c rephased:                     60     30866.95    interval
c restarts:                    497      3726.39    interval
c substituted:                 760         1.84 %  of all variables
c subsumed:                 835694        36.23 %  of all clauses
c strengthened:              49685         2.15 %  of all clauses
c ticks:               19118008087        15.06    propagation
c vivified:                   1996         0.09 %  of all clauses
c walked:                       20     92600.85    interval
c weakened:                  13696         3.05    average size
c congruence:                   21     88191.29    interval
c
c seconds are measured in process time for solving
c
c --- [ glue usage ] ---------------------------------------------------------
c
c focused glue 2 used 0 clauses 0.000% accumulated 0.000% tier1
c focused glue 3 used 0 clauses 0.000% accumulated 0.000%
c focused glue 4 used 0 clauses 0.000% accumulated 0.000%
c focused glue 5 used 0 clauses 0.000% accumulated 0.000%
c focused glue 6 used 0 clauses 0.000% accumulated 0.000% tier2
c
c stable glue 23 used 311107 clauses 5.048% accumulated 50.45% tier1
c stable glue 24 used 316812 clauses 5.140% accumulated 55.60%
c stable glue 25-28 used 1243141 clauses 20.17% accumulated 75.77%
c stable glue 29 used 289315 clauses 4.694% accumulated 80.46%
c stable glue 30 used 278062 clauses 4.512% accumulated 84.97% tier2
c
c
c --- [ resources ] ----------------------------------------------------------
c
c total process time since initialization:       299.64    seconds
c total real time since initialization:          300.01    seconds
c maximum resident set size of process:          226.86    MB
c
c --- [ shutting down ] ------------------------------------------------------
c
c exit 0
