c --- [ banner ] -------------------------------------------------------------
c
c CaDiCaL SAT Solver
c Copyright (c) 2016-2026
c A. Biere, M. Fleury, N. Froleyks, K. Fazekas, F. Pollitt, T. Faller
c JKU Linz, University of Freiburg, TU Wien
c
c Version 3.0.1 c60730422e758ef1cebe7aeddf2dda31c996bf04
c Apple clang version 21.0.0 (clang-2100.1.1.101) -Wall -Wextra -O3 -DNDEBUG -DNCLOSEFROM
c Tue Sep 1 21:08:57 PDT 2026 Darwin retained-runner 25.6.0 arm64
c
c --- [ limit ] --------------------------------------------------------------
c
c setting time limit to 300 seconds real time (due to '-t 300')
c
c --- [ parsing input ] ------------------------------------------------------
c
c reading DIMACS file from 'search-results/cadical-support70-cover-20260902/cnf/anchor-001-p0-s0.cnf'
c opening file to read 'search-results/cadical-support70-cover-20260902/cnf/anchor-001-p0-s0.cnf'
c found 'p cnf 41357 414868' header
c parsed 414868 clauses in 0.05 seconds process time
c
c --- [ options ] ------------------------------------------------------------
c
c   --elimeffort=10                (different from default '1e3')
c   --stabilizeonly=true           (different from default 'false')
c   --subsumeeffort=60             (different from default '1e3')
c
c --- [ solving ] ------------------------------------------------------------
c
c time measured in process time since initialization
c
c  seconds  reduction conflicts       size tier2        variables
c         MB    restarts   redundant    glue  trail          remaining
c          level     rate       size/glu tier1  irredundant
c
c *  0.05  0  0 0   0  0    0    0 0.0 0 0 2 6  0% 329525 31845 77%
c )  0.06  0  0 0   0  0    0    0 0.0 0 0 2 6  0% 329525 31845 77%
c [  0.06  0  0 0   0  0    0    0 0.0 0 0 2 6  0% 329525 31845 77%
c -  0.10  0 35 1   0  1  300  100 2.7 69 26 2 6 97% 308717 31845 77%
c -  0.21  0 34 2   0  1  944  269 2.7 74 28 2 6 97% 308711 31845 77%
c I  0.22  0 34 2   0  1 1002  324 2.8 77 27 2 6 97% 308710 31845 77%
c -  0.38  0 32 3   1  1 2088  400 2.2 59 27 2 6 93% 308683 31845 77%
c B  0.52  0 30 3   2  1 3003  892 2.1 54 26 2 6 90% 308672 31845 77%
c d  0.54  0 31 3   2  1 3044  928 2.1 54 26 2 6 92% 307267 31143 75%
c -  0.84  0 31 4   2  1 3789  502 2.0 53 27 2 6 92% 307254 31143 75%
c W  1.34  0 31 4   4  1 6004 1916 1.9 52 27 26 31 91% 307227 31143 75%
c -  1.37  0 31 5   4  1 6077  639 1.9 52 27 26 30 91% 307227 31143 75%
c s  1.48  0 31 5   5  1 6743 1001 1.8 51 28 26 30 91% 307162 31143 75%
c e  1.70  0 31 5   5  1 6743  573 1.8 51 28 26 30 91% 301088 28353 69%
c s  1.71  0 31 5   5  1 6743  573 1.8 51 28 26 30 91% 301084 28353 69%
c e  1.75  0 31 5   5  1 6743  571 1.8 51 28 26 30 91% 300953 28331 69%
c c  2.07  0 31 5   5  1 8151 1302 1.7 49 28 27 31 89% 300955 28331 69%
c d  2.08  0 31 5   5  1 8151 1302 1.7 49 28 27 31 89% 300951 28329 68%
c 2  2.09  0 31 5   5  1 8151 1302 1.7 49 28 27 31 89% 300934 28329 68%
c -  2.34  0 31 6   6  1 8977  491 1.7 47 28 27 31 95% 300934 28329 68%
c
c  seconds  reductions conflicts       size    tier2         variables
c         MB    restarts    redundant     glue     trail          remaining
c          level     rate        size/glue  tier1    irredundant
c
c F  2.52  0 31 6   6  1 10006  996 1.6 47 28 27 31 95% 300934 28329 68%
c -  3.11  0 31 7   6  1 12479  685 1.6 45 29 27 31 94% 300934 28329 68%
c B  3.59  0 31 7   9  1 15007 2146 1.6 45 29 27 31 95% 300934 28329 68%
c -  3.93  0 31 8   9  1 16607  868 1.6 46 29 27 31 95% 300934 28329 68%
c u  4.06  0 31 8   9  1 16607  856 1.6 46 29 27 31 95% 300934 28329 68%
c v  4.07  0 31 8   9  1 16607  825 1.6 46 29 27 31 95% 300934 28329 68%
c w  4.09  0 31 8   9  1 16607  821 1.6 46 29 27 31 95% 300934 28329 68%
c x  4.09  0 31 8   9  1 16607  821 1.6 46 29 27 31 95% 300700 28329 68%
c s  4.84  0 32 8  12  1 20382 2881 1.6 46 29 27 31 95% 300700 28329 68%
c e  4.88  0 32 8  12  1 20382 2881 1.6 46 29 27 31 95% 300623 28316 68%
c s  4.91  0 32 8  12  1 20382 2861 1.6 46 29 27 31 95% 300622 28316 68%
c e  4.93  0 32 8  12  1 20382 2859 1.6 46 29 27 31 95% 300602 28311 68%
c W  5.23  0 32 8  13  1 21008 3192 1.6 46 29 27 31 95% 300602 28311 68%
c -  5.32  0 32 9  13  1 21369  909 1.5 46 30 27 31 95% 300602 28311 68%
c -  6.31  0 32 10  14  1 26770 1010 1.5 45 30 27 31 95% 300602 28311 68%
c t  6.33  0 32 10  14  1 26770 1010 1.5 45 30 27 31 95% 300601 28311 68%
c #  6.56  0 32 10  14  1 28009 1579 1.5 44 30 27 31 95% 300601 28311 68%
c -  7.53  0 32 11  14  1 32815 1170 1.5 44 30 27 31 95% 300601 28311 68%
c c  7.62  0 32 11  14  1 32815 1170 1.5 44 30 27 31 95% 300601 28311 68%
c d  7.63  0 32 11  14  1 32815 1170 1.5 44 30 27 31 95% 300589 28305 68%
c
c  seconds  reductions  conflicts       size    tier2         variables
c         MB     restarts    redundant     glue     trail          remaining
c          level      rate        size/glue  tier1    irredundant
c
c 2  7.64  0 32 11  14  1 32815 1170 1.5 44 30 27 31 95% 300535 28305 68%
c u  7.64  0 32 11  14  1 32815 1157 1.5 44 30 27 31 95% 300535 28305 68%
c v  7.67  0 32 11  14  1 32815 1137 1.5 44 30 27 31 95% 300535 28305 68%
c w  7.67  0 32 11  14  1 32815 1134 1.5 44 30 27 31 95% 300535 28305 68%
c x  7.69  0 32 11  14  1 32815 1134 1.5 44 30 27 31 95% 300459 28305 68%
c B  8.39  0 32 11  17  1 36011 2931 1.5 45 30 27 31 95% 300459 28305 68%
c -  9.10  0 32 12  19  1 39507 1412 1.5 45 30 27 32 95% 300459 28305 68%
c s  9.50  0 32 12  20  1 40834 2211 1.5 45 30 27 32 95% 300107 28305 68%
c e  9.54  0 32 12  20  1 40834 2210 1.5 45 30 27 32 95% 300066 28278 68%
c s  9.55  0 32 12  20  1 40834 2210 1.5 45 30 27 32 95% 300050 28278 68%
c e  9.57  0 32 12  20  1 40834 2204 1.5 45 30 27 32 95% 300014 28267 68%
c W 10.73  0 32 12  21  1 45014 4286 1.5 44 30 27 32 95% 300014 28267 68%
c - 11.09  0 32 13  23  1 46850 1454 1.5 44 30 27 32 95% 300014 28267 68%
c p 11.10  0 32 13  23  1 46850 1640 1.5 44 30 27 32 95% 300014 28267 68%
c c 11.17  0 32 13  23  1 46850 1640 1.5 44 30 27 32 95% 300046 28267 68%
c d 11.18  0 32 13  23  1 46850 1640 1.5 44 30 27 32 95% 299976 28232 68%
c 2 11.19  0 32 13  23  1 46850 1640 1.5 44 30 27 32 95% 299662 28232 68%
c u 11.19  0 32 13  23  1 46850 1628 1.5 44 30 27 32 95% 299659 28232 68%
c v 11.22  0 32 13  23  1 46850 1620 1.5 44 30 27 32 95% 299659 28232 68%
c w 11.22  0 32 13  23  1 46850 1619 1.5 44 30 27 32 95% 299659 28232 68%
c
c  seconds  reductions  conflicts       size    tier2         variables
c         MB     restarts    redundant     glue     trail          remaining
c          level      rate        size/glue  tier1    irredundant
c
c x 11.23  0 32 13  23  1 46850 1619 1.5 44 30 27 32 95% 299655 28232 68%
c - 12.76  0 32 14  28  1 54842 1480 1.4 44 30 27 32 95% 299655 28232 68%
c p 12.76  0 32 14  28  1 54842 1618 1.4 44 30 27 32 95% 299655 28232 68%
c O 12.88  0 32 14  28  1 55016 1725 1.4 44 30 27 32 95% 299655 28232 68%
c - 14.52  0 31 15  29  1 63487 1479 1.4 42 30 27 32 95% 299655 28232 68%
c p 14.54  0 31 15  29  1 63487 1736 1.4 42 30 27 32 95% 299655 28232 68%
c u 14.55  0 31 15  29  1 63487 1723 1.4 42 30 27 32 95% 299655 28232 68%
c v 14.58  0 31 15  29  1 63487 1695 1.4 42 30 27 32 95% 299655 28232 68%
c w 14.59  0 31 15  29  1 63487 1688 1.4 42 30 27 32 95% 299655 28232 68%
c B 15.09  0 31 15  29  1 66017 3007 1.4 42 30 27 32 95% 299655 28232 68%
c s 15.46  0 31 15  30  1 68097 4336 1.4 42 30 27 32 95% 299520 28232 68%
c e 15.51  0 31 15  30  1 68097 4336 1.4 42 30 27 32 95% 299485 28210 68%
c s 15.55  0 31 15  30  1 68097 4332 1.4 42 30 27 32 95% 299433 28210 68%
c e 15.57  0 31 15  30  1 68097 4328 1.4 42 30 27 32 95% 299410 28198 68%
c - 16.48  0 32 16  30  1 72788 1772 1.4 42 30 26 31 95% 299410 28198 68%
c p 16.49  0 32 16  30  1 72788 1969 1.4 42 30 26 31 95% 299410 28198 68%
c c 16.56  0 32 16  30  1 72788 1969 1.4 42 30 26 31 95% 299419 28198 68%
c d 16.56  0 32 16  30  1 72788 1969 1.4 42 30 26 31 95% 299401 28189 68%
c 2 16.57  0 32 16  30  1 72788 1969 1.4 42 30 26 31 95% 299320 28189 68%
c W 17.98  0 32 16  30  1 78018 4828 1.4 42 30 26 31 95% 299320 28189 68%
c
c  seconds  reductions  conflicts       size    tier2         variables
c         MB     restarts    redundant     glue     trail          remaining
c          level      rate        size/glue  tier1    irredundant
c
c - 18.89  0 32 17  30  1 82743 2021 1.4 43 30 26 31 95% 299320 28189 68%
c p 18.89  0 32 17  30  1 82743 2308 1.4 43 30 26 31 95% 299320 28189 68%
c v 19.14  0 32 17  30  1 82743 2265 1.4 43 30 26 31 95% 299320 28189 68%
c w 19.14  0 32 17  30  1 82743 2260 1.4 43 30 26 31 95% 299320 28189 68%
c x 19.16  0 32 17  30  1 82743 2260 1.4 43 30 26 31 95% 299319 28189 68%
c I 20.69  0 32 17  36  1 91019 7470 1.4 43 30 26 31 95% 299319 28189 68%
c - 21.18  0 32 18  37  1 93359 2272 1.4 43 30 26 31 95% 299319 28189 68%
c p 21.20  0 32 18  37  1 93359 2580 1.4 43 30 26 31 95% 299319 28189 68%
c s 23.10  0 32 18  43  1 102183 7355 1.4 43 30 26 31 95% 299276 28189 68%
c s 23.18  0 32 18  43  1 102183 7302 1.4 43 30 26 31 95% 299270 28189 68%
c e 23.20  0 32 18  43  1 102183 7302 1.4 43 30 26 31 95% 299258 28185 68%
c - 23.82  0 31 19  44  1 104635 2263 1.4 43 30 26 31 95% 299258 28185 68%
c p 23.83  0 31 19  44  1 104635 2699 1.4 43 30 26 31 95% 299258 28185 68%
c v 23.96  0 31 19  44  1 104635 2640 1.4 43 30 26 31 95% 299258 28185 68%
c w 23.98  0 31 19  44  1 104635 2637 1.4 43 30 26 31 95% 299258 28185 68%
c B 24.09  0 31 19  44  1 105021 2888 1.4 43 30 26 31 95% 299258 28185 68%
c - 26.50  0 31 20  46  1 116571 2554 1.5 43 29 26 31 95% 299258 28185 68%
c p 26.51  0 31 20  46  1 116571 3122 1.5 43 29 26 31 95% 299258 28185 68%
c W 27.77  0 31 20  48  1 120023 4868 1.5 42 29 26 31 95% 299258 28185 68%
c - 29.62  0 31 21  53  1 129169 2450 1.5 42 29 26 31 95% 299258 28185 68%
c
c  seconds  reductions  conflicts        size    tier2         variables
c         MB     restarts     redundant     glue     trail          remaining
c          level      rate         size/glue  tier1    irredundant
c
c p 29.64  0 31 21  53  1 129169 3341 1.5 42 29 26 31 95% 299258 28185 68%
c v 29.72  0 31 21  53  1 129169 3292 1.5 42 29 26 31 95% 299258 28185 68%
c w 29.73  0 31 21  53  1 129169 3280 1.5 42 29 26 31 95% 299258 28185 68%
c F 31.08  0 31 21  58  1 136024 6934 1.5 42 29 26 31 95% 299258 28185 68%
c - 32.47  0 31 22  60  1 142435 2821 1.5 44 29 25 31 95% 299258 28185 68%
c p 32.48  0 31 22  60  1 142435 3819 1.5 44 29 25 31 95% 299258 28185 68%
c s 32.74  0 31 22  60  1 143087 4182 1.5 44 29 25 31 95% 299245 28185 68%
c e 32.77  0 31 22  60  1 143087 4182 1.5 44 29 25 31 95% 299237 28182 68%
c s 32.79  0 31 22  60  1 143087 4176 1.5 44 29 25 31 95% 299220 28182 68%
c e 32.82  0 31 22  60  1 143087 4176 1.5 44 29 25 31 95% 299209 28178 68%
c B 34.62  0 31 22  61  1 153025 9564 1.5 44 29 25 31 95% 299209 28178 68%
c - 35.29  0 31 23  61  1 156362 2935 1.5 44 30 25 31 95% 299209 28178 68%
c p 35.29  0 31 23  61  1 156362 3887 1.5 44 30 25 31 95% 299209 28178 68%
c u 35.53  0 31 23  61  1 156362 3847 1.5 44 30 25 31 95% 299209 28178 68%
c v 35.55  0 31 23  61  1 156362 3831 1.5 44 30 25 31 95% 299209 28178 68%
c w 35.56  0 31 23  61  1 156362 3831 1.5 44 30 25 31 95% 299209 28178 68%
c - 38.46  0 32 24  62  1 170953 2922 1.5 44 30 25 31 95% 299209 28178 68%
c p 38.48  0 32 24  62  1 170953 4076 1.5 44 30 25 31 95% 299209 28177 68%
c u 38.52  0 32 24  62  1 170953 4068 1.5 44 30 25 31 95% 299209 28177 68%
c v 38.54  0 32 24  62  1 170953 4055 1.5 44 30 25 31 95% 299209 28177 68%
c
c  seconds  reductions  conflicts        size    tier2         variables
c         MB     restarts     redundant     glue     trail          remaining
c          level      rate         size/glue  tier1    irredundant
c
c w 38.55  0 32 24  62  1 170953 4052 1.5 44 30 25 31 95% 299209 28177 68%
c W 39.21  0 32 24  62  1 171026 4102 1.5 44 30 25 31 95% 299199 28177 68%
c - 42.13  0 32 25  62  1 186208 3299 1.5 45 30 25 31 95% 299199 28177 68%
c p 42.14  0 32 25  62  1 186208 4466 1.5 45 30 25 31 95% 299199 28177 68%
c u 42.17  0 32 25  62  1 186208 4456 1.5 45 30 25 31 95% 299199 28177 68%
c v 42.19  0 32 25  62  1 186208 4451 1.5 45 30 25 31 95% 299199 28177 68%
c w 42.20  0 32 25  62  1 186208 4444 1.5 45 30 25 31 95% 299199 28177 68%
c # 42.97  0 32 25  62  1 190029 6590 1.5 45 30 25 31 95% 299199 28177 68%
c s 43.17  0 32 25  62  1 190807 7179 1.5 45 30 25 31 95% 299182 28177 68%
c e 43.21  0 32 25  62  1 190807 7179 1.5 45 30 25 31 95% 299177 28175 68%
c s 43.23  0 32 25  62  1 190807 7172 1.5 45 30 25 31 95% 299162 28175 68%
c e 43.25  0 32 25  62  1 190807 7172 1.5 45 30 25 31 95% 299157 28173 68%
c - 45.37  0 32 26  65  1 202130 3460 1.5 45 30 26 32 95% 299157 28173 68%
c p 45.39  0 32 26  65  1 202130 4499 1.5 45 30 26 32 95% 299157 28173 68%
c u 45.49  0 32 26  65  1 202130 4449 1.5 45 30 26 32 95% 299157 28173 68%
c v 45.51  0 32 26  65  1 202130 4430 1.5 45 30 26 32 95% 299157 28173 68%
c w 45.52  0 32 26  65  1 202130 4414 1.5 45 30 26 32 95% 299157 28173 68%
c B 47.03  0 32 26  69  1 210031 8935 1.5 45 30 26 32 95% 299157 28173 68%
c - 48.78  0 32 27  75  1 218717 3690 1.5 45 30 26 32 95% 299157 28173 68%
c p 48.79  0 32 27  75  1 218717 4921 1.5 45 30 26 32 95% 299157 28173 68%
c
c  seconds  reductions  conflicts        size    tier2         variables
c         MB     restarts     redundant     glue     trail          remaining
c          level      rate         size/glue  tier1    irredundant
c
c u 48.82  0 32 27  75  1 218717 4891 1.5 45 30 26 32 95% 299157 28173 68%
c w 48.84  0 32 27  75  1 218717 4881 1.5 45 30 26 32 95% 299157 28173 68%
c x 48.85  0 32 27  75  1 218717 4881 1.5 45 30 26 32 95% 299157 28173 68%
c W 52.00  0 32 27  77  1 231032 12451 1.5 45 30 26 32 95% 299157 28173 68%
c - 52.95  0 32 28  80  1 235971 3858 1.5 45 30 26 32 95% 299157 28173 68%
c p 52.97  0 32 28  80  1 235971 5262 1.5 45 30 26 32 95% 299157 28173 68%
c u 53.01  0 32 28  80  1 235971 5247 1.5 45 30 26 32 95% 299157 28173 68%
c v 53.03  0 32 28  80  1 235971 5222 1.5 45 30 26 32 95% 299157 28173 68%
c w 53.04  0 32 28  80  1 235971 5218 1.5 45 30 26 32 95% 299157 28173 68%
c s 54.82  0 32 28  85  1 245344 10462 1.5 45 30 26 32 95% 299148 28173 68%
c e 54.85  0 32 28  85  1 245344 10437 1.5 45 30 26 32 95% 299137 28169 68%
c s 54.88  0 32 28  85  1 245344 10428 1.5 45 30 26 32 95% 299124 28169 68%
c e 54.90  0 32 28  85  1 245344 10419 1.5 45 30 26 32 95% 299106 28162 68%
c O 56.53  0 32 28  90  1 253033 14171 1.5 45 30 26 32 95% 299106 28162 68%
c - 56.71  0 32 29  91  1 253894 3731 1.5 45 30 26 32 95% 299106 28162 68%
c p 56.72  0 32 29  91  1 253894 5269 1.5 45 30 26 32 95% 299106 28161 68%
c v 56.80  0 32 29  91  1 253894 5222 1.5 45 30 26 32 95% 299106 28161 68%
c w 56.81  0 32 29  91  1 253894 5210 1.5 45 30 26 32 95% 299106 28161 68%
c - 60.71  0 31 30  93  1 272483 4005 1.5 43 30 25 31 95% 299096 28161 68%
c p 60.73  0 31 30  93  1 272483 5883 1.5 43 30 25 31 95% 299096 28161 68%
c
c  seconds  reductions  conflicts        size    tier2         variables
c         MB     restarts     redundant     glue     trail          remaining
c          level      rate         size/glue  tier1    irredundant
c
c u 61.09  0 31 30  93  1 272483 5876 1.5 43 30 25 31 95% 299096 28161 68%
c v 61.11  0 31 30  93  1 272483 5859 1.5 43 30 25 31 95% 299096 28161 68%
c w 61.12  0 31 30  93  1 272483 5853 1.5 43 30 25 31 95% 299096 28161 68%
c B 61.78  0 31 30  93  1 276036 7862 1.5 43 30 25 31 95% 299096 28161 68%
c - 64.81  0 31 31 100  1 291742 4111 1.5 43 30 25 31 95% 299096 28161 68%
c p 64.83  0 31 31 100  1 291742 5816 1.5 43 30 25 31 95% 299096 28160 68%
c w 64.99  0 31 31 100  1 291742 5785 1.5 43 30 25 31 95% 299096 28160 68%
c W 67.61  0 31 31 104  1 300037 10701 1.5 43 30 25 31 95% 299086 28160 68%
c s 68.91  0 32 31 107  1 306707 14482 1.5 43 30 25 31 95% 299063 28160 68%
c e 68.95  0 32 31 107  1 306707 14438 1.5 43 30 25 31 95% 299054 28156 68%
c s 68.97  0 32 31 107  1 306707 14432 1.5 43 30 25 31 95% 299044 28156 68%
c e 68.99  0 32 31 107  1 306707 14432 1.5 43 30 25 31 95% 299041 28155 68%
c - 69.97  0 32 32 108  1 311669 4384 1.5 43 30 25 31 95% 299041 28155 68%
c p 69.99  0 32 32 108  1 311669 5784 1.5 43 30 25 31 95% 299041 28155 68%
c u 70.03  0 32 32 108  1 311669 5775 1.5 43 30 25 31 95% 299041 28155 68%
c v 70.04  0 32 32 108  1 311669 5766 1.5 43 30 25 31 95% 299041 28155 68%
c w 70.05  0 32 32 108  1 311669 5763 1.5 43 30 25 31 95% 299041 28155 68%
c x 70.07  0 32 32 108  1 311669 5763 1.5 43 30 25 31 95% 299041 28155 68%
c I 72.78  0 31 32 115  1 325038 13063 1.5 43 30 25 31 95% 299041 28155 68%
c - 74.33  0 31 33 118  1 332264 4508 1.5 43 29 25 31 95% 299041 28155 68%
c
c  seconds  reductions  conflicts        size    tier2         variables
c         MB     restarts     redundant     glue     trail          remaining
c          level      rate         size/glue  tier1    irredundant
c
c p 74.34  0 31 33 118  1 332264 6092 1.5 43 29 25 31 95% 299041 28154 68%
c u 74.40  0 31 33 118  1 332264 6062 1.5 43 29 25 31 95% 299041 28154 68%
c v 74.41  0 31 33 118  1 332264 6033 1.5 43 29 25 31 95% 299041 28154 68%
c w 74.42  0 31 33 118  1 332264 6031 1.5 43 29 25 31 95% 299041 28154 68%
c B 78.18  0 31 33 124  1 351040 17003 1.5 43 29 25 31 95% 299041 28154 68%
c - 78.68  0 31 34 124  1 353529 4827 1.5 43 29 25 31 95% 299031 28154 68%
c p 78.70  0 31 34 124  1 353529 6286 1.5 43 29 25 31 95% 299031 28154 68%
c u 78.76  0 31 34 124  1 353529 6257 1.5 43 29 25 31 95% 299031 28154 68%
c v 78.77  0 31 34 124  1 353529 6245 1.5 43 29 25 31 95% 299031 28154 68%
c w 78.78  0 31 34 124  1 353529 6236 1.5 43 29 25 31 95% 299031 28154 68%
c s 83.00  0 31 34 125  1 374885 18839 1.5 43 29 25 31 95% 299022 28154 68%
c s 83.07  0 31 34 125  1 374885 18829 1.5 43 29 25 31 95% 299017 28154 68%
c e 83.08  0 31 34 125  1 374885 18818 1.5 43 29 25 31 95% 299006 28150 68%
c - 83.24  0 31 35 125  1 375464 5031 1.5 43 29 25 31 95% 299006 28150 68%
c p 83.25  0 31 35 125  1 375464 6533 1.5 43 29 25 31 95% 299006 28150 68%
c w 83.34  0 31 35 125  1 375464 6494 1.5 43 29 25 31 95% 299006 28150 68%
c W 84.80  0 31 35 125  1 378042 7819 1.5 43 29 25 31 95% 299006 28150 68%
c - 88.79  0 30 36 125  1 398069 4786 1.5 42 29 25 31 95% 299006 28150 68%
c p 88.81  0 30 36 125  1 398069 6419 1.5 42 29 25 31 95% 299006 28150 68%
c k 88.83  0 30 36 125  1 398069 6419 1.5 42 29 25 31 95% 299006 28145 68%
c
c  seconds  reductions  conflicts        size    tier2         variables
c         MB     restarts     redundant     glue     trail          remaining
c          level      rate         size/glue  tier1    irredundant
c
c u 88.88  0 30 36 125  1 398069 6387 1.5 42 29 25 31 95% 299006 28145 68%
c w 88.91  0 30 36 125  1 398069 6374 1.5 42 29 25 31 95% 299006 28145 68%
c F 90.54  0 30 36 126  1 406046 10685 1.5 42 29 25 31 95% 299006 28145 68%
c - 93.71  0 31 37 126  1 421344 5108 1.5 42 29 25 31 95% 298987 28145 68%
c p 93.72  0 31 37 126  1 421344 6772 1.5 42 29 25 31 95% 298987 28145 68%
c c 93.79  0 31 37 126  1 421344 6772 1.5 42 29 25 31 95% 298989 28145 68%
c d 93.80  0 31 37 126  1 421344 6772 1.5 42 29 25 31 95% 298985 28143 68%
c 2 93.82  0 31 37 126  1 421344 6772 1.5 42 29 25 31 95% 298969 28143 68%
c u 93.86  0 31 37 126  1 421344 6751 1.5 42 29 25 31 95% 298969 28143 68%
c v 93.87  0 31 37 126  1 421344 6738 1.5 42 29 25 31 95% 298969 28143 68%
c w 93.89  0 31 37 126  1 421344 6734 1.5 42 29 25 31 95% 298969 28143 68%
c B 96.56  0 31 37 126  1 435048 14442 1.5 43 29 25 31 95% 298969 28143 68%
c - 98.75  0 31 38 126  1 445289 5494 1.5 43 29 25 31 95% 298969 28143 68%
c p 98.77  0 31 38 126  1 445289 7206 1.5 43 29 25 31 95% 298969 28143 68%
c u 99.17  0 31 38 126  1 445289 7184 1.5 43 29 25 31 95% 298969 28143 68%
c w 99.19  0 31 38 126  1 445289 7170 1.5 43 29 25 31 95% 298969 28143 68%
c s 100.28  0 31 38 126  1 449886 9849 1.5 43 29 25 31 95% 298956 28143 68%
c e 100.31  0 31 38 126  1 449886 9849 1.5 43 29 25 31 95% 298954 28142 68%
c s 100.34  0 31 38 126  1 449886 9837 1.5 43 29 25 31 95% 298948 28142 68%
c e 100.36  0 31 38 126  1 449886 9835 1.5 43 29 25 31 95% 298937 28138 68%
c
c  seconds   reductions  conflicts         size    tier2         variables
c          MB     restarts      redundant     glue     trail          remaining
c           level      rate          size/glue  tier1    irredundant
c
c W 104.53  0 31 38 126  1 465050 18389 1.5 43 29 25 31 95% 298937 28138 68%
c - 105.59  0 31 39 130  1 469905 5539 1.5 43 29 25 31 95% 298937 28138 68%
c p 105.60  0 31 39 130  1 469905 7507 1.5 43 29 25 31 95% 298937 28138 68%
c u 105.67  0 31 39 130  1 469905 7467 1.5 43 29 25 31 95% 298937 28138 68%
c w 105.70  0 31 39 130  1 469905 7448 1.5 43 29 25 31 95% 298937 28138 68%
c - 110.89  0 30 40 141  1 495192 5396 1.5 42 29 25 31 95% 298937 28138 68%
c p 110.90  0 30 40 141  1 495192 7316 1.5 42 29 25 31 95% 298937 28137 68%
c u 111.05  0 30 40 141  1 495192 7299 1.5 42 29 25 31 95% 298937 28137 68%
c v 111.07  0 30 40 141  1 495192 7241 1.5 42 29 25 31 95% 298937 28137 68%
c w 111.09  0 30 40 141  1 495192 7230 1.5 42 29 25 31 95% 298937 28137 68%
c # 111.29  0 30 40 141  1 496051 7695 1.5 42 29 25 31 95% 298937 28137 68%
c - 116.19  0 31 41 155  1 521150 5747 1.5 43 29 25 31 95% 298927 28137 68%
c p 116.20  0 31 41 155  1 521150 7284 1.5 43 29 25 31 95% 298927 28137 68%
c u 116.26  0 31 41 155  1 521150 7265 1.5 43 29 25 31 95% 298927 28137 68%
c v 116.28  0 31 41 155  1 521150 7235 1.5 43 29 25 31 95% 298927 28137 68%
c w 116.30  0 31 41 155  1 521150 7229 1.5 43 29 25 31 95% 298927 28137 68%
c B 117.55  0 31 41 156  1 528054 11207 1.5 44 29 25 31 95% 298927 28137 68%
c s 118.35  0 31 41 157  1 531708 13379 1.5 43 29 25 31 95% 298923 28137 68%
c e 118.39  0 31 41 157  1 531708 13378 1.5 43 29 25 31 95% 298920 28136 68%
c s 118.41  0 31 41 157  1 531708 13368 1.5 43 29 25 31 95% 298915 28136 68%
c
c  seconds   reductions  conflicts         size    tier2         variables
c          MB     restarts      redundant     glue     trail          remaining
c           level      rate          size/glue  tier1    irredundant
c
c e 118.42  0 31 41 157  1 531708 13368 1.5 43 29 25 31 95% 298910 28134 68%
c - 121.93  0 31 42 157  1 547780 6055 1.5 44 29 25 31 95% 298910 28134 68%
c p 121.95  0 31 42 157  1 547780 7813 1.5 44 29 25 31 95% 298910 28134 68%
c u 122.02  0 31 42 157  1 547780 7762 1.5 44 29 25 31 95% 298910 28134 68%
c v 122.04  0 31 42 157  1 547780 7741 1.5 44 29 25 31 95% 298910 28134 68%
c w 122.05  0 31 42 157  1 547780 7733 1.5 44 29 25 31 95% 298910 28134 68%
c W 125.90  0 31 42 165  1 561055 14943 1.5 44 29 25 31 95% 298910 28134 68%
c - 128.93  0 31 43 172  1 575081 5957 1.5 43 29 25 31 95% 298910 28134 68%
c p 128.94  0 31 43 172  1 575081 7728 1.5 43 29 25 31 95% 298910 28134 68%
c u 129.02  0 31 43 172  1 575081 7709 1.5 43 29 25 31 95% 298910 28134 68%
c v 129.04  0 31 43 172  1 575081 7688 1.5 43 29 25 31 95% 298910 28134 68%
c w 129.06  0 31 43 172  1 575081 7677 1.5 43 29 25 31 95% 298910 28134 68%
c O 133.21  0 31 43 181  1 595059 18591 1.5 43 29 25 31 95% 298910 28134 68%
c - 134.91  0 31 44 186  1 603056 6198 1.5 43 29 25 31 95% 298910 28134 68%
c p 134.93  0 31 44 186  1 603056 8099 1.5 43 29 25 31 95% 298910 28134 68%
c u 135.08  0 31 44 186  1 603056 8078 1.5 43 29 25 31 95% 298910 28134 68%
c v 135.11  0 31 44 186  1 603056 8059 1.5 43 29 25 31 95% 298910 28134 68%
c w 135.12  0 31 44 186  1 603056 8052 1.5 43 29 25 31 95% 298910 28134 68%
c s 138.57  0 31 44 188  1 620353 17268 1.5 43 29 25 31 95% 298909 28134 68%
c s 138.63  0 31 44 188  1 620353 17261 1.5 43 29 25 31 95% 298909 28134 68%
c
c  seconds   reductions  conflicts         size    tier2         variables
c          MB     restarts      redundant     glue     trail          remaining
c           level      rate          size/glue  tier1    irredundant
c
c B 140.71  0 31 44 188  1 630060 22257 1.5 42 29 25 31 95% 298909 28134 68%
c - 141.03  0 31 45 189  1 631702 6220 1.5 42 29 25 31 95% 298909 28134 68%
c p 141.05  0 31 45 189  1 631702 8256 1.5 42 29 25 31 95% 298909 28134 68%
c u 141.12  0 31 45 189  1 631702 8222 1.5 42 29 25 31 95% 298909 28134 68%
c v 141.15  0 31 45 189  1 631702 8209 1.5 42 29 25 31 95% 298909 28134 68%
c w 141.16  0 31 45 189  1 631702 8206 1.5 42 29 25 31 95% 298909 28134 68%
c - 147.55  0 30 46 189  1 661021 6315 1.4 42 29 24 31 95% 298909 28134 68%
c p 147.57  0 30 46 189  1 661021 8464 1.4 42 29 24 31 95% 298909 28134 68%
c u 147.66  0 30 46 189  1 661021 8430 1.4 42 29 24 31 95% 298909 28134 68%
c v 147.68  0 30 46 189  1 661021 8410 1.4 42 29 24 31 95% 298909 28134 68%
c w 147.70  0 30 46 189  1 661021 8396 1.4 42 29 24 31 95% 298909 28134 68%
c W 150.22  0 30 46 191  1 666063 11163 1.4 42 29 24 31 95% 298909 28134 68%
c - 155.71  0 30 47 204  1 691012 6083 1.4 41 29 24 31 95% 298909 28134 68%
c p 155.74  0 30 47 204  1 691012 8302 1.4 41 29 24 31 95% 298909 28134 68%
c u 156.32  0 30 47 204  1 691012 8251 1.4 41 29 24 31 95% 298909 28134 68%
c v 156.35  0 30 47 204  1 691012 8230 1.4 41 29 24 31 95% 298909 28134 68%
c w 156.37  0 30 47 204  1 691012 8210 1.4 41 29 24 31 95% 298909 28134 68%
c I 159.00  0 30 47 209  1 703065 14271 1.4 40 28 24 31 95% 298909 28134 68%
c s 161.65  0 29 47 216  1 715816 20410 1.4 39 28 24 31 95% 298909 28134 68%
c e 161.70  0 29 47 216  1 715816 20402 1.4 39 28 24 31 95% 298907 28133 68%
c
c  seconds   reductions  conflicts         size    tier2         variables
c          MB     restarts      redundant     glue     trail          remaining
c           level      rate          size/glue  tier1    irredundant
c
c s 161.72  0 29 47 216  1 715816 20388 1.4 39 28 24 31 95% 298907 28133 68%
c e 161.74  0 29 47 216  1 715816 20388 1.4 39 28 24 31 95% 298904 28132 68%
c - 163.05  0 29 48 218  1 721677 6308 1.4 39 28 24 31 95% 298904 28132 68%
c p 163.07  0 29 48 218  1 721677 8359 1.4 39 28 24 31 95% 298904 28132 68%
c u 163.15  0 29 48 218  1 721677 8319 1.4 39 28 24 31 95% 298904 28132 68%
c v 163.18  0 29 48 218  1 721677 8248 1.4 39 28 24 31 95% 298904 28132 68%
c w 163.20  0 29 48 218  1 721677 8239 1.4 39 28 24 31 95% 298904 28132 68%
c B 167.25  0 29 48 220  1 741066 18397 1.4 39 28 24 30 95% 298904 28132 68%
c - 169.95  0 29 49 225  1 753012 6573 1.4 39 27 24 30 95% 298904 28132 68%
c p 169.97  0 29 49 225  1 753012 8615 1.4 39 27 24 30 95% 298904 28132 68%
c u 170.14  0 29 49 225  1 753012 8566 1.4 39 27 24 30 95% 298904 28132 68%
c v 170.16  0 29 49 225  1 753012 8525 1.4 39 27 24 30 95% 298904 28132 68%
c w 170.18  0 29 49 225  1 753012 8517 1.4 39 27 24 30 95% 298904 28132 68%
c W 177.30  0 29 49 235  1 780068 22794 1.4 39 28 24 30 95% 298904 28132 68%
c - 178.52  0 29 50 239  1 785023 6689 1.4 40 28 24 30 95% 298904 28132 68%
c 2 178.52  0 29 50 239  1 785023 6689 1.4 40 28 24 30 95% 298904 28131 68%
c p 178.54  0 29 50 239  1 785023 8634 1.4 40 28 24 30 95% 298904 28131 68%
c u 178.62  0 29 50 239  1 785023 8601 1.4 40 28 24 30 95% 298904 28131 68%
c v 178.65  0 29 50 239  1 785023 8564 1.4 40 28 24 30 95% 298904 28131 68%
c w 178.67  0 29 50 239  1 785023 8552 1.4 40 28 24 30 95% 298904 28131 68%
c
c  seconds   reductions  conflicts        size    tier2         variables
c          MB     restarts     redundant     glue     trail          remaining
c           level      rate         size/glue  tier1    irredundant
c
c - 185.49  0 29 51 251  1 817706 6968 1.4 40 28 24 30 95% 298894 28131 68%
c p 185.51  0 29 51 251  1 817706 9391 1.4 40 28 24 30 95% 298894 28131 68%
c u 185.59  0 29 51 251  1 817706 9371 1.4 40 28 24 30 95% 298894 28131 68%
c v 185.63  0 29 51 251  1 817706 9341 1.4 40 28 24 30 95% 298894 28131 68%
c w 185.65  0 29 51 251  1 817706 9322 1.4 40 28 24 30 95% 298894 28131 68%
c s 185.79  0 29 51 251  1 818101 9258 1.4 40 28 24 30 95% 298893 28131 68%
c s 185.84  0 29 51 251  1 818101 9242 1.4 40 28 24 30 95% 298893 28131 68%
c F 186.31  0 30 51 251  1 820070 10339 1.4 40 28 24 30 95% 298893 28131 68%
c - 192.51  0 30 52 252  1 851062 7345 1.4 42 29 24 30 95% 298893 28131 68%
c p 192.53  0 30 52 252  1 851062 9450 1.4 42 29 24 30 95% 298893 28131 68%
c u 192.62  0 30 52 252  1 851062 9415 1.4 42 29 24 30 95% 298893 28131 68%
c v 192.65  0 30 52 252  1 851062 9383 1.4 42 29 24 30 95% 298893 28131 68%
c w 192.67  0 30 52 252  1 851062 9374 1.4 42 29 24 30 95% 298893 28131 68%
c B 194.56  0 31 52 252  1 861071 14736 1.4 42 29 24 30 95% 298893 28131 68%
c - 199.60  0 31 53 253  1 885093 7553 1.4 42 29 24 30 95% 298893 28131 68%
c p 199.62  0 31 53 253  1 885093 9609 1.4 42 29 24 30 95% 298893 28131 68%
c u 199.71  0 31 53 253  1 885093 9575 1.4 42 29 24 30 95% 298893 28131 68%
c v 199.73  0 31 53 253  1 885093 9570 1.4 42 29 24 30 95% 298893 28131 68%
c w 199.74  0 31 53 253  1 885093 9560 1.4 42 29 24 30 95% 298893 28131 68%
c W 205.20  0 31 53 253  1 903072 19259 1.4 42 29 24 30 95% 298893 28131 68%
c
c  seconds   reductions  conflicts        size    tier2         variables
c          MB     restarts     redundant     glue     trail          remaining
c           level      rate         size/glue  tier1    irredundant
c
c - 209.30  0 31 54 253  1 919798 7580 1.4 42 29 24 30 95% 298893 28131 68%
c p 209.32  0 31 54 253  1 919798 10046 1.4 42 29 24 30 95% 298893 28131 68%
c u 209.42  0 31 54 253  1 919798 10016 1.4 42 29 24 30 95% 298893 28131 68%
c v 209.47  0 31 54 253  1 919798 9999 1.4 42 29 24 30 95% 298893 28131 68%
c w 209.49  0 31 54 253  1 919798 9981 1.4 42 29 24 30 95% 298893 28131 68%
c # 214.90  0 30 54 254  1 946073 23423 1.4 41 29 24 30 95% 298893 28131 68%
c - 216.67  0 30 55 254  1 955174 7639 1.4 41 29 24 30 95% 298893 28131 68%
c p 216.69  0 30 55 254  1 955174 9865 1.4 41 29 24 30 95% 298893 28131 68%
c u 216.86  0 30 55 254  1 955174 9840 1.4 41 29 24 30 95% 298893 28131 68%
c v 216.88  0 30 55 254  1 955174 9826 1.4 41 29 24 30 95% 298893 28131 68%
c w 216.90  0 30 55 254  1 955174 9811 1.4 41 29 24 30 95% 298893 28131 68%
c B 223.68  0 30 55 254  1 990074 28745 1.4 42 29 24 30 95% 298893 28131 68%
c - 223.97  0 31 56 254  1 991226 7906 1.4 42 29 24 30 95% 298893 28131 68%
c p 223.99  0 31 56 254  1 991226 10121 1.4 42 29 24 30 95% 298893 28131 68%
c u 224.10  0 31 56 254  1 991226 10093 1.4 42 29 24 30 95% 298893 28131 68%
c v 224.14  0 31 56 254  1 991226 10063 1.4 42 29 24 30 95% 298893 28131 68%
c w 224.17  0 31 56 254  1 991226 10046 1.4 42 29 24 30 95% 298893 28131 68%
c - 232.02  0 30 57 254  1 1027952 7894 1.4 41 29 24 30 95% 298893 28131 68%
c p 232.04  0 30 57 254  1 1027952 10441 1.4 41 29 24 30 95% 298893 28131 68%
c u 232.27  0 30 57 254  1 1027952 10401 1.4 41 29 24 30 95% 298893 28131 68%
c
c  seconds   reductions   conflicts         size    tier2         variables
c          MB     restarts       redundant     glue     trail          remaining
c           level      rate           size/glue  tier1    irredundant
c
c v 232.31  0 30 57 254  1 1027952 10329 1.4 41 29 24 30 95% 298893 28131 68%
c w 232.33  0 30 57 254  1 1027952 10311 1.4 41 29 24 30 95% 298893 28131 68%
c W 235.60  0 30 57 254  1 1035075 14321 1.4 41 29 24 30 95% 298893 28131 68%
c - 241.88  0 30 58 257  1 1065350 8438 1.5 42 29 24 30 95% 298893 28131 68%
c p 241.91  0 30 58 257  1 1065350 10850 1.5 42 29 24 30 95% 298893 28131 68%
c u 242.01  0 30 58 257  1 1065350 10810 1.5 42 29 24 30 95% 298893 28131 68%
c v 242.04  0 30 58 257  1 1065350 10750 1.5 42 29 24 30 95% 298893 28131 68%
c w 242.06  0 30 58 257  1 1065350 10735 1.5 42 29 24 30 95% 298893 28131 68%
c O 245.22  0 31 58 266  1 1081076 19365 1.5 43 29 24 30 95% 298893 28131 68%
c - 249.53  0 30 59 275  1 1103424 8292 1.4 41 29 24 30 95% 298893 28131 68%
c p 249.55  0 30 59 275  1 1103424 10767 1.4 41 29 24 30 95% 298893 28131 68%
c u 249.67  0 30 59 275  1 1103424 10737 1.4 41 29 24 30 95% 298893 28131 68%
c v 249.70  0 30 59 275  1 1103424 10694 1.4 41 29 24 30 95% 298893 28131 68%
c w 249.72  0 30 59 275  1 1103424 10684 1.4 41 29 24 30 95% 298893 28131 68%
c B 254.67  0 30 59 284  1 1128078 23981 1.4 40 28 24 30 94% 298893 28131 68%
c - 257.75  0 30 60 285  1 1142171 8466 1.4 40 28 24 30 94% 298893 28131 68%
c p 257.77  0 30 60 285  1 1142171 10983 1.4 40 28 24 30 94% 298893 28131 68%
c u 257.90  0 30 60 285  1 1142171 10963 1.4 40 28 24 30 94% 298893 28131 68%
c v 257.93  0 30 60 285  1 1142171 10918 1.4 40 28 24 30 94% 298893 28131 68%
c w 257.96  0 30 60 285  1 1142171 10901 1.4 40 28 24 30 94% 298893 28131 68%
c
c  seconds   reductions   conflicts         size    tier2         variables
c          MB     restarts       redundant     glue     trail          remaining
c           level      rate           size/glue  tier1    irredundant
c
c W 266.92  0 30 60 300  1 1176079 30923 1.5 41 28 24 30 95% 298893 28131 68%
c ] 267.95  0 30 60 302  1 1180505 33447 1.5 41 28 24 30 95% 298893 28131 68%
c ? 267.95  0 30 60 302  1 1180505 33447 1.5 41 28 24 30 95% 298893 28131 68%
c
c --- [ result ] -------------------------------------------------------------
c
c writing result to 'search-results/cadical-support70-cover-20260902/anchor-001-p0-s0.result'
c
c --- [ run-time profiling ] -------------------------------------------------
c
c process time taken by individual solving procedures
c (percentage relative to process time for solving)
c
c       256.74   95.83% search
c       242.35   90.46% stable
c        14.38    5.37% walk
c        11.16    4.17% simplify
c         3.66    1.37% vivify
c         1.83    0.68% sweep
c         1.28    0.48% congruence
c         1.00    0.37% backbone
c         0.82    0.31% elim
c         0.76    0.28% subsume
c         0.36    0.13% probe
c         0.25    0.09% ternary
c         0.05    0.02% parse
c         0.02    0.01% lucky
c   =================================
c       267.90   99.98% solve
c
c last line shows process time for solving
c (percentage relative to total process time)
c
c --- [ statistics ] ---------------------------------------------------------
c
c chronological:            111859         9.48 %  of conflicts
c conflicts:               1180505      4406.43    per second
c backbone:               76851862    185825.52 %  of vars
c decisions:               1247484      4656.44    per second
c eliminated:                 2947         7.13 %  of all variables
c fixed:                      9523        23.03 %  of all variables
c learned:                 1164619        98.65 %  per conflict
c learned_lits:          578753305       100.00 %  learned literals
c minimized:                     0         0.00 %  learned literals
c shrunken:              525979199        90.88 %  learned literals
c minishrunken:            3750084         0.65 %  learned literals
c otfs:                        604         0.05 %  of conflict
c propagations:         1001402604         3.74 M  per second
c reduced:                  615376        52.13 %  per conflict
c rephased:                     48     24593.85    interval
c restarts:                    302      3908.96    interval
c substituted:                 756         1.83 %  of all variables
c subsumed:                 517645        32.66 %  of all clauses
c strengthened:              32428         2.05 %  of all clauses
c ticks:               11566548261        15.01    propagation
c vivified:                   1381         0.09 %  of all clauses
c walked:                       16     73781.56    interval
c weakened:                  13810         2.78    average size
c congruence:                   18     65583.61    interval
c
c seconds are measured in process time for solving
c
c --- [ glue usage ] ---------------------------------------------------------
c
c focused glue 2 used 0 clauses 0.000% accumulated 0.000% tier1
c focused glue 3 used 0 clauses 0.000% accumulated 0.000%
c focused glue 4 used 0 clauses 0.000% accumulated 0.000%
c focused glue 5 used 0 clauses 0.000% accumulated 0.000%
c focused glue 6 used 0 clauses 0.000% accumulated 0.000% tier2
c
c stable glue 23 used 207195 clauses 5.456% accumulated 50.46% tier1
c stable glue 24 used 202434 clauses 5.330% accumulated 55.80%
c stable glue 25-28 used 797050 clauses 20.98% accumulated 76.78%
c stable glue 29 used 192364 clauses 5.065% accumulated 81.85%
c stable glue 30 used 182724 clauses 4.811% accumulated 86.66% tier2
c
c
c --- [ resources ] ----------------------------------------------------------
c
c total process time since initialization:       267.95    seconds
c total real time since initialization:          300.02    seconds
c maximum resident set size of process:          229.06    MB
c
c --- [ shutting down ] ------------------------------------------------------
c
c exit 0
