c --- [ banner ] -------------------------------------------------------------
c
c CaDiCaL SAT Solver
c Copyright (c) 2016-2026
c A. Biere, M. Fleury, N. Froleyks, K. Fazekas, F. Pollitt, T. Faller
c JKU Linz, University of Freiburg, TU Wien
c
c Version 3.0.1 c60730422e758ef1cebe7aeddf2dda31c996bf04
c Apple clang version 21.0.0 (clang-2100.1.1.101) -Wall -Wextra -O3 -DNDEBUG -DNCLOSEFROM
c Tue Sep 1 21:08:57 PDT 2026 Darwin retained-runner 25.6.0 arm64
c
c --- [ limit ] --------------------------------------------------------------
c
c setting time limit to 300 seconds real time (due to '-t 300')
c
c --- [ parsing input ] ------------------------------------------------------
c
c reading DIMACS file from 'search-results/cadical-support70-cover-20260902/cnf/anchor-001-p0-s1.cnf'
c opening file to read 'search-results/cadical-support70-cover-20260902/cnf/anchor-001-p0-s1.cnf'
c found 'p cnf 41357 414868' header
c parsed 414868 clauses in 0.06 seconds process time
c
c --- [ options ] ------------------------------------------------------------
c
c   --elimeffort=10                (different from default '1e3')
c   --stabilizeonly=true           (different from default 'false')
c   --subsumeeffort=60             (different from default '1e3')
c
c --- [ solving ] ------------------------------------------------------------
c
c time measured in process time since initialization
c
c  seconds  reduction conflicts       size tier2        variables
c         MB    restarts   redundant    glue  trail          remaining
c          level     rate       size/glu tier1  irredundant
c
c *  0.06  0  0 0   0  0    0    0 0.0 0 0 2 6  0% 329436 31775 77%
c )  0.08  0  0 0   0  0    0    0 0.0 0 0 2 6  0% 329436 31775 77%
c [  0.09  0  0 0   0  0    0    0 0.0 0 0 2 6  0% 329436 31775 77%
c -  0.16  0 34 1   0  1  304   54 1.3 38 29 2 6 97% 308612 31775 77%
c -  0.28  0 33 2   0  1  951  174 1.4 39 29 2 6 97% 308605 31775 77%
c I  0.29  0 33 2   0  1 1003  198 1.4 40 29 2 6 97% 308604 31775 77%
c -  0.52  0 31 3   2  1 2098  378 2.0 54 28 2 6 94% 308593 31775 77%
c B  0.72  0 30 3   2  1 3005  816 1.8 49 27 2 6 91% 308577 31775 77%
c d  0.74  0 31 3   2  1 3045  851 1.8 49 27 2 6 92% 307174 31074 75%
c -  1.01  0 31 4   2  1 3804  424 1.7 48 28 2 6 90% 307159 31074 75%
c W  1.48  0 31 4   4  1 6008 1569 1.6 45 28 26 30 91% 307138 31074 75%
c -  1.52  0 31 5   4  1 6096  511 1.6 45 28 26 30 91% 307138 31074 75%
c s  1.64  0 31 5   5  1 6749  871 1.6 45 28 26 30 91% 307100 31074 75%
c e  1.85  0 31 5   5  1 6749  547 1.6 45 28 26 30 91% 301083 28352 69%
c s  1.87  0 31 5   5  1 6749  547 1.6 45 28 26 30 91% 301078 28352 69%
c e  1.90  0 31 5   5  1 6749  547 1.6 45 28 26 30 91% 301016 28336 69%
c c  2.24  0 31 5   5  1 8149 1409 1.5 44 29 26 30 89% 301019 28336 69%
c d  2.25  0 31 5   5  1 8149 1409 1.5 44 29 26 30 89% 301013 28333 69%
c 2  2.26  0 31 5   5  1 8149 1409 1.5 44 29 26 30 89% 300989 28333 69%
c -  2.52  0 31 6   6  1 8998  511 1.5 44 29 26 30 95% 300989 28333 69%
c
c  seconds  reductions conflicts       size    tier2         variables
c         MB    restarts    redundant     glue     trail          remaining
c          level     rate        size/glue  tier1    irredundant
c
c F  2.72  0 31 6   6  1 10009 1048 1.5 43 29 26 30 95% 300989 28333 69%
c -  3.34  0 31 7   6  1 12503  667 1.5 43 29 26 30 95% 300989 28333 69%
c B  3.83  0 31 7   9  1 15010 2062 1.5 44 29 27 31 95% 300989 28333 69%
c -  4.16  0 31 8   9  1 16635  822 1.5 44 30 27 31 95% 300989 28333 69%
c u  4.28  0 31 8   9  1 16635  817 1.5 44 30 27 31 95% 300989 28333 69%
c v  4.29  0 31 8   9  1 16635  803 1.5 44 30 27 31 95% 300989 28333 69%
c w  4.31  0 31 8   9  1 16635  799 1.5 44 30 27 31 95% 300989 28333 69%
c x  4.32  0 31 8   9  1 16635  799 1.5 44 30 27 31 95% 300754 28333 69%
c s  5.05  0 32 8  12  1 20386 3038 1.5 44 30 27 31 95% 300754 28333 69%
c e  5.08  0 32 8  12  1 20386 3032 1.5 44 30 27 31 95% 300710 28325 68%
c s  5.11  0 32 8  12  1 20386 3024 1.5 44 30 27 31 95% 300710 28325 68%
c e  5.13  0 32 8  12  1 20386 3024 1.5 44 30 27 31 95% 300697 28323 68%
c W  5.46  0 32 8  13  1 21012 3333 1.5 44 30 27 31 95% 300697 28323 68%
c -  5.54  0 32 9  13  1 21401  959 1.5 44 30 28 31 95% 300697 28323 68%
c -  6.41  0 32 10  14  1 26807 1067 1.5 44 30 28 31 95% 300697 28323 68%
c t  6.43  0 32 10  14  1 26807 1067 1.5 44 30 28 31 95% 300696 28323 68%
c #  6.65  0 32 10  14  1 28015 1646 1.4 44 30 28 31 95% 300696 28323 68%
c -  7.57  0 32 11  14  1 32856 1193 1.4 43 30 28 31 95% 300696 28323 68%
c c  7.65  0 32 11  14  1 32856 1193 1.4 43 30 28 31 95% 300689 28323 68%
c d  7.66  0 32 11  14  1 32856 1193 1.4 43 30 28 31 95% 300679 28318 68%
c
c  seconds  reductions  conflicts       size    tier2         variables
c         MB     restarts    redundant     glue     trail          remaining
c          level      rate        size/glue  tier1    irredundant
c
c 2  7.66  0 32 11  14  1 32856 1193 1.4 43 30 28 31 95% 300634 28318 68%
c u  7.67  0 32 11  14  1 32856 1165 1.4 43 30 28 31 95% 300634 28318 68%
c v  7.68  0 32 11  14  1 32856 1137 1.4 43 30 28 31 95% 300634 28318 68%
c w  7.69  0 32 11  14  1 32856 1133 1.4 43 30 28 31 95% 300634 28318 68%
c x  7.71  0 32 11  14  1 32856 1133 1.4 43 30 28 31 95% 300563 28318 68%
c B  8.30  0 32 11  17  1 36016 2711 1.4 43 30 28 31 95% 300563 28318 68%
c -  9.07  0 32 12  19  1 39553 1259 1.4 43 30 27 31 95% 300563 28318 68%
c p  9.08  0 32 12  19  1 39553 1305 1.4 43 30 27 31 95% 300563 28318 68%
c s  9.47  0 32 12  20  1 40836 1949 1.4 43 30 27 31 95% 300206 28318 68%
c e  9.52  0 32 12  20  1 40836 1945 1.4 43 30 27 31 95% 300160 28286 68%
c s  9.54  0 32 12  20  1 40836 1940 1.4 43 30 27 31 95% 300015 28286 68%
c e  9.58  0 32 12  20  1 40836 1939 1.4 43 30 27 31 95% 299971 28260 68%
c W 10.67  0 32 12  21  1 45017 4085 1.4 43 30 27 31 95% 299971 28260 68%
c - 11.05  0 32 13  23  1 46901 1342 1.4 43 30 27 31 95% 299971 28260 68%
c p 11.05  0 32 13  23  1 46901 1516 1.4 43 30 27 31 95% 299971 28260 68%
c c 11.13  0 32 13  23  1 46901 1516 1.4 43 30 27 31 95% 300013 28260 68%
c d 11.13  0 32 13  23  1 46901 1516 1.4 43 30 27 31 95% 299929 28218 68%
c 2 11.15  0 32 13  23  1 46901 1516 1.4 43 30 27 31 95% 299551 28218 68%
c v 11.18  0 32 13  23  1 46901 1490 1.4 43 30 27 31 95% 299549 28218 68%
c w 11.18  0 32 13  23  1 46901 1489 1.4 43 30 27 31 95% 299549 28218 68%
c
c  seconds  reductions  conflicts       size    tier2         variables
c         MB     restarts    redundant     glue     trail          remaining
c          level      rate        size/glue  tier1    irredundant
c
c x 11.19  0 32 13  23  1 46901 1489 1.4 43 30 27 31 95% 299548 28218 68%
c - 12.73  0 32 14  28  1 54898 1534 1.4 42 30 27 31 95% 299548 28218 68%
c p 12.74  0 32 14  28  1 54898 1727 1.4 42 30 27 31 95% 299548 28218 68%
c O 12.85  0 32 14  28  1 55019 1795 1.4 42 30 27 31 95% 299548 28218 68%
c - 14.64  0 31 15  29  1 63547 1585 1.4 41 29 27 31 95% 299548 28218 68%
c p 14.66  0 31 15  29  1 63547 1935 1.4 41 29 27 31 95% 299548 28218 68%
c u 14.68  0 31 15  29  1 63547 1925 1.4 41 29 27 31 95% 299548 28218 68%
c v 14.72  0 31 15  29  1 63547 1894 1.4 41 29 27 31 95% 299548 28218 68%
c w 14.73  0 31 15  29  1 63547 1890 1.4 41 29 27 31 95% 299548 28218 68%
c B 15.29  0 31 15  29  1 66021 3187 1.4 40 29 27 31 95% 299548 28218 68%
c s 15.75  0 31 15  30  1 68101 4356 1.4 41 29 27 31 95% 299469 28218 68%
c e 15.79  0 31 15  30  1 68101 4351 1.4 41 29 27 31 95% 299454 28209 68%
c s 15.82  0 31 15  30  1 68101 4346 1.4 41 29 27 31 95% 299428 28209 68%
c e 15.84  0 31 15  30  1 68101 4340 1.4 41 29 27 31 95% 299409 28202 68%
c - 16.73  0 31 16  30  1 72852 1838 1.4 41 30 26 31 95% 299409 28202 68%
c p 16.74  0 31 16  30  1 72852 2079 1.4 41 30 26 31 95% 299409 28202 68%
c W 18.21  0 31 16  30  1 78022 4977 1.4 41 30 26 31 95% 299409 28202 68%
c - 19.14  0 32 17  30  1 82812 2030 1.4 41 30 26 31 95% 299409 28202 68%
c p 19.15  0 32 17  30  1 82812 2256 1.4 41 30 26 31 95% 299409 28202 68%
c v 19.34  0 32 17  30  1 82812 2230 1.4 41 30 26 31 95% 299409 28202 68%
c
c  seconds  reductions  conflicts       size    tier2         variables
c         MB     restarts    redundant     glue     trail          remaining
c          level      rate        size/glue  tier1    irredundant
c
c w 19.35  0 32 17  30  1 82812 2230 1.4 41 30 26 31 95% 299409 28202 68%
c I 20.96  0 32 17  36  1 91023 6342 1.4 41 30 26 31 95% 299409 28202 68%
c - 21.52  0 31 18  37  1 93434 1998 1.4 41 30 26 31 95% 299409 28202 68%
c p 21.54  0 31 18  37  1 93434 2336 1.4 41 30 26 31 95% 299409 28202 68%
c s 23.47  0 31 18  43  1 102184 6379 1.4 40 29 26 31 95% 299383 28202 68%
c s 23.54  0 31 18  43  1 102184 6364 1.4 40 29 26 31 95% 299373 28202 68%
c e 23.55  0 31 18  43  1 102184 6364 1.4 40 29 26 31 95% 299364 28199 68%
c - 24.13  0 31 19  44  1 104715 1997 1.4 40 29 26 31 95% 299364 28199 68%
c p 24.14  0 31 19  44  1 104715 2685 1.4 40 29 26 31 95% 299364 28198 68%
c v 24.29  0 31 19  44  1 104715 2646 1.4 40 29 26 31 95% 299364 28198 68%
c w 24.30  0 31 19  44  1 104715 2641 1.4 40 29 26 31 95% 299364 28198 68%
c B 24.37  0 31 19  44  1 105025 2807 1.4 40 29 26 31 95% 299364 28198 68%
c - 26.76  0 30 20  46  1 116655 2305 1.4 40 29 26 31 95% 299354 28198 68%
c p 26.77  0 30 20  46  1 116655 3262 1.4 40 29 26 31 95% 299354 28198 68%
c W 27.99  0 30 20  48  1 120026 5167 1.4 40 29 26 31 95% 299354 28198 68%
c - 29.84  0 30 21  53  1 129258 2583 1.4 40 28 26 31 95% 299354 28198 68%
c p 29.86  0 30 21  53  1 129258 3620 1.4 40 28 26 31 95% 299354 28198 68%
c u 29.89  0 30 21  53  1 129258 3592 1.4 40 28 26 31 95% 299354 28198 68%
c v 29.95  0 30 21  53  1 129258 3544 1.4 40 28 26 31 95% 299354 28198 68%
c w 29.96  0 30 21  53  1 129258 3526 1.4 40 28 26 31 95% 299354 28198 68%
c
c  seconds  reductions  conflicts        size    tier2         variables
c         MB     restarts     redundant     glue     trail          remaining
c          level      rate         size/glue  tier1    irredundant
c
c F 31.34  0 30 21  58  1 136027 7343 1.4 40 28 26 31 95% 299354 28198 68%
c - 32.63  0 30 22  60  1 142525 2769 1.4 41 28 24 31 95% 299354 28198 68%
c p 32.65  0 30 22  60  1 142525 3777 1.4 41 28 24 31 95% 299354 28198 68%
c s 32.86  0 30 22  60  1 143083 3719 1.4 41 28 24 31 95% 299343 28198 68%
c e 32.90  0 30 22  60  1 143083 3693 1.4 41 28 24 31 95% 299337 28196 68%
c s 32.92  0 30 22  60  1 143083 3678 1.4 41 28 24 31 95% 299324 28196 68%
c e 32.94  0 30 22  60  1 143083 3669 1.4 41 28 24 31 95% 299319 28194 68%
c B 34.83  0 31 22  61  1 153028 9189 1.4 41 29 24 31 95% 299319 28194 68%
c - 35.56  0 31 23  61  1 156457 2832 1.4 41 29 24 31 95% 299319 28194 68%
c p 35.58  0 31 23  61  1 156457 3890 1.4 41 29 24 31 95% 299319 28194 68%
c u 35.88  0 31 23  61  1 156457 3858 1.4 41 29 24 31 95% 299319 28194 68%
c v 35.91  0 31 23  61  1 156457 3843 1.4 41 29 24 31 95% 299319 28194 68%
c w 35.92  0 31 23  61  1 156457 3839 1.4 41 29 24 31 95% 299319 28194 68%
c W 39.46  0 30 23  62  1 171029 11294 1.4 41 29 24 31 95% 299319 28194 68%
c - 39.48  0 30 24  62  1 171053 2858 1.4 41 29 24 31 95% 299319 28194 68%
c p 39.49  0 30 24  62  1 171053 4035 1.4 41 29 24 31 95% 299319 28194 68%
c u 39.53  0 30 24  62  1 171053 4026 1.4 41 29 24 31 95% 299319 28194 68%
c v 39.55  0 30 24  62  1 171053 4005 1.4 41 29 24 31 95% 299319 28194 68%
c w 39.56  0 30 24  62  1 171053 3994 1.4 41 29 24 31 95% 299319 28194 68%
c - 42.75  0 30 25  62  1 186314 2836 1.4 40 28 24 31 95% 299319 28194 68%
c
c  seconds  reductions  conflicts        size    tier2         variables
c         MB     restarts     redundant     glue     trail          remaining
c          level      rate         size/glue  tier1    irredundant
c
c p 42.77  0 30 25  62  1 186314 4171 1.4 40 28 24 31 95% 299319 28194 68%
c u 42.80  0 30 25  62  1 186314 4158 1.4 40 28 24 31 95% 299319 28194 68%
c v 42.83  0 30 25  62  1 186314 4136 1.4 40 28 24 31 95% 299319 28194 68%
c w 42.84  0 30 25  62  1 186314 4131 1.4 40 28 24 31 95% 299319 28194 68%
c # 43.65  0 30 25  62  1 190034 5832 1.4 40 28 24 31 95% 299319 28194 68%
c s 43.84  0 30 25  62  1 190799 6356 1.4 40 28 24 31 95% 299311 28194 68%
c e 43.87  0 30 25  62  1 190799 6355 1.4 40 28 24 31 95% 299305 28192 68%
c s 43.90  0 30 25  62  1 190799 6348 1.4 40 28 24 31 95% 299297 28192 68%
c e 43.92  0 30 25  62  1 190799 6332 1.4 40 28 24 31 95% 299287 28188 68%
c - 46.10  0 30 26  65  1 202242 3208 1.4 40 28 24 30 95% 299287 28188 68%
c p 46.11  0 30 26  65  1 202242 4361 1.4 40 28 24 30 95% 299287 28187 68%
c u 46.15  0 30 26  65  1 202242 4332 1.4 40 28 24 30 95% 299287 28187 68%
c v 46.17  0 30 26  65  1 202242 4305 1.4 40 28 24 30 95% 299287 28187 68%
c w 46.17  0 30 26  65  1 202242 4303 1.4 40 28 24 30 95% 299287 28187 68%
c B 47.67  0 30 26  69  1 210035 8392 1.4 41 29 24 30 95% 299287 28187 68%
c - 49.46  0 30 27  75  1 218837 3170 1.4 40 29 24 30 95% 299277 28187 68%
c p 49.48  0 30 27  75  1 218837 4425 1.4 40 29 24 30 95% 299277 28187 68%
c u 49.52  0 30 27  75  1 218837 4404 1.4 40 29 24 30 95% 299277 28187 68%
c v 49.53  0 30 27  75  1 218837 4399 1.4 40 29 24 30 95% 299277 28187 68%
c w 49.54  0 30 27  75  1 218837 4398 1.4 40 29 24 30 95% 299277 28187 68%
c
c  seconds  reductions  conflicts         size    tier2         variables
c         MB     restarts      redundant     glue     trail          remaining
c          level      rate          size/glue  tier1    irredundant
c
c W 52.68  0 30 27  77  1 231036 10274 1.4 40 28 24 30 95% 299277 28187 68%
c - 53.73  0 30 28  80  1 236100 3135 1.4 40 28 24 30 95% 299277 28187 68%
c p 53.74  0 30 28  80  1 236100 4578 1.4 40 28 24 30 95% 299277 28187 68%
c u 53.85  0 30 28  80  1 236100 4565 1.4 40 28 24 30 95% 299277 28187 68%
c v 53.87  0 30 28  80  1 236100 4553 1.4 40 28 24 30 95% 299277 28187 68%
c w 53.88  0 30 28  80  1 236100 4543 1.4 40 28 24 30 95% 299277 28187 68%
c s 55.85  0 30 28  85  1 245338 9407 1.4 40 28 24 30 95% 299268 28187 68%
c e 55.89  0 30 28  85  1 245338 9407 1.4 40 28 24 30 95% 299260 28184 68%
c s 55.90  0 30 28  85  1 245338 9402 1.4 40 28 24 30 95% 299252 28184 68%
c e 55.93  0 30 28  85  1 245338 9402 1.4 40 28 24 30 95% 299250 28183 68%
c O 57.72  0 30 28  90  1 253038 13136 1.4 40 28 24 30 95% 299250 28183 68%
c - 57.94  0 30 29  91  1 254032 3396 1.4 40 28 24 30 95% 299250 28183 68%
c p 57.96  0 30 29  91  1 254032 5015 1.4 40 28 24 30 95% 299250 28183 68%
c v 58.04  0 30 29  91  1 254032 4989 1.4 40 28 24 30 95% 299250 28183 68%
c w 58.05  0 30 29  91  1 254032 4986 1.4 40 28 24 30 95% 299250 28183 68%
c - 61.96  0 30 30  93  1 272630 3844 1.4 40 28 24 30 95% 299250 28183 68%
c p 61.96  0 30 30  93  1 272630 5719 1.4 40 28 24 30 95% 299250 28183 68%
c v 62.38  0 30 30  93  1 272630 5672 1.4 40 28 24 30 95% 299250 28183 68%
c w 62.39  0 30 30  93  1 272630 5666 1.4 40 28 24 30 95% 299250 28183 68%
c B 63.12  0 30 30  93  1 276039 7780 1.4 40 28 24 30 95% 299250 28183 68%
c
c  seconds  reductions  conflicts        size    tier2         variables
c         MB     restarts     redundant     glue     trail          remaining
c          level      rate         size/glue  tier1    irredundant
c
c - 66.36  0 30 31 100  1 291896 3934 1.4 40 28 24 30 95% 299250 28183 68%
c p 66.38  0 30 31 100  1 291896 5477 1.4 40 28 24 30 95% 299250 28183 68%
c u 66.43  0 30 31 100  1 291896 5460 1.4 40 28 24 30 95% 299250 28183 68%
c v 66.46  0 30 31 100  1 291896 5435 1.4 40 28 24 30 95% 299250 28183 68%
c w 66.47  0 30 31 100  1 291896 5427 1.4 40 28 24 30 95% 299250 28183 68%
c W 68.94  0 30 31 104  1 300041 10365 1.4 40 28 24 30 95% 299250 28183 68%
c s 70.30  0 30 31 107  1 306691 13850 1.4 40 28 24 30 95% 299248 28183 68%
c e 70.34  0 30 31 107  1 306691 13846 1.4 40 28 24 30 95% 299242 28180 68%
c s 70.36  0 30 31 107  1 306691 13842 1.4 40 28 24 30 95% 299229 28180 68%
c e 70.38  0 30 31 107  1 306691 13842 1.4 40 28 24 30 95% 299227 28179 68%
c - 71.55  0 30 32 108  1 311834 4200 1.4 40 28 24 30 95% 299227 28179 68%
c p 71.56  0 30 32 108  1 311834 5534 1.4 40 28 24 30 95% 299227 28178 68%
c u 71.60  0 30 32 108  1 311834 5513 1.4 40 28 24 30 95% 299227 28178 68%
c v 71.61  0 30 32 108  1 311834 5505 1.4 40 28 24 30 95% 299227 28178 68%
c w 71.61  0 30 32 108  1 311834 5495 1.4 40 28 24 30 95% 299227 28178 68%
c I 74.27  0 30 32 115  1 325042 12576 1.4 40 28 24 30 95% 299227 28178 68%
c - 75.92  0 30 33 119  1 332439 4239 1.4 40 28 24 30 95% 299217 28178 68%
c p 75.94  0 30 33 119  1 332439 5735 1.4 40 28 24 30 95% 299217 28178 68%
c u 75.99  0 30 33 119  1 332439 5720 1.4 40 28 24 30 95% 299217 28178 68%
c v 76.01  0 30 33 119  1 332439 5705 1.4 40 28 24 30 95% 299217 28178 68%
c
c  seconds  reductions  conflicts        size    tier2         variables
c         MB     restarts     redundant     glue     trail          remaining
c          level      rate         size/glue  tier1    irredundant
c
c w 76.02  0 30 33 119  1 332439 5696 1.4 40 28 24 30 95% 299217 28178 68%
c B 79.88  0 30 33 124  1 351043 16629 1.4 41 28 23 30 95% 299217 28178 68%
c - 80.47  0 30 34 124  1 353713 4584 1.4 41 28 23 30 95% 299217 28178 68%
c p 80.48  0 30 34 124  1 353713 6257 1.4 41 28 23 30 95% 299217 28178 68%
c u 80.59  0 30 34 124  1 353713 6248 1.4 41 28 23 30 95% 299217 28178 68%
c v 80.61  0 30 34 124  1 353713 6210 1.4 41 28 23 30 95% 299217 28178 68%
c w 80.62  0 30 34 124  1 353713 6202 1.4 41 28 23 30 95% 299217 28178 68%
c s 85.00  0 30 34 125  1 374862 17664 1.4 41 29 23 30 95% 299213 28178 68%
c e 85.05  0 30 34 125  1 374862 17664 1.4 41 29 23 30 95% 299210 28177 68%
c s 85.07  0 30 34 125  1 374862 17657 1.4 41 29 23 30 95% 299207 28177 68%
c e 85.09  0 30 34 125  1 374862 17656 1.4 41 29 23 30 95% 299205 28176 68%
c - 85.32  0 30 35 125  1 375659 4618 1.4 41 29 23 30 95% 299205 28176 68%
c p 85.34  0 30 35 125  1 375659 6134 1.4 41 29 23 30 95% 299205 28176 68%
c u 85.41  0 30 35 125  1 375659 6109 1.4 41 29 23 30 95% 299205 28176 68%
c w 85.43  0 30 35 125  1 375659 6076 1.4 41 29 23 30 95% 299205 28176 68%
c W 86.82  0 30 35 125  1 378048 7610 1.4 41 29 23 30 95% 299205 28176 68%
c - 90.92  0 31 36 125  1 398273 4761 1.4 41 29 24 30 95% 299205 28176 68%
c p 90.94  0 31 36 125  1 398273 6315 1.4 41 29 24 30 95% 299205 28175 68%
c u 91.00  0 31 36 125  1 398273 6294 1.4 41 29 24 30 95% 299205 28175 68%
c v 91.03  0 31 36 125  1 398273 6276 1.4 41 29 24 30 95% 299205 28175 68%
c
c  seconds  reductions  conflicts        size    tier2         variables
c         MB     restarts     redundant     glue     trail          remaining
c          level      rate         size/glue  tier1    irredundant
c
c w 91.04  0 31 36 125  1 398273 6260 1.4 41 29 24 30 95% 299205 28175 68%
c F 92.65  0 31 36 126  1 406050 10659 1.4 41 29 24 30 95% 299205 28175 68%
c - 95.81  0 31 37 126  1 421561 5190 1.4 42 29 24 30 95% 299195 28175 68%
c p 95.84  0 31 37 126  1 421561 6851 1.4 42 29 24 30 95% 299195 28175 68%
c u 95.90  0 31 37 126  1 421561 6823 1.4 42 29 24 30 95% 299195 28175 68%
c v 95.93  0 31 37 126  1 421561 6798 1.4 42 29 24 30 95% 299195 28175 68%
c w 95.94  0 31 37 126  1 421561 6791 1.4 42 29 24 30 95% 299195 28175 68%
c B 98.75  0 31 37 126  1 435052 15353 1.5 43 30 24 30 95% 299195 28175 68%
c - 101.01  0 31 38 126  1 445518 5602 1.5 43 30 24 30 95% 299195 28175 68%
c p 101.02  0 31 38 126  1 445518 7608 1.5 43 30 24 30 95% 299195 28175 68%
c u 101.45  0 31 38 126  1 445518 7597 1.5 43 30 24 30 95% 299195 28175 68%
c v 101.46  0 31 38 126  1 445518 7582 1.5 43 30 24 30 95% 299195 28175 68%
c w 101.47  0 31 38 126  1 445518 7580 1.5 43 30 24 30 95% 299195 28175 68%
c s 102.44  0 31 38 126  1 449852 9884 1.5 43 30 24 30 95% 299192 28175 68%
c e 102.47  0 31 38 126  1 449852 9837 1.5 43 30 24 30 95% 299188 28173 68%
c s 102.50  0 31 38 126  1 449852 9818 1.5 43 30 24 30 95% 299183 28173 68%
c e 102.52  0 31 38 126  1 449852 9818 1.5 43 30 24 30 95% 299181 28172 68%
c W 106.81  0 31 38 126  1 465053 17435 1.4 42 29 24 30 95% 299181 28172 68%
c - 107.89  0 31 39 130  1 470146 5296 1.4 42 29 24 30 95% 299181 28172 68%
c p 107.91  0 31 39 130  1 470146 7266 1.4 42 29 24 30 95% 299181 28172 68%
c
c  seconds   reductions  conflicts        size    tier2         variables
c          MB     restarts     redundant     glue     trail          remaining
c           level      rate         size/glue  tier1    irredundant
c
c u 107.99  0 31 39 130  1 470146 7218 1.4 42 29 24 30 95% 299181 28172 68%
c v 108.01  0 31 39 130  1 470146 7205 1.4 42 29 24 30 95% 299181 28172 68%
c w 108.03  0 31 39 130  1 470146 7189 1.4 42 29 24 30 95% 299181 28172 68%
c - 113.22  0 30 40 141  1 495445 5499 1.5 42 29 24 30 95% 299181 28172 68%
c p 113.24  0 30 40 141  1 495445 7474 1.5 42 29 24 30 95% 299181 28172 68%
c u 113.33  0 30 40 141  1 495445 7444 1.5 42 29 24 30 95% 299181 28172 68%
c v 113.34  0 30 40 141  1 495445 7391 1.5 42 29 24 30 95% 299181 28172 68%
c w 113.35  0 30 40 141  1 495445 7384 1.5 42 29 24 30 95% 299181 28172 68%
c # 113.49  0 30 40 141  1 496054 7790 1.5 42 29 24 30 95% 299181 28172 68%
c - 118.57  0 31 41 155  1 521415 6006 1.5 44 29 24 30 95% 299181 28172 68%
c p 118.58  0 31 41 155  1 521415 7738 1.5 44 29 24 30 95% 299181 28172 68%
c u 118.71  0 31 41 155  1 521415 7696 1.5 44 29 24 30 95% 299181 28172 68%
c v 118.73  0 31 41 155  1 521415 7674 1.5 44 29 24 30 95% 299181 28172 68%
c w 118.74  0 31 41 155  1 521415 7665 1.5 44 29 24 30 95% 299181 28172 68%
c B 119.99  0 31 41 156  1 528056 11788 1.5 44 29 24 30 95% 299181 28172 68%
c s 120.75  0 31 41 156  1 531661 13726 1.5 44 29 24 30 95% 299180 28172 68%
c e 120.78  0 31 41 156  1 531661 13722 1.5 44 29 24 30 95% 299178 28171 68%
c s 120.81  0 31 41 156  1 531661 13713 1.5 44 29 24 30 95% 299177 28171 68%
c e 120.82  0 31 41 156  1 531661 13703 1.5 44 29 24 30 95% 299170 28168 68%
c - 124.09  0 31 42 157  1 548059 5952 1.5 44 29 24 30 95% 299170 28168 68%
c
c  seconds   reductions  conflicts        size    tier2         variables
c          MB     restarts     redundant     glue     trail          remaining
c           level      rate         size/glue  tier1    irredundant
c
c p 124.11  0 31 42 157  1 548059 7762 1.5 44 29 24 30 95% 299170 28167 68%
c u 124.19  0 31 42 157  1 548059 7703 1.5 44 29 24 30 95% 299170 28167 68%
c v 124.21  0 31 42 157  1 548059 7686 1.5 44 29 24 30 95% 299170 28167 68%
c w 124.22  0 31 42 157  1 548059 7673 1.5 44 29 24 30 95% 299170 28167 68%
c W 127.87  0 31 42 165  1 561057 14100 1.5 43 30 24 30 95% 299160 28167 68%
c - 130.79  0 31 43 172  1 575374 5485 1.5 43 29 24 30 95% 299160 28167 68%
c p 130.80  0 31 43 172  1 575374 7444 1.5 43 29 24 30 95% 299160 28167 68%
c u 130.89  0 31 43 172  1 575374 7411 1.5 43 29 24 30 95% 299160 28167 68%
c v 130.91  0 31 43 172  1 575374 7391 1.5 43 29 24 30 95% 299160 28167 68%
c w 130.92  0 31 43 172  1 575374 7379 1.5 43 29 24 30 95% 299160 28167 68%
c O 134.88  0 31 43 181  1 595060 17746 1.5 43 29 24 30 95% 299160 28167 68%
c - 136.59  0 31 44 186  1 603361 5793 1.5 42 29 24 30 95% 299160 28167 68%
c p 136.61  0 31 44 186  1 603361 8067 1.5 42 29 24 30 95% 299160 28167 68%
c u 136.69  0 31 44 186  1 603361 8036 1.5 42 29 24 30 95% 299160 28167 68%
c v 136.72  0 31 44 186  1 603361 8017 1.5 42 29 24 30 95% 299160 28167 68%
c w 136.74  0 31 44 186  1 603361 8003 1.5 42 29 24 30 95% 299160 28167 68%
c s 140.35  0 30 44 188  1 620294 17391 1.4 41 29 24 30 95% 299154 28167 68%
c s 140.41  0 30 44 188  1 620294 17381 1.4 41 29 24 30 95% 299153 28167 68%
c B 142.62  0 30 44 188  1 630063 22822 1.4 41 29 24 30 95% 299153 28167 68%
c - 143.05  0 30 45 189  1 632022 6275 1.4 41 29 24 30 95% 299153 28167 68%
c
c  seconds   reductions  conflicts        size    tier2         variables
c          MB     restarts     redundant     glue     trail          remaining
c           level      rate         size/glue  tier1    irredundant
c
c p 143.07  0 30 45 189  1 632022 8638 1.4 41 29 24 30 95% 299153 28167 68%
c v 143.17  0 30 45 189  1 632022 8585 1.4 41 29 24 30 95% 299153 28167 68%
c w 143.18  0 30 45 189  1 632022 8574 1.4 41 29 24 30 95% 299153 28167 68%
c - 149.19  0 31 46 189  1 661355 6208 1.4 42 29 24 30 95% 299153 28167 68%
c p 149.23  0 31 46 189  1 661355 8292 1.4 42 29 24 30 95% 299153 28167 68%
c u 149.32  0 31 46 189  1 661355 8269 1.4 42 29 24 30 95% 299153 28167 68%
c v 149.34  0 31 46 189  1 661355 8254 1.4 42 29 24 30 95% 299153 28167 68%
c w 149.35  0 31 46 189  1 661355 8244 1.4 42 29 24 30 95% 299153 28167 68%
c W 151.66  0 31 46 191  1 666065 10706 1.4 42 29 24 30 95% 299153 28167 68%
c - 156.89  0 31 47 204  1 691361 6102 1.4 42 29 24 30 95% 299153 28167 68%
c p 156.91  0 31 47 204  1 691361 8349 1.4 42 29 24 30 95% 299153 28167 68%
c u 157.45  0 31 47 204  1 691361 8284 1.4 42 29 24 30 95% 299153 28167 68%
c v 157.48  0 31 47 204  1 691361 8269 1.4 42 29 24 30 95% 299153 28167 68%
c w 157.50  0 31 47 204  1 691361 8257 1.4 42 29 24 30 95% 299153 28167 68%
c I 159.81  0 31 47 209  1 703067 13762 1.4 41 29 24 30 95% 299153 28167 68%
c s 162.67  0 30 47 216  1 715741 20941 1.4 41 29 24 30 95% 299152 28167 68%
c s 162.74  0 30 47 216  1 715741 20928 1.4 41 29 24 30 95% 299151 28167 68%
c - 164.23  0 30 48 218  1 722040 6362 1.4 41 29 24 30 95% 299151 28167 68%
c p 164.26  0 30 48 218  1 722040 8723 1.4 41 29 24 30 95% 299151 28167 68%
c u 164.35  0 30 48 218  1 722040 8681 1.4 41 29 24 30 95% 299151 28167 68%
c
c  seconds   reductions  conflicts        size    tier2         variables
c          MB     restarts     redundant     glue     trail          remaining
c           level      rate         size/glue  tier1    irredundant
c
c v 164.38  0 30 48 218  1 722040 8624 1.4 41 29 24 30 95% 299151 28167 68%
c w 164.40  0 30 48 218  1 722040 8606 1.4 41 29 24 30 95% 299151 28167 68%
c B 168.50  0 30 48 220  1 741069 20863 1.5 43 29 24 30 95% 299151 28167 68%
c - 171.09  0 31 49 225  1 753393 7533 1.5 44 29 24 30 95% 299151 28167 68%
c p 171.10  0 31 49 225  1 753393 9792 1.5 44 29 24 30 95% 299151 28167 68%
c c 171.18  0 31 49 225  1 753393 9792 1.5 44 29 24 30 95% 299152 28167 68%
c d 171.19  0 31 49 225  1 753393 9792 1.5 44 29 24 30 95% 299150 28166 68%
c 2 171.22  0 31 49 225  1 753393 9792 1.5 44 29 24 30 95% 299142 28166 68%
c u 171.29  0 31 49 225  1 753393 9739 1.5 44 29 24 30 95% 299142 28166 68%
c v 171.31  0 31 49 225  1 753393 9701 1.5 44 29 24 30 95% 299142 28166 68%
c w 171.33  0 31 49 225  1 753393 9683 1.5 44 29 24 30 95% 299142 28166 68%
c W 178.18  0 31 49 235  1 780071 24780 1.5 44 29 24 30 95% 299142 28166 68%
c - 179.27  0 31 50 239  1 785418 7291 1.5 44 29 24 30 95% 299142 28166 68%
c p 179.29  0 31 50 239  1 785418 9762 1.5 44 29 24 30 95% 299142 28166 68%
c u 179.37  0 31 50 239  1 785418 9729 1.5 44 29 24 30 95% 299142 28166 68%
c v 179.41  0 31 50 239  1 785418 9705 1.5 44 29 24 30 95% 299142 28166 68%
c w 179.42  0 31 50 239  1 785418 9679 1.5 44 29 24 30 95% 299142 28166 68%
c s 185.88  0 31 50 251  1 818006 27620 1.5 44 30 24 30 95% 299142 28166 68%
c s 185.94  0 31 50 251  1 818006 27600 1.5 44 30 24 30 95% 299142 28166 68%
c - 186.02  0 31 51 251  1 818116 7310 1.5 44 30 24 30 95% 299142 28166 68%
c
c  seconds   reductions  conflicts        size    tier2         variables
c          MB     restarts     redundant     glue     trail          remaining
c           level      rate         size/glue  tier1    irredundant
c
c p 186.04  0 31 51 251  1 818116 9568 1.5 44 30 24 30 95% 299142 28166 68%
c u 186.12  0 31 51 251  1 818116 9529 1.5 44 30 24 30 95% 299142 28166 68%
c v 186.14  0 31 51 251  1 818116 9490 1.5 44 30 24 30 95% 299142 28166 68%
c w 186.15  0 31 51 251  1 818116 9477 1.5 44 30 24 30 95% 299142 28166 68%
c F 186.52  0 31 51 251  1 820073 10651 1.5 44 30 24 30 95% 299142 28166 68%
c - 192.58  0 32 52 252  1 851488 7196 1.5 44 30 24 30 95% 299142 28166 68%
c p 192.60  0 32 52 252  1 851488 9352 1.5 44 30 24 30 95% 299142 28166 68%
c v 192.73  0 32 52 252  1 851488 9271 1.5 44 30 24 30 95% 299142 28166 68%
c w 192.75  0 32 52 252  1 851488 9250 1.5 44 30 24 30 95% 299142 28166 68%
c B 194.71  0 32 52 252  1 861075 14154 1.4 44 30 24 30 95% 299142 28166 68%
c - 199.61  0 32 53 253  1 885535 7307 1.4 43 30 24 30 95% 299142 28166 68%
c p 199.63  0 32 53 253  1 885535 9680 1.4 43 30 24 30 95% 299142 28166 68%
c u 199.79  0 32 53 253  1 885535 9631 1.4 43 30 24 30 95% 299142 28166 68%
c w 199.83  0 32 53 253  1 885535 9600 1.4 43 30 24 30 95% 299142 28166 68%
c W 205.01  0 32 53 253  1 903078 19837 1.4 44 30 24 30 95% 299142 28166 68%
c - 208.81  0 32 54 253  1 920255 7649 1.4 43 30 24 30 95% 299142 28166 68%
c p 208.83  0 32 54 253  1 920255 10193 1.4 43 30 24 30 95% 299142 28166 68%
c u 208.92  0 32 54 253  1 920255 10166 1.4 43 30 24 30 95% 299142 28166 68%
c v 208.95  0 32 54 253  1 920255 10133 1.4 43 30 24 30 95% 299142 28166 68%
c w 208.97  0 32 54 253  1 920255 10116 1.4 43 30 24 30 95% 299142 28166 68%
c
c  seconds   reductions  conflicts         size    tier2         variables
c          MB     restarts      redundant     glue     trail          remaining
c           level      rate          size/glue  tier1    irredundant
c
c # 213.97  0 32 54 254  1 946081 24495 1.4 43 30 24 30 95% 299142 28166 68%
c - 215.93  0 32 55 254  1 955649 8007 1.4 44 30 24 30 95% 299142 28166 68%
c p 215.95  0 32 55 254  1 955649 10442 1.4 44 30 24 30 95% 299142 28166 68%
c u 216.03  0 32 55 254  1 955649 10411 1.4 44 30 24 30 95% 299142 28166 68%
c v 216.07  0 32 55 254  1 955649 10394 1.4 44 30 24 30 95% 299142 28166 68%
c w 216.09  0 32 55 254  1 955649 10380 1.4 44 30 24 30 95% 299142 28166 68%
c B 222.90  0 32 55 254  1 990082 28548 1.4 44 31 24 31 95% 299142 28166 68%
c - 223.23  0 32 56 254  1 991717 7790 1.4 44 31 24 31 95% 299142 28166 68%
c p 223.25  0 32 56 254  1 991717 10333 1.4 44 31 24 31 95% 299142 28166 68%
c u 223.35  0 32 56 254  1 991717 10290 1.4 44 31 24 31 95% 299142 28166 68%
c v 223.38  0 32 56 254  1 991717 10278 1.4 44 31 24 31 95% 299142 28166 68%
c w 223.40  0 32 56 254  1 991717 10260 1.4 44 31 24 31 95% 299142 28166 68%
c - 231.01  0 32 57 254  1 1028461 8055 1.4 44 31 24 31 95% 299142 28166 68%
c p 231.03  0 32 57 254  1 1028461 10768 1.4 44 31 24 31 95% 299142 28166 68%
c u 231.20  0 32 57 254  1 1028461 10725 1.4 44 31 24 31 95% 299142 28166 68%
c v 231.24  0 32 57 254  1 1028461 10655 1.4 44 31 24 31 95% 299142 28166 68%
c w 231.26  0 32 57 254  1 1028461 10644 1.4 44 31 24 31 95% 299142 28166 68%
c W 234.12  0 32 57 254  1 1035084 14352 1.5 44 31 24 31 95% 299142 28166 68%
c - 240.35  0 32 58 257  1 1065881 8506 1.5 45 30 24 31 95% 299142 28166 68%
c p 240.37  0 32 58 257  1 1065881 11156 1.5 45 30 24 31 95% 299142 28166 68%
c
c  seconds   reductions   conflicts         size    tier2         variables
c          MB     restarts       redundant     glue     trail          remaining
c           level      rate           size/glue  tier1    irredundant
c
c u 240.54  0 32 58 257  1 1065881 11121 1.5 45 30 24 31 95% 299142 28166 68%
c v 240.59  0 32 58 257  1 1065881 11057 1.5 45 30 24 31 95% 299142 28166 68%
c w 240.60  0 32 58 257  1 1065881 11040 1.5 45 30 24 31 95% 299142 28166 68%
c O 243.35  0 32 58 266  1 1081085 20339 1.5 46 30 24 31 95% 299142 28166 68%
c - 247.91  0 31 59 275  1 1103974 8838 1.5 44 30 24 31 95% 299142 28166 68%
c p 247.93  0 31 59 275  1 1103974 11584 1.5 44 30 24 31 95% 299142 28166 68%
c u 248.05  0 31 59 275  1 1103974 11544 1.5 44 30 24 31 95% 299142 28166 68%
c v 248.08  0 31 59 275  1 1103974 11473 1.5 44 30 24 31 95% 299142 28166 68%
c w 248.10  0 31 59 275  1 1103974 11461 1.5 44 30 24 31 95% 299142 28166 68%
c B 252.83  0 31 59 284  1 1128089 24533 1.5 43 29 24 31 95% 299142 28166 68%
c - 256.02  0 31 60 285  1 1142740 8819 1.5 44 30 24 31 95% 299142 28166 68%
c p 256.05  0 31 60 285  1 1142740 11458 1.5 44 30 24 31 95% 299142 28166 68%
c u 256.17  0 31 60 285  1 1142740 11422 1.5 44 30 24 31 95% 299142 28166 68%
c v 256.20  0 31 60 285  1 1142740 11372 1.5 44 30 24 31 95% 299142 28166 68%
c w 256.22  0 31 60 285  1 1142740 11351 1.5 44 30 24 31 95% 299142 28166 68%
c W 264.94  0 31 60 300  1 1176090 30225 1.5 44 30 24 31 95% 299142 28166 68%
c - 266.32  0 31 61 303  1 1182184 9048 1.5 45 30 24 31 95% 299142 28166 68%
c p 266.35  0 31 61 303  1 1182184 12142 1.5 45 30 24 31 95% 299142 28166 68%
c u 266.45  0 31 61 303  1 1182184 12108 1.5 45 30 24 31 95% 299142 28166 68%
c v 266.49  0 31 61 303  1 1182184 12016 1.5 45 30 24 31 95% 299142 28166 68%
c
c  seconds   reductions   conflicts         size    tier2         variables
c          MB     restarts       redundant     glue     trail          remaining
c           level      rate           size/glue  tier1    irredundant
c
c w 266.50  0 31 61 303  1 1182184 12003 1.5 45 30 24 31 95% 299142 28166 68%
c ] 267.82  0 31 61 307  1 1189197 16109 1.5 45 30 24 31 95% 299142 28166 68%
c ? 267.82  0 31 61 307  1 1189197 16109 1.5 45 30 24 31 95% 299142 28166 68%
c
c --- [ result ] -------------------------------------------------------------
c
c writing result to 'search-results/cadical-support70-cover-20260902/anchor-001-p0-s1.result'
c
c --- [ run-time profiling ] -------------------------------------------------
c
c process time taken by individual solving procedures
c (percentage relative to process time for solving)
c
c       256.46   95.78% search
c       241.91   90.34% stable
c        14.52    5.42% walk
c        11.30    4.22% simplify
c         3.79    1.42% vivify
c         1.84    0.69% sweep
c         1.08    0.40% congruence
c         1.07    0.40% backbone
c         0.84    0.31% elim
c         0.77    0.29% subsume
c         0.39    0.14% probe
c         0.29    0.11% ternary
c         0.06    0.02% parse
c         0.03    0.01% lucky
c   =================================
c       267.77   99.98% solve
c
c last line shows process time for solving
c (percentage relative to total process time)
c
c --- [ statistics ] ---------------------------------------------------------
c
c chronological:            115453         9.71 %  of conflicts
c conflicts:               1189197      4441.17    per second
c backbone:               80329042    194233.24 %  of vars
c decisions:               1258751      4700.92    per second
c eliminated:                 2852         6.90 %  of all variables
c fixed:                      9587        23.18 %  of all variables
c learned:                 1173110        98.65 %  per conflict
c learned_lits:          578150896       100.00 %  learned literals
c minimized:                     0         0.00 %  learned literals
c shrunken:              524177035        90.66 %  learned literals
c minishrunken:            3809543         0.66 %  learned literals
c otfs:                        575         0.05 %  of conflict
c propagations:         1035186056         3.87 M  per second
c reduced:                  634368        53.34 %  per conflict
c rephased:                     48     24774.94    interval
c restarts:                    307      3873.61    interval
c substituted:                 752         1.82 %  of all variables
c subsumed:                 524664        32.76 %  of all clauses
c strengthened:              32097         2.00 %  of all clauses
c ticks:               11788059686        14.85    propagation
c vivified:                   1443         0.09 %  of all clauses
c walked:                       16     74324.81    interval
c weakened:                  13502         2.76    average size
c congruence:                   16     74324.81    interval
c
c seconds are measured in process time for solving
c
c --- [ glue usage ] ---------------------------------------------------------
c
c focused glue 2 used 0 clauses 0.000% accumulated 0.000% tier1
c focused glue 3 used 0 clauses 0.000% accumulated 0.000%
c focused glue 4 used 0 clauses 0.000% accumulated 0.000%
c focused glue 5 used 0 clauses 0.000% accumulated 0.000%
c focused glue 6 used 0 clauses 0.000% accumulated 0.000% tier2
c
c stable glue 24 used 215093 clauses 5.628% accumulated 51.98% tier1
c stable glue 25 used 218182 clauses 5.709% accumulated 57.69%
c stable glue 26-29 used 821498 clauses 21.49% accumulated 79.19%
c stable glue 30 used 194611 clauses 5.092% accumulated 84.28%
c stable glue 31 used 177117 clauses 4.634% accumulated 88.91% tier2
c
c
c --- [ resources ] ----------------------------------------------------------
c
c total process time since initialization:       267.82    seconds
c total real time since initialization:          300.01    seconds
c maximum resident set size of process:          233.28    MB
c
c --- [ shutting down ] ------------------------------------------------------
c
c exit 0
