c --- [ banner ] -------------------------------------------------------------
c
c CaDiCaL SAT Solver
c Copyright (c) 2016-2026
c A. Biere, M. Fleury, N. Froleyks, K. Fazekas, F. Pollitt, T. Faller
c JKU Linz, University of Freiburg, TU Wien
c
c Version 3.0.1 c60730422e758ef1cebe7aeddf2dda31c996bf04
c Apple clang version 21.0.0 (clang-2100.1.1.101) -Wall -Wextra -O3 -DNDEBUG -DNCLOSEFROM
c Tue Sep 1 21:08:57 PDT 2026 Darwin retained-runner 25.6.0 arm64
c
c --- [ limit ] --------------------------------------------------------------
c
c setting time limit to 300 seconds real time (due to '-t 300')
c
c --- [ parsing input ] ------------------------------------------------------
c
c reading DIMACS file from 'search-results/cadical-support70-cover-20260902/cnf/anchor-004-p1-s1.cnf'
c opening file to read 'search-results/cadical-support70-cover-20260902/cnf/anchor-004-p1-s1.cnf'
c found 'p cnf 41357 414868' header
c parsed 414868 clauses in 0.05 seconds process time
c
c --- [ options ] ------------------------------------------------------------
c
c   --elimeffort=10                (different from default '1e3')
c   --stabilizeonly=true           (different from default 'false')
c   --subsumeeffort=60             (different from default '1e3')
c
c --- [ solving ] ------------------------------------------------------------
c
c time measured in process time since initialization
c
c  seconds  reduction conflicts       size tier2        variables
c         MB    restarts   redundant    glue  trail          remaining
c          level     rate       size/glu tier1  irredundant
c
c *  0.05  0  0 0   0  0    0    0 0.0 0 0 2 6  0% 329605 32300 78%
c )  0.07  0  0 0   0  0    0    0 0.0 0 0 2 6  0% 329605 32300 78%
c [  0.08  0  0 0   0  0    0    0 0.0 0 0 2 6  0% 329605 32300 78%
c i  0.08  0  1 0   0 32    1    0 0.0 1 0 2 6 92% 329605 32261 78%
c i  0.09  0 30 0   0 10    7    4 2.6 11 4 2 6 91% 329605 32256 78%
c i  0.10  0 35 0   0  1  151   45 1.1 34 29 2 6 97% 329605 32247 78%
c -  0.14  0 35 1   0  1  303   45 1.1 34 30 2 6 97% 314363 32237 78%
c -  0.25  0 34 2   0  1  955  267 2.5 66 27 2 6 97% 314354 32237 78%
c I  0.26  0 34 2   0  1 1002  312 2.5 67 27 2 6 97% 314354 32237 78%
c -  0.50  0 32 3   1  1 2111  415 2.3 59 26 2 6 94% 314331 32237 78%
c B  0.71  0 30 3   2  1 3004  933 2.0 51 26 2 6 94% 314312 32237 78%
c 2  0.71  0 30 3   2  1 3045  967 2.0 51 26 2 6 94% 314309 32237 78%
c d  0.72  0 30 3   2  1 3045  967 2.0 51 26 2 6 94% 312999 31582 76%
c c  0.80  0 30 3   2  1 3045  967 2.0 51 26 2 6 94% 312995 31582 76%
c d  0.80  0 30 3   2  1 3045  967 2.0 51 26 2 6 94% 312991 31580 76%
c -  1.04  0 32 4   2  1 3832  466 1.9 51 27 2 6 92% 312980 31580 76%
c W  1.58  0 32 4   4  1 6007 1725 1.8 51 29 27 33 92% 312954 31580 76%
c -  1.61  0 32 5   4  1 6146  551 1.8 51 29 28 33 92% 312952 31580 76%
c s  1.72  0 33 5   5  1 6705  848 1.7 51 29 28 33 92% 312921 31580 76%
c e  1.93  0 33 5   5  1 6705  466 1.7 51 29 28 33 92% 307473 28969 70%
c
c  seconds  reduction conflicts       size    tier2         variables
c         MB    restarts   redundant     glue     trail          remaining
c          level     rate       size/glue  tier1    irredundant
c
c s  1.95  0 33 5   5  1 6705  466 1.7 51 29 28 33 92% 307471 28969 70%
c e  1.98  0 33 5   5  1 6705  466 1.7 51 29 28 33 92% 307389 28953 70%
c -  2.55  0 33 6   6  1 9075  487 1.6 49 30 28 34 95% 307389 28953 70%
c F  2.74  0 33 6   6  1 10012  937 1.6 48 30 29 33 95% 307389 28953 70%
c c  3.00  0 33 6   6  1 10849 1430 1.6 47 30 29 33 95% 307395 28953 70%
c d  3.00  0 33 6   6  1 10849 1430 1.6 47 30 29 33 95% 307383 28947 70%
c 2  3.01  0 33 6   6  1 10849 1430 1.6 47 30 29 33 95% 307330 28947 70%
c -  3.43  0 33 7   7  1 12617  688 1.6 47 30 29 33 95% 307330 28947 70%
c B  4.01  0 33 7   9  1 15017 1977 1.5 46 31 29 33 95% 307330 28947 70%
c -  4.33  0 33 8  10  1 16794  870 1.5 47 31 29 33 95% 307330 28947 70%
c u  4.41  0 33 8  10  1 16794  860 1.5 47 31 29 33 95% 307330 28947 70%
c v  4.42  0 33 8  10  1 16794  840 1.5 47 31 29 33 95% 307330 28947 70%
c w  4.43  0 33 8  10  1 16794  834 1.5 47 31 29 33 95% 307330 28947 70%
c x  4.44  0 33 8  10  1 16794  834 1.5 47 31 29 33 95% 307185 28947 70%
c s  5.13  0 33 8  12  1 20341 2767 1.5 46 31 29 33 95% 307185 28947 70%
c e  5.17  0 33 8  12  1 20341 2767 1.5 46 31 29 33 95% 307145 28940 70%
c s  5.20  0 33 8  12  1 20341 2767 1.5 46 31 29 33 95% 307141 28940 70%
c e  5.21  0 33 8  12  1 20341 2767 1.5 46 31 29 33 95% 307124 28936 70%
c W  5.55  0 33 8  13  1 21020 3114 1.5 46 31 29 33 95% 307124 28936 70%
c -  5.69  0 33 9  13  1 21613  939 1.5 46 31 29 33 95% 307124 28936 70%
c
c  seconds  reductions conflicts       size    tier2         variables
c         MB    restarts    redundant     glue     trail          remaining
c          level     rate        size/glue  tier1    irredundant
c
c c  5.76  0 33 9  13  1 21613  939 1.5 46 31 29 33 95% 307208 28936 70%
c d  5.77  0 33 9  13  1 21613  939 1.5 46 31 29 33 95% 307040 28852 70%
c 2  5.78  0 33 9  13  1 21613  939 1.5 46 31 29 33 95% 306285 28852 70%
c -  6.79  0 33 10  14  1 27079 1137 1.5 46 31 29 33 95% 306285 28852 70%
c t  6.87  0 33 10  14  1 27079 1137 1.5 46 31 29 33 95% 306284 28852 70%
c #  7.05  0 33 10  14  1 28023 1660 1.5 46 31 29 33 95% 306284 28852 70%
c -  8.13  0 33 11  14  1 33191 1228 1.5 46 31 29 33 95% 306284 28852 70%
c u  8.17  0 33 11  14  1 33191 1215 1.5 46 31 29 33 95% 306284 28852 70%
c v  8.18  0 33 11  14  1 33191 1186 1.5 46 31 29 33 95% 306284 28852 70%
c w  8.19  0 33 11  14  1 33191 1185 1.5 46 31 29 33 95% 306284 28852 70%
c x  8.20  0 33 11  14  1 33191 1185 1.5 46 31 29 33 95% 306149 28852 70%
c B  8.74  0 33 11  17  1 36025 2698 1.5 46 31 29 33 95% 306149 28852 70%
c -  9.49  0 33 12  20  1 39959 1326 1.5 46 31 28 33 95% 306149 28852 70%
c s  9.83  0 33 12  20  1 40789 1736 1.5 46 31 28 33 95% 306149 28852 70%
c e  9.86  0 33 12  20  1 40789 1736 1.5 46 31 28 33 95% 306146 28851 70%
c s  9.88  0 33 12  20  1 40789 1734 1.5 46 31 28 33 95% 305961 28851 70%
c e  9.89  0 33 12  20  1 40789 1734 1.5 46 31 28 33 95% 305939 28829 70%
c W 10.91  0 33 12  21  1 45028 4043 1.4 45 31 28 33 95% 305939 28829 70%
c - 11.39  0 33 13  23  1 47384 1468 1.5 46 31 28 33 95% 305939 28829 70%
c p 11.40  0 33 13  23  1 47384 1494 1.5 46 31 28 33 95% 305939 28829 70%
c
c  seconds  reductions  conflicts       size    tier2         variables
c         MB     restarts    redundant     glue     trail          remaining
c          level      rate        size/glue  tier1    irredundant
c
c O 12.98  0 33 13  28  1 55030 6126 1.5 46 31 28 33 95% 305939 28829 70%
c - 13.11  0 33 14  28  1 55467 1726 1.5 46 31 28 33 95% 305939 28829 70%
c p 13.11  0 33 14  28  1 55467 1899 1.5 46 31 28 33 95% 305939 28829 70%
c u 13.13  0 33 14  28  1 55467 1870 1.5 46 31 28 33 95% 305937 28829 70%
c v 13.16  0 33 14  28  1 55467 1839 1.5 46 31 28 33 95% 305937 28829 70%
c w 13.16  0 33 14  28  1 55467 1838 1.5 46 31 28 33 95% 305937 28829 70%
c x 13.17  0 33 14  28  1 55467 1838 1.5 46 31 28 33 95% 305927 28829 70%
c - 15.03  0 33 15  29  1 64212 1754 1.4 45 31 28 33 95% 305927 28829 70%
c p 15.05  0 33 15  29  1 64212 2096 1.4 45 31 28 33 95% 305927 28829 70%
c c 15.11  0 33 15  29  1 64212 2096 1.4 45 31 28 33 95% 305934 28829 70%
c d 15.12  0 33 15  29  1 64212 2096 1.4 45 31 28 33 95% 305908 28816 70%
c 2 15.13  0 33 15  29  1 64212 2096 1.4 45 31 28 33 95% 305792 28816 70%
c B 15.51  0 33 15  29  1 66031 2899 1.4 44 31 28 33 95% 305792 28816 70%
c s 15.95  0 32 15  30  1 68052 3736 1.4 44 30 28 33 95% 305631 28816 70%
c e 16.00  0 32 15  30  1 68052 3734 1.4 44 30 28 33 95% 305595 28793 70%
c s 16.03  0 32 15  30  1 68052 3695 1.4 44 30 28 33 95% 305524 28793 70%
c e 16.06  0 32 15  30  1 68052 3690 1.4 44 30 28 33 95% 305468 28772 70%
c - 17.26  0 32 16  30  1 73624 1790 1.4 43 30 27 32 95% 305468 28772 70%
c p 17.27  0 32 16  30  1 73624 2149 1.4 43 30 27 32 95% 305468 28772 70%
c u 17.30  0 32 16  30  1 73624 2138 1.4 43 30 27 32 95% 305468 28772 70%
c
c  seconds  reductions  conflicts       size    tier2         variables
c         MB     restarts    redundant     glue     trail          remaining
c          level      rate        size/glue  tier1    irredundant
c
c v 17.34  0 32 16  30  1 73624 2109 1.4 43 30 27 32 95% 305468 28772 70%
c w 17.35  0 32 16  30  1 73624 2104 1.4 43 30 27 32 95% 305468 28772 70%
c W 18.66  0 32 16  30  1 78032 4629 1.4 44 30 27 32 95% 305468 28772 70%
c - 19.89  0 32 17  31  1 83696 1903 1.4 43 30 27 32 95% 305468 28772 70%
c p 19.89  0 32 17  31  1 83696 2200 1.4 43 30 27 32 95% 305468 28772 70%
c I 21.64  0 32 17  36  1 91033 6002 1.4 43 31 27 32 95% 305468 28772 70%
c - 22.41  0 32 18  37  1 94437 2118 1.4 43 30 27 32 95% 305468 28772 70%
c p 22.43  0 32 18  37  1 94437 2410 1.4 43 30 27 32 95% 305468 28772 70%
c u 22.46  0 32 18  37  1 94437 2393 1.4 43 30 27 32 95% 305468 28772 70%
c v 22.49  0 32 18  37  1 94437 2376 1.4 43 30 27 32 95% 305468 28772 70%
c w 22.49  0 32 18  37  1 94437 2374 1.4 43 30 27 32 95% 305468 28772 70%
c s 24.23  0 32 18  43  1 102136 7033 1.4 43 30 27 32 95% 305408 28772 70%
c e 24.27  0 32 18  43  1 102136 7031 1.4 43 30 27 32 95% 305389 28765 70%
c s 24.30  0 32 18  43  1 102136 7021 1.4 43 30 27 32 95% 305346 28765 70%
c e 24.32  0 32 18  43  1 102136 7021 1.4 43 30 27 32 95% 305334 28761 70%
c B 25.04  0 32 18  44  1 105034 8486 1.4 43 30 27 32 95% 305334 28761 70%
c - 25.22  0 32 19  44  1 105845 2430 1.4 43 30 27 32 95% 305334 28761 70%
c p 25.23  0 32 19  44  1 105845 2816 1.4 43 30 27 32 95% 305334 28761 70%
c - 27.73  0 32 20  47  1 117922 2375 1.4 43 30 27 32 95% 305334 28761 70%
c p 27.73  0 32 20  47  1 117922 2770 1.4 43 30 27 32 95% 305334 28761 70%
c
c  seconds  reductions  conflicts        size    tier2         variables
c         MB     restarts     redundant     glue     trail          remaining
c          level      rate         size/glue  tier1    irredundant
c
c v 27.88  0 32 20  47  1 117922 2710 1.4 43 30 27 32 95% 305334 28761 70%
c w 27.90  0 32 20  47  1 117922 2699 1.4 43 30 27 32 95% 305334 28761 70%
c W 28.93  0 32 20  48  1 120035 3833 1.4 43 30 27 32 95% 305334 28761 70%
c - 31.22  0 32 21  54  1 130667 2466 1.4 43 30 27 32 95% 305334 28761 70%
c p 31.23  0 32 21  54  1 130667 3031 1.4 43 30 27 32 95% 305334 28761 70%
c F 32.46  0 32 21  58  1 136037 5910 1.4 43 30 27 32 95% 305334 28761 70%
c s 34.05  0 32 21  60  1 143035 9321 1.4 42 30 26 32 95% 305301 28761 70%
c e 34.09  0 32 21  60  1 143035 9317 1.4 42 30 26 32 95% 305288 28756 70%
c s 34.12  0 32 21  60  1 143035 9279 1.4 42 30 26 32 95% 305261 28756 70%
c e 34.15  0 32 21  60  1 143035 9272 1.4 42 30 26 32 95% 305238 28748 70%
c - 34.45  0 32 22  60  1 144084 2592 1.4 42 30 26 32 95% 305238 28748 70%
c p 34.46  0 32 22  60  1 144084 3278 1.4 42 30 26 32 95% 305238 28748 70%
c u 34.50  0 32 22  60  1 144084 3265 1.4 42 30 26 32 95% 305238 28748 70%
c v 34.55  0 32 22  60  1 144084 3224 1.4 42 30 26 32 95% 305238 28748 70%
c w 34.57  0 32 22  60  1 144084 3207 1.4 42 30 26 32 95% 305238 28748 70%
c B 36.41  0 32 22  61  1 153042 8569 1.4 43 30 26 32 95% 305238 28748 70%
c - 37.62  0 31 23  61  1 158176 2946 1.4 42 30 26 32 95% 305238 28748 70%
c p 37.64  0 31 23  61  1 158176 4131 1.4 42 30 26 32 95% 305238 28747 70%
c u 37.91  0 31 23  61  1 158176 4099 1.4 42 30 26 32 95% 305228 28747 70%
c v 37.92  0 31 23  61  1 158176 4094 1.4 42 30 26 32 95% 305228 28747 70%
c
c  seconds  reductions  conflicts        size    tier2         variables
c         MB     restarts     redundant     glue     trail          remaining
c          level      rate         size/glue  tier1    irredundant
c
c w 37.92  0 31 23  61  1 158176 4093 1.4 42 30 26 32 95% 305228 28747 70%
c W 41.52  0 31 23  62  1 171044 10533 1.4 42 29 26 32 95% 305228 28747 70%
c - 42.00  0 31 24  62  1 172936 2828 1.4 42 29 26 32 95% 305228 28747 70%
c p 42.01  0 31 24  62  1 172936 4321 1.4 42 29 26 32 95% 305228 28746 70%
c u 42.12  0 31 24  62  1 172936 4315 1.4 42 29 26 32 95% 305228 28746 70%
c v 42.14  0 31 24  62  1 172936 4291 1.4 42 29 26 32 95% 305228 28746 70%
c w 42.15  0 31 24  62  1 172936 4285 1.4 42 29 26 32 95% 305228 28746 70%
c - 45.56  0 30 25  62  1 188370 3221 1.5 42 29 26 32 95% 305218 28746 70%
c p 45.58  0 30 25  62  1 188370 4672 1.5 42 29 26 32 95% 305218 28746 70%
c u 45.62  0 30 25  62  1 188370 4665 1.5 42 29 26 32 95% 305218 28746 70%
c v 45.65  0 30 25  62  1 188370 4652 1.5 42 29 26 32 95% 305218 28746 70%
c w 45.66  0 30 25  62  1 188370 4648 1.5 42 29 26 32 95% 305218 28746 70%
c # 46.04  0 30 25  62  1 190045 5413 1.5 42 29 26 32 95% 305218 28746 70%
c s 46.24  0 30 25  62  1 190754 5184 1.5 42 29 26 32 95% 305199 28746 70%
c e 46.28  0 30 25  62  1 190754 5157 1.5 42 29 26 32 95% 305175 28738 69%
c s 46.30  0 30 25  62  1 190754 5150 1.5 42 29 26 32 95% 305147 28738 69%
c e 46.32  0 30 25  62  1 190754 5150 1.5 42 29 26 32 95% 305133 28733 69%
c - 49.02  0 31 26  66  1 204478 3199 1.4 42 29 25 31 95% 305133 28733 69%
c p 49.03  0 31 26  66  1 204478 4308 1.4 42 29 25 31 95% 305133 28733 69%
c u 49.07  0 31 26  66  1 204478 4293 1.4 42 29 25 31 95% 305133 28733 69%
c
c  seconds  reductions  conflicts        size    tier2         variables
c         MB     restarts     redundant     glue     trail          remaining
c          level      rate         size/glue  tier1    irredundant
c
c v 49.09  0 31 26  66  1 204478 4283 1.4 42 29 25 31 95% 305133 28733 69%
c w 49.09  0 31 26  66  1 204478 4280 1.4 42 29 25 31 95% 305133 28733 69%
c B 50.16  0 31 26  69  1 210047 7263 1.4 42 29 25 31 95% 305133 28733 69%
c - 52.47  0 31 27  76  1 221258 3448 1.4 42 30 25 31 95% 305133 28733 69%
c p 52.48  0 31 27  76  1 221258 4728 1.4 42 30 25 31 95% 305133 28732 69%
c u 52.53  0 31 27  76  1 221258 4711 1.4 42 30 25 31 95% 305133 28732 69%
c w 52.55  0 31 27  76  1 221258 4704 1.4 42 30 25 31 95% 305133 28732 69%
c W 55.42  0 31 27  77  1 231049 10039 1.4 43 30 25 31 95% 305123 28732 69%
c - 57.20  0 31 28  82  1 238715 3554 1.4 43 30 25 31 95% 305123 28732 69%
c p 57.21  0 31 28  82  1 238715 5168 1.4 43 30 25 31 95% 305123 28731 69%
c u 57.25  0 31 28  82  1 238715 5157 1.4 43 30 25 31 95% 305123 28731 69%
c v 57.27  0 31 28  82  1 238715 5153 1.4 43 30 25 31 95% 305123 28731 69%
c w 57.28  0 31 28  82  1 238715 5150 1.4 43 30 25 31 95% 305123 28731 69%
c s 58.88  0 31 28  85  1 245296 8596 1.4 43 30 25 31 95% 305102 28731 69%
c e 58.92  0 31 28  85  1 245296 8572 1.4 43 30 25 31 95% 305081 28727 69%
c s 58.95  0 31 28  85  1 245296 8565 1.4 43 30 25 31 95% 305062 28727 69%
c e 58.98  0 31 28  85  1 245296 8565 1.4 43 30 25 31 95% 305048 28722 69%
c O 60.84  0 31 28  90  1 253050 12557 1.4 42 30 25 31 95% 305048 28722 69%
c - 61.60  0 31 29  91  1 256849 3725 1.4 42 30 25 31 95% 305048 28722 69%
c p 61.62  0 31 29  91  1 256849 5409 1.4 42 30 25 31 95% 305048 28721 69%
c
c  seconds  reductions  conflicts        size    tier2         variables
c         MB     restarts     redundant     glue     trail          remaining
c          level      rate         size/glue  tier1    irredundant
c
c c 61.71  0 31 29  91  1 256849 5409 1.4 42 30 25 31 95% 305049 28721 69%
c d 61.72  0 31 29  91  1 256849 5405 1.4 42 30 25 31 95% 305037 28720 69%
c 2 61.73  0 31 29  91  1 256849 5405 1.4 42 30 25 31 95% 305029 28720 69%
c u 61.77  0 31 29  91  1 256849 5384 1.4 42 30 25 31 95% 305029 28720 69%
c v 61.79  0 31 29  91  1 256849 5381 1.4 42 30 25 31 95% 305029 28720 69%
c w 61.80  0 31 29  91  1 256849 5371 1.4 42 30 25 31 95% 305029 28720 69%
c - 65.67  0 31 30  93  1 275657 4041 1.4 42 29 25 31 95% 305029 28720 69%
c p 65.68  0 31 30  93  1 275657 5973 1.4 42 29 25 31 95% 305029 28720 69%
c v 66.05  0 31 30  93  1 275657 5934 1.4 42 29 25 31 95% 305029 28720 69%
c w 66.07  0 31 30  93  1 275657 5924 1.4 42 29 25 31 95% 305029 28720 69%
c B 66.18  0 31 30  93  1 276052 6201 1.4 42 29 25 31 95% 305029 28720 69%
c - 70.14  0 31 31 101  1 295139 4028 1.4 42 30 25 31 95% 305029 28720 69%
c p 70.16  0 31 31 101  1 295139 5919 1.4 42 30 25 31 95% 305029 28720 69%
c v 70.24  0 31 31 101  1 295139 5888 1.4 42 30 25 31 95% 305029 28720 69%
c w 70.26  0 31 31 101  1 295139 5875 1.4 42 30 25 31 95% 305029 28720 69%
c W 72.32  0 31 31 104  1 300053 8457 1.4 42 30 25 31 95% 305029 28720 69%
c s 73.87  0 31 31 107  1 306655 12069 1.4 42 30 25 31 95% 305018 28720 69%
c e 73.92  0 31 31 107  1 306655 12019 1.4 42 30 25 31 95% 305009 28717 69%
c s 73.95  0 31 31 107  1 306655 12006 1.4 42 30 25 31 95% 305000 28717 69%
c e 73.96  0 31 31 107  1 306655 12006 1.4 42 30 25 31 95% 304989 28713 69%
c
c  seconds  reductions  conflicts        size    tier2         variables
c         MB     restarts     redundant     glue     trail          remaining
c          level      rate         size/glue  tier1    irredundant
c
c - 76.00  0 31 32 108  1 315297 4223 1.4 42 29 25 31 95% 304989 28713 69%
c p 76.01  0 31 32 108  1 315297 5937 1.4 42 29 25 31 95% 304989 28713 69%
c u 76.14  0 31 32 108  1 315297 5914 1.4 42 29 25 31 95% 304989 28712 69%
c w 76.16  0 31 32 108  1 315297 5895 1.4 42 29 25 31 95% 304989 28712 69%
c I 78.39  0 31 32 115  1 325054 11249 1.4 42 29 25 31 95% 304989 28712 69%
c - 80.80  0 31 33 121  1 336131 4401 1.4 42 29 24 31 95% 304979 28712 69%
c p 80.83  0 31 33 121  1 336131 6105 1.4 42 29 24 31 95% 304979 28711 69%
c u 80.91  0 31 33 121  1 336131 6084 1.4 42 29 24 31 95% 304979 28711 69%
c v 80.92  0 31 33 121  1 336131 6067 1.4 42 29 24 31 95% 304979 28711 69%
c w 80.93  0 31 33 121  1 336131 6061 1.4 42 29 24 31 95% 304979 28711 69%
c B 84.51  0 30 33 124  1 351056 13689 1.4 41 29 24 31 95% 304979 28711 69%
c - 86.07  0 30 34 124  1 357644 4472 1.4 41 29 24 31 95% 304969 28711 69%
c p 86.08  0 30 34 124  1 357644 6458 1.4 41 29 24 31 95% 304969 28710 69%
c u 86.15  0 30 34 124  1 357644 6441 1.4 41 29 24 31 95% 304969 28710 69%
c v 86.17  0 30 34 124  1 357644 6427 1.4 41 29 24 31 95% 304969 28710 69%
c w 86.18  0 30 34 124  1 357644 6418 1.4 41 29 24 31 95% 304969 28710 69%
c s 89.88  0 30 34 125  1 374837 16054 1.4 41 29 24 31 95% 304964 28710 69%
c e 89.93  0 30 34 125  1 374837 16054 1.4 41 29 24 31 95% 304951 28709 69%
c s 89.95  0 30 34 125  1 374837 16037 1.4 41 29 24 31 95% 304943 28709 69%
c e 89.97  0 30 34 125  1 374837 16036 1.4 41 29 24 31 95% 304934 28706 69%
c
c  seconds  reductions  conflicts         size    tier2         variables
c         MB     restarts      redundant     glue     trail          remaining
c          level      rate          size/glue  tier1    irredundant
c
c W 91.79  0 30 34 125  1 378060 17849 1.4 41 29 24 31 95% 304934 28706 69%
c - 92.19  0 30 35 125  1 379833 4863 1.4 41 29 24 31 95% 304934 28706 69%
c p 92.21  0 30 35 125  1 379833 6627 1.4 41 29 24 31 95% 304934 28706 69%
c v 92.29  0 30 35 125  1 379833 6576 1.4 41 29 24 31 95% 304934 28706 69%
c w 92.30  0 30 35 125  1 379833 6565 1.4 41 29 24 31 95% 304934 28706 69%
c - 97.62  0 30 36 126  1 402701 4935 1.4 41 28 23 31 95% 304934 28706 69%
c p 97.63  0 30 36 126  1 402701 6895 1.4 41 28 23 31 95% 304934 28705 69%
c u 97.79  0 30 36 126  1 402701 6882 1.4 41 28 23 31 95% 304934 28705 69%
c v 97.81  0 30 36 126  1 402701 6859 1.4 41 28 23 31 95% 304934 28705 69%
c w 97.82  0 30 36 126  1 402701 6842 1.4 41 28 23 31 95% 304934 28705 69%
c F 98.54  0 30 36 126  1 406062 8517 1.4 41 28 23 31 95% 304934 28705 69%
c - 102.66  0 31 37 126  1 426247 5276 1.4 42 29 23 31 95% 304924 28705 69%
c p 102.67  0 31 37 126  1 426247 7115 1.4 42 29 23 31 95% 304924 28705 69%
c u 102.75  0 31 37 126  1 426247 7099 1.4 42 29 23 31 95% 304924 28705 69%
c v 102.76  0 31 37 126  1 426247 7065 1.4 42 29 23 31 95% 304924 28705 69%
c w 102.78  0 31 37 126  1 426247 7052 1.4 42 29 23 31 95% 304924 28705 69%
c B 104.47  0 31 37 126  1 435063 12396 1.5 42 29 23 31 95% 304924 28705 69%
c s 107.57  0 31 37 126  1 449838 20397 1.4 42 29 23 31 95% 304914 28705 69%
c s 107.64  0 31 37 126  1 449838 20388 1.4 42 29 23 31 95% 304914 28705 69%
c e 107.66  0 31 37 126  1 449838 20388 1.4 42 29 23 31 95% 304912 28704 69%
c
c  seconds   reductions  conflicts        size    tier2         variables
c          MB     restarts     redundant     glue     trail          remaining
c           level      rate         size/glue  tier1    irredundant
c
c - 107.84  0 31 38 126  1 450470 5560 1.4 42 29 23 31 95% 304912 28704 69%
c p 107.85  0 31 38 126  1 450470 7435 1.4 42 29 23 31 95% 304912 28704 69%
c u 108.30  0 31 38 126  1 450470 7402 1.4 42 29 23 31 95% 304912 28704 69%
c v 108.32  0 31 38 126  1 450470 7384 1.4 42 29 23 31 95% 304912 28704 69%
c w 108.34  0 31 38 126  1 450470 7373 1.4 42 29 23 31 95% 304912 28704 69%
c W 112.59  0 31 38 126  1 465064 14734 1.4 42 29 23 31 95% 304912 28704 69%
c - 114.99  0 31 39 133  1 475372 5451 1.4 42 29 23 31 95% 304912 28704 69%
c p 115.01  0 31 39 133  1 475372 7443 1.4 42 29 23 31 95% 304912 28704 69%
c u 115.08  0 31 39 133  1 475372 7419 1.4 42 29 23 31 95% 304912 28704 69%
c v 115.11  0 31 39 133  1 475372 7396 1.4 42 29 23 31 95% 304912 28704 69%
c w 115.13  0 31 39 133  1 475372 7386 1.4 42 29 23 31 95% 304912 28704 69%
c # 119.71  0 31 39 141  1 496067 18857 1.4 41 29 23 31 95% 304912 28704 69%
c - 120.76  0 31 40 144  1 500953 5987 1.4 42 29 23 31 95% 304912 28704 69%
c p 120.78  0 31 40 144  1 500953 8015 1.4 42 29 23 31 95% 304912 28704 69%
c v 120.89  0 31 40 144  1 500953 7979 1.4 42 29 23 31 95% 304912 28704 69%
c w 120.90  0 31 40 144  1 500953 7968 1.4 42 29 23 31 95% 304912 28704 69%
c - 126.08  0 31 41 156  1 527213 5970 1.4 42 30 23 31 95% 304912 28704 69%
c p 126.09  0 31 41 156  1 527213 7599 1.4 42 30 23 31 95% 304912 28704 69%
c c 126.16  0 31 41 156  1 527213 7599 1.4 42 30 23 31 95% 304914 28704 69%
c d 126.17  0 31 41 156  1 527213 7599 1.4 42 30 23 31 95% 304910 28702 69%
c
c  seconds   reductions  conflicts        size    tier2         variables
c          MB     restarts     redundant     glue     trail          remaining
c           level      rate         size/glue  tier1    irredundant
c
c 2 126.19  0 31 41 156  1 527213 7599 1.4 42 30 23 31 95% 304894 28702 69%
c u 126.24  0 31 41 156  1 527213 7589 1.4 42 30 23 31 95% 304894 28702 69%
c v 126.26  0 31 41 156  1 527213 7568 1.4 42 30 23 31 95% 304894 28702 69%
c w 126.28  0 31 41 156  1 527213 7556 1.4 42 30 23 31 95% 304894 28702 69%
c B 126.49  0 31 41 156  1 528072 8114 1.4 42 30 23 31 95% 304894 28702 69%
c s 127.16  0 31 41 156  1 531659 10033 1.4 43 30 23 31 95% 304891 28702 69%
c s 127.22  0 31 41 156  1 531659 10022 1.4 43 30 23 31 95% 304889 28702 69%
c e 127.24  0 31 41 156  1 531659 10022 1.4 43 30 23 31 95% 304887 28701 69%
c - 132.04  0 32 42 162  1 554153 5921 1.4 43 30 23 31 95% 304887 28701 69%
c p 132.06  0 32 42 162  1 554153 7843 1.4 43 30 23 31 95% 304887 28700 69%
c u 132.15  0 32 42 162  1 554153 7801 1.4 43 30 23 31 95% 304887 28700 69%
c v 132.17  0 32 42 162  1 554153 7783 1.4 43 30 23 31 95% 304887 28700 69%
c w 132.19  0 32 42 162  1 554153 7771 1.4 43 30 23 31 95% 304887 28700 69%
c W 134.82  0 32 42 165  1 561073 11561 1.4 43 30 23 31 95% 304877 28700 69%
c - 138.87  0 32 43 173  1 581774 5968 1.4 43 30 23 31 95% 304877 28700 69%
c p 138.89  0 32 43 173  1 581774 7787 1.4 43 30 23 31 95% 304877 28700 69%
c u 138.96  0 32 43 173  1 581774 7757 1.4 43 30 23 31 95% 304877 28700 69%
c v 138.99  0 32 43 173  1 581774 7728 1.4 43 30 23 31 95% 304877 28700 69%
c w 139.00  0 32 43 173  1 581774 7715 1.4 43 30 23 31 95% 304877 28700 69%
c O 141.60  0 32 43 181  1 595076 15137 1.4 43 30 24 31 95% 304877 28700 69%
c
c  seconds   reductions  conflicts        size    tier2         variables
c          MB     restarts     redundant     glue     trail          remaining
c           level      rate         size/glue  tier1    irredundant
c
c - 145.06  0 32 44 187  1 610073 6065 1.4 43 30 24 31 94% 304877 28700 69%
c p 145.08  0 32 44 187  1 610073 8038 1.4 43 30 24 31 94% 304877 28700 69%
c u 145.25  0 32 44 187  1 610073 8014 1.4 43 30 24 31 94% 304877 28700 69%
c v 145.28  0 32 44 187  1 610073 8001 1.4 43 30 24 31 94% 304877 28700 69%
c w 145.29  0 32 44 187  1 610073 7990 1.4 43 30 24 31 94% 304877 28700 69%
c s 147.42  0 31 44 188  1 620298 13896 1.5 43 30 24 31 94% 304876 28700 69%
c s 147.49  0 31 44 188  1 620298 13879 1.5 43 30 24 31 94% 304876 28700 69%
c e 147.51  0 31 44 188  1 620298 13875 1.5 43 30 24 31 94% 304874 28699 69%
c B 149.73  0 31 44 188  1 630080 18940 1.5 43 30 24 31 94% 304874 28699 69%
c - 151.70  0 31 45 189  1 639052 6196 1.4 43 30 24 31 94% 304874 28699 69%
c p 151.73  0 31 45 189  1 639052 8528 1.4 43 30 24 31 94% 304874 28699 69%
c v 151.82  0 31 45 189  1 639052 8449 1.4 43 30 24 31 94% 304874 28699 69%
c w 151.83  0 31 45 189  1 639052 8445 1.4 43 30 24 31 94% 304874 28699 69%
c W 158.75  0 31 45 191  1 666081 22644 1.5 43 30 24 31 94% 304874 28699 69%
c - 159.34  0 31 46 193  1 668713 6216 1.4 43 30 24 31 94% 304874 28699 69%
c p 159.36  0 31 46 193  1 668713 8449 1.4 43 30 24 31 94% 304874 28699 69%
c v 159.49  0 31 46 193  1 668713 8369 1.4 43 30 24 31 94% 304874 28699 69%
c w 159.51  0 31 46 193  1 668713 8364 1.4 43 30 24 31 94% 304874 28699 69%
c - 166.09  0 31 47 206  1 699054 6528 1.5 43 30 24 31 94% 304874 28699 69%
c p 166.11  0 31 47 206  1 699054 8922 1.5 43 30 24 31 94% 304874 28699 69%
c
c  seconds   reductions  conflicts        size    tier2         variables
c          MB     restarts     redundant     glue     trail          remaining
c           level      rate         size/glue  tier1    irredundant
c
c u 166.70  0 31 47 206  1 699054 8899 1.5 43 30 24 31 94% 304874 28699 69%
c v 166.73  0 31 47 206  1 699054 8860 1.5 43 30 24 31 94% 304874 28699 69%
c w 166.75  0 31 47 206  1 699054 8852 1.5 43 30 24 31 94% 304874 28699 69%
c I 167.62  0 31 47 209  1 703084 11079 1.5 43 30 24 31 94% 304874 28699 69%
c s 170.54  0 31 47 216  1 715756 18309 1.5 43 29 24 31 94% 304874 28699 69%
c e 170.57  0 31 47 216  1 715756 18303 1.5 43 29 24 31 94% 304871 28698 69%
c s 170.60  0 31 47 216  1 715756 18238 1.5 43 29 24 31 94% 304871 28698 69%
c - 174.16  0 30 48 219  1 730075 6673 1.5 42 29 24 31 94% 304871 28698 69%
c p 174.18  0 30 48 219  1 730075 9069 1.5 42 29 24 31 94% 304871 28698 69%
c u 174.37  0 30 48 219  1 730075 9017 1.5 42 29 24 31 94% 304871 28698 69%
c v 174.41  0 30 48 219  1 730075 8978 1.5 42 29 24 31 94% 304871 28698 69%
c w 174.42  0 30 48 219  1 730075 8961 1.5 42 29 24 31 94% 304871 28698 69%
c B 176.99  0 30 48 220  1 741085 15584 1.5 42 29 24 31 94% 304871 28698 69%
c - 181.59  0 31 49 229  1 761777 7147 1.5 43 29 24 31 94% 304871 28698 69%
c p 181.62  0 31 49 229  1 761777 9275 1.5 43 29 24 31 94% 304871 28698 69%
c u 181.70  0 31 49 229  1 761777 9232 1.5 43 29 24 31 94% 304871 28698 69%
c v 181.73  0 31 49 229  1 761777 9200 1.5 43 29 24 31 94% 304871 28698 69%
c w 181.74  0 31 49 229  1 761777 9170 1.5 43 29 24 31 94% 304871 28698 69%
c W 187.14  0 31 49 235  1 780087 19039 1.5 43 29 24 31 94% 304871 28698 69%
c - 190.46  0 31 50 244  1 794160 6940 1.5 43 29 24 31 94% 304871 28698 69%
c
c  seconds   reductions  conflicts        size    tier2         variables
c          MB     restarts     redundant     glue     trail          remaining
c           level      rate         size/glue  tier1    irredundant
c
c p 190.48  0 31 50 244  1 794160 9313 1.5 43 29 24 31 94% 304871 28698 69%
c u 190.57  0 31 50 244  1 794160 9287 1.5 43 29 24 31 94% 304871 28698 69%
c v 190.60  0 31 50 244  1 794160 9267 1.5 43 29 24 31 94% 304871 28698 69%
c w 190.62  0 31 50 244  1 794160 9249 1.5 43 29 24 31 94% 304871 28698 69%
c s 196.06  0 31 50 251  1 818032 21749 1.5 43 29 24 31 94% 304871 28698 69%
c s 196.12  0 31 50 251  1 818032 21730 1.5 43 29 24 31 94% 304871 28698 69%
c F 196.65  0 31 50 251  1 820089 22667 1.5 43 29 24 31 95% 304871 28698 69%
c - 198.13  0 31 51 251  1 827224 7084 1.5 43 30 24 31 95% 304871 28698 69%
c p 198.15  0 31 51 251  1 827224 9458 1.5 43 30 24 31 95% 304871 28698 69%
c u 198.23  0 31 51 251  1 827224 9400 1.5 43 30 24 31 95% 304871 28698 69%
c v 198.27  0 31 51 251  1 827224 9364 1.5 43 30 24 31 95% 304871 28698 69%
c w 198.29  0 31 51 251  1 827224 9355 1.5 43 30 24 31 95% 304871 28698 69%
c - 205.14  0 32 52 252  1 860969 7929 1.5 44 30 24 31 95% 304871 28698 69%
c p 205.16  0 32 52 252  1 860969 10518 1.5 44 30 24 31 95% 304871 28698 69%
c u 205.26  0 32 52 252  1 860969 10478 1.5 44 30 24 31 95% 304871 28698 69%
c v 205.29  0 32 52 252  1 860969 10462 1.5 44 30 24 31 95% 304871 28698 69%
c w 205.31  0 32 52 252  1 860969 10441 1.5 44 30 24 31 95% 304871 28698 69%
c B 205.37  0 32 52 252  1 861090 10516 1.5 44 30 24 31 95% 304871 28698 69%
c - 212.61  0 31 53 253  1 895397 7512 1.5 43 29 24 31 95% 304871 28698 69%
c p 212.63  0 31 53 253  1 895397 10088 1.5 43 29 24 31 95% 304871 28698 69%
c
c  seconds   reductions  conflicts         size    tier2         variables
c          MB     restarts      redundant     glue     trail          remaining
c           level      rate          size/glue  tier1    irredundant
c
c u 212.83  0 31 53 253  1 895397 10062 1.5 43 29 24 31 95% 304871 28698 69%
c w 212.87  0 31 53 253  1 895397 10035 1.5 43 29 24 31 95% 304871 28698 69%
c W 216.13  0 31 53 253  1 903091 13826 1.5 43 29 24 31 95% 304871 28698 69%
c - 222.09  0 30 54 254  1 930509 7405 1.5 41 28 24 31 95% 304871 28698 69%
c p 222.12  0 30 54 254  1 930509 9930 1.5 41 28 24 31 95% 304871 28698 69%
c u 222.23  0 30 54 254  1 930509 9901 1.5 41 28 24 31 95% 304871 28698 69%
c v 222.26  0 30 54 254  1 930509 9872 1.5 41 28 24 31 95% 304871 28698 69%
c w 222.29  0 30 54 254  1 930509 9847 1.5 41 28 24 31 95% 304871 28698 69%
c # 225.76  0 30 54 254  1 946092 18266 1.5 41 28 24 31 95% 304871 28698 69%
c - 230.24  0 30 55 254  1 966299 8343 1.5 44 29 24 31 95% 304871 28698 69%
c p 230.26  0 30 55 254  1 966299 10876 1.5 44 29 24 31 95% 304871 28698 69%
c u 230.36  0 30 55 254  1 966299 10850 1.5 44 29 24 31 95% 304871 28698 69%
c v 230.39  0 30 55 254  1 966299 10806 1.5 44 29 24 31 95% 304871 28698 69%
c w 230.41  0 30 55 254  1 966299 10794 1.5 44 29 24 31 95% 304871 28698 69%
c B 235.09  0 31 55 254  1 990094 23292 1.5 44 29 24 31 94% 304871 28698 69%
c - 237.85  0 31 56 254  1 1002771 8048 1.5 44 29 24 31 95% 304871 28698 69%
c p 237.87  0 31 56 254  1 1002771 10542 1.5 44 29 24 31 95% 304871 28698 69%
c u 237.97  0 31 56 254  1 1002771 10482 1.5 44 29 24 31 95% 304871 28698 69%
c v 238.01  0 31 56 254  1 1002771 10444 1.5 44 29 24 31 95% 304871 28698 69%
c w 238.02  0 31 56 254  1 1002771 10418 1.5 44 29 24 31 95% 304871 28698 69%
c
c  seconds   reductions   conflicts         size    tier2         variables
c          MB     restarts       redundant     glue     trail          remaining
c           level      rate           size/glue  tier1    irredundant
c
c W 246.25  0 31 56 254  1 1035097 26820 1.5 44 30 24 31 95% 304871 28698 69%
c - 247.40  0 31 57 254  1 1039925 7856 1.5 44 30 24 31 95% 304871 28698 69%
c p 247.42  0 31 57 254  1 1039925 10307 1.5 44 30 24 31 95% 304871 28698 69%
c u 247.56  0 31 57 254  1 1039925 10259 1.5 44 30 24 31 95% 304871 28698 69%
c v 247.59  0 31 57 254  1 1039925 10204 1.5 44 30 24 31 95% 304871 28698 69%
c w 247.61  0 31 57 254  1 1039925 10180 1.5 44 30 24 31 95% 304871 28698 69%
c - 256.03  0 31 58 264  1 1077761 7986 1.5 43 30 24 31 95% 304871 28698 69%
c p 256.05  0 31 58 264  1 1077761 10614 1.5 43 30 24 31 95% 304871 28698 69%
c u 256.14  0 31 58 264  1 1077761 10579 1.5 43 30 24 31 95% 304871 28698 69%
c v 256.17  0 31 58 264  1 1077761 10564 1.5 43 30 24 31 95% 304871 28698 69%
c w 256.19  0 31 58 264  1 1077761 10541 1.5 43 30 24 31 95% 304871 28698 69%
c O 256.92  0 31 58 266  1 1081099 12562 1.5 43 30 24 31 95% 304871 28698 69%
c - 264.82  0 31 59 282  1 1116279 8129 1.4 42 29 24 31 94% 304871 28698 69%
c 2 264.83  0 31 59 282  1 1116279 8129 1.4 42 29 24 31 94% 304871 28697 69%
c p 264.85  0 31 59 282  1 1116279 11170 1.4 42 29 24 31 94% 304871 28697 69%
c u 265.05  0 31 59 282  1 1116279 11134 1.4 42 29 24 31 94% 304871 28697 69%
c v 265.09  0 31 59 282  1 1116279 11071 1.4 42 29 24 31 94% 304871 28697 69%
c w 265.11  0 31 59 282  1 1116279 11049 1.4 42 29 24 31 94% 304871 28697 69%
c s 265.18  0 31 59 282  1 1116279 10977 1.4 42 29 24 31 94% 304867 28697 69%
c s 265.23  0 31 59 282  1 1116279 10950 1.4 42 29 24 31 94% 304855 28697 69%
c
c  seconds   reductions   conflicts         size    tier2         variables
c          MB     restarts       redundant     glue     trail          remaining
c           level      rate           size/glue  tier1    irredundant
c
c B 267.59  0 30 59 284  1 1128100 17499 1.4 41 29 23 31 94% 304855 28697 69%
c ] 268.00  0 30 59 285  1 1130702 19003 1.4 41 29 23 31 94% 304855 28697 69%
c ? 268.00  0 30 59 285  1 1130702 19003 1.4 41 29 23 31 94% 304855 28697 69%
c
c --- [ result ] -------------------------------------------------------------
c
c writing result to 'search-results/cadical-support70-cover-20260902/anchor-004-p1-s1.result'
c
c --- [ run-time profiling ] -------------------------------------------------
c
c process time taken by individual solving procedures
c (percentage relative to process time for solving)
c
c       256.28   95.64% search
c       242.94   90.67% stable
c        13.31    4.97% walk
c        11.67    4.36% simplify
c         3.73    1.39% vivify
c         1.92    0.72% sweep
c         1.37    0.51% congruence
c         1.03    0.38% backbone
c         0.87    0.33% subsume
c         0.87    0.32% elim
c         0.37    0.14% probe
c         0.28    0.10% ternary
c         0.05    0.02% parse
c         0.03    0.01% lucky
c   =================================
c       267.95   99.98% solve
c
c last line shows process time for solving
c (percentage relative to total process time)
c
c --- [ statistics ] ---------------------------------------------------------
c
c chronological:            104510         9.24 %  of conflicts
c conflicts:               1130702      4219.84    per second
c backbone:               77632919    187714.10 %  of vars
c decisions:               1193546      4454.38    per second
c eliminated:                 2766         6.69 %  of all variables
c fixed:                      9131        22.08 %  of all variables
c learned:                 1115893        98.69 %  per conflict
c learned_lits:          574610276       100.00 %  learned literals
c minimized:                     0         0.00 %  learned literals
c shrunken:              523045963        91.03 %  learned literals
c minishrunken:            4056948         0.71 %  learned literals
c otfs:                        599         0.05 %  of conflict
c propagations:         1007006615         3.76 M  per second
c reduced:                  594263        52.56 %  per conflict
c rephased:                     47     24057.49    interval
c restarts:                    285      3967.38    interval
c substituted:                 763         1.84 %  of all variables
c subsumed:                 505461        32.79 %  of all clauses
c strengthened:              35853         2.33 %  of all clauses
c ticks:               11469264567        14.80    propagation
c vivified:                   1327         0.09 %  of all clauses
c walked:                       15     75380.13    interval
c weakened:                  13256         2.79    average size
c congruence:                   19     59510.63    interval
c
c seconds are measured in process time for solving
c
c --- [ glue usage ] ---------------------------------------------------------
c
c focused glue 2 used 0 clauses 0.000% accumulated 0.000% tier1
c focused glue 3 used 0 clauses 0.000% accumulated 0.000%
c focused glue 4 used 0 clauses 0.000% accumulated 0.000%
c focused glue 5 used 0 clauses 0.000% accumulated 0.000%
c focused glue 6 used 0 clauses 0.000% accumulated 0.000% tier2
c
c stable glue 23 used 181206 clauses 4.773% accumulated 50.10% tier1
c stable glue 24 used 190677 clauses 5.023% accumulated 55.12%
c stable glue 25-29 used 938904 clauses 24.73% accumulated 79.86%
c stable glue 30 used 179734 clauses 4.734% accumulated 84.59%
c stable glue 31 used 165382 clauses 4.356% accumulated 88.95% tier2
c
c
c --- [ resources ] ----------------------------------------------------------
c
c total process time since initialization:       268.00    seconds
c total real time since initialization:          300.01    seconds
c maximum resident set size of process:          216.73    MB
c
c --- [ shutting down ] ------------------------------------------------------
c
c exit 0
