c --- [ banner ] -------------------------------------------------------------
c
c CaDiCaL SAT Solver
c Copyright (c) 2016-2026
c A. Biere, M. Fleury, N. Froleyks, K. Fazekas, F. Pollitt, T. Faller
c JKU Linz, University of Freiburg, TU Wien
c
c Version 3.0.1 c60730422e758ef1cebe7aeddf2dda31c996bf04
c Apple clang version 21.0.0 (clang-2100.1.1.101) -Wall -Wextra -O3 -DNDEBUG -DNCLOSEFROM
c Tue Sep 1 21:08:57 PDT 2026 Darwin retained-runner 25.6.0 arm64
c
c --- [ limit ] --------------------------------------------------------------
c
c setting time limit to 300 seconds real time (due to '-t 300')
c
c --- [ parsing input ] ------------------------------------------------------
c
c reading DIMACS file from 'search-results/cadical-support70-cover-20260902/cnf/anchor-002-p0-s1.cnf'
c opening file to read 'search-results/cadical-support70-cover-20260902/cnf/anchor-002-p0-s1.cnf'
c found 'p cnf 41357 414868' header
c parsed 414868 clauses in 0.05 seconds process time
c
c --- [ options ] ------------------------------------------------------------
c
c   --elimeffort=10                (different from default '1e3')
c   --stabilizeonly=true           (different from default 'false')
c   --subsumeeffort=60             (different from default '1e3')
c
c --- [ solving ] ------------------------------------------------------------
c
c time measured in process time since initialization
c
c  seconds  reduction conflicts       size tier2        variables
c         MB    restarts   redundant    glue  trail          remaining
c          level     rate       size/glu tier1  irredundant
c
c *  0.05  0  0 0   0  0    0    0 0.0 0 0 2 6  0% 329597 32370 78%
c )  0.06  0  0 0   0  0    0    0 0.0 0 0 2 6  0% 329597 32370 78%
c [  0.06  0  0 0   0  0    0    0 0.0 0 0 2 6  0% 329597 32370 78%
c i  0.06  0  1 0   0 33    1    0 0.0 1 0 2 6 94% 329597 32330 78%
c i  0.06  0 29 0   0 10    7    3 1.2 19 16 2 6 95% 329597 32327 78%
c i  0.08  0 35 0   0  2   93   23 1.1 33 30 2 6 96% 329597 32316 78%
c -  0.10  0 34 1   0  1  301   46 1.2 37 30 2 6 96% 314485 32306 78%
c -  0.22  0 34 2   0  1  949  231 2.0 54 28 2 6 96% 314478 32306 78%
c I  0.23  0 34 2   0  1 1002  280 2.0 56 28 2 6 96% 314477 32306 78%
c i  0.32  0 32 2   1  1 1483  545 1.8 49 27 2 6 95% 314464 32305 78%
c -  0.45  0 33 3   1  1 2102  299 1.6 47 28 2 6 95% 314439 32305 78%
c i  0.51  0 32 3   2  1 2247  377 1.6 46 28 2 6 92% 314436 32304 78%
c i  0.60  0 32 3   2  1 2641  642 1.6 45 28 2 6 92% 314431 32303 78%
c i  0.64  0 32 3   2  1 2847  755 1.6 45 29 2 6 92% 314428 32302 78%
c B  0.67  0 32 3   2  1 3003  856 1.6 45 29 2 6 92% 314424 32302 78%
c i  0.68  0 32 3   2  1 3026  873 1.6 45 29 2 6 92% 314424 32301 78%
c 2  0.69  0 32 3   2  1 3044  886 1.6 45 29 2 6 92% 314424 32300 78%
c d  0.69  0 32 3   2  1 3044  886 1.6 45 29 2 6 92% 313004 31645 77%
c c  0.78  0 32 3   2  1 3044  886 1.6 45 29 2 6 92% 312955 31645 77%
c d  0.78  0 32 3   2  1 3044  886 1.6 45 29 2 6 92% 312947 31641 77%
c
c  seconds  reduction conflicts       size   tier2        variables
c         MB    restarts   redundant     glue   trail          remaining
c          level     rate       size/glue  tier1  irredundant
c
c 2  0.79  0 32 3   2  1 3044  885 1.6 45 29 2 6 92% 312944 31641 77%
c i  0.88  0 32 3   2  1 3114  917 1.6 45 29 2 6 92% 312940 31640 77%
c i  0.89  0 32 3   2  1 3121  921 1.6 45 29 2 6 92% 312939 31639 77%
c i  0.90  0 32 3   2  1 3189  954 1.6 45 29 2 6 92% 312938 31638 76%
c i  0.91  0 32 3   2  1 3216  964 1.5 44 29 2 6 92% 312937 31637 76%
c i  0.94  0 32 3   2  1 3322 1022 1.5 44 29 2 6 92% 312935 31636 76%
c i  0.94  0 32 3   2  1 3330 1026 1.5 44 29 2 6 92% 312935 31635 76%
c i  0.94  0 32 3   2  1 3342 1029 1.5 44 29 2 6 92% 312935 31634 76%
c i  0.96  0 32 3   2  1 3455 1086 1.5 44 29 2 6 92% 312933 31633 76%
c -  1.03  0 32 4   2  1 3818  389 1.5 44 29 2 6 92% 312858 31633 76%
c i  1.10  0 32 4   2  1 4137  585 1.5 44 29 2 6 92% 312855 31632 76%
c i  1.35  0 32 4   4  1 5394 1259 1.5 43 29 27 31 92% 312841 31631 76%
c i  1.36  0 32 4   4  1 5405 1267 1.5 43 29 27 31 92% 312841 31630 76%
c i  1.50  0 32 4   4  1 5678 1391 1.5 43 29 27 31 92% 312838 31629 76%
c W  1.67  0 32 4   4  1 6005 1581 1.5 43 29 27 31 92% 312801 31629 76%
c -  1.70  0 32 5   4  1 6126  500 1.5 43 29 27 31 92% 312800 31629 76%
c i  1.77  0 32 5   5  1 6450  679 1.5 43 29 27 31 92% 312793 31628 76%
c s  1.84  0 32 5   5  1 6696  811 1.5 43 29 27 31 92% 312629 31628 76%
c e  2.03  0 32 5   5  1 6696  447 1.5 43 29 27 31 92% 306426 28867 70%
c s  2.04  0 32 5   5  1 6696  447 1.5 43 29 27 31 92% 306426 28867 70%
c
c  seconds  reduction conflicts       size    tier2         variables
c         MB    restarts   redundant     glue     trail          remaining
c          level     rate       size/glue  tier1    irredundant
c
c e  2.07  0 32 5   5  1 6696  446 1.5 43 29 27 31 92% 306363 28851 70%
c -  2.67  0 32 6   6  1 9052  465 1.4 42 29 28 31 95% 306363 28851 70%
c F  2.86  0 32 6   6  1 10006  936 1.4 42 29 28 31 95% 306363 28851 70%
c c  3.11  0 32 6   6  1 10850 1513 1.4 42 29 28 31 95% 306371 28851 70%
c d  3.11  0 32 6   6  1 10850 1513 1.4 42 29 28 31 95% 306355 28843 70%
c 2  3.12  0 32 6   6  1 10850 1513 1.4 42 29 28 31 95% 306283 28843 70%
c -  3.53  0 32 7   7  1 12586  674 1.4 42 29 28 31 95% 306283 28843 70%
c i  4.02  0 32 7   8  1 14641 1769 1.4 42 30 28 31 95% 306283 28842 70%
c B  4.10  0 32 7   9  1 15009 1962 1.4 42 30 28 31 95% 306283 28842 70%
c -  4.44  0 32 8  10  1 16755  811 1.4 42 30 28 31 95% 306273 28842 70%
c k  4.45  0 32 8  10  1 16755  811 1.4 42 30 28 31 95% 306273 28840 70%
c =  4.50  0 32 8  10  1 16755  811 1.4 42 30 28 31 95% 306252 28839 70%
c u  4.51  0 32 8  10  1 16755  800 1.4 42 30 28 31 95% 306252 28839 70%
c v  4.52  0 32 8  10  1 16755  785 1.4 42 30 28 31 95% 306252 28839 70%
c w  4.55  0 32 8  10  1 16755  782 1.4 42 30 28 31 95% 306252 28839 70%
c x  4.55  0 32 8  10  1 16755  782 1.4 42 30 28 31 95% 306092 28839 70%
c s  5.27  0 32 8  12  1 20331 2672 1.4 42 30 28 31 95% 306032 28839 70%
c t  5.28  0 32 8  12  1 20331 2672 1.4 42 30 28 31 95% 306031 28839 70%
c e  5.31  0 32 8  12  1 20331 2669 1.4 42 30 28 31 95% 305986 28829 70%
c s  5.33  0 32 8  12  1 20331 2658 1.4 42 30 28 31 95% 305986 28829 70%
c
c  seconds  reductions conflicts       size    tier2         variables
c         MB    restarts    redundant     glue     trail          remaining
c          level     rate        size/glue  tier1    irredundant
c
c e  5.35  0 32 8  12  1 20331 2658 1.4 42 30 28 31 95% 305971 28824 70%
c W  5.70  0 32 8  13  1 21010 3022 1.4 42 30 28 31 95% 305971 28824 70%
c -  5.82  0 32 9  13  1 21565  879 1.4 42 30 27 31 95% 305971 28824 70%
c c  5.89  0 32 9  13  1 21565  879 1.4 42 30 27 31 95% 306031 28824 70%
c d  5.90  0 32 9  13  1 21565  879 1.4 42 30 27 31 95% 305905 28761 70%
c k  5.91  0 32 9  13  1 21565  879 1.4 42 30 27 31 95% 305905 28760 70%
c 2  5.91  0 32 9  13  1 21565  879 1.4 42 30 27 31 95% 305338 28760 70%
c -  6.88  0 32 10  14  1 27019 1075 1.5 44 30 27 31 95% 305328 28760 70%
c #  7.22  0 32 10  14  1 28012 1614 1.5 44 30 27 31 95% 305328 28760 70%
c -  8.16  0 32 11  14  1 33120 1173 1.4 43 30 27 31 95% 305328 28760 70%
c u  8.19  0 32 11  14  1 33120 1162 1.4 43 30 27 31 95% 305328 28760 70%
c v  8.21  0 32 11  14  1 33120 1136 1.4 43 30 27 31 95% 305328 28760 70%
c w  8.21  0 32 11  14  1 33120 1133 1.4 43 30 27 31 95% 305328 28760 70%
c x  8.22  0 32 11  14  1 33120 1133 1.4 43 30 27 31 95% 305199 28760 70%
c B  8.77  0 32 11  17  1 36013 2673 1.4 43 30 27 31 95% 305199 28760 70%
c i  9.01  0 32 11  17  1 37137 3332 1.4 43 30 27 31 95% 305199 28759 70%
c i  9.14  0 32 11  18  1 37799 3753 1.4 43 30 28 31 95% 305199 28758 70%
c i  9.19  0 32 11  18  1 38022 3874 1.4 43 30 28 31 95% 305199 28757 70%
c i  9.36  0 32 11  19  1 38850 4347 1.4 43 30 28 31 95% 305199 28756 70%
c -  9.56  0 32 12  20  1 39874 1300 1.4 43 30 28 31 95% 305160 28756 70%
c
c  seconds  reductions  conflicts       size    tier2         variables
c         MB     restarts    redundant     glue     trail          remaining
c          level      rate        size/glue  tier1    irredundant
c
c s  9.82  0 32 12  20  1 40780 1879 1.4 43 30 28 31 95% 305159 28756 70%
c e  9.85  0 32 12  20  1 40780 1879 1.4 43 30 28 31 95% 305157 28755 70%
c s  9.85  0 32 12  20  1 40780 1878 1.4 43 30 28 31 95% 305099 28755 70%
c e  9.87  0 32 12  20  1 40780 1877 1.4 43 30 28 31 95% 305082 28741 69%
c i  9.92  0 32 12  20  1 41022 2029 1.4 43 30 28 31 95% 305082 28740 69%
c W 10.94  0 32 12  21  1 45016 4331 1.4 44 31 28 31 95% 305072 28740 69%
c - 11.37  0 33 13  23  1 47285 1489 1.4 44 31 28 31 95% 305072 28740 69%
c p 11.37  0 33 13  23  1 47285 1533 1.4 44 31 28 31 95% 305072 28740 69%
c i 12.38  0 33 13  26  1 52027 4405 1.4 44 31 28 31 95% 305072 28739 69%
c O 12.97  0 32 13  28  1 55017 5904 1.4 44 31 28 31 95% 305072 28739 69%
c - 13.06  0 32 14  28  1 55358 1608 1.4 44 31 28 31 95% 305062 28739 69%
c p 13.06  0 32 14  28  1 55358 1828 1.4 44 31 28 31 95% 305062 28739 69%
c k 13.07  0 32 14  28  1 55358 1828 1.4 44 31 28 31 95% 305062 28736 69%
c v 13.11  0 32 14  28  1 55358 1782 1.4 44 31 28 31 95% 305062 28736 69%
c w 13.12  0 32 14  28  1 55358 1777 1.4 44 31 28 31 95% 305062 28736 69%
c x 13.14  0 32 14  28  1 55358 1777 1.4 44 31 28 31 95% 305051 28736 69%
c - 14.79  0 32 15  29  1 64090 1791 1.4 42 30 28 31 95% 305024 28736 69%
c p 14.81  0 32 15  29  1 64090 2135 1.4 42 30 28 31 95% 305024 28736 69%
c B 15.29  0 32 15  29  1 66018 3281 1.4 42 30 28 31 95% 305024 28736 69%
c s 15.72  0 32 15  30  1 68045 4450 1.4 42 30 28 31 95% 304679 28736 69%
c
c  seconds  reductions  conflicts       size    tier2         variables
c         MB     restarts    redundant     glue     trail          remaining
c          level      rate        size/glue  tier1    irredundant
c
c e 15.75  0 32 15  30  1 68045 4440 1.4 42 30 28 31 95% 304638 28710 69%
c s 15.78  0 32 15  30  1 68045 4424 1.4 42 30 28 31 95% 304481 28710 69%
c e 15.82  0 32 15  30  1 68045 4424 1.4 42 30 28 31 95% 304454 28694 69%
c - 16.91  0 32 16  30  1 73486 1961 1.4 43 30 27 31 95% 304454 28694 69%
c p 16.92  0 32 16  30  1 73486 2212 1.4 43 30 27 31 95% 304454 28694 69%
c u 16.93  0 32 16  30  1 73486 2203 1.4 43 30 27 31 95% 304454 28694 69%
c v 16.97  0 32 16  30  1 73486 2173 1.4 43 30 27 31 95% 304454 28694 69%
c w 16.97  0 32 16  30  1 73486 2172 1.4 43 30 27 31 95% 304454 28694 69%
c x 16.99  0 32 16  30  1 73486 2172 1.4 43 30 27 31 95% 304450 28694 69%
c W 18.26  0 32 16  30  1 78020 4820 1.4 43 30 27 31 95% 304450 28694 69%
c - 19.35  0 32 17  31  1 83539 2015 1.4 43 30 27 31 95% 304450 28694 69%
c p 19.35  0 32 17  31  1 83539 2233 1.4 43 30 27 31 95% 304450 28694 69%
c i 20.83  0 32 17  36  1 90101 6017 1.4 43 30 27 31 95% 304450 28693 69%
c I 21.04  0 32 17  36  1 91022 6525 1.4 43 30 27 31 95% 304450 28693 69%
c - 21.80  0 32 18  37  1 94258 2119 1.4 43 30 27 31 95% 304441 28693 69%
c p 21.82  0 32 18  37  1 94258 2432 1.4 43 30 27 31 95% 304441 28693 69%
c u 21.84  0 32 18  37  1 94258 2418 1.4 43 30 27 31 95% 304441 28693 69%
c v 21.88  0 32 18  37  1 94258 2383 1.4 43 30 27 31 95% 304441 28693 69%
c w 21.89  0 32 18  37  1 94258 2380 1.4 43 30 27 31 95% 304441 28693 69%
c i 22.32  0 32 18  38  1 96084 3360 1.4 42 30 27 31 95% 304441 28692 69%
c
c  seconds  reductions  conflicts        size    tier2         variables
c         MB     restarts     redundant     glue     trail          remaining
c          level      rate         size/glue  tier1    irredundant
c
c s 23.76  0 31 18  43  1 102124 6267 1.4 42 30 27 31 95% 304337 28692 69%
c e 23.82  0 31 18  43  1 102124 6267 1.4 42 30 27 31 95% 304312 28685 69%
c s 23.86  0 31 18  43  1 102124 6251 1.4 42 30 27 31 95% 304285 28685 69%
c e 23.89  0 31 18  43  1 102124 6251 1.4 42 30 27 31 95% 304263 28677 69%
c B 24.49  0 31 18  44  1 105025 7595 1.4 42 30 27 31 95% 304263 28677 69%
c - 24.65  0 31 19  44  1 105643 2087 1.4 42 30 27 31 95% 304263 28677 69%
c p 24.66  0 31 19  44  1 105643 2493 1.4 42 30 27 31 95% 304263 28677 69%
c c 24.73  0 31 19  44  1 105643 2493 1.4 42 30 27 31 95% 304267 28677 69%
c d 24.73  0 31 19  44  1 105643 2493 1.4 42 30 27 31 95% 304259 28673 69%
c k 24.74  0 31 19  44  1 105643 2493 1.4 42 30 27 31 95% 304259 28672 69%
c 2 24.75  0 31 19  44  1 105643 2493 1.4 42 30 27 31 95% 304225 28672 69%
c - 27.17  0 31 20  47  1 117698 2539 1.4 42 30 27 31 95% 304215 28672 69%
c p 27.18  0 31 20  47  1 117698 3118 1.4 42 30 27 31 95% 304215 28672 69%
c u 27.20  0 31 20  47  1 117698 3101 1.4 42 30 27 31 95% 304215 28672 69%
c v 27.24  0 31 20  47  1 117698 3071 1.4 42 30 27 31 95% 304215 28672 69%
c w 27.24  0 31 20  47  1 117698 3064 1.4 42 30 27 31 95% 304215 28672 69%
c x 27.26  0 31 20  47  1 117698 3064 1.4 42 30 27 31 95% 304215 28672 69%
c W 28.29  0 32 20  48  1 120026 4409 1.4 42 30 27 31 95% 304215 28672 69%
c - 30.41  0 31 21  54  1 130417 2515 1.4 42 30 27 31 95% 304215 28672 69%
c p 30.43  0 31 21  54  1 130417 3288 1.4 42 30 27 31 95% 304215 28670 69%
c
c  seconds  reductions  conflicts        size    tier2         variables
c         MB     restarts     redundant     glue     trail          remaining
c          level      rate         size/glue  tier1    irredundant
c
c c 30.50  0 31 21  54  1 130417 3288 1.4 42 30 27 31 95% 304216 28670 69%
c d 30.51  0 31 21  54  1 130417 3288 1.4 42 30 27 31 95% 304194 28669 69%
c 2 30.52  0 31 21  54  1 130417 3288 1.4 42 30 27 31 95% 304184 28669 69%
c F 31.62  0 31 21  58  1 136027 6545 1.4 42 30 27 31 95% 304184 28669 69%
c s 33.07  0 31 21  60  1 143015 10348 1.4 42 30 26 31 95% 304156 28669 69%
c e 33.11  0 31 21  60  1 143015 10347 1.4 42 30 26 31 95% 304149 28666 69%
c s 33.15  0 31 21  60  1 143015 10339 1.4 42 30 26 31 95% 304130 28666 69%
c e 33.17  0 31 21  60  1 143015 10336 1.4 42 30 26 31 95% 304120 28662 69%
c - 33.37  0 31 22  60  1 143807 2796 1.4 42 30 26 31 95% 304120 28662 69%
c p 33.38  0 31 22  60  1 143807 3692 1.4 42 30 26 31 95% 304120 28658 69%
c c 33.45  0 31 22  60  1 143807 3692 1.4 42 30 26 31 95% 304121 28658 69%
c d 33.45  0 31 22  60  1 143807 3692 1.4 42 30 26 31 95% 304079 28657 69%
c 2 33.47  0 31 22  60  1 143807 3692 1.4 42 30 26 31 95% 304071 28657 69%
c v 33.77  0 31 22  60  1 143807 3623 1.4 42 30 26 31 95% 304071 28657 69%
c w 33.78  0 31 22  60  1 143807 3609 1.4 42 30 26 31 95% 304071 28657 69%
c i 35.65  0 31 22  61  1 152988 8575 1.4 42 30 26 31 95% 304071 28656 69%
c B 35.67  0 31 22  61  1 153029 8605 1.4 42 30 26 31 95% 304071 28656 69%
c i 36.06  0 31 22  61  1 154887 9684 1.4 42 30 26 31 95% 304071 28655 69%
c - 36.69  0 31 23  61  1 157866 2874 1.4 42 30 26 31 95% 304052 28655 69%
c p 36.70  0 31 23  61  1 157866 3771 1.4 42 30 26 31 95% 304052 28644 69%
c
c  seconds  reductions  conflicts        size    tier2         variables
c         MB     restarts     redundant     glue     trail          remaining
c          level      rate         size/glue  tier1    irredundant
c
c k 36.79  0 31 23  61  1 157866 3771 1.4 42 30 26 31 95% 304052 28639 69%
c v 36.83  0 31 23  61  1 157866 3742 1.4 42 30 26 31 95% 304052 28639 69%
c w 36.83  0 31 23  61  1 157866 3737 1.4 42 30 26 31 95% 304052 28639 69%
c i 38.33  0 31 23  61  1 165016 7611 1.4 42 30 26 31 95% 304052 28638 69%
c W 40.28  0 31 23  62  1 171031 10962 1.4 42 30 26 31 95% 303889 28638 69%
c - 40.63  0 31 24  62  1 172599 2972 1.4 42 30 26 31 95% 303889 28638 69%
c p 40.63  0 31 24  62  1 172599 4044 1.4 42 30 26 31 95% 303889 28629 69%
c k 40.65  0 31 24  62  1 172599 4044 1.4 42 30 26 31 95% 303889 28627 69%
c u 40.69  0 31 24  62  1 172599 4036 1.4 42 30 26 31 95% 303889 28627 69%
c v 40.70  0 31 24  62  1 172599 4021 1.4 42 30 26 31 95% 303889 28627 69%
c w 40.71  0 31 24  62  1 172599 4016 1.4 42 30 26 31 95% 303889 28627 69%
c i 42.00  0 31 24  62  1 178828 7675 1.4 42 30 26 31 95% 303889 28626 69%
c - 43.99  0 31 25  62  1 187998 3201 1.4 42 30 26 31 95% 303769 28626 69%
c p 44.00  0 31 25  62  1 187998 4330 1.4 42 30 26 31 95% 303769 28618 69%
c k 44.10  0 31 25  62  1 187998 4330 1.4 42 30 26 31 95% 303769 28611 69%
c u 44.12  0 31 25  62  1 187998 4324 1.4 42 30 26 31 95% 303769 28611 69%
c v 44.15  0 31 25  62  1 187998 4310 1.4 42 30 26 31 95% 303769 28611 69%
c w 44.15  0 31 25  62  1 187998 4308 1.4 42 30 26 31 95% 303769 28611 69%
c # 44.64  0 32 25  62  1 190032 5495 1.4 42 30 26 31 95% 303769 28611 69%
c s 44.81  0 32 25  62  1 190720 5947 1.4 42 30 26 31 95% 303752 28611 69%
c
c  seconds  reductions  conflicts        size    tier2         variables
c         MB     restarts     redundant     glue     trail          remaining
c          level      rate         size/glue  tier1    irredundant
c
c s 44.87  0 32 25  62  1 190720 5943 1.4 42 30 26 31 95% 303602 28611 69%
c - 47.60  0 32 26  66  1 204068 3380 1.4 42 30 25 31 95% 303602 28611 69%
c p 47.60  0 32 26  66  1 204068 4354 1.4 42 30 25 31 95% 303602 28603 69%
c k 47.62  0 32 26  66  1 204068 4354 1.4 42 30 25 31 95% 303602 28584 69%
c v 47.67  0 32 26  66  1 204068 4327 1.4 42 30 25 31 95% 303602 28584 69%
c w 47.68  0 32 26  66  1 204068 4318 1.4 42 30 25 31 95% 303602 28584 69%
c B 48.78  0 31 26  69  1 210033 7435 1.4 42 30 25 31 95% 303602 28584 69%
c - 50.99  0 32 27  76  1 220810 3575 1.4 42 30 25 31 95% 303346 28584 69%
c p 51.01  0 32 27  76  1 220810 4872 1.4 42 30 25 31 95% 303346 28577 69%
c k 51.03  0 32 27  76  1 220810 4872 1.4 42 30 25 31 95% 303346 28554 69%
c u 51.06  0 32 27  76  1 220810 4852 1.4 42 30 25 31 95% 303346 28554 69%
c v 51.08  0 32 27  76  1 220810 4839 1.4 42 30 25 31 95% 303346 28554 69%
c w 51.09  0 32 27  76  1 220810 4833 1.4 42 30 25 31 95% 303346 28554 69%
c W 53.79  0 31 27  77  1 231034 10285 1.4 42 30 25 31 95% 303055 28554 69%
c - 55.28  0 31 28  82  1 238220 3679 1.4 42 30 25 31 95% 303055 28554 69%
c p 55.29  0 31 28  82  1 238220 5176 1.4 42 30 25 31 95% 303055 28554 69%
c u 55.66  0 31 28  82  1 238220 5158 1.4 42 30 25 31 95% 303055 28554 69%
c v 55.67  0 31 28  82  1 238220 5142 1.4 42 30 25 31 95% 303055 28554 69%
c w 55.68  0 31 28  82  1 238220 5138 1.4 42 30 25 31 95% 303055 28554 69%
c s 57.24  0 31 28  85  1 245241 8799 1.4 42 29 25 31 94% 303048 28554 69%
c
c  seconds  reductions  conflicts        size    tier2         variables
c         MB     restarts     redundant     glue     trail          remaining
c          level      rate         size/glue  tier1    irredundant
c
c e 57.27  0 31 28  85  1 245241 8790 1.4 42 29 25 31 94% 303046 28553 69%
c s 57.29  0 31 28  85  1 245241 8777 1.4 42 29 25 31 94% 303039 28553 69%
c e 57.31  0 31 28  85  1 245241 8775 1.4 42 29 25 31 94% 303034 28551 69%
c O 59.00  0 31 28  90  1 253036 12908 1.4 42 29 25 31 94% 303034 28551 69%
c - 59.64  0 31 29  91  1 256296 3804 1.4 41 29 25 31 94% 303034 28551 69%
c p 59.66  0 31 29  91  1 256296 5328 1.4 41 29 25 31 94% 303034 28551 69%
c u 59.71  0 31 29  91  1 256296 5301 1.4 41 29 25 31 94% 303034 28551 69%
c v 59.73  0 31 29  91  1 256296 5279 1.4 41 29 25 31 94% 303034 28551 69%
c w 59.74  0 31 29  91  1 256296 5274 1.4 41 29 25 31 94% 303034 28551 69%
c - 63.35  0 30 30  93  1 275046 4022 1.4 40 29 25 31 94% 303034 28551 69%
c p 63.36  0 30 30  93  1 275046 6087 1.4 40 29 25 31 94% 303034 28551 69%
c u 63.41  0 30 30  93  1 275046 6078 1.4 40 29 25 31 94% 303034 28551 69%
c v 63.44  0 30 30  93  1 275046 6048 1.4 40 29 25 31 94% 303034 28551 69%
c w 63.45  0 30 30  93  1 275046 6039 1.4 40 29 25 31 94% 303034 28551 69%
c B 63.67  0 30 30  93  1 276038 6518 1.4 40 29 25 31 94% 303034 28551 69%
c - 67.46  0 31 31 100  1 294469 4320 1.4 41 29 25 31 94% 303034 28551 69%
c p 67.49  0 31 31 100  1 294469 6018 1.4 41 29 25 31 94% 303034 28551 69%
c u 67.53  0 31 31 100  1 294469 5993 1.4 41 29 25 31 94% 303034 28551 69%
c v 67.55  0 31 31 100  1 294469 5982 1.4 41 29 25 31 94% 303034 28551 69%
c w 67.57  0 31 31 100  1 294469 5974 1.4 41 29 25 31 94% 303034 28551 69%
c
c  seconds  reductions  conflicts        size    tier2         variables
c         MB     restarts     redundant     glue     trail          remaining
c          level      rate         size/glue  tier1    irredundant
c
c W 69.56  0 31 31 104  1 300040 9164 1.4 42 29 25 31 94% 303034 28551 69%
c s 70.86  0 31 31 107  1 306583 12671 1.4 42 29 25 31 94% 303025 28551 69%
c s 70.93  0 31 31 107  1 306583 12669 1.4 42 29 25 31 94% 303025 28551 69%
c e 70.95  0 31 31 107  1 306583 12669 1.4 42 29 25 31 94% 303020 28549 69%
c - 72.87  0 31 32 108  1 314567 4455 1.4 42 29 25 31 94% 303020 28549 69%
c p 72.88  0 31 32 108  1 314567 6279 1.4 42 29 25 31 94% 303020 28549 69%
c u 73.01  0 31 32 108  1 314567 6247 1.4 42 29 25 31 94% 303020 28549 69%
c v 73.03  0 31 32 108  1 314567 6235 1.4 42 29 25 31 94% 303020 28549 69%
c w 73.04  0 31 32 108  1 314567 6231 1.4 42 29 25 31 94% 303020 28549 69%
c I 75.21  0 31 32 115  1 325041 12221 1.4 42 29 25 31 94% 303020 28549 69%
c - 77.64  0 31 33 121  1 335338 4449 1.4 42 29 25 31 94% 303020 28549 69%
c p 77.65  0 31 33 121  1 335338 6353 1.4 42 29 25 31 94% 303020 28549 69%
c w 77.74  0 31 33 121  1 335338 6330 1.4 42 29 25 31 94% 303020 28549 69%
c B 81.13  0 31 33 124  1 351042 16737 1.5 44 29 25 31 94% 303020 28549 69%
c - 82.59  0 31 34 124  1 356785 5074 1.5 44 29 25 31 94% 303020 28549 69%
c p 82.60  0 31 34 124  1 356785 7293 1.5 44 29 25 31 94% 303020 28549 69%
c u 82.66  0 31 34 124  1 356785 7271 1.5 44 29 25 31 94% 303020 28549 69%
c v 82.69  0 31 34 124  1 356785 7214 1.5 44 29 25 31 94% 303020 28549 69%
c w 82.70  0 31 34 124  1 356785 7208 1.5 44 29 25 31 94% 303020 28549 69%
c s 86.77  0 31 34 125  1 374742 17133 1.5 44 29 25 31 95% 303016 28549 69%
c
c  seconds  reductions  conflicts         size    tier2         variables
c         MB     restarts      redundant     glue     trail          remaining
c          level      rate          size/glue  tier1    irredundant
c
c s 86.84  0 31 34 125  1 374742 17114 1.5 44 29 25 31 95% 303014 28549 69%
c e 86.85  0 31 34 125  1 374742 17114 1.5 44 29 25 31 95% 303009 28547 69%
c W 88.67  0 31 34 125  1 378044 18920 1.5 44 29 25 31 95% 303009 28547 69%
c - 88.92  0 31 35 125  1 378906 4909 1.5 44 29 25 31 95% 303009 28547 69%
c p 88.94  0 31 35 125  1 378906 7141 1.5 44 29 25 31 95% 303009 28545 69%
c u 89.37  0 31 35 125  1 378906 7095 1.5 44 29 25 31 95% 302989 28545 69%
c v 89.40  0 31 35 125  1 378906 7069 1.5 44 29 25 31 95% 302989 28545 69%
c w 89.41  0 31 35 125  1 378906 7063 1.5 44 29 25 31 95% 302989 28545 69%
c - 94.68  0 30 36 126  1 401702 4951 1.5 43 29 24 30 95% 302989 28545 69%
c p 94.70  0 30 36 126  1 401702 7259 1.5 43 29 24 30 95% 302989 28544 69%
c u 94.76  0 30 36 126  1 401702 7248 1.5 43 29 24 30 95% 302989 28544 69%
c v 94.78  0 30 36 126  1 401702 7227 1.5 43 29 24 30 95% 302989 28544 69%
c w 94.80  0 30 36 126  1 401702 7217 1.5 43 29 24 30 95% 302989 28544 69%
c F 95.77  0 30 36 126  1 406046 9394 1.5 43 29 24 30 95% 302989 28544 69%
c - 99.51  0 31 37 126  1 425173 5083 1.5 43 29 24 30 95% 302979 28544 69%
c p 99.53  0 31 37 126  1 425173 7121 1.5 43 29 24 30 95% 302979 28543 69%
c u 99.70  0 31 37 126  1 425173 7095 1.5 43 29 24 30 95% 302979 28543 69%
c v 99.71  0 31 37 126  1 425173 7085 1.5 43 29 24 30 95% 302979 28543 69%
c w 99.74  0 31 37 126  1 425173 7078 1.5 43 29 24 30 95% 302979 28543 69%
c B 101.65  0 31 37 126  1 435049 12426 1.5 44 29 24 30 95% 302979 28543 69%
c
c  seconds   reductions  conflicts        size    tier2         variables
c          MB     restarts     redundant     glue     trail          remaining
c           level      rate         size/glue  tier1    irredundant
c
c - 104.99  0 31 38 126  1 449323 5376 1.5 43 29 24 30 95% 302969 28543 69%
c p 105.01  0 31 38 126  1 449323 7383 1.5 43 29 24 30 95% 302969 28543 69%
c u 105.07  0 31 38 126  1 449323 7356 1.5 43 29 24 30 95% 302969 28543 69%
c v 105.10  0 31 38 126  1 449323 7336 1.5 43 29 24 30 95% 302969 28543 69%
c w 105.11  0 31 38 126  1 449323 7328 1.5 43 29 24 30 95% 302969 28543 69%
c s 105.24  0 31 38 126  1 449717 7480 1.5 43 29 24 30 95% 302966 28543 69%
c s 105.29  0 31 38 126  1 449717 7464 1.5 43 29 24 30 95% 302964 28543 69%
c e 105.31  0 31 38 126  1 449717 7464 1.5 43 29 24 30 95% 302962 28542 69%
c W 109.96  0 30 38 126  1 465052 15313 1.5 43 29 24 30 95% 302962 28542 69%
c - 112.10  0 30 39 133  1 474148 5297 1.5 43 29 24 30 95% 302962 28542 69%
c p 112.12  0 30 39 133  1 474148 7491 1.5 43 29 24 30 95% 302962 28541 69%
c u 112.19  0 30 39 133  1 474148 7468 1.5 43 29 24 30 95% 302962 28541 69%
c v 112.20  0 30 39 133  1 474148 7452 1.5 43 29 24 30 95% 302962 28541 69%
c w 112.22  0 30 39 133  1 474148 7443 1.5 43 29 24 30 95% 302962 28541 69%
c x 112.24  0 30 39 133  1 474148 7443 1.5 43 29 24 30 95% 302962 28541 69%
c # 117.33  0 30 39 141  1 496056 18937 1.5 42 29 24 30 95% 302962 28541 69%
c - 118.07  0 31 40 143  1 499648 5609 1.5 43 29 24 30 95% 302952 28541 69%
c p 118.08  0 31 40 143  1 499648 7557 1.5 43 29 24 30 95% 302952 28541 69%
c u 118.17  0 31 40 143  1 499648 7529 1.5 43 29 24 30 95% 302952 28541 69%
c w 118.21  0 31 40 143  1 499648 7503 1.5 43 29 24 30 95% 302952 28541 69%
c
c  seconds   reductions  conflicts        size    tier2         variables
c          MB     restarts     redundant     glue     trail          remaining
c           level      rate         size/glue  tier1    irredundant
c
c - 123.25  0 31 41 156  1 525825 5776 1.5 43 30 24 30 95% 302952 28541 69%
c p 123.27  0 31 41 156  1 525825 7516 1.5 43 30 24 30 95% 302952 28541 69%
c u 123.33  0 31 41 156  1 525825 7469 1.5 43 30 24 30 95% 302952 28541 69%
c v 123.35  0 31 41 156  1 525825 7422 1.5 43 30 24 30 95% 302952 28541 69%
c w 123.36  0 31 41 156  1 525825 7412 1.5 43 30 24 30 95% 302952 28541 69%
c B 123.84  0 31 41 156  1 528057 8704 1.5 44 30 24 30 95% 302952 28541 69%
c s 124.57  0 31 41 156  1 531509 10598 1.5 44 30 24 31 95% 302941 28541 69%
c e 124.60  0 31 41 156  1 531509 10553 1.5 44 30 24 31 95% 302938 28540 69%
c s 124.62  0 31 41 156  1 531509 10533 1.5 44 30 24 31 95% 302932 28540 69%
c e 124.64  0 31 41 156  1 531509 10532 1.5 44 30 24 31 95% 302930 28539 69%
c - 129.37  0 32 42 161  1 552679 5887 1.5 44 30 24 31 95% 302930 28539 69%
c p 129.39  0 32 42 161  1 552679 7863 1.5 44 30 24 31 95% 302930 28539 69%
c v 129.47  0 32 42 161  1 552679 7785 1.5 44 30 24 31 95% 302930 28539 69%
c w 129.48  0 32 42 161  1 552679 7776 1.5 44 30 24 31 95% 302930 28539 69%
c W 132.47  0 32 42 165  1 561058 13058 1.5 45 30 24 31 95% 302930 28539 69%
c - 136.48  0 32 43 172  1 580209 5974 1.5 44 30 24 31 95% 302930 28539 69%
c p 136.50  0 32 43 172  1 580209 7816 1.5 44 30 24 31 95% 302930 28539 69%
c c 136.56  0 32 43 172  1 580209 7816 1.5 44 30 24 31 95% 302935 28539 69%
c d 136.56  0 32 43 172  1 580209 7816 1.5 44 30 24 31 95% 302925 28534 69%
c 2 136.59  0 32 43 172  1 580209 7814 1.5 44 30 24 31 95% 302883 28534 69%
c
c  seconds   reductions  conflicts        size    tier2         variables
c          MB     restarts     redundant     glue     trail          remaining
c           level      rate         size/glue  tier1    irredundant
c
c u 137.02  0 32 43 172  1 580209 7778 1.5 44 30 24 31 95% 302883 28534 69%
c v 137.04  0 32 43 172  1 580209 7758 1.5 44 30 24 31 95% 302883 28534 69%
c w 137.05  0 32 43 172  1 580209 7745 1.5 44 30 24 31 95% 302883 28534 69%
c O 140.16  0 32 43 180  1 595061 15070 1.4 44 30 24 31 95% 302883 28534 69%
c - 142.78  0 32 44 187  1 608416 5925 1.4 43 30 24 31 95% 302883 28534 69%
c p 142.80  0 32 44 187  1 608416 8493 1.4 43 30 24 31 95% 302883 28534 69%
c u 142.88  0 32 44 187  1 608416 8467 1.4 43 30 24 31 95% 302883 28534 69%
c v 142.90  0 32 44 187  1 608416 8440 1.4 43 30 24 31 95% 302883 28534 69%
c w 142.92  0 32 44 187  1 608416 8431 1.4 43 30 24 31 95% 302883 28534 69%
c s 145.50  0 31 44 188  1 620117 15403 1.5 44 30 24 31 95% 302877 28534 69%
c e 145.54  0 31 44 188  1 620117 15344 1.5 44 30 24 31 95% 302874 28533 69%
c s 145.57  0 31 44 188  1 620117 15326 1.5 44 30 24 31 95% 302873 28533 69%
c e 145.58  0 31 44 188  1 620117 15326 1.5 44 30 24 31 95% 302871 28532 69%
c B 147.91  0 31 44 188  1 630062 20769 1.5 44 30 24 31 95% 302871 28532 69%
c - 149.54  0 31 45 189  1 637300 6424 1.5 44 30 24 31 95% 302871 28532 69%
c p 149.56  0 31 45 189  1 637300 9018 1.5 44 30 24 31 95% 302871 28531 69%
c u 149.65  0 31 45 189  1 637300 8962 1.5 44 30 24 31 95% 302871 28531 69%
c v 149.69  0 31 45 189  1 637300 8941 1.5 44 30 24 31 95% 302871 28531 69%
c w 149.71  0 31 45 189  1 637300 8917 1.5 44 30 24 31 95% 302871 28531 69%
c W 157.18  0 31 45 191  1 666064 24724 1.5 43 29 24 31 95% 302861 28531 69%
c
c  seconds   reductions  conflicts        size    tier2         variables
c          MB     restarts     redundant     glue     trail          remaining
c           level      rate         size/glue  tier1    irredundant
c
c - 157.39  0 31 46 192  1 666863 6453 1.5 43 29 24 31 95% 302861 28531 69%
c p 157.41  0 31 46 192  1 666863 9151 1.5 43 29 24 31 95% 302861 28531 69%
c u 157.57  0 31 46 192  1 666863 9127 1.5 43 29 24 31 95% 302861 28531 69%
c v 157.59  0 31 46 192  1 666863 9108 1.5 43 29 24 31 95% 302861 28531 69%
c w 157.60  0 31 46 192  1 666863 9089 1.5 43 29 24 31 95% 302861 28531 69%
c - 163.60  0 31 47 204  1 697103 6538 1.5 43 29 24 31 95% 302861 28531 69%
c p 163.63  0 31 47 204  1 697103 9131 1.5 43 29 24 31 95% 302861 28531 69%
c u 163.72  0 31 47 204  1 697103 9098 1.5 43 29 24 31 95% 302861 28531 69%
c v 163.74  0 31 47 204  1 697103 9078 1.5 43 29 24 31 95% 302861 28531 69%
c w 163.76  0 31 47 204  1 697103 9068 1.5 43 29 24 31 95% 302861 28531 69%
c I 164.91  0 31 47 209  1 703068 12513 1.4 43 29 24 31 95% 302861 28531 69%
c s 167.80  0 30 47 216  1 715545 18341 1.4 41 29 24 31 95% 302858 28531 69%
c e 167.83  0 30 47 216  1 715545 18279 1.4 41 29 24 31 95% 302856 28530 69%
c s 167.86  0 30 47 216  1 715545 18180 1.4 41 29 24 31 95% 302855 28530 69%
c - 170.74  0 30 48 219  1 728020 6425 1.4 40 28 24 30 95% 302855 28530 69%
c p 170.76  0 30 48 219  1 728020 9047 1.4 40 28 24 30 95% 302855 28530 69%
c u 170.85  0 30 48 219  1 728020 9021 1.4 40 28 24 30 95% 302855 28530 69%
c v 170.87  0 30 48 219  1 728020 8994 1.4 40 28 24 30 95% 302855 28530 69%
c w 170.90  0 30 48 219  1 728020 8982 1.4 40 28 24 30 95% 302855 28530 69%
c B 173.71  0 30 48 220  1 741069 16453 1.4 41 28 24 30 95% 302855 28530 69%
c
c  seconds   reductions  conflicts        size    tier2         variables
c          MB     restarts     redundant     glue     trail          remaining
c           level      rate         size/glue  tier1    irredundant
c
c - 178.16  0 30 49 227  1 759616 6774 1.4 41 28 24 30 95% 302855 28530 69%
c p 178.18  0 30 49 227  1 759616 9608 1.4 41 28 24 30 95% 302855 28530 69%
c u 178.27  0 30 49 227  1 759616 9566 1.4 41 28 24 30 95% 302855 28530 69%
c v 178.31  0 30 49 227  1 759616 9559 1.4 41 28 24 30 95% 302855 28530 69%
c w 178.33  0 30 49 227  1 759616 9541 1.4 41 28 24 30 95% 302855 28530 69%
c W 184.29  0 30 49 235  1 780074 20532 1.5 41 28 24 30 95% 302855 28530 69%
c - 186.98  0 30 50 242  1 791889 7005 1.5 41 28 24 30 95% 302855 28530 69%
c p 187.01  0 30 50 242  1 791889 9801 1.5 41 28 24 30 95% 302855 28530 69%
c u 187.16  0 30 50 242  1 791889 9771 1.5 41 28 24 30 95% 302855 28530 69%
c v 187.19  0 30 50 242  1 791889 9716 1.5 41 28 24 30 95% 302855 28530 69%
c w 187.21  0 30 50 242  1 791889 9704 1.5 41 28 24 30 95% 302855 28530 69%
c s 192.98  0 30 50 251  1 817791 24320 1.5 43 29 24 30 95% 302854 28530 69%
c e 193.02  0 30 50 251  1 817791 24319 1.5 43 29 24 30 95% 302852 28529 69%
c s 193.04  0 30 50 251  1 817791 24289 1.5 43 29 24 30 95% 302851 28529 69%
c F 193.67  0 30 50 251  1 820076 25752 1.5 43 29 24 30 95% 302851 28529 69%
c - 194.75  0 31 51 251  1 824844 7548 1.5 43 29 24 30 95% 302851 28529 69%
c p 194.77  0 31 51 251  1 824844 10202 1.5 43 29 24 30 95% 302851 28529 69%
c u 194.87  0 31 51 251  1 824844 10139 1.5 43 29 24 30 95% 302851 28529 69%
c v 194.90  0 31 51 251  1 824844 10087 1.5 43 29 24 30 95% 302851 28529 69%
c w 194.91  0 31 51 251  1 824844 10078 1.5 43 29 24 30 95% 302851 28529 69%
c
c  seconds   reductions  conflicts        size    tier2         variables
c          MB     restarts     redundant     glue     trail          remaining
c           level      rate         size/glue  tier1    irredundant
c
c - 201.50  0 31 52 252  1 858478 7596 1.5 44 30 24 31 95% 302851 28529 69%
c p 201.52  0 31 52 252  1 858478 10024 1.5 44 30 24 31 95% 302851 28529 69%
c u 201.74  0 31 52 252  1 858478 9980 1.5 44 30 24 31 95% 302851 28529 69%
c v 201.77  0 31 52 252  1 858478 9941 1.5 44 30 24 31 95% 302851 28529 69%
c w 201.80  0 31 52 252  1 858478 9927 1.5 44 30 24 31 95% 302851 28529 69%
c B 202.31  0 31 52 252  1 861077 11281 1.5 44 30 24 31 95% 302851 28529 69%
c - 209.46  0 31 53 253  1 892789 7542 1.5 43 29 24 31 95% 302851 28529 69%
c p 209.49  0 31 53 253  1 892789 10496 1.5 43 29 24 31 95% 302851 28529 69%
c u 209.59  0 31 53 253  1 892789 10453 1.5 43 29 24 31 95% 302851 28529 69%
c v 209.62  0 31 53 253  1 892789 10412 1.5 43 29 24 31 95% 302851 28529 69%
c w 209.64  0 31 53 253  1 892789 10397 1.5 43 29 24 31 95% 302851 28529 69%
c W 213.42  0 31 53 253  1 903078 16276 1.5 43 29 24 31 95% 302851 28529 69%
c s 218.78  0 31 53 253  1 926851 29136 1.5 43 29 24 30 95% 302851 28529 69%
c s 218.87  0 31 53 253  1 926851 29109 1.5 43 29 24 30 95% 302851 28529 69%
c e 218.89  0 31 53 253  1 926851 29107 1.5 43 29 24 30 95% 302849 28528 69%
c - 219.13  0 31 54 253  1 927778 7820 1.5 43 29 24 30 95% 302849 28528 69%
c p 219.16  0 31 54 253  1 927778 10589 1.5 43 29 24 30 95% 302849 28528 69%
c u 219.25  0 31 54 253  1 927778 10538 1.5 43 29 24 30 95% 302849 28528 69%
c v 219.27  0 31 54 253  1 927778 10517 1.5 43 29 24 30 95% 302849 28528 69%
c w 219.28  0 31 54 253  1 927778 10507 1.5 43 29 24 30 95% 302849 28528 69%
c
c  seconds   reductions  conflicts         size    tier2         variables
c          MB     restarts      redundant     glue     trail          remaining
c           level      rate          size/glue  tier1    irredundant
c
c # 223.36  0 31 54 254  1 946080 21350 1.5 44 29 24 30 95% 302849 28528 69%
c - 226.94  0 31 55 254  1 963445 8318 1.5 45 30 24 30 95% 302849 28528 69%
c p 226.97  0 31 55 254  1 963445 11462 1.5 45 30 24 30 95% 302849 28528 69%
c u 227.14  0 31 55 254  1 963445 11419 1.5 45 30 24 30 95% 302849 28528 69%
c v 227.18  0 31 55 254  1 963445 11398 1.5 45 30 24 30 95% 302849 28528 69%
c w 227.20  0 31 55 254  1 963445 11372 1.5 45 30 24 30 95% 302849 28528 69%
c B 232.38  0 32 55 254  1 990081 26769 1.5 45 30 24 31 95% 302849 28528 69%
c - 234.43  0 32 56 254  1 999792 8503 1.5 45 30 24 31 95% 302849 28528 69%
c p 234.46  0 32 56 254  1 999792 11240 1.5 45 30 24 31 95% 302849 28528 69%
c u 234.54  0 32 56 254  1 999792 11192 1.5 45 30 24 31 95% 302849 28528 69%
c v 234.58  0 32 56 254  1 999792 11153 1.5 45 30 24 31 95% 302849 28528 69%
c w 234.60  0 32 56 254  1 999792 11141 1.5 45 30 24 31 95% 302849 28528 69%
c W 243.87  0 31 56 254  1 1035082 29320 1.5 44 29 24 31 95% 302849 28528 69%
c - 244.28  0 31 57 254  1 1036818 8186 1.5 44 29 24 31 95% 302849 28528 69%
c p 244.30  0 31 57 254  1 1036818 11355 1.5 44 29 24 31 95% 302849 28528 69%
c u 244.41  0 31 57 254  1 1036818 11309 1.5 44 29 24 31 95% 302849 28528 69%
c v 244.45  0 31 57 254  1 1036818 11280 1.5 44 29 24 31 95% 302849 28528 69%
c w 244.47  0 31 57 254  1 1036818 11260 1.5 44 29 24 31 95% 302849 28528 69%
c s 245.78  0 31 57 254  1 1042729 14780 1.5 44 29 24 31 95% 302849 28528 69%
c s 245.83  0 31 57 254  1 1042729 14762 1.5 44 29 24 31 95% 302849 28528 69%
c
c  seconds   reductions   conflicts        size    tier2         variables
c          MB     restarts      redundant     glue     trail          remaining
c           level      rate          size/glue  tier1    irredundant
c
c - 252.88  0 31 58 261  1 1074524 8158 1.5 44 29 24 30 95% 302849 28528 69%
c p 252.91  0 31 58 261  1 1074524 11246 1.5 44 29 24 30 95% 302849 28528 69%
c u 253.02  0 31 58 261  1 1074524 11162 1.5 44 29 24 30 95% 302849 28528 69%
c v 253.06  0 31 58 261  1 1074524 11136 1.5 44 29 24 30 95% 302849 28528 69%
c w 253.08  0 31 58 261  1 1074524 11123 1.5 44 29 24 30 95% 302849 28528 69%
c O 254.52  0 31 58 266  1 1081085 14816 1.5 44 29 24 30 95% 302849 28528 69%
c - 261.63  0 31 59 279  1 1112910 8526 1.5 43 29 24 30 95% 302849 28528 69%
c p 261.66  0 31 59 279  1 1112910 11728 1.5 43 29 24 30 95% 302849 28528 69%
c u 261.77  0 31 59 279  1 1112910 11679 1.5 43 29 24 30 95% 302849 28528 69%
c v 261.81  0 31 59 279  1 1112910 11671 1.5 43 29 24 30 95% 302849 28528 69%
c w 261.83  0 31 59 279  1 1112910 11623 1.5 43 29 24 30 95% 302849 28528 69%
c B 265.05  0 31 59 284  1 1128090 19826 1.5 43 29 24 30 95% 302849 28528 69%
c ] 267.95  0 31 59 285  1 1142753 27164 1.5 43 30 24 30 95% 302849 28528 69%
c ? 267.95  0 31 59 285  1 1142753 27164 1.5 43 30 24 30 95% 302849 28528 69%
c
c --- [ result ] -------------------------------------------------------------
c
c writing result to 'search-results/cadical-support70-cover-20260902/anchor-002-p0-s1.result'
c
c --- [ run-time profiling ] -------------------------------------------------
c
c process time taken by individual solving procedures
c (percentage relative to process time for solving)
c
c       256.26   95.65% search
c       242.93   90.68% stable
c        13.32    4.97% walk
c        11.64    4.35% simplify
c         3.79    1.41% vivify
c         1.84    0.69% sweep
c         1.45    0.54% congruence
c         0.98    0.37% backbone
c         0.89    0.33% elim
c         0.86    0.32% subsume
c         0.37    0.14% probe
c         0.26    0.10% ternary
c         0.05    0.02% parse
c         0.01    0.01% lucky
c   =================================
c       267.91   99.98% solve
c
c last line shows process time for solving
c (percentage relative to total process time)
c
c --- [ statistics ] ---------------------------------------------------------
c
c chronological:            112103         9.81 %  of conflicts
c conflicts:               1142753      4265.48    per second
c backbone:               76404047    184742.72 %  of vars
c decisions:               1213564      4529.80    per second
c eliminated:                 2886         6.98 %  of all variables
c fixed:                      9202        22.25 %  of all variables
c learned:                 1127387        98.66 %  per conflict
c learned_lits:          566496024       100.00 %  learned literals
c minimized:                     0         0.00 %  learned literals
c shrunken:              514298121        90.79 %  learned literals
c minishrunken:            3728464         0.66 %  learned literals
c otfs:                        627         0.05 %  of conflict
c propagations:          995918286         3.72 M  per second
c reduced:                  595308        52.09 %  per conflict
c rephased:                     47     24313.89    interval
c restarts:                    285      4009.66    interval
c substituted:                 741         1.79 %  of all variables
c subsumed:                 507890        32.55 %  of all clauses
c strengthened:              39557         2.53 %  of all clauses
c ticks:               11480077114        14.98    propagation
c vivified:                   1284         0.08 %  of all clauses
c walked:                       15     76183.53    interval
c weakened:                  14175         3.12    average size
c congruence:                   20     57137.65    interval
c
c seconds are measured in process time for solving
c
c --- [ glue usage ] ---------------------------------------------------------
c
c focused glue 2 used 0 clauses 0.000% accumulated 0.000% tier1
c focused glue 3 used 0 clauses 0.000% accumulated 0.000%
c focused glue 4 used 0 clauses 0.000% accumulated 0.000%
c focused glue 5 used 0 clauses 0.000% accumulated 0.000%
c focused glue 6 used 0 clauses 0.000% accumulated 0.000% tier2
c
c stable glue 24 used 203229 clauses 5.496% accumulated 52.71% tier1
c stable glue 25 used 198848 clauses 5.377% accumulated 58.09%
c stable glue 26-28 used 602401 clauses 16.29% accumulated 74.38%
c stable glue 29 used 194383 clauses 5.256% accumulated 79.64%
c stable glue 30 used 187101 clauses 5.059% accumulated 84.70% tier2
c
c
c --- [ resources ] ----------------------------------------------------------
c
c total process time since initialization:       267.96    seconds
c total real time since initialization:          300.01    seconds
c maximum resident set size of process:          237.27    MB
c
c --- [ shutting down ] ------------------------------------------------------
c
c exit 0
