c --- [ banner ] -------------------------------------------------------------
c
c CaDiCaL SAT Solver
c Copyright (c) 2016-2026
c A. Biere, M. Fleury, N. Froleyks, K. Fazekas, F. Pollitt, T. Faller
c JKU Linz, University of Freiburg, TU Wien
c
c Version 3.0.1 c60730422e758ef1cebe7aeddf2dda31c996bf04
c Apple clang version 21.0.0 (clang-2100.1.1.101) -Wall -Wextra -O3 -DNDEBUG -DNCLOSEFROM
c Tue Sep 1 21:08:57 PDT 2026 Darwin retained-runner 25.6.0 arm64
c
c --- [ limit ] --------------------------------------------------------------
c
c setting time limit to 300 seconds real time (due to '-t 300')
c
c --- [ parsing input ] ------------------------------------------------------
c
c reading DIMACS file from 'search-results/cadical-support70-cover-20260902/cnf/anchor-004-p0-s0.cnf'
c opening file to read 'search-results/cadical-support70-cover-20260902/cnf/anchor-004-p0-s0.cnf'
c found 'p cnf 41357 414868' header
c parsed 414868 clauses in 0.05 seconds process time
c
c --- [ options ] ------------------------------------------------------------
c
c   --elimeffort=10                (different from default '1e3')
c   --stabilizeonly=true           (different from default 'false')
c   --subsumeeffort=60             (different from default '1e3')
c
c --- [ solving ] ------------------------------------------------------------
c
c time measured in process time since initialization
c
c  seconds  reduction conflicts       size tier2        variables
c         MB    restarts   redundant    glue  trail          remaining
c          level     rate       size/glu tier1  irredundant
c
c *  0.05  0  0 0   0  0    0    0 0.0 0 0 2 6  0% 329704 32440 78%
c )  0.06  0  0 0   0  0    0    0 0.0 0 0 2 6  0% 329704 32440 78%
c [  0.06  0  0 0   0  0    0    0 0.0 0 0 2 6  0% 329704 32440 78%
c i  0.08  0 35 0   0  1  118   40 1.5 42 29 2 6 97% 329704 32406 78%
c -  0.10  0 35 1   0  1  300   66 1.7 50 30 2 6 97% 314603 32375 78%
c -  0.19  0 35 2   0  1  948  223 2.0 57 29 2 6 96% 314593 32375 78%
c I  0.20  0 35 2   0  1 1005  275 2.0 59 29 2 6 96% 314593 32375 78%
c -  0.33  0 30 3   1  1 2100  325 1.8 48 26 2 6 93% 314578 32375 78%
c B  0.46  0 29 3   2  1 3006  800 1.7 44 26 2 6 91% 314564 32375 78%
c d  0.47  0 30 3   2  1 3044  833 1.7 44 26 2 6 93% 313250 31720 77%
c c  0.53  0 30 3   2  1 3044  833 1.7 44 26 2 6 93% 313247 31720 77%
c d  0.53  0 30 3   2  1 3044  833 1.7 44 26 2 6 93% 313245 31719 77%
c -  0.71  0 31 4   2  1 3814  405 1.6 44 27 2 6 91% 313226 31719 77%
c W  1.24  0 31 4   4  1 6007 1519 1.5 43 29 26 33 92% 313200 31719 77%
c -  1.28  0 31 5   4  1 6124  481 1.5 43 29 27 33 92% 313198 31719 77%
c s  1.43  0 32 5   5  1 6692  811 1.5 43 29 27 33 92% 313093 31719 77%
c e  1.64  0 32 5   5  1 6692  461 1.5 43 29 27 33 92% 307200 28925 70%
c s  1.65  0 32 5   5  1 6692  461 1.5 43 29 27 33 92% 307183 28925 70%
c e  1.69  0 32 5   5  1 6692  461 1.5 43 29 27 33 92% 307104 28906 70%
c 2  1.99  0 32 5   5  1 8147 1217 1.5 43 29 27 33 90% 307104 28905 70%
c
c  seconds  reduction conflicts       size    tier2         variables
c         MB    restarts   redundant     glue     trail          remaining
c          level     rate       size/glue  tier1    irredundant
c
c -  2.23  0 32 6   6  1 9052  491 1.4 43 30 27 33 95% 307094 28905 70%
c F  2.44  0 32 6   6  1 10009  954 1.4 42 30 28 33 95% 307094 28905 70%
c c  2.65  0 32 6   6  1 10847 1410 1.4 42 29 28 33 95% 307107 28905 70%
c d  2.66  0 32 6   6  1 10847 1410 1.4 42 29 28 33 95% 307073 28888 70%
c 2  2.66  0 32 6   6  1 10847 1410 1.4 42 29 28 33 95% 306924 28888 70%
c -  2.99  0 32 7   7  1 12589  640 1.4 42 30 28 33 95% 306924 28888 70%
c B  3.58  0 32 7   9  1 15010 1853 1.4 41 30 28 32 95% 306924 28888 70%
c -  3.95  0 32 8  10  1 16761  837 1.4 42 30 28 32 95% 306924 28888 70%
c u  4.02  0 32 8  10  1 16761  823 1.4 42 30 28 32 95% 306924 28888 70%
c v  4.03  0 32 8  10  1 16761  800 1.4 42 30 28 32 95% 306924 28888 70%
c w  4.04  0 32 8  10  1 16761  787 1.4 42 30 28 32 95% 306924 28888 70%
c x  4.05  0 32 8  10  1 16761  787 1.4 42 30 28 32 95% 306754 28888 70%
c s  4.79  0 33 8  12  1 20331 2889 1.4 43 30 28 32 95% 306754 28888 70%
c e  4.83  0 33 8  12  1 20331 2889 1.4 43 30 28 32 95% 306678 28872 70%
c s  4.85  0 33 8  12  1 20331 2889 1.4 43 30 28 32 95% 306629 28872 70%
c e  4.87  0 33 8  12  1 20331 2889 1.4 43 30 28 32 95% 306625 28871 70%
c W  5.22  0 33 8  13  1 21011 3316 1.4 44 30 28 32 95% 306625 28871 70%
c -  5.33  0 33 9  13  1 21575  992 1.4 44 30 28 32 95% 306625 28871 70%
c 2  5.33  0 33 9  13  1 21575  992 1.4 44 30 28 32 95% 306625 28870 70%
c c  5.42  0 33 9  13  1 21575  992 1.4 44 30 28 32 95% 306688 28870 70%
c
c  seconds  reductions conflicts       size    tier2         variables
c         MB    restarts    redundant     glue     trail          remaining
c          level     rate        size/glue  tier1    irredundant
c
c d  5.42  0 33 9  13  1 21575  991 1.4 44 30 28 32 95% 306550 28806 70%
c 2  5.43  0 33 9  13  1 21575  991 1.4 44 30 28 32 95% 305975 28805 70%
c -  6.40  0 33 10  14  1 27033 1037 1.4 44 31 28 32 95% 305963 28805 70%
c t  6.47  0 33 10  14  1 27033 1037 1.4 44 31 28 32 95% 305962 28805 70%
c #  6.64  0 33 10  14  1 28012 1549 1.4 44 31 28 32 95% 305962 28805 70%
c -  7.56  0 33 11  14  1 33140 1274 1.4 45 31 28 32 95% 305962 28805 70%
c u  7.59  0 33 11  14  1 33140 1246 1.4 45 31 28 32 95% 305962 28805 70%
c v  7.61  0 33 11  14  1 33140 1228 1.4 45 31 28 32 95% 305962 28805 70%
c w  7.62  0 33 11  14  1 33140 1226 1.4 45 31 28 32 95% 305962 28805 70%
c x  7.63  0 33 11  14  1 33140 1226 1.4 45 31 28 32 95% 305824 28805 70%
c B  8.16  0 33 11  17  1 36014 2834 1.4 45 31 28 32 95% 305824 28805 70%
c -  8.90  0 33 12  20  1 39902 1264 1.4 45 31 29 33 95% 305824 28805 70%
c s  9.30  0 33 12  20  1 40784 1692 1.4 45 31 29 33 95% 305817 28805 70%
c e  9.33  0 33 12  20  1 40784 1692 1.4 45 31 29 33 95% 305815 28804 70%
c s  9.34  0 33 12  20  1 40784 1690 1.4 45 31 29 33 95% 305624 28804 70%
c e  9.36  0 33 12  20  1 40784 1690 1.4 45 31 29 33 95% 305585 28778 70%
c W 10.42  0 33 12  21  1 45015 4036 1.4 45 31 29 33 95% 305585 28778 70%
c - 10.84  0 33 13  23  1 47318 1373 1.4 44 31 29 33 95% 305585 28778 70%
c 2 10.85  0 33 13  23  1 47318 1373 1.4 44 31 29 33 95% 305584 28778 70%
c p 10.85  0 33 13  23  1 47318 1480 1.4 44 31 29 33 95% 305584 28778 70%
c
c  seconds  reductions  conflicts       size    tier2         variables
c         MB     restarts    redundant     glue     trail          remaining
c          level      rate        size/glue  tier1    irredundant
c
c O 12.22  0 33 13  28  1 55016 5702 1.4 45 31 29 33 95% 305584 28778 70%
c - 12.29  0 33 14  28  1 55394 1562 1.4 45 31 29 33 95% 305584 28778 70%
c p 12.30  0 33 14  28  1 55394 1732 1.4 45 31 29 33 95% 305584 28778 70%
c u 12.32  0 33 14  28  1 55394 1720 1.4 45 31 29 33 95% 305580 28778 70%
c v 12.34  0 33 14  28  1 55394 1687 1.4 45 31 29 33 95% 305580 28778 70%
c w 12.35  0 33 14  28  1 55394 1684 1.4 45 31 29 33 95% 305580 28778 70%
c x 12.36  0 33 14  28  1 55394 1684 1.4 45 31 29 33 95% 305569 28778 70%
c - 14.02  0 33 15  29  1 64134 1763 1.4 44 31 29 33 95% 305569 28778 70%
c p 14.03  0 33 15  29  1 64134 2041 1.4 44 31 29 33 95% 305569 28777 70%
c c 14.10  0 33 15  29  1 64134 2041 1.4 44 31 29 33 95% 305591 28777 70%
c d 14.11  0 33 15  29  1 64134 2034 1.4 44 31 29 33 95% 305532 28753 70%
c 2 14.13  0 33 15  29  1 64134 2034 1.4 44 31 29 33 95% 305320 28753 70%
c t 14.13  0 33 15  29  1 64134 2034 1.4 44 31 29 33 95% 305319 28753 70%
c B 14.51  0 33 15  29  1 66019 3136 1.4 44 31 29 33 95% 305319 28753 70%
c s 14.93  0 33 15  30  1 68053 4203 1.4 44 31 29 33 95% 305038 28753 70%
c e 14.98  0 33 15  30  1 68053 4193 1.4 44 31 29 33 95% 304975 28722 69%
c s 15.02  0 33 15  30  1 68053 4188 1.4 44 31 29 33 95% 304871 28722 69%
c e 15.05  0 33 15  30  1 68053 4184 1.4 44 31 29 33 95% 304839 28707 69%
c - 16.16  0 32 16  30  1 73537 1830 1.4 43 31 27 32 95% 304839 28707 69%
c p 16.17  0 32 16  30  1 73537 2119 1.4 43 31 27 32 95% 304839 28707 69%
c
c  seconds  reductions  conflicts       size    tier2         variables
c         MB     restarts    redundant     glue     trail          remaining
c          level      rate        size/glue  tier1    irredundant
c
c u 16.19  0 32 16  30  1 73537 2111 1.4 43 31 27 32 95% 304839 28707 69%
c v 16.22  0 32 16  30  1 73537 2094 1.4 43 31 27 32 95% 304839 28707 69%
c w 16.23  0 32 16  30  1 73537 2092 1.4 43 31 27 32 95% 304839 28707 69%
c W 17.56  0 32 16  30  1 78024 4473 1.4 43 31 27 32 95% 304839 28707 69%
c - 18.66  0 32 17  31  1 83598 1884 1.4 43 31 27 32 95% 304839 28707 69%
c p 18.67  0 32 17  31  1 83598 2247 1.4 43 31 27 32 95% 304839 28707 69%
c c 18.74  0 32 17  31  1 83598 2247 1.4 43 31 27 32 95% 304839 28707 69%
c d 18.75  0 32 17  31  1 83598 2247 1.4 43 31 27 32 95% 304831 28703 69%
c 2 18.76  0 32 17  31  1 83598 2247 1.4 43 31 27 32 95% 304801 28703 69%
c t 18.92  0 32 17  31  1 83598 2247 1.4 43 31 27 32 95% 304800 28703 69%
c I 20.34  0 32 17  36  1 91025 6532 1.4 43 31 27 32 95% 304800 28703 69%
c i 20.55  0 32 17  37  1 91845 6929 1.4 43 30 27 32 95% 304800 28702 69%
c - 21.09  0 32 18  37  1 94324 2144 1.4 43 30 27 32 95% 304791 28702 69%
c p 21.11  0 32 18  37  1 94324 2476 1.4 43 30 27 32 95% 304791 28702 69%
c u 21.22  0 32 18  37  1 94324 2470 1.4 43 30 27 32 95% 304791 28701 69%
c v 21.27  0 32 18  37  1 94324 2435 1.4 43 30 27 32 95% 304791 28701 69%
c w 21.27  0 32 18  37  1 94324 2432 1.4 43 30 27 32 95% 304791 28701 69%
c s 23.09  0 31 18  43  1 102141 6017 1.4 42 30 27 32 95% 304755 28701 69%
c e 23.14  0 31 18  43  1 102141 6012 1.4 42 30 27 32 95% 304734 28696 69%
c s 23.18  0 31 18  43  1 102141 5965 1.4 42 30 27 32 95% 304715 28696 69%
c
c  seconds  reductions  conflicts        size    tier2         variables
c         MB     restarts     redundant     glue     trail          remaining
c          level      rate         size/glue  tier1    irredundant
c
c e 23.20  0 31 18  43  1 102141 5964 1.4 42 30 27 32 95% 304703 28692 69%
c B 23.84  0 31 18  44  1 105027 7635 1.4 42 30 27 32 95% 304703 28692 69%
c - 24.02  0 31 19  44  1 105719 2100 1.4 42 30 27 32 95% 304703 28692 69%
c 2 24.02  0 31 19  44  1 105719 2100 1.4 42 30 27 32 95% 304703 28690 69%
c p 24.03  0 31 19  44  1 105719 2463 1.4 42 30 27 32 95% 304703 28690 69%
c - 26.39  0 31 20  47  1 117780 2329 1.4 42 29 27 32 94% 304684 28690 69%
c p 26.40  0 31 20  47  1 117780 2691 1.4 42 29 27 32 94% 304684 28690 69%
c u 26.48  0 31 20  47  1 117780 2682 1.4 42 29 27 32 94% 304684 28690 69%
c v 26.52  0 31 20  47  1 117780 2658 1.4 42 29 27 32 94% 304684 28690 69%
c w 26.52  0 31 20  47  1 117780 2654 1.4 42 29 27 32 94% 304684 28690 69%
c W 27.59  0 31 20  48  1 120028 3909 1.4 42 29 27 32 94% 304684 28690 69%
c - 29.65  0 30 21  54  1 130509 2290 1.4 41 29 27 32 94% 304684 28690 69%
c p 29.66  0 30 21  54  1 130509 2823 1.4 41 29 27 32 94% 304684 28690 69%
c F 30.84  0 30 21  58  1 136029 5721 1.4 41 29 27 32 94% 304684 28690 69%
c i 31.42  0 30 21  59  1 139018 7308 1.4 41 29 25 31 94% 304684 28689 69%
c s 32.22  0 30 21  60  1 143047 9377 1.4 41 29 25 31 94% 304658 28689 69%
c e 32.26  0 30 21  60  1 143047 9366 1.4 41 29 25 31 94% 304639 28686 69%
c s 32.29  0 30 21  60  1 143047 9357 1.4 41 29 25 31 94% 304620 28686 69%
c e 32.31  0 30 21  60  1 143047 9356 1.4 41 29 25 31 94% 304611 28683 69%
c - 32.52  0 30 22  60  1 143909 2583 1.4 41 29 25 31 94% 304611 28683 69%
c
c  seconds  reductions  conflicts        size    tier2         variables
c         MB     restarts     redundant     glue     trail          remaining
c          level      rate         size/glue  tier1    irredundant
c
c p 32.53  0 30 22  60  1 143909 3144 1.4 41 29 25 31 94% 304611 28683 69%
c v 32.61  0 30 22  60  1 143909 3095 1.4 41 29 25 31 94% 304611 28683 69%
c w 32.63  0 30 22  60  1 143909 3078 1.4 41 29 25 31 94% 304611 28683 69%
c B 34.40  0 31 22  61  1 153032 7801 1.4 41 29 25 31 94% 304611 28683 69%
c - 35.47  0 31 23  61  1 157982 2760 1.4 41 29 25 31 94% 304611 28683 69%
c p 35.49  0 31 23  61  1 157982 3742 1.4 41 29 25 31 94% 304611 28680 69%
c c 35.55  0 31 23  61  1 157982 3742 1.4 41 29 25 31 94% 304612 28680 69%
c d 35.56  0 31 23  61  1 157982 3724 1.4 41 29 25 31 94% 304579 28679 69%
c 2 35.58  0 31 23  61  1 157982 3724 1.4 41 29 25 31 94% 304572 28679 69%
c u 35.79  0 31 23  61  1 157982 3715 1.4 41 29 25 31 94% 304572 28679 69%
c v 35.82  0 31 23  61  1 157982 3707 1.4 41 29 25 31 94% 304572 28679 69%
c w 35.82  0 31 23  61  1 157982 3701 1.4 41 29 25 31 94% 304572 28679 69%
c i 36.03  0 31 23  61  1 158945 4288 1.4 41 29 25 31 94% 304572 28678 69%
c W 39.36  0 30 23  62  1 171033 10719 1.4 40 29 25 31 94% 304562 28678 69%
c - 39.72  0 30 24  62  1 172724 2902 1.4 40 29 25 31 94% 304562 28678 69%
c p 39.73  0 30 24  62  1 172724 4075 1.4 40 29 25 31 94% 304562 28671 69%
c v 39.78  0 30 24  62  1 172724 4059 1.4 40 29 25 31 94% 304562 28671 69%
c w 39.78  0 30 24  62  1 172724 4052 1.4 40 29 25 31 94% 304562 28671 69%
c x 39.79  0 30 24  62  1 172724 4052 1.4 40 29 25 31 94% 304562 28671 69%
c - 43.17  0 29 25  62  1 188139 2958 1.4 39 28 25 31 94% 304492 28671 69%
c
c  seconds  reductions  conflicts        size    tier2         variables
c         MB     restarts     redundant     glue     trail          remaining
c          level      rate         size/glue  tier1    irredundant
c
c p 43.18  0 29 25  62  1 188139 4402 1.4 39 28 25 31 94% 304492 28665 69%
c u 43.29  0 29 25  62  1 188139 4391 1.4 39 28 25 31 94% 304492 28665 69%
c v 43.32  0 29 25  62  1 188139 4376 1.4 39 28 25 31 94% 304492 28665 69%
c w 43.32  0 29 25  62  1 188139 4364 1.4 39 28 25 31 94% 304492 28665 69%
c # 43.77  0 29 25  62  1 190034 5600 1.4 40 28 25 31 94% 304492 28665 69%
c s 43.96  0 30 25  62  1 190769 6024 1.4 40 28 25 31 94% 304464 28665 69%
c e 44.00  0 30 25  62  1 190769 6023 1.4 40 28 25 31 94% 304384 28657 69%
c s 44.03  0 30 25  62  1 190769 6019 1.4 40 28 25 31 94% 304362 28657 69%
c e 44.04  0 30 25  62  1 190769 6019 1.4 40 28 25 31 94% 304338 28649 69%
c - 46.65  0 30 26  66  1 204227 3029 1.4 40 28 24 31 94% 304338 28649 69%
c p 46.66  0 30 26  66  1 204227 4148 1.4 40 28 24 31 94% 304338 28642 69%
c u 46.71  0 30 26  66  1 204227 4122 1.4 40 28 24 31 94% 304338 28642 69%
c v 46.74  0 30 26  66  1 204227 4112 1.4 40 28 24 31 94% 304338 28642 69%
c w 46.74  0 30 26  66  1 204227 4106 1.4 40 28 24 31 94% 304338 28642 69%
c B 47.80  0 30 26  69  1 210036 6999 1.4 40 28 24 31 94% 304338 28642 69%
c - 50.18  0 30 27  76  1 220984 3143 1.4 40 28 24 31 94% 304268 28642 69%
c p 50.20  0 30 27  76  1 220984 4349 1.4 40 28 24 31 94% 304268 28636 69%
c u 50.24  0 30 27  76  1 220984 4336 1.4 40 28 24 31 94% 304268 28636 69%
c v 50.27  0 30 27  76  1 220984 4331 1.4 40 28 24 31 94% 304268 28636 69%
c w 50.28  0 30 27  76  1 220984 4322 1.4 40 28 24 31 94% 304268 28636 69%
c
c  seconds  reductions  conflicts        size    tier2         variables
c         MB     restarts     redundant     glue     trail          remaining
c          level      rate         size/glue  tier1    irredundant
c
c W 53.16  0 30 27  77  1 231037 9352 1.4 40 28 24 31 94% 304208 28636 69%
c - 54.67  0 29 28  82  1 238416 3330 1.4 40 28 24 31 94% 304208 28636 69%
c p 54.69  0 29 28  82  1 238416 4657 1.4 40 28 24 31 94% 304208 28629 69%
c c 54.75  0 29 28  82  1 238416 4657 1.4 40 28 24 31 94% 304209 28629 69%
c d 54.75  0 29 28  82  1 238416 4621 1.4 40 28 24 31 94% 304137 28628 69%
c 2 54.78  0 29 28  82  1 238416 4620 1.4 40 28 24 31 94% 304129 28628 69%
c v 54.82  0 29 28  82  1 238416 4598 1.4 40 28 24 31 94% 304129 28628 69%
c w 54.82  0 29 28  82  1 238416 4595 1.4 40 28 24 31 94% 304129 28628 69%
c x 54.83  0 29 28  82  1 238416 4595 1.4 40 28 24 31 94% 304129 28628 69%
c s 56.30  0 29 28  85  1 245315 8153 1.4 40 28 24 31 94% 304102 28628 69%
c e 56.34  0 29 28  85  1 245315 8153 1.4 40 28 24 31 94% 304094 28625 69%
c s 56.37  0 29 28  85  1 245315 8148 1.4 40 28 24 31 94% 304084 28625 69%
c e 56.39  0 29 28  85  1 245315 8148 1.4 40 28 24 31 94% 304081 28624 69%
c O 58.10  0 29 28  90  1 253039 13428 1.5 41 28 24 31 94% 304081 28624 69%
c - 58.81  0 29 29  91  1 256520 3937 1.5 41 28 24 31 94% 304081 28624 69%
c p 58.82  0 29 29  91  1 256520 5418 1.5 41 28 24 31 94% 304081 28616 69%
c u 58.88  0 29 29  91  1 256520 5398 1.5 41 28 24 31 94% 304081 28616 69%
c v 58.90  0 29 29  91  1 256520 5370 1.5 41 28 24 31 94% 304081 28616 69%
c w 58.91  0 29 29  91  1 256520 5363 1.5 41 28 24 31 94% 304081 28616 69%
c - 62.62  0 29 30  93  1 275299 4186 1.5 41 28 24 30 94% 304001 28616 69%
c
c  seconds  reductions  conflicts        size    tier2         variables
c         MB     restarts     redundant     glue     trail          remaining
c          level      rate         size/glue  tier1    irredundant
c
c 2 62.63  0 29 30  93  1 275299 4186 1.5 41 28 24 30 94% 304001 28614 69%
c p 62.63  0 29 30  93  1 275299 5829 1.5 41 28 24 30 94% 304001 28604 69%
c u 63.04  0 29 30  93  1 275299 5796 1.5 41 28 24 30 94% 303883 28604 69%
c v 63.05  0 29 30  93  1 275299 5778 1.5 41 28 24 30 94% 303883 28604 69%
c w 63.06  0 29 30  93  1 275299 5775 1.5 41 28 24 30 94% 303883 28604 69%
c B 63.26  0 29 30  93  1 276045 6248 1.5 41 28 24 30 94% 303883 28604 69%
c - 67.51  0 29 31 100  1 294749 4314 1.5 42 28 24 30 94% 303883 28604 69%
c p 67.53  0 29 31 100  1 294749 6011 1.5 42 28 24 30 94% 303883 28595 69%
c u 67.59  0 29 31 100  1 294749 5991 1.5 42 28 24 30 94% 303883 28595 69%
c v 67.61  0 29 31 100  1 294749 5968 1.5 42 28 24 30 94% 303883 28595 69%
c w 67.62  0 29 31 100  1 294749 5966 1.5 42 28 24 30 94% 303883 28595 69%
c W 69.65  0 30 31 104  1 300046 8658 1.5 42 28 24 30 94% 303793 28595 69%
c s 71.02  0 30 31 107  1 306680 12156 1.5 42 28 24 30 94% 303772 28595 69%
c e 71.06  0 30 31 107  1 306680 12155 1.5 42 28 24 30 94% 303768 28593 69%
c s 71.08  0 30 31 107  1 306680 12148 1.5 42 28 24 30 94% 303763 28593 69%
c e 71.10  0 30 31 107  1 306680 12148 1.5 42 28 24 30 94% 303760 28592 69%
c - 72.94  0 29 32 108  1 314872 4056 1.5 41 28 24 30 94% 303760 28592 69%
c p 72.95  0 29 32 108  1 314872 5767 1.5 41 28 24 30 94% 303760 28591 69%
c u 73.01  0 29 32 108  1 314872 5737 1.5 41 28 24 30 94% 303760 28591 69%
c v 73.03  0 29 32 108  1 314872 5713 1.5 41 28 24 30 94% 303760 28591 69%
c
c  seconds  reductions  conflicts        size    tier2         variables
c         MB     restarts     redundant     glue     trail          remaining
c          level      rate         size/glue  tier1    irredundant
c
c w 73.03  0 29 32 108  1 314872 5705 1.5 41 28 24 30 94% 303760 28591 69%
c I 75.23  0 30 32 115  1 325051 11746 1.5 42 28 24 30 94% 303760 28591 69%
c - 77.49  0 29 33 121  1 335670 4440 1.5 41 28 23 30 94% 303750 28591 69%
c p 77.52  0 29 33 121  1 335670 6317 1.5 41 28 23 30 94% 303750 28589 69%
c u 77.64  0 29 33 121  1 335670 6311 1.5 41 28 23 30 94% 303750 28589 69%
c w 77.66  0 29 33 121  1 335670 6307 1.5 41 28 23 30 94% 303750 28589 69%
c B 81.08  0 29 33 124  1 351052 14771 1.5 41 28 23 30 94% 303750 28589 69%
c - 82.47  0 29 34 124  1 357143 4468 1.5 41 28 23 30 94% 303730 28589 69%
c p 82.48  0 29 34 124  1 357143 6503 1.5 41 28 23 30 94% 303730 28587 69%
c u 82.54  0 29 34 124  1 357143 6479 1.5 41 28 23 30 94% 303730 28587 69%
c v 82.56  0 29 34 124  1 357143 6467 1.5 41 28 23 30 94% 303730 28587 69%
c w 82.57  0 29 34 124  1 357143 6461 1.5 41 28 23 30 94% 303730 28587 69%
c s 86.68  0 29 34 125  1 374865 15757 1.5 42 28 23 30 94% 303722 28587 69%
c e 86.73  0 29 34 125  1 374865 15674 1.5 42 28 23 30 94% 303693 28584 69%
c s 86.75  0 29 34 125  1 374865 15667 1.5 42 28 23 30 94% 303686 28584 69%
c e 86.77  0 29 34 125  1 374865 15667 1.5 42 28 23 30 94% 303681 28582 69%
c W 88.50  0 29 34 125  1 378053 17305 1.5 42 28 23 30 94% 303681 28582 69%
c - 88.82  0 29 35 125  1 379292 4460 1.5 42 28 23 30 94% 303681 28582 69%
c p 88.84  0 29 35 125  1 379292 6443 1.5 42 28 23 30 94% 303681 28581 69%
c u 88.91  0 29 35 125  1 379292 6410 1.5 42 28 23 30 94% 303681 28581 69%
c
c  seconds  reductions  conflicts        size    tier2         variables
c         MB     restarts     redundant     glue     trail          remaining
c          level      rate         size/glue  tier1    irredundant
c
c v 88.93  0 29 35 125  1 379292 6393 1.5 42 28 23 30 94% 303681 28581 69%
c w 88.95  0 29 35 125  1 379292 6382 1.5 42 28 23 30 94% 303681 28581 69%
c - 94.02  0 30 36 126  1 402115 4498 1.5 42 28 23 30 94% 303671 28581 69%
c p 94.03  0 30 36 126  1 402115 6555 1.5 42 28 23 30 94% 303671 28579 69%
c k 94.05  0 30 36 126  1 402115 6555 1.5 42 28 23 30 94% 303671 28578 69%
c u 94.10  0 30 36 126  1 402115 6541 1.5 42 28 23 30 94% 303671 28578 69%
c v 94.12  0 30 36 126  1 402115 6490 1.5 42 28 23 30 94% 303671 28578 69%
c w 94.13  0 30 36 126  1 402115 6479 1.5 42 28 23 30 94% 303671 28578 69%
c F 94.91  0 30 36 126  1 406054 8560 1.5 42 28 23 30 94% 303671 28578 69%
c - 98.93  0 30 37 126  1 425615 4932 1.5 43 29 23 30 94% 303642 28578 69%
c p 98.95  0 30 37 126  1 425615 6771 1.5 43 29 23 30 94% 303642 28576 69%
c u 99.07  0 30 37 126  1 425615 6758 1.5 43 29 23 30 94% 303642 28576 69%
c v 99.08  0 30 37 126  1 425615 6741 1.5 43 29 23 30 94% 303642 28576 69%
c w 99.08  0 30 37 126  1 425615 6728 1.5 43 29 23 30 94% 303642 28576 69%
c B 100.98  0 30 37 126  1 435055 12149 1.5 43 29 23 30 94% 303642 28576 69%
c - 104.28  0 31 38 126  1 449791 5235 1.5 43 29 23 30 94% 303622 28576 69%
c p 104.29  0 31 38 126  1 449791 7267 1.5 43 29 23 30 94% 303622 28573 69%
c u 104.72  0 31 38 126  1 449791 7210 1.5 43 29 23 30 94% 303592 28573 69%
c v 104.74  0 31 38 126  1 449791 7197 1.5 43 29 23 30 94% 303592 28573 69%
c w 104.76  0 31 38 126  1 449791 7185 1.5 43 29 23 30 94% 303592 28573 69%
c
c  seconds   reductions  conflicts        size    tier2         variables
c          MB     restarts     redundant     glue     trail          remaining
c           level      rate         size/glue  tier1    irredundant
c
c s 104.82  0 31 38 126  1 449873 7223 1.5 43 29 23 30 94% 303584 28573 69%
c e 104.84  0 31 38 126  1 449873 7100 1.5 43 29 23 30 94% 303573 28569 69%
c s 104.87  0 31 38 126  1 449873 7094 1.5 43 29 23 30 94% 303558 28569 69%
c e 104.90  0 31 38 126  1 449873 7094 1.5 43 29 23 30 94% 303550 28566 69%
c W 109.26  0 31 38 126  1 465058 14842 1.5 43 29 23 30 94% 303550 28566 69%
c - 111.55  0 31 39 133  1 474644 5132 1.5 43 29 23 30 94% 303550 28566 69%
c p 111.57  0 31 39 133  1 474644 7232 1.5 43 29 23 30 94% 303550 28566 69%
c u 111.64  0 31 39 133  1 474644 7189 1.5 43 29 23 30 94% 303550 28566 69%
c v 111.66  0 31 39 133  1 474644 7168 1.5 43 29 23 30 94% 303550 28566 69%
c w 111.68  0 31 39 133  1 474644 7151 1.5 43 29 23 30 94% 303550 28566 69%
c # 116.42  0 30 39 141  1 496060 18957 1.5 43 29 23 30 94% 303550 28566 69%
c - 117.20  0 31 40 143  1 500174 5444 1.5 43 29 23 30 94% 303550 28566 69%
c p 117.21  0 31 40 143  1 500174 7457 1.5 43 29 23 30 94% 303550 28565 69%
c v 117.31  0 31 40 143  1 500174 7432 1.5 43 29 23 30 94% 303550 28565 69%
c w 117.32  0 31 40 143  1 500174 7422 1.5 43 29 23 30 94% 303550 28565 69%
c - 121.96  0 31 41 156  1 526380 5246 1.5 43 29 23 30 94% 303540 28565 69%
c p 121.97  0 31 41 156  1 526380 6971 1.5 43 29 23 30 94% 303540 28565 69%
c u 122.03  0 31 41 156  1 526380 6948 1.5 43 29 23 30 94% 303540 28565 69%
c v 122.06  0 31 41 156  1 526380 6941 1.5 43 29 23 30 94% 303540 28565 69%
c w 122.07  0 31 41 156  1 526380 6929 1.5 43 29 23 30 94% 303540 28565 69%
c
c  seconds   reductions  conflicts        size    tier2         variables
c          MB     restarts     redundant     glue     trail          remaining
c           level      rate         size/glue  tier1    irredundant
c
c B 122.41  0 31 41 156  1 528062 7885 1.5 43 29 23 30 94% 303540 28565 69%
c s 123.22  0 31 41 157  1 531703 10137 1.5 43 30 23 30 94% 303532 28565 69%
c e 123.24  0 31 41 157  1 531703 10134 1.5 43 30 23 30 94% 303526 28563 69%
c s 123.26  0 31 41 157  1 531703 10126 1.5 43 30 23 30 94% 303522 28563 69%
c e 123.29  0 31 41 157  1 531703 10126 1.5 43 30 23 30 94% 303519 28562 69%
c - 128.30  0 31 42 161  1 553264 5629 1.5 43 29 23 30 94% 303519 28562 69%
c p 128.31  0 31 42 161  1 553264 7827 1.5 43 29 23 30 94% 303519 28562 69%
c v 128.47  0 31 42 161  1 553264 7769 1.5 43 29 23 30 94% 303519 28562 69%
c w 128.48  0 31 42 161  1 553264 7766 1.5 43 29 23 30 94% 303519 28562 69%
c W 131.39  0 31 42 165  1 561063 11964 1.5 42 29 23 30 94% 303519 28562 69%
c - 135.75  0 31 43 172  1 580825 5789 1.5 43 29 23 30 94% 303519 28562 69%
c p 135.78  0 31 43 172  1 580825 7869 1.5 43 29 23 30 94% 303519 28561 69%
c u 135.86  0 31 43 172  1 580825 7850 1.5 43 29 23 30 94% 303519 28561 69%
c v 135.88  0 31 43 172  1 580825 7812 1.5 43 29 23 30 94% 303519 28561 69%
c w 135.90  0 31 43 172  1 580825 7805 1.5 43 29 23 30 94% 303519 28561 69%
c O 138.79  0 31 43 181  1 595066 15543 1.5 43 29 23 30 94% 303519 28561 69%
c - 141.57  0 31 44 187  1 609065 5731 1.4 42 29 23 30 94% 303509 28561 69%
c p 141.59  0 31 44 187  1 609065 7841 1.4 42 29 23 30 94% 303509 28560 69%
c u 141.69  0 31 44 187  1 609065 7823 1.4 42 29 23 30 94% 303509 28560 69%
c v 141.71  0 31 44 187  1 609065 7791 1.4 42 29 23 30 94% 303509 28560 69%
c
c  seconds   reductions  conflicts        size    tier2         variables
c          MB     restarts     redundant     glue     trail          remaining
c           level      rate         size/glue  tier1    irredundant
c
c w 141.73  0 31 44 187  1 609065 7781 1.4 42 29 23 30 94% 303509 28560 69%
c s 144.08  0 30 44 188  1 620354 13457 1.4 41 29 23 30 94% 303502 28560 69%
c e 144.12  0 30 44 188  1 620354 13455 1.4 41 29 23 30 94% 303487 28558 69%
c s 144.14  0 30 44 188  1 620354 13449 1.4 41 29 23 30 94% 303480 28558 69%
c e 144.16  0 30 44 188  1 620354 13449 1.4 41 29 23 30 94% 303477 28557 69%
c B 146.14  0 30 44 188  1 630068 18354 1.4 41 29 23 30 94% 303477 28557 69%
c - 147.82  0 30 45 189  1 637982 6084 1.4 41 29 23 30 94% 303477 28557 69%
c p 147.85  0 30 45 189  1 637982 8539 1.4 41 29 23 30 94% 303477 28557 69%
c v 147.96  0 30 45 189  1 637982 8480 1.4 41 29 23 30 94% 303477 28557 69%
c w 147.98  0 30 45 189  1 637982 8466 1.4 41 29 23 30 94% 303477 28557 69%
c W 155.59  0 30 45 191  1 666069 23303 1.4 41 29 23 30 94% 303477 28557 69%
c - 155.93  0 30 46 192  1 667577 6216 1.4 41 29 23 30 94% 303477 28557 69%
c p 155.96  0 30 46 192  1 667577 8675 1.4 41 29 23 30 94% 303477 28556 69%
c u 156.05  0 30 46 192  1 667577 8645 1.4 41 29 23 30 94% 303477 28556 69%
c v 156.07  0 30 46 192  1 667577 8631 1.4 41 29 23 30 94% 303477 28556 69%
c w 156.08  0 30 46 192  1 667577 8628 1.4 41 29 23 30 94% 303477 28556 69%
c - 162.79  0 29 47 205  1 697850 6100 1.4 40 28 23 30 94% 303467 28556 69%
c p 162.81  0 29 47 205  1 697850 8580 1.4 40 28 23 30 94% 303467 28556 69%
c v 163.42  0 29 47 205  1 697850 8544 1.4 40 28 23 30 94% 303467 28556 69%
c w 163.44  0 29 47 205  1 697850 8531 1.4 40 28 23 30 94% 303467 28556 69%
c
c  seconds   reductions  conflicts         size    tier2         variables
c          MB     restarts      redundant     glue     trail          remaining
c           level      rate          size/glue  tier1    irredundant
c
c I 164.54  0 29 47 209  1 703070 11102 1.4 40 28 23 30 94% 303467 28556 69%
c s 167.40  0 29 47 216  1 715826 17409 1.4 39 27 23 30 94% 303455 28556 69%
c e 167.44  0 29 47 216  1 715826 17408 1.4 39 27 23 30 94% 303452 28554 69%
c s 167.46  0 29 47 216  1 715826 17395 1.4 39 27 23 30 94% 303448 28554 69%
c e 167.49  0 29 47 216  1 715826 17393 1.4 39 27 23 30 94% 303440 28550 69%
c - 170.52  0 29 48 219  1 728803 6122 1.4 39 27 23 30 94% 303440 28550 69%
c p 170.55  0 29 48 219  1 728803 8743 1.4 39 27 23 30 94% 303440 28550 69%
c c 170.63  0 29 48 219  1 728803 8743 1.4 39 27 23 30 94% 303441 28550 69%
c d 170.64  0 29 48 219  1 728803 8743 1.4 39 27 23 30 94% 303439 28549 69%
c 2 170.67  0 29 48 219  1 728803 8742 1.4 39 27 23 30 94% 303431 28549 69%
c u 170.71  0 29 48 219  1 728803 8718 1.4 39 27 23 30 94% 303431 28549 69%
c v 170.74  0 29 48 219  1 728803 8709 1.4 39 27 23 30 94% 303431 28549 69%
c w 170.75  0 29 48 219  1 728803 8701 1.4 39 27 23 30 94% 303431 28549 69%
c x 170.78  0 29 48 219  1 728803 8701 1.4 39 27 23 30 94% 303431 28549 69%
c B 173.50  0 28 48 220  1 741072 15026 1.4 39 27 23 30 94% 303431 28549 69%
c - 177.90  0 28 49 228  1 760433 6191 1.4 38 27 23 30 94% 303431 28549 69%
c p 177.92  0 28 49 228  1 760433 8744 1.4 38 27 23 30 94% 303431 28549 69%
c u 178.02  0 28 49 228  1 760433 8721 1.4 38 27 23 30 94% 303431 28549 69%
c v 178.05  0 28 49 228  1 760433 8704 1.4 38 27 23 30 94% 303431 28549 69%
c w 178.07  0 28 49 228  1 760433 8693 1.4 38 27 23 30 94% 303431 28549 69%
c
c  seconds   reductions  conflicts         size    tier2         variables
c          MB     restarts      redundant     glue     trail          remaining
c           level      rate          size/glue  tier1    irredundant
c
c W 183.85  0 27 49 235  1 780073 18367 1.4 37 26 23 30 94% 303431 28549 69%
c - 186.75  0 27 50 242  1 792741 6410 1.4 37 26 22 29 94% 303431 28549 69%
c p 186.77  0 27 50 242  1 792741 9199 1.4 37 26 22 29 94% 303431 28549 69%
c u 186.87  0 27 50 242  1 792741 9176 1.4 37 26 22 29 94% 303431 28549 69%
c v 186.89  0 27 50 242  1 792741 9124 1.4 37 26 22 29 94% 303431 28549 69%
c w 186.91  0 27 50 242  1 792741 9115 1.4 37 26 22 29 94% 303431 28549 69%
c s 192.56  0 28 50 251  1 818122 21992 1.4 38 26 22 29 94% 303401 28549 69%
c s 192.64  0 28 50 251  1 818122 21975 1.4 38 26 22 29 94% 303380 28549 69%
c e 192.65  0 28 50 251  1 818122 21973 1.4 38 26 22 29 94% 303371 28546 69%
c F 193.14  0 28 50 251  1 820074 22979 1.4 38 26 22 29 94% 303371 28546 69%
c - 194.24  0 28 51 251  1 825730 6826 1.4 39 27 22 29 94% 303371 28546 69%
c p 194.26  0 28 51 251  1 825730 9424 1.4 39 27 22 29 94% 303371 28546 69%
c c 194.33  0 28 51 251  1 825730 9424 1.4 39 27 22 29 94% 303374 28546 69%
c d 194.34  0 28 51 251  1 825730 9424 1.4 39 27 22 29 94% 303368 28543 69%
c 2 194.37  0 28 51 251  1 825730 9424 1.4 39 27 22 29 94% 303344 28543 69%
c u 194.43  0 28 51 251  1 825730 9380 1.4 39 27 22 29 94% 303344 28543 69%
c v 194.46  0 28 51 251  1 825730 9337 1.4 39 27 22 29 94% 303344 28543 69%
c w 194.48  0 28 51 251  1 825730 9313 1.4 39 27 22 29 94% 303344 28543 69%
c - 200.91  0 29 52 252  1 859396 7523 1.5 41 28 22 30 94% 303344 28543 69%
c 2 200.91  0 29 52 252  1 859396 7523 1.5 41 28 22 30 94% 303344 28542 69%
c
c  seconds   reductions  conflicts         size    tier2         variables
c          MB     restarts      redundant     glue     trail          remaining
c           level      rate          size/glue  tier1    irredundant
c
c p 200.93  0 29 52 252  1 859396 10071 1.5 41 28 22 30 94% 303344 28541 69%
c u 201.02  0 29 52 252  1 859396 10033 1.5 41 28 22 30 94% 303344 28541 69%
c v 201.05  0 29 52 252  1 859396 10013 1.5 41 28 22 30 94% 303344 28541 69%
c w 201.07  0 29 52 252  1 859396 10000 1.5 41 28 22 30 94% 303344 28541 69%
c B 201.41  0 29 52 252  1 861075 10893 1.4 41 28 22 30 94% 303344 28541 69%
c - 208.60  0 30 53 253  1 893740 7303 1.4 41 29 22 30 94% 303323 28541 69%
c p 208.63  0 30 53 253  1 893740 10074 1.4 41 29 22 30 94% 303323 28541 69%
c u 208.81  0 30 53 253  1 893740 10040 1.4 41 29 22 30 94% 303323 28541 69%
c v 208.83  0 30 53 253  1 893740 10022 1.4 41 29 22 30 94% 303323 28541 69%
c w 208.86  0 30 53 253  1 893740 9993 1.4 41 29 22 30 94% 303323 28541 69%
c W 212.43  0 30 53 253  1 903077 14954 1.5 41 28 22 30 94% 303323 28541 69%
c s 217.70  0 30 53 253  1 927235 27861 1.5 42 28 22 30 94% 303300 28541 69%
c s 217.78  0 30 53 253  1 927235 27851 1.5 42 28 22 30 94% 303298 28541 69%
c e 217.80  0 30 53 253  1 927235 27851 1.5 42 28 22 30 94% 303293 28539 69%
c - 218.20  0 30 54 253  1 928764 7515 1.5 42 28 22 30 94% 303293 28539 69%
c 2 218.20  0 30 54 253  1 928764 7514 1.5 42 28 22 30 94% 303293 28539 69%
c p 218.22  0 30 54 253  1 928764 10208 1.5 42 28 22 30 94% 303293 28539 69%
c u 218.30  0 30 54 253  1 928764 10165 1.5 42 28 22 30 94% 303293 28538 69%
c v 218.33  0 30 54 253  1 928764 10148 1.5 42 28 22 30 94% 303293 28538 69%
c w 218.36  0 30 54 253  1 928764 10130 1.5 42 28 22 30 94% 303293 28538 69%
c
c  seconds   reductions  conflicts         size    tier2         variables
c          MB     restarts      redundant     glue     trail          remaining
c           level      rate          size/glue  tier1    irredundant
c
c # 222.37  0 30 54 254  1 946078 19229 1.5 42 28 22 30 94% 303293 28538 69%
c - 226.20  0 30 55 254  1 964466 7568 1.5 42 29 22 30 94% 303284 28538 69%
c p 226.22  0 30 55 254  1 964466 10159 1.5 42 29 22 30 94% 303284 28538 69%
c u 226.30  0 30 55 254  1 964466 10126 1.5 42 29 22 30 94% 303284 28538 69%
c v 226.33  0 30 55 254  1 964466 10120 1.5 42 29 22 30 94% 303284 28538 69%
c w 226.34  0 30 55 254  1 964466 10112 1.5 42 29 22 30 94% 303284 28538 69%
c B 231.52  0 30 55 254  1 990079 22621 1.4 42 29 23 30 94% 303284 28538 69%
c - 233.74  0 30 56 254  1 1000848 7886 1.5 43 29 23 30 94% 303284 28538 69%
c p 233.76  0 30 56 254  1 1000848 10797 1.5 43 29 23 30 94% 303284 28538 69%
c u 233.93  0 30 56 254  1 1000848 10753 1.5 43 29 23 30 94% 303284 28538 69%
c v 233.96  0 30 56 254  1 1000848 10736 1.5 43 29 23 30 94% 303284 28538 69%
c w 233.97  0 30 56 254  1 1000848 10721 1.5 43 29 23 30 94% 303284 28538 69%
c W 242.72  0 31 56 254  1 1035080 29336 1.5 43 29 23 30 94% 303284 28538 69%
c - 243.37  0 31 57 254  1 1037910 7973 1.5 43 29 23 30 94% 303284 28538 69%
c p 243.40  0 31 57 254  1 1037910 10916 1.5 43 29 23 30 94% 303284 28538 69%
c u 243.57  0 31 57 254  1 1037910 10864 1.5 43 29 23 30 94% 303284 28538 69%
c v 243.60  0 31 57 254  1 1037910 10811 1.5 43 29 23 30 94% 303284 28538 69%
c w 243.62  0 31 57 254  1 1037910 10791 1.5 43 29 23 30 94% 303284 28538 69%
c s 244.74  0 31 57 254  1 1043165 13529 1.5 43 29 23 30 94% 303279 28538 69%
c s 244.81  0 31 57 254  1 1043165 13518 1.5 43 29 23 30 94% 303279 28538 69%
c
c  seconds   reductions   conflicts         size    tier2         variables
c          MB     restarts       redundant     glue     trail          remaining
c           level      rate           size/glue  tier1    irredundant
c
c e 244.82  0 31 57 254  1 1043165 13517 1.5 43 29 23 30 94% 303274 28536 69%
c - 252.24  0 31 58 262  1 1075651 7738 1.4 43 29 23 30 94% 303274 28536 69%
c p 252.27  0 31 58 262  1 1075651 10791 1.4 43 29 23 30 94% 303274 28536 69%
c u 252.38  0 31 58 262  1 1075651 10744 1.4 43 29 23 30 94% 303274 28536 69%
c v 252.40  0 31 58 262  1 1075651 10689 1.4 43 29 23 30 94% 303274 28536 69%
c w 252.42  0 31 58 262  1 1075651 10653 1.4 43 29 23 30 94% 303274 28536 69%
c O 253.62  0 31 58 266  1 1081082 14076 1.4 43 29 23 30 94% 303274 28536 69%
c - 260.58  0 30 59 281  1 1114074 8206 1.4 41 29 23 30 94% 303274 28536 69%
c p 260.61  0 30 59 281  1 1114074 11539 1.4 41 29 23 30 94% 303274 28536 69%
c k 260.65  0 30 59 281  1 1114074 11539 1.4 41 29 23 30 94% 303274 28535 69%
c v 260.77  0 30 59 281  1 1114074 11470 1.4 41 29 23 30 94% 303274 28535 69%
c w 260.79  0 30 59 281  1 1114074 11428 1.4 41 29 23 30 94% 303274 28535 69%
c B 263.63  0 30 59 284  1 1128083 19402 1.4 41 29 23 30 94% 303274 28535 69%
c ] 267.88  0 30 59 286  1 1146209 32808 1.5 44 29 23 30 94% 303274 28535 69%
c ? 267.88  0 30 59 286  1 1146209 32808 1.5 44 29 23 30 94% 303274 28535 69%
c
c --- [ result ] -------------------------------------------------------------
c
c writing result to 'search-results/cadical-support70-cover-20260902/anchor-004-p0-s0.result'
c
c --- [ run-time profiling ] -------------------------------------------------
c
c process time taken by individual solving procedures
c (percentage relative to process time for solving)
c
c       256.08   95.61% search
c       242.89   90.69% stable
c        13.17    4.92% walk
c        11.75    4.39% simplify
c         3.58    1.34% vivify
c         1.83    0.68% sweep
c         1.54    0.58% congruence
c         1.03    0.38% backbone
c         0.96    0.36% subsume
c         0.92    0.34% elim
c         0.38    0.14% probe
c         0.24    0.09% ternary
c         0.05    0.02% parse
c         0.01    0.01% lucky
c   =================================
c       267.83   99.98% solve
c
c last line shows process time for solving
c (percentage relative to total process time)
c
c --- [ statistics ] ---------------------------------------------------------
c
c chronological:            106309         9.27 %  of conflicts
c conflicts:               1146209      4279.63    per second
c backbone:               76118445    184052.14 %  of vars
c decisions:               1210256      4518.76    per second
c eliminated:                 2972         7.19 %  of all variables
c fixed:                      9079        21.95 %  of all variables
c learned:                 1130897        98.66 %  per conflict
c learned_lits:          570323109       100.00 %  learned literals
c minimized:                     0         0.00 %  learned literals
c shrunken:              519214479        91.04 %  learned literals
c minishrunken:            4087013         0.72 %  learned literals
c otfs:                        566         0.05 %  of conflict
c propagations:         1001827541         3.74 M  per second
c reduced:                  579845        50.59 %  per conflict
c rephased:                     47     24387.43    interval
c restarts:                    286      4007.72    interval
c substituted:                 771         1.86 %  of all variables
c subsumed:                 522106        33.43 %  of all clauses
c strengthened:              38105         2.44 %  of all clauses
c ticks:               11441549375        14.81    propagation
c vivified:                   1164         0.07 %  of all clauses
c walked:                       15     76413.93    interval
c weakened:                  14251         2.94    average size
c congruence:                   22     52100.41    interval
c
c seconds are measured in process time for solving
c
c --- [ glue usage ] ---------------------------------------------------------
c
c focused glue 2 used 0 clauses 0.000% accumulated 0.000% tier1
c focused glue 3 used 0 clauses 0.000% accumulated 0.000%
c focused glue 4 used 0 clauses 0.000% accumulated 0.000%
c focused glue 5 used 0 clauses 0.000% accumulated 0.000%
c focused glue 6 used 0 clauses 0.000% accumulated 0.000% tier2
c
c stable glue 23 used 190650 clauses 4.861% accumulated 54.65% tier1
c stable glue 24 used 202639 clauses 5.167% accumulated 59.81%
c stable glue 25-28 used 789225 clauses 20.12% accumulated 79.94%
c stable glue 29 used 178205 clauses 4.544% accumulated 84.48%
c stable glue 30 used 162422 clauses 4.141% accumulated 88.63% tier2
c
c
c --- [ resources ] ----------------------------------------------------------
c
c total process time since initialization:       267.88    seconds
c total real time since initialization:          300.01    seconds
c maximum resident set size of process:          225.09    MB
c
c --- [ shutting down ] ------------------------------------------------------
c
c exit 0
