c --- [ banner ] -------------------------------------------------------------
c
c CaDiCaL SAT Solver
c Copyright (c) 2016-2026
c A. Biere, M. Fleury, N. Froleyks, K. Fazekas, F. Pollitt, T. Faller
c JKU Linz, University of Freiburg, TU Wien
c
c Version 3.0.1 c60730422e758ef1cebe7aeddf2dda31c996bf04
c Apple clang version 21.0.0 (clang-2100.1.1.101) -Wall -Wextra -O3 -DNDEBUG -DNCLOSEFROM
c Tue Sep 1 21:08:57 PDT 2026 Darwin retained-runner 25.6.0 arm64
c
c --- [ limit ] --------------------------------------------------------------
c
c setting time limit to 300 seconds real time (due to '-t 300')
c
c --- [ parsing input ] ------------------------------------------------------
c
c reading DIMACS file from 'search-results/cadical-support70-cover-20260902/cnf/anchor-004-p0-s1.cnf'
c opening file to read 'search-results/cadical-support70-cover-20260902/cnf/anchor-004-p0-s1.cnf'
c found 'p cnf 41357 414868' header
c parsed 414868 clauses in 0.06 seconds process time
c
c --- [ options ] ------------------------------------------------------------
c
c   --elimeffort=10                (different from default '1e3')
c   --stabilizeonly=true           (different from default 'false')
c   --subsumeeffort=60             (different from default '1e3')
c
c --- [ solving ] ------------------------------------------------------------
c
c time measured in process time since initialization
c
c  seconds  reduction conflicts       size tier2        variables
c         MB    restarts   redundant    glue  trail          remaining
c          level     rate       size/glu tier1  irredundant
c
c *  0.06  0  0 0   0  0    0    0 0.0 0 0 2 6  0% 329586 32370 78%
c )  0.07  0  0 0   0  0    0    0 0.0 0 0 2 6  0% 329586 32370 78%
c [  0.08  0  0 0   0  0    0    0 0.0 0 0 2 6  0% 329586 32370 78%
c i  0.08  0  1 0   0 33    1    0 0.0 1 0 2 6 92% 329586 32330 78%
c i  0.09  0 32 0   0  7   10    4 1.2 19 16 2 6 93% 329586 32328 78%
c i  0.10  0 35 0   0  2  119   33 1.2 36 30 2 6 97% 329586 32315 78%
c -  0.13  0 34 1   0  1  301   52 1.2 35 29 2 6 96% 314475 32305 78%
c -  0.26  0 34 2   0  1  949  289 2.7 70 26 2 6 96% 314472 32305 78%
c I  0.27  0 34 2   0  1 1003  341 2.7 69 26 2 6 96% 314472 32305 78%
c -  0.50  0 31 3   1  1 2104  437 2.5 62 25 2 6 93% 314443 32305 78%
c B  0.68  0 30 3   2  1 3006 1138 2.4 61 25 2 6 90% 314435 32305 78%
c d  0.69  0 30 3   2  1 3045 1172 2.4 60 25 2 6 94% 313121 31649 77%
c c  0.78  0 30 3   2  1 3045 1172 2.4 60 25 2 6 94% 313119 31649 77%
c d  0.79  0 30 3   2  1 3045 1172 2.4 60 25 2 6 94% 313117 31648 77%
c -  1.01  0 30 4   2  1 3820  516 2.2 57 26 2 6 92% 313103 31648 77%
c i  1.15  0 30 4   3  1 4426  872 2.1 55 26 2 6 91% 313098 31647 77%
c W  1.60  0 30 4   4  1 6007 1767 1.9 52 27 26 30 91% 313070 31647 77%
c -  1.63  0 30 5   4  1 6130  588 1.9 51 27 26 30 91% 313069 31647 77%
c s  1.77  0 31 5   5  1 6696  890 1.8 50 27 26 30 92% 313015 31647 77%
c e  1.95  0 31 5   5  1 6696  609 1.8 50 27 26 30 92% 307319 28940 70%
c
c  seconds  reduction conflicts       size    tier2         variables
c         MB    restarts   redundant     glue     trail          remaining
c          level     rate       size/glue  tier1    irredundant
c
c s  1.97  0 31 5   5  1 6696  608 1.8 50 27 26 30 92% 307319 28940 70%
c e  2.00  0 31 5   5  1 6696  607 1.8 50 27 26 30 92% 307225 28918 70%
c -  2.62  0 31 6   6  1 9059  599 1.7 50 29 27 31 95% 307225 28918 70%
c F  2.83  0 31 6   6  1 10008 1091 1.7 49 29 27 31 95% 307225 28918 70%
c i  2.84  0 31 6   6  1 10056 1134 1.7 49 29 27 31 95% 307225 28917 70%
c c  3.07  0 31 6   6  1 10851 1593 1.7 48 29 27 31 95% 307229 28917 70%
c d  3.07  0 31 6   6  1 10851 1593 1.7 48 29 27 31 95% 307193 28904 70%
c 2  3.08  0 31 6   6  1 10851 1593 1.7 48 29 27 31 95% 307079 28904 70%
c -  3.46  0 31 7   7  1 12598  695 1.6 47 29 27 31 95% 307079 28904 70%
c B  4.06  0 31 7   9  1 15010 1976 1.6 46 29 27 31 95% 307079 28904 70%
c -  4.44  0 31 8  10  1 16771  823 1.6 46 29 27 31 95% 307079 28904 70%
c 2  4.44  0 31 8  10  1 16771  823 1.6 46 29 27 31 95% 307079 28903 70%
c u  4.52  0 31 8  10  1 16771  807 1.6 46 29 27 31 95% 307069 28903 70%
c v  4.53  0 31 8  10  1 16771  783 1.6 46 29 27 31 95% 307069 28903 70%
c w  4.55  0 31 8  10  1 16771  778 1.6 46 29 27 31 95% 307069 28903 70%
c x  4.56  0 31 8  10  1 16771  778 1.6 46 29 27 31 95% 306867 28903 70%
c s  5.23  0 32 8  12  1 20334 2803 1.5 46 30 27 31 95% 306867 28903 70%
c e  5.27  0 32 8  12  1 20334 2803 1.5 46 30 27 31 95% 306816 28892 70%
c s  5.29  0 32 8  12  1 20334 2790 1.5 46 30 27 31 95% 306812 28892 70%
c e  5.31  0 32 8  12  1 20334 2790 1.5 46 30 27 31 95% 306795 28887 70%
c
c  seconds  reductions conflicts       size    tier2         variables
c         MB    restarts    redundant     glue     trail          remaining
c          level     rate        size/glue  tier1    irredundant
c
c W  5.69  0 32 8  13  1 21011 3198 1.5 46 30 27 31 95% 306795 28887 70%
c -  5.82  0 32 9  13  1 21587  952 1.5 45 30 28 31 95% 306795 28887 70%
c c  5.91  0 32 9  13  1 21587  952 1.5 45 30 28 31 95% 306876 28887 70%
c d  5.91  0 32 9  13  1 21587  952 1.5 45 30 28 31 95% 306698 28798 70%
c 2  5.92  0 32 9  13  1 21587  952 1.5 45 30 28 31 95% 305897 28798 70%
c -  6.97  0 32 10  14  1 27049 1006 1.5 44 30 28 31 95% 305897 28798 70%
c t  7.07  0 32 10  14  1 27049 1006 1.5 44 30 28 31 95% 305895 28798 70%
c #  7.25  0 32 10  14  1 28013 1517 1.5 44 30 28 31 95% 305895 28798 70%
c i  7.97  0 32 10  14  1 31736 3605 1.5 45 30 28 31 95% 305895 28797 70%
c -  8.29  0 32 11  14  1 33159 1185 1.5 45 30 28 31 95% 305885 28797 70%
c u  8.31  0 32 11  14  1 33159 1174 1.5 45 30 28 31 95% 305885 28797 70%
c v  8.33  0 32 11  14  1 33159 1146 1.5 45 30 28 31 95% 305885 28797 70%
c w  8.34  0 32 11  14  1 33159 1138 1.5 45 30 28 31 95% 305885 28797 70%
c x  8.35  0 32 11  14  1 33159 1138 1.5 45 30 28 31 95% 305751 28797 70%
c B  8.91  0 32 11  17  1 36015 2730 1.5 45 31 28 31 95% 305751 28797 70%
c -  9.64  0 32 12  20  1 39923 1286 1.4 44 31 28 32 95% 305751 28797 70%
c s 10.01  0 32 12  20  1 40790 1712 1.4 44 31 28 32 95% 305444 28797 70%
c e 10.05  0 32 12  20  1 40790 1712 1.4 44 31 28 32 95% 305417 28773 70%
c s 10.06  0 32 12  20  1 40790 1711 1.4 44 31 28 32 95% 305354 28773 70%
c e 10.09  0 32 12  20  1 40790 1706 1.4 44 31 28 32 95% 305311 28759 70%
c
c  seconds  reductions  conflicts       size    tier2         variables
c         MB     restarts    redundant     glue     trail          remaining
c          level      rate        size/glue  tier1    irredundant
c
c W 11.12  0 32 12  21  1 45016 3713 1.4 44 31 28 32 95% 305311 28759 70%
c - 11.55  0 32 13  23  1 47343 1358 1.4 44 31 28 32 95% 305311 28759 70%
c p 11.56  0 32 13  23  1 47343 1462 1.4 44 31 28 32 95% 305311 28759 70%
c O 12.88  0 32 13  28  1 55017 5518 1.4 43 31 28 32 95% 305311 28759 70%
c - 12.97  0 32 14  28  1 55419 1600 1.4 43 31 28 32 95% 305311 28759 70%
c p 12.98  0 32 14  28  1 55419 1777 1.4 43 31 28 32 95% 305311 28759 70%
c u 13.00  0 32 14  28  1 55419 1754 1.4 43 31 28 32 95% 305303 28759 70%
c v 13.03  0 32 14  28  1 55419 1728 1.4 43 31 28 32 95% 305303 28758 70%
c w 13.04  0 32 14  28  1 55419 1728 1.4 43 31 28 32 95% 305303 28758 70%
c x 13.05  0 32 14  28  1 55419 1728 1.4 43 31 28 32 95% 305293 28758 70%
c - 14.86  0 32 15  29  1 64156 1718 1.4 42 30 28 32 95% 305283 28758 70%
c p 14.88  0 32 15  29  1 64156 2076 1.4 42 30 28 32 95% 305283 28757 70%
c c 14.96  0 32 15  29  1 64156 2076 1.4 42 30 28 32 95% 305283 28757 70%
c d 14.96  0 32 15  29  1 64156 2069 1.4 42 30 28 32 95% 305270 28756 70%
c 2 14.97  0 32 15  29  1 64156 2069 1.4 42 30 28 32 95% 305261 28756 70%
c B 15.31  0 31 15  29  1 66018 3079 1.4 42 30 28 32 94% 305261 28756 70%
c s 15.79  0 32 15  30  1 68059 4736 1.4 42 30 28 32 94% 305073 28756 70%
c e 15.84  0 32 15  30  1 68059 4727 1.4 42 30 28 32 94% 305010 28727 69%
c s 15.88  0 32 15  30  1 68059 4715 1.4 42 30 28 32 94% 304957 28727 69%
c e 15.91  0 32 15  30  1 68059 4706 1.4 42 30 28 32 94% 304897 28701 69%
c
c  seconds  reductions  conflicts       size    tier2         variables
c         MB     restarts    redundant     glue     trail          remaining
c          level      rate        size/glue  tier1    irredundant
c
c - 17.01  0 32 16  30  1 73558 2054 1.4 43 30 27 32 95% 304897 28701 69%
c p 17.02  0 32 16  30  1 73558 2309 1.4 43 30 27 32 95% 304897 28701 69%
c u 17.04  0 32 16  30  1 73558 2285 1.4 43 30 27 32 95% 304897 28701 69%
c v 17.08  0 32 16  30  1 73558 2225 1.4 43 30 27 32 95% 304897 28701 69%
c w 17.09  0 32 16  30  1 73558 2223 1.4 43 30 27 32 95% 304897 28701 69%
c W 18.26  0 32 16  30  1 78021 4791 1.4 43 30 27 32 94% 304897 28701 69%
c - 19.27  0 32 17  31  1 83621 2072 1.4 43 30 27 32 94% 304897 28701 69%
c p 19.27  0 32 17  31  1 83621 2386 1.4 43 30 27 32 94% 304897 28701 69%
c c 19.35  0 32 17  31  1 83621 2386 1.4 43 30 27 32 94% 304898 28701 69%
c d 19.36  0 32 17  31  1 83621 2386 1.4 43 30 27 32 94% 304896 28700 69%
c 2 19.37  0 32 17  31  1 83621 2386 1.4 43 30 27 32 94% 304888 28700 69%
c I 20.84  0 32 17  36  1 91022 5887 1.4 42 30 27 32 94% 304888 28700 69%
c - 21.59  0 32 18  37  1 94351 2040 1.4 42 30 27 32 94% 304888 28700 69%
c p 21.60  0 32 18  37  1 94351 2370 1.4 42 30 27 32 94% 304888 28700 69%
c u 21.70  0 32 18  37  1 94351 2351 1.4 42 30 27 32 94% 304888 28700 69%
c v 21.73  0 32 18  37  1 94351 2332 1.4 42 30 27 32 94% 304888 28699 69%
c w 21.73  0 32 18  37  1 94351 2329 1.4 42 30 27 32 94% 304888 28699 69%
c i 23.09  0 32 18  42  1 100960 5886 1.4 42 30 27 32 94% 304888 28698 69%
c s 23.40  0 32 18  43  1 102151 6230 1.4 42 30 27 32 94% 304819 28698 69%
c e 23.44  0 32 18  43  1 102151 6230 1.4 42 30 27 32 94% 304797 28697 69%
c
c  seconds  reductions  conflicts        size    tier2         variables
c         MB     restarts     redundant     glue     trail          remaining
c          level      rate         size/glue  tier1    irredundant
c
c s 23.48  0 32 18  43  1 102151 6212 1.4 42 30 27 32 94% 304771 28697 69%
c e 23.50  0 32 18  43  1 102151 6212 1.4 42 30 27 32 94% 304760 28693 69%
c B 24.18  0 32 18  44  1 105024 7866 1.4 42 30 27 32 94% 304760 28693 69%
c - 24.35  0 32 19  44  1 105747 2233 1.4 42 30 27 32 94% 304760 28693 69%
c 2 24.35  0 32 19  44  1 105747 2233 1.4 42 30 27 32 94% 304760 28692 69%
c p 24.36  0 32 19  44  1 105747 2574 1.4 42 30 27 32 94% 304760 28692 69%
c - 26.86  0 31 20  47  1 117812 2338 1.4 41 30 27 32 94% 304751 28692 69%
c p 26.87  0 31 20  47  1 117812 2701 1.4 41 30 27 32 94% 304751 28692 69%
c u 26.98  0 31 20  47  1 117812 2686 1.4 41 30 27 32 94% 304751 28692 69%
c v 27.02  0 31 20  47  1 117812 2645 1.4 41 30 27 32 94% 304751 28692 69%
c w 27.04  0 31 20  47  1 117812 2635 1.4 41 30 27 32 94% 304751 28692 69%
c W 27.98  0 31 20  48  1 120027 3909 1.4 41 30 27 32 94% 304751 28692 69%
c - 30.19  0 31 21  54  1 130546 2409 1.4 41 30 27 32 95% 304751 28692 69%
c 2 30.20  0 31 21  54  1 130546 2409 1.4 41 30 27 32 95% 304751 28691 69%
c p 30.21  0 31 21  54  1 130546 2840 1.4 41 30 27 32 95% 304751 28691 69%
c F 31.41  0 31 21  58  1 136028 5980 1.4 41 30 27 32 95% 304751 28691 69%
c i 31.64  0 31 21  58  1 137164 6738 1.4 41 30 26 32 95% 304751 28690 69%
c s 32.66  0 32 21  60  1 143058 10380 1.4 42 30 26 32 95% 304732 28690 69%
c s 32.72  0 32 21  60  1 143058 10372 1.4 42 30 26 32 95% 304703 28690 69%
c e 32.74  0 32 21  60  1 143058 10363 1.4 42 30 26 32 95% 304692 28686 69%
c
c  seconds  reductions  conflicts        size    tier2         variables
c         MB     restarts     redundant     glue     trail          remaining
c          level      rate         size/glue  tier1    irredundant
c
c - 32.95  0 32 22  60  1 143949 2908 1.4 43 30 26 32 95% 304692 28686 69%
c p 32.96  0 32 22  60  1 143949 3444 1.4 43 30 26 32 95% 304692 28686 69%
c u 33.00  0 32 22  60  1 143949 3428 1.4 43 30 26 32 95% 304692 28686 69%
c v 33.04  0 32 22  60  1 143949 3385 1.4 43 30 26 32 95% 304692 28686 69%
c w 33.05  0 32 22  60  1 143949 3380 1.4 43 30 26 32 95% 304692 28686 69%
c B 34.71  0 32 22  61  1 153032 8548 1.4 43 30 26 32 95% 304692 28686 69%
c - 35.72  0 32 23  61  1 158025 3015 1.4 43 30 26 32 95% 304692 28686 69%
c 2 35.72  0 32 23  61  1 158025 3015 1.4 43 30 26 32 95% 304692 28685 69%
c p 35.73  0 32 23  61  1 158025 3760 1.4 43 30 26 32 95% 304692 28685 69%
c W 39.25  0 32 23  62  1 171033 10443 1.4 43 30 26 32 95% 304682 28685 69%
c - 39.59  0 32 24  62  1 172771 2954 1.4 43 30 26 32 95% 304682 28685 69%
c p 39.60  0 32 24  62  1 172771 4027 1.4 43 30 26 32 95% 304682 28685 69%
c u 39.64  0 32 24  62  1 172771 4004 1.4 43 30 26 32 95% 304682 28685 69%
c v 39.67  0 32 24  62  1 172771 3994 1.4 43 30 26 32 95% 304682 28685 69%
c w 39.68  0 32 24  62  1 172771 3987 1.4 43 30 26 32 95% 304682 28685 69%
c x 39.70  0 32 24  62  1 172771 3987 1.4 43 30 26 32 95% 304682 28685 69%
c - 42.92  0 32 25  62  1 188190 3259 1.4 43 30 26 32 94% 304682 28685 69%
c p 42.92  0 32 25  62  1 188190 4466 1.4 43 30 26 32 94% 304682 28681 69%
c u 42.96  0 32 25  62  1 188190 4449 1.4 43 30 26 32 94% 304682 28681 69%
c v 42.99  0 32 25  62  1 188190 4425 1.4 43 30 26 32 94% 304682 28681 69%
c
c  seconds  reductions  conflicts        size    tier2         variables
c         MB     restarts     redundant     glue     trail          remaining
c          level      rate         size/glue  tier1    irredundant
c
c w 42.99  0 32 25  62  1 188190 4420 1.4 43 30 26 32 94% 304682 28681 69%
c # 43.41  0 32 25  62  1 190034 5451 1.4 43 30 26 32 94% 304682 28681 69%
c s 43.59  0 32 25  62  1 190784 5948 1.4 43 30 26 32 94% 304670 28681 69%
c e 43.62  0 32 25  62  1 190784 5948 1.4 43 30 26 32 94% 304627 28680 69%
c s 43.65  0 32 25  62  1 190784 5940 1.4 43 30 26 32 94% 304624 28680 69%
c e 43.67  0 32 25  62  1 190784 5938 1.4 43 30 26 32 94% 304616 28677 69%
c - 46.29  0 32 26  66  1 204282 3302 1.4 43 30 26 32 94% 304616 28677 69%
c p 46.31  0 32 26  66  1 204282 4333 1.4 43 30 26 32 94% 304616 28671 69%
c u 46.37  0 32 26  66  1 204282 4307 1.4 43 30 26 32 94% 304616 28671 69%
c v 46.38  0 32 26  66  1 204282 4297 1.4 43 30 26 32 94% 304616 28671 69%
c w 46.39  0 32 26  66  1 204282 4295 1.4 43 30 26 32 94% 304616 28671 69%
c B 47.41  0 32 26  69  1 210035 7502 1.4 43 30 26 32 94% 304616 28671 69%
c i 48.92  0 32 26  74  1 217797 12030 1.4 43 30 26 32 94% 304616 28670 69%
c - 49.62  0 32 27  76  1 221047 3555 1.4 43 30 26 32 94% 304547 28670 69%
c 2 49.62  0 32 27  76  1 221047 3555 1.4 43 30 26 32 94% 304547 28669 69%
c p 49.63  0 32 27  76  1 221047 4737 1.4 43 30 26 32 94% 304547 28664 69%
c v 49.76  0 32 27  76  1 221047 4712 1.4 43 30 26 32 94% 304547 28664 69%
c w 49.77  0 32 27  76  1 221047 4709 1.4 43 30 26 32 94% 304547 28664 69%
c W 52.39  0 32 27  77  1 231036 10390 1.4 44 31 26 32 94% 304487 28664 69%
c - 53.84  0 32 28  82  1 238484 3783 1.4 44 31 26 32 95% 304487 28664 69%
c
c  seconds  reductions  conflicts        size    tier2         variables
c         MB     restarts     redundant     glue     trail          remaining
c          level      rate         size/glue  tier1    irredundant
c
c p 53.86  0 32 28  82  1 238484 5063 1.4 44 31 26 32 95% 304487 28657 69%
c v 53.90  0 32 28  82  1 238484 5045 1.4 44 31 26 32 95% 304487 28657 69%
c w 53.92  0 32 28  82  1 238484 5044 1.4 44 31 26 32 95% 304487 28657 69%
c s 55.34  0 32 28  85  1 245330 8748 1.4 44 31 26 32 95% 304478 28657 69%
c e 55.37  0 32 28  85  1 245330 8746 1.4 44 31 26 32 95% 304405 28656 69%
c s 55.39  0 32 28  85  1 245330 8735 1.4 44 31 26 32 95% 304404 28656 69%
c e 55.41  0 32 28  85  1 245330 8733 1.4 44 31 26 32 95% 304396 28653 69%
c O 56.87  0 33 28  90  1 253038 12890 1.4 44 31 26 32 95% 304396 28653 69%
c - 57.63  0 32 29  91  1 256599 3870 1.4 43 31 26 32 95% 304396 28653 69%
c p 57.63  0 32 29  91  1 256599 5268 1.4 43 31 26 32 95% 304396 28649 69%
c u 57.70  0 32 29  91  1 256599 5233 1.4 43 31 26 32 95% 304396 28649 69%
c v 57.72  0 32 29  91  1 256599 5229 1.4 43 31 26 32 95% 304396 28649 69%
c w 57.73  0 32 29  91  1 256599 5225 1.4 43 31 26 32 95% 304396 28649 69%
c i 58.73  0 32 29  92  1 261214 7699 1.4 43 30 26 32 94% 304396 28648 69%
c i 60.33  0 32 29  93  1 268874 11618 1.4 42 30 26 32 94% 304396 28647 69%
c - 61.62  0 32 30  93  1 275386 3915 1.4 42 30 26 32 94% 304336 28647 69%
c p 61.64  0 32 30  93  1 275386 5650 1.4 42 30 26 32 94% 304336 28637 69%
c u 62.02  0 32 30  93  1 275386 5580 1.4 42 30 26 32 94% 304236 28637 69%
c v 62.04  0 32 30  93  1 275386 5553 1.4 42 30 26 32 94% 304236 28637 69%
c w 62.05  0 32 30  93  1 275386 5546 1.4 42 30 26 32 94% 304236 28637 69%
c
c  seconds  reductions  conflicts        size    tier2         variables
c         MB     restarts     redundant     glue     trail          remaining
c          level      rate         size/glue  tier1    irredundant
c
c B 62.20  0 32 30  93  1 276040 5903 1.4 42 30 26 32 94% 304236 28637 69%
c - 65.78  0 32 31 100  1 294846 4029 1.4 42 30 26 32 94% 304236 28637 69%
c p 65.79  0 32 31 100  1 294846 5616 1.4 42 30 26 32 94% 304236 28632 69%
c v 65.86  0 32 31 100  1 294846 5585 1.4 42 30 26 32 94% 304236 28632 69%
c w 65.88  0 32 31 100  1 294846 5580 1.4 42 30 26 32 94% 304236 28632 69%
c W 67.79  0 32 31 104  1 300041 8460 1.4 42 30 26 32 94% 304186 28632 69%
c s 69.01  0 32 31 107  1 306696 12040 1.4 42 30 26 32 94% 304180 28632 69%
c s 69.07  0 32 31 107  1 306696 12027 1.4 42 30 26 32 94% 304179 28632 69%
c e 69.08  0 32 31 107  1 306696 12027 1.4 42 30 26 32 94% 304171 28629 69%
c - 70.79  0 31 32 108  1 314981 4212 1.4 42 30 26 32 94% 304171 28629 69%
c 2 70.79  0 31 32 108  1 314981 4212 1.4 42 30 26 32 94% 304171 28628 69%
c p 70.81  0 31 32 108  1 314981 5928 1.4 42 30 26 32 94% 304171 28624 69%
c u 70.94  0 31 32 108  1 314981 5896 1.4 42 30 26 32 94% 304171 28624 69%
c v 70.95  0 31 32 108  1 314981 5879 1.4 42 30 26 32 94% 304171 28624 69%
c w 70.97  0 31 32 108  1 314981 5873 1.4 42 30 26 32 94% 304171 28624 69%
c I 72.99  0 31 32 115  1 325043 11055 1.4 42 30 26 32 94% 304171 28624 69%
c - 75.30  0 31 33 121  1 335789 4574 1.4 42 30 26 31 94% 304122 28624 69%
c 2 75.30  0 31 33 121  1 335789 4574 1.4 42 30 26 31 94% 304122 28623 69%
c p 75.31  0 31 33 121  1 335789 6547 1.4 42 30 26 31 94% 304122 28622 69%
c u 75.36  0 31 33 121  1 335789 6538 1.4 42 30 26 31 94% 304122 28622 69%
c
c  seconds  reductions  conflicts        size    tier2         variables
c         MB     restarts     redundant     glue     trail          remaining
c          level      rate         size/glue  tier1    irredundant
c
c v 75.38  0 31 33 121  1 335789 6533 1.4 42 30 26 31 94% 304122 28622 69%
c w 75.38  0 31 33 121  1 335789 6525 1.4 42 30 26 31 94% 304122 28622 69%
c B 78.67  0 31 33 124  1 351044 14445 1.4 41 29 26 31 94% 304122 28622 69%
c - 80.01  0 31 34 124  1 357277 4702 1.4 42 30 26 31 94% 304104 28622 69%
c p 80.03  0 31 34 124  1 357277 6645 1.4 42 30 26 31 94% 304104 28621 69%
c u 80.12  0 31 34 124  1 357277 6620 1.4 42 30 26 31 94% 304104 28621 69%
c v 80.13  0 31 34 124  1 357277 6610 1.4 42 30 26 31 94% 304104 28621 69%
c w 80.15  0 31 34 124  1 357277 6585 1.4 42 30 26 31 94% 304104 28621 69%
c s 83.68  0 31 34 125  1 374883 17134 1.4 42 30 26 31 94% 304095 28621 69%
c e 83.72  0 31 34 125  1 374883 17091 1.4 42 30 26 31 94% 304080 28618 69%
c s 83.75  0 31 34 125  1 374883 17082 1.4 42 30 26 31 94% 304074 28618 69%
c e 83.76  0 31 34 125  1 374883 17060 1.4 42 30 26 31 94% 304070 28615 69%
c W 85.51  0 31 34 125  1 378045 18897 1.4 42 30 26 31 94% 304070 28615 69%
c - 85.83  0 31 35 125  1 379437 5203 1.4 42 30 26 31 94% 304070 28615 69%
c 2 85.83  0 31 35 125  1 379437 5201 1.4 42 30 26 31 94% 304070 28615 69%
c p 85.84  0 31 35 125  1 379437 7092 1.4 42 30 26 31 94% 304070 28614 69%
c u 85.90  0 31 35 125  1 379437 7056 1.4 42 30 26 31 94% 304070 28614 69%
c v 85.92  0 31 35 125  1 379437 7021 1.4 42 30 26 31 94% 304070 28614 69%
c w 85.93  0 31 35 125  1 379437 7013 1.4 42 30 26 31 94% 304070 28614 69%
c - 90.63  0 31 36 126  1 402273 4857 1.4 42 29 25 31 94% 304060 28614 69%
c
c  seconds  reductions  conflicts        size    tier2         variables
c         MB     restarts     redundant     glue     trail          remaining
c          level      rate         size/glue  tier1    irredundant
c
c p 90.66  0 31 36 126  1 402273 7089 1.4 42 29 25 31 94% 304060 28612 69%
c u 90.73  0 31 36 126  1 402273 7069 1.4 42 29 25 31 94% 304060 28612 69%
c v 90.76  0 31 36 126  1 402273 7053 1.4 42 29 25 31 94% 304060 28612 69%
c w 90.77  0 31 36 126  1 402273 7048 1.4 42 29 25 31 94% 304060 28612 69%
c F 91.57  0 31 36 126  1 406046 9762 1.4 42 29 25 31 94% 304060 28612 69%
c - 96.03  0 31 37 126  1 425786 5630 1.4 42 29 25 31 94% 304040 28612 69%
c p 96.05  0 31 37 126  1 425786 8172 1.4 42 29 25 31 94% 304040 28611 69%
c u 96.13  0 31 37 126  1 425786 8145 1.4 42 29 25 31 94% 304040 28611 69%
c v 96.15  0 31 37 126  1 425786 8130 1.4 42 29 25 31 94% 304040 28611 69%
c w 96.17  0 31 37 126  1 425786 8112 1.4 42 29 25 31 94% 304040 28611 69%
c B 98.22  0 31 37 126  1 435048 13478 1.5 42 29 25 31 94% 304040 28611 69%
c s 101.77  0 31 37 126  1 449895 21802 1.5 42 29 25 31 94% 304028 28611 69%
c s 101.84  0 31 37 126  1 449895 21778 1.5 42 29 25 31 94% 304015 28611 69%
c e 101.87  0 31 37 126  1 449895 21778 1.5 42 29 25 31 94% 304013 28610 69%
c - 101.91  0 31 38 126  1 449977 5675 1.5 42 29 25 31 94% 304013 28610 69%
c 2 101.91  0 31 38 126  1 449977 5675 1.5 42 29 25 31 94% 304013 28609 69%
c p 101.93  0 31 38 126  1 449977 7880 1.5 42 29 25 31 94% 304013 28609 69%
c c 102.01  0 31 38 126  1 449977 7880 1.5 42 29 25 31 94% 304014 28609 69%
c d 102.02  0 31 38 126  1 449977 7878 1.5 42 29 25 31 94% 304003 28608 69%
c 2 102.04  0 31 38 126  1 449977 7877 1.5 42 29 25 31 94% 303995 28608 69%
c
c  seconds   reductions  conflicts        size    tier2         variables
c          MB     restarts     redundant     glue     trail          remaining
c           level      rate         size/glue  tier1    irredundant
c
c u 102.48  0 31 38 126  1 449977 7844 1.5 42 29 25 31 94% 303995 28608 69%
c v 102.51  0 31 38 126  1 449977 7830 1.5 42 29 25 31 94% 303995 28608 69%
c w 102.52  0 31 38 126  1 449977 7826 1.5 42 29 25 31 94% 303995 28608 69%
c W 106.99  0 31 38 126  1 465050 16460 1.5 43 29 25 31 94% 303995 28608 69%
c - 109.07  0 31 39 133  1 474845 5838 1.5 43 29 25 31 94% 303995 28608 69%
c p 109.09  0 31 39 133  1 474845 8117 1.5 43 29 25 31 94% 303995 28608 69%
c u 109.15  0 31 39 133  1 474845 8096 1.5 43 29 25 31 94% 303995 28608 69%
c v 109.17  0 31 39 133  1 474845 8062 1.5 43 29 25 31 94% 303995 28608 69%
c w 109.18  0 31 39 133  1 474845 8057 1.5 43 29 25 31 94% 303995 28608 69%
c # 114.12  0 31 39 141  1 496052 19695 1.5 43 29 25 31 95% 303995 28608 69%
c - 115.01  0 31 40 143  1 500390 5864 1.5 44 29 25 31 95% 303995 28608 69%
c p 115.03  0 31 40 143  1 500390 7939 1.5 44 29 25 31 95% 303995 28607 69%
c u 115.10  0 31 40 143  1 500390 7914 1.5 44 29 25 31 95% 303995 28607 69%
c v 115.13  0 31 40 143  1 500390 7870 1.5 44 29 25 31 95% 303995 28607 69%
c w 115.15  0 31 40 143  1 500390 7851 1.5 44 29 25 31 95% 303995 28607 69%
c - 120.70  0 31 41 156  1 526614 5623 1.5 44 29 25 31 94% 303985 28607 69%
c p 120.73  0 31 41 156  1 526614 7643 1.5 44 29 25 31 94% 303985 28607 69%
c u 120.87  0 31 41 156  1 526614 7604 1.5 44 29 25 31 94% 303985 28607 69%
c v 120.89  0 31 41 156  1 526614 7568 1.5 44 29 25 31 94% 303985 28607 69%
c w 120.91  0 31 41 156  1 526614 7557 1.5 44 29 25 31 94% 303985 28607 69%
c
c  seconds   reductions  conflicts        size    tier2         variables
c          MB     restarts     redundant     glue     trail          remaining
c           level      rate         size/glue  tier1    irredundant
c
c B 121.21  0 31 41 156  1 528053 8508 1.5 44 29 25 31 94% 303985 28607 69%
c s 122.04  0 31 41 157  1 531725 10571 1.5 44 29 25 31 94% 303984 28607 69%
c s 122.10  0 31 41 157  1 531725 10556 1.5 44 29 25 31 94% 303984 28607 69%
c - 127.17  0 31 42 162  1 553515 6072 1.5 43 29 25 31 94% 303984 28607 69%
c p 127.19  0 31 42 162  1 553515 8125 1.5 43 29 25 31 94% 303984 28607 69%
c u 127.26  0 31 42 162  1 553515 8075 1.5 43 29 25 31 94% 303984 28607 69%
c v 127.29  0 31 42 162  1 553515 8057 1.5 43 29 25 31 94% 303984 28607 69%
c w 127.30  0 31 42 162  1 553515 8040 1.5 43 29 25 31 94% 303984 28607 69%
c W 130.12  0 31 42 165  1 561055 12268 1.5 43 29 25 31 94% 303984 28607 69%
c - 134.56  0 30 43 172  1 581095 6252 1.5 42 29 25 31 94% 303984 28607 69%
c p 134.58  0 30 43 172  1 581095 8365 1.5 42 29 25 31 94% 303984 28606 69%
c u 134.66  0 30 43 172  1 581095 8337 1.5 42 29 25 31 94% 303984 28606 69%
c v 134.69  0 30 43 172  1 581095 8311 1.5 42 29 25 31 94% 303984 28606 69%
c w 134.70  0 30 43 172  1 581095 8305 1.5 42 29 25 31 94% 303984 28606 69%
c O 137.80  0 30 43 181  1 595056 16662 1.5 42 28 24 31 94% 303984 28606 69%
c - 140.70  0 30 44 187  1 609353 6559 1.5 42 28 24 31 94% 303974 28606 69%
c p 140.72  0 30 44 187  1 609353 8950 1.5 42 28 24 31 94% 303974 28606 69%
c u 140.81  0 30 44 187  1 609353 8923 1.5 42 28 24 31 94% 303974 28606 69%
c v 140.83  0 30 44 187  1 609353 8904 1.5 42 28 24 31 94% 303974 28606 69%
c w 140.84  0 30 44 187  1 609353 8897 1.5 42 28 24 31 94% 303974 28606 69%
c
c  seconds   reductions  conflicts         size    tier2         variables
c          MB     restarts      redundant     glue     trail          remaining
c           level      rate          size/glue  tier1    irredundant
c
c s 143.19  0 30 44 188  1 620375 14801 1.5 42 28 24 31 94% 303974 28606 69%
c s 143.25  0 30 44 188  1 620375 14775 1.5 42 28 24 31 94% 303974 28606 69%
c B 145.21  0 30 44 188  1 630058 20289 1.5 42 28 24 31 94% 303974 28606 69%
c - 147.17  0 30 45 189  1 638291 6616 1.5 42 28 24 31 94% 303974 28606 69%
c p 147.20  0 30 45 189  1 638291 9130 1.5 42 28 24 31 94% 303974 28605 69%
c c 147.28  0 30 45 189  1 638291 9130 1.5 42 28 24 31 94% 303976 28605 69%
c d 147.29  0 30 45 189  1 638291 9128 1.5 42 28 24 31 94% 303962 28603 69%
c 2 147.32  0 30 45 189  1 638291 9128 1.5 42 28 24 31 94% 303946 28603 69%
c u 147.38  0 30 45 189  1 638291 9098 1.5 42 28 24 31 94% 303946 28603 69%
c v 147.41  0 30 45 189  1 638291 9074 1.5 42 28 24 31 94% 303946 28603 69%
c w 147.43  0 30 45 189  1 638291 9060 1.5 42 28 24 31 94% 303946 28603 69%
c W 155.14  0 29 45 191  1 666060 23132 1.5 41 28 24 31 94% 303946 28603 69%
c - 155.63  0 29 46 192  1 667910 6448 1.5 41 28 24 31 94% 303946 28603 69%
c p 155.64  0 29 46 192  1 667910 9041 1.5 41 28 24 31 94% 303946 28601 69%
c u 155.73  0 29 46 192  1 667910 9018 1.5 41 28 24 31 94% 303946 28601 69%
c v 155.75  0 29 46 192  1 667910 9002 1.5 41 28 24 31 94% 303946 28601 69%
c w 155.76  0 29 46 192  1 667910 8997 1.5 41 28 24 31 94% 303946 28601 69%
c - 162.88  0 29 47 205  1 698206 6679 1.5 41 27 24 31 94% 303925 28601 69%
c p 162.91  0 29 47 205  1 698206 9289 1.5 41 27 24 31 94% 303925 28601 69%
c u 163.64  0 29 47 205  1 698206 9275 1.5 41 27 24 31 94% 303925 28601 69%
c
c  seconds   reductions  conflicts        size    tier2         variables
c          MB     restarts     redundant     glue     trail          remaining
c           level      rate         size/glue  tier1    irredundant
c
c v 163.67  0 29 47 205  1 698206 9259 1.5 41 27 24 31 94% 303925 28601 69%
c w 163.69  0 29 47 205  1 698206 9248 1.5 41 27 24 31 94% 303925 28601 69%
c I 164.78  0 29 47 209  1 703062 11702 1.5 40 27 24 31 94% 303925 28601 69%
c s 167.83  0 29 47 216  1 715845 17352 1.5 40 27 24 31 94% 303920 28601 69%
c s 167.89  0 29 47 216  1 715845 17320 1.5 40 27 24 31 94% 303919 28601 69%
c - 170.99  0 28 48 219  1 729179 6399 1.5 39 27 23 30 94% 303919 28601 69%
c p 171.02  0 28 48 219  1 729179 8946 1.5 39 27 23 30 94% 303919 28601 69%
c u 171.11  0 28 48 219  1 729179 8902 1.5 39 27 23 30 94% 303919 28601 69%
c v 171.14  0 28 48 219  1 729179 8888 1.5 39 27 23 30 94% 303919 28601 69%
c w 171.16  0 28 48 219  1 729179 8868 1.5 39 27 23 30 94% 303919 28601 69%
c B 173.98  0 28 48 220  1 741064 17139 1.5 41 27 23 30 94% 303919 28601 69%
c - 178.56  0 28 49 228  1 760834 7462 1.5 40 27 23 30 94% 303919 28601 69%
c p 178.58  0 28 49 228  1 760834 9929 1.5 40 27 23 30 94% 303919 28601 69%
c v 178.71  0 28 49 228  1 760834 9878 1.5 40 27 23 30 94% 303919 28601 69%
c w 178.73  0 28 49 228  1 760834 9861 1.5 40 27 23 30 94% 303919 28601 69%
c W 184.50  0 29 49 235  1 780065 23094 1.6 42 27 23 30 94% 303919 28601 69%
c - 187.77  0 29 50 242  1 793167 8163 1.6 42 27 23 30 95% 303919 28601 69%
c p 187.80  0 29 50 242  1 793167 10912 1.6 42 27 23 30 95% 303919 28601 69%
c u 187.96  0 29 50 242  1 793167 10888 1.6 42 27 23 30 95% 303919 28601 69%
c v 187.98  0 29 50 242  1 793167 10810 1.6 42 27 23 30 95% 303919 28601 69%
c
c  seconds   reductions  conflicts         size    tier2         variables
c          MB     restarts      redundant     glue     trail          remaining
c           level      rate          size/glue  tier1    irredundant
c
c w 188.00  0 29 50 242  1 793167 10793 1.6 42 27 23 30 95% 303919 28601 69%
c s 193.53  0 29 50 251  1 818133 23215 1.5 42 27 23 30 95% 303919 28601 69%
c s 193.61  0 29 50 251  1 818133 23189 1.5 42 27 23 30 95% 303919 28601 69%
c F 194.10  0 29 50 251  1 820068 24084 1.5 42 27 23 30 95% 303919 28601 69%
c - 195.35  0 29 51 251  1 826181 7542 1.5 42 28 23 30 95% 303919 28601 69%
c p 195.37  0 29 51 251  1 826181 10243 1.5 42 28 23 30 95% 303919 28601 69%
c u 195.47  0 29 51 251  1 826181 10195 1.5 42 28 23 30 95% 303919 28601 69%
c v 195.50  0 29 51 251  1 826181 10144 1.5 42 28 23 30 95% 303919 28601 69%
c w 195.52  0 29 51 251  1 826181 10131 1.5 42 28 23 30 95% 303919 28601 69%
c - 201.85  0 30 52 252  1 859875 7414 1.5 42 29 23 30 95% 303919 28601 69%
c p 201.87  0 30 52 252  1 859875 9764 1.5 42 29 23 30 95% 303919 28600 69%
c u 201.96  0 30 52 252  1 859875 9719 1.5 42 29 23 30 95% 303919 28600 69%
c v 201.99  0 30 52 252  1 859875 9695 1.5 42 29 23 30 95% 303919 28600 69%
c w 202.01  0 30 52 252  1 859875 9687 1.5 42 29 23 30 95% 303919 28600 69%
c B 202.29  0 30 52 252  1 861071 10500 1.5 42 29 23 30 95% 303919 28600 69%
c - 209.39  0 30 53 253  1 894248 7991 1.5 42 28 23 30 94% 303909 28600 69%
c p 209.42  0 30 53 253  1 894248 10807 1.5 42 28 23 30 94% 303909 28600 69%
c u 209.52  0 30 53 253  1 894248 10770 1.5 42 28 23 30 94% 303909 28600 69%
c v 209.56  0 30 53 253  1 894248 10737 1.5 42 28 23 30 94% 303909 28600 69%
c w 209.58  0 30 53 253  1 894248 10731 1.5 42 28 23 30 94% 303909 28600 69%
c
c  seconds   reductions  conflicts         size    tier2         variables
c          MB     restarts      redundant     glue     trail          remaining
c           level      rate          size/glue  tier1    irredundant
c
c W 212.99  0 30 53 253  1 903072 15654 1.5 42 28 23 30 94% 303909 28600 69%
c s 218.26  0 30 53 253  1 927239 28298 1.5 42 28 23 30 94% 303908 28600 69%
c s 218.34  0 30 53 253  1 927239 28284 1.5 42 28 23 30 94% 303908 28600 69%
c - 218.88  0 30 54 253  1 929302 7949 1.5 42 28 23 30 94% 303908 28600 69%
c 2 218.89  0 30 54 253  1 929302 7948 1.5 42 28 23 30 94% 303908 28600 69%
c p 218.91  0 30 54 253  1 929302 10779 1.5 42 28 23 30 94% 303908 28600 69%
c u 219.07  0 30 54 253  1 929302 10727 1.5 42 28 23 30 94% 303908 28600 69%
c v 219.09  0 30 54 253  1 929302 10710 1.5 42 28 23 30 94% 303908 28600 69%
c w 219.11  0 30 54 253  1 929302 10705 1.5 42 28 23 30 94% 303908 28600 69%
c # 222.76  0 30 54 254  1 946073 21110 1.5 43 29 23 30 94% 303908 28600 69%
c - 226.70  0 31 55 254  1 965036 8945 1.5 44 29 23 30 94% 303908 28600 69%
c p 226.73  0 31 55 254  1 965036 11580 1.5 44 29 23 30 94% 303908 28600 69%
c u 226.85  0 31 55 254  1 965036 11545 1.5 44 29 23 30 94% 303908 28600 69%
c v 226.87  0 31 55 254  1 965036 11515 1.5 44 29 23 30 94% 303908 28600 69%
c w 226.90  0 31 55 254  1 965036 11502 1.5 44 29 23 30 94% 303908 28600 69%
c B 232.07  0 31 55 254  1 990074 24436 1.5 44 29 23 30 94% 303908 28600 69%
c - 234.53  0 31 56 254  1 1001450 8473 1.5 44 30 23 30 94% 303908 28600 69%
c p 234.55  0 31 56 254  1 1001450 11478 1.5 44 30 23 30 94% 303908 28600 69%
c u 234.66  0 31 56 254  1 1001450 11465 1.5 44 30 23 30 94% 303908 28600 69%
c v 234.70  0 31 56 254  1 1001450 11445 1.5 44 30 23 30 94% 303908 28600 69%
c
c  seconds   reductions   conflicts         size    tier2         variables
c          MB     restarts       redundant     glue     trail          remaining
c           level      rate           size/glue  tier1    irredundant
c
c w 234.72  0 31 56 254  1 1001450 11434 1.5 44 30 23 30 94% 303908 28600 69%
c W 243.58  0 31 56 254  1 1035075 30043 1.5 44 30 23 30 94% 303908 28600 69%
c - 244.46  0 31 57 254  1 1038546 8621 1.5 44 30 23 30 94% 303908 28600 69%
c p 244.49  0 31 57 254  1 1038546 11731 1.5 44 30 23 30 94% 303908 28600 69%
c u 244.66  0 31 57 254  1 1038546 11660 1.5 44 30 23 30 94% 303908 28600 69%
c v 244.69  0 31 57 254  1 1038546 11642 1.5 44 30 23 30 94% 303908 28600 69%
c w 244.71  0 31 57 254  1 1038546 11618 1.5 44 30 23 30 94% 303908 28600 69%
c - 253.03  0 31 58 262  1 1076323 8984 1.5 45 30 23 30 94% 303908 28600 69%
c p 253.07  0 31 58 262  1 1076323 12271 1.5 45 30 23 30 94% 303908 28600 69%
c u 253.19  0 31 58 262  1 1076323 12239 1.5 45 30 23 30 94% 303908 28600 69%
c v 253.22  0 31 58 262  1 1076323 12212 1.5 45 30 23 30 94% 303908 28600 69%
c w 253.24  0 31 58 262  1 1076323 12195 1.5 45 30 23 30 94% 303908 28600 69%
c O 254.29  0 32 58 266  1 1081076 14858 1.5 45 30 23 30 94% 303908 28600 69%
c - 261.46  0 31 59 281  1 1114780 8810 1.5 43 29 23 30 94% 303908 28600 69%
c p 261.49  0 31 59 281  1 1114780 12092 1.5 43 29 23 30 94% 303908 28600 69%
c u 261.68  0 31 59 281  1 1114780 12074 1.5 43 29 23 30 94% 303908 28600 69%
c v 261.73  0 31 59 281  1 1114780 12068 1.5 43 29 23 30 94% 303908 28600 69%
c w 261.76  0 31 59 281  1 1114780 12059 1.5 43 29 23 30 94% 303908 28600 69%
c B 264.45  0 31 59 284  1 1128079 19051 1.5 43 29 23 30 94% 303908 28600 69%
c ] 268.02  0 31 59 285  1 1145276 29136 1.5 43 29 23 30 94% 303908 28600 69%
c
c  seconds   reductions   conflicts         size    tier2         variables
c          MB     restarts       redundant     glue     trail          remaining
c           level      rate           size/glue  tier1    irredundant
c
c ? 268.02  0 31 59 285  1 1145276 29136 1.5 43 29 23 30 94% 303908 28600 69%
c
c --- [ result ] -------------------------------------------------------------
c
c writing result to 'search-results/cadical-support70-cover-20260902/anchor-004-p0-s1.result'
c
c --- [ run-time profiling ] -------------------------------------------------
c
c process time taken by individual solving procedures
c (percentage relative to process time for solving)
c
c       256.08   95.57% search
c       242.90   90.65% stable
c        13.16    4.91% walk
c        11.88    4.43% simplify
c         3.80    1.42% vivify
c         1.92    0.72% sweep
c         1.52    0.57% congruence
c         1.01    0.38% backbone
c         0.88    0.33% subsume
c         0.83    0.31% elim
c         0.38    0.14% probe
c         0.29    0.11% ternary
c         0.06    0.02% parse
c         0.02    0.01% lucky
c   =================================
c       267.96   99.98% solve
c
c last line shows process time for solving
c (percentage relative to total process time)
c
c --- [ statistics ] ---------------------------------------------------------
c
c chronological:            111105         9.70 %  of conflicts
c conflicts:               1145276      4274.03    per second
c backbone:               77514227    187427.10 %  of vars
c decisions:               1213920      4530.20    per second
c eliminated:                 2865         6.93 %  of all variables
c fixed:                      9128        22.07 %  of all variables
c learned:                 1129714        98.64 %  per conflict
c learned_lits:          570772875       100.00 %  learned literals
c minimized:                     0         0.00 %  learned literals
c shrunken:              518358246        90.82 %  learned literals
c minishrunken:            4259430         0.75 %  learned literals
c otfs:                        608         0.05 %  of conflict
c propagations:         1032009192         3.85 M  per second
c reduced:                  602278        52.59 %  per conflict
c rephased:                     47     24367.57    interval
c restarts:                    285      4018.51    interval
c substituted:                 764         1.85 %  of all variables
c subsumed:                 501859        32.15 %  of all clauses
c strengthened:              37633         2.41 %  of all clauses
c ticks:               11631142684        14.61    propagation
c vivified:                   1462         0.09 %  of all clauses
c walked:                       15     76351.73    interval
c weakened:                  13727         2.84    average size
c congruence:                   21     54536.95    interval
c
c seconds are measured in process time for solving
c
c --- [ glue usage ] ---------------------------------------------------------
c
c focused glue 2 used 0 clauses 0.000% accumulated 0.000% tier1
c focused glue 3 used 0 clauses 0.000% accumulated 0.000%
c focused glue 4 used 0 clauses 0.000% accumulated 0.000%
c focused glue 5 used 0 clauses 0.000% accumulated 0.000%
c focused glue 6 used 0 clauses 0.000% accumulated 0.000% tier2
c
c stable glue 23 used 188905 clauses 4.935% accumulated 52.35% tier1
c stable glue 24 used 189491 clauses 4.950% accumulated 57.30%
c stable glue 25-28 used 753282 clauses 19.68% accumulated 76.98%
c stable glue 29 used 182187 clauses 4.759% accumulated 81.74%
c stable glue 30 used 171435 clauses 4.478% accumulated 86.22% tier2
c
c
c --- [ resources ] ----------------------------------------------------------
c
c total process time since initialization:       268.02    seconds
c total real time since initialization:          300.01    seconds
c maximum resident set size of process:          224.14    MB
c
c --- [ shutting down ] ------------------------------------------------------
c
c exit 0
