c --- [ banner ] -------------------------------------------------------------
c
c CaDiCaL SAT Solver
c Copyright (c) 2016-2026
c A. Biere, M. Fleury, N. Froleyks, K. Fazekas, F. Pollitt, T. Faller
c JKU Linz, University of Freiburg, TU Wien
c
c Version 3.0.1 c60730422e758ef1cebe7aeddf2dda31c996bf04
c Apple clang version 21.0.0 (clang-2100.1.1.101) -Wall -Wextra -O3 -DNDEBUG -DNCLOSEFROM
c Tue Sep 1 21:08:57 PDT 2026 Darwin retained-runner 25.6.0 arm64
c
c --- [ limit ] --------------------------------------------------------------
c
c setting time limit to 300 seconds real time (due to '-t 300')
c
c --- [ parsing input ] ------------------------------------------------------
c
c reading DIMACS file from 'search-results/cadical-support70-cover-20260902/cnf/anchor-016-p0-s0.cnf'
c opening file to read 'search-results/cadical-support70-cover-20260902/cnf/anchor-016-p0-s0.cnf'
c found 'p cnf 41357 414868' header
c parsed 414868 clauses in 0.05 seconds process time
c
c --- [ options ] ------------------------------------------------------------
c
c   --elimeffort=10                (different from default '1e3')
c   --stabilizeonly=true           (different from default 'false')
c   --subsumeeffort=60             (different from default '1e3')
c
c --- [ solving ] ------------------------------------------------------------
c
c time measured in process time since initialization
c
c  seconds  reduction conflicts       size tier2        variables
c         MB    restarts   redundant    glue  trail          remaining
c          level     rate       size/glu tier1  irredundant
c
c *  0.05  0  0 0   0  0    0    0 0.0 0 0 2 6  0% 329706 32440 78%
c )  0.06  0  0 0   0  0    0    0 0.0 0 0 2 6  0% 329706 32440 78%
c [  0.07  0  0 0   0  0    0    0 0.0 0 0 2 6  0% 329706 32440 78%
c i  0.07  0  1 0   0 34    1    0 0.0 1 0 2 6 95% 329706 32398 78%
c i  0.07  0 33 0   0  7   10    6 4.2 28 7 2 6 96% 329706 32397 78%
c -  0.12  0 34 1   0  1  303   48 1.5 44 30 2 6 97% 314628 32387 78%
c -  0.23  0 35 2   0  1  956  252 3.0 86 28 2 6 97% 314623 32387 78%
c I  0.24  0 35 2   0  1 1002  298 3.1 88 28 2 6 97% 314623 32387 78%
c -  0.41  0 31 3   2  1 2113  360 2.8 72 26 2 6 93% 314602 32387 78%
c B  0.55  0 30 3   2  1 3003  882 2.4 62 26 2 6 90% 314592 32387 78%
c d  0.56  0 30 3   2  1 3044  916 2.4 62 26 2 6 92% 313280 31732 77%
c c  0.63  0 30 3   2  1 3044  916 2.4 62 26 2 6 92% 313276 31732 77%
c d  0.63  0 30 3   2  1 3044  916 2.4 62 26 2 6 92% 313272 31730 77%
c -  0.80  0 30 4   2  1 3834  413 2.1 56 26 2 6 91% 313256 31730 77%
c W  1.24  0 30 4   4  1 6007 1650 1.8 50 27 25 29 90% 313226 31730 77%
c -  1.27  0 30 5   4  1 6148  525 1.8 50 27 25 29 90% 313223 31730 77%
c s  1.36  0 30 5   5  1 6691  829 1.8 49 27 25 29 91% 313047 31730 77%
c e  1.53  0 30 5   5  1 6691  667 1.8 49 27 25 29 91% 307129 28918 70%
c s  1.54  0 30 5   5  1 6691  667 1.8 49 27 25 29 91% 307097 28918 70%
c e  1.56  0 30 5   5  1 6691  667 1.8 49 27 25 29 91% 307013 28895 70%
c
c  seconds  reduction conflicts       size    tier2         variables
c         MB    restarts   redundant     glue     trail          remaining
c          level     rate       size/glue  tier1    irredundant
c
c -  2.00  0 30 6   6  1 9080  545 1.7 47 28 26 29 95% 307013 28895 70%
c F  2.14  0 30 6   6  1 10007 1025 1.6 46 28 26 30 95% 307013 28895 70%
c c  2.34  0 30 6   6  1 10849 1439 1.6 45 28 26 30 95% 307019 28895 70%
c d  2.35  0 30 6   6  1 10849 1439 1.6 45 28 26 30 95% 307005 28888 70%
c 2  2.35  0 30 6   6  1 10849 1439 1.6 45 28 26 30 95% 306942 28888 70%
c -  2.66  0 30 7   7  1 12622  640 1.6 44 28 26 30 95% 306942 28888 70%
c B  3.12  0 30 7   9  1 15008 1910 1.5 43 28 26 29 95% 306942 28888 70%
c -  3.41  0 30 8  10  1 16801  821 1.5 43 28 26 29 95% 306942 28888 70%
c u  3.48  0 30 8  10  1 16801  810 1.5 43 28 26 29 95% 306942 28888 70%
c v  3.49  0 30 8  10  1 16801  788 1.5 43 28 26 29 95% 306942 28888 70%
c w  3.50  0 30 8  10  1 16801  780 1.5 43 28 26 29 95% 306942 28888 70%
c x  3.51  0 30 8  10  1 16801  780 1.5 43 28 26 29 95% 306747 28888 70%
c s  4.07  0 31 8  12  1 20329 2608 1.5 43 29 26 29 95% 306747 28888 70%
c t  4.08  0 31 8  12  1 20329 2608 1.5 43 29 26 29 95% 306746 28888 70%
c e  4.10  0 31 8  12  1 20329 2608 1.5 43 29 26 29 95% 306742 28887 70%
c s  4.11  0 31 8  12  1 20329 2608 1.5 43 29 26 29 95% 306709 28887 70%
c e  4.13  0 31 8  12  1 20329 2604 1.5 43 29 26 29 95% 306667 28878 70%
c W  4.40  0 31 8  13  1 21010 2961 1.5 44 29 26 29 95% 306667 28878 70%
c -  4.50  0 31 9  13  1 21619  890 1.5 44 29 27 31 95% 306667 28878 70%
c c  4.56  0 31 9  13  1 21619  890 1.5 44 29 27 31 95% 306739 28878 70%
c
c  seconds  reductions conflicts       size    tier2         variables
c         MB    restarts    redundant     glue     trail          remaining
c          level     rate        size/glue  tier1    irredundant
c
c d  4.57  0 31 9  13  1 21619  890 1.5 44 29 27 31 95% 306589 28803 70%
c 2  4.57  0 31 9  13  1 21619  890 1.5 44 29 27 31 95% 305916 28801 70%
c -  5.42  0 32 10  14  1 27083 1108 1.5 44 30 27 31 95% 305893 28801 70%
c #  5.64  0 32 10  14  1 28012 1694 1.5 44 30 27 31 95% 305893 28801 70%
c -  6.43  0 32 11  14  1 33194 1237 1.5 44 30 27 31 95% 305893 28801 70%
c u  6.45  0 32 11  14  1 33194 1218 1.5 44 30 27 31 95% 305893 28801 70%
c v  6.46  0 32 11  14  1 33194 1192 1.5 44 30 27 31 95% 305893 28801 70%
c w  6.47  0 32 11  14  1 33194 1185 1.5 44 30 27 31 95% 305893 28801 70%
c x  6.48  0 32 11  14  1 33194 1185 1.5 44 30 27 31 95% 305786 28801 70%
c B  6.90  0 32 11  17  1 36014 2971 1.5 44 30 27 31 95% 305786 28801 70%
c -  7.52  0 32 12  20  1 39961 1341 1.5 44 30 27 32 95% 305786 28801 70%
c 2  7.52  0 32 12  20  1 39961 1341 1.5 44 30 27 32 95% 305786 28799 70%
c p  7.53  0 32 12  20  1 39961 1390 1.5 44 30 27 32 95% 305786 28799 70%
c k  7.59  0 32 12  20  1 39961 1390 1.5 44 30 27 32 95% 305786 28794 70%
c s  7.83  0 32 12  20  1 40782 1762 1.4 44 30 27 32 95% 305746 28794 70%
c e  7.86  0 32 12  20  1 40782 1761 1.4 44 30 27 32 95% 305742 28792 70%
c s  7.87  0 32 12  20  1 40782 1711 1.4 44 30 27 32 95% 305285 28792 70%
c e  7.89  0 32 12  20  1 40782 1710 1.4 44 30 27 32 95% 305241 28761 70%
c W  8.81  0 32 12  21  1 45015 3815 1.4 43 30 27 32 95% 305241 28761 70%
c -  9.18  0 32 13  23  1 47386 1353 1.4 43 30 27 32 95% 305241 28761 70%
c
c  seconds  reductions  conflicts       size    tier2         variables
c         MB     restarts    redundant     glue     trail          remaining
c          level      rate        size/glue  tier1    irredundant
c
c p  9.18  0 32 13  23  1 47386 1539 1.4 43 30 27 32 95% 305241 28761 70%
c u  9.20  0 32 13  23  1 47386 1522 1.4 43 30 27 32 95% 305238 28761 70%
c v  9.21  0 32 13  23  1 47386 1504 1.4 43 30 27 32 95% 305238 28761 70%
c w  9.22  0 32 13  23  1 47386 1501 1.4 43 30 27 32 95% 305238 28761 70%
c x  9.22  0 32 13  23  1 47386 1501 1.4 43 30 27 32 95% 305230 28761 70%
c O 10.41  0 32 13  28  1 55016 5922 1.5 44 30 27 32 95% 305230 28761 70%
c - 10.49  0 32 14  28  1 55465 1613 1.5 44 30 27 32 95% 305230 28761 70%
c 2 10.50  0 32 14  28  1 55465 1613 1.5 44 30 27 32 95% 305230 28760 70%
c p 10.50  0 32 14  28  1 55465 1905 1.5 44 30 27 32 95% 305230 28760 70%
c - 11.84  0 32 15  29  1 64207 1697 1.4 43 30 27 32 95% 305220 28760 70%
c p 11.85  0 32 15  29  1 64207 2053 1.4 43 30 27 32 95% 305220 28760 70%
c c 11.91  0 32 15  29  1 64207 2053 1.4 43 30 27 32 95% 305231 28760 70%
c d 11.91  0 32 15  29  1 64207 2053 1.4 43 30 27 32 95% 305193 28741 69%
c 2 11.92  0 32 15  29  1 64207 2053 1.4 43 30 27 32 95% 305029 28741 69%
c u 11.92  0 32 15  29  1 64207 2045 1.4 43 30 27 32 95% 305029 28741 69%
c v 11.95  0 32 15  29  1 64207 2003 1.4 43 30 27 32 95% 305029 28741 69%
c w 11.96  0 32 15  29  1 64207 1998 1.4 43 30 27 32 95% 305029 28741 69%
c B 12.24  0 32 15  29  1 66019 2952 1.4 43 30 27 32 95% 305029 28741 69%
c s 12.57  0 32 15  30  1 68045 4372 1.4 43 30 27 32 95% 304778 28741 69%
c e 12.61  0 32 15  30  1 68045 4334 1.4 43 30 27 32 95% 304711 28704 69%
c
c  seconds  reductions  conflicts       size    tier2         variables
c         MB     restarts    redundant     glue     trail          remaining
c          level      rate        size/glue  tier1    irredundant
c
c s 12.64  0 32 15  30  1 68045 4329 1.4 43 30 27 32 95% 304559 28704 69%
c e 12.68  0 32 15  30  1 68045 4300 1.4 43 30 27 32 95% 304494 28675 69%
c - 13.58  0 32 16  30  1 73611 1813 1.4 43 30 27 31 95% 304494 28675 69%
c 2 13.58  0 32 16  30  1 73611 1813 1.4 43 30 27 31 95% 304493 28672 69%
c p 13.59  0 32 16  30  1 73611 2118 1.4 43 30 27 31 95% 304493 28672 69%
c W 14.60  0 32 16  30  1 78022 4523 1.4 43 30 27 31 95% 304466 28672 69%
c - 15.46  0 32 17  31  1 83675 2051 1.4 43 30 27 31 95% 304466 28672 69%
c p 15.47  0 32 17  31  1 83675 2321 1.4 43 30 27 31 95% 304466 28672 69%
c u 15.68  0 32 17  31  1 83675 2304 1.4 43 30 27 31 95% 304466 28672 69%
c v 15.70  0 32 17  31  1 83675 2273 1.4 43 30 27 31 95% 304466 28672 69%
c w 15.70  0 32 17  31  1 83675 2272 1.4 43 30 27 31 95% 304466 28672 69%
c I 16.77  0 32 17  36  1 91024 6203 1.4 43 30 27 31 95% 304466 28672 69%
c - 17.32  0 31 18  37  1 94405 2156 1.4 43 30 27 31 94% 304466 28672 69%
c p 17.32  0 31 18  37  1 94405 2471 1.4 43 30 27 31 94% 304466 28672 69%
c s 18.54  0 31 18  43  1 102134 6325 1.4 43 29 27 31 94% 304373 28672 69%
c e 18.58  0 31 18  43  1 102134 6320 1.4 43 29 27 31 94% 304364 28667 69%
c s 18.61  0 31 18  43  1 102134 6299 1.4 43 29 27 31 94% 304314 28667 69%
c e 18.63  0 31 18  43  1 102134 6299 1.4 43 29 27 31 94% 304299 28661 69%
c B 19.14  0 31 18  44  1 105025 7792 1.4 42 29 27 31 94% 304299 28661 69%
c - 19.27  0 31 19  44  1 105802 2269 1.5 43 29 27 31 94% 304299 28661 69%
c
c  seconds  reductions  conflicts        size    tier2         variables
c         MB     restarts     redundant     glue     trail          remaining
c          level      rate         size/glue  tier1    irredundant
c
c 2 19.27  0 31 19  44  1 105802 2268 1.5 43 29 27 31 94% 304298 28660 69%
c p 19.27  0 31 19  44  1 105802 2608 1.5 43 29 27 31 94% 304298 28660 69%
c u 19.29  0 31 19  44  1 105802 2589 1.5 43 29 27 31 94% 304298 28660 69%
c v 19.33  0 31 19  44  1 105802 2538 1.5 43 29 27 31 94% 304298 28660 69%
c w 19.34  0 31 19  44  1 105802 2533 1.5 43 29 27 31 94% 304298 28660 69%
c - 20.90  0 32 20  47  1 117862 2562 1.4 43 30 27 31 94% 304288 28660 69%
c p 20.92  0 32 20  47  1 117862 2874 1.4 43 30 27 31 94% 304288 28660 69%
c W 21.57  0 32 20  48  1 120026 4275 1.4 43 30 27 31 94% 304288 28660 69%
c - 22.76  0 32 21  54  1 130592 2661 1.4 43 30 27 31 94% 304288 28660 69%
c p 22.77  0 32 21  54  1 130592 3091 1.4 43 30 27 31 94% 304288 28660 69%
c u 22.79  0 32 21  54  1 130592 3061 1.4 43 30 27 31 94% 304288 28660 69%
c v 22.83  0 32 21  54  1 130592 3012 1.4 43 30 27 31 94% 304288 28660 69%
c w 22.83  0 32 21  54  1 130592 3008 1.4 43 30 27 31 94% 304288 28660 69%
c F 23.48  0 32 21  58  1 136029 6744 1.5 44 30 27 31 94% 304288 28660 69%
c s 24.34  0 32 21  60  1 143035 11285 1.5 45 30 27 32 94% 304253 28660 69%
c e 24.38  0 32 21  60  1 143035 11273 1.5 45 30 27 32 94% 304244 28655 69%
c s 24.40  0 32 21  60  1 143035 11264 1.5 45 30 27 32 94% 304214 28655 69%
c e 24.41  0 32 21  60  1 143035 11263 1.5 45 30 27 32 94% 304205 28652 69%
c - 24.55  0 32 22  60  1 143991 3151 1.5 45 30 27 32 94% 304205 28652 69%
c 2 24.56  0 32 22  60  1 143991 3150 1.5 45 30 27 32 94% 304205 28651 69%
c
c  seconds  reductions  conflicts        size    tier2         variables
c         MB     restarts     redundant     glue     trail          remaining
c          level      rate         size/glue  tier1    irredundant
c
c p 24.56  0 32 22  60  1 143991 3848 1.5 45 30 27 32 94% 304205 28650 69%
c B 25.62  0 32 22  61  1 153031 9260 1.5 45 30 27 32 94% 304205 28650 69%
c - 26.19  0 32 23  61  1 158060 3212 1.5 45 30 27 32 94% 304187 28650 69%
c p 26.20  0 32 23  61  1 158060 4027 1.5 45 30 27 32 94% 304187 28649 69%
c u 26.38  0 32 23  61  1 158060 3994 1.5 45 30 27 32 94% 304177 28649 69%
c v 26.40  0 32 23  61  1 158060 3959 1.5 45 30 27 32 94% 304177 28649 69%
c w 26.41  0 32 23  61  1 158060 3955 1.5 45 30 27 32 94% 304177 28649 69%
c x 26.43  0 32 23  61  1 158060 3955 1.5 45 30 27 32 94% 304177 28649 69%
c W 28.53  0 32 23  62  1 171032 10441 1.5 45 30 27 32 94% 304177 28649 69%
c - 28.78  0 32 24  62  1 172801 2984 1.5 45 30 27 32 94% 304177 28649 69%
c p 28.78  0 32 24  62  1 172801 4125 1.5 45 30 27 32 94% 304177 28645 69%
c v 28.88  0 32 24  62  1 172801 4102 1.5 45 30 27 32 94% 304177 28645 69%
c w 28.89  0 32 24  62  1 172801 4101 1.5 45 30 27 32 94% 304177 28645 69%
c - 30.96  0 32 25  62  1 188214 3258 1.5 45 31 27 32 94% 304137 28645 69%
c p 30.97  0 32 25  62  1 188214 4454 1.5 45 31 27 32 94% 304137 28637 69%
c v 31.02  0 32 25  62  1 188214 4429 1.5 45 31 27 32 94% 304137 28637 69%
c w 31.03  0 32 25  62  1 188214 4424 1.5 45 31 27 32 94% 304137 28637 69%
c # 31.27  0 32 25  62  1 190034 5646 1.5 46 31 27 32 94% 304137 28637 69%
c s 31.40  0 32 25  62  1 190752 6249 1.5 46 31 27 32 94% 304117 28637 69%
c e 31.42  0 32 25  62  1 190752 6249 1.5 46 31 27 32 94% 304025 28633 69%
c
c  seconds  reductions  conflicts        size    tier2         variables
c         MB     restarts     redundant     glue     trail          remaining
c          level      rate         size/glue  tier1    irredundant
c
c s 31.44  0 32 25  62  1 190752 6241 1.5 46 31 27 32 94% 304011 28633 69%
c e 31.46  0 32 25  62  1 190752 6241 1.5 46 31 27 32 94% 303994 28627 69%
c - 33.26  0 32 26  66  1 204300 3540 1.5 46 30 27 32 94% 303994 28627 69%
c p 33.27  0 32 26  66  1 204300 4770 1.5 46 30 27 32 94% 303994 28622 69%
c u 33.30  0 32 26  66  1 204300 4753 1.5 46 30 27 32 94% 303994 28622 69%
c v 33.31  0 32 26  66  1 204300 4737 1.5 46 30 27 32 94% 303994 28622 69%
c w 33.31  0 32 26  66  1 204300 4726 1.5 46 30 27 32 94% 303994 28622 69%
c B 34.03  0 32 26  69  1 210035 7718 1.5 45 30 27 32 94% 303994 28622 69%
c - 35.43  0 32 27  76  1 221055 3547 1.5 45 31 27 32 94% 303944 28622 69%
c p 35.44  0 32 27  76  1 221055 4723 1.5 45 31 27 32 94% 303944 28615 69%
c v 35.48  0 32 27  76  1 221055 4712 1.5 45 31 27 32 94% 303944 28615 69%
c w 35.48  0 32 27  76  1 221055 4710 1.5 45 31 27 32 94% 303944 28615 69%
c x 35.49  0 32 27  76  1 221055 4710 1.5 45 31 27 32 94% 303944 28615 69%
c W 37.08  0 32 27  77  1 231036 10290 1.5 45 31 27 32 94% 303874 28615 69%
c - 38.03  0 32 28  82  1 238483 3647 1.5 45 31 27 32 94% 303874 28615 69%
c p 38.03  0 32 28  82  1 238483 4874 1.5 45 31 27 32 94% 303874 28610 69%
c u 38.07  0 32 28  82  1 238483 4849 1.5 45 31 27 32 94% 303874 28610 69%
c v 38.08  0 32 28  82  1 238483 4833 1.5 45 31 27 32 94% 303874 28610 69%
c w 38.09  0 32 28  82  1 238483 4830 1.5 45 31 27 32 94% 303874 28610 69%
c s 38.95  0 32 28  85  1 245293 9268 1.5 46 31 27 32 94% 303848 28610 69%
c
c  seconds  reductions  conflicts        size    tier2         variables
c         MB     restarts     redundant     glue     trail          remaining
c          level      rate         size/glue  tier1    irredundant
c
c e 38.97  0 32 28  85  1 245293 9268 1.5 46 31 27 32 94% 303792 28608 69%
c s 38.99  0 32 28  85  1 245293 9261 1.5 46 31 27 32 94% 303777 28608 69%
c e 39.00  0 32 28  85  1 245293 9259 1.5 46 31 27 32 94% 303767 28604 69%
c O 39.92  0 33 28  90  1 253038 14270 1.5 46 31 27 32 94% 303767 28604 69%
c - 40.43  0 33 29  91  1 256583 4242 1.5 46 31 27 32 94% 303767 28604 69%
c p 40.45  0 33 29  91  1 256583 5731 1.5 46 31 27 32 94% 303767 28600 69%
c u 40.55  0 33 29  91  1 256583 5709 1.5 46 31 27 32 94% 303767 28600 69%
c v 40.56  0 33 29  91  1 256583 5671 1.5 46 31 27 32 94% 303767 28600 69%
c w 40.57  0 33 29  91  1 256583 5671 1.5 46 31 27 32 94% 303767 28600 69%
c - 43.23  0 32 30  93  1 275357 4473 1.5 45 30 27 32 94% 303727 28600 69%
c p 43.24  0 32 30  93  1 275357 6060 1.5 45 30 27 32 94% 303727 28591 69%
c u 43.53  0 32 30  93  1 275357 6009 1.5 45 30 27 32 94% 303637 28591 69%
c v 43.54  0 32 30  93  1 275357 5987 1.5 45 30 27 32 94% 303637 28591 69%
c w 43.55  0 32 30  93  1 275357 5986 1.5 45 30 27 32 94% 303637 28591 69%
c B 43.67  0 32 30  93  1 276041 6317 1.5 45 30 27 32 94% 303637 28591 69%
c - 45.88  0 32 31 100  1 294804 4436 1.5 45 30 27 32 94% 303637 28591 69%
c p 45.89  0 32 31 100  1 294804 5880 1.5 45 30 27 32 94% 303637 28583 69%
c u 45.93  0 32 31 100  1 294804 5860 1.5 45 30 27 32 94% 303637 28583 69%
c v 45.94  0 32 31 100  1 294804 5857 1.5 45 30 27 32 94% 303637 28583 69%
c w 45.95  0 32 31 100  1 294804 5856 1.5 45 30 27 32 94% 303637 28583 69%
c
c  seconds  reductions  conflicts        size    tier2         variables
c         MB     restarts     redundant     glue     trail          remaining
c          level      rate         size/glue  tier1    irredundant
c
c W 47.27  0 32 31 104  1 300042 8713 1.5 45 30 27 32 94% 303557 28583 69%
c s 48.06  0 32 31 107  1 306652 12152 1.5 45 31 27 32 94% 303540 28583 69%
c e 48.09  0 32 31 107  1 306652 12128 1.5 45 31 27 32 94% 303533 28581 69%
c s 48.11  0 32 31 107  1 306652 12118 1.5 45 31 27 32 94% 303526 28581 69%
c e 48.13  0 32 31 107  1 306652 12090 1.5 45 31 27 32 94% 303520 28579 69%
c - 49.17  0 32 32 108  1 314925 4435 1.5 45 30 27 32 94% 303520 28579 69%
c 2 49.17  0 32 32 108  1 314925 4435 1.5 45 30 27 32 94% 303520 28578 69%
c p 49.18  0 32 32 108  1 314925 6238 1.5 45 30 27 32 94% 303520 28573 69%
c v 49.22  0 32 32 108  1 314925 6203 1.5 45 30 27 32 94% 303520 28573 69%
c w 49.22  0 32 32 108  1 314925 6199 1.5 45 30 27 32 94% 303520 28573 69%
c x 49.24  0 32 32 108  1 314925 6199 1.5 45 30 27 32 94% 303520 28573 69%
c I 50.36  0 32 32 115  1 325044 12397 1.5 45 31 27 32 94% 303520 28573 69%
c - 51.82  0 32 33 121  1 335719 4709 1.5 45 30 27 32 94% 303462 28573 69%
c p 51.83  0 32 33 121  1 335719 6617 1.5 45 30 27 32 94% 303462 28569 69%
c u 51.88  0 32 33 121  1 335719 6588 1.5 45 30 27 32 94% 303462 28569 69%
c v 51.89  0 32 33 121  1 335719 6544 1.5 45 30 27 32 94% 303462 28569 69%
c w 51.89  0 32 33 121  1 335719 6541 1.5 45 30 27 32 94% 303462 28569 69%
c B 54.11  0 31 33 124  1 351045 15124 1.5 44 30 27 32 94% 303462 28569 69%
c - 54.93  0 31 34 124  1 357189 4756 1.5 44 29 27 32 94% 303422 28569 69%
c p 54.95  0 31 34 124  1 357189 6662 1.5 44 29 27 32 94% 303422 28563 69%
c
c  seconds  reductions  conflicts        size    tier2         variables
c         MB     restarts     redundant     glue     trail          remaining
c          level      rate         size/glue  tier1    irredundant
c
c u 55.00  0 31 34 124  1 357189 6644 1.5 44 29 27 32 94% 303422 28563 69%
c v 55.02  0 31 34 124  1 357189 6621 1.5 44 29 27 32 94% 303422 28563 69%
c w 55.02  0 31 34 124  1 357189 6617 1.5 44 29 27 32 94% 303422 28563 69%
c s 57.43  0 31 34 125  1 374828 15806 1.5 43 29 27 32 94% 303415 28563 69%
c e 57.47  0 31 34 125  1 374828 15806 1.5 43 29 27 32 94% 303350 28561 69%
c s 57.49  0 31 34 125  1 374828 15777 1.5 43 29 27 32 94% 303344 28561 69%
c e 57.51  0 31 34 125  1 374828 15776 1.5 43 29 27 32 94% 303335 28558 69%
c W 58.73  0 31 34 125  1 378048 18170 1.5 44 29 27 32 94% 303335 28558 69%
c - 58.93  0 30 35 125  1 379332 4965 1.5 44 29 27 32 94% 303335 28558 69%
c p 58.94  0 30 35 125  1 379332 6884 1.5 44 29 27 32 94% 303335 28554 69%
c u 59.06  0 30 35 125  1 379332 6872 1.5 44 29 27 32 94% 303335 28554 69%
c v 59.08  0 30 35 125  1 379332 6850 1.5 44 29 27 32 94% 303335 28554 69%
c w 59.08  0 30 35 125  1 379332 6843 1.5 44 29 27 32 94% 303335 28554 69%
c - 61.99  0 30 36 126  1 402150 5220 1.5 43 28 26 31 94% 303295 28554 69%
c p 62.00  0 30 36 126  1 402150 7101 1.5 43 28 26 31 94% 303295 28549 69%
c u 62.05  0 30 36 126  1 402150 7084 1.5 43 28 26 31 94% 303295 28549 69%
c v 62.07  0 30 36 126  1 402150 7048 1.5 43 28 26 31 94% 303295 28549 69%
c w 62.08  0 30 36 126  1 402150 7048 1.5 43 28 26 31 94% 303295 28549 69%
c F 62.61  0 30 36 126  1 406049 8806 1.5 43 28 26 31 94% 303295 28549 69%
c - 65.13  0 31 37 126  1 425642 5265 1.5 44 29 26 31 94% 303245 28549 69%
c
c  seconds  reductions  conflicts        size    tier2         variables
c         MB     restarts     redundant     glue     trail          remaining
c          level      rate         size/glue  tier1    irredundant
c
c p 65.15  0 31 37 126  1 425642 6947 1.5 44 29 26 31 94% 303245 28545 69%
c k 65.16  0 31 37 126  1 425642 6947 1.5 44 29 26 31 94% 303245 28542 69%
c u 65.19  0 31 37 126  1 425642 6928 1.5 44 29 26 31 94% 303245 28542 69%
c v 65.20  0 31 37 126  1 425642 6908 1.5 44 29 26 31 94% 303245 28542 69%
c w 65.21  0 31 37 126  1 425642 6899 1.5 44 29 26 31 94% 303245 28542 69%
c B 66.52  0 31 37 126  1 435051 12158 1.5 45 29 26 31 94% 303245 28542 69%
c - 68.86  0 31 38 126  1 449810 5386 1.5 44 29 26 31 94% 303196 28542 69%
c p 68.87  0 31 38 126  1 449810 7310 1.5 44 29 26 31 94% 303196 28537 69%
c u 69.21  0 31 38 126  1 449810 7235 1.5 44 29 26 31 94% 303146 28537 69%
c v 69.22  0 31 38 126  1 449810 7220 1.5 44 29 26 31 94% 303146 28537 69%
c w 69.23  0 31 38 126  1 449810 7208 1.5 44 29 26 31 94% 303146 28537 69%
c s 69.29  0 31 38 126  1 449826 7184 1.5 44 29 26 31 94% 303137 28537 69%
c e 69.31  0 31 38 126  1 449826 7184 1.5 44 29 26 31 94% 303134 28536 69%
c s 69.33  0 31 38 126  1 449826 7173 1.5 44 29 26 31 94% 303132 28536 69%
c e 69.34  0 31 38 126  1 449826 7173 1.5 44 29 26 31 94% 303121 28532 69%
c W 72.28  0 30 38 126  1 465053 15655 1.5 44 29 25 31 94% 303121 28532 69%
c - 73.50  0 30 39 133  1 474652 5534 1.5 44 29 25 31 94% 303121 28532 69%
c p 73.52  0 30 39 133  1 474652 7776 1.5 44 29 25 31 94% 303121 28531 69%
c u 73.57  0 30 39 133  1 474652 7738 1.5 44 29 25 31 94% 303121 28531 69%
c v 73.58  0 30 39 133  1 474652 7728 1.5 44 29 25 31 94% 303121 28531 69%
c
c  seconds  reductions  conflicts        size    tier2         variables
c         MB     restarts     redundant     glue     trail          remaining
c          level      rate         size/glue  tier1    irredundant
c
c w 73.59  0 30 39 133  1 474652 7723 1.5 44 29 25 31 94% 303121 28531 69%
c # 76.32  0 30 39 141  1 496055 19557 1.5 43 29 25 31 94% 303121 28531 69%
c - 76.81  0 31 40 143  1 500170 5902 1.5 44 29 25 31 94% 303111 28531 69%
c p 76.82  0 31 40 143  1 500170 8179 1.5 44 29 25 31 94% 303111 28531 69%
c u 76.87  0 31 40 143  1 500170 8149 1.5 44 29 25 31 94% 303111 28531 69%
c v 76.89  0 31 40 143  1 500170 8132 1.5 44 29 25 31 94% 303111 28531 69%
c w 76.89  0 31 40 143  1 500170 8129 1.5 44 29 25 31 94% 303111 28531 69%
c - 79.85  0 31 41 156  1 526364 6052 1.5 45 29 25 31 94% 303111 28531 69%
c 2 79.86  0 31 41 156  1 526364 6052 1.5 45 29 25 31 94% 303111 28530 69%
c p 79.87  0 31 41 156  1 526364 8156 1.5 45 29 25 31 94% 303111 28529 69%
c u 79.93  0 31 41 156  1 526364 8142 1.5 45 29 25 31 94% 303111 28529 69%
c v 79.95  0 31 41 156  1 526364 8096 1.5 45 29 25 31 94% 303111 28529 69%
c w 79.95  0 31 41 156  1 526364 8073 1.5 45 29 25 31 94% 303111 28529 69%
c B 80.20  0 31 41 156  1 528057 9098 1.5 45 29 25 31 94% 303111 28529 69%
c s 80.75  0 31 41 156  1 531648 11250 1.5 45 29 25 31 94% 303106 28529 69%
c s 80.80  0 31 41 156  1 531648 11236 1.5 45 29 25 31 94% 303088 28529 69%
c - 83.76  0 31 42 161  1 553235 6234 1.5 45 29 25 31 94% 303088 28529 69%
c 2 83.76  0 31 42 161  1 553235 6233 1.5 45 29 25 31 94% 303088 28529 69%
c p 83.78  0 31 42 161  1 553235 8516 1.5 45 29 25 31 94% 303088 28529 69%
c c 83.84  0 31 42 161  1 553235 8516 1.5 45 29 25 31 94% 303089 28529 69%
c
c  seconds  reductions  conflicts        size    tier2         variables
c         MB     restarts     redundant     glue     trail          remaining
c          level      rate         size/glue  tier1    irredundant
c
c d 83.85  0 31 42 161  1 553235 8515 1.5 45 29 25 31 94% 303087 28528 69%
c 2 83.87  0 31 42 161  1 553235 8513 1.5 45 29 25 31 94% 303079 28528 69%
c u 83.92  0 31 42 161  1 553235 8459 1.5 45 29 25 31 94% 303079 28528 69%
c v 83.93  0 31 42 161  1 553235 8426 1.5 45 29 25 31 94% 303079 28528 69%
c w 83.94  0 31 42 161  1 553235 8404 1.5 45 29 25 31 94% 303079 28528 69%
c W 85.91  0 31 42 165  1 561058 13147 1.5 45 29 25 31 94% 303079 28528 69%
c - 88.47  0 31 43 172  1 580787 6498 1.5 45 30 25 31 94% 303079 28528 69%
c p 88.48  0 31 43 172  1 580787 8694 1.5 45 30 25 31 94% 303079 28528 69%
c u 88.53  0 31 43 172  1 580787 8639 1.5 45 30 25 31 94% 303079 28528 69%
c v 88.55  0 31 43 172  1 580787 8614 1.5 45 30 25 31 94% 303079 28528 69%
c w 88.56  0 31 43 172  1 580787 8602 1.5 45 30 25 31 94% 303079 28528 69%
c O 90.45  0 32 43 180  1 595060 18190 1.5 46 30 25 31 94% 303079 28528 69%
c - 92.34  0 31 44 187  1 609014 6936 1.5 45 30 25 31 94% 303079 28528 69%
c p 92.35  0 31 44 187  1 609014 9345 1.5 45 30 25 31 94% 303079 28528 69%
c u 92.42  0 31 44 187  1 609014 9317 1.5 45 30 25 31 94% 303079 28528 69%
c v 92.43  0 31 44 187  1 609014 9278 1.5 45 30 25 31 94% 303079 28528 69%
c w 92.45  0 31 44 187  1 609014 9265 1.5 45 30 25 31 94% 303079 28528 69%
c s 94.06  0 31 44 188  1 620289 15124 1.5 45 30 25 31 94% 303079 28528 69%
c e 94.10  0 31 44 188  1 620289 15028 1.5 45 30 25 31 94% 303073 28525 69%
c s 94.12  0 31 44 188  1 620289 15016 1.5 45 30 25 31 94% 303069 28525 69%
c
c  seconds  reductions  conflicts         size    tier2         variables
c         MB     restarts      redundant     glue     trail          remaining
c          level      rate          size/glue  tier1    irredundant
c
c B 95.42  0 31 44 188  1 630061 20157 1.5 44 29 25 31 94% 303069 28525 69%
c - 96.64  0 31 45 189  1 637920 6725 1.5 44 29 25 31 94% 303069 28525 69%
c p 96.66  0 31 45 189  1 637920 9412 1.5 44 29 25 31 94% 303069 28525 69%
c u 96.72  0 31 45 189  1 637920 9364 1.5 44 29 25 31 94% 303069 28525 69%
c v 96.74  0 31 45 189  1 637920 9353 1.5 44 29 25 31 94% 303069 28525 69%
c w 96.75  0 31 45 189  1 637920 9340 1.5 44 29 25 31 94% 303069 28525 69%
c x 96.77  0 31 45 189  1 637920 9340 1.5 44 29 25 31 94% 303069 28525 69%
c W 101.76  0 31 45 191  1 666064 27704 1.5 45 29 25 31 94% 303069 28525 69%
c - 101.95  0 31 46 192  1 667501 7603 1.5 45 30 25 31 94% 303069 28525 69%
c p 101.97  0 31 46 192  1 667501 10075 1.5 45 30 25 31 94% 303069 28525 69%
c u 102.09  0 31 46 192  1 667501 10018 1.5 45 30 25 31 94% 303069 28525 69%
c v 102.11  0 31 46 192  1 667501 9999 1.5 45 30 25 31 94% 303069 28525 69%
c w 102.12  0 31 46 192  1 667501 9990 1.5 45 30 25 31 94% 303069 28525 69%
c - 106.10  0 32 47 204  1 697761 7153 1.5 45 30 25 31 94% 303069 28525 69%
c p 106.12  0 32 47 204  1 697761 9622 1.5 45 30 25 31 94% 303069 28525 69%
c u 106.55  0 32 47 204  1 697761 9579 1.5 45 30 25 31 94% 303069 28525 69%
c v 106.57  0 32 47 204  1 697761 9555 1.5 45 30 25 31 94% 303069 28525 69%
c w 106.58  0 32 47 204  1 697761 9549 1.5 45 30 25 31 94% 303069 28525 69%
c I 107.21  0 32 47 208  1 703066 12680 1.5 45 30 25 31 94% 303069 28525 69%
c s 109.01  0 31 47 215  1 715752 19003 1.5 43 29 25 31 94% 303069 28525 69%
c
c  seconds   reductions  conflicts         size    tier2         variables
c          MB     restarts      redundant     glue     trail          remaining
c           level      rate          size/glue  tier1    irredundant
c
c s 109.07  0 31 47 215  1 715752 18976 1.5 43 29 25 31 94% 303069 28525 69%
c e 109.08  0 31 47 215  1 715752 18976 1.5 43 29 25 31 94% 303067 28524 69%
c - 110.95  0 31 48 219  1 728701 7536 1.5 44 29 25 31 94% 303067 28524 69%
c p 110.97  0 31 48 219  1 728701 9917 1.5 44 29 25 31 94% 303067 28524 69%
c v 111.07  0 31 48 219  1 728701 9866 1.5 44 29 25 31 94% 303067 28524 69%
c w 111.08  0 31 48 219  1 728701 9862 1.5 44 29 25 31 94% 303067 28524 69%
c B 112.80  0 31 48 220  1 741069 17059 1.5 44 29 25 31 94% 303067 28524 69%
c - 115.39  0 31 49 227  1 760319 7511 1.5 43 29 25 31 94% 303067 28524 69%
c p 115.41  0 31 49 227  1 760319 9877 1.5 43 29 25 31 94% 303067 28524 69%
c u 115.47  0 31 49 227  1 760319 9825 1.5 43 29 25 31 94% 303067 28524 69%
c v 115.49  0 31 49 227  1 760319 9806 1.5 43 29 25 31 94% 303067 28524 69%
c w 115.50  0 31 49 227  1 760319 9793 1.5 43 29 25 31 94% 303067 28524 69%
c W 119.38  0 31 49 235  1 780072 20876 1.5 43 29 25 31 94% 303067 28524 69%
c - 120.89  0 30 50 242  1 792615 7386 1.5 42 28 25 31 94% 303067 28524 69%
c p 120.91  0 30 50 242  1 792615 9900 1.5 42 28 25 31 94% 303067 28524 69%
c u 120.97  0 30 50 242  1 792615 9871 1.5 42 28 25 31 94% 303067 28524 69%
c v 120.99  0 30 50 242  1 792615 9827 1.5 42 28 25 31 94% 303067 28524 69%
c w 121.00  0 30 50 242  1 792615 9815 1.5 42 28 25 31 94% 303067 28524 69%
c s 124.64  0 30 50 251  1 818034 24069 1.5 42 28 25 31 94% 303066 28524 69%
c s 124.70  0 30 50 251  1 818034 24043 1.5 42 28 25 31 94% 303066 28524 69%
c
c  seconds   reductions  conflicts         size    tier2         variables
c          MB     restarts      redundant     glue     trail          remaining
c           level      rate          size/glue  tier1    irredundant
c
c e 124.71  0 30 50 251  1 818034 24043 1.5 42 28 25 31 94% 303064 28523 69%
c F 125.04  0 30 50 251  1 820077 24975 1.5 42 28 25 31 94% 303064 28523 69%
c - 125.80  0 30 51 251  1 825590 7730 1.5 43 28 25 31 94% 303064 28523 69%
c p 125.82  0 30 51 251  1 825590 10484 1.5 43 28 25 31 94% 303064 28523 69%
c c 125.88  0 30 51 251  1 825590 10484 1.5 43 28 25 31 94% 303065 28523 69%
c d 125.88  0 30 51 251  1 825590 10484 1.5 43 28 25 31 94% 303063 28522 69%
c 2 125.91  0 30 51 251  1 825590 10484 1.5 43 28 25 31 94% 303055 28522 69%
c u 125.96  0 30 51 251  1 825590 10440 1.5 43 28 25 31 94% 303055 28522 69%
c v 125.98  0 30 51 251  1 825590 10411 1.5 43 28 25 31 94% 303055 28522 69%
c w 126.00  0 30 51 251  1 825590 10383 1.5 43 28 25 31 94% 303055 28522 69%
c - 130.55  0 31 52 252  1 859244 7691 1.5 44 29 25 31 94% 303055 28522 69%
c p 130.57  0 31 52 252  1 859244 10104 1.5 44 29 25 31 94% 303055 28522 69%
c u 130.65  0 31 52 252  1 859244 10033 1.5 44 29 25 31 94% 303055 28522 69%
c v 130.67  0 31 52 252  1 859244 9985 1.5 44 29 25 31 94% 303055 28522 69%
c w 130.68  0 31 52 252  1 859244 9971 1.5 44 29 25 31 94% 303055 28522 69%
c B 130.96  0 31 52 252  1 861078 11012 1.5 44 29 25 31 94% 303055 28522 69%
c - 135.43  0 31 53 253  1 893575 7626 1.5 44 30 25 31 94% 303055 28522 69%
c p 135.45  0 31 53 253  1 893575 10112 1.5 44 30 25 31 94% 303055 28522 69%
c v 135.53  0 31 53 253  1 893575 10077 1.5 44 30 25 31 94% 303055 28522 69%
c w 135.54  0 31 53 253  1 893575 10074 1.5 44 30 25 31 94% 303055 28522 69%
c
c  seconds   reductions  conflicts         size    tier2         variables
c          MB     restarts      redundant     glue     trail          remaining
c           level      rate          size/glue  tier1    irredundant
c
c W 138.03  0 31 53 253  1 903079 15466 1.5 44 30 25 31 94% 303055 28522 69%
c s 141.64  0 31 53 253  1 927136 28077 1.5 45 30 25 31 94% 303055 28522 69%
c s 141.70  0 31 53 253  1 927136 28069 1.5 45 30 25 31 94% 303055 28522 69%
c - 141.97  0 31 54 253  1 928586 7873 1.5 45 30 25 31 94% 303055 28522 69%
c p 141.99  0 31 54 253  1 928586 10366 1.5 45 30 25 31 94% 303055 28522 69%
c u 142.12  0 31 54 253  1 928586 10297 1.5 45 30 25 31 94% 303055 28522 69%
c v 142.14  0 31 54 253  1 928586 10250 1.5 45 30 25 31 94% 303055 28522 69%
c w 142.15  0 31 54 253  1 928586 10233 1.5 45 30 25 31 94% 303055 28522 69%
c # 144.53  0 32 54 254  1 946081 20349 1.5 45 30 25 31 95% 303055 28522 69%
c - 146.91  0 32 55 254  1 964278 8047 1.5 44 30 25 31 94% 303055 28522 69%
c p 146.93  0 32 55 254  1 964278 10527 1.5 44 30 25 31 94% 303055 28522 69%
c u 147.01  0 32 55 254  1 964278 10451 1.5 44 30 25 31 94% 303055 28522 69%
c v 147.03  0 32 55 254  1 964278 10440 1.5 44 30 25 31 94% 303055 28522 69%
c w 147.05  0 32 55 254  1 964278 10433 1.5 44 30 25 31 94% 303055 28522 69%
c B 150.64  0 32 55 254  1 990082 24979 1.5 45 30 25 31 94% 303055 28522 69%
c - 152.14  0 32 56 254  1 1000647 8409 1.5 45 30 25 31 94% 303055 28522 69%
c p 152.16  0 32 56 254  1 1000647 11128 1.5 45 30 25 31 94% 303055 28522 69%
c u 152.24  0 32 56 254  1 1000647 11086 1.5 45 30 25 31 94% 303055 28522 69%
c v 152.27  0 32 56 254  1 1000647 11063 1.5 45 30 25 31 94% 303055 28522 69%
c w 152.28  0 32 56 254  1 1000647 11057 1.5 45 30 25 31 94% 303055 28522 69%
c
c  seconds   reductions   conflicts         size    tier2         variables
c          MB     restarts       redundant     glue     trail          remaining
c           level      rate           size/glue  tier1    irredundant
c
c W 158.21  0 32 56 254  1 1035083 31701 1.5 45 30 25 31 94% 303055 28522 69%
c - 158.56  0 32 57 254  1 1037697 8805 1.5 45 30 25 31 94% 303055 28522 69%
c 2 158.56  0 32 57 254  1 1037697 8805 1.5 45 30 25 31 94% 303055 28521 69%
c p 158.58  0 32 57 254  1 1037697 11736 1.5 45 30 25 31 94% 303055 28521 69%
c u 158.75  0 32 57 254  1 1037697 11681 1.5 45 30 25 31 94% 303045 28521 69%
c v 158.78  0 32 57 254  1 1037697 11651 1.5 45 30 25 31 94% 303045 28521 69%
c w 158.79  0 32 57 254  1 1037697 11642 1.5 45 30 25 31 94% 303045 28521 69%
c s 159.57  0 32 57 254  1 1043059 14684 1.5 45 30 25 31 94% 303045 28521 69%
c s 159.62  0 32 57 254  1 1043059 14671 1.5 45 30 25 31 94% 303045 28521 69%
c - 163.96  0 31 58 261  1 1075428 8507 1.5 44 30 25 31 94% 303045 28521 69%
c p 163.98  0 31 58 261  1 1075428 11226 1.5 44 30 25 31 94% 303045 28521 69%
c u 164.10  0 31 58 261  1 1075428 11178 1.5 44 30 25 31 94% 303045 28521 69%
c v 164.13  0 31 58 261  1 1075428 11150 1.5 44 30 25 31 94% 303045 28521 69%
c w 164.14  0 31 58 261  1 1075428 11130 1.5 44 30 25 31 94% 303045 28521 69%
c O 164.88  0 31 58 265  1 1081086 14202 1.5 44 30 25 31 94% 303045 28521 69%
c - 168.79  0 30 59 280  1 1113837 8217 1.4 41 29 25 31 94% 303045 28521 69%
c p 168.80  0 30 59 280  1 1113837 11445 1.4 41 29 25 31 94% 303045 28521 69%
c u 168.88  0 30 59 280  1 1113837 11385 1.4 41 29 25 31 94% 303045 28521 69%
c v 168.91  0 30 59 280  1 1113837 11361 1.4 41 29 25 31 94% 303045 28521 69%
c w 168.92  0 30 59 280  1 1113837 11336 1.4 41 29 25 31 94% 303045 28521 69%
c
c  seconds   reductions   conflicts         size    tier2         variables
c          MB     restarts       redundant     glue     trail          remaining
c           level      rate           size/glue  tier1    irredundant
c
c B 170.97  0 30 59 284  1 1128089 19448 1.4 41 29 25 31 94% 303045 28521 69%
c - 174.41  0 31 60 290  1 1152927 9197 1.4 42 29 25 31 94% 303045 28521 69%
c p 174.43  0 31 60 290  1 1152927 12318 1.4 42 29 25 31 94% 303045 28521 69%
c u 174.52  0 31 60 290  1 1152927 12278 1.4 42 29 25 31 94% 303045 28521 69%
c v 174.56  0 31 60 290  1 1152927 12240 1.4 42 29 25 31 94% 303045 28521 69%
c w 174.57  0 31 60 290  1 1152927 12222 1.4 42 29 25 31 94% 303045 28521 69%
c s 176.34  0 31 60 298  1 1165799 19250 1.4 42 29 25 31 94% 303045 28521 69%
c s 176.39  0 31 60 298  1 1165799 19232 1.4 42 29 25 31 94% 303045 28521 69%
c W 179.40  0 31 60 300  1 1176091 23837 1.4 42 29 25 31 94% 303045 28521 69%
c - 181.70  0 30 61 308  1 1192696 8875 1.4 42 29 25 31 94% 303045 28521 69%
c p 181.73  0 30 61 308  1 1192696 12242 1.4 42 29 25 31 94% 303045 28521 69%
c u 181.82  0 30 61 308  1 1192696 12169 1.4 42 29 25 31 94% 303045 28521 69%
c v 181.85  0 30 61 308  1 1192696 12154 1.4 42 29 25 31 94% 303045 28521 69%
c w 181.86  0 30 61 308  1 1192696 12119 1.4 42 29 25 31 94% 303045 28521 69%
c I 186.38  0 31 61 316  1 1225093 30479 1.5 42 29 25 31 94% 303045 28521 69%
c - 187.65  0 30 62 317  1 1233144 9507 1.5 43 29 25 31 94% 303045 28521 69%
c p 187.68  0 30 62 317  1 1233144 12859 1.5 43 29 25 31 94% 303045 28521 69%
c u 187.75  0 30 62 317  1 1233144 12834 1.5 43 29 25 31 94% 303045 28520 69%
c v 187.77  0 30 62 317  1 1233144 12786 1.5 43 29 25 31 94% 303045 28520 69%
c w 187.78  0 30 62 317  1 1233144 12756 1.5 43 29 25 31 94% 303045 28520 69%
c
c  seconds   reductions   conflicts        size    tier2         variables
c          MB     restarts      redundant     glue     trail          remaining
c           level      rate          size/glue  tier1    irredundant
c
c - 194.18  0 30 63 324  1 1274273 9746 1.6 44 28 25 31 94% 303035 28520 69%
c p 194.20  0 30 63 324  1 1274273 13440 1.6 44 28 25 31 94% 303035 28520 69%
c u 194.36  0 30 63 324  1 1274273 13356 1.6 44 28 25 31 94% 303035 28520 69%
c v 194.39  0 30 63 324  1 1274273 13250 1.6 44 28 25 31 94% 303035 28520 69%
c w 194.41  0 30 63 324  1 1274273 13228 1.6 44 28 25 31 94% 303035 28520 69%
c B 194.54  0 30 63 324  1 1275095 13710 1.6 44 28 25 31 94% 303035 28520 69%
c s 197.19  0 30 63 332  1 1295358 24454 1.5 43 28 25 31 94% 303035 28520 69%
c s 197.25  0 30 63 332  1 1295358 24436 1.5 43 28 25 31 94% 303035 28520 69%
c - 200.26  0 29 64 345  1 1316083 9334 1.5 42 28 24 31 94% 303035 28520 69%
c p 200.28  0 29 64 345  1 1316083 12947 1.5 42 28 24 31 94% 303035 28520 69%
c u 200.38  0 29 64 345  1 1316083 12802 1.5 42 28 24 31 94% 303035 28520 69%
c v 200.42  0 29 64 345  1 1316083 12758 1.5 42 28 24 31 94% 303035 28520 69%
c w 200.43  0 29 64 345  1 1316083 12725 1.5 42 28 24 31 94% 303035 28520 69%
c W 203.30  0 29 64 347  1 1326098 18536 1.5 42 28 24 31 94% 303035 28520 69%
c - 207.90  0 29 65 356  1 1358572 9410 1.5 42 28 24 31 94% 303035 28520 69%
c p 207.92  0 29 65 356  1 1358572 12926 1.5 42 28 24 31 94% 303035 28520 69%
c u 208.02  0 29 65 356  1 1358572 12883 1.5 42 28 24 31 94% 303035 28520 69%
c v 208.05  0 29 65 356  1 1358572 12837 1.5 42 28 24 31 94% 303035 28520 69%
c w 208.07  0 29 65 356  1 1358572 12803 1.5 42 28 24 31 94% 303035 28520 69%
c F 211.01  0 30 65 363  1 1378099 23675 1.5 42 28 24 31 94% 303035 28520 69%
c
c  seconds   reductions   conflicts        size    tier2         variables
c          MB     restarts      redundant     glue     trail          remaining
c           level      rate          size/glue  tier1    irredundant
c
c - 214.26  0 30 66 377  1 1401741 9864 1.5 43 29 24 30 94% 303035 28520 69%
c p 214.28  0 30 66 377  1 1401741 13355 1.5 43 29 24 30 94% 303035 28520 69%
c u 214.38  0 30 66 377  1 1401741 13302 1.5 43 29 24 30 94% 303035 28520 69%
c v 214.41  0 30 66 377  1 1401741 13282 1.5 43 29 24 30 94% 303035 28520 69%
c w 214.42  0 30 66 377  1 1401741 13252 1.5 43 29 24 30 94% 303035 28520 69%
c B 218.34  0 31 66 380  1 1431100 31630 1.5 45 29 24 30 94% 303035 28520 69%
c s 218.47  0 31 66 380  1 1431738 31964 1.5 45 29 24 30 94% 303035 28520 69%
c s 218.53  0 31 66 380  1 1431738 31946 1.5 45 29 24 30 94% 303035 28520 69%
c - 220.79  0 31 67 380  1 1445590 10420 1.5 44 29 24 30 94% 303035 28520 69%
c 2 220.79  0 31 67 380  1 1445590 10420 1.5 44 29 24 30 94% 303035 28519 69%
c p 220.81  0 31 67 380  1 1445590 13948 1.5 44 29 24 30 94% 303035 28519 69%
c u 220.91  0 31 67 380  1 1445590 13866 1.5 44 29 24 30 94% 303035 28519 69%
c v 220.95  0 31 67 380  1 1445590 13822 1.5 44 29 24 30 94% 303035 28519 69%
c w 220.97  0 31 67 380  1 1445590 13799 1.5 44 29 24 30 94% 303035 28519 69%
c W 228.57  0 31 67 381  1 1485103 35361 1.5 44 29 24 31 94% 303025 28519 69%
c - 229.27  0 31 68 381  1 1490120 10223 1.5 44 29 24 31 94% 303025 28519 69%
c p 229.29  0 31 68 381  1 1490120 14110 1.5 44 29 24 31 94% 303025 28519 69%
c u 229.94  0 31 68 381  1 1490120 14083 1.5 44 29 24 31 94% 303025 28519 69%
c v 229.97  0 31 68 381  1 1490120 14042 1.5 44 29 24 31 94% 303025 28519 69%
c w 229.99  0 31 68 381  1 1490120 14013 1.5 44 29 24 31 94% 303025 28519 69%
c
c  seconds   reductions   conflicts         size    tier2         variables
c          MB     restarts       redundant     glue     trail          remaining
c           level      rate           size/glue  tier1    irredundant
c
c - 237.05  0 31 69 387  1 1535330 10696 1.5 45 29 24 30 94% 303025 28519 69%
c p 237.07  0 31 69 387  1 1535330 14648 1.5 45 29 24 30 94% 303025 28519 69%
c u 237.24  0 31 69 387  1 1535330 14548 1.5 45 29 24 30 94% 303025 28519 69%
c v 237.27  0 31 69 387  1 1535330 14503 1.5 45 29 24 30 94% 303025 28519 69%
c w 237.30  0 31 69 387  1 1535330 14485 1.5 45 29 24 30 94% 303025 28519 69%
c # 237.97  0 31 69 388  1 1540104 16981 1.5 44 29 24 30 94% 303025 28519 69%
c s 243.12  0 30 69 404  1 1574937 36682 1.5 44 29 24 30 94% 303025 28519 69%
c s 243.18  0 30 69 404  1 1574937 36662 1.5 44 29 24 30 94% 303025 28519 69%
c ^ 243.19  0 30 69 404  1 1574937 36662 1.5 44 29 24 30 94% 303025 28519 69%
c - 244.23  0 30 70 409  1 1581222 10719 1.5 44 29 24 30 94% 303025 28519 69%
c p 244.25  0 30 70 409  1 1581222 14612 1.5 44 29 24 30 94% 303025 28519 69%
c u 244.35  0 30 70 409  1 1581222 14557 1.5 44 29 24 30 94% 303025 28519 69%
c v 244.39  0 30 70 409  1 1581222 14534 1.5 44 29 24 30 94% 303025 28519 69%
c w 244.41  0 30 70 409  1 1581222 14504 1.5 44 29 24 30 94% 303025 28519 69%
c B 246.50  0 30 70 412  1 1596105 23100 1.5 44 29 24 30 94% 303025 28519 69%
c - 251.23  0 30 71 422  1 1627794 10389 1.5 44 29 24 30 94% 303025 28519 69%
c p 251.25  0 30 71 422  1 1627794 14208 1.5 44 29 24 30 94% 303025 28519 69%
c u 251.36  0 30 71 422  1 1627794 14158 1.5 44 29 24 30 94% 303025 28519 69%
c v 251.40  0 30 71 422  1 1627794 14141 1.5 44 29 24 30 94% 303025 28519 69%
c w 251.41  0 30 71 422  1 1627794 14109 1.5 44 29 24 30 94% 303025 28519 69%
c
c  seconds   reductions   conflicts         size    tier2         variables
c          MB     restarts       redundant     glue     trail          remaining
c           level      rate           size/glue  tier1    irredundant
c
c W 256.28  0 31 71 434  1 1653106 28321 1.5 44 29 24 30 94% 303025 28519 69%
c - 259.50  0 30 72 442  1 1675047 10498 1.5 43 29 24 30 94% 303025 28519 69%
c p 259.53  0 30 72 442  1 1675047 14364 1.5 43 29 24 30 94% 303025 28519 69%
c u 259.62  0 30 72 442  1 1675047 14354 1.5 43 29 24 30 94% 303025 28519 69%
c v 259.64  0 30 72 442  1 1675047 14316 1.5 43 29 24 30 94% 303025 28519 69%
c w 259.66  0 30 72 442  1 1675047 14297 1.5 43 29 24 30 94% 303025 28519 69%
c O 264.82  0 30 72 444  1 1711108 33391 1.5 43 29 24 30 94% 303025 28519 69%
c - 266.23  0 30 73 444  1 1722981 10727 1.5 42 29 24 30 94% 303025 28519 69%
c p 266.26  0 30 73 444  1 1722981 14441 1.5 42 29 24 30 94% 303025 28519 69%
c u 266.35  0 30 73 444  1 1722981 14387 1.5 42 29 24 30 94% 303025 28519 69%
c v 266.38  0 30 73 444  1 1722981 14372 1.5 42 29 24 30 94% 303025 28519 69%
c w 266.40  0 30 73 444  1 1722981 14341 1.5 42 29 24 30 94% 303025 28519 69%
c s 266.74  0 30 73 444  1 1724955 15467 1.5 42 29 24 30 94% 303025 28519 69%
c e 266.83  0 30 73 444  1 1724955 15400 1.5 42 29 24 30 94% 303047 28497 69%
c s 266.85  0 30 73 444  1 1724955 15384 1.5 42 29 24 30 94% 303025 28497 69%
c B 273.49  0 30 73 466  1 1770111 38267 1.5 42 29 24 30 94% 303025 28497 69%
c - 273.74  0 30 74 466  1 1771595 10698 1.5 42 29 24 30 94% 303025 28497 69%
c p 273.77  0 30 74 466  1 1771595 14687 1.5 42 29 24 30 94% 303025 28496 69%
c u 273.89  0 30 74 466  1 1771595 14588 1.5 42 29 24 30 94% 303025 28496 69%
c v 273.93  0 30 74 466  1 1771595 14491 1.5 42 29 24 30 94% 303025 28496 69%
c
c  seconds   reductions   conflicts         size    tier2         variables
c          MB     restarts       redundant     glue     trail          remaining
c           level      rate           size/glue  tier1    irredundant
c
c w 273.95  0 30 74 466  1 1771595 14452 1.5 42 29 24 30 94% 303025 28496 69%
c - 280.89  0 31 75 482  1 1820893 11063 1.5 43 29 24 30 94% 303015 28496 69%
c p 280.92  0 31 75 482  1 1820893 14941 1.5 43 29 24 30 94% 303015 28496 69%
c u 281.03  0 31 75 482  1 1820893 14879 1.5 43 29 24 30 94% 303015 28496 69%
c v 281.07  0 31 75 482  1 1820893 14825 1.5 43 29 24 30 94% 303015 28496 69%
c w 281.09  0 31 75 482  1 1820893 14795 1.5 43 29 24 30 94% 303015 28496 69%
c W 284.26  0 31 75 488  1 1830112 20067 1.5 44 30 24 30 94% 303015 28496 69%
c - 290.39  0 31 76 505  1 1870871 11203 1.5 44 30 24 30 94% 303015 28496 69%
c p 290.41  0 31 76 505  1 1870871 14895 1.5 44 30 24 30 94% 303015 28496 69%
c u 290.56  0 31 76 505  1 1870871 14861 1.5 44 30 24 30 94% 303015 28496 69%
c v 290.59  0 31 76 505  1 1870871 14793 1.5 44 30 24 30 94% 303015 28496 69%
c w 290.60  0 31 76 505  1 1870871 14778 1.5 44 30 24 30 94% 303015 28496 69%
c s 292.21  0 31 76 506  1 1881841 20800 1.5 44 30 24 30 94% 303009 28496 69%
c s 292.25  0 31 76 506  1 1881841 20783 1.5 44 30 24 30 94% 303005 28496 69%
c I 293.46  0 31 76 506  1 1891113 26101 1.5 44 30 24 30 94% 303005 28496 69%
c - 298.24  0 31 77 507  1 1921528 11871 1.5 44 29 24 30 94% 303005 28496 69%
c p 298.26  0 31 77 507  1 1921528 15784 1.5 44 29 24 30 94% 303005 28496 69%
c u 298.38  0 31 77 507  1 1921528 15696 1.5 44 29 24 30 94% 303005 28496 69%
c v 298.41  0 31 77 507  1 1921528 15628 1.5 44 29 24 30 94% 303005 28496 69%
c w 298.43  0 31 77 507  1 1921528 15604 1.5 44 29 24 30 94% 303005 28496 69%
c
c  seconds   reductions   conflicts         size    tier2         variables
c          MB     restarts       redundant     glue     trail          remaining
c           level      rate           size/glue  tier1    irredundant
c
c ] 299.69  0 31 77 508  1 1929728 20416 1.5 44 29 24 30 94% 303005 28496 69%
c ? 299.69  0 31 77 508  1 1929728 20416 1.5 44 29 24 30 94% 303005 28496 69%
c
c --- [ result ] -------------------------------------------------------------
c
c writing result to 'search-results/cadical-support70-cover-20260902/anchor-016-p0-s0.result'
c
c --- [ run-time profiling ] -------------------------------------------------
c
c process time taken by individual solving procedures
c (percentage relative to process time for solving)
c
c       285.91   95.42% search
c       268.74   89.69% stable
c        17.15    5.72% walk
c        13.73    4.58% simplify
c         4.71    1.57% vivify
c         2.08    0.70% sweep
c         1.37    0.46% backbone
c         1.19    0.40% congruence
c         1.03    0.34% subsume
c         0.93    0.31% elim
c         0.51    0.17% probe
c         0.32    0.11% ternary
c         0.05    0.02% parse
c         0.02    0.01% lucky
c   =================================
c       299.64   99.98% solve
c
c last line shows process time for solving
c (percentage relative to total process time)
c
c --- [ statistics ] ---------------------------------------------------------
c
c chronological:            184828         9.58 %  of conflicts
c conflicts:               1929728      6440.15    per second
c backbone:              127220804    307616.13 %  of vars
c decisions:               2042344      6815.99    per second
c eliminated:                 3020         7.30 %  of all variables
c fixed:                      9081        21.96 %  of all variables
c learned:                 1903764        98.65 %  per conflict
c learned_lits:          969332972       100.00 %  learned literals
c minimized:                     0         0.00 %  learned literals
c shrunken:              878378325        90.62 %  learned literals
c minishrunken:            7630343         0.79 %  learned literals
c otfs:                        849         0.04 %  of conflict
c propagations:         1658840561         5.54 M  per second
c reduced:                 1050507        54.44 %  per conflict
c rephased:                     61     31634.89    interval
c restarts:                    508      3798.68    interval
c substituted:                 760         1.84 %  of all variables
c subsumed:                 834804        34.77 %  of all clauses
c strengthened:              55134         2.30 %  of all clauses
c ticks:               19246733220        15.25    propagation
c vivified:                   2131         0.09 %  of all clauses
c walked:                       20     96486.40    interval
c weakened:                  14493         3.01    average size
c congruence:                   21     91891.81    interval
c
c seconds are measured in process time for solving
c
c --- [ glue usage ] ---------------------------------------------------------
c
c focused glue 2 used 0 clauses 0.000% accumulated 0.000% tier1
c focused glue 3 used 0 clauses 0.000% accumulated 0.000%
c focused glue 4 used 0 clauses 0.000% accumulated 0.000%
c focused glue 5 used 0 clauses 0.000% accumulated 0.000%
c focused glue 6 used 0 clauses 0.000% accumulated 0.000% tier2
c
c stable glue 24 used 355018 clauses 5.510% accumulated 53.43% tier1
c stable glue 25 used 360022 clauses 5.588% accumulated 59.02%
c stable glue 26-28 used 1041220 clauses 16.16% accumulated 75.18%
c stable glue 29 used 336763 clauses 5.227% accumulated 80.41%
c stable glue 30 used 320293 clauses 4.971% accumulated 85.38% tier2
c
c
c --- [ resources ] ----------------------------------------------------------
c
c total process time since initialization:       299.69    seconds
c total real time since initialization:          300.01    seconds
c maximum resident set size of process:          219.11    MB
c
c --- [ shutting down ] ------------------------------------------------------
c
c exit 0
