c --- [ banner ] -------------------------------------------------------------
c
c CaDiCaL SAT Solver
c Copyright (c) 2016-2026
c A. Biere, M. Fleury, N. Froleyks, K. Fazekas, F. Pollitt, T. Faller
c JKU Linz, University of Freiburg, TU Wien
c
c Version 3.0.1 c60730422e758ef1cebe7aeddf2dda31c996bf04
c Apple clang version 21.0.0 (clang-2100.1.1.101) -Wall -Wextra -O3 -DNDEBUG -DNCLOSEFROM
c Tue Sep 1 21:08:57 PDT 2026 Darwin retained-runner 25.6.0 arm64
c
c --- [ limit ] --------------------------------------------------------------
c
c setting time limit to 300 seconds real time (due to '-t 300')
c
c --- [ parsing input ] ------------------------------------------------------
c
c reading DIMACS file from 'search-results/cadical-support70-cover-20260902/cnf/anchor-008-p0-s1.cnf'
c opening file to read 'search-results/cadical-support70-cover-20260902/cnf/anchor-008-p0-s1.cnf'
c found 'p cnf 41357 414868' header
c parsed 414868 clauses in 0.05 seconds process time
c
c --- [ options ] ------------------------------------------------------------
c
c   --elimeffort=10                (different from default '1e3')
c   --stabilizeonly=true           (different from default 'false')
c   --subsumeeffort=60             (different from default '1e3')
c
c --- [ solving ] ------------------------------------------------------------
c
c time measured in process time since initialization
c
c  seconds  reduction conflicts       size tier2        variables
c         MB    restarts   redundant    glue  trail          remaining
c          level     rate       size/glu tier1  irredundant
c
c *  0.05  0  0 0   0  0    0    0 0.0 0 0 2 6  0% 329582 32370 78%
c )  0.07  0  0 0   0  0    0    0 0.0 0 0 2 6  0% 329582 32370 78%
c [  0.08  0  0 0   0  0    0    0 0.0 0 0 2 6  0% 329582 32370 78%
c i  0.08  0  1 0   0 33    1    0 0.0 1 0 2 6 96% 329582 32328 78%
c i  0.08  0 31 0   0  8    9    3 1.2 12 10 2 6 95% 329582 32327 78%
c i  0.09  0 35 0   0  2   86   27 1.2 34 28 2 6 97% 329582 32315 78%
c -  0.13  0 34 1   0  1  301   44 1.2 36 29 2 6 97% 314471 32305 78%
c -  0.24  0 35 2   0  1  952  234 2.2 62 28 2 6 96% 314466 32305 78%
c I  0.25  0 34 2   0  1 1003  282 2.2 61 28 2 6 96% 314466 32305 78%
c -  0.43  0 31 3   2  1 2111  328 1.9 50 26 2 6 94% 314446 32305 78%
c B  0.58  0 30 3   2  1 3005  755 1.7 45 26 2 6 84% 314434 32305 78%
c d  0.60  0 30 3   2  1 3044  776 1.7 45 26 2 6 93% 313122 31649 77%
c c  0.66  0 30 3   2  1 3044  776 1.7 45 26 2 6 93% 313120 31649 77%
c d  0.66  0 30 3   2  1 3044  776 1.7 45 26 2 6 93% 313118 31648 77%
c -  0.84  0 30 4   2  1 3831  392 1.7 44 26 2 6 90% 313106 31648 77%
c W  1.27  0 30 4   4  1 6006 1723 1.6 42 27 24 29 90% 313078 31648 77%
c -  1.31  0 30 5   4  1 6144  547 1.6 42 27 24 29 91% 313077 31648 77%
c s  1.40  0 30 5   5  1 6697  868 1.5 42 27 24 29 91% 313026 31648 77%
c e  1.55  0 30 5   5  1 6697  583 1.5 42 27 24 29 91% 307352 28943 70%
c s  1.56  0 30 5   5  1 6697  583 1.5 42 27 24 29 91% 307352 28943 70%
c
c  seconds  reduction conflicts       size    tier2         variables
c         MB    restarts   redundant     glue     trail          remaining
c          level     rate       size/glue  tier1    irredundant
c
c e  1.59  0 30 5   5  1 6697  583 1.5 42 27 24 29 91% 307271 28927 70%
c -  2.05  0 30 6   6  1 9073  540 1.5 41 28 24 30 94% 307271 28927 70%
c F  2.19  0 30 6   6  1 10008 1082 1.5 41 28 24 30 95% 307271 28927 70%
c c  2.36  0 31 6   6  1 10848 1703 1.5 42 28 24 30 95% 307280 28927 70%
c d  2.37  0 31 6   6  1 10848 1703 1.5 42 28 24 30 95% 307262 28918 70%
c 2  2.37  0 31 6   6  1 10848 1703 1.5 42 28 24 30 95% 307184 28918 70%
c -  2.62  0 31 7   7  1 12614  719 1.4 41 29 24 30 95% 307184 28918 70%
c B  3.03  0 31 7   9  1 15009 2134 1.4 41 29 26 31 95% 307184 28918 70%
c -  3.35  0 31 8  10  1 16791  855 1.4 42 29 26 31 95% 307184 28918 70%
c u  3.41  0 31 8  10  1 16791  848 1.4 42 29 26 31 95% 307184 28918 70%
c v  3.42  0 31 8  10  1 16791  827 1.4 42 29 26 31 95% 307184 28918 70%
c w  3.43  0 31 8  10  1 16791  822 1.4 42 29 26 31 95% 307184 28918 70%
c x  3.44  0 31 8  10  1 16791  822 1.4 42 29 26 31 95% 307017 28918 70%
c s  4.04  0 31 8  12  1 20335 2778 1.4 42 29 26 31 95% 307017 28918 70%
c t  4.05  0 31 8  12  1 20335 2778 1.4 42 29 26 31 95% 307016 28918 70%
c e  4.07  0 31 8  12  1 20335 2778 1.4 42 29 26 31 95% 306979 28911 70%
c s  4.09  0 31 8  12  1 20335 2730 1.4 42 29 26 31 95% 306959 28911 70%
c e  4.11  0 31 8  12  1 20335 2730 1.4 42 29 26 31 95% 306938 28904 70%
c W  4.40  0 31 8  13  1 21010 3023 1.4 42 29 26 31 95% 306938 28904 70%
c -  4.52  0 31 9  13  1 21609  900 1.4 42 29 26 31 95% 306938 28904 70%
c
c  seconds  reductions conflicts       size    tier2         variables
c         MB    restarts    redundant     glue     trail          remaining
c          level     rate        size/glue  tier1    irredundant
c
c c  4.58  0 31 9  13  1 21609  900 1.4 42 29 26 31 95% 307025 28904 70%
c d  4.58  0 31 9  13  1 21609  900 1.4 42 29 26 31 95% 306837 28810 70%
c 2  4.59  0 31 9  13  1 21609  900 1.4 42 29 26 31 95% 305991 28810 70%
c -  5.45  0 31 10  14  1 27073 1185 1.5 43 29 26 31 95% 305991 28810 70%
c #  5.69  0 31 10  14  1 28011 1763 1.5 44 29 26 31 95% 305991 28810 70%
c -  6.49  0 32 11  14  1 33185 1319 1.5 46 30 26 31 95% 305991 28810 70%
c u  6.51  0 32 11  14  1 33185 1303 1.5 46 30 26 31 95% 305991 28810 70%
c v  6.52  0 32 11  14  1 33185 1290 1.5 46 30 26 31 95% 305991 28810 70%
c w  6.53  0 32 11  14  1 33185 1287 1.5 46 30 26 31 95% 305991 28810 70%
c x  6.54  0 32 11  14  1 33185 1287 1.5 46 30 26 31 95% 305839 28810 70%
c B  6.97  0 32 11  17  1 36013 2721 1.5 45 30 26 31 95% 305839 28810 70%
c -  7.61  0 32 12  20  1 39954 1268 1.5 45 30 26 32 95% 305839 28810 70%
c s  7.92  0 32 12  20  1 40788 1748 1.5 45 30 26 32 95% 305535 28810 70%
c e  7.95  0 32 12  20  1 40788 1748 1.5 45 30 26 32 95% 305493 28780 70%
c s  7.97  0 32 12  20  1 40788 1744 1.5 45 30 26 32 95% 305356 28780 70%
c e  7.99  0 32 12  20  1 40788 1744 1.5 45 30 26 32 95% 305297 28759 70%
c W  8.88  0 32 12  21  1 45014 4048 1.5 45 30 26 32 95% 305297 28759 70%
c -  9.25  0 32 13  23  1 47378 1429 1.5 45 30 26 32 95% 305297 28759 70%
c p  9.25  0 32 13  23  1 47378 1566 1.5 45 30 26 32 95% 305297 28759 70%
c O 10.38  0 32 13  28  1 55016 5960 1.5 44 30 26 32 95% 305297 28759 70%
c
c  seconds  reductions  conflicts       size    tier2         variables
c         MB     restarts    redundant     glue     trail          remaining
c          level      rate        size/glue  tier1    irredundant
c
c - 10.46  0 32 14  28  1 55456 1636 1.5 44 30 26 32 95% 305297 28759 70%
c p 10.47  0 32 14  28  1 55456 1811 1.5 44 30 26 32 95% 305297 28759 70%
c u 10.49  0 32 14  28  1 55456 1789 1.5 44 30 26 32 95% 305297 28759 70%
c v 10.51  0 32 14  28  1 55456 1768 1.5 44 30 26 32 95% 305297 28759 70%
c w 10.51  0 32 14  28  1 55456 1760 1.5 44 30 26 32 95% 305297 28759 70%
c x 10.53  0 32 14  28  1 55456 1760 1.5 44 30 26 32 95% 305294 28759 70%
c - 11.85  0 31 15  29  1 64196 1614 1.5 43 29 26 32 94% 305294 28759 70%
c p 11.86  0 31 15  29  1 64196 1958 1.5 43 29 26 32 94% 305294 28758 70%
c B 12.22  0 31 15  29  1 66017 2942 1.4 42 29 26 32 94% 305294 28758 70%
c s 12.55  0 31 15  30  1 68056 4376 1.5 43 29 26 32 94% 305246 28758 70%
c e 12.59  0 31 15  30  1 68056 4371 1.5 43 29 26 32 94% 305170 28736 69%
c s 12.62  0 31 15  30  1 68056 4304 1.5 43 29 26 32 94% 305081 28736 69%
c e 12.65  0 31 15  30  1 68056 4303 1.5 43 29 26 32 94% 305040 28717 69%
c - 13.52  0 31 16  30  1 73601 1862 1.5 43 29 25 31 94% 305040 28717 69%
c p 13.52  0 31 16  30  1 73601 2163 1.5 43 29 25 31 94% 305040 28717 69%
c u 13.54  0 31 16  30  1 73601 2148 1.5 43 29 25 31 94% 305040 28717 69%
c v 13.57  0 31 16  30  1 73601 2113 1.5 43 29 25 31 94% 305040 28717 69%
c w 13.57  0 31 16  30  1 73601 2111 1.5 43 29 25 31 94% 305040 28717 69%
c W 14.58  0 31 16  30  1 78018 4432 1.5 42 29 25 31 94% 305040 28717 69%
c - 15.42  0 31 17  31  1 83667 1919 1.4 42 29 25 31 94% 305040 28717 69%
c
c  seconds  reductions  conflicts       size    tier2         variables
c         MB     restarts    redundant     glue     trail          remaining
c          level      rate        size/glue  tier1    irredundant
c
c p 15.43  0 31 17  31  1 83667 2163 1.4 42 29 25 31 94% 305040 28717 69%
c I 16.67  0 31 17  36  1 91019 6402 1.5 43 29 25 31 94% 305040 28717 69%
c - 17.22  0 31 18  37  1 94401 2039 1.5 42 29 25 31 94% 305040 28717 69%
c p 17.23  0 31 18  37  1 94401 2334 1.5 42 29 25 31 94% 305040 28717 69%
c v 17.27  0 31 18  37  1 94401 2302 1.5 42 29 25 31 94% 305040 28717 69%
c w 17.27  0 31 18  37  1 94401 2298 1.5 42 29 25 31 94% 305040 28717 69%
c x 17.28  0 31 18  37  1 94401 2298 1.5 42 29 25 31 94% 305038 28717 69%
c s 18.50  0 30 18  43  1 102148 6358 1.5 42 29 25 31 94% 305038 28717 69%
c e 18.53  0 30 18  43  1 102148 6358 1.5 42 29 25 31 94% 305037 28715 69%
c s 18.53  0 30 18  43  1 102148 6358 1.5 42 29 25 31 94% 305017 28715 69%
c e 18.54  0 30 18  43  1 102148 6356 1.5 42 29 25 31 94% 305012 28713 69%
c B 19.00  0 31 18  44  1 105024 7879 1.5 42 29 25 31 94% 305012 28713 69%
c - 19.13  0 31 19  44  1 105802 2135 1.5 43 29 25 31 94% 305012 28713 69%
c p 19.14  0 31 19  44  1 105802 2450 1.5 43 29 25 31 94% 305012 28713 69%
c - 21.15  0 31 20  47  1 117870 2298 1.5 43 29 25 31 94% 305012 28713 69%
c p 21.17  0 31 20  47  1 117870 2693 1.5 43 29 25 31 94% 305012 28713 69%
c u 21.19  0 31 20  47  1 117870 2674 1.5 43 29 25 31 94% 305012 28713 69%
c v 21.23  0 31 20  47  1 117870 2649 1.5 43 29 25 31 94% 305012 28713 69%
c w 21.23  0 31 20  47  1 117870 2645 1.5 43 29 25 31 94% 305012 28713 69%
c W 21.91  0 31 20  48  1 120026 3758 1.5 43 29 25 31 94% 305012 28713 69%
c
c  seconds  reductions  conflicts        size    tier2         variables
c         MB     restarts     redundant     glue     trail          remaining
c          level      rate         size/glue  tier1    irredundant
c
c - 23.29  0 31 21  54  1 130610 2371 1.5 43 29 25 31 94% 305012 28713 69%
c p 23.30  0 31 21  54  1 130610 2804 1.5 43 29 25 31 94% 305012 28713 69%
c F 23.97  0 31 21  58  1 136027 6046 1.5 43 29 25 31 95% 305012 28713 69%
c s 24.90  0 31 21  60  1 143058 9934 1.5 44 30 25 31 95% 304997 28713 69%
c e 24.93  0 31 21  60  1 143058 9931 1.5 44 30 25 31 95% 304993 28711 69%
c s 24.95  0 31 21  60  1 143058 9923 1.5 44 30 25 31 95% 304975 28711 69%
c - 25.12  0 31 22  60  1 144021 2746 1.5 44 30 25 31 95% 304975 28711 69%
c p 25.13  0 31 22  60  1 144021 3457 1.5 44 30 25 31 95% 304975 28711 69%
c u 25.15  0 31 22  60  1 144021 3429 1.5 44 30 25 31 95% 304975 28711 69%
c v 25.19  0 31 22  60  1 144021 3385 1.5 44 30 25 31 95% 304975 28711 69%
c w 25.20  0 31 22  60  1 144021 3381 1.5 44 30 25 31 95% 304975 28711 69%
c B 26.27  0 32 22  61  1 153028 8327 1.5 44 30 25 31 95% 304975 28711 69%
c - 26.99  0 32 23  61  1 158103 2910 1.5 44 30 25 31 95% 304975 28711 69%
c p 27.01  0 32 23  61  1 158103 3942 1.5 44 30 25 31 95% 304975 28709 69%
c W 29.37  0 32 23  62  1 171029 10494 1.5 44 30 25 31 95% 304955 28709 69%
c - 29.66  0 32 24  62  1 172858 2894 1.5 44 30 25 31 95% 304955 28709 69%
c p 29.67  0 32 24  62  1 172858 4130 1.5 44 30 25 31 95% 304955 28706 69%
c u 29.75  0 32 24  62  1 172858 4104 1.5 44 30 25 31 95% 304955 28706 69%
c v 29.78  0 32 24  62  1 172858 4081 1.5 44 30 25 31 95% 304955 28706 69%
c w 29.79  0 32 24  62  1 172858 4075 1.5 44 30 25 31 95% 304955 28706 69%
c
c  seconds  reductions  conflicts        size    tier2         variables
c         MB     restarts     redundant     glue     trail          remaining
c          level      rate         size/glue  tier1    irredundant
c
c x 29.81  0 32 24  62  1 172858 4075 1.5 44 30 25 31 95% 304954 28706 69%
c - 32.11  0 32 25  62  1 188285 3157 1.5 44 30 25 31 95% 304924 28706 69%
c p 32.13  0 32 25  62  1 188285 4421 1.5 44 30 25 31 95% 304924 28702 69%
c v 32.18  0 32 25  62  1 188285 4395 1.5 44 30 25 31 95% 304924 28702 69%
c w 32.18  0 32 25  62  1 188285 4389 1.5 44 30 25 31 95% 304924 28702 69%
c # 32.45  0 32 25  62  1 190030 5239 1.5 44 30 25 31 95% 304924 28702 69%
c s 32.57  0 32 25  62  1 190785 5665 1.5 44 30 25 31 95% 304912 28702 69%
c e 32.59  0 32 25  62  1 190785 5665 1.5 44 30 25 31 95% 304864 28699 69%
c s 32.61  0 32 25  62  1 190785 5658 1.5 44 30 25 31 95% 304842 28699 69%
c e 32.63  0 32 25  62  1 190785 5658 1.5 44 30 25 31 95% 304836 28697 69%
c - 34.28  0 32 26  66  1 204384 3284 1.5 44 30 25 31 95% 304836 28697 69%
c 2 34.28  0 32 26  66  1 204384 3284 1.5 44 30 25 31 95% 304836 28696 69%
c p 34.29  0 32 26  66  1 204384 4491 1.5 44 30 25 31 95% 304836 28693 69%
c u 34.32  0 32 26  66  1 204384 4471 1.5 44 30 25 31 95% 304836 28693 69%
c v 34.34  0 32 26  66  1 204384 4448 1.5 44 30 25 31 95% 304836 28693 69%
c w 34.34  0 32 26  66  1 204384 4439 1.5 44 30 25 31 95% 304836 28693 69%
c B 35.02  0 32 26  69  1 210033 7627 1.5 44 30 25 31 95% 304836 28693 69%
c - 36.55  0 32 27  76  1 221156 3313 1.5 44 30 25 31 95% 304797 28693 69%
c p 36.57  0 32 27  76  1 221156 4708 1.5 44 30 25 31 95% 304797 28689 69%
c u 36.60  0 32 27  76  1 221156 4693 1.5 44 30 25 31 95% 304797 28689 69%
c
c  seconds  reductions  conflicts        size    tier2         variables
c         MB     restarts     redundant     glue     trail          remaining
c          level      rate         size/glue  tier1    irredundant
c
c v 36.62  0 32 27  76  1 221156 4681 1.5 44 30 25 31 95% 304797 28689 69%
c w 36.62  0 32 27  76  1 221156 4677 1.5 44 30 25 31 95% 304797 28689 69%
c W 38.61  0 31 27  77  1 231034 9306 1.5 43 29 25 31 95% 304757 28689 69%
c - 39.75  0 31 28  82  1 238602 3334 1.5 42 29 25 31 95% 304757 28689 69%
c p 39.76  0 31 28  82  1 238602 4926 1.5 42 29 25 31 95% 304757 28684 69%
c u 39.79  0 31 28  82  1 238602 4915 1.5 42 29 25 31 95% 304757 28684 69%
c v 39.80  0 31 28  82  1 238602 4900 1.5 42 29 25 31 95% 304757 28684 69%
c w 39.80  0 31 28  82  1 238602 4892 1.5 42 29 25 31 95% 304757 28684 69%
c x 39.81  0 31 28  82  1 238602 4892 1.5 42 29 25 31 95% 304757 28684 69%
c s 40.84  0 31 28  85  1 245333 8449 1.5 42 29 25 31 95% 304731 28684 69%
c e 40.87  0 31 28  85  1 245333 8449 1.5 42 29 25 31 95% 304676 28682 69%
c s 40.89  0 31 28  85  1 245333 8434 1.5 42 29 25 31 95% 304665 28682 69%
c e 40.90  0 31 28  85  1 245333 8433 1.5 42 29 25 31 95% 304662 28681 69%
c O 42.05  0 31 28  90  1 253036 12696 1.4 42 29 25 31 95% 304662 28681 69%
c - 42.62  0 31 29  91  1 256722 3725 1.4 42 29 25 31 95% 304662 28681 69%
c p 42.64  0 31 29  91  1 256722 5285 1.4 42 29 25 31 95% 304662 28677 69%
c u 42.68  0 31 29  91  1 256722 5251 1.4 42 29 25 31 95% 304662 28677 69%
c v 42.70  0 31 29  91  1 256722 5228 1.4 42 29 25 31 95% 304662 28677 69%
c w 42.70  0 31 29  91  1 256722 5221 1.4 42 29 25 31 95% 304662 28677 69%
c - 45.33  0 30 30  93  1 275518 3912 1.4 41 29 24 31 95% 304622 28677 69%
c
c  seconds  reductions  conflicts        size    tier2         variables
c         MB     restarts     redundant     glue     trail          remaining
c          level      rate         size/glue  tier1    irredundant
c
c p 45.34  0 30 30  93  1 275518 5758 1.4 41 29 24 31 95% 304622 28672 69%
c u 45.71  0 30 30  93  1 275518 5727 1.4 41 29 24 31 95% 304572 28672 69%
c v 45.73  0 30 30  93  1 275518 5716 1.4 41 29 24 31 95% 304572 28672 69%
c w 45.74  0 30 30  93  1 275518 5707 1.4 41 29 24 31 95% 304572 28672 69%
c B 45.84  0 30 30  93  1 276037 5988 1.4 41 29 24 31 95% 304572 28672 69%
c - 48.20  0 31 31 100  1 294987 4384 1.4 42 29 24 31 95% 304572 28672 69%
c p 48.21  0 31 31 100  1 294987 6005 1.4 42 29 24 31 95% 304572 28669 69%
c u 48.25  0 31 31 100  1 294987 5983 1.4 42 29 24 31 95% 304572 28669 69%
c v 48.27  0 31 31 100  1 294987 5961 1.4 42 29 24 31 95% 304572 28669 69%
c w 48.28  0 31 31 100  1 294987 5951 1.4 42 29 24 31 95% 304572 28669 69%
c W 49.63  0 31 31 104  1 300039 8725 1.4 42 29 24 31 95% 304542 28669 69%
c s 50.40  0 31 31 107  1 306696 12128 1.4 42 30 24 31 95% 304526 28669 69%
c e 50.43  0 31 31 107  1 306696 12126 1.4 42 30 24 31 95% 304521 28667 69%
c s 50.45  0 31 31 107  1 306696 12120 1.4 42 30 24 31 95% 304516 28667 69%
c e 50.46  0 31 31 107  1 306696 12119 1.4 42 30 24 31 95% 304511 28665 69%
c - 51.55  0 31 32 108  1 315132 4314 1.4 42 30 24 31 95% 304511 28665 69%
c p 51.55  0 31 32 108  1 315132 5666 1.4 42 30 24 31 95% 304511 28664 69%
c u 51.59  0 31 32 108  1 315132 5616 1.4 42 30 24 31 95% 304511 28664 69%
c v 51.60  0 31 32 108  1 315132 5602 1.4 42 30 24 31 95% 304511 28664 69%
c w 51.61  0 31 32 108  1 315132 5593 1.4 42 30 24 31 95% 304511 28664 69%
c
c  seconds  reductions  conflicts         size    tier2         variables
c         MB     restarts      redundant     glue     trail          remaining
c          level      rate          size/glue  tier1    irredundant
c
c I 52.72  0 32 32 115  1 325040 11085 1.4 43 30 24 31 95% 304511 28664 69%
c - 54.18  0 31 33 121  1 335953 4542 1.4 42 29 24 31 94% 304501 28664 69%
c p 54.20  0 31 33 121  1 335953 6067 1.4 42 29 24 31 94% 304501 28662 69%
c u 54.24  0 31 33 121  1 335953 6052 1.4 42 29 24 31 94% 304501 28662 69%
c v 54.25  0 31 33 121  1 335953 6032 1.4 42 29 24 31 94% 304501 28662 69%
c w 54.25  0 31 33 121  1 335953 6030 1.4 42 29 24 31 94% 304501 28662 69%
c B 56.38  0 31 33 124  1 351042 13591 1.4 41 29 24 31 95% 304501 28662 69%
c - 57.25  0 31 34 124  1 357451 4438 1.4 41 29 24 31 95% 304481 28662 69%
c p 57.26  0 31 34 124  1 357451 6247 1.4 41 29 24 31 95% 304481 28660 69%
c u 57.30  0 31 34 124  1 357451 6206 1.4 41 29 24 31 95% 304481 28660 69%
c v 57.32  0 31 34 124  1 357451 6160 1.4 41 29 24 31 95% 304481 28660 69%
c w 57.33  0 31 34 124  1 357451 6146 1.4 41 29 24 31 95% 304481 28660 69%
c s 59.77  0 31 34 125  1 374881 15117 1.4 41 29 24 31 95% 304476 28660 69%
c e 59.81  0 31 34 125  1 374881 15116 1.4 41 29 24 31 95% 304454 28659 69%
c s 59.83  0 31 34 125  1 374881 15102 1.4 41 29 24 31 95% 304445 28659 69%
c e 59.84  0 31 34 125  1 374881 15102 1.4 41 29 24 31 95% 304439 28657 69%
c W 61.03  0 31 34 125  1 378046 16661 1.4 41 29 24 31 95% 304439 28657 69%
c - 61.30  0 31 35 125  1 379625 4472 1.4 41 29 24 31 95% 304439 28657 69%
c p 61.31  0 31 35 125  1 379625 6194 1.4 41 29 24 31 95% 304439 28656 69%
c u 61.37  0 31 35 125  1 379625 6163 1.4 41 29 24 31 95% 304439 28656 69%
c
c  seconds  reductions  conflicts        size    tier2         variables
c         MB     restarts     redundant     glue     trail          remaining
c          level      rate         size/glue  tier1    irredundant
c
c v 61.38  0 31 35 125  1 379625 6147 1.4 41 29 24 31 95% 304439 28656 69%
c w 61.39  0 31 35 125  1 379625 6139 1.4 41 29 24 31 95% 304439 28656 69%
c - 64.37  0 30 36 126  1 402478 4725 1.4 41 29 24 31 95% 304429 28656 69%
c p 64.38  0 30 36 126  1 402478 6625 1.4 41 29 24 31 95% 304429 28653 69%
c u 64.43  0 30 36 126  1 402478 6608 1.4 41 29 24 31 95% 304429 28653 69%
c v 64.44  0 30 36 126  1 402478 6591 1.4 41 29 24 31 95% 304429 28653 69%
c w 64.45  0 30 36 126  1 402478 6583 1.4 41 29 24 31 95% 304429 28653 69%
c F 64.94  0 30 36 126  1 406048 8346 1.4 41 29 24 31 95% 304429 28653 69%
c - 67.60  0 31 37 126  1 426006 5122 1.4 42 29 24 31 95% 304399 28653 69%
c p 67.61  0 31 37 126  1 426006 6956 1.4 42 29 24 31 95% 304399 28650 69%
c u 67.73  0 31 37 126  1 426006 6929 1.4 42 29 24 31 95% 304399 28650 69%
c v 67.75  0 31 37 126  1 426006 6913 1.4 42 29 24 31 95% 304399 28650 69%
c w 67.76  0 31 37 126  1 426006 6908 1.4 42 29 24 31 95% 304399 28650 69%
c B 69.17  0 31 37 126  1 435049 12099 1.4 42 29 24 31 95% 304399 28650 69%
c s 71.33  0 31 37 126  1 449887 19997 1.4 42 29 24 31 95% 304390 28650 69%
c e 71.37  0 31 37 126  1 449887 19996 1.4 42 29 24 31 95% 304357 28649 69%
c s 71.39  0 31 37 126  1 449887 19980 1.4 42 29 24 31 95% 304352 28649 69%
c e 71.41  0 31 37 126  1 449887 19976 1.4 42 29 24 31 95% 304347 28647 69%
c - 71.49  0 31 38 126  1 450212 5365 1.4 42 29 24 31 95% 304347 28647 69%
c p 71.50  0 31 38 126  1 450212 7103 1.4 42 29 24 31 95% 304347 28646 69%
c
c  seconds  reductions  conflicts        size    tier2         variables
c         MB     restarts     redundant     glue     trail          remaining
c          level      rate         size/glue  tier1    irredundant
c
c v 71.88  0 31 38 126  1 450212 7047 1.4 42 29 24 31 95% 304337 28646 69%
c w 71.89  0 31 38 126  1 450212 7037 1.4 42 29 24 31 95% 304337 28646 69%
c W 74.78  0 31 38 126  1 465053 15168 1.4 42 29 24 31 95% 304337 28646 69%
c - 76.25  0 31 39 133  1 475098 5549 1.4 42 29 24 31 95% 304337 28646 69%
c p 76.27  0 31 39 133  1 475098 7581 1.4 42 29 24 31 95% 304337 28645 69%
c u 76.32  0 31 39 133  1 475098 7565 1.4 42 29 24 31 95% 304337 28645 69%
c v 76.33  0 31 39 133  1 475098 7558 1.4 42 29 24 31 95% 304337 28645 69%
c w 76.34  0 31 39 133  1 475098 7553 1.4 42 29 24 31 95% 304337 28645 69%
c # 78.94  0 31 39 141  1 496054 19116 1.4 43 30 24 31 95% 304337 28645 69%
c - 79.57  0 31 40 143  1 500657 5746 1.4 43 30 24 31 95% 304327 28645 69%
c p 79.58  0 31 40 143  1 500657 7657 1.4 43 30 24 31 95% 304327 28644 69%
c u 79.63  0 31 40 143  1 500657 7632 1.4 43 30 24 31 95% 304327 28644 69%
c v 79.65  0 31 40 143  1 500657 7595 1.4 43 30 24 31 95% 304327 28644 69%
c w 79.66  0 31 40 143  1 500657 7584 1.4 43 30 24 31 95% 304327 28644 69%
c - 82.75  0 32 41 156  1 526895 5872 1.5 44 30 24 31 95% 304317 28644 69%
c p 82.77  0 32 41 156  1 526895 7750 1.5 44 30 24 31 95% 304317 28644 69%
c u 82.82  0 32 41 156  1 526895 7723 1.5 44 30 24 31 95% 304317 28644 69%
c v 82.84  0 32 41 156  1 526895 7673 1.5 44 30 24 31 95% 304317 28644 69%
c w 82.85  0 32 41 156  1 526895 7666 1.5 44 30 24 31 95% 304317 28644 69%
c B 83.02  0 32 41 156  1 528058 8457 1.5 44 30 24 31 95% 304317 28644 69%
c
c  seconds  reductions  conflicts         size    tier2         variables
c         MB     restarts      redundant     glue     trail          remaining
c          level      rate          size/glue  tier1    irredundant
c
c s 83.55  0 32 41 156  1 531710 10403 1.5 44 30 24 31 95% 304311 28644 69%
c e 83.57  0 32 41 156  1 531710 10352 1.5 44 30 24 31 95% 304305 28642 69%
c s 83.59  0 32 41 156  1 531710 10338 1.5 44 30 24 31 95% 304303 28642 69%
c e 83.60  0 32 41 156  1 531710 10334 1.5 44 30 24 31 95% 304295 28639 69%
c - 86.57  0 32 42 162  1 553811 5849 1.4 44 30 24 31 95% 304295 28639 69%
c p 86.59  0 32 42 162  1 553811 7842 1.4 44 30 24 31 95% 304295 28639 69%
c u 86.65  0 32 42 162  1 553811 7797 1.4 44 30 24 31 95% 304295 28639 69%
c v 86.66  0 32 42 162  1 553811 7757 1.4 44 30 24 31 95% 304295 28639 69%
c w 86.67  0 32 42 162  1 553811 7741 1.4 44 30 24 31 95% 304295 28639 69%
c W 88.42  0 32 42 165  1 561060 12052 1.5 44 30 24 31 95% 304295 28639 69%
c - 91.23  0 32 43 172  1 581406 6093 1.4 43 30 24 31 95% 304295 28639 69%
c p 91.25  0 32 43 172  1 581406 8129 1.4 43 30 24 31 95% 304295 28638 69%
c u 91.31  0 32 43 172  1 581406 8101 1.4 43 30 24 31 95% 304295 28638 69%
c v 91.33  0 32 43 172  1 581406 8077 1.4 43 30 24 31 95% 304295 28638 69%
c w 91.34  0 32 43 172  1 581406 8069 1.4 43 30 24 31 95% 304295 28638 69%
c O 93.37  0 32 43 180  1 595061 15798 1.5 44 30 24 31 95% 304295 28638 69%
c - 95.34  0 31 44 187  1 609680 6381 1.4 43 30 24 31 95% 304285 28638 69%
c p 95.36  0 31 44 187  1 609680 8563 1.4 43 30 24 31 95% 304285 28637 69%
c u 95.43  0 31 44 187  1 609680 8538 1.4 43 30 24 31 95% 304285 28637 69%
c v 95.45  0 31 44 187  1 609680 8511 1.4 43 30 24 31 95% 304285 28637 69%
c
c  seconds  reductions  conflicts        size    tier2         variables
c         MB     restarts     redundant     glue     trail          remaining
c          level      rate         size/glue  tier1    irredundant
c
c w 95.46  0 31 44 187  1 609680 8500 1.4 43 30 24 31 95% 304285 28637 69%
c s 96.87  0 31 44 188  1 620357 15400 1.5 43 30 24 31 94% 304279 28637 69%
c s 96.91  0 31 44 188  1 620357 15386 1.5 43 30 24 31 94% 304265 28637 69%
c e 96.93  0 31 44 188  1 620357 15386 1.5 43 30 24 31 94% 304263 28636 69%
c B 98.21  0 31 44 188  1 630065 21377 1.4 43 29 24 31 94% 304263 28636 69%
c - 99.34  0 31 45 189  1 638633 7040 1.4 42 29 24 31 94% 304263 28636 69%
c p 99.36  0 31 45 189  1 638633 9416 1.4 42 29 24 31 94% 304263 28636 69%
c c 99.41  0 31 45 189  1 638633 9416 1.4 42 29 24 31 94% 304265 28636 69%
c d 99.41  0 31 45 189  1 638633 9416 1.4 42 29 24 31 94% 304261 28634 69%
c 2 99.43  0 31 45 189  1 638633 9414 1.4 42 29 24 31 94% 304245 28634 69%
c u 99.47  0 31 45 189  1 638633 9363 1.4 42 29 24 31 94% 304245 28634 69%
c v 99.50  0 31 45 189  1 638633 9350 1.4 42 29 24 31 94% 304245 28634 69%
c w 99.51  0 31 45 189  1 638633 9336 1.4 42 29 24 31 94% 304245 28634 69%
c W 104.06  0 31 45 191  1 666067 24904 1.4 42 29 24 31 94% 304245 28634 69%
c - 104.40  0 31 46 192  1 668265 6795 1.4 42 29 24 31 94% 304245 28634 69%
c p 104.42  0 31 46 192  1 668265 9239 1.4 42 29 24 31 94% 304245 28634 69%
c u 104.48  0 31 46 192  1 668265 9214 1.4 42 29 24 31 94% 304245 28634 69%
c v 104.49  0 31 46 192  1 668265 9200 1.4 42 29 24 31 94% 304245 28634 69%
c w 104.50  0 31 46 192  1 668265 9194 1.4 42 29 24 31 94% 304245 28634 69%
c - 108.66  0 31 47 205  1 698576 6809 1.4 42 29 24 31 94% 304245 28634 69%
c
c  seconds   reductions  conflicts        size    tier2         variables
c          MB     restarts     redundant     glue     trail          remaining
c           level      rate         size/glue  tier1    irredundant
c
c p 108.68  0 31 47 205  1 698576 9131 1.4 42 29 24 31 94% 304245 28634 69%
c u 109.14  0 31 47 205  1 698576 9105 1.4 42 29 24 31 94% 304245 28634 69%
c v 109.16  0 31 47 205  1 698576 9082 1.4 42 29 24 31 94% 304245 28634 69%
c w 109.18  0 31 47 205  1 698576 9066 1.4 42 29 24 31 94% 304245 28634 69%
c I 109.83  0 31 47 208  1 703068 11624 1.4 42 29 24 31 94% 304245 28634 69%
c s 111.73  0 31 47 216  1 715821 17730 1.4 41 29 24 31 94% 304240 28634 69%
c s 111.79  0 31 47 216  1 715821 17702 1.4 41 29 24 31 94% 304240 28634 69%
c - 113.88  0 30 48 219  1 729567 6641 1.4 40 28 24 31 94% 304240 28634 69%
c 2 113.88  0 30 48 219  1 729567 6640 1.4 40 28 24 31 94% 304240 28634 69%
c p 113.89  0 30 48 219  1 729567 8878 1.4 40 28 24 31 94% 304240 28634 69%
c u 113.96  0 30 48 219  1 729567 8842 1.4 40 28 24 31 94% 304240 28634 69%
c v 113.99  0 30 48 219  1 729567 8828 1.4 40 28 24 31 94% 304240 28634 69%
c w 114.00  0 30 48 219  1 729567 8814 1.4 40 28 24 31 94% 304240 28634 69%
c B 115.59  0 30 48 220  1 741069 15189 1.4 40 28 24 31 94% 304240 28634 69%
c - 118.58  0 30 49 228  1 761238 7108 1.4 41 29 24 31 95% 304240 28634 69%
c p 118.60  0 30 49 228  1 761238 9487 1.4 41 29 24 31 95% 304240 28634 69%
c v 118.74  0 30 49 228  1 761238 9394 1.4 41 29 24 31 95% 304240 28634 69%
c w 118.76  0 30 49 228  1 761238 9377 1.4 41 29 24 31 95% 304240 28634 69%
c W 122.42  0 31 49 235  1 780070 18870 1.4 41 29 24 31 95% 304240 28634 69%
c - 124.34  0 31 50 243  1 793590 7043 1.4 42 29 24 31 95% 304240 28634 69%
c
c  seconds   reductions  conflicts        size    tier2         variables
c          MB     restarts     redundant     glue     trail          remaining
c           level      rate         size/glue  tier1    irredundant
c
c p 124.36  0 31 50 243  1 793590 9409 1.4 42 29 24 31 95% 304240 28634 69%
c u 124.43  0 31 50 243  1 793590 9367 1.4 42 29 24 31 95% 304240 28634 69%
c v 124.45  0 31 50 243  1 793590 9328 1.4 42 29 24 31 95% 304240 28634 69%
c w 124.46  0 31 50 243  1 793590 9319 1.4 42 29 24 31 95% 304240 28634 69%
c s 127.89  0 31 50 251  1 818104 23031 1.4 42 29 24 31 95% 304240 28634 69%
c e 127.93  0 31 50 251  1 818104 23031 1.4 42 29 24 31 95% 304238 28633 69%
c s 127.95  0 31 50 251  1 818104 23008 1.4 42 29 24 31 95% 304233 28633 69%
c F 128.29  0 31 50 251  1 820071 24068 1.4 42 29 24 31 95% 304233 28633 69%
c - 129.17  0 31 51 251  1 826622 7465 1.4 42 30 24 31 95% 304233 28633 69%
c p 129.19  0 31 51 251  1 826622 9953 1.4 42 30 24 31 95% 304233 28633 69%
c v 129.28  0 31 51 251  1 826622 9845 1.4 42 30 24 31 95% 304233 28633 69%
c w 129.30  0 31 51 251  1 826622 9834 1.4 42 30 24 31 95% 304233 28633 69%
c - 133.81  0 32 52 252  1 860333 7658 1.4 43 30 24 31 95% 304233 28633 69%
c p 133.83  0 32 52 252  1 860333 10034 1.4 43 30 24 31 95% 304233 28633 69%
c u 133.91  0 32 52 252  1 860333 9992 1.4 43 30 24 31 95% 304233 28633 69%
c v 133.93  0 32 52 252  1 860333 9946 1.4 43 30 24 31 95% 304233 28633 69%
c w 133.94  0 32 52 252  1 860333 9929 1.4 43 30 24 31 95% 304233 28633 69%
c B 134.07  0 32 52 252  1 861074 10370 1.4 43 30 24 31 95% 304233 28633 69%
c - 138.80  0 32 53 253  1 894725 7825 1.5 44 30 24 31 95% 304233 28633 69%
c p 138.82  0 32 53 253  1 894725 10423 1.5 44 30 24 31 95% 304233 28633 69%
c
c  seconds   reductions  conflicts         size    tier2         variables
c          MB     restarts      redundant     glue     trail          remaining
c           level      rate          size/glue  tier1    irredundant
c
c u 138.89  0 32 53 253  1 894725 10398 1.5 44 30 24 31 95% 304233 28633 69%
c v 138.91  0 32 53 253  1 894725 10358 1.5 44 30 24 31 95% 304233 28633 69%
c w 138.92  0 32 53 253  1 894725 10334 1.5 44 30 24 31 95% 304233 28633 69%
c W 141.18  0 32 53 253  1 903078 14801 1.5 44 30 24 31 95% 304233 28633 69%
c s 144.48  0 32 53 253  1 927206 27432 1.5 44 30 24 31 95% 304232 28633 69%
c s 144.54  0 32 53 253  1 927206 27404 1.5 44 30 24 31 95% 304232 28633 69%
c e 144.56  0 32 53 253  1 927206 27404 1.5 44 30 24 31 95% 304230 28632 69%
c - 144.96  0 32 54 253  1 929798 7750 1.5 44 30 24 31 95% 304230 28632 69%
c p 144.98  0 32 54 253  1 929798 10242 1.5 44 30 24 31 95% 304230 28632 69%
c u 145.11  0 32 54 253  1 929798 10180 1.5 44 30 24 31 95% 304230 28632 69%
c v 145.12  0 32 54 253  1 929798 10157 1.5 44 30 24 31 95% 304230 28632 69%
c w 145.13  0 32 54 253  1 929798 10148 1.5 44 30 24 31 95% 304230 28632 69%
c # 147.32  0 32 54 254  1 946080 19205 1.5 44 30 24 31 94% 304230 28632 69%
c - 149.91  0 32 55 254  1 965554 8098 1.5 44 30 24 31 95% 304230 28632 69%
c p 149.92  0 32 55 254  1 965554 10589 1.5 44 30 24 31 95% 304230 28632 69%
c u 149.99  0 32 55 254  1 965554 10562 1.5 44 30 24 31 95% 304230 28632 69%
c v 150.02  0 32 55 254  1 965554 10553 1.5 44 30 24 31 95% 304230 28632 69%
c w 150.04  0 32 55 254  1 965554 10527 1.5 44 30 24 31 95% 304230 28632 69%
c B 153.30  0 32 55 254  1 990084 25125 1.5 46 31 25 31 95% 304230 28632 69%
c - 155.16  0 32 56 254  1 1001988 8835 1.5 46 31 25 31 95% 304230 28632 69%
c
c  seconds   reductions   conflicts         size    tier2         variables
c          MB     restarts       redundant     glue     trail          remaining
c           level      rate           size/glue  tier1    irredundant
c
c p 155.18  0 32 56 254  1 1001988 11469 1.5 46 31 25 31 95% 304230 28632 69%
c u 155.26  0 32 56 254  1 1001988 11416 1.5 46 31 25 31 95% 304230 28632 69%
c v 155.28  0 32 56 254  1 1001988 11395 1.5 46 31 25 31 95% 304230 28632 69%
c w 155.30  0 32 56 254  1 1001988 11374 1.5 46 31 25 31 95% 304230 28632 69%
c W 161.09  0 32 56 254  1 1035087 29726 1.5 45 30 25 31 94% 304230 28632 69%
c - 161.75  0 32 57 254  1 1039106 8735 1.5 45 30 25 31 94% 304230 28632 69%
c p 161.77  0 32 57 254  1 1039106 11874 1.5 45 30 25 31 94% 304230 28632 69%
c u 161.92  0 32 57 254  1 1039106 11833 1.5 45 30 25 31 94% 304230 28632 69%
c v 161.95  0 32 57 254  1 1039106 11798 1.5 45 30 25 31 94% 304230 28632 69%
c w 161.96  0 32 57 254  1 1039106 11778 1.5 45 30 25 31 94% 304230 28632 69%
c s 162.64  0 32 57 254  1 1043130 14180 1.5 45 30 25 31 94% 304226 28632 69%
c s 162.68  0 32 57 254  1 1043130 14162 1.5 45 30 25 31 94% 304226 28632 69%
c - 167.70  0 32 58 263  1 1076903 9194 1.5 45 30 24 31 94% 304226 28632 69%
c p 167.72  0 32 58 263  1 1076903 12296 1.5 45 30 24 31 94% 304226 28632 69%
c u 167.81  0 32 58 263  1 1076903 12229 1.5 45 30 24 31 94% 304226 28632 69%
c v 167.84  0 32 58 263  1 1076903 12186 1.5 45 30 24 31 94% 304226 28632 69%
c w 167.86  0 32 58 263  1 1076903 12155 1.5 45 30 24 31 94% 304226 28632 69%
c O 168.50  0 32 58 266  1 1081091 14468 1.5 45 30 24 31 94% 304226 28632 69%
c - 173.12  0 31 59 282  1 1115383 9296 1.5 44 30 24 31 94% 304226 28632 69%
c p 173.14  0 31 59 282  1 1115383 12458 1.5 44 30 24 31 94% 304226 28632 69%
c
c  seconds   reductions   conflicts         size    tier2         variables
c          MB     restarts       redundant     glue     trail          remaining
c           level      rate           size/glue  tier1    irredundant
c
c u 173.22  0 31 59 282  1 1115383 12402 1.5 44 30 24 31 94% 304226 28632 69%
c v 173.24  0 31 59 282  1 1115383 12372 1.5 44 30 24 31 94% 304226 28632 69%
c w 173.26  0 31 59 282  1 1115383 12346 1.5 44 30 24 31 94% 304226 28632 69%
c B 175.04  0 31 59 284  1 1128092 20080 1.5 44 30 24 31 94% 304226 28632 69%
c - 179.04  0 32 60 291  1 1154542 10617 1.6 47 30 24 31 94% 304226 28632 69%
c p 179.06  0 32 60 291  1 1154542 13753 1.6 47 30 24 31 94% 304226 28632 69%
c v 179.25  0 32 60 291  1 1154542 13643 1.6 47 30 24 31 94% 304226 28632 69%
c w 179.26  0 32 60 291  1 1154542 13619 1.6 47 30 24 31 94% 304226 28632 69%
c s 181.01  0 32 60 298  1 1165870 20135 1.6 47 30 24 31 94% 304226 28632 69%
c e 181.04  0 32 60 298  1 1165870 20134 1.6 47 30 24 31 94% 304224 28631 69%
c s 181.07  0 32 60 298  1 1165870 20098 1.6 47 30 24 31 94% 304223 28631 69%
c W 184.16  0 32 60 300  1 1176094 25229 1.5 46 30 24 31 94% 304223 28631 69%
c - 186.84  0 32 61 310  1 1194384 9541 1.5 45 30 24 31 94% 304223 28631 69%
c p 186.87  0 32 61 310  1 1194384 12836 1.5 45 30 24 31 94% 304223 28631 69%
c u 186.96  0 32 61 310  1 1194384 12734 1.5 45 30 24 31 94% 304223 28631 69%
c v 186.98  0 32 61 310  1 1194384 12658 1.5 45 30 24 31 94% 304223 28631 69%
c w 186.99  0 32 61 310  1 1194384 12639 1.5 45 30 24 31 94% 304223 28631 69%
c I 191.19  0 32 61 316  1 1225098 29475 1.5 45 30 24 31 94% 304223 28631 69%
c - 192.82  0 31 62 317  1 1234906 9612 1.5 44 30 24 31 94% 304223 28631 69%
c p 192.84  0 31 62 317  1 1234906 12737 1.5 44 30 24 31 94% 304223 28631 69%
c
c  seconds   reductions   conflicts         size    tier2         variables
c          MB     restarts       redundant     glue     trail          remaining
c           level      rate           size/glue  tier1    irredundant
c
c u 192.93  0 31 62 317  1 1234906 12705 1.5 44 30 24 31 94% 304223 28631 69%
c v 192.95  0 31 62 317  1 1234906 12647 1.5 44 30 24 31 94% 304223 28631 69%
c w 192.97  0 31 62 317  1 1234906 12633 1.5 44 30 24 31 94% 304223 28631 69%
c B 199.06  0 31 62 324  1 1275099 33593 1.5 43 29 24 31 95% 304223 28631 69%
c - 199.24  0 31 63 325  1 1276110 9505 1.5 43 29 24 31 95% 304223 28631 69%
c p 199.26  0 31 63 325  1 1276110 12757 1.5 43 29 24 31 95% 304223 28631 69%
c u 199.33  0 31 63 325  1 1276110 12746 1.5 43 29 24 31 95% 304223 28631 69%
c v 199.35  0 31 63 325  1 1276110 12695 1.5 43 29 24 31 95% 304223 28631 69%
c w 199.36  0 31 63 325  1 1276110 12683 1.5 43 29 24 31 95% 304223 28631 69%
c s 201.87  0 31 63 332  1 1295434 24203 1.5 44 29 24 31 94% 304223 28631 69%
c s 201.92  0 31 63 332  1 1295434 24162 1.5 44 29 24 31 94% 304223 28631 69%
c e 201.93  0 31 63 332  1 1295434 24162 1.5 44 29 24 31 94% 304221 28630 69%
c - 205.15  0 31 64 346  1 1317996 9950 1.5 43 29 24 31 94% 304221 28630 69%
c p 205.16  0 31 64 346  1 1317996 13085 1.5 43 29 24 31 94% 304221 28630 69%
c u 205.26  0 31 64 346  1 1317996 12972 1.5 43 29 24 31 94% 304221 28630 69%
c v 205.29  0 31 64 346  1 1317996 12936 1.5 43 29 24 31 94% 304221 28630 69%
c w 205.30  0 31 64 346  1 1317996 12920 1.5 43 29 24 31 94% 304221 28630 69%
c W 207.78  0 31 64 347  1 1326101 17211 1.5 43 29 24 31 94% 304221 28630 69%
c - 213.25  0 30 65 358  1 1360567 9467 1.4 42 29 24 31 94% 304221 28630 69%
c p 213.27  0 30 65 358  1 1360567 12760 1.4 42 29 24 31 94% 304221 28630 69%
c
c  seconds   reductions   conflicts         size    tier2         variables
c          MB     restarts       redundant     glue     trail          remaining
c           level      rate           size/glue  tier1    irredundant
c
c u 213.37  0 30 65 358  1 1360567 12737 1.4 42 29 24 31 94% 304221 28630 69%
c v 213.40  0 30 65 358  1 1360567 12692 1.4 42 29 24 31 94% 304221 28630 69%
c w 213.41  0 30 65 358  1 1360567 12670 1.4 42 29 24 31 94% 304221 28630 69%
c F 215.81  0 30 65 363  1 1378105 22750 1.5 42 29 24 31 94% 304221 28630 69%
c - 219.40  0 31 66 377  1 1403816 10100 1.5 42 29 24 31 94% 304221 28630 69%
c p 219.42  0 31 66 377  1 1403816 13689 1.5 42 29 24 31 94% 304221 28630 69%
c u 219.52  0 31 66 377  1 1403816 13612 1.5 42 29 24 31 94% 304221 28630 69%
c v 219.55  0 31 66 377  1 1403816 13594 1.5 42 29 24 31 94% 304221 28630 69%
c w 219.57  0 31 66 377  1 1403816 13568 1.5 42 29 24 31 94% 304221 28630 69%
c B 223.32  0 31 66 380  1 1431106 29750 1.5 43 29 24 31 94% 304221 28630 69%
c s 223.47  0 31 66 380  1 1431817 30169 1.5 43 30 24 31 94% 304221 28630 69%
c s 223.53  0 31 66 380  1 1431817 30142 1.5 43 30 24 31 94% 304221 28630 69%
c - 226.05  0 31 67 380  1 1447748 10509 1.5 43 29 24 31 94% 304221 28630 69%
c 2 226.05  0 31 67 380  1 1447748 10508 1.5 43 29 24 31 94% 304221 28630 69%
c p 226.07  0 31 67 380  1 1447748 13924 1.5 43 29 24 31 94% 304221 28630 69%
c u 226.21  0 31 67 380  1 1447748 13812 1.5 43 29 24 31 94% 304221 28630 69%
c v 226.24  0 31 67 380  1 1447748 13776 1.5 43 29 24 31 94% 304221 28630 69%
c w 226.26  0 31 67 380  1 1447748 13758 1.5 43 29 24 31 94% 304221 28630 69%
c W 233.39  0 31 67 381  1 1485107 33517 1.4 42 29 24 31 94% 304221 28630 69%
c - 234.55  0 31 68 381  1 1492362 10317 1.4 42 29 24 31 94% 304221 28630 69%
c
c  seconds   reductions   conflicts         size    tier2         variables
c          MB     restarts       redundant     glue     trail          remaining
c           level      rate           size/glue  tier1    irredundant
c
c p 234.57  0 31 68 381  1 1492362 13965 1.4 42 29 24 31 94% 304221 28630 69%
c u 235.25  0 31 68 381  1 1492362 13915 1.4 42 29 24 31 94% 304221 28630 69%
c v 235.28  0 31 68 381  1 1492362 13886 1.4 42 29 24 31 94% 304221 28630 69%
c w 235.30  0 31 68 381  1 1492362 13862 1.4 42 29 24 31 94% 304221 28630 69%
c - 241.90  0 30 69 388  1 1537658 10922 1.5 42 29 24 30 94% 304221 28630 69%
c p 241.92  0 30 69 388  1 1537658 14607 1.5 42 29 24 30 94% 304221 28630 69%
c u 242.03  0 30 69 388  1 1537658 14510 1.5 42 29 24 30 94% 304221 28630 69%
c v 242.07  0 30 69 388  1 1537658 14459 1.5 42 29 24 30 94% 304221 28630 69%
c w 242.09  0 30 69 388  1 1537658 14412 1.5 42 29 24 30 94% 304221 28630 69%
c # 242.49  0 30 69 388  1 1540108 15702 1.5 42 29 24 30 94% 304221 28630 69%
c - 248.66  0 30 70 410  1 1583636 10280 1.4 40 29 24 30 94% 304221 28630 69%
c p 248.68  0 30 70 410  1 1583636 13668 1.4 40 29 24 30 94% 304221 28630 69%
c u 248.78  0 30 70 410  1 1583636 13634 1.4 40 29 24 30 94% 304221 28630 69%
c v 248.82  0 30 70 410  1 1583636 13605 1.4 40 29 24 30 94% 304221 28630 69%
c w 248.84  0 30 70 410  1 1583636 13568 1.4 40 29 24 30 94% 304221 28630 69%
c B 250.69  0 30 70 412  1 1596110 20001 1.4 40 29 24 30 94% 304221 28630 69%
c - 255.69  0 30 71 424  1 1630297 10398 1.4 41 29 24 30 94% 304221 28630 69%
c p 255.72  0 30 71 424  1 1630297 14162 1.4 41 29 24 30 94% 304221 28630 69%
c u 255.82  0 30 71 424  1 1630297 14089 1.4 41 29 24 30 94% 304221 28630 69%
c v 255.86  0 30 71 424  1 1630297 14057 1.4 41 29 24 30 94% 304221 28630 69%
c
c  seconds   reductions   conflicts         size    tier2         variables
c          MB     restarts       redundant     glue     trail          remaining
c           level      rate           size/glue  tier1    irredundant
c
c w 255.88  0 30 71 424  1 1630297 14025 1.4 41 29 24 30 94% 304221 28630 69%
c W 260.55  0 30 71 433  1 1653111 26967 1.4 41 29 24 30 94% 304221 28630 69%
c - 264.32  0 31 72 442  1 1677641 10867 1.4 41 29 24 30 94% 304221 28630 69%
c p 264.35  0 31 72 442  1 1677641 14431 1.4 41 29 24 30 94% 304221 28630 69%
c u 264.45  0 31 72 442  1 1677641 14408 1.4 41 29 24 30 94% 304221 28630 69%
c v 264.49  0 31 72 442  1 1677641 14265 1.4 41 29 24 30 94% 304221 28630 69%
c w 264.51  0 31 72 442  1 1677641 14240 1.4 41 29 24 30 94% 304221 28630 69%
c O 269.06  0 30 72 444  1 1711113 32441 1.4 41 29 24 30 94% 304221 28630 69%
c - 271.23  0 30 73 444  1 1725667 11191 1.4 41 29 24 30 94% 304221 28630 69%
c p 271.26  0 30 73 444  1 1725667 14835 1.4 41 29 24 30 94% 304221 28630 69%
c u 271.35  0 30 73 444  1 1725667 14828 1.4 41 29 24 30 94% 304221 28630 69%
c v 271.37  0 30 73 444  1 1725667 14762 1.4 41 29 24 30 94% 304221 28630 69%
c w 271.38  0 30 73 444  1 1725667 14742 1.4 41 29 24 30 94% 304221 28630 69%
c B 278.08  0 30 73 466  1 1770114 41129 1.4 41 28 24 30 94% 304221 28630 69%
c - 278.71  0 30 74 467  1 1774376 12042 1.4 41 28 24 30 94% 304221 28630 69%
c p 278.74  0 30 74 467  1 1774376 15954 1.4 41 28 24 30 94% 304221 28630 69%
c u 278.86  0 30 74 467  1 1774376 15862 1.4 41 28 24 30 94% 304221 28630 69%
c v 278.89  0 30 74 467  1 1774376 15724 1.4 41 28 24 30 94% 304221 28630 69%
c w 278.92  0 30 74 467  1 1774376 15692 1.4 41 28 24 30 94% 304221 28630 69%
c - 286.27  0 30 75 483  1 1823767 11944 1.4 42 29 24 30 94% 304221 28630 69%
c
c  seconds   reductions   conflicts         size    tier2         variables
c          MB     restarts       redundant     glue     trail          remaining
c           level      rate           size/glue  tier1    irredundant
c
c p 286.29  0 30 75 483  1 1823767 16018 1.4 42 29 24 30 94% 304221 28630 69%
c u 286.44  0 30 75 483  1 1823767 15974 1.4 42 29 24 30 94% 304221 28630 69%
c v 286.48  0 30 75 483  1 1823767 15914 1.4 42 29 24 30 94% 304221 28630 69%
c w 286.50  0 30 75 483  1 1823767 15886 1.4 42 29 24 30 94% 304221 28630 69%
c W 289.14  0 30 75 488  1 1830116 19947 1.5 42 29 24 30 94% 304221 28630 69%
c - 295.48  0 30 76 505  1 1873841 12032 1.4 41 28 24 30 94% 304221 28630 69%
c p 295.51  0 30 76 505  1 1873841 15828 1.4 41 28 24 30 94% 304221 28630 69%
c u 295.62  0 30 76 505  1 1873841 15817 1.4 41 28 24 30 94% 304221 28630 69%
c v 295.66  0 30 76 505  1 1873841 15746 1.4 41 28 24 30 94% 304221 28630 69%
c w 295.68  0 30 76 505  1 1873841 15718 1.4 41 28 24 30 94% 304221 28630 69%
c I 298.01  0 30 76 506  1 1891118 25370 1.4 41 28 24 30 94% 304221 28630 69%
c ] 299.70  0 29 76 507  1 1902577 31320 1.4 40 28 24 30 94% 304221 28630 69%
c ? 299.70  0 29 76 507  1 1902577 31320 1.4 40 28 24 30 94% 304221 28630 69%
c
c --- [ result ] -------------------------------------------------------------
c
c writing result to 'search-results/cadical-support70-cover-20260902/anchor-008-p0-s1.result'
c
c --- [ run-time profiling ] -------------------------------------------------
c
c process time taken by individual solving procedures
c (percentage relative to process time for solving)
c
c       286.52   95.62% search
c       268.98   89.77% stable
c        17.51    5.84% walk
c        13.13    4.38% simplify
c         4.69    1.57% vivify
c         2.13    0.71% sweep
c         1.36    0.45% backbone
c         1.00    0.33% congruence
c         0.83    0.28% subsume
c         0.76    0.25% elim
c         0.49    0.16% probe
c         0.31    0.10% ternary
c         0.05    0.02% parse
c         0.02    0.01% lucky
c   =================================
c       299.64   99.98% solve
c
c last line shows process time for solving
c (percentage relative to total process time)
c
c --- [ statistics ] ---------------------------------------------------------
c
c chronological:            189567         9.96 %  of conflicts
c conflicts:               1902577      6349.47    per second
c backbone:              125527028    303520.63 %  of vars
c decisions:               2017927      6734.43    per second
c eliminated:                 2861         6.92 %  of all variables
c fixed:                      9104        22.01 %  of all variables
c learned:                 1876338        98.62 %  per conflict
c learned_lits:          935795953       100.00 %  learned literals
c minimized:                     0         0.00 %  learned literals
c shrunken:              849489675        90.78 %  learned literals
c minishrunken:            6391278         0.68 %  learned literals
c otfs:                        826         0.04 %  of conflict
c propagations:         1640426510         5.47 M  per second
c reduced:                 1015362        53.37 %  per conflict
c rephased:                     61     31189.79    interval
c restarts:                    507      3752.62    interval
c substituted:                 762         1.84 %  of all variables
c subsumed:                 831143        35.17 %  of all clauses
c strengthened:              46971         1.99 %  of all clauses
c ticks:               19134807698        15.30    propagation
c vivified:                   1996         0.08 %  of all clauses
c walked:                       20     95128.85    interval
c weakened:                  13666         2.87    average size
c congruence:                   18    105698.72    interval
c
c seconds are measured in process time for solving
c
c --- [ glue usage ] ---------------------------------------------------------
c
c focused glue 2 used 0 clauses 0.000% accumulated 0.000% tier1
c focused glue 3 used 0 clauses 0.000% accumulated 0.000%
c focused glue 4 used 0 clauses 0.000% accumulated 0.000%
c focused glue 5 used 0 clauses 0.000% accumulated 0.000%
c focused glue 6 used 0 clauses 0.000% accumulated 0.000% tier2
c
c stable glue 24 used 372674 clauses 5.742% accumulated 54.45% tier1
c stable glue 25 used 363684 clauses 5.603% accumulated 60.05%
c stable glue 26-28 used 1048356 clauses 16.15% accumulated 76.20%
c stable glue 29 used 329963 clauses 5.084% accumulated 81.29%
c stable glue 30 used 311801 clauses 4.804% accumulated 86.09% tier2
c
c
c --- [ resources ] ----------------------------------------------------------
c
c total process time since initialization:       299.70    seconds
c total real time since initialization:          300.00    seconds
c maximum resident set size of process:          216.06    MB
c
c --- [ shutting down ] ------------------------------------------------------
c
c exit 0
