c --- [ banner ] -------------------------------------------------------------
c
c CaDiCaL SAT Solver
c Copyright (c) 2016-2026
c A. Biere, M. Fleury, N. Froleyks, K. Fazekas, F. Pollitt, T. Faller
c JKU Linz, University of Freiburg, TU Wien
c
c Version 3.0.1 c60730422e758ef1cebe7aeddf2dda31c996bf04
c Apple clang version 21.0.0 (clang-2100.1.1.101) -Wall -Wextra -O3 -DNDEBUG -DNCLOSEFROM
c Tue Sep 1 21:08:57 PDT 2026 Darwin retained-runner 25.6.0 arm64
c
c --- [ limit ] --------------------------------------------------------------
c
c setting time limit to 300 seconds real time (due to '-t 300')
c
c --- [ proof tracing ] ------------------------------------------------------
c
c opening file to write 'search-results/distance4-binary.drat'
c writing binary proof trace to 'search-results/distance4-binary.drat'
c
c --- [ parsing input ] ------------------------------------------------------
c
c reading DIMACS file from 'build/l9-r1-70-distance4-pattern.cnf'
c opening file to read 'build/l9-r1-70-distance4-pattern.cnf'
c found 'p cnf 36772 360116' header
c parsed 360116 clauses in 0.05 seconds process time
c
c --- [ options ] ------------------------------------------------------------
c
c all options are set to their default value
c
c --- [ solving ] ------------------------------------------------------------
c
c time measured in process time since initialization
c
c  seconds  reduction conflicts       size tier2        variables
c         MB    restarts   redundant    glue  trail          remaining
c          level     rate       size/glu tier1  irredundant
c
c *  0.05  0  0 0   0  0    0    0 0.0 0 0 2 6  0% 360115 36702 100%
c )  0.08  0  0 0   0  0    0    0 0.0 0 0 2 6  0% 360115 36702 100%
c {  0.13  0  0 0   0  0    0    0 0.0 0 0 2 6  0% 360115 36702 100%
c -  0.18  0 232 1   0  2  302   88 1.3 63 48 2 6 98% 360046 36702 100%
c i  0.20  0 218 1   1  2  566  286 1.4 62 44 2 6 98% 360046 36701 100%
c i  0.22  0 194 1   1  2  663  373 1.5 63 42 2 6 98% 360046 36700 100%
c i  0.23  0 186 1   1  2  699  406 1.5 64 42 2 6 98% 360046 36699 100%
c -  0.27  0 148 2   1  2  978  278 1.8 71 40 2 6 98% 360016 36699 100%
c }  0.28  0 146 2   1  2 1001  295 1.8 71 40 2 6 98% 360016 36699 100%
c [  0.28  0  0 2   1  0 1001  295 0.0 0 0 2 6  0% 360016 36699 100%
c O  0.28  0 13 2   1 14 1002  296 1.1 14 13 2 6 99% 360016 36699 100%
c ]  0.35  0 45 2   1  1 1336  341 1.1 48 43 2 6 98% 360016 36699 100%
c {  0.35  0 146 2   1  2 1336  341 1.8 71 40 2 6 98% 360016 36699 100%
c -  0.52  0 91 3   1  2 2193  385 1.7 53 31 2 6 98% 360016 36699 100%
c }  0.58  0 79 3   1  2 2587  597 1.7 46 27 2 6 96% 360016 36699 100%
c [  0.58  0 45 3   1  1 2587  597 1.1 48 43 2 6 98% 360016 36699 100%
c I  0.67  0 35 3   1  2 3003  725 1.1 36 32 2 6 98% 360016 36699 100%
c k  0.74  0 34 3   1  2 3093  749 1.1 35 31 2 6 98% 360016 36698 100%
c =  0.80  0 34 3   1  2 3093  742 1.1 35 31 2 6 98% 359986 36696 100%
c ]  0.98  0 29 3   2  2 3825  885 1.2 31 26 2 6 98% 359986 36696 100%
c
c  seconds  reduction conflicts       size   tier2        variables
c         MB    restarts   redundant     glue   trail          remaining
c          level     rate       size/glue  tier1  irredundant
c
c {  0.98  0 79 3   2  2 3825  885 1.7 46 27 2 6 96% 359986 36696 100%
c -  1.02  0 76 4   2  2 4026  758 1.8 48 26 2 6 96% 359986 36696 100%
c 2  1.26  0 76 4   2  2 5607 2087 8.2 174 21 17 40 95% 359986 36695 100%
c O  1.39  0 77 4  15  2 6005 2307 8.0 170 21 17 40 96% 359976 36695 100%
c i  1.40  0 76 4  15  2 6016 2313 8.0 170 21 17 40 96% 359976 36694 100%
c -  1.52  0 74 5  17  2 6500 2578 7.8 158 20 16 39 95% 359966 36694 100%
c s  1.55  0 74 5  17  2 6590 2518 7.7 156 20 16 39 95% 359966 36694 100%
c e  2.03  0 74 5  17  2 6590  877 7.7 156 20 16 39 95% 358902 36030 98%
c s  2.06  0 74 5  17  2 6590  873 7.7 156 20 16 39 95% 358902 36030 98%
c e  2.12  0 74 5  17  2 6590  872 7.7 156 20 16 39 95% 358898 36028 98%
c i  2.14  0 74 5  17  2 6631  908 7.7 156 20 16 39 95% 358898 36027 98%
c i  2.26  0 67 5  22  2 7828 1482 7.2 128 18 15 38 95% 358898 36013 98%
c 2  2.32  0 68 5  23  2 8210 1795 7.1 124 17 15 38 95% 358898 36011 98%
c i  2.52  0 61 5  23  2 9118 2163 6.8 110 16 11 34 95% 358898 36010 98%
c }  2.52  0 61 5  23  2 9119 2164 6.8 110 16 11 34 95% 358898 36010 98%
c [  2.52  0 29 5  23  2 9119 2164 1.2 31 26 2 6 98% 358898 36010 98%
c -  2.63  0 26 6  24  2 9643 2041 1.2 28 23 2 6 97% 358788 36010 98%
c B  2.68  0 28 6  24  2 10007 2261 1.2 30 24 2 6 97% 358788 36010 98%
c 2  2.84  0 28 6  24  2 10912 2645 1.2 31 25 2 6 97% 358788 36003 98%
c ]  3.41  0 27 6  26  2 12961 3152 1.3 30 24 2 6 96% 358718 36003 98%
c
c  seconds  reductions conflicts        size    tier2         variables
c         MB    restarts    redundant      glue     trail          remaining
c          level     rate        size/glue   tier1    irredundant
c
c {  3.41  0 61 6  26  2 12961 3152 6.8 110 16 11 34 95% 358718 36003 98%
c -  3.53  0 58 7  31  2 13460 3117 6.5 104 16 11 33 95% 358718 36003 98%
c u  3.61  0 57 7  31  2 13696 3262 6.4 103 16 11 33 95% 358718 36001 98%
c v  3.62  0 57 7  31  2 13696 3260 6.4 103 16 11 33 95% 358718 36001 98%
c w  3.62  0 57 7  31  2 13696 3247 6.4 103 16 11 33 95% 358718 36001 98%
c x  3.64  0 57 7  31  2 13696 3247 6.4 103 16 11 33 95% 358716 36001 98%
c i  3.72  0 56 7  31  2 14018 3396 6.3 99 16 11 33 95% 358716 36000 98%
c i  3.74  0 55 7  31  2 14132 3467 6.2 98 16 11 33 95% 358716 35999 98%
c #  3.90  0 52 7  34  2 15008 3879 6.1 92 15 11 33 95% 358716 35999 98%
c -  4.49  0 52 8  82  2 17990 5445 7.4 101 14 11 33 94% 358676 35999 98%
c 2  4.49  0 52 8  82  2 17990 5445 7.4 101 14 11 33 94% 358676 35997 98%
c k  4.53  0 52 8  82  2 17990 5445 7.4 101 14 11 33 94% 358676 35996 98%
c i  4.60  0 52 8  82  2 18314 5733 8.6 117 14 11 33 94% 358676 35995 98%
c i  4.64  0 52 8  85  2 18528 5914 9.3 126 14 11 33 94% 358676 35994 98%
c i  4.65  0 52 8  85  2 18591 5961 9.3 126 13 11 33 94% 358676 35991 98%
c i  4.65  0 52 8  85  2 18613 5981 9.3 126 13 11 33 94% 358676 35990 98%
c i  4.80  0 51 8 132  2 19400 6393 9.1 123 13 11 33 94% 358676 35989 98%
c i  4.81  0 51 8 133  2 19458 6423 9.1 122 13 11 33 94% 358676 35984 98%
c i  4.81  0 52 8 133  2 19556 6506 9.0 121 13 11 33 93% 358676 35972 98%
c i  4.82  0 52 8 133  2 19637 6539 9.0 121 13 11 33 93% 358676 35969 98%
c
c  seconds  reductions conflicts        size    tier2         variables
c         MB    restarts    redundant      glue     trail          remaining
c          level     rate        size/glue   tier1    irredundant
c
c i  4.85  0 52 8 133  2 19823 6628 9.0 119 13 11 33 93% 358676 35968 98%
c s  4.89  0 51 8 133  2 19868 5493 9.0 119 13 11 33 93% 358665 35968 98%
c s  5.02  0 51 8 133  2 19868 5410 9.0 119 13 11 33 93% 358355 35968 98%
c i  5.12  0 52 8 133  2 20118 5632 9.0 118 13 11 33 93% 358355 35964 98%
c }  5.12  0 52 8 133  2 20133 5647 8.9 118 13 11 33 93% 358355 35964 98%
c [  5.12  0 27 8 133  2 20133 5647 1.3 30 24 2 6 96% 358355 35964 98%
c i  5.32  0 27 8 133  2 20809 6047 1.7 40 24 2 6 96% 358355 35963 98%
c W  5.72  0 27 8 134  2 21010 6138 1.7 41 24 2 6 96% 358305 35963 98%
c i  5.82  0 28 8 134  2 21529 6374 1.7 41 25 16 31 96% 358305 35962 98%
c i  5.83  0 28 8 134  2 21623 6426 1.7 41 25 16 31 96% 358305 35961 98%
c i  5.91  0 28 8 134  2 22134 6619 1.6 40 25 16 31 96% 358305 35960 98%
c -  6.09  0 28 9 135  2 23209 6732 1.6 39 25 16 31 96% 358275 35960 98%
c 2  6.09  0 28 9 135  2 23209 6726 1.6 39 25 16 31 96% 358275 35950 98%
c i  6.79  0 26 9 135  2 26315 7731 1.5 35 24 16 31 96% 358175 35949 98%
c i  6.89  0 26 9 135  2 26917 8044 1.5 36 24 16 31 96% 358175 35948 98%
c i  7.04  0 27 9 136  2 27764 8376 1.5 36 24 16 31 96% 358175 35947 98%
c O  7.10  0 27 9 136  2 28012 8463 1.5 36 24 16 31 96% 358175 35947 98%
c ]  7.15  0 27 9 136  2 28184 8513 1.5 35 24 16 31 96% 358175 35947 98%
c {  7.15  0 52 9 136  2 28184 8513 8.9 118 13 11 33 93% 358175 35947 98%
c i  7.17  0 52 9 139  2 28300 8543 8.9 118 13 11 33 93% 358175 35946 98%
c
c  seconds  reductions conflicts        size    tier2         variables
c         MB    restarts    redundant      glue     trail          remaining
c          level     rate        size/glue   tier1    irredundant
c
c i  7.21  0 52 9 151  2 28431 8632 8.8 117 13 11 33 93% 358175 35941 98%
c i  7.22  0 52 9 151  2 28510 8691 8.8 116 13 11 33 93% 358175 35939 98%
c i  7.27  0 52 9 154  2 28744 8807 8.7 115 13 11 33 93% 358175 35936 98%
c i  7.30  0 51 9 154  2 28961 8893 8.7 113 13 11 33 93% 358175 35935 98%
c i  7.31  0 51 9 154  2 28990 8915 8.7 113 13 11 33 93% 358175 35934 98%
c i  7.31  0 51 9 154  2 28994 8916 8.7 113 13 11 33 93% 358175 35933 98%
c i  7.31  0 51 9 154  2 28995 8916 8.7 113 13 11 33 93% 358175 35932 98%
c i  7.31  0 51 9 154  2 28998 8916 8.7 113 13 11 33 93% 358175 35931 98%
c -  7.36  0 51 10 154  2 29127 8540 8.6 112 13 11 33 93% 357985 35931 98%
c p  7.37  0 51 10 154  2 29127 8546 8.6 112 13 11 33 93% 357985 35929 98%
c u  7.46  0 51 10 154  2 29127 8537 8.6 112 13 11 33 93% 357985 35921 98%
c v  7.48  0 51 10 154  2 29127 8534 8.6 112 13 11 33 93% 357985 35921 98%
c w  7.48  0 51 10 154  2 29127 8532 8.6 112 13 11 33 93% 357985 35921 98%
c i  7.50  0 51 10 154  2 29149 8545 8.6 112 13 11 33 93% 357985 35920 98%
c i  7.54  0 50 10 154  2 29359 8641 8.6 110 13 11 33 93% 357985 35919 98%
c i  7.61  0 50 10 171  2 29738 8896 8.6 110 13 11 33 93% 357985 35914 98%
c i  7.83  0 48 10 178  2 30787 9491 8.3 105 13 11 33 93% 357985 35913 98%
c i  7.84  0 48 10 186  2 30879 9528 8.2 105 13 11 33 93% 357985 35912 98%
c i  7.84  0 48 10 186  2 30881 9529 8.2 105 13 11 33 93% 357985 35911 98%
c i  7.84  0 48 10 186  2 30882 9529 8.2 105 13 11 33 93% 357985 35910 98%
c
c  seconds  reductions  conflicts        size    tier2         variables
c         MB     restarts    redundant      glue     trail          remaining
c          level      rate        size/glue   tier1    irredundant
c
c i  7.84  0 48 10 186  2 30884 9530 8.2 105 13 11 33 93% 357985 35909 98%
c i  8.10  0 46 10 219  2 32121 10281 8.5 107 13 11 33 93% 357985 35908 98%
c i  8.13  0 46 10 219  2 32217 10315 8.5 106 13 11 33 93% 357985 35907 98%
c i  8.15  0 46 10 219  2 32346 10394 8.4 106 13 11 33 93% 357985 35906 98%
c i  8.16  0 46 10 219  2 32438 10435 8.4 105 12 11 33 93% 357985 35905 98%
c i  8.25  0 46 10 219  2 33006 10839 8.5 105 12 11 33 93% 357985 35904 98%
c i  8.30  0 46 10 249  2 33294 10979 8.4 104 12 11 33 93% 357985 35903 98%
c i  8.31  0 46 10 249  2 33356 11028 8.4 103 12 11 33 93% 357985 35902 98%
c i  8.31  0 46 10 249  2 33395 11063 8.4 103 12 11 33 93% 357985 35901 98%
c i  8.32  0 46 10 249  2 33411 11071 8.4 103 12 11 33 93% 357985 35900 98%
c i  8.32  0 46 10 249  2 33415 11074 8.4 103 12 11 33 93% 357985 35899 98%
c i  8.38  0 46 10 249  2 33662 11119 8.3 102 12 11 33 93% 357985 35896 98%
c i  8.38  0 46 10 249  2 33683 11131 8.3 102 12 11 33 93% 357985 35895 98%
c i  8.39  0 46 10 256  2 33730 11174 8.3 102 12 11 33 93% 357985 35894 98%
c i  8.39  0 46 10 256  2 33739 11178 8.3 101 12 11 33 93% 357985 35889 98%
c i  8.49  0 45 10 277  2 34143 11399 8.2 101 12 11 33 93% 357985 35888 98%
c i  8.49  0 45 10 277  2 34154 11408 8.2 101 12 11 33 93% 357985 35887 98%
c i  8.49  0 45 10 277  2 34155 11408 8.2 101 12 11 33 93% 357985 35886 98%
c i  8.51  0 45 10 277  2 34303 11469 8.2 100 12 11 33 93% 357985 35885 98%
c i  8.53  0 45 10 285  2 34398 11505 8.2 100 12 11 33 93% 357985 35884 98%
c
c  seconds  reductions  conflicts        size    tier2         variables
c         MB     restarts     redundant     glue     trail          remaining
c          level      rate         size/glue  tier1    irredundant
c
c i  8.58  0 44 10 298  2 34656 11636 8.1 99 12 11 33 93% 357985 35883 98%
c i  8.60  0 44 10 298  2 34691 11666 8.1 99 12 11 33 93% 357985 35882 98%
c i  8.60  0 44 10 298  2 34692 11666 8.1 99 12 11 33 93% 357985 35881 98%
c i  8.60  0 44 10 298  2 34714 11685 8.1 99 12 11 33 93% 357985 35880 98%
c i  8.60  0 44 10 298  2 34716 11686 8.1 99 12 11 33 93% 357985 35879 98%
c i  8.60  0 44 10 298  2 34727 11696 8.1 99 12 11 33 93% 357985 35878 98%
c i  8.61  0 44 10 298  2 34739 11701 8.1 99 12 11 33 93% 357985 35877 98%
c i  8.61  0 44 10 298  2 34741 11702 8.1 99 12 11 33 93% 357985 35876 98%
c i  8.61  0 44 10 298  2 34744 11703 8.1 99 12 11 33 93% 357985 35875 98%
c i  8.61  0 44 10 298  2 34745 11703 8.1 99 12 11 33 93% 357985 35874 98%
c i  8.61  0 44 10 298  2 34746 11703 8.1 99 12 11 33 93% 357985 35873 98%
c i  8.61  0 44 10 298  2 34747 11703 8.1 99 12 11 33 93% 357985 35872 98%
c i  8.61  0 44 10 298  2 34748 11703 8.1 99 12 11 33 93% 357985 35871 98%
c i  8.61  0 44 10 298  2 34749 11703 8.1 99 12 11 33 93% 357985 35870 98%
c i  8.61  0 44 10 298  2 34750 11703 8.1 99 12 11 33 93% 357985 35869 98%
c i  8.61  0 44 10 298  2 34753 11705 8.1 99 12 11 33 93% 357985 35868 98%
c i  8.73  0 44 10 331  2 35274 11993 8.0 98 12 11 33 93% 357985 35867 98%
c i  8.73  0 44 10 331  2 35368 12060 8.0 97 12 11 33 93% 357985 35857 98%
c i  8.73  0 44 10 331  2 35385 12070 8.0 97 12 11 33 93% 357985 35856 98%
c i  8.75  0 43 10 342  2 35461 12101 8.0 97 12 11 33 93% 357985 35855 98%
c
c  seconds  reductions  conflicts        size    tier2         variables
c         MB     restarts     redundant     glue     trail          remaining
c          level      rate         size/glue  tier1    irredundant
c
c i  8.75  0 43 10 343  2 35488 12124 8.0 97 12 11 33 93% 357985 35853 98%
c i  8.79  0 44 10 349  2 35724 12279 7.9 96 12 11 33 93% 357985 35852 97%
c -  8.83  0 44 11 355  2 35757 11235 7.9 96 12 11 33 93% 357195 35852 97%
c 2  8.83  0 44 11 355  2 35757 11235 7.9 96 12 11 33 93% 357195 35851 97%
c p  8.84  0 44 11 355  2 35757 11386 7.9 96 12 11 33 93% 357195 35815 97%
c k  8.86  0 44 11 355  2 35757 11386 7.9 96 12 11 33 93% 357195 35813 97%
c i  8.91  0 43 11 362  2 35879 11426 7.9 96 12 11 33 93% 357195 35810 97%
c i  8.91  0 43 11 362  2 35887 11430 7.9 96 12 11 33 93% 357195 35809 97%
c i  8.93  0 43 11 362  2 35998 11466 7.9 95 12 11 33 93% 357195 35808 97%
c B  8.93  0 43 11 362  2 36014 11479 7.8 95 12 11 33 93% 357195 35808 97%
c i  8.93  0 43 11 362  2 36026 11490 7.8 95 12 11 33 93% 357195 35807 97%
c i  8.94  0 44 11 362  2 36062 11525 7.8 95 12 11 33 93% 357195 35806 97%
c i  8.94  0 44 11 362  2 36075 11536 7.8 95 12 11 33 93% 357195 35804 97%
c i  8.94  0 44 11 362  2 36080 11540 7.8 95 12 11 33 93% 357195 35803 97%
c i  8.96  0 44 11 375  2 36155 11596 7.8 95 12 11 33 93% 357195 35802 97%
c i  8.96  0 44 11 375  2 36158 11598 7.8 95 12 11 33 93% 357195 35801 97%
c i  9.05  0 43 11 375  2 36608 11814 7.8 94 12 11 33 93% 357195 35800 97%
c i  9.05  0 43 11 375  2 36613 11818 7.8 94 12 11 33 93% 357195 35799 97%
c i  9.05  0 43 11 375  2 36671 11864 7.8 94 12 11 33 93% 357195 35798 97%
c i  9.06  0 43 11 375  2 36737 11901 7.8 93 12 11 33 93% 357195 35797 97%
c
c  seconds  reductions  conflicts        size    tier2         variables
c         MB     restarts     redundant     glue     trail          remaining
c          level      rate         size/glue  tier1    irredundant
c
c i  9.07  0 43 11 375  2 36739 11902 7.8 93 12 11 33 93% 357195 35796 97%
c i  9.08  0 43 11 375  2 36871 11991 7.8 93 12 11 33 93% 357195 35793 97%
c i  9.08  0 43 11 375  2 36881 12000 7.8 93 12 11 33 93% 357195 35792 97%
c i  9.08  0 43 11 375  2 36884 12002 7.8 93 12 11 33 93% 357195 35791 97%
c i  9.11  0 43 11 375  2 37028 12056 7.7 93 12 11 33 93% 357195 35790 97%
c i  9.11  0 43 11 375  2 37052 12066 7.7 92 12 11 33 93% 357195 35776 97%
c i  9.11  0 43 11 375  2 37074 12075 7.7 92 12 11 33 93% 357195 35775 97%
c i  9.13  0 42 11 375  2 37226 12151 7.7 92 12 11 33 93% 357195 35774 97%
c i  9.13  0 42 11 375  2 37227 12151 7.7 92 12 11 33 93% 357195 35773 97%
c i  9.13  0 42 11 375  2 37228 12151 7.7 92 12 11 33 93% 357195 35772 97%
c i  9.14  0 42 11 375  2 37245 12164 7.7 92 12 11 33 93% 357195 35771 97%
c i  9.14  0 42 11 375  2 37250 12167 7.7 92 12 11 33 93% 357195 35770 97%
c i  9.14  0 42 11 375  2 37331 12209 7.7 91 12 11 33 93% 357195 35769 97%
c i  9.15  0 42 11 375  2 37346 12202 7.7 91 12 11 33 93% 357195 35768 97%
c i  9.15  0 42 11 375  2 37354 12208 7.7 91 12 11 33 93% 357195 35767 97%
c i  9.15  0 42 11 375  2 37359 12211 7.7 91 12 11 33 93% 357195 35766 97%
c i  9.15  0 42 11 375  2 37370 12218 7.7 91 12 11 33 93% 357195 35765 97%
c i  9.17  0 42 11 375  2 37430 12227 7.7 91 12 11 33 93% 357195 35764 97%
c i  9.30  0 41 11 376  2 37962 12485 7.6 89 12 2 9 93% 357195 35763 97%
c i  9.30  0 41 11 376  2 37965 12486 7.6 89 12 2 9 93% 357195 35762 97%
c
c  seconds  reductions  conflicts        size   tier2        variables
c         MB     restarts     redundant     glue   trail          remaining
c          level      rate         size/glue  tier1  irredundant
c
c }  9.31  0 41 11 376  2 37989 12483 7.6 89 12 2 9 93% 357195 35762 97%
c [  9.31  0 27 11 376  2 37989 12483 1.5 35 24 16 31 96% 357195 35762 97%
c i  9.42  0 26 11 377  2 38457 12757 1.7 39 23 16 31 96% 357195 35761 97%
c i  9.54  0 26 11 377  2 39049 12967 1.6 39 23 16 31 96% 357195 35760 97%
c i  9.55  0 26 11 378  2 39104 13000 1.6 38 23 16 31 96% 357195 35759 97%
c i  9.67  0 26 11 378  2 39651 13207 1.6 38 23 16 31 96% 357195 35758 97%
c s  9.73  0 26 11 378  2 39769 12348 1.6 38 23 16 31 96% 357192 35758 97%
c s  9.83  0 26 11 378  2 39769 12211 1.6 38 23 16 31 96% 356308 35758 97%
c i 10.20  0 26 11 379  2 41267 12568 1.6 37 23 16 31 96% 356308 35757 97%
c i 10.21  0 26 11 379  2 41276 12572 1.6 37 23 16 31 96% 356308 35756 97%
c i 10.72  0 25 11 380  2 43067 12972 1.6 35 22 16 31 96% 356308 35755 97%
c - 10.76  0 25 12 380  2 43099 9274 1.6 35 22 16 31 96% 356278 35755 97%
c 2 10.76  0 25 12 380  2 43099 9252 1.6 35 22 16 31 96% 356278 35742 97%
c p 10.78  0 25 12 380  2 43099 9364 1.6 35 22 16 31 96% 356278 35736 97%
c k 10.82  0 25 12 380  2 43099 9364 1.6 35 22 16 31 96% 356278 35733 97%
c u 10.91  0 25 12 380  2 43099 9346 1.6 35 22 16 31 96% 356278 35719 97%
c v 10.92  0 25 12 380  2 43099 9346 1.6 35 22 16 31 96% 356278 35719 97%
c w 10.93  0 25 12 380  2 43099 9346 1.6 35 22 16 31 96% 356278 35719 97%
c x 10.94  0 25 12 380  2 43099 9346 1.6 35 22 16 31 96% 356272 35719 97%
c i 11.20  0 25 12 381  2 43987 9509 1.6 35 22 16 31 96% 356272 33439 91%
c
c  seconds  reductions  conflicts       size    tier2         variables
c         MB     restarts    redundant     glue     trail          remaining
c          level      rate        size/glue  tier1    irredundant
c
c i 11.36  0 25 12 381  2 44717 9812 1.6 34 22 16 31 96% 356272 33438 91%
c B 11.41  0 24 12 381  2 45016 9877 1.6 34 22 16 31 96% 356272 33438 91%
c i 11.59  0 24 12 382  2 45945 10185 1.6 34 22 16 31 96% 356272 33437 91%
c i 11.60  0 24 12 382  2 45973 10191 1.6 34 22 16 31 96% 356272 33436 91%
c i 11.64  0 24 12 382  2 46224 10301 1.6 34 22 16 31 96% 356272 33435 91%
c i 11.66  0 24 12 382  2 46330 10338 1.6 34 22 16 31 96% 356272 33434 91%
c i 11.87  0 24 12 382  2 47291 10654 1.6 33 21 16 31 96% 356272 33433 91%
c i 11.89  0 24 12 382  2 47353 10682 1.6 33 21 16 31 96% 356272 33432 91%
c ] 11.99  0 24 12 382  2 47695 10754 1.6 33 21 16 31 96% 356272 33432 91%
c { 11.99  0 41 12 382  2 47695 10754 7.6 89 12 2 9 93% 356272 33432 91%
c i 12.02  0 41 12 382  2 47855 10800 7.5 89 12 2 9 93% 356272 33431 91%
c i 12.02  0 41 12 383  2 47878 10812 7.5 89 12 2 9 93% 356272 33430 91%
c i 12.05  0 41 12 383  2 48117 10978 7.5 89 12 2 9 93% 356272 33429 91%
c i 12.06  0 41 12 383  2 48135 10988 7.5 88 12 2 9 93% 356272 33428 91%
c i 12.11  0 40 12 402  2 48495 11101 7.4 87 12 2 9 93% 356272 33427 91%
c i 12.17  0 40 12 403  2 48780 11226 7.4 86 12 2 9 93% 356272 33425 91%
c i 12.18  0 40 12 403  2 48796 11236 7.4 86 12 2 9 93% 356272 33424 91%
c i 12.18  0 40 12 403  2 48807 11245 7.4 86 12 2 9 93% 356272 33423 91%
c i 12.21  0 40 12 403  2 48968 11322 7.4 86 12 2 9 93% 356272 33422 91%
c i 12.24  0 40 12 403  2 49071 11366 7.3 85 12 2 9 93% 356272 33421 91%
c
c  seconds  reductions  conflicts        size   tier2        variables
c         MB     restarts     redundant     glue   trail          remaining
c          level      rate         size/glue  tier1  irredundant
c
c i 12.28  0 40 12 403  2 49159 11393 7.3 85 12 2 9 93% 356272 33420 91%
c i 12.29  0 39 12 403  2 49227 11425 7.3 85 12 2 9 93% 356272 33419 91%
c i 12.29  0 39 12 403  2 49235 11432 7.3 85 12 2 9 93% 356272 33418 91%
c i 12.29  0 39 12 403  2 49252 11433 7.3 85 12 2 9 93% 356272 33417 91%
c i 12.30  0 39 12 403  2 49314 11452 7.3 85 12 2 9 93% 356272 33416 91%
c i 12.34  0 39 12 403  2 49502 11528 7.3 84 12 2 9 93% 356272 33415 91%
c i 12.36  0 39 12 403  2 49565 11551 7.3 84 12 2 9 93% 356272 33414 91%
c i 12.36  0 39 12 403  2 49567 11552 7.3 84 12 2 9 93% 356272 33413 91%
c i 12.37  0 39 12 403  2 49626 11580 7.3 84 12 2 9 93% 356272 33412 91%
c i 12.37  0 39 12 403  2 49648 11585 7.3 84 11 2 9 93% 356272 33410 91%
c i 12.37  0 39 12 403  2 49653 11588 7.3 84 11 2 9 93% 356272 33409 91%
c i 12.40  0 39 12 403  2 49836 11684 7.2 83 11 2 9 93% 356272 33408 91%
c i 12.42  0 39 12 403  2 49975 11741 7.2 83 11 2 9 93% 356272 33407 91%
c i 12.42  0 39 12 403  2 49984 11749 7.2 83 11 2 9 93% 356272 33406 91%
c i 12.42  0 39 12 403  2 49995 11759 7.2 83 11 2 9 93% 356272 33405 91%
c i 12.55  0 38 12 405  2 50639 12147 7.2 81 11 2 9 93% 356272 33404 91%
c i 12.55  0 38 12 405  2 50648 12154 7.2 81 11 2 9 93% 356272 33403 91%
c i 12.57  0 38 12 405  2 50736 12221 7.2 81 11 2 9 93% 356272 31106 85%
c - 12.71  0 38 13 430  2 51157 8441 7.2 81 11 2 9 95% 305220 31106 85%
c 2 12.71  0 38 13 430  2 51157 8441 7.2 81 11 2 9 95% 305220 31099 85%
c
c  seconds  reductions  conflicts       size   tier2        variables
c         MB     restarts    redundant     glue   trail          remaining
c          level      rate        size/glue  tier1  irredundant
c
c p 12.71  0 38 13 430  2 51157 8458 7.2 81 11 2 9 95% 305220 31087 85%
c k 12.72  0 38 13 430  2 51157 8458 7.2 81 11 2 9 95% 305220 31082 85%
c i 12.92  0 37 13 435  2 51303 8463 7.2 81 11 2 9 95% 304980 31081 85%
c i 12.98  0 37 13 441  2 51776 8708 7.1 80 11 2 9 95% 304980 31080 85%
c i 12.99  0 38 13 441  2 51835 8745 7.1 79 11 2 9 95% 304980 31079 85%
c i 12.99  0 38 13 441  2 51839 8747 7.1 79 11 2 9 95% 304980 31078 85%
c i 13.00  0 38 13 441  2 51952 8810 7.1 79 11 2 9 95% 304980 31077 85%
c i 13.14  0 37 13 451  2 52675 9107 7.0 78 11 2 9 94% 304980 31076 85%
c i 13.22  0 37 13 451  2 53168 9331 6.9 77 11 2 9 94% 304980 31075 85%
c i 13.26  0 37 13 451  2 53299 9370 6.9 76 11 2 9 94% 304980 31074 85%
c i 13.28  0 37 13 451  2 53444 9455 6.9 76 11 2 9 94% 304980 31073 85%
c i 13.29  0 36 13 453  2 53567 9543 6.9 76 11 2 9 94% 304980 31072 84%
c i 13.30  0 36 13 453  2 53628 9585 6.9 76 11 2 9 94% 304980 31071 84%
c i 13.43  0 36 13 457  2 54327 9814 6.8 74 11 2 9 94% 304980 31070 84%
c i 13.44  0 36 13 457  2 54341 9814 6.8 74 11 2 9 94% 304980 29673 81%
c i 13.47  0 36 13 464  2 54527 9959 6.7 74 11 2 9 94% 304980 29672 81%
c i 13.47  0 36 13 464  2 54559 9980 6.7 74 11 2 9 94% 304980 29671 81%
c i 13.48  0 36 13 464  2 54611 10006 6.7 74 11 2 9 94% 304980 29670 81%
c i 13.48  0 36 13 464  2 54654 10048 6.7 74 11 2 9 94% 304980 29669 81%
c i 13.48  0 36 13 464  2 54705 10085 6.7 73 11 2 9 94% 304980 29665 81%
c
c  seconds  reductions  conflicts        size   tier2        variables
c         MB     restarts     redundant     glue   trail          remaining
c          level      rate         size/glue  tier1  irredundant
c
c i 13.49  0 36 13 464  2 54719 10097 6.7 73 11 2 9 94% 304980 29664 81%
c i 13.49  0 36 13 464  2 54732 10109 6.7 73 11 2 9 94% 304980 29663 81%
c i 13.49  0 36 13 464  2 54736 10112 6.7 73 11 2 9 94% 304980 29662 81%
c i 13.49  0 36 13 464  2 54762 10134 6.7 73 11 2 9 94% 304980 29661 81%
c i 13.49  0 36 13 464  2 54763 10134 6.7 73 11 2 9 94% 304980 29660 81%
c i 13.49  0 36 13 464  2 54764 10134 6.7 73 11 2 9 94% 304980 29659 81%
c i 13.49  0 36 13 464  2 54767 10136 6.7 73 11 2 9 94% 304980 29658 81%
c i 13.49  0 36 13 464  2 54774 10140 6.7 73 11 2 9 94% 304980 29657 81%
c W 14.56  0 36 13 471  2 55017 9307 6.7 73 11 2 9 94% 290251 29657 81%
c i 14.57  0 36 13 478  2 55082 9329 6.7 73 11 2 9 94% 290251 29656 81%
c i 14.57  0 36 13 478  2 55091 9337 6.7 73 11 2 9 94% 290251 29655 81%
c i 14.69  0 35 13 478  2 55612 9476 6.6 72 11 2 9 94% 290251 29654 81%
c i 14.69  0 35 13 478  2 55619 9481 6.6 72 11 2 9 94% 290251 29653 81%
c i 14.69  0 35 13 479  2 55621 9482 6.6 72 11 2 9 94% 290251 29652 81%
c i 14.69  0 35 13 479  2 55623 9483 6.6 72 11 2 9 94% 290251 29651 81%
c i 14.69  0 35 13 479  2 55625 9483 6.6 72 11 2 9 94% 290251 29650 81%
c i 14.69  0 35 13 479  2 55626 9483 6.6 72 11 2 9 94% 290251 29649 81%
c i 14.69  0 35 13 479  2 55627 9483 6.6 72 11 2 9 94% 290251 29648 81%
c i 14.69  0 35 13 479  2 55628 9483 6.6 72 11 2 9 94% 290251 29647 81%
c i 14.69  0 35 13 479  2 55629 9483 6.6 72 11 2 9 94% 290251 29646 81%
c
c  seconds  reductions  conflicts       size   tier2        variables
c         MB     restarts    redundant     glue   trail          remaining
c          level      rate        size/glue  tier1  irredundant
c
c i 14.69  0 35 13 479  2 55630 9483 6.6 72 11 2 9 94% 290251 29645 81%
c i 14.69  0 35 13 479  2 55631 9483 6.6 72 11 2 9 94% 290251 29644 81%
c i 14.70  0 35 13 479  2 55696 9539 6.7 72 11 2 9 94% 290251 29643 81%
c i 14.70  0 35 13 479  2 55733 9569 6.6 72 11 2 9 94% 290251 29642 81%
c i 14.70  0 35 13 479  2 55749 9582 6.7 72 11 2 9 94% 290251 29640 81%
c i 14.71  0 35 13 479  2 55757 9588 6.6 72 11 2 9 94% 290251 29639 81%
c i 14.79  0 35 13 501  2 56183 9788 6.6 72 11 2 9 94% 290251 29638 81%
c i 14.79  0 35 13 501  2 56207 9809 6.6 71 11 2 9 94% 290251 29637 81%
c i 14.82  0 35 13 510  2 56386 9892 6.6 71 11 2 9 94% 290251 29636 81%
c i 14.82  0 35 13 511  2 56387 9892 6.6 71 11 2 9 94% 290251 29635 81%
c i 14.82  0 35 13 511  2 56395 9895 6.6 71 11 2 9 94% 290251 29634 81%
c i 14.82  0 35 13 512  2 56396 9895 6.6 71 11 2 9 94% 290251 29633 81%
c i 14.82  0 35 13 512  2 56397 9895 6.6 71 11 2 9 94% 290251 29632 81%
c i 14.82  0 35 13 512  2 56398 9895 6.6 71 11 2 9 94% 290251 29631 81%
c i 14.82  0 35 13 514  2 56413 9898 6.6 71 11 2 9 94% 290251 29630 81%
c i 14.83  0 35 13 514  2 56434 9917 6.6 71 11 2 9 94% 290251 29629 81%
c i 14.83  0 35 13 514  2 56461 9922 6.6 71 11 2 9 94% 290251 29628 81%
c i 14.87  0 35 13 531  2 56642 10052 6.6 71 11 2 9 94% 290251 29627 81%
c i 14.94  0 34 13 545  2 57202 10313 6.5 70 11 2 9 94% 290251 29626 81%
c i 14.94  0 34 13 545  2 57206 10310 6.5 70 11 2 9 94% 290251 29625 81%
c
c  seconds  reductions  conflicts        size   tier2        variables
c         MB     restarts     redundant     glue   trail          remaining
c          level      rate         size/glue  tier1  irredundant
c
c i 14.94  0 34 13 545  2 57210 10313 6.5 70 11 2 9 94% 290251 29624 81%
c i 14.95  0 34 13 545  2 57230 10321 6.5 70 11 2 9 94% 290251 29623 81%
c i 14.95  0 34 13 545  2 57252 10328 6.5 70 11 2 9 94% 290251 29622 81%
c i 14.95  0 34 13 545  2 57266 10340 6.5 70 11 2 9 94% 290251 29621 81%
c i 14.95  0 34 13 545  2 57298 10354 6.5 70 11 2 9 94% 290251 29620 81%
c i 14.98  0 34 13 545  2 57436 10423 6.5 70 11 2 9 94% 290251 29616 81%
c i 14.99  0 34 13 545  2 57501 10466 6.5 69 11 2 9 94% 290251 29615 81%
c i 15.00  0 34 13 545  2 57589 10494 6.4 69 11 2 9 94% 290251 29614 81%
c i 15.07  0 34 13 545  2 57942 10639 6.4 69 11 2 9 94% 290251 29613 81%
c i 15.07  0 34 13 545  2 57947 10642 6.4 69 11 2 9 94% 290251 29612 81%
c i 15.07  0 34 13 545  2 57948 10642 6.4 69 11 2 9 94% 290251 29611 81%
c i 15.07  0 34 13 545  2 57963 10648 6.4 69 11 2 9 94% 290251 29610 81%
c i 15.10  0 34 13 545  2 58088 10700 6.4 69 11 2 9 94% 290251 29609 81%
c i 15.10  0 34 13 545  2 58093 10704 6.4 69 11 2 9 94% 290251 29608 81%
c i 15.12  0 34 13 545  2 58280 10818 6.4 68 11 2 9 94% 290251 29607 81%
c i 15.12  0 34 13 545  2 58301 10832 6.4 68 11 2 9 94% 290251 29605 81%
c i 15.12  0 34 13 545  2 58321 10849 6.4 68 11 2 9 94% 290251 29604 81%
c i 15.13  0 34 13 545  2 58394 10881 6.4 68 11 2 9 94% 290251 29603 81%
c i 15.16  0 34 13 549  2 58532 10935 6.4 68 11 2 9 94% 290251 29602 81%
c i 15.17  0 34 13 556  2 58567 10962 6.4 68 11 2 9 94% 290251 29601 80%
c
c  seconds  reductions  conflicts        size   tier2        variables
c         MB     restarts     redundant     glue   trail          remaining
c          level      rate         size/glue  tier1  irredundant
c
c i 15.21  0 33 13 568  2 58754 11041 6.4 68 11 2 9 94% 290251 29600 80%
c i 15.23  0 33 13 572  2 58905 11155 6.3 67 11 2 9 94% 290251 29599 80%
c - 15.37  0 33 14 588  2 59552 10254 6.3 67 11 2 9 94% 289687 29599 80%
c 2 15.37  0 33 14 588  2 59552 10254 6.3 67 11 2 9 94% 289687 29589 80%
c p 15.39  0 33 14 588  2 59552 10296 6.3 67 11 2 9 94% 289687 29579 80%
c k 15.40  0 33 14 588  2 59552 10296 6.3 67 11 2 9 94% 289687 29575 80%
c u 15.44  0 33 14 588  2 59552 10256 6.3 67 11 2 9 94% 289687 29556 80%
c v 15.45  0 33 14 588  2 59552 10251 6.3 67 11 2 9 94% 289687 29556 80%
c w 15.46  0 33 14 588  2 59552 10251 6.3 67 11 2 9 94% 289687 29556 80%
c x 15.48  0 33 14 588  2 59552 10250 6.3 67 11 2 9 94% 289669 29556 80%
c i 15.52  0 33 14 588  2 59734 10351 6.3 66 11 2 9 94% 289669 29553 80%
c i 15.53  0 33 14 588  2 59796 10395 6.3 66 11 2 9 94% 289669 29552 80%
c i 15.53  0 33 14 588  2 59799 10397 6.3 66 11 2 9 94% 289669 29551 80%
c i 15.53  0 33 14 588  2 59816 10401 6.3 66 11 2 9 94% 289669 29550 80%
c i 15.59  0 33 14 589  2 60148 10521 6.2 66 11 2 9 94% 289669 29549 80%
c i 15.62  0 33 14 597  2 60310 10613 6.2 65 11 2 9 94% 289669 29547 80%
c i 15.62  0 33 14 597  2 60313 10615 6.2 65 11 2 9 94% 289669 29546 80%
c i 15.63  0 33 14 597  2 60364 10640 6.2 65 11 2 9 94% 289669 29544 80%
c i 15.69  0 33 14 600  2 60735 10780 6.2 65 11 2 9 94% 289669 29543 80%
c i 15.69  0 33 14 600  2 60750 10791 6.2 65 11 2 9 94% 289669 29540 80%
c
c  seconds  reductions  conflicts        size   tier2        variables
c         MB     restarts     redundant     glue   trail          remaining
c          level      rate         size/glue  tier1  irredundant
c
c i 15.70  0 33 14 600  2 60838 10868 6.2 65 11 2 9 94% 289669 29539 80%
c i 15.71  0 33 14 600  2 60853 10879 6.2 65 11 2 9 94% 289669 29538 80%
c i 15.72  0 33 14 600  2 60932 10930 6.2 65 11 2 9 94% 289669 29537 80%
c i 15.74  0 33 14 600  2 61009 10942 6.1 65 11 2 9 94% 289669 29536 80%
c i 15.74  0 33 14 600  2 61014 10946 6.1 65 11 2 9 94% 289669 29535 80%
c i 15.76  0 33 14 600  2 61114 10982 6.1 64 10 2 9 94% 289669 29534 80%
c i 15.78  0 33 14 600  2 61268 11034 6.1 64 10 2 9 94% 289669 29533 80%
c i 15.79  0 33 14 600  2 61282 11039 6.1 64 10 2 9 94% 289669 29532 80%
c i 15.79  0 33 14 600  2 61285 11041 6.1 64 10 2 9 94% 289669 29531 80%
c i 15.79  0 33 14 600  2 61286 11041 6.1 64 10 2 9 94% 289669 29530 80%
c i 15.79  0 33 14 600  2 61294 11048 6.1 64 10 2 9 94% 289669 29529 80%
c i 15.81  0 33 14 600  2 61401 11080 6.1 64 10 2 9 94% 289669 29527 80%
c i 15.81  0 33 14 600  2 61405 11082 6.1 64 10 2 9 94% 289669 29526 80%
c i 15.81  0 33 14 600  2 61411 11087 6.1 64 10 2 9 94% 289669 29525 80%
c i 15.82  0 33 14 600  2 61574 11185 6.1 64 10 2 9 94% 289669 29524 80%
c i 15.84  0 32 14 601  2 61692 11269 6.1 64 10 2 9 94% 289669 29523 80%
c i 15.85  0 32 14 601  2 61722 11291 6.1 64 10 2 9 94% 289669 29522 80%
c i 15.85  0 32 14 601  2 61734 11298 6.1 64 10 2 9 94% 289669 29521 80%
c i 15.97  0 32 14 610  2 62613 11773 6.0 63 10 2 9 94% 289669 29520 80%
c i 15.98  0 32 14 610  2 62703 11796 6.0 63 10 2 9 94% 289669 29519 80%
c
c  seconds  reductions  conflicts        size   tier2        variables
c         MB     restarts     redundant     glue   trail          remaining
c          level      rate         size/glue  tier1  irredundant
c
c i 15.99  0 32 14 613  2 62735 11811 6.0 63 10 2 9 94% 289669 29518 80%
c i 16.02  0 32 14 625  2 62844 11888 6.0 62 10 2 9 94% 289669 29517 80%
c i 16.02  0 32 14 625  2 62862 11897 6.0 62 10 2 9 94% 289669 29516 80%
c i 16.05  0 32 14 645  2 63054 11997 6.0 63 10 2 9 94% 289669 29515 80%
c i 16.07  0 32 14 657  2 63157 12062 6.0 62 10 2 9 94% 289669 29514 80%
c i 16.09  0 32 14 657  2 63229 12113 6.0 62 10 2 9 94% 289669 29513 80%
c i 16.14  0 32 14 674  2 63603 12377 6.0 62 10 2 9 94% 289669 29512 80%
c } 16.16  0 32 14 677  2 63708 12420 6.0 62 10 2 9 94% 289669 29512 80%
c [ 16.16  0 24 14 677  2 63708 12420 1.6 33 21 16 31 113% 289669 29512 80%
c i 16.27  0 24 14 677  2 64240 12570 1.6 33 21 16 31 112% 289669 29511 80%
c i 16.34  0 23 14 677  2 64600 12635 1.6 33 21 16 31 112% 289669 29510 80%
c i 16.47  0 23 14 677  2 65281 12864 1.6 32 21 16 31 112% 289669 29509 80%
c i 16.47  0 23 14 677  2 65289 12869 1.6 32 21 16 31 112% 289669 29508 80%
c i 16.48  0 23 14 677  2 65329 12871 1.6 32 21 16 31 112% 289669 29507 80%
c i 16.50  0 23 14 677  2 65409 12879 1.6 32 21 16 31 112% 289669 27701 75%
c i 16.54  0 23 14 678  2 65496 11851 1.6 32 21 16 31 96% 269240 27700 75%
c i 16.60  0 23 14 678  2 65964 12052 1.6 32 21 16 31 96% 269240 27699 75%
c i 16.61  0 23 14 678  2 65966 12052 1.6 32 21 16 31 96% 269240 27698 75%
c W 16.82  0 23 14 678  2 66020 12060 1.6 32 21 16 31 97% 269211 27698 75%
c s 16.88  0 23 14 678  2 66304 11513 1.6 32 21 16 31 97% 269200 27698 75%
c
c  seconds  reductions  conflicts        size    tier2         variables
c         MB     restarts     redundant     glue     trail          remaining
c          level      rate         size/glue  tier1    irredundant
c
c e 16.97  0 23 14 678  2 66304 10956 1.6 32 21 16 31 97% 269133 27690 75%
c s 16.98  0 23 14 678  2 66304 10887 1.6 32 21 16 31 97% 269098 27690 75%
c e 16.99  0 23 14 678  2 66304 10866 1.6 32 21 16 31 97% 269024 27681 75%
c i 17.03  0 23 14 678  2 66687 11078 1.6 33 21 16 31 97% 269024 27680 75%
c i 17.10  0 24 14 678  2 67076 11260 1.6 33 21 16 31 97% 269024 27679 75%
c i 17.10  0 24 14 678  2 67095 11265 1.6 33 21 16 31 97% 269024 27678 75%
c - 17.31  0 24 15 678  2 68469 10361 1.5 33 21 16 31 96% 268994 27678 75%
c 2 17.31  0 24 15 678  2 68469 10341 1.5 33 21 16 31 96% 268994 27669 75%
c p 17.31  0 24 15 678  2 68469 10378 1.5 33 21 16 31 96% 268994 27654 75%
c k 17.33  0 24 15 678  2 68469 10378 1.5 33 21 16 31 96% 268994 27634 75%
c u 17.35  0 24 15 678  2 68469 10371 1.5 33 21 16 31 96% 268994 27630 75%
c v 17.36  0 24 15 678  2 68469 10371 1.5 33 21 16 31 96% 268994 27630 75%
c w 17.36  0 24 15 678  2 68469 10369 1.5 33 21 16 31 96% 268994 27630 75%
c x 17.38  0 24 15 678  2 68469 10369 1.5 33 21 16 31 96% 268990 27630 75%
c i 17.80  0 24 15 678  2 70886 11377 1.5 33 21 2 20 96% 268990 27629 75%
c i 17.82  0 24 15 678  2 71037 11467 1.5 33 22 2 20 96% 268990 27628 75%
c i 17.83  0 24 15 678  2 71132 11509 1.5 33 22 2 20 96% 268990 27627 75%
c i 18.01  0 24 15 678  2 72144 11843 1.5 33 22 2 20 96% 268990 27626 75%
c i 18.11  0 24 15 678  2 72698 11995 1.5 33 21 2 20 96% 268990 27625 75%
c i 18.54  0 24 15 680  2 75247 12739 1.5 32 21 2 20 96% 268990 27624 75%
c
c  seconds  reductions  conflicts        size   tier2         variables
c         MB     restarts     redundant     glue    trail          remaining
c          level      rate         size/glue  tier1   irredundant
c
c i 18.66  0 24 15 680  2 75888 12935 1.5 32 21 2 20 96% 268990 27623 75%
c i 18.76  0 24 15 681  2 76500 13147 1.5 32 21 2 20 96% 268990 27622 75%
c i 18.77  0 24 15 681  2 76518 13155 1.5 32 21 2 20 96% 268990 27621 75%
c - 19.01  0 23 16 681  2 77829 10952 1.5 32 21 2 20 96% 268439 27621 75%
c 2 19.01  0 23 16 681  2 77829 10952 1.5 32 21 2 20 96% 268439 27619 75%
c p 19.02  0 23 16 681  2 77829 11034 1.5 32 21 2 20 96% 268439 27613 75%
c k 19.03  0 23 16 681  2 77829 11034 1.5 32 21 2 20 96% 268439 27599 75%
c u 19.05  0 23 16 681  2 77829 11031 1.5 32 21 2 20 96% 268439 27598 75%
c v 19.06  0 23 16 681  2 77829 11030 1.5 32 21 2 20 96% 268439 27598 75%
c w 19.06  0 23 16 681  2 77829 11030 1.5 32 21 2 20 96% 268439 27598 75%
c x 19.07  0 23 16 681  2 77829 11030 1.5 32 21 2 20 96% 268432 27598 75%
c I 19.13  0 23 16 682  2 78025 11083 1.5 32 21 2 20 96% 268432 27598 75%
c i 19.13  0 23 16 682  2 78029 11086 1.5 32 21 2 20 96% 268432 27597 75%
c i 19.15  0 23 16 682  2 78147 11134 1.5 32 21 2 20 96% 268432 27596 75%
c i 19.45  0 23 16 683  2 79919 11872 1.5 32 21 2 20 96% 268432 27595 75%
c i 19.60  0 23 16 684  2 80602 12024 1.5 32 21 2 20 96% 268432 25343 69%
c i 19.60  0 23 16 684  2 80603 12024 1.5 32 21 2 20 96% 268432 25342 69%
c i 19.60  0 23 16 684  2 80604 12024 1.5 32 21 2 20 96% 268432 25341 69%
c i 19.60  0 23 16 684  2 80605 12024 1.5 32 21 2 20 96% 268432 25340 69%
c i 19.60  0 23 16 684  2 80606 12024 1.5 32 21 2 20 96% 268432 25339 69%
c
c  seconds  reductions  conflicts        size   tier2         variables
c         MB     restarts     redundant     glue    trail          remaining
c          level      rate         size/glue  tier1   irredundant
c
c i 19.60  0 23 16 684  2 80607 12024 1.5 32 21 2 20 96% 268432 25338 69%
c i 19.60  0 23 16 684  2 80609 12025 1.5 32 21 2 20 96% 268432 25337 69%
c i 19.60  0 23 16 684  2 80610 12025 1.5 32 21 2 20 96% 268432 25336 69%
c i 19.60  0 23 16 684  2 80611 12025 1.5 32 21 2 20 96% 268432 25335 69%
c i 19.60  0 23 16 684  2 80612 12025 1.5 32 21 2 20 96% 268432 25334 69%
c i 19.60  0 23 16 684  2 80615 12027 1.5 32 21 2 20 96% 268432 25333 69%
c i 19.60  0 23 16 684  2 80616 12027 1.5 32 21 2 20 96% 268432 25332 69%
c i 19.60  0 23 16 684  2 80617 12027 1.5 32 21 2 20 96% 268432 25331 69%
c i 19.60  0 23 16 684  2 80618 12027 1.5 32 21 2 20 96% 268432 25330 69%
c i 19.60  0 23 16 684  2 80620 12028 1.5 32 21 2 20 96% 268432 25323 69%
c i 19.60  0 23 16 684  2 80622 12029 1.5 32 21 2 20 96% 268432 25322 69%
c i 19.60  0 23 16 684  2 80623 12029 1.5 32 21 2 20 96% 268432 25321 69%
c i 19.60  0 23 16 684  2 80624 12029 1.5 32 21 2 20 96% 268432 25320 69%
c i 19.60  0 23 16 684  2 80625 12029 1.5 32 21 2 20 96% 268432 25319 69%
c i 19.60  0 23 16 684  2 80626 12029 1.5 32 21 2 20 96% 268432 25318 69%
c i 19.60  0 23 16 684  2 80628 12030 1.5 32 21 2 20 96% 268432 25317 69%
c i 19.60  0 23 16 684  2 80629 12030 1.5 32 21 2 20 96% 268432 25316 69%
c i 19.60  0 23 16 684  2 80630 12030 1.5 32 21 2 20 96% 268432 25315 69%
c i 19.60  0 23 16 684  2 80631 12030 1.5 32 21 2 20 96% 268432 25314 69%
c i 19.61  0 23 16 684  2 80637 12034 1.5 32 21 2 20 96% 268432 25313 69%
c
c  seconds  reductions  conflicts        size   tier2         variables
c         MB     restarts     redundant     glue    trail          remaining
c          level      rate         size/glue  tier1   irredundant
c
c i 19.61  0 23 16 684  2 80645 12041 1.5 32 21 2 20 96% 268432 25312 69%
c i 19.61  0 23 16 684  2 80647 12042 1.5 32 21 2 20 96% 268432 25311 69%
c i 19.61  0 23 16 684  2 80651 12041 1.5 32 21 2 20 96% 268432 25310 69%
c i 19.62  0 23 16 684  2 80705 12062 1.5 32 21 2 20 96% 268432 25309 69%
c i 19.63  0 23 16 684  2 80744 12074 1.5 32 21 2 20 96% 268432 25308 69%
c i 19.63  0 23 16 684  2 80746 12075 1.5 32 21 2 20 96% 268432 25307 69%
c i 19.63  0 23 16 684  2 80753 12081 1.5 32 21 2 20 96% 268432 25306 69%
c i 19.64  0 23 16 684  2 80813 12102 1.5 32 21 2 20 96% 268432 25305 69%
c i 19.68  0 23 16 684  2 81022 12180 1.5 32 21 2 20 96% 268432 25304 69%
c i 19.68  0 23 16 684  2 81023 12180 1.5 32 21 2 20 96% 268432 25303 69%
c ] 19.74  0 23 16 684  2 81454 12389 1.5 32 21 2 20 96% 268432 25303 69%
c { 19.74  0 32 16 684  2 81454 12389 6.0 62 10 2 9 105% 268432 25303 69%
c i 19.79  0 32 16 697  2 81714 12533 6.0 62 10 2 9 105% 268432 25302 69%
c i 19.85  0 31 16 699  2 82106 12688 6.0 62 10 2 9 105% 268432 25301 69%
c i 19.86  0 31 16 699  2 82124 12700 6.0 61 10 2 9 105% 268432 25300 69%
c i 19.86  0 31 16 699  2 82190 12744 6.0 61 10 2 9 105% 268432 25299 69%
c i 19.86  0 31 16 699  2 82191 12744 6.0 61 10 2 9 105% 268432 25298 69%
c i 19.87  0 31 16 699  2 82201 12753 6.0 61 10 2 9 105% 268432 25297 69%
c i 19.87  0 31 16 699  2 82211 12760 6.0 61 10 2 9 105% 268432 25296 69%
c i 19.87  0 31 16 699  2 82235 12773 5.9 61 10 2 9 104% 268432 25295 69%
c
c  seconds  reductions  conflicts        size   tier2         variables
c         MB     restarts     redundant     glue   trail           remaining
c          level      rate         size/glue  tier1   irredundant
c
c i 19.90  0 31 16 699  2 82460 12903 5.9 61 10 2 9 104% 268432 25294 69%
c i 19.91  0 31 16 699  2 82539 12963 5.9 61 10 2 9 104% 268432 25293 69%
c i 19.91  0 31 16 699  2 82541 12964 5.9 61 10 2 9 104% 268432 25292 69%
c i 19.91  0 31 16 699  2 82544 12966 5.9 61 10 2 9 104% 268432 25291 69%
c i 19.91  0 31 16 699  2 82564 12966 5.9 61 10 2 9 104% 268432 23931 65%
c i 19.96  0 31 16 725  2 82687 10364 5.9 61 10 2 9 95% 228799 23930 65%
c i 20.00  0 31 16 730  2 82921 10473 5.9 61 10 2 9 95% 228799 23929 65%
c i 20.01  0 31 16 730  2 83024 10520 5.9 60 10 2 9 94% 228799 23928 65%
c i 20.01  0 31 16 730  2 83025 10520 5.9 60 10 2 9 94% 228799 23927 65%
c i 20.01  0 31 16 730  2 83026 10520 5.9 60 10 2 9 94% 228799 23926 65%
c i 20.04  0 31 16 738  2 83211 10611 5.9 60 10 2 9 94% 228799 23925 65%
c i 20.05  0 31 16 741  2 83363 10675 5.9 60 10 2 9 94% 228799 23924 65%
c i 20.05  0 31 16 741  2 83371 10681 5.9 60 10 2 9 94% 228799 23923 65%
c i 20.05  0 31 16 741  2 83372 10681 5.9 60 10 2 9 94% 228799 23922 65%
c i 20.06  0 31 16 741  2 83396 10700 5.9 60 10 2 9 93% 228799 23918 65%
c i 20.06  0 31 16 741  2 83412 10703 5.9 60 10 2 9 93% 228799 23917 65%
c i 20.06  0 31 16 741  2 83423 10712 5.8 60 10 2 9 93% 228799 23916 65%
c i 20.06  0 31 16 741  2 83427 10715 5.8 60 10 2 9 93% 228799 23915 65%
c i 20.06  0 31 16 741  2 83445 10728 5.8 60 10 2 9 93% 228799 23914 65%
c i 20.06  0 31 16 741  2 83457 10736 5.8 60 10 2 9 92% 228799 23913 65%
c
c  seconds  reductions  conflicts        size   tier2        variables
c         MB     restarts     redundant     glue   trail          remaining
c          level      rate         size/glue  tier1  irredundant
c
c i 20.06  0 31 16 741  2 83458 10736 5.8 60 10 2 9 92% 228799 23912 65%
c i 20.06  0 31 16 741  2 83459 10736 5.8 60 10 2 9 92% 228799 23911 65%
c i 20.06  0 31 16 741  2 83463 10738 5.8 60 10 2 9 92% 228799 23910 65%
c i 20.06  0 31 16 741  2 83464 10738 5.8 60 10 2 9 92% 228799 23909 65%
c i 20.08  0 31 16 743  2 83556 10783 5.8 60 10 2 9 92% 228799 23908 65%
c i 20.08  0 31 16 743  2 83565 10787 5.8 60 10 2 9 92% 228799 23906 65%
c i 20.08  0 31 16 743  2 83566 10787 5.8 60 10 2 9 92% 228799 23905 65%
c i 20.08  0 31 16 743  2 83567 10787 5.8 60 10 2 9 92% 228799 23904 65%
c i 20.08  0 31 16 743  2 83568 10787 5.8 60 10 2 9 92% 228799 23903 65%
c i 20.08  0 31 16 743  2 83569 10787 5.8 60 10 2 9 92% 228799 23902 65%
c i 20.09  0 31 16 743  2 83651 10823 5.8 60 10 2 9 92% 228799 23901 65%
c i 20.12  0 31 16 743  2 83830 10882 5.8 59 10 2 9 92% 228799 23900 65%
c i 20.12  0 31 16 743  2 83887 10904 5.8 59 10 2 9 92% 228799 23899 65%
c i 20.14  0 30 16 743  2 84038 10955 5.8 59 10 2 9 92% 228799 23898 65%
c i 20.14  0 30 16 743  2 84055 10967 5.8 59 10 2 9 92% 228799 23897 65%
c i 20.14  0 30 16 743  2 84059 10967 5.8 59 10 2 9 92% 228799 23896 65%
c i 20.15  0 30 16 743  2 84075 10971 5.8 59 10 2 9 92% 228799 23895 65%
c i 20.18  0 30 16 752  2 84314 11121 5.8 59 10 2 9 92% 228799 23894 65%
c i 20.21  0 30 16 752  2 84446 11231 5.8 59 10 2 9 92% 228799 23893 65%
c i 20.25  0 30 16 755  2 84698 11381 5.9 59 10 2 9 92% 228799 23892 65%
c
c  seconds  reductions  conflicts        size   tier2        variables
c         MB     restarts     redundant     glue   trail          remaining
c          level      rate         size/glue  tier1  irredundant
c
c i 20.26  0 30 16 757  2 84745 11395 5.9 59 10 2 9 92% 228799 23891 65%
c i 20.28  0 30 16 757  2 84877 11432 5.8 59 10 2 9 92% 228799 22360 61%
c i 20.29  0 30 16 757  2 84915 11458 5.8 59 10 2 9 92% 228799 22359 61%
c i 20.31  0 30 16 757  2 85020 11503 5.8 59 10 2 9 92% 228799 22358 61%
c i 20.31  0 30 16 757  2 85034 11508 5.8 59 10 2 9 92% 228799 22357 61%
c i 20.31  0 30 16 757  2 85045 11518 5.8 59 10 2 9 92% 228799 22356 61%
c i 20.32  0 30 16 757  2 85111 11549 5.8 59 10 2 9 92% 228799 22355 61%
c i 20.32  0 30 16 757  2 85140 11574 5.8 59 10 2 9 92% 228799 22354 61%
c i 20.32  0 30 16 757  2 85152 11582 5.8 59 10 2 9 92% 228799 22353 61%
c i 20.33  0 30 16 757  2 85268 11612 5.8 59 10 2 9 92% 228799 20335 55%
c i 20.33  0 30 16 757  2 85274 11617 5.8 59 10 2 9 92% 228799 20334 55%
c i 20.34  0 30 16 757  2 85321 11658 5.8 59 10 2 9 92% 228799 20333 55%
c i 20.34  0 30 16 757  2 85388 11705 5.8 59 10 2 9 92% 228799 20332 55%
c i 20.34  0 30 16 757  2 85389 11705 5.8 59 10 2 9 92% 228799 20331 55%
c i 20.34  0 30 16 757  2 85404 11717 5.8 59 10 2 9 92% 228799 20330 55%
c i 20.35  0 30 16 757  2 85412 11724 5.8 59 10 2 9 92% 228799 20329 55%
c i 20.35  0 30 16 757  2 85414 11725 5.8 59 10 2 9 92% 228799 20328 55%
c i 20.35  0 30 16 757  2 85431 11738 5.8 59 10 2 9 92% 228799 20326 55%
c i 20.35  0 30 16 757  2 85454 11752 5.8 59 10 2 9 92% 228799 20325 55%
c i 20.35  0 30 16 757  2 85464 11761 5.8 59 10 2 9 92% 228799 20324 55%
c
c  seconds  reductions  conflicts        size   tier2        variables
c         MB     restarts     redundant     glue   trail          remaining
c          level      rate         size/glue  tier1  irredundant
c
c i 20.36  0 30 16 757  2 85473 11768 5.8 59 10 2 9 92% 228799 20323 55%
c i 20.36  0 30 16 757  2 85513 11799 5.8 58 10 2 9 91% 228799 20322 55%
c i 20.39  0 30 16 757  2 85715 11929 5.8 59 10 2 9 91% 228799 20321 55%
c i 20.40  0 30 16 757  2 85718 11931 5.8 59 10 2 9 91% 228799 20320 55%
c i 20.40  0 30 16 757  2 85719 11931 5.8 59 10 2 9 91% 228799 20319 55%
c i 20.40  0 30 16 757  2 85728 11933 5.8 59 10 2 9 91% 228799 20318 55%
c i 20.40  0 30 16 757  2 85730 11934 5.8 59 10 2 9 91% 228799 20317 55%
c i 20.40  0 30 16 757  2 85735 11933 5.8 59 10 2 9 91% 228799 20316 55%
c i 20.40  0 30 16 757  2 85736 11933 5.8 59 10 2 9 91% 228799 20315 55%
c i 20.41  0 30 16 757  2 85796 11988 5.9 59 10 2 9 91% 228799 20314 55%
c i 20.42  0 30 16 757  2 85884 12063 5.9 59 10 2 9 91% 228799 20313 55%
c i 20.45  0 30 16 757  2 86110 12245 5.9 59 10 2 9 91% 228799 20312 55%
c i 20.45  0 30 16 757  2 86122 12251 5.9 59 10 2 9 91% 228799 20311 55%
c i 20.46  0 30 16 757  2 86150 12268 5.9 59 10 2 9 91% 228799 20280 55%
c i 20.46  0 30 16 757  2 86152 12269 5.9 59 10 2 9 91% 228799 20279 55%
c i 20.49  0 30 16 757  2 86367 12380 5.9 59 10 2 9 91% 228799 20278 55%
c i 20.52  0 30 16 757  2 86538 12446 5.9 59 10 2 9 92% 228799 20277 55%
c i 20.52  0 30 16 757  2 86557 12460 5.9 59 10 2 9 92% 228799 20276 55%
c i 20.55  0 29 16 764  2 86733 12550 5.9 59 10 2 9 92% 228799 20275 55%
c i 20.55  0 29 16 764  2 86740 12555 5.9 59 10 2 9 92% 228799 20274 55%
c
c  seconds  reductions  conflicts        size   tier2        variables
c         MB     restarts     redundant     glue   trail          remaining
c          level      rate         size/glue  tier1  irredundant
c
c i 20.55  0 29 16 764  2 86741 12555 5.9 59 10 2 9 92% 228799 20273 55%
c i 20.58  0 29 16 764  2 86866 12608 5.9 58 10 2 9 92% 228799 20272 55%
c i 20.59  0 29 16 764  2 86954 12664 5.9 58 10 2 9 92% 228799 20271 55%
c i 20.65  0 29 16 764  2 87232 12755 5.9 58 10 2 9 92% 228799 20270 55%
c i 20.65  0 29 16 764  2 87234 12756 5.9 58 10 2 9 92% 228799 20269 55%
c i 20.65  0 29 16 764  2 87238 12759 5.9 58 10 2 9 92% 228799 20268 55%
c i 20.65  0 29 16 764  2 87277 12789 5.9 58 10 2 9 92% 228799 20267 55%
c i 20.65  0 29 16 764  2 87290 12797 5.9 58 10 2 9 92% 228799 20266 55%
c i 20.65  0 29 16 764  2 87311 12814 5.9 58 10 2 9 92% 228799 20265 55%
c i 20.65  0 29 16 764  2 87313 12813 5.9 58 10 2 9 92% 228799 20264 55%
c i 20.65  0 29 16 764  2 87314 12813 5.9 58 10 2 9 92% 228799 20263 55%
c i 20.65  0 29 16 764  2 87316 12801 5.9 58 10 2 9 92% 228799 20262 55%
c i 20.66  0 29 16 764  2 87342 12810 5.9 58 10 2 9 92% 228799 20261 55%
c i 20.69  0 29 16 764  2 87644 12970 5.8 58 10 2 9 92% 228799 20260 55%
c i 20.70  0 29 16 764  2 87683 12988 5.8 58 10 2 9 92% 228799 20259 55%
c - 20.73  0 29 17 764  2 87797 10262 5.8 58 10 2 9 92% 189114 20259 55%
c 2 20.73  0 29 17 764  2 87797 10262 5.8 58 10 2 9 92% 189114 20255 55%
c p 20.74  0 29 17 764  2 87797 10389 5.8 58 10 2 9 92% 189114 20236 55%
c k 20.77  0 29 17 764  2 87797 10389 5.8 58 10 2 9 92% 189114 20128 55%
c u 20.81  0 29 17 764  2 87797 10364 5.8 58 10 2 9 92% 189114 20110 55%
c
c  seconds  reductions  conflicts        size   tier2        variables
c         MB     restarts     redundant     glue   trail          remaining
c          level      rate         size/glue  tier1  irredundant
c
c v 20.81  0 29 17 764  2 87797 10343 5.8 58 10 2 9 92% 189114 20110 55%
c w 20.82  0 29 17 764  2 87797 10340 5.8 58 10 2 9 92% 189114 20110 55%
c x 20.83  0 29 17 764  2 87797 10340 5.8 58 10 2 9 92% 189106 20110 55%
c i 20.86  0 29 17 764  2 87884 10401 5.8 58 10 2 9 92% 189106 20109 55%
c i 20.88  0 29 17 764  2 88014 10455 5.8 58 10 2 9 92% 189106 19099 52%
c i 20.89  0 29 17 764  2 88047 10469 5.8 58 10 2 9 92% 189106 19098 52%
c i 20.96  0 29 17 770  2 88655 10805 5.8 57 10 2 9 92% 189106 19097 52%
c i 20.96  0 29 17 770  2 88656 10805 5.8 57 10 2 9 92% 189106 19096 52%
c i 20.96  0 29 17 770  2 88657 10805 5.8 57 10 2 9 92% 189106 19095 52%
c i 20.96  0 29 17 770  2 88658 10805 5.8 57 10 2 9 92% 189106 19094 52%
c i 20.97  0 29 17 770  2 88659 10805 5.8 57 10 2 9 92% 189106 19093 52%
c i 20.97  0 29 17 770  2 88661 10806 5.8 57 10 2 9 92% 189106 19092 52%
c i 20.97  0 29 17 770  2 88662 10806 5.8 57 10 2 9 92% 189106 19091 52%
c i 20.97  0 29 17 770  2 88674 10815 5.8 57 10 2 9 92% 189106 19090 52%
c i 21.00  0 28 17 783  2 88965 11004 5.8 57 10 2 9 93% 189106 19089 52%
c i 21.00  0 28 17 783  2 88966 11004 5.8 57 10 2 9 93% 189106 19088 52%
c i 21.02  0 28 17 783  2 89117 11058 5.8 57 10 2 9 93% 189106 19087 52%
c i 21.04  0 28 17 783  2 89294 11108 5.8 56 10 2 9 93% 189106 19086 52%
c i 21.04  0 28 17 783  2 89299 11112 5.8 56 10 2 9 93% 189106 19085 52%
c i 21.04  0 28 17 783  2 89302 11114 5.8 56 10 2 9 93% 189106 19084 52%
c
c  seconds  reductions  conflicts        size   tier2        variables
c         MB     restarts     redundant     glue   trail          remaining
c          level      rate         size/glue  tier1  irredundant
c
c i 21.06  0 28 17 783  2 89471 11253 5.8 56 10 2 9 93% 189106 19083 52%
c i 21.06  0 28 17 783  2 89474 11255 5.8 56 10 2 9 93% 189106 19082 52%
c i 21.06  0 28 17 783  2 89476 11256 5.8 56 10 2 9 93% 189106 19081 52%
c i 21.07  0 28 17 783  2 89491 11268 5.8 56 10 2 9 93% 189106 19080 52%
c i 21.08  0 28 17 783  2 89558 11284 5.7 56 10 2 9 93% 189106 10935 30%
c i 21.08  0 28 17 783  2 89563 11285 5.7 56 10 2 9 93% 189106 10546 29%
c i 21.08  0 28 17 783  2 89567 11288 5.7 56 10 2 9 93% 189106 9863 27%
c i 21.08  0 28 17 783  2 89570 11289 5.7 56 10 2 9 93% 189106 9174 25%
c i 21.08  0 28 17 783  2 89578 11291 5.7 56 10 2 9 93% 189106 5176 14%
c } 21.08  0 28 17 783  2 89591 11297 5.7 56 10 2 9 93% 189106 722  2%
c 0 21.08  0 28 17 783  2 89591 11297 5.7 56 10 2 9 93% 189106 722  2%
c
c --- [ closing proof ] ------------------------------------------------------
c
c DRAT proof file 'search-results/distance4-binary.drat' closed
c DRAT 188313 added clauses 37.59%
c DRAT 312658 deleted clauses 62.41%
c DRAT 62232724 bytes (59.35 MB)
c
c --- [ result ] -------------------------------------------------------------
c
s UNSATISFIABLE
c
c --- [ run-time profiling ] -------------------------------------------------
c
c process time taken by individual solving procedures
c (percentage relative to process time for solving)
c
c        18.48   87.88% search
c         8.65   41.12% unstable
c         8.21   39.02% stable
c         2.55   12.12% simplify
c         1.54    7.33% walk
c         0.79    3.75% elim
c         0.49    2.34% vivify
c         0.40    1.88% sweep
c         0.23    1.09% subsume
c         0.14    0.66% congruence
c         0.12    0.57% backbone
c         0.08    0.40% lucky
c         0.05    0.22% parse
c         0.04    0.19% probe
c         0.03    0.13% ternary
c   =================================
c        21.03   99.77% solve
c
c last line shows process time for solving
c (percentage relative to total process time)
c
c --- [ statistics ] ---------------------------------------------------------
c
c chronological:             24001        26.79 %  of conflicts
c conflicts:                 89591      4259.26    per second
c backbone:                9820669     26706.92 %  of vars
c decisions:                158088      7515.68    per second
c eliminated:                  683         1.86 %  of all variables
c fixed:                     35367        96.18 %  of all variables
c learned:                   87087        97.21 %  per conflict
c learned_lits:           34186468       100.00 %  learned literals
c minimized:                     0         0.00 %  learned literals
c shrunken:               29292942        85.69 %  learned literals
c minishrunken:             767297         2.24 %  learned literals
c otfs:                        217         0.24 %  of conflict
c propagations:          286736157        13.63 M  per second
c reduced:                   15084        16.84 %  per conflict
c rephased:                     12      7465.92    interval
c restarts:                    783       114.42    interval
c stabilizing:                   6        45.65 %  of conflicts
c subsumed:                  49359        10.73 %  of all clauses
c strengthened:              23522         5.11 %  of all clauses
c ticks:                1381938458         5.72    propagation
c vivified:                    587         0.13 %  of all clauses
c walked:                        3     29863.67    interval
c weakened:                   6435         7.63    average size
c congruence:                    5     17918.20    interval
c
c seconds are measured in process time for solving
c
c --- [ glue usage ] ---------------------------------------------------------
c
c focused glue 1 used 99082 clauses 52.37% accumulated 52.37% tier1
c focused glue 2 used 29057 clauses 15.35% accumulated 67.73% tier2
c
c stable glue 2 used 20683 clauses 9.709% accumulated 64.54% tier1
c stable glue 3 used 6903 clauses 3.240% accumulated 67.78%
c stable glue 4-18 used 29749 clauses 13.96% accumulated 81.75%
c stable glue 19 used 3295 clauses 1.546% accumulated 83.30%
c stable glue 20 used 3539 clauses 1.661% accumulated 84.96% tier2
c
c
c --- [ resources ] ----------------------------------------------------------
c
c total process time since initialization:        21.08    seconds
c total real time since initialization:           24.59    seconds
c maximum resident set size of process:          337.19    MB
c
c --- [ shutting down ] ------------------------------------------------------
c
c exit 20
real 24.61
user 20.85
sys 0.23
