c --- [ banner ] -------------------------------------------------------------
c
c CaDiCaL SAT Solver
c Copyright (c) 2016-2026
c A. Biere, M. Fleury, N. Froleyks, K. Fazekas, F. Pollitt, T. Faller
c JKU Linz, University of Freiburg, TU Wien
c
c Version 3.0.1 c60730422e758ef1cebe7aeddf2dda31c996bf04
c Apple clang version 21.0.0 (clang-2100.1.1.101) -Wall -Wextra -O3 -DNDEBUG -DNCLOSEFROM
c Tue Sep 1 21:08:57 PDT 2026 Darwin retained-runner 25.6.0 arm64
c
c --- [ limit ] --------------------------------------------------------------
c
c setting time limit to 300 seconds real time (due to '-t 300')
c
c --- [ parsing input ] ------------------------------------------------------
c
c reading DIMACS file from 'build/l9-r1-70-support69-pattern.cnf'
c opening file to read 'build/l9-r1-70-support69-pattern.cnf'
c found 'p cnf 72262 537943' header
c parsed 537943 clauses in 0.08 seconds process time
c
c --- [ options ] ------------------------------------------------------------
c
c all options are set to their default value
c
c --- [ solving ] ------------------------------------------------------------
c
c time measured in process time since initialization
c
c  seconds  reduction conflicts       size tier2        variables
c         MB    restarts   redundant    glue  trail          remaining
c          level     rate       size/glu tier1  irredundant
c
c *  0.08  0  0 0   0  0    0    0 0.0 0 0 2 6  0% 530765 69403 96%
c )  0.13  0  0 0   0  0    0    0 0.0 1 0 2 6  7% 530765 67057 93%
c {  0.17  0  0 0   0  0    0    0 0.0 1 0 2 6  7% 530765 67057 93%
c i  0.17  0  0 0   0  0    0    0 0.0 1 0 2 6  7% 530765 67057 93%
c -  0.25  0 51 1  49 10  300  163 1.6 16 10 2 6 59% 517774 67057 93%
c }  0.31  0 47 1  78  6 1008  799 1.7 20 12 2 6 67% 517774 67057 93%
c [  0.31  0  0 1  78  0 1008  799 0.0 0 0 2 6  0% 517774 67057 93%
c O  0.31  0 54 1  78 55 1009  800 1.0 55 54 2 6 66% 517774 67057 93%
c -  0.34  0 51 2  78  2 1044  533 1.0 53 51 2 6 66% 517774 67057 93%
c -  0.55  0 45 3  79  1 2428  450 1.1 52 45 2 6 65% 517774 67057 93%
c ]  0.61  0 45 3  79  1 2873  518 1.1 51 45 2 6 65% 517774 67057 93%
c {  0.61  0 47 3  79  6 2873  518 1.7 20 12 2 6 67% 517774 67057 93%
c O  0.66  0 58 3 112  9 3010  645 1.7 22 13 2 6 67% 517774 67057 93%
c d  0.71  0 60 3 141  9 3277  899 1.6 22 13 2 6 67% 517770 67055 93%
c p  0.71  0 60 3 141  9 3277  899 1.6 22 13 2 6 67% 517770 67054 93%
c -  1.12  0 65 4 300 10 4538  817 1.7 29 17 2 6 65% 517760 67054 93%
c k  1.23  0 63 4 338  8 5788 1949 1.7 28 16 6 21 64% 517760 67034 93%
c k  1.25  0 63 4 338  8 5788 1949 1.7 28 16 6 21 64% 517760 67032 93%
c s  1.30  0 63 4 347  8 5872 2027 1.7 27 16 6 21 64% 514958 67032 93%
c e  1.59  0 63 4 347  8 5872  744 1.7 27 16 6 21 64% 513032 65939 91%
c
c  seconds  reduction conflicts       size   tier2         variables
c         MB    restarts   redundant     glue    trail          remaining
c          level     rate       size/glue  tier1   irredundant
c
c s  1.61  0 63 4 347  8 5872  744 1.7 27 16 6 21 64% 512560 65939 91%
c e  1.66  0 63 4 347  8 5872  744 1.7 27 16 6 21 64% 512556 65937 91%
c #  1.69  0 61 4 347  8 6023  863 1.7 27 16 6 21 63% 512556 65937 91%
c -  1.79  0 59 5 370  7 7425 1829 2.3 35 15 7 14 62% 512556 65937 91%
c }  1.82  0 58 5 370  6 8011 2376 2.5 37 15 7 14 61% 512556 65937 91%
c [  1.82  0 45 5 370  1 8011 2376 1.1 51 45 2 6 65% 512556 65937 91%
c k  1.95  0 49 5 371  1 8391 2742 1.3 51 40 2 6 66% 512556 65918 91%
c k  1.95  0 49 5 371  1 8391 2742 1.3 51 40 2 6 66% 512556 65916 91%
c I  2.13  0 81 5 371  1 10027 4186 1.2 66 54 41 55 66% 512556 65916 91%
c -  2.20  0 93 6 372  1 11107 3361 1.2 66 55 41 55 66% 512346 65916 91%
c k  2.21  0 93 6 372  1 11107 3361 1.2 66 55 41 55 66% 512346 65892 91%
c t  2.29  0 93 6 372  1 11107 3361 1.2 66 55 41 55 66% 512079 65892 91%
c B  2.55  0 102 6 375  1 15029 6978 1.1 72 63 26 73 65% 512079 65892 91%
c -  2.61  0 103 7 375  1 15611 3728 1.1 73 64 26 73 65% 512079 65892 91%
c k  2.63  0 103 7 375  1 15611 3728 1.1 73 64 26 73 65% 512079 65862 91%
c k  2.64  0 103 7 375  1 15611 3728 1.1 73 64 26 73 65% 512079 65860 91%
c s  2.81  0 105 7 375  1 17708 5409 1.1 75 67 26 73 65% 510792 65860 91%
c e  2.88  0 105 7 375  1 17708 5409 1.1 75 67 26 73 65% 510467 65857 91%
c s  2.89  0 105 7 375  1 17708 5404 1.1 75 67 26 73 65% 509991 65857 91%
c e  2.93  0 105 7 375  1 17708 5404 1.1 75 67 26 73 65% 509987 65854 91%
c
c  seconds   reductions conflicts       size    tier2         variables
c         MB     restarts    redundant     glue     trail          remaining
c           level     rate        size/glue  tier1    irredundant
c
c ]  2.97  0 105 7 375  1 17953 5611 1.1 75 67 26 73 65% 509987 65854 91%
c {  2.97  0 58 7 375  6 17953 5611 2.5 37 15 7 14 61% 509987 65854 91%
c -  3.26  0 56 8 491  6 20949 4748 2.4 35 15 7 14 63% 509987 65854 91%
c c  3.35  0 56 8 491  6 20949 4748 2.4 35 15 7 14 63% 509996 65854 91%
c d  3.36  0 56 8 491  6 20949 4748 2.4 35 15 7 14 63% 509978 65845 91%
c k  3.37  0 56 8 491  6 20949 4748 2.4 35 15 7 14 63% 509978 65791 91%
c 2  3.37  0 56 8 491  6 20949 4748 2.4 35 15 7 14 63% 509908 65782 91%
c B  3.39  0 56 8 494  6 21032 4822 2.3 35 15 7 14 62% 509908 65782 91%
c -  3.77  0 50 9 591  4 27126 7808 2.2 31 14 6 13 61% 509258 65782 91%
c k  3.78  0 50 9 591  4 27126 7808 2.2 31 14 6 13 61% 509258 65724 91%
c u  3.89  0 50 9 591  4 27126 7785 2.2 31 14 6 13 61% 508678 65724 91%
c v  3.90  0 50 9 591  4 27126 7783 2.2 31 14 6 13 61% 508678 65724 91%
c w  3.91  0 50 9 591  4 27126 7783 2.2 31 14 6 13 61% 508678 65724 91%
c x  3.92  0 50 9 591  4 27126 7783 2.2 31 14 6 13 61% 508678 65724 91%
c W  4.32  0 51 9 611  4 28033 8597 2.2 30 14 6 13 61% 508678 65724 91%
c }  4.87  0 49 9 869  4 33874 14069 3.0 41 14 6 13 62% 508678 65724 91%
c [  4.87  0 105 9 869  1 33874 14069 1.1 75 67 26 73 65% 508678 65724 91%
c -  4.90  0 104 10 869  1 34154 11664 1.1 74 66 26 73 66% 508678 65724 91%
c k  5.01  0 104 10 869  1 34154 11664 1.1 74 66 26 73 66% 508678 65666 91%
c k  5.03  0 104 10 869  1 34154 11664 1.1 74 66 26 73 66% 508678 65664 91%
c
c  seconds   reductions  conflicts        size    tier2         variables
c         MB      restarts     redundant     glue     trail          remaining
c           level      rate         size/glue  tier1    irredundant
c
c s  5.13  0 101 10 870  1 35427 12767 1.1 69 61 26 73 66% 508163 65664 91%
c e  5.18  0 101 10 870  1 35427 12767 1.1 69 61 26 73 66% 507557 65661 91%
c s  5.20  0 101 10 870  1 35427 12755 1.1 69 61 26 73 66% 507440 65661 91%
c e  5.23  0 101 10 870  1 35427 12755 1.1 69 61 26 73 66% 507434 65658 91%
c W  5.44  0 98 10 871  1 36034 13257 1.1 67 60 26 73 66% 507434 65658 91%
c -  5.76  0 80 11 875  1 42037 14408 1.2 52 45 22 73 66% 507434 65658 91%
c k  5.77  0 80 11 875  1 42037 14408 1.2 52 45 22 73 66% 507434 65629 91%
c k  5.78  0 80 11 875  1 42037 14408 1.2 52 45 22 73 66% 507434 65627 91%
c O  6.11  0 76 11 876  1 45035 17163 1.2 51 43 22 73 67% 507434 65627 91%
c -  6.78  0 84 12 877  1 50777 14322 1.3 66 51 22 73 66% 507124 65627 91%
c p  6.80  0 84 12 877  1 50777 14322 1.3 66 51 22 73 66% 507124 65617 91%
c k  6.82  0 84 12 877  1 50777 14322 1.3 66 51 22 73 66% 507124 65521 91%
c k  6.85  0 84 12 877  1 50777 14322 1.3 66 51 22 73 66% 507124 65519 91%
c ]  6.95  0 86 12 877  1 51403 14903 1.3 67 52 22 73 66% 507124 65519 91%
c {  6.95  0 49 12 877  4 51403 14903 3.0 41 14 6 13 62% 507124 65519 91%
c F  7.22  0 47 12 963  4 55038 18117 2.9 38 13 6 13 61% 507124 65519 91%
c s  7.49  0 46 12 1022  4 59029 21587 2.8 35 13 6 13 61% 507053 65519 91%
c e  7.57  0 46 12 1022  4 59029 21587 2.8 35 13 6 13 61% 505971 65516 91%
c s  7.58  0 46 12 1022  4 59029 21568 2.8 35 13 6 13 61% 505949 65516 91%
c e  7.62  0 46 12 1022  4 59029 21568 2.8 35 13 6 13 61% 505943 65512 91%
c
c  seconds  reductions   conflicts        size   tier2         variables
c         MB     restarts      redundant     glue    trail          remaining
c          level       rate         size/glue  tier1   irredundant
c
c i  7.64  0 46 12 1022  4 59054 21590 2.8 35 13 6 13 61% 505943 65323 90%
c i  7.74  0 46 12 1124  4 59583 21978 2.7 35 13 6 13 61% 505943 65322 90%
c i  7.89  0 46 12 1286  4 60251 22555 2.6 35 14 6 13 61% 505943 65321 90%
c i  7.89  0 46 12 1286  4 60252 22555 2.6 35 14 6 13 61% 505943 65320 90%
c -  7.95  0 46 13 1321  4 60383 12724 2.6 35 14 6 13 61% 504776 65320 90%
c 2  7.96  0 46 13 1321  4 60383 12724 2.6 35 14 6 13 61% 504771 65320 90%
c p  7.96  0 46 13 1321  4 60383 12724 2.6 35 14 6 13 61% 504771 65315 90%
c k  8.06  0 46 13 1321  4 60383 12724 2.6 35 14 6 13 61% 504771 65224 90%
c u  8.22  0 46 13 1321  4 60383 12709 2.6 35 14 6 13 61% 503811 65224 90%
c v  8.24  0 46 13 1321  4 60383 12709 2.6 35 14 6 13 61% 503811 65224 90%
c w  8.25  0 46 13 1321  4 60383 12709 2.6 35 14 6 13 61% 503811 65224 90%
c x  8.26  0 46 13 1321  4 60383 12709 2.6 35 14 6 13 61% 503811 65224 90%
c i  8.29  0 46 13 1333  4 60434 12759 2.6 35 14 6 13 61% 503811 65223 90%
c i  8.65  0 45 13 1835  4 62518 14109 2.4 35 14 6 13 61% 503811 65222 90%
c B  9.30  0 43 13 2501  4 66040 16547 2.3 34 15 6 13 61% 503811 65222 90%
c - 10.02  0 40 14 2815  4 70845 14317 2.2 33 15 6 14 62% 503791 65222 90%
c p 10.03  0 40 14 2815  4 70845 14317 2.2 33 15 6 14 62% 503791 65197 90%
c k 10.05  0 40 14 2815  4 70845 14317 2.2 33 15 6 14 62% 503791 65079 90%
c k 10.07  0 40 14 2815  4 70845 14317 2.2 33 15 6 14 62% 503791 65077 90%
c } 10.70  0 37 14 2848  3 75587 17401 2.1 32 15 6 14 63% 503791 65077 90%
c
c  seconds  reductions   conflicts        size    tier2         variables
c         MB     restarts      redundant     glue     trail          remaining
c          level       rate         size/glue  tier1    irredundant
c
c [ 10.70  0 86 14 2848  1 75587 17401 1.3 67 52 22 73 66% 503791 65077 90%
c B 11.06  0 79 14 2848  1 78041 18589 1.3 64 49 22 73 66% 503791 65077 90%
c - 11.74  0 72 15 2851  1 82172 16467 1.3 60 45 22 73 66% 502341 65077 90%
c p 11.75  0 72 15 2851  1 82172 16467 1.3 60 45 22 73 66% 502341 65056 90%
c k 11.77  0 72 15 2851  1 82172 16467 1.3 60 45 22 73 66% 502341 64961 90%
c u 11.81  0 72 15 2851  1 82172 16464 1.3 60 45 22 73 66% 502341 64961 90%
c v 11.82  0 72 15 2851  1 82172 16464 1.3 60 45 22 73 66% 502341 64961 90%
c w 11.83  0 72 15 2851  1 82172 16464 1.3 60 45 22 73 66% 502341 64961 90%
c x 11.85  0 72 15 2851  1 82172 16464 1.3 60 45 22 73 66% 502341 64961 90%
c s 12.91  0 63 15 2855  1 88522 16828 1.4 55 40 22 73 62% 500946 64961 90%
c e 12.95  0 63 15 2855  1 88522 16377 1.4 55 40 22 73 62% 500755 64769 90%
c s 12.97  0 63 15 2855  1 88522 15923 1.4 55 40 22 73 62% 500752 64769 90%
c e 12.99  0 63 15 2855  1 88522 15923 1.4 55 40 22 73 62% 500752 64767 90%
c W 14.11  0 60 15 2855  1 91043 17152 1.4 53 39 22 73 62% 500752 64767 90%
c - 14.71  0 57 16 2858  1 94362 13128 1.4 52 37 22 73 62% 500752 64767 90%
c p 14.73  0 57 16 2858  1 94362 13200 1.4 52 37 22 73 62% 500752 64753 90%
c k 14.75  0 57 16 2858  1 94362 13200 1.4 52 37 22 73 62% 500752 64632 89%
c k 14.76  0 57 16 2858  1 94362 13200 1.4 52 37 22 73 62% 500752 64630 89%
c ] 15.61  0 52 16 2862  1 100436 16314 1.4 49 35 22 73 63% 500752 64630 89%
c { 15.61  0 37 16 2862  3 100436 16314 2.1 32 15 6 14 70% 500752 64630 89%
c
c  seconds  reductions   conflicts         size   tier2         variables
c         MB     restarts       redundant     glue    trail          remaining
c          level       rate          size/glue  tier1   irredundant
c
c i 15.71  0 37 16 2975  3 100943 16717 2.1 32 15 6 14 70% 500752 64629 89%
c i 15.71  0 37 16 2976  3 100945 16718 2.1 32 15 6 14 70% 500752 64628 89%
c i 16.23  0 36 16 3620  3 104336 18642 2.0 31 15 6 14 69% 500752 64627 89%
c W 16.57  0 36 16 3651  3 105045 18850 2.0 31 15 6 14 69% 499352 64627 89%
c i 16.63  0 36 16 3728  3 105411 19016 2.0 31 15 6 14 69% 499352 64626 89%
c i 16.65  0 36 16 3755  3 105559 19068 2.0 31 15 6 14 69% 499352 64625 89%
c i 16.71  0 36 16 3831  3 105904 19330 2.0 31 16 6 14 69% 499352 64624 89%
c i 16.74  0 36 16 3854  3 105988 19409 2.0 31 16 6 14 69% 499352 64623 89%
c i 16.74  0 36 16 3854  3 105989 19409 2.0 31 16 6 14 69% 499352 64622 89%
c i 16.74  0 36 16 3855  3 105990 19409 2.0 31 16 6 14 69% 499352 64621 89%
c i 16.87  0 36 16 4003  3 106612 19945 2.0 31 16 6 14 69% 499352 64620 89%
c i 16.87  0 36 16 4003  3 106614 19946 2.0 31 16 6 14 69% 499352 64619 89%
c - 17.04  0 36 17 4178  3 107414 12905 2.0 31 16 6 14 69% 499272 64619 89%
c p 17.05  0 36 17 4178  3 107414 12931 2.0 31 16 6 14 69% 499272 64581 89%
c k 17.15  0 36 17 4178  3 107414 12931 2.0 31 16 6 14 69% 499272 64390 89%
c u 17.19  0 36 17 4178  3 107414 12900 2.0 31 16 6 14 69% 499272 64390 89%
c v 17.21  0 36 17 4178  3 107414 12899 2.0 31 16 6 14 69% 499272 64390 89%
c w 17.21  0 36 17 4178  3 107414 12899 2.0 31 16 6 14 69% 499272 64390 89%
c x 17.22  0 36 17 4178  3 107414 12899 2.0 31 16 6 14 69% 499272 64390 89%
c i 17.39  0 35 17 4333  3 108109 13342 2.0 31 16 6 14 69% 499272 64389 89%
c
c  seconds  reductions   conflicts         size   tier2         variables
c         MB     restarts       redundant     glue    trail          remaining
c          level       rate          size/glue  tier1   irredundant
c
c i 17.41  0 35 17 4358  3 108208 13420 2.0 31 16 6 14 69% 499272 64388 89%
c i 17.41  0 35 17 4359  3 108209 13420 2.0 31 16 6 14 69% 499272 64387 89%
c i 17.41  0 35 17 4359  3 108210 13420 2.0 31 16 6 14 69% 499272 64386 89%
c i 17.96  0 34 17 4509  3 112282 16144 2.0 31 16 6 14 68% 499272 64385 89%
c i 18.61  0 34 17 5215  3 115184 18583 1.9 31 16 6 14 68% 499272 64384 89%
c i 18.61  0 34 17 5215  3 115185 18583 1.9 31 16 6 14 68% 499272 64383 89%
c i 18.82  0 34 17 5448  3 116113 19394 1.9 31 17 6 14 68% 499272 64382 89%
c # 19.53  0 34 17 6155  3 120048 22202 1.8 31 17 6 14 67% 499272 64382 89%
c - 19.73  0 34 18 6173  3 121331 14862 1.8 31 17 6 14 67% 496902 64382 89%
c p 19.74  0 34 18 6173  3 121331 14862 1.8 31 17 6 14 67% 496902 64319 89%
c k 19.76  0 34 18 6173  3 121331 14862 1.8 31 17 6 14 67% 496902 64208 89%
c s 20.37  0 33 18 6198  3 123934 15144 1.8 31 17 6 14 67% 495146 64208 89%
c s 20.45  0 33 18 6198  3 123934 15021 1.8 31 17 6 14 67% 495144 64208 89%
c i 21.13  0 32 18 6332  3 128512 17645 1.8 31 17 6 14 67% 495144 64207 89%
c i 21.13  0 32 18 6332  3 128513 17645 1.8 31 17 6 14 67% 495144 64206 89%
c i 21.14  0 32 18 6344  3 128564 17686 1.8 31 17 6 14 67% 495144 64205 89%
c i 21.36  0 32 18 6581  3 129713 18631 1.8 31 17 6 14 67% 495144 64204 89%
c } 21.58  0 32 18 6676  3 131167 19520 1.8 31 17 6 14 67% 495144 64204 89%
c [ 21.58  0 52 18 6676  1 131167 19520 1.4 49 35 22 73 63% 495144 64204 89%
c I 22.25  0 49 18 6677  1 136053 21536 1.4 47 33 22 73 61% 495144 64204 89%
c
c  seconds  reductions   conflicts         size    tier2         variables
c         MB     restarts       redundant     glue     trail          remaining
c          level       rate          size/glue  tier1    irredundant
c
c - 22.28  0 49 19 6677  1 136104 14688 1.4 47 33 17 40 61% 495104 64204 89%
c p 22.31  0 49 19 6677  1 136104 15000 1.4 47 33 17 40 61% 495104 64204 89%
c k 22.32  0 49 19 6677  1 136104 15000 1.4 47 33 17 40 61% 495104 64059 89%
c u 22.36  0 49 19 6677  1 136104 14971 1.4 47 33 17 40 61% 495104 64059 89%
c v 22.38  0 49 19 6677  1 136104 14971 1.4 47 33 17 40 61% 495104 64059 89%
c w 22.39  0 49 19 6677  1 136104 14970 1.4 47 33 17 40 61% 495104 64059 89%
c x 22.40  0 49 19 6677  1 136104 14970 1.4 47 33 17 40 61% 495104 64059 89%
c - 24.73  0 45 20 6678  1 151734 14866 1.5 50 34 17 40 59% 493654 64059 89%
c p 24.74  0 45 20 6678  1 151734 14959 1.5 50 34 17 40 59% 493654 64016 89%
c k 24.76  0 45 20 6678  1 151734 14959 1.5 50 34 17 40 59% 493654 63853 88%
c B 24.98  0 45 20 6678  1 153057 15782 1.5 50 34 17 40 59% 493654 63853 88%
c s 26.88  0 44 20 6682  1 165194 22392 1.5 51 34 17 40 59% 493651 63853 88%
c s 26.97  0 44 20 6682  1 165194 22349 1.5 51 34 17 40 59% 491591 63853 88%
c - 27.54  0 44 21 6684  1 168225 14157 1.5 51 34 17 40 59% 491591 63853 88%
c 2 27.54  0 44 21 6684  1 168225 14156 1.5 51 34 17 40 59% 491591 63853 88%
c p 27.55  0 44 21 6684  1 168225 14595 1.5 51 34 17 40 59% 491591 63849 88%
c k 27.57  0 44 21 6684  1 168225 14595 1.5 51 34 17 40 59% 491591 63784 88%
c u 27.62  0 44 21 6684  1 168225 14547 1.5 51 34 17 40 59% 491591 63784 88%
c v 27.63  0 44 21 6684  1 168225 14539 1.5 51 34 17 40 59% 491591 63784 88%
c w 27.64  0 44 21 6684  1 168225 14539 1.5 51 34 17 40 59% 491591 63784 88%
c
c  seconds  reductions   conflicts         size    tier2         variables
c         MB     restarts       redundant     glue     trail          remaining
c          level       rate          size/glue  tier1    irredundant
c
c x 27.66  0 44 21 6684  1 168225 14539 1.5 51 34 17 40 59% 491591 63784 88%
c ] 27.76  0 44 21 6685  1 168764 14958 1.5 51 34 17 40 59% 491591 63784 88%
c { 27.76  0 32 21 6685  3 168764 14958 1.8 31 17 6 14 67% 491591 63784 88%
c i 27.79  0 32 21 6710  3 168862 15042 1.8 31 17 6 14 67% 491591 63783 88%
c i 27.79  0 32 21 6710  3 168863 15042 1.8 31 17 6 14 67% 491591 63782 88%
c i 27.79  0 32 21 6711  3 168865 15043 1.8 31 17 6 14 67% 491591 63781 88%
c i 27.79  0 32 21 6711  3 168867 15043 1.8 31 17 6 14 67% 491591 63780 88%
c i 27.83  0 32 21 6747  3 169014 15172 1.8 31 17 6 14 67% 491591 63779 88%
c i 27.88  0 32 21 6807  3 169257 15369 1.8 31 17 6 14 67% 491591 63778 88%
c i 27.88  0 32 21 6808  3 169258 15369 1.8 31 17 6 14 67% 491591 63777 88%
c B 28.15  0 32 21 6979  3 171058 16615 1.8 31 17 6 14 67% 491591 63777 88%
c i 28.23  0 32 21 7065  3 171450 16917 1.8 31 17 6 14 67% 491591 63776 88%
c i 28.23  0 32 21 7075  3 171490 16949 1.8 31 17 6 14 67% 491591 63775 88%
c i 29.56  0 31 21 7949  3 180632 23416 1.7 31 18 6 14 66% 491591 63774 88%
c i 29.58  0 31 21 7965  3 180698 23475 1.7 31 18 6 14 66% 491591 63773 88%
c i 29.58  0 31 21 7965  3 180723 23496 1.7 31 18 6 14 66% 491591 63772 88%
c i 29.58  0 31 21 7965  3 180725 23497 1.7 31 18 6 14 66% 491591 63771 88%
c - 30.28  0 31 22 8214  3 185571 16478 1.7 30 18 6 14 66% 490771 63771 88%
c p 30.31  0 31 22 8214  3 185571 16478 1.7 30 18 6 14 66% 490771 63707 88%
c k 30.42  0 31 22 8214  3 185571 16478 1.7 30 18 6 14 66% 490771 63522 88%
c
c  seconds  reductions   conflicts         size   tier2         variables
c         MB     restarts       redundant     glue    trail          remaining
c          level       rate          size/glue  tier1   irredundant
c
c u 30.46  0 31 22 8214  3 185571 16447 1.7 30 18 6 14 66% 490771 63522 88%
c v 30.47  0 31 22 8214  3 185571 16438 1.7 30 18 6 14 66% 490771 63522 88%
c w 30.47  0 31 22 8214  3 185571 16437 1.7 30 18 6 14 66% 490771 63522 88%
c x 30.48  0 31 22 8214  3 185571 16437 1.7 30 18 6 14 66% 490771 63522 88%
c W 32.33  0 30 22 8223  3 190059 18865 1.7 30 18 6 14 66% 488281 63522 88%
c i 33.46  0 28 22 8282  3 199077 24167 1.7 29 17 6 14 66% 488281 63521 88%
c i 33.46  0 28 22 8282  3 199078 24167 1.7 29 17 6 14 66% 488281 63520 88%
c i 33.46  0 28 22 8283  3 199079 24167 1.7 29 17 6 14 66% 488281 63519 88%
c - 34.20  0 28 23 8355  2 203780 25766 1.7 29 17 12 18 65% 488251 63519 88%
c p 34.21  0 28 23 8355  2 203780 25766 1.7 29 17 12 18 65% 488251 63467 88%
c k 34.23  0 28 23 8355  2 203780 25766 1.7 29 17 12 18 65% 488251 63318 88%
c F 35.11  0 27 23 8355  2 210062 29738 1.7 29 17 12 18 65% 488251 63318 88%
c s 35.48  0 27 23 8576  2 212313 23535 1.7 29 17 12 18 65% 488246 63318 88%
c s 35.58  0 27 23 8576  2 212313 23135 1.7 29 17 12 18 65% 486235 63318 88%
c - 37.15  0 26 24 8603  2 222837 28512 1.7 29 17 12 18 65% 486235 63318 88%
c 2 37.15  0 26 24 8603  2 222837 28511 1.7 29 17 12 18 65% 486235 63318 88%
c p 37.16  0 26 24 8603  2 222837 28964 1.7 29 17 12 18 65% 486235 63315 88%
c k 37.18  0 26 24 8603  2 222837 28964 1.7 29 17 12 18 65% 486235 63286 88%
c u 37.47  0 26 24 8603  2 222837 28930 1.7 29 17 12 18 65% 485915 63286 88%
c v 37.48  0 26 24 8603  2 222837 28919 1.7 29 17 12 18 65% 485915 63286 88%
c
c  seconds  reductions   conflicts         size    tier2         variables
c         MB     restarts       redundant     glue     trail          remaining
c          level       rate          size/glue  tier1    irredundant
c
c w 37.49  0 26 24 8603  2 222837 28916 1.7 29 17 12 18 65% 485915 63286 88%
c x 37.51  0 26 24 8603  2 222837 28916 1.7 29 17 12 18 65% 485915 63286 88%
c } 37.82  0 26 24 8603  2 225245 30530 1.7 29 16 12 18 65% 485915 63286 88%
c [ 37.82  0 44 24 8603  1 225245 30530 1.5 51 34 17 40 59% 485915 63286 88%
c W 39.38  0 42 24 8605  1 231063 33961 1.5 50 33 17 40 60% 485915 63286 88%
c - 41.30  0 38 25 8611  1 242745 32845 1.5 47 31 17 40 60% 485915 63286 88%
c p 41.32  0 38 25 8611  1 242745 32848 1.5 47 31 17 40 60% 485915 63209 87%
c k 41.35  0 38 25 8611  1 242745 32848 1.5 47 31 17 40 60% 485915 63088 87%
c u 41.38  0 38 25 8611  1 242745 32837 1.5 47 31 17 40 60% 485915 63088 87%
c v 41.39  0 38 25 8611  1 242745 32831 1.5 47 31 17 40 60% 485915 63088 87%
c w 41.39  0 38 25 8611  1 242745 32829 1.5 47 31 17 40 60% 485915 63088 87%
c x 41.40  0 38 25 8611  1 242745 32829 1.5 47 31 17 40 60% 485915 63088 87%
c O 42.96  0 36 25 8614  1 253064 37043 1.5 45 29 17 40 60% 485915 63088 87%
c - 44.53  0 34 26 8620  1 263520 32008 1.5 43 28 17 40 60% 483935 63088 87%
c p 44.54  0 34 26 8620  1 263520 32017 1.5 43 28 17 40 60% 483935 63004 87%
c k 44.57  0 34 26 8620  1 263520 32017 1.5 43 28 17 40 60% 483935 62814 87%
c u 44.60  0 34 26 8620  1 263520 32007 1.5 43 28 17 40 60% 483935 62814 87%
c v 44.61  0 34 26 8620  1 263520 31989 1.5 43 28 17 40 60% 483935 62814 87%
c w 44.61  0 34 26 8620  1 263520 31988 1.5 43 28 17 40 60% 483935 62814 87%
c x 44.63  0 34 26 8620  1 263520 31988 1.5 43 28 17 40 60% 483935 62814 87%
c
c  seconds  reductions   conflicts         size    tier2         variables
c         MB     restarts       redundant     glue     trail          remaining
c          level       rate          size/glue  tier1    irredundant
c
c s 44.96  0 33 26 8621  1 265251 26825 1.5 43 28 17 40 60% 483933 62814 87%
c e 45.03  0 33 26 8621  1 265251 26825 1.5 43 28 17 40 60% 481193 62812 87%
c s 45.06  0 33 26 8621  1 265251 26130 1.5 43 28 17 40 60% 481177 62812 87%
c B 46.78  0 32 26 8626  1 276065 31720 1.6 41 27 19 35 60% 481177 62812 87%
c ] 47.35  0 33 26 8626  1 279150 34624 1.6 44 27 19 35 60% 481177 62812 87%
c { 47.35  0 26 26 8626  2 279150 34624 1.7 29 16 12 18 65% 481177 62812 87%
c i 47.52  0 26 26 8781  2 279846 35229 1.7 29 17 12 18 65% 481177 62811 87%
c i 47.52  0 26 26 8781  2 279847 35229 1.7 29 17 12 18 65% 481177 62810 87%
c i 47.72  0 26 26 8990  2 280980 36003 1.7 29 17 12 18 65% 481177 62809 87%
c i 47.73  0 26 26 9003  2 281034 36054 1.7 29 17 12 18 65% 481177 62808 87%
c - 48.38  0 26 27 9369  2 285141 28900 1.7 29 17 12 18 65% 481137 62808 87%
c p 48.41  0 26 27 9369  2 285141 29072 1.7 29 17 12 18 65% 481137 62728 87%
c k 48.44  0 26 27 9369  2 285141 29072 1.7 29 17 12 18 65% 481137 62706 87%
c u 48.47  0 26 27 9369  2 285141 29034 1.7 29 17 12 18 65% 481137 62706 87%
c v 48.49  0 26 27 9369  2 285141 29030 1.7 29 17 12 18 65% 481137 62706 87%
c w 48.49  0 26 27 9369  2 285141 29030 1.7 29 17 12 18 65% 481137 62706 87%
c x 48.50  0 26 27 9369  2 285141 29030 1.7 29 17 12 18 65% 481137 62706 87%
c i 49.46  0 25 27 9742  2 291647 33261 1.8 29 17 12 18 65% 481137 62705 87%
c i 49.46  0 25 27 9742  2 291648 33261 1.8 29 17 12 18 65% 481137 62704 87%
c i 49.48  0 25 27 9742  2 291731 33332 1.8 29 17 12 18 65% 481137 62703 87%
c
c  seconds  reductions   conflicts         size    tier2         variables
c         MB     restarts       redundant     glue     trail          remaining
c          level       rate          size/glue  tier1    irredundant
c
c i 49.89  0 25 27 9744  2 294733 35282 1.8 29 17 12 18 65% 481137 62702 87%
c i 49.90  0 25 27 9753  2 294813 35341 1.8 29 17 12 18 65% 481137 62701 87%
c i 49.90  0 25 27 9754  2 294816 35343 1.8 29 17 12 18 65% 481137 62700 87%
c i 49.96  0 25 27 9757  2 295117 35524 1.8 29 17 12 18 65% 481137 62699 87%
c i 49.97  0 25 27 9759  2 295198 35591 1.8 29 17 12 18 65% 481137 62698 87%
c i 49.97  0 25 27 9759  2 295214 35595 1.8 29 17 12 18 65% 481137 62697 87%
c i 50.03  0 25 27 9768  2 295630 35845 1.8 29 17 12 18 65% 481137 62696 87%
c i 50.22  0 25 27 9768  2 296952 36532 1.8 29 17 12 18 65% 481137 62695 87%
c i 50.35  0 25 27 9769  2 297865 37069 1.8 29 17 12 18 65% 481137 62694 87%
c i 50.36  0 25 27 9769  2 297990 37134 1.8 29 17 12 18 65% 481137 62693 87%
c i 50.40  0 25 27 9769  2 298269 37267 1.8 29 17 12 18 65% 481137 62692 87%
c i 50.41  0 25 27 9769  2 298351 37304 1.8 29 17 12 18 65% 481137 62691 87%
c i 50.42  0 25 27 9769  2 298402 37335 1.8 29 17 12 18 65% 481137 62690 87%
c i 50.42  0 25 27 9769  2 298406 37337 1.8 29 17 12 18 65% 481137 62689 87%
c i 50.42  0 25 27 9769  2 298415 37344 1.8 29 17 12 18 65% 481137 62688 87%
c i 50.43  0 25 27 9769  2 298484 37386 1.8 29 17 12 18 65% 481137 62687 87%
c i 50.44  0 25 27 9769  2 298529 37423 1.8 29 17 12 18 65% 481137 62686 87%
c i 50.44  0 25 27 9769  2 298542 37435 1.8 29 17 12 18 65% 481137 62685 87%
c i 50.47  0 25 27 9780  2 298754 37553 1.8 29 17 12 18 65% 481137 62684 87%
c i 50.51  0 25 27 9786  2 299037 37687 1.8 29 17 12 18 65% 481137 62683 87%
c
c  seconds  reductions   conflicts         size    tier2         variables
c         MB     restarts       redundant     glue     trail          remaining
c          level       rate          size/glue  tier1    irredundant
c
c i 50.51  0 25 27 9786  2 299038 37687 1.8 29 17 12 18 65% 481137 62682 87%
c B 50.67  0 25 27 9813  2 300066 38307 1.8 29 17 12 18 65% 481137 62682 87%
c i 51.89  0 25 27 10601  2 307146 42881 1.7 29 17 12 18 65% 481137 62681 87%
c - 52.00  0 25 28 10639  2 307600 35866 1.7 29 17 12 18 65% 479867 62681 87%
c p 52.01  0 25 28 10639  2 307600 35885 1.7 29 17 12 18 65% 479867 62582 87%
c k 52.12  0 25 28 10639  2 307600 35885 1.7 29 17 12 18 65% 479867 62449 86%
c u 52.16  0 25 28 10639  2 307600 35857 1.7 29 17 12 18 65% 479867 62449 86%
c v 52.18  0 25 28 10639  2 307600 35855 1.7 29 17 12 18 65% 479867 62449 86%
c w 52.18  0 25 28 10639  2 307600 35854 1.7 29 17 12 18 65% 479867 62449 86%
c x 52.20  0 25 28 10639  2 307600 35854 1.7 29 17 12 18 65% 479867 62449 86%
c s 54.45  0 24 28 10647  2 324001 41485 1.8 30 16 12 18 65% 479859 62449 86%
c e 54.52  0 24 28 10647  2 324001 41481 1.8 30 16 12 18 65% 477483 62442 86%
c s 54.57  0 24 28 10647  2 324001 39605 1.8 30 16 12 18 65% 477481 62442 86%
c W 56.15  0 24 28 10647  2 325071 40288 1.8 30 16 12 18 65% 477481 62442 86%
c - 56.99  0 23 29 10647  2 330911 39349 1.8 30 16 12 18 65% 477481 62442 86%
c p 57.02  0 23 29 10647  2 330911 39593 1.8 30 16 12 18 65% 477481 62389 86%
c k 57.04  0 23 29 10647  2 330911 39593 1.8 30 16 12 18 65% 477481 62296 86%
c v 57.09  0 23 29 10647  2 330911 39509 1.8 30 16 12 18 65% 477481 62296 86%
c w 57.10  0 23 29 10647  2 330911 39508 1.8 30 16 12 18 65% 477481 62296 86%
c x 57.11  0 23 29 10647  2 330911 39508 1.8 30 16 12 18 65% 477481 62296 86%
c
c  seconds  reductions    conflicts         size    tier2         variables
c         MB      restarts       redundant     glue     trail          remaining
c          level        rate          size/glue  tier1    irredundant
c
c i 58.84  0 23 29 11559  2 343107 46847 1.8 29 16 12 17 65% 477481 62295 86%
c } 59.99  0 23 29 12018  2 350547 51628 1.8 29 16 12 17 65% 477481 62295 86%
c [ 59.99  0 33 29 12018  1 350547 51628 1.6 44 27 19 35 60% 477481 62295 86%
c W 60.55  0 33 29 12018  1 351072 51941 1.6 44 27 19 35 60% 476011 62295 86%
c - 61.20  0 34 30 12019  1 355057 44347 1.7 46 28 19 35 60% 476011 62295 86%
c p 61.22  0 34 30 12019  1 355057 44368 1.7 46 28 19 35 60% 476011 62179 86%
c u 61.29  0 34 30 12019  1 355057 44333 1.7 46 28 19 35 60% 476011 62179 86%
c v 61.30  0 34 30 12019  1 355057 44325 1.7 46 28 19 35 60% 476011 62179 86%
c w 61.31  0 34 30 12019  1 355057 44325 1.7 46 28 19 35 60% 476011 62179 86%
c x 61.32  0 34 30 12019  1 355057 44325 1.7 46 28 19 35 60% 476011 62179 86%
c I 65.07  0 35 30 12020  1 378073 57012 1.6 47 30 19 35 60% 476011 62179 86%
c - 65.45  0 34 31 12020  1 380047 40109 1.6 47 30 19 35 60% 474851 62179 86%
c p 65.48  0 34 31 12020  1 380047 40140 1.6 47 30 19 35 60% 474851 62051 86%
c k 65.51  0 34 31 12020  1 380047 40140 1.6 47 30 19 35 60% 474851 61925 86%
c u 65.90  0 34 31 12020  1 380047 40110 1.6 47 30 19 35 60% 472311 61925 86%
c v 65.91  0 34 31 12020  1 380047 40105 1.6 47 30 19 35 60% 472311 61925 86%
c w 65.92  0 34 31 12020  1 380047 40103 1.6 47 30 19 35 60% 472311 61925 86%
c x 65.94  0 34 31 12020  1 380047 40103 1.6 47 30 19 35 60% 472311 61925 86%
c i 66.21  0 34 31 12020  1 381431 40817 1.6 47 30 19 35 60% 472311 61924 86%
c i 66.22  0 34 31 12020  1 381484 40843 1.6 47 30 19 35 60% 472311 61923 86%
c
c  seconds  reductions    conflicts         size    tier2         variables
c         MB      restarts       redundant     glue     trail          remaining
c          level        rate          size/glue  tier1    irredundant
c
c s 67.52  0 34 31 12020  1 388568 40214 1.6 47 30 19 35 60% 472297 61923 86%
c e 67.60  0 34 31 12020  1 388568 40206 1.6 47 30 19 35 60% 472277 61921 86%
c s 67.64  0 34 31 12020  1 388568 39227 1.6 47 30 19 35 60% 472263 61921 86%
c - 70.62  0 34 32 12022  1 405885 32502 1.5 46 30 21 36 60% 472263 61921 86%
c p 70.64  0 34 32 12022  1 405885 32672 1.5 46 30 21 36 60% 472263 61803 86%
c u 70.73  0 34 32 12022  1 405885 32588 1.5 46 30 21 36 60% 472263 61803 86%
c v 70.75  0 34 32 12022  1 405885 32571 1.5 46 30 21 36 60% 472263 61803 86%
c w 70.76  0 34 32 12022  1 405885 32568 1.5 46 30 21 36 60% 472263 61803 86%
c B 70.83  0 34 32 12022  1 406074 32683 1.5 46 30 21 36 60% 472263 61803 86%
c ] 72.51  0 35 32 12028  1 417212 39963 1.5 47 31 21 36 60% 472263 61803 86%
c { 72.51  0 23 32 12028  2 417212 39963 1.8 29 16 12 17 65% 472263 61803 86%
c - 74.64  0 23 33 12541  2 432552 38525 1.8 29 16 12 17 64% 471083 61803 86%
c p 74.67  0 23 33 12541  2 432552 38613 1.8 29 16 12 17 64% 471083 61696 85%
c u 74.74  0 23 33 12541  2 432552 38577 1.8 29 16 12 17 64% 471083 61696 85%
c v 74.76  0 23 33 12541  2 432552 38567 1.8 29 16 12 17 64% 471083 61696 85%
c w 74.77  0 23 33 12541  2 432552 38566 1.8 29 16 12 17 64% 471083 61696 85%
c x 74.78  0 23 33 12541  2 432552 38566 1.8 29 16 12 17 64% 471083 61696 85%
c i 74.97  0 23 33 12597  2 433506 39204 1.8 29 16 12 17 64% 471083 61695 85%
c # 75.21  0 23 33 12753  2 435076 40221 1.8 29 16 12 17 64% 471083 61695 85%
c i 75.44  0 23 33 13005  2 436234 41128 1.8 29 16 12 17 64% 471083 61694 85%
c
c  seconds  reductions    conflicts         size    tier2         variables
c         MB      restarts       redundant     glue     trail          remaining
c          level        rate          size/glue  tier1    irredundant
c
c i 75.45  0 23 33 13009  2 436250 41135 1.8 29 16 12 17 64% 471083 61693 85%
c s 78.33  0 22 33 13280  2 458915 48100 1.7 28 16 12 17 64% 471075 61693 85%
c s 78.46  0 22 33 13280  2 458915 46129 1.7 28 16 12 17 64% 469975 61693 85%
c ^ 78.47  0 22 33 13280  2 458915 46129 1.7 28 16 12 17 64% 469975 61693 85%
c - 78.65  0 22 34 13290  2 460061 41445 1.7 28 16 12 17 64% 469975 61693 85%
c 2 78.65  0 22 34 13290  2 460061 41443 1.7 28 16 12 17 64% 469975 61693 85%
c p 78.67  0 22 34 13290  2 460061 42124 1.7 28 16 12 17 64% 469975 61662 85%
c k 78.69  0 22 34 13290  2 460061 42124 1.7 28 16 12 17 64% 469975 61661 85%
c u 78.74  0 22 34 13290  2 460061 42045 1.7 28 16 12 17 64% 469975 61661 85%
c v 78.75  0 22 34 13290  2 460061 42028 1.7 28 16 12 17 64% 469975 61661 85%
c x 78.77  0 22 34 13290  2 460061 42022 1.7 28 16 12 17 64% 469975 61661 85%
c i 79.49  0 22 34 13850  2 465054 45034 1.7 28 16 13 17 64% 469975 61660 85%
c B 79.50  0 22 34 13858  2 465080 45058 1.7 28 16 13 17 64% 469975 61660 85%
c - 82.60  0 22 35 14646  2 488414 53987 1.8 28 16 13 17 64% 469645 61660 85%
c p 82.63  0 22 35 14646  2 488414 54097 1.8 28 16 13 17 64% 469645 61545 85%
c u 82.80  0 22 35 14646  2 488414 54079 1.8 28 16 13 17 64% 469646 61545 85%
c v 82.81  0 22 35 14646  2 488414 54064 1.8 28 16 13 17 64% 469646 61545 85%
c w 82.82  0 22 35 14646  2 488414 54061 1.8 28 16 13 17 64% 469646 61545 85%
c i 83.08  0 22 35 14767  2 489970 55026 1.8 28 16 13 17 64% 469646 61544 85%
c i 83.08  0 22 35 14767  2 489971 55026 1.8 28 16 13 17 64% 469646 61543 85%
c
c  seconds  reductions    conflicts         size    tier2         variables
c         MB      restarts       redundant     glue     trail          remaining
c          level        rate          size/glue  tier1    irredundant
c
c i 83.27  0 22 35 14953  2 490922 55818 1.8 28 16 13 17 64% 469646 61542 85%
c W 85.88  0 23 35 15048  2 496081 59151 1.8 28 16 13 17 64% 468466 61542 85%
c - 88.58  0 22 36 15168  2 517622 65941 1.8 28 16 13 17 64% 468466 61542 85%
c p 88.59  0 22 36 15168  2 517622 66049 1.8 28 16 13 17 64% 468466 61442 85%
c u 88.68  0 22 36 15168  2 517622 65959 1.8 28 16 13 17 64% 468466 61442 85%
c v 88.70  0 22 36 15168  2 517622 65953 1.8 28 16 13 17 64% 468466 61442 85%
c w 88.71  0 22 36 15168  2 517622 65952 1.8 28 16 13 17 64% 468466 61442 85%
c } 89.19  0 22 36 15217  2 521253 68068 1.8 28 16 13 17 64% 468466 61442 85%
c [ 89.19  0 35 36 15217  1 521253 68068 1.5 47 31 21 36 60% 468466 61442 85%
c W 90.55  0 33 36 15222  1 528082 70960 1.5 45 30 21 36 60% 467466 61442 85%
c s 91.65  0 32 36 15224  1 535083 60861 1.5 44 29 22 36 61% 467437 61442 85%
c t 91.68  0 32 36 15224  1 535083 60861 1.5 44 29 22 36 61% 467436 61442 85%
c e 91.79  0 32 36 15224  1 535083 45014 1.5 44 29 22 36 61% 467636 61215 85%
c s 91.85  0 32 36 15224  1 535083 43832 1.5 44 29 22 36 61% 467442 61215 85%
c i 91.89  0 32 36 15224  1 535108 43854 1.5 44 29 22 36 61% 467442 61214 85%
c i 91.90  0 32 36 15224  1 535125 43865 1.5 44 29 22 36 61% 467442 61213 85%
c i 91.90  0 32 36 15224  1 535148 43875 1.5 44 29 22 36 60% 467442 61212 85%
c i 92.21  0 32 36 15224  1 537118 44994 1.5 44 29 22 36 60% 467442 61211 85%
c i 92.53  0 32 36 15224  1 539191 46162 1.5 44 29 22 36 60% 467442 61210 85%
c i 92.79  0 32 36 15224  1 540900 47212 1.5 44 29 22 36 60% 467442 61209 85%
c
c  seconds  reductions    conflicts         size    tier2         variables
c         MB      restarts       redundant     glue     trail          remaining
c          level        rate          size/glue  tier1    irredundant
c
c - 93.84  0 32 37 15229  1 547671 41582 1.5 44 29 22 36 60% 467382 61209 85%
c 2 93.84  0 32 37 15229  1 547671 41581 1.5 44 29 22 36 60% 467382 61208 85%
c p 93.87  0 32 37 15229  1 547671 42180 1.5 44 29 22 36 60% 467382 61146 85%
c v 93.96  0 32 37 15229  1 547671 42078 1.5 44 29 22 36 60% 467382 61146 85%
c w 93.97  0 32 37 15229  1 547671 42076 1.5 44 29 22 36 60% 467382 61146 85%
c x 93.99  0 32 37 15229  1 547671 42076 1.5 44 29 22 36 60% 467382 61146 85%
c O 96.00  0 33 37 15237  1 561084 49726 1.5 45 30 22 36 60% 467382 61146 85%
c - 98.68  0 32 38 15240  1 578561 43316 1.5 43 29 22 36 60% 466752 61146 85%
c p 98.70  0 32 38 15240  1 578561 43657 1.5 43 29 22 36 60% 466752 61028 84%
c k 98.73  0 32 38 15240  1 578561 43657 1.5 43 29 22 36 60% 466752 60905 84%
c v 98.80  0 32 38 15240  1 578561 43561 1.5 43 29 22 36 60% 466752 60905 84%
c w 98.81  0 32 38 15240  1 578561 43559 1.5 43 29 22 36 60% 466752 60905 84%
c x 98.82  0 32 38 15240  1 578561 43559 1.5 43 29 22 36 60% 466752 60905 84%
c B 101.25  0 31 38 15243  1 595085 51881 1.5 42 28 22 35 61% 466752 60905 84%
c - 103.60  0 30 39 15253  1 610299 43578 1.5 41 28 22 35 61% 464707 60905 84%
c p 103.63  0 30 39 15253  1 610299 43839 1.5 41 28 22 35 61% 464707 60765 84%
c k 103.67  0 30 39 15253  1 610299 43839 1.5 41 28 22 35 61% 464707 60642 84%
c u 104.16  0 30 39 15253  1 610299 43761 1.5 41 28 22 35 61% 462077 60642 84%
c v 104.18  0 30 39 15253  1 610299 43748 1.5 41 28 22 35 61% 462077 60642 84%
c w 104.19  0 30 39 15253  1 610299 43746 1.5 41 28 22 35 61% 462077 60642 84%
c
c  seconds   reductions    conflicts         size    tier2         variables
c          MB      restarts       redundant     glue     trail          remaining
c           level        rate          size/glue  tier1    irredundant
c
c x 104.21  0 30 39 15253  1 610299 43746 1.5 41 28 22 35 61% 462077 60642 84%
c ] 105.09  0 30 39 15254  1 616247 46774 1.5 41 28 22 35 61% 462077 60642 84%
c { 105.09  0 22 39 15254  2 616247 46774 1.8 28 16 13 17 64% 462077 60642 84%
c s 105.35  0 22 39 15397  2 617206 46060 1.8 28 16 13 17 64% 461952 60642 84%
c e 105.43  0 22 39 15397  2 617206 45964 1.8 28 16 13 17 64% 461854 60519 84%
c s 105.47  0 22 39 15397  2 617206 45631 1.8 28 16 13 17 64% 461844 60519 84%
c e 105.52  0 22 39 15397  2 617206 45631 1.8 28 16 13 17 64% 461845 60518 84%
c i 105.61  0 22 39 15510  2 617658 45863 1.8 28 16 13 17 64% 461845 60517 84%
c i 105.63  0 22 39 15524  2 617717 45911 1.8 28 16 13 17 64% 461845 60516 84%
c i 105.68  0 22 39 15586  2 617970 46120 1.8 28 16 13 17 64% 461845 60515 84%
c i 105.98  0 22 39 15840  2 619894 47571 1.8 28 16 13 17 64% 461845 60514 84%
c i 105.99  0 22 39 15840  2 619978 47595 1.8 28 16 13 17 64% 461845 60513 84%
c i 106.00  0 22 39 15840  2 620018 47615 1.8 28 16 13 17 64% 461845 60512 84%
c F 107.24  0 21 39 16072  2 630087 53893 1.8 27 16 13 17 64% 461845 60512 84%
c - 109.14  0 21 40 16443  2 642860 52769 1.8 27 16 13 17 63% 461785 60512 84%
c p 109.15  0 21 40 16443  2 642860 53348 1.8 27 16 13 17 63% 461785 60417 84%
c k 109.19  0 21 40 16443  2 642860 53348 1.8 27 16 13 17 63% 461785 60108 83%
c v 109.26  0 21 40 16443  2 642860 53252 1.8 27 16 13 17 63% 461785 60108 83%
c w 109.27  0 21 40 16443  2 642860 53252 1.8 27 16 13 17 63% 461785 60108 83%
c B 112.63  0 21 40 17341  2 666094 68691 1.8 28 15 13 16 63% 461785 60108 83%
c
c  seconds   reductions    conflicts         size    tier2         variables
c          MB      restarts       redundant     glue     trail          remaining
c           level        rate          size/glue  tier1    irredundant
c
c - 114.25  0 21 41 18346  2 676223 64638 1.8 28 16 13 16 63% 457745 60108 83%
c p 114.28  0 21 41 18346  2 676223 65387 1.8 28 16 13 16 63% 457745 59997 83%
c k 114.32  0 21 41 18346  2 676223 65387 1.8 28 16 13 16 63% 457745 59954 83%
c u 114.42  0 21 41 18346  2 676223 65291 1.8 28 16 13 16 63% 457745 59954 83%
c v 114.46  0 21 41 18346  2 676223 65278 1.8 28 16 13 16 63% 457745 59954 83%
c w 114.48  0 21 41 18346  2 676223 65270 1.8 28 16 13 16 63% 457745 59954 83%
c W 121.12  0 21 41 20638  2 703095 83272 1.7 28 16 13 16 64% 456205 59954 83%
c s 121.53  0 21 41 20732  2 705167 72639 1.8 28 16 13 16 64% 456156 59954 83%
c e 121.62  0 21 41 20732  2 705167 72630 1.8 28 16 13 16 64% 456151 59951 83%
c s 121.70  0 21 41 20732  2 705167 69144 1.8 28 16 13 16 64% 456139 59951 83%
c - 122.58  0 21 42 21191  2 710362 57109 1.7 28 16 13 16 64% 456139 59951 83%
c p 122.62  0 21 42 21191  2 710362 58731 1.7 28 16 13 16 64% 456139 59951 83%
c u 122.71  0 21 42 21191  2 710362 58685 1.7 28 16 13 16 64% 456139 59951 83%
c v 122.73  0 21 42 21191  2 710362 58672 1.7 28 16 13 16 64% 456139 59951 83%
c w 122.75  0 21 42 21191  2 710362 58668 1.7 28 16 13 16 64% 456139 59951 83%
c } 125.83  0 21 42 21840  2 734211 73273 1.7 28 16 13 16 64% 456139 59951 83%
c [ 125.83  0 30 42 21840  1 734211 73273 1.5 41 28 22 35 61% 456139 59951 83%
c W 127.35  0 29 42 21841  1 741098 75887 1.5 39 27 22 35 61% 456139 59951 83%
c - 128.06  0 30 43 21844  1 745322 65662 1.5 41 27 22 35 61% 456139 59951 83%
c p 128.08  0 30 43 21844  1 745322 67279 1.5 41 27 22 35 61% 456139 59951 83%
c
c  seconds   reductions    conflicts         size    tier2         variables
c          MB      restarts       redundant     glue     trail          remaining
c           level        rate          size/glue  tier1    irredundant
c
c u 128.26  0 30 43 21844  1 745322 67238 1.5 41 27 22 35 61% 456139 59951 83%
c v 128.29  0 30 43 21844  1 745322 67217 1.5 41 27 22 35 61% 456139 59951 83%
c w 128.30  0 30 43 21844  1 745322 67212 1.5 41 27 22 35 61% 456139 59951 83%
c I 133.43  0 31 43 21857  1 780101 88936 1.6 45 29 22 35 59% 456139 59951 83%
c - 133.67  0 31 44 21857  1 781130 63987 1.6 45 29 22 35 59% 456139 59951 83%
c p 133.70  0 31 44 21857  1 781130 65864 1.6 45 29 22 35 59% 456139 59951 83%
c v 133.84  0 31 44 21857  1 781130 65735 1.6 45 29 22 35 59% 456139 59951 83%
c w 133.86  0 31 44 21857  1 781130 65730 1.6 45 29 22 35 59% 456139 59951 83%
c s 137.27  0 31 44 21858  1 798851 68136 1.6 44 29 23 34 59% 456110 59951 83%
c e 137.33  0 31 44 21858  1 798851 68132 1.6 44 29 23 34 59% 456104 59949 83%
c s 137.40  0 31 44 21858  1 798851 66863 1.6 44 29 23 34 59% 456102 59949 83%
c - 140.56  0 31 45 21858  1 817790 52620 1.5 44 28 23 34 59% 456102 59949 83%
c 2 140.56  0 31 45 21858  1 817790 52617 1.5 44 28 23 34 59% 456102 59949 83%
c p 140.60  0 31 45 21858  1 817790 54570 1.5 44 28 23 34 59% 456102 59949 83%
c u 140.71  0 31 45 21858  1 817790 54478 1.5 44 28 23 34 59% 456102 59949 83%
c v 140.73  0 31 45 21858  1 817790 54463 1.5 44 28 23 34 59% 456102 59949 83%
c w 140.75  0 31 45 21858  1 817790 54461 1.5 44 28 23 34 59% 456102 59949 83%
c x 140.79  0 31 45 21858  1 817790 54461 1.5 44 28 23 34 59% 456102 59949 83%
c B 141.29  0 30 45 21858  1 820104 55584 1.5 44 28 23 34 59% 456102 59949 83%
c ] 145.75  0 32 45 21859  1 848689 73228 1.5 45 30 23 34 59% 456102 59949 83%
c
c  seconds   reductions    conflicts         size    tier2         variables
c          MB      restarts       redundant     glue     trail          remaining
c           level        rate          size/glue  tier1    irredundant
c
c { 145.75  0 21 45 21859  2 848689 73228 1.7 28 16 13 16 64% 456102 59949 83%
c - 146.90  0 22 46 22507  2 855296 54206 1.7 28 16 13 16 64% 456102 59949 83%
c p 146.93  0 22 46 22507  2 855296 56654 1.7 28 16 13 16 64% 456102 59949 83%
c u 147.06  0 22 46 22507  2 855296 56589 1.7 28 16 13 16 64% 456102 59949 83%
c v 147.09  0 22 46 22507  2 855296 56569 1.7 28 16 13 16 64% 456102 59949 83%
c w 147.12  0 22 46 22507  2 855296 56557 1.7 28 16 13 16 64% 456102 59949 83%
c # 147.95  0 22 46 22709  2 861106 60331 1.7 28 16 13 16 63% 456102 59949 83%
c - 152.44  0 21 47 23876  2 893655 66494 1.7 28 16 13 16 63% 456102 59949 83%
c p 152.47  0 21 47 23876  2 893655 68325 1.7 28 16 13 16 63% 456102 59949 83%
c u 152.59  0 21 47 23876  2 893655 68257 1.7 28 16 13 16 63% 456102 59949 83%
c v 152.62  0 21 47 23876  2 893655 68241 1.7 28 16 13 16 63% 456102 59949 83%
c w 152.63  0 21 47 23876  2 893655 68239 1.7 28 16 13 16 63% 456102 59949 83%
c s 153.45  0 21 47 24053  2 898388 64291 1.7 28 16 13 16 63% 456100 59949 83%
c e 153.50  0 21 47 24053  2 898388 64290 1.7 28 16 13 16 63% 456098 59944 83%
c s 153.59  0 21 47 24053  2 898388 62837 1.7 28 16 13 16 63% 456098 59944 83%
c B 154.27  0 21 47 24081  2 903110 65863 1.7 28 16 13 16 63% 456098 59944 83%
c - 158.73  0 22 48 26000  2 932863 72246 1.7 28 16 13 16 63% 456098 59944 83%
c 2 158.73  0 22 48 26000  2 932863 72245 1.7 28 16 13 16 63% 456098 59944 83%
c p 158.77  0 22 48 26000  2 932863 74479 1.7 28 16 13 16 63% 456098 59944 83%
c u 159.41  0 22 48 26000  2 932863 74367 1.7 28 16 13 16 63% 456098 59944 83%
c
c  seconds   reductions    conflicts         size    tier2         variables
c          MB      restarts       redundant     glue     trail          remaining
c           level        rate          size/glue  tier1    irredundant
c
c v 159.44  0 22 48 26000  2 932863 74340 1.7 28 16 13 16 63% 456098 59944 83%
c w 159.46  0 22 48 26000  2 932863 74334 1.7 28 16 13 16 63% 456098 59944 83%
c W 163.93  0 21 48 26025  2 946112 82582 1.7 28 16 13 16 63% 456098 59944 83%
c - 167.69  0 21 49 27607  2 972925 84292 1.7 27 16 13 16 63% 456098 59944 83%
c p 167.73  0 21 49 27607  2 972925 86050 1.7 27 16 13 16 63% 456098 59944 83%
c u 167.82  0 21 49 27607  2 972925 85974 1.7 27 16 13 16 63% 456098 59944 83%
c v 167.84  0 21 49 27607  2 972925 85933 1.7 27 16 13 16 63% 456098 59944 83%
c w 167.86  0 21 49 27607  2 972925 85930 1.7 27 16 13 16 63% 456098 59944 83%
c F 169.82  0 21 49 27622  2 990113 97064 1.7 27 16 13 16 63% 456098 59944 83%
c } 171.26  0 21 49 28166  2 999876 103674 1.7 27 16 13 16 63% 456098 59944 83%
c [ 171.26  0 32 49 28166  1 999876 103674 1.5 45 30 23 34 59% 456098 59944 83%
c s 171.97  0 31 49 28166  1 1003785 89350 1.6 47 29 23 34 59% 456080 59944 83%
c e 172.05  0 31 49 28166  1 1003785 89322 1.6 47 29 23 34 59% 456077 59943 83%
c s 172.15  0 31 49 28166  1 1003785 86024 1.6 47 29 23 34 59% 456076 59943 83%
c - 173.91  0 33 50 28166  1 1013835 75719 1.8 53 30 23 34 59% 456076 59943 83%
c 2 173.91  0 33 50 28166  1 1013835 75718 1.8 53 30 23 34 59% 456076 59943 83%
c p 173.95  0 33 50 28166  1 1013835 77644 1.8 53 30 23 34 59% 456076 59943 83%
c k 173.98  0 33 50 28166  1 1013835 77644 1.8 53 30 23 34 59% 456076 59913 83%
c v 174.09  0 33 50 28166  1 1013835 77506 1.8 53 30 23 34 59% 456076 59913 83%
c w 174.11  0 33 50 28166  1 1013835 77503 1.8 53 30 23 34 59% 456076 59913 83%
c
c  seconds   reductions     conflicts         size    tier2         variables
c          MB      restarts        redundant     glue     trail          remaining
c           level        rate           size/glue  tier1    irredundant
c
c W 178.61  0 33 50 28166  1 1035115 90426 1.7 54 31 23 34 59% 455894 59913 83%
c - 181.67  0 34 51 28173  1 1055598 74060 1.7 53 31 24 34 59% 455894 59913 83%
c p 181.70  0 34 51 28173  1 1055598 75974 1.7 53 31 24 34 59% 455894 59913 83%
c v 181.86  0 34 51 28173  1 1055598 75826 1.7 53 31 24 34 59% 455894 59913 83%
c w 181.88  0 34 51 28173  1 1055598 75820 1.7 53 31 24 34 59% 455894 59913 83%
c O 185.48  0 34 51 28185  1 1081116 89847 1.6 52 32 24 34 59% 455894 59913 83%
c - 188.25  0 33 52 28195  1 1098206 72124 1.6 50 31 24 34 60% 455894 59913 83%
c p 188.29  0 33 52 28195  1 1098206 74433 1.6 50 31 24 34 60% 455894 59913 83%
c u 188.51  0 33 52 28195  1 1098206 74307 1.6 50 31 24 34 60% 455894 59913 83%
c v 188.56  0 33 52 28195  1 1098206 74175 1.6 50 31 24 34 60% 455894 59913 83%
c w 188.58  0 33 52 28195  1 1098206 74169 1.6 50 31 24 34 60% 455894 59913 83%
c s 191.43  0 33 52 28197  1 1115036 81046 1.6 49 31 24 34 60% 455859 59913 83%
c e 191.49  0 33 52 28197  1 1115036 80899 1.6 49 31 24 34 60% 455827 59878 83%
c s 191.57  0 33 52 28197  1 1115036 79812 1.6 49 31 24 34 60% 455820 59878 83%
c e 191.59  0 33 52 28197  1 1115036 79798 1.6 49 31 24 34 60% 455817 59877 83%
c B 193.62  0 33 52 28199  1 1128118 87344 1.5 48 31 25 34 61% 455817 59877 83%
c ] 195.29  0 34 52 28205  1 1138977 94000 1.5 49 32 25 34 60% 455817 59877 83%
c { 195.29  0 21 52 28205  2 1138977 94000 1.7 27 16 13 16 63% 455817 59877 83%
c - 196.12  0 21 53 28831  2 1141664 68186 1.7 27 16 13 16 63% 455817 59877 83%
c 2 196.12  0 21 53 28831  2 1141664 68180 1.7 27 16 13 16 63% 455817 59877 83%
c
c  seconds   reductions     conflicts         size    tier2         variables
c          MB      restarts        redundant     glue     trail          remaining
c           level        rate           size/glue  tier1    irredundant
c
c p 196.16  0 21 53 28831  2 1141664 70776 1.7 27 16 13 16 63% 455817 59877 83%
c u 196.31  0 21 53 28831  2 1141664 70672 1.7 27 16 13 16 63% 455817 59877 83%
c v 196.35  0 21 53 28831  2 1141664 70513 1.7 27 16 13 16 63% 455817 59877 83%
c w 196.38  0 21 53 28831  2 1141664 70510 1.7 27 16 13 16 63% 455817 59877 83%
c B 201.07  0 21 53 30309  2 1176121 92715 1.7 27 16 13 16 64% 455817 59877 83%
c - 202.74  0 22 54 31563  2 1185973 80214 1.7 28 17 13 16 64% 455817 59877 83%
c p 202.78  0 22 54 31563  2 1185973 81428 1.7 28 17 13 16 64% 455817 59877 83%
c u 202.89  0 22 54 31563  2 1185973 81409 1.7 28 17 13 16 64% 455817 59877 83%
c v 202.92  0 22 54 31563  2 1185973 81320 1.7 28 17 13 16 64% 455817 59877 83%
c w 202.93  0 22 54 31563  2 1185973 81315 1.7 28 17 13 16 64% 455817 59877 83%
c W 211.53  0 22 54 33677  2 1225122 106938 1.7 28 17 13 16 64% 455817 59877 83%
c - 212.49  0 22 55 33707  2 1231135 94588 1.7 28 17 13 16 64% 455817 59877 83%
c u 212.68  0 22 55 33707  2 1231135 94484 1.7 28 17 13 16 64% 455817 59877 83%
c v 212.73  0 22 55 33707  2 1231135 94410 1.7 28 17 13 16 64% 455817 59877 83%
c w 212.75  0 22 55 33707  2 1231135 94403 1.7 28 17 13 16 64% 455817 59877 83%
c s 213.14  0 22 55 33707  2 1232172 82817 1.7 28 17 13 16 64% 455807 59877 83%
c e 213.19  0 22 55 33707  2 1232172 82817 1.7 28 17 13 16 64% 455805 59875 83%
c s 213.30  0 22 55 33707  2 1232172 80135 1.7 28 17 13 16 64% 455805 59875 83%
c # 220.15  0 22 55 36137  2 1275123 110253 1.7 29 17 13 16 64% 455805 59875 83%
c - 220.61  0 22 56 36493  2 1277150 95945 1.7 29 17 13 16 64% 455805 59875 83%
c
c  seconds   reductions     conflicts         size    tier2         variables
c          MB      restarts        redundant     glue     trail          remaining
c           level        rate           size/glue  tier1    irredundant
c
c 2 220.61  0 22 56 36493  2 1277150 95943 1.7 29 17 13 16 64% 455805 59875 83%
c p 220.65  0 22 56 36493  2 1277150 96186 1.7 29 17 13 16 64% 455805 59875 83%
c u 220.79  0 22 56 36493  2 1277150 96135 1.7 29 17 13 16 64% 455805 59875 83%
c v 220.84  0 22 56 36493  2 1277150 96056 1.7 29 17 13 16 64% 455805 59875 83%
c w 220.87  0 22 56 36493  2 1277150 96053 1.7 29 17 13 16 64% 455805 59875 83%
c } 225.34  0 22 56 37970  2 1309508 117048 1.7 28 16 13 16 63% 455805 59875 83%
c [ 225.34  0 34 56 37970  1 1309508 117048 1.5 49 32 25 34 60% 455805 59875 83%
c - 227.68  0 32 57 37977  1 1324014 106845 1.7 51 30 25 34 60% 455805 59875 83%
c u 227.86  0 32 57 37977  1 1324014 106754 1.7 51 30 25 34 60% 455805 59875 83%
c v 227.90  0 32 57 37977  1 1324014 106676 1.7 51 30 25 34 60% 455805 59875 83%
c w 227.93  0 32 57 37977  1 1324014 106675 1.7 51 30 25 34 60% 455805 59875 83%
c W 229.73  0 32 57 37977  1 1326125 108681 1.7 52 30 25 34 60% 455805 59875 83%
c s 234.20  0 33 57 37992  1 1355166 109409 1.6 51 31 25 34 60% 455802 59875 83%
c e 234.27  0 33 57 37992  1 1355166 109351 1.6 51 31 25 34 60% 455798 59873 83%
c s 234.38  0 33 57 37992  1 1355166 105759 1.6 51 31 25 34 60% 455788 59873 83%
c e 234.41  0 33 57 37992  1 1355166 105740 1.6 51 31 25 34 60% 455785 59872 83%
c - 236.91  0 33 58 37993  1 1371730 87850 1.6 51 32 25 34 59% 455785 59872 83%
c p 236.95  0 33 58 37993  1 1371730 88164 1.6 51 32 25 34 59% 455785 59872 83%
c u 237.65  0 33 58 37993  1 1371730 88002 1.6 51 32 25 34 59% 455785 59872 83%
c v 237.69  0 33 58 37993  1 1371730 87970 1.6 51 32 25 34 59% 455785 59872 83%
c
c  seconds   reductions     conflicts         size    tier2         variables
c          MB      restarts        redundant     glue     trail          remaining
c           level        rate           size/glue  tier1    irredundant
c
c w 237.72  0 33 58 37993  1 1371730 87955 1.6 51 32 25 34 59% 455785 59872 83%
c I 238.71  0 34 58 37993  1 1378126 91668 1.6 51 32 25 34 59% 455785 59872 83%
c - 245.84  0 33 59 38000  1 1420299 83861 1.5 48 31 26 34 59% 455785 59872 83%
c u 246.05  0 33 59 38000  1 1420299 83736 1.5 48 31 26 34 59% 455785 59872 83%
c v 246.10  0 33 59 38000  1 1420299 83704 1.5 48 31 26 34 59% 455785 59872 83%
c w 246.13  0 33 59 38000  1 1420299 83694 1.5 48 31 26 34 59% 455785 59872 83%
c B 248.10  0 33 59 38006  1 1431127 89741 1.5 48 31 26 34 59% 455785 59872 83%
c - 254.30  0 33 60 38023  1 1469723 81301 1.5 48 31 25 33 59% 455785 59872 83%
c p 254.34  0 33 60 38023  1 1469723 81302 1.5 48 31 25 33 59% 455785 59872 83%
c u 254.47  0 33 60 38023  1 1469723 81239 1.5 48 31 25 33 59% 455785 59872 83%
c v 254.50  0 33 60 38023  1 1469723 81214 1.5 48 31 25 33 59% 455785 59872 83%
c w 254.52  0 33 60 38023  1 1469723 81202 1.5 48 31 25 33 59% 455785 59872 83%
c ] 255.50  0 33 60 38024  1 1475025 84913 1.5 48 31 25 33 59% 455785 59872 83%
c { 255.50  0 22 60 38024  2 1475025 84913 1.7 28 16 13 16 63% 455785 59872 83%
c s 256.98  0 22 60 38755  2 1484016 88702 1.7 28 17 13 16 63% 455778 59872 83%
c e 257.04  0 22 60 38755  2 1484016 88702 1.7 28 17 13 16 63% 455774 59868 83%
c s 257.14  0 22 60 38755  2 1484016 87817 1.7 28 17 13 16 63% 455772 59868 83%
c e 257.16  0 22 60 38755  2 1484016 87804 1.7 28 17 13 16 63% 455769 59867 83%
c B 257.33  0 22 60 38768  2 1485128 88428 1.7 28 17 13 16 63% 455769 59867 83%
c - 262.59  0 22 61 40287  2 1519996 90202 1.8 30 16 13 16 63% 455769 59867 83%
c
c  seconds   reductions     conflicts         size    tier2         variables
c          MB      restarts        redundant     glue     trail          remaining
c           level        rate           size/glue  tier1    irredundant
c
c p 262.63  0 22 61 40287  2 1519996 90402 1.8 30 16 13 16 63% 455769 59867 83%
c v 262.84  0 22 61 40287  2 1519996 90199 1.8 30 16 13 16 63% 455769 59867 83%
c w 262.87  0 22 61 40287  2 1519996 90189 1.8 30 16 13 16 63% 455769 59867 83%
c W 268.49  0 21 61 40316  2 1540132 102864 1.8 29 16 13 16 63% 455769 59867 83%
c - 272.72  0 20 62 40382  2 1571122 116029 1.9 29 15 13 16 63% 455769 59867 83%
c p 272.76  0 20 62 40382  2 1571122 116031 1.9 29 15 13 16 63% 455769 59867 83%
c u 272.99  0 20 62 40382  2 1571122 116002 1.9 29 15 13 16 63% 455769 59867 83%
c v 273.04  0 20 62 40382  2 1571122 115920 1.9 29 15 13 16 63% 455769 59867 83%
c w 273.06  0 20 62 40382  2 1571122 115915 1.9 29 15 13 16 63% 455769 59867 83%
c F 276.62  0 20 62 41859  2 1596134 131790 1.9 29 15 13 16 63% 455769 59867 83%
c s 279.68  0 20 62 42459  2 1618727 120887 1.9 28 15 13 16 63% 455762 59867 83%
c s 279.91  0 20 62 42459  2 1618727 114834 1.9 28 15 13 16 63% 455761 59867 83%
c - 280.54  0 19 63 42463  2 1623101 106077 1.9 28 15 13 16 63% 455761 59867 83%
c p 280.58  0 19 63 42463  2 1623101 106332 1.9 28 15 13 16 63% 455761 59867 83%
c v 280.80  0 19 63 42463  2 1623101 106183 1.9 28 15 13 16 63% 455761 59867 83%
c w 280.83  0 19 63 42463  2 1623101 106182 1.9 28 15 13 16 63% 455761 59867 83%
c B 286.11  0 22 63 46951  2 1653136 128533 1.8 30 16 13 16 64% 455761 59867 83%
c - 289.51  0 22 64 47948  2 1675932 121780 1.8 30 16 13 16 64% 455761 59867 83%
c p 289.55  0 22 64 47948  2 1675932 121781 1.8 30 16 13 16 64% 455761 59867 83%
c u 289.75  0 22 64 47948  2 1675932 121699 1.8 30 16 13 16 64% 455761 59867 83%
c
c  seconds   reductions     conflicts          size    tier2         variables
c          MB      restarts        redundant      glue     trail          remaining
c           level        rate            size/glue  tier1    irredundant
c
c v 289.81  0 22 64 47948  2 1675932 121563 1.8 30 16 13 16 64% 455761 59867 83%
c w 289.85  0 22 64 47948  2 1675932 121557 1.8 30 16 13 16 64% 455761 59867 83%
c } 290.57  0 22 64 48200  2 1680234 124652 1.8 30 16 13 16 64% 455761 59867 83%
c [ 290.57  0 33 64 48200  1 1680234 124652 1.5 48 31 25 33 59% 455761 59867 83%
c W 297.21  0 31 64 48208  1 1711137 142034 1.6 47 29 25 33 59% 455761 59867 83%
c ] 299.92  0 31 64 48216  1 1729501 153228 1.6 48 30 25 33 59% 455761 59867 83%
c ? 299.92  0 31 64 48216  1 1729501 153228 1.6 48 30 25 33 59% 455761 59867 83%
c
c --- [ result ] -------------------------------------------------------------
c
c UNKNOWN
c
c --- [ run-time profiling ] -------------------------------------------------
c
c process time taken by individual solving procedures
c (percentage relative to process time for solving)
c
c       280.11   93.42% search
c       136.58   45.55% unstable
c       119.55   39.87% stable
c        23.89    7.97% walk
c        19.73    6.58% simplify
c         5.58    1.86% vivify
c         3.06    1.02% subsume
c         2.65    0.89% sweep
c         1.86    0.62% elim
c         1.49    0.50% backbone
c         1.05    0.35% congruence
c         0.60    0.20% probe
c         0.46    0.15% ternary
c         0.09    0.03% lucky
c         0.08    0.03% parse
c   =================================
c       299.85   99.97% solve
c
c last line shows process time for solving
c (percentage relative to total process time)
c
c --- [ statistics ] ---------------------------------------------------------
c
c chronological:            340021        19.66 %  of conflicts
c conflicts:               1729501      5767.92    per second
c backbone:              108462011    150095.50 %  of vars
c decisions:               2673503      8916.18    per second
c eliminated:                 1727         2.39 %  of all variables
c fixed:                     10657        14.75 %  of all variables
c learned:                 1680687        97.18 %  per conflict
c learned_lits:          913101437       100.00 %  learned literals
c minimized:                     0         0.00 %  learned literals
c shrunken:              841877512        92.20 %  learned literals
c minishrunken:            8501215         0.93 %  learned literals
c otfs:                       1478         0.09 %  of conflict
c propagations:         3025370745        10.09 M  per second
c reduced:                  717507        41.49 %  per conflict
c rephased:                     58     29818.98    interval
c restarts:                  48216        35.87    interval
c stabilizing:                  12        44.84 %  of conflicts
c substituted:                  11         0.02 %  of all variables
c subsumed:                 788532        34.78 %  of all clauses
c strengthened:             569546        25.12 %  of all clauses
c ticks:               21163202971         8.30    propagation
c vivified:                   2565         0.11 %  of all clauses
c walked:                       18     96083.39    interval
c weakened:                  10843         5.50    average size
c congruence:                   12    144125.08    interval
c
c seconds are measured in process time for solving
c
c --- [ glue usage ] ---------------------------------------------------------
c
c focused glue 13 used 193284 clauses 10.54% accumulated 58.10% tier1
c focused glue 14 used 177543 clauses 9.686% accumulated 67.78%
c focused glue 15 used 147208 clauses 8.031% accumulated 75.81%
c focused glue 16 used 113570 clauses 6.196% accumulated 82.01% tier2
c
c stable glue 25 used 127594 clauses 5.005% accumulated 50.99% tier1
c stable glue 26 used 127813 clauses 5.014% accumulated 56.00%
c stable glue 27-31 used 586349 clauses 23.00% accumulated 79.00%
c stable glue 32 used 98755 clauses 3.874% accumulated 82.88%
c stable glue 33 used 90988 clauses 3.569% accumulated 86.45% tier2
c
c
c --- [ resources ] ----------------------------------------------------------
c
c total process time since initialization:       299.92    seconds
c total real time since initialization:          300.01    seconds
c maximum resident set size of process:          643.11    MB
c
c --- [ shutting down ] ------------------------------------------------------
c
c exit 0
real 300.03
user 299.29
sys 0.64
