c --- [ banner ] -------------------------------------------------------------
c
c CaDiCaL SAT Solver
c Copyright (c) 2016-2026
c A. Biere, M. Fleury, N. Froleyks, K. Fazekas, F. Pollitt, T. Faller
c JKU Linz, University of Freiburg, TU Wien
c
c Version 3.0.1 c60730422e758ef1cebe7aeddf2dda31c996bf04
c Apple clang version 21.0.0 (clang-2100.1.1.101) -Wall -Wextra -O3 -DNDEBUG -DNCLOSEFROM
c Tue Sep 1 21:08:57 PDT 2026 Darwin retained-runner 25.6.0 arm64
c
c --- [ limit ] --------------------------------------------------------------
c
c setting time limit to 300 seconds real time (due to '-t 300')
c
c --- [ parsing input ] ------------------------------------------------------
c
c reading DIMACS file from 'build/l9-r1-70-support70-pattern.cnf'
c opening file to read 'build/l9-r1-70-support70-pattern.cnf'
c found 'p cnf 72774 539988' header
c parsed 539988 clauses in 0.07 seconds process time
c
c --- [ options ] ------------------------------------------------------------
c
c all options are set to their default value
c
c --- [ solving ] ------------------------------------------------------------
c
c time measured in process time since initialization
c
c  seconds  reduction conflicts       size tier2        variables
c         MB    restarts   redundant    glue  trail          remaining
c          level     rate       size/glu tier1  irredundant
c
c *  0.07  0  0 0   0  0    0    0 0.0 0 0 2 6  0% 532601 69846 96%
c )  0.12  0  0 0   0  0    0    0 0.0 1 0 2 6  7% 532601 67431 93%
c {  0.16  0  0 0   0  0    0    0 0.0 1 0 2 6  7% 532601 67431 93%
c i  0.16  0  0 0   0  0    0    0 0.0 1 0 2 6  7% 532601 67431 93%
c -  0.22  0 61 1  31  8  302  101 2.2 38 17 2 6 55% 519269 67431 93%
c }  0.32  0 69 1  75  8 1003  761 2.8 42 15 2 6 62% 519269 67431 93%
c [  0.32  0  0 1  75  0 1003  761 0.0 0 0 2 6  0% 519269 67431 93%
c O  0.32  0 54 1  75 55 1004  762 1.0 55 54 2 6 66% 519269 67431 93%
c -  0.35  0 51 2  75  2 1047  372 1.0 53 51 2 6 65% 519269 67431 93%
c -  0.56  0 45 3  76  1 2433  292 1.1 49 45 2 6 65% 519269 67431 93%
c ]  0.61  0 45 3  76  1 2806  348 1.1 49 45 2 6 65% 519269 67431 93%
c {  0.61  0 69 3  76  8 2806  348 2.8 42 15 2 6 62% 519269 67431 93%
c O  0.67  0 76 3 109 11 3006  539 2.6 43 17 2 6 62% 519269 67431 93%
c d  0.71  0 72 3 118 10 3279  775 2.6 39 15 2 6 62% 519265 67429 93%
c p  0.72  0 72 3 118 10 3279  775 2.6 39 15 2 6 62% 519265 67428 93%
c -  1.03  0 61 4 137  6 4548  871 2.6 37 14 2 6 66% 519255 67428 93%
c s  1.19  0 53 4 165  5 5862 2055 2.7 36 13 7 13 69% 516441 67428 93%
c e  1.48  0 53 4 165  5 5862 1234 2.7 36 13 7 13 69% 514731 66335 91%
c s  1.49  0 53 4 165  5 5862 1234 2.7 36 13 7 13 69% 514346 66335 91%
c e  1.54  0 53 4 165  5 5862 1234 2.7 36 13 7 13 69% 514342 66333 91%
c
c  seconds  reduction conflicts       size   tier2         variables
c         MB    restarts   redundant     glue    trail          remaining
c          level     rate       size/glue  tier1   irredundant
c
c #  1.56  0 52 4 165  5 6008 1364 2.7 35 13 7 13 69% 514342 66333 91%
c -  1.72  0 57 5 233  5 7438 2166 2.4 30 13 6 13 68% 514342 66333 91%
c k  1.84  0 55 5 233  4 8388 3032 2.3 28 12 6 13 67% 514342 66311 91%
c k  1.85  0 55 5 233  4 8388 3032 2.3 28 12 6 13 67% 514342 66309 91%
c B  1.94  0 50 5 267  4 10009 4517 2.2 25 11 6 10 65% 514342 66309 91%
c -  1.99  0 51 6 278  4 11127 4635 2.1 23 11 6 10 65% 514102 66309 91%
c k  2.00  0 51 6 278  4 11127 4635 2.1 23 11 6 10 65% 514102 66293 91%
c }  2.10  0 50 6 284  4 11470 4943 2.1 23 11 6 10 65% 513942 66293 91%
c [  2.10  0 45 6 284  1 11470 4943 1.1 49 45 2 6 65% 513942 66293 91%
c i  2.10  0 43 6 284  1 11624 5069 1.1 46 42 2 6 65% 513942 66116 91%
c I  2.77  0 43 6 287  1 15010 7267 2.0 81 40 41 45 66% 513942 66116 91%
c i  2.80  0 43 6 287  1 15184 7322 2.0 80 40 41 45 66% 513942 66115 91%
c i  2.82  0 43 6 287  1 15289 7376 2.0 79 40 41 45 66% 513942 66114 91%
c i  2.82  0 43 6 287  1 15298 7384 2.0 79 40 41 45 66% 513942 66113 91%
c i  2.83  0 43 6 287  1 15363 7408 2.0 79 40 41 45 66% 513942 66112 91%
c i  2.84  0 43 6 287  1 15439 7429 2.0 78 40 41 45 66% 513942 66111 91%
c -  2.89  0 43 7 287  1 15639 2084 1.9 77 40 41 45 66% 512827 66111 91%
c k  2.90  0 43 7 287  1 15639 2084 1.9 77 40 41 45 66% 512827 66047 91%
c t  2.91  0 43 7 287  1 15639 2084 1.9 77 40 41 45 66% 512792 66047 91%
c k  2.91  0 43 7 287  1 15639 2084 1.9 77 40 41 45 66% 512792 66045 91%
c
c  seconds  reductions conflicts       size    tier2         variables
c         MB    restarts    redundant     glue     trail          remaining
c          level     rate        size/glue  tier1    irredundant
c
c i  2.95  0 43 7 288  1 15895 2195 1.9 76 40 41 45 65% 512792 66044 91%
c ]  3.09  0 43 7 288  1 16871 2519 1.8 71 40 41 45 64% 512792 66044 91%
c {  3.09  0 50 7 288  4 16871 2519 2.1 23 11 6 10 65% 512792 66044 91%
c i  3.10  0 50 7 302  4 16940 2554 2.1 23 11 6 10 64% 512792 66043 91%
c s  3.26  0 49 7 472  4 17687 2824 1.9 24 13 6 10 64% 511028 66043 91%
c e  3.33  0 49 7 472  4 17687 2581 1.9 24 13 6 10 64% 510166 65861 91%
c s  3.36  0 49 7 472  4 17687 2557 1.9 24 13 6 10 64% 509795 65861 91%
c e  3.41  0 49 7 472  4 17687 2557 1.9 24 13 6 10 64% 509791 65856 90%
c i  3.55  0 48 7 682  4 18575 2937 1.7 25 14 6 10 64% 509791 65855 90%
c i  3.55  0 48 7 684  4 18582 2943 1.7 25 14 6 10 64% 509791 65854 90%
c i  3.55  0 48 7 688  4 18600 2953 1.7 25 14 6 10 64% 509791 65853 90%
c i  3.55  0 48 7 689  4 18601 2953 1.7 25 14 6 10 64% 509791 65852 90%
c i  3.92  0 45 7 1274  3 20975 4286 1.6 26 17 6 10 64% 509791 65851 90%
c -  3.94  0 45 8 1277  3 20985 1980 1.6 26 17 6 10 64% 509741 65851 90%
c c  4.04  0 45 8 1277  3 20985 1980 1.6 26 17 6 10 64% 509745 65851 90%
c d  4.05  0 45 8 1277  3 20985 1980 1.6 26 17 6 10 64% 509737 65847 90%
c k  4.06  0 45 8 1277  3 20985 1980 1.6 26 17 6 10 64% 509737 65751 90%
c 2  4.06  0 45 8 1277  3 20985 1980 1.6 26 17 6 10 64% 509706 65747 90%
c u  4.09  0 45 8 1277  3 20985 1955 1.6 26 17 6 10 64% 509706 65747 90%
c v  4.09  0 45 8 1277  3 20985 1949 1.6 26 17 6 10 64% 509706 65747 90%
c
c  seconds  reductions  conflicts       size   tier2         variables
c         MB    restarts     redundant     glue    trail          remaining
c          level      rate        size/glue  tier1   irredundant
c
c w  4.10  0 45 8 1277  3 20985 1946 1.6 26 17 6 10 64% 509706 65747 90%
c x  4.11  0 45 8 1277  3 20985 1946 1.6 26 17 6 10 64% 509706 65747 90%
c W  4.43  0 45 8 1284  3 21011 1963 1.6 26 17 6 10 64% 508697 65747 90%
c -  5.30  0 39 9 1745  3 27168 5179 1.6 28 18 7 26 65% 508697 65747 90%
c k  5.32  0 39 9 1745  3 27168 5179 1.6 28 18 7 26 65% 508697 65683 90%
c F  5.55  0 38 9 1745  3 28015 5713 1.6 28 18 7 26 65% 508057 65683 90%
c }  5.65  0 37 9 1747  3 28971 6213 1.6 28 18 7 26 65% 508057 65683 90%
c [  5.65  0 43 9 1747  1 28971 6213 1.8 71 40 41 45 64% 508057 65683 90%
c -  6.39  0 35 10 1749  1 34198 8216 1.8 58 33 41 45 63% 508057 65683 90%
c k  6.50  0 35 10 1749  1 34198 8216 1.8 58 33 41 45 63% 508057 65623 90%
c k  6.51  0 35 10 1749  1 34198 8216 1.8 58 33 41 45 63% 508057 65621 90%
c s  6.74  0 34 10 1750  1 35404 7488 1.7 55 32 41 45 63% 507645 65621 90%
c e  6.80  0 34 10 1750  1 35404 7488 1.7 55 32 41 45 63% 507023 65619 90%
c s  6.84  0 34 10 1750  1 35404 7083 1.7 55 32 41 45 63% 506902 65619 90%
c e  6.88  0 34 10 1750  1 35404 7083 1.7 55 32 41 45 63% 506898 65617 90%
c B  6.98  0 34 10 1750  1 36016 7303 1.7 54 31 41 45 63% 506898 65617 90%
c -  8.06  0 35 11 1754  1 42087 6541 1.6 52 33 30 42 63% 506898 65617 90%
c p  8.09  0 35 11 1754  1 42087 6613 1.6 52 33 30 42 63% 506898 65616 90%
c k  8.10  0 35 11 1754  1 42087 6613 1.6 52 33 30 42 63% 506898 65526 90%
c u  8.14  0 35 11 1754  1 42087 6592 1.6 52 33 30 42 63% 506898 65526 90%
c
c  seconds  reductions   conflicts       size    tier2         variables
c         MB     restarts     redundant     glue     trail          remaining
c          level       rate        size/glue  tier1    irredundant
c
c v  8.15  0 35 11 1754  1 42087 6586 1.6 52 33 30 42 63% 506898 65526 90%
c w  8.15  0 35 11 1754  1 42087 6585 1.6 52 33 30 42 63% 506898 65526 90%
c x  8.17  0 35 11 1754  1 42087 6585 1.6 52 33 30 42 63% 506898 65526 90%
c ]  8.24  0 35 11 1754  1 42417 6751 1.6 52 33 30 42 63% 506898 65526 90%
c {  8.24  0 37 11 1754  3 42417 6751 1.6 28 18 7 26 65% 506898 65526 90%
c i  8.43  0 37 11 1940  3 43188 7430 1.6 29 18 7 26 65% 506898 65525 90%
c i  8.44  0 37 11 1945  3 43207 7445 1.6 29 18 7 26 65% 506898 65524 90%
c i  8.69  0 37 11 2164  3 44489 8397 1.6 29 18 7 26 65% 506898 65523 90%
c B  8.78  0 37 11 2203  3 45017 8709 1.6 29 18 7 26 65% 506898 65523 90%
c i  8.92  0 37 11 2306  3 45652 9222 1.6 29 19 7 26 65% 506898 65522 90%
c i  8.92  0 37 11 2306  3 45680 9244 1.6 29 19 7 26 65% 506898 65521 90%
c i  8.92  0 37 11 2306  3 45718 9255 1.6 29 19 7 26 65% 506898 65520 90%
c i  8.95  0 37 11 2306  3 45892 9326 1.6 29 19 7 26 65% 506898 65519 90%
c i  8.97  0 36 11 2306  3 46042 9364 1.6 29 19 7 26 65% 506898 65518 90%
c i  8.97  0 36 11 2306  3 46061 9376 1.6 29 19 7 26 65% 506898 65517 90%
c i  8.99  0 36 11 2306  3 46200 9427 1.6 29 18 7 26 65% 506898 65516 90%
c i  9.03  0 36 11 2306  3 46510 9576 1.6 29 18 7 26 65% 506898 65515 90%
c i  9.04  0 36 11 2306  3 46536 9591 1.6 29 18 7 26 65% 506898 65514 90%
c i  9.04  0 36 11 2306  3 46555 9595 1.6 29 18 7 26 65% 506898 65513 90%
c i  9.08  0 36 11 2306  3 46809 9704 1.6 29 18 7 26 65% 506898 65512 90%
c
c  seconds  reductions   conflicts       size   tier2         variables
c         MB     restarts     redundant     glue    trail          remaining
c          level       rate        size/glue  tier1   irredundant
c
c i  9.09  0 36 11 2306  3 46914 9754 1.6 29 18 7 26 65% 506898 65511 90%
c i  9.10  0 36 11 2306  3 46937 9767 1.6 29 18 7 26 65% 506898 65510 90%
c i  9.11  0 36 11 2306  3 47013 9789 1.5 28 18 7 26 65% 506898 65509 90%
c i  9.11  0 36 11 2306  3 47048 9799 1.5 28 18 7 26 65% 506898 65508 90%
c i  9.13  0 36 11 2306  3 47157 9883 1.6 28 18 7 26 65% 506898 65507 90%
c i  9.15  0 35 11 2306  3 47241 9907 1.6 28 18 7 26 65% 506898 65506 90%
c i  9.15  0 35 11 2306  3 47251 9911 1.6 28 18 7 26 65% 506898 65505 90%
c i  9.18  0 35 11 2306  3 47433 9993 1.5 28 18 7 26 65% 506898 65504 90%
c i  9.20  0 35 11 2306  3 47589 10121 1.6 28 18 7 26 65% 506898 65503 90%
c i  9.20  0 35 11 2306  3 47654 10153 1.6 28 18 7 26 65% 506898 65502 90%
c i  9.21  0 35 11 2306  3 47699 10180 1.6 28 18 7 26 65% 506898 65501 90%
c i  9.39  0 34 11 2306  3 49067 10741 1.5 28 18 7 26 65% 506898 65500 90%
c i  9.41  0 34 11 2306  3 49235 10813 1.5 28 18 7 26 65% 506898 65499 90%
c i  9.45  0 34 11 2306  3 49533 10916 1.5 28 18 7 26 65% 506898 65498 90%
c i  9.48  0 34 11 2306  3 49787 11008 1.5 28 18 7 26 65% 506898 65497 90%
c -  9.66  0 33 12 2342  3 50831 7769 1.5 27 18 7 26 65% 505698 65497 90%
c p  9.67  0 33 12 2342  3 50831 7769 1.5 27 18 7 26 65% 505698 65482 90%
c k  9.68  0 33 12 2342  3 50831 7769 1.5 27 18 7 26 65% 505698 65354 90%
c k  9.70  0 33 12 2342  3 50831 7769 1.5 27 18 7 26 65% 505698 65352 90%
c W 10.76  0 31 12 2348  3 55018 10288 1.5 27 17 7 26 61% 504248 65352 90%
c
c  seconds  reductions   conflicts        size   tier2         variables
c         MB     restarts      redundant     glue    trail          remaining
c          level       rate         size/glue  tier1   irredundant
c
c s 11.34  0 30 12 2429  2 59002 10035 1.5 27 17 7 26 62% 504174 65352 90%
c e 11.40  0 30 12 2429  2 59002 10034 1.5 27 17 7 26 62% 504173 65351 90%
c s 11.43  0 30 12 2429  2 59002 9574 1.5 27 17 7 26 62% 504150 65351 90%
c e 11.46  0 30 12 2429  2 59002 9574 1.5 27 17 7 26 62% 504146 65347 90%
c - 11.69  0 30 13 2432  2 60438 9117 1.6 27 17 7 26 62% 504146 65347 90%
c 2 11.69  0 30 13 2432  2 60438 9115 1.6 27 17 7 26 62% 504146 65347 90%
c p 11.70  0 30 13 2432  2 60438 9184 1.6 27 17 7 26 62% 504146 65347 90%
c k 11.80  0 30 13 2432  2 60438 9184 1.6 27 17 7 26 62% 504146 65286 90%
c # 12.66  0 28 13 2466  2 66021 12186 1.6 27 17 7 26 62% 503536 65286 90%
c } 12.67  0 28 13 2474  2 66085 12227 1.5 27 17 7 26 62% 503536 65286 90%
c [ 12.67  0 35 13 2474  1 66085 12227 1.6 52 33 30 42 71% 503536 65286 90%
c - 13.37  0 33 14 2476  1 70902 12112 1.6 48 31 28 39 68% 503536 65286 90%
c p 13.38  0 33 14 2476  1 70902 12248 1.6 48 31 28 39 68% 503536 65286 90%
c k 13.39  0 33 14 2476  1 70902 12248 1.6 48 31 28 39 68% 503536 65202 90%
c u 13.43  0 33 14 2476  1 70902 12230 1.6 48 31 28 39 68% 503536 65202 90%
c v 13.44  0 33 14 2476  1 70902 12227 1.6 48 31 28 39 68% 503536 65202 90%
c w 13.45  0 33 14 2476  1 70902 12226 1.6 48 31 28 39 68% 503536 65202 90%
c x 13.46  0 33 14 2476  1 70902 12226 1.6 48 31 28 39 68% 503536 65202 90%
c W 14.98  0 31 14 2476  1 78022 16581 1.7 48 29 28 39 66% 502696 65202 90%
c - 15.61  0 30 15 2479  1 82230 14362 1.6 46 28 28 39 65% 502696 65202 90%
c
c  seconds  reductions   conflicts        size    tier2         variables
c         MB     restarts      redundant     glue     trail          remaining
c          level       rate         size/glue  tier1    irredundant
c
c p 15.63  0 30 15 2479  1 82230 14531 1.6 46 28 28 39 65% 502696 65198 90%
c k 15.64  0 30 15 2479  1 82230 14531 1.6 46 28 28 39 65% 502696 65092 89%
c k 15.66  0 30 15 2479  1 82230 14531 1.6 46 28 28 39 65% 502696 65090 89%
c s 16.64  0 29 15 2483  1 88480 12062 1.6 43 27 28 39 64% 502668 65090 89%
c s 16.72  0 29 15 2483  1 88480 11796 1.6 43 27 28 39 64% 501544 65090 89%
c e 16.76  0 29 15 2483  1 88480 11796 1.6 43 27 28 39 64% 501542 65089 89%
c ] 17.11  0 28 15 2483  1 90273 12622 1.6 42 26 28 39 64% 501542 65089 89%
c { 17.11  0 28 15 2483  2 90273 12622 1.5 27 17 7 26 62% 501542 65089 89%
c B 17.27  0 28 15 2663  2 91025 13093 1.5 27 17 7 26 62% 501542 65089 89%
c - 17.82  0 28 16 2787  2 94424 11890 1.5 27 17 7 26 62% 501542 65089 89%
c 2 17.82  0 28 16 2787  2 94424 11890 1.5 27 17 7 26 62% 501539 65089 89%
c p 17.83  0 28 16 2787  2 94424 11986 1.5 27 17 7 26 62% 501539 65071 89%
c k 17.85  0 28 16 2787  2 94424 11986 1.5 27 17 7 26 62% 501539 64913 89%
c u 17.89  0 28 16 2787  2 94424 11964 1.5 27 17 7 26 62% 501539 64913 89%
c v 17.90  0 28 16 2787  2 94424 11960 1.5 27 17 7 26 62% 501539 64913 89%
c w 17.91  0 28 16 2787  2 94424 11957 1.5 27 17 7 26 62% 501539 64913 89%
c x 17.92  0 28 16 2787  2 94424 11957 1.5 27 17 7 26 62% 501539 64913 89%
c i 18.56  0 28 16 3307  2 97635 14369 1.5 27 18 7 26 62% 501539 64912 89%
c i 19.09  0 28 16 3659  2 100771 16487 1.5 28 18 7 26 62% 501539 64911 89%
c i 19.09  0 28 16 3659  2 100772 16487 1.5 28 18 7 26 62% 501539 64910 89%
c
c  seconds  reductions   conflicts         size   tier2         variables
c         MB     restarts       redundant     glue    trail          remaining
c          level       rate          size/glue  tier1   irredundant
c
c i 19.09  0 28 16 3660  2 100773 16487 1.5 28 18 7 26 62% 501539 64909 89%
c W 20.13  0 28 16 3878  2 105030 19176 1.5 27 18 7 26 62% 499739 64909 89%
c - 20.49  0 27 17 3878  2 107487 17088 1.5 27 18 7 26 62% 499739 64909 89%
c p 20.50  0 27 17 3878  2 107487 17088 1.5 27 18 7 26 62% 499739 64863 89%
c k 20.60  0 27 17 3878  2 107487 17088 1.5 27 18 7 26 62% 499739 64761 89%
c k 20.63  0 27 17 3878  2 107487 17088 1.5 27 18 7 26 62% 499739 64759 89%
c i 21.12  0 26 17 3921  2 111169 19178 1.5 27 18 7 26 62% 499739 64758 89%
c i 21.38  0 26 17 4136  2 112508 20367 1.6 28 18 7 26 62% 499739 64757 89%
c i 21.38  0 26 17 4136  2 112509 20367 1.6 28 18 7 26 62% 499739 64756 89%
c i 21.38  0 26 17 4137  2 112510 20367 1.6 28 18 7 26 62% 499739 64755 89%
c i 21.38  0 26 17 4137  2 112511 20367 1.6 28 18 7 26 62% 499739 64754 89%
c i 21.38  0 26 17 4137  2 112512 20367 1.6 28 18 7 26 62% 499739 64753 89%
c i 21.38  0 26 17 4138  2 112513 20367 1.6 28 18 7 26 62% 499739 64752 89%
c F 22.26  0 26 17 4168  2 120032 25505 1.6 28 17 7 26 62% 499739 64752 89%
c i 22.32  0 26 17 4233  2 120390 25774 1.6 28 17 7 26 62% 499739 64751 89%
c i 22.36  0 26 17 4273  2 120559 25924 1.6 28 18 7 26 62% 499739 64750 89%
c - 22.50  0 26 18 4307  2 121409 20820 1.6 28 17 7 26 62% 498149 64750 89%
c p 22.53  0 26 18 4307  2 121409 20820 1.6 28 17 7 26 62% 498149 64715 89%
c k 22.55  0 26 18 4307  2 121409 20820 1.6 28 17 7 26 62% 498149 64585 89%
c u 22.80  0 26 18 4307  2 121409 20799 1.6 28 17 7 26 62% 496499 64585 89%
c
c  seconds  reductions   conflicts         size   tier2         variables
c         MB     restarts       redundant     glue    trail          remaining
c          level       rate          size/glue  tier1   irredundant
c
c v 22.81  0 26 18 4307  2 121409 20795 1.6 28 17 7 26 62% 496499 64585 89%
c w 22.82  0 26 18 4307  2 121409 20795 1.6 28 17 7 26 62% 496499 64585 89%
c x 22.84  0 26 18 4307  2 121409 20795 1.6 28 17 7 26 62% 496499 64585 89%
c s 23.21  0 26 18 4307  2 123832 17264 1.6 28 17 7 26 63% 496491 64585 89%
c s 23.30  0 26 18 4307  2 123832 16050 1.6 28 17 7 26 63% 496489 64585 89%
c } 23.57  0 26 18 4335  2 125287 16995 1.6 28 17 7 26 63% 496489 64585 89%
c [ 23.57  0 28 18 4335  1 125287 16995 1.6 42 26 28 39 64% 496489 64585 89%
c O 25.18  0 28 18 4342  1 136033 21937 1.6 42 27 28 39 63% 496489 64585 89%
c - 25.24  0 28 19 4342  1 136192 15598 1.6 42 27 22 31 63% 496489 64585 89%
c p 25.25  0 28 19 4342  1 136192 15610 1.6 42 27 22 31 63% 496489 64551 89%
c k 25.27  0 28 19 4342  1 136192 15610 1.6 42 27 22 31 63% 496489 64419 89%
c k 25.29  0 28 19 4342  1 136192 15610 1.6 42 27 22 31 63% 496489 64417 89%
c - 27.82  0 28 20 4344  1 151838 16009 1.6 42 26 22 31 63% 494809 64417 89%
c p 27.83  0 28 20 4344  1 151838 16011 1.6 42 26 22 31 63% 494809 64357 88%
c k 27.85  0 28 20 4344  1 151838 16011 1.6 42 26 22 31 63% 494809 64234 88%
c v 27.92  0 28 20 4344  1 151838 15979 1.6 42 26 22 31 63% 494809 64234 88%
c w 27.93  0 28 20 4344  1 151838 15979 1.6 42 26 22 31 63% 494809 64234 88%
c x 27.94  0 28 20 4344  1 151838 15979 1.6 42 26 22 31 63% 494809 64234 88%
c B 28.18  0 28 20 4344  1 153035 16529 1.6 42 26 22 31 63% 494809 64234 88%
c ] 29.43  0 30 20 4344  1 160203 23158 1.8 50 28 22 31 63% 494809 64234 88%
c
c  seconds  reductions   conflicts         size   tier2         variables
c         MB     restarts       redundant     glue    trail          remaining
c          level       rate          size/glue  tier1   irredundant
c
c { 29.43  0 26 20 4344  2 160203 23158 1.6 28 17 7 26 63% 494809 64234 88%
c i 29.59  0 26 20 4511  2 161132 23652 1.6 28 17 7 26 63% 494809 64233 88%
c i 29.87  0 26 20 4565  2 163055 24913 1.6 28 17 7 26 63% 494809 64232 88%
c i 29.88  0 26 20 4571  2 163116 24967 1.6 28 17 7 26 63% 494809 64231 88%
c i 29.89  0 26 20 4571  2 163138 24985 1.6 28 17 7 26 63% 494809 64230 88%
c i 29.91  0 26 20 4571  2 163314 25137 1.6 28 17 7 26 63% 494809 64229 88%
c s 30.20  0 26 20 4706  2 165027 23082 1.6 28 17 7 26 63% 494807 64229 88%
c s 30.31  0 26 20 4706  2 165027 22532 1.6 28 17 7 26 63% 492927 64229 88%
c - 30.81  0 25 21 4711  2 168344 15463 1.6 28 17 7 26 63% 492927 64229 88%
c p 30.83  0 25 21 4711  2 168344 15591 1.6 28 17 7 26 63% 492927 64196 88%
c k 30.85  0 25 21 4711  2 168344 15591 1.6 28 17 7 26 63% 492927 64090 88%
c k 30.86  0 25 21 4711  2 168344 15591 1.6 28 17 7 26 63% 492927 64088 88%
c B 31.19  0 25 21 4716  2 171040 17259 1.7 28 17 7 26 62% 492927 64088 88%
c i 31.60  0 25 21 5214  2 173595 19194 1.7 28 17 7 26 62% 492927 64087 88%
c i 31.63  0 25 21 5245  2 173725 19309 1.7 28 17 7 26 62% 492927 64086 88%
c - 33.26  0 25 22 5986  2 185706 21689 1.6 28 17 7 26 63% 491497 64086 88%
c p 33.27  0 25 22 5986  2 185706 21689 1.6 28 17 7 26 63% 491497 64022 88%
c k 33.38  0 25 22 5986  2 185706 21689 1.6 28 17 7 26 63% 491497 63849 88%
c v 33.47  0 25 22 5986  2 185706 21634 1.6 28 17 7 26 63% 491497 63849 88%
c w 33.48  0 25 22 5986  2 185706 21634 1.6 28 17 7 26 63% 491497 63849 88%
c
c  seconds  reductions   conflicts         size   tier2         variables
c         MB     restarts       redundant     glue    trail          remaining
c          level       rate          size/glue  tier1   irredundant
c
c x 33.50  0 25 22 5986  2 185706 21634 1.6 28 17 7 26 63% 491497 63849 88%
c W 35.39  0 24 22 6025  2 190043 24430 1.6 28 17 7 26 63% 489127 63849 88%
c - 37.22  0 23 23 6047  2 203928 27690 1.7 28 17 14 18 63% 489127 63849 88%
c p 37.24  0 23 23 6047  2 203928 27690 1.7 28 17 14 18 63% 489127 63796 88%
c k 37.25  0 23 23 6047  2 203928 27690 1.7 28 17 14 18 63% 489127 63689 88%
c # 38.05  0 23 23 6049  2 210045 31714 1.7 28 16 14 18 63% 489127 63689 88%
c s 38.50  0 23 23 6521  2 212073 25957 1.7 29 17 14 18 63% 489126 63689 88%
c s 38.61  0 23 23 6521  2 212073 23838 1.7 29 17 14 18 63% 487526 63689 88%
c } 38.97  0 23 23 6806  2 213260 24902 1.7 29 17 14 18 63% 487526 63689 88%
c [ 38.97  0 30 23 6806  1 213260 24902 1.8 50 28 22 31 63% 487526 63689 88%
c - 40.43  0 29 24 6812  1 222999 21706 1.7 47 27 22 31 62% 487526 63689 88%
c p 40.45  0 29 24 6812  1 222999 21846 1.7 47 27 22 31 62% 487526 63634 87%
c k 40.48  0 29 24 6812  1 222999 21846 1.7 47 27 22 31 62% 487526 63559 87%
c u 40.81  0 29 24 6812  1 222999 21746 1.7 47 27 22 31 62% 486226 63559 87%
c v 40.83  0 29 24 6812  1 222999 21739 1.7 47 27 22 31 62% 486226 63559 87%
c w 40.84  0 29 24 6812  1 222999 21737 1.7 47 27 22 31 62% 486226 63559 87%
c x 40.86  0 29 24 6812  1 222999 21737 1.7 47 27 22 31 62% 486226 63559 87%
c W 42.66  0 30 24 6815  1 231049 26882 1.7 49 28 22 31 62% 486226 63559 87%
c - 44.44  0 31 25 6821  1 242926 21117 1.7 49 29 22 31 61% 486226 63559 87%
c p 44.45  0 31 25 6821  1 242926 21126 1.7 49 29 22 31 61% 486226 63486 87%
c
c  seconds  reductions   conflicts         size    tier2         variables
c         MB     restarts       redundant     glue     trail          remaining
c          level       rate          size/glue  tier1    irredundant
c
c k 44.47  0 31 25 6821  1 242926 21126 1.7 49 29 22 31 61% 486226 63340 87%
c v 44.51  0 31 25 6821  1 242926 21100 1.7 49 29 22 31 61% 486226 63340 87%
c w 44.51  0 31 25 6821  1 242926 21099 1.7 49 29 22 31 61% 486226 63340 87%
c x 44.52  0 31 25 6821  1 242926 21099 1.7 49 29 22 31 61% 486226 63340 87%
c I 46.03  0 31 25 6824  1 253052 26766 1.7 49 30 22 31 60% 486226 63340 87%
c i 46.88  0 31 25 6827  1 257784 28875 1.6 48 29 22 31 60% 486226 63339 87%
c - 47.79  0 31 26 6830  1 263709 19770 1.6 47 29 22 31 61% 484026 63339 87%
c p 47.82  0 31 26 6830  1 263709 19782 1.6 47 29 22 31 61% 484026 63245 87%
c k 47.85  0 31 26 6830  1 263709 19782 1.6 47 29 22 31 61% 484026 63121 87%
c v 47.90  0 31 26 6830  1 263709 19745 1.6 47 29 22 31 61% 484026 63121 87%
c w 47.90  0 31 26 6830  1 263709 19745 1.6 47 29 22 31 61% 484026 63121 87%
c x 47.91  0 31 26 6830  1 263709 19745 1.6 47 29 22 31 61% 484026 63121 87%
c s 48.18  0 31 26 6831  1 264928 19210 1.6 47 29 22 31 61% 484024 63121 87%
c s 48.27  0 31 26 6831  1 264928 18669 1.6 47 29 22 31 61% 481844 63121 87%
c ^ 48.28  0 31 26 6831  1 264928 18669 1.6 47 29 22 31 61% 481844 63121 87%
c ] 48.58  0 31 26 6832  1 266820 19692 1.6 47 29 22 31 61% 481844 63121 87%
c { 48.58  0 23 26 6832  2 266820 19692 1.7 29 17 14 18 63% 481844 63121 87%
c i 48.76  0 23 26 7063  2 267832 20334 1.7 29 17 14 18 63% 481844 63120 87%
c B 49.91  0 23 26 7363  2 276053 25711 1.7 29 17 14 18 63% 481844 63120 87%
c i 50.09  0 23 26 7551  2 276818 26347 1.7 29 17 14 18 63% 481844 63119 87%
c
c  seconds  reductions   conflicts         size    tier2         variables
c         MB     restarts       redundant     glue     trail          remaining
c          level       rate          size/glue  tier1    irredundant
c
c i 50.15  0 23 26 7621  2 277099 26593 1.7 29 17 14 18 63% 481844 63118 87%
c i 50.48  0 24 26 7888  2 278802 27917 1.7 29 17 14 18 63% 481844 63117 87%
c i 50.50  0 24 26 7901  2 278862 27973 1.7 29 17 14 18 63% 481844 63116 87%
c i 50.79  0 24 26 8069  2 280213 28947 1.7 29 17 14 18 63% 481844 63115 87%
c i 50.79  0 24 26 8069  2 280214 28947 1.7 29 17 14 18 63% 481844 63114 87%
c i 50.79  0 24 26 8069  2 280215 28947 1.7 29 17 14 18 63% 481844 63113 87%
c i 50.79  0 24 26 8069  2 280216 28947 1.7 29 17 14 18 63% 481844 63112 87%
c i 50.79  0 24 26 8070  2 280238 28966 1.7 29 17 14 18 63% 481844 63111 87%
c i 50.80  0 24 26 8070  2 280239 28966 1.7 29 17 14 18 63% 481844 63110 87%
c i 51.41  0 24 26 8338  2 284275 31435 1.7 29 17 14 18 63% 481844 63109 87%
c i 51.50  0 24 26 8443  2 284704 31786 1.7 29 17 14 18 63% 481844 63108 87%
c i 51.50  0 24 26 8443  2 284713 31789 1.7 29 17 14 18 63% 481844 63107 87%
c i 51.50  0 24 26 8443  2 284734 31794 1.7 29 17 14 18 63% 481844 63106 87%
c i 51.50  0 24 26 8443  2 284741 31796 1.7 29 17 14 18 63% 481844 63105 87%
c - 51.65  0 24 27 8580  2 285339 24332 1.7 29 17 14 18 63% 481684 63105 87%
c p 51.66  0 24 27 8580  2 285339 24512 1.7 29 17 14 18 63% 481684 63020 87%
c k 51.69  0 24 27 8580  2 285339 24512 1.7 29 17 14 18 63% 481684 62958 87%
c v 51.74  0 24 27 8580  2 285339 24468 1.7 29 17 14 18 63% 481684 62958 87%
c w 51.75  0 24 27 8580  2 285339 24467 1.7 29 17 14 18 63% 481684 62958 87%
c x 51.76  0 24 27 8580  2 285339 24467 1.7 29 17 14 18 63% 481684 62958 87%
c
c  seconds  reductions   conflicts         size    tier2         variables
c         MB     restarts       redundant     glue     trail          remaining
c          level       rate          size/glue  tier1    irredundant
c
c i 51.87  0 24 27 8663  2 285687 24767 1.7 29 17 14 18 63% 481684 62957 87%
c i 51.87  0 24 27 8665  2 285696 24773 1.7 29 17 14 18 63% 481684 62956 87%
c i 51.88  0 24 27 8679  2 285761 24811 1.7 29 17 14 18 63% 481684 62955 87%
c i 51.88  0 24 27 8680  2 285763 24812 1.7 29 17 14 18 63% 481684 62954 87%
c i 52.82  0 23 27 8798  2 293475 29387 1.7 29 17 14 18 63% 481684 62953 87%
c W 54.74  0 24 27 8826  2 300056 34089 1.7 30 17 14 18 63% 480164 62953 87%
c - 55.77  0 24 28 8853  2 307813 35047 1.7 29 17 14 18 63% 480164 62953 87%
c p 55.79  0 24 28 8853  2 307813 35090 1.7 29 17 14 18 63% 480164 62878 86%
c k 55.92  0 24 28 8853  2 307813 35090 1.7 29 17 14 18 63% 480164 62718 86%
c v 55.97  0 24 28 8853  2 307813 35050 1.7 29 17 14 18 63% 480164 62718 86%
c w 55.98  0 24 28 8853  2 307813 35046 1.7 29 17 14 18 63% 480164 62718 86%
c x 55.99  0 24 28 8853  2 307813 35046 1.7 29 17 14 18 63% 480164 62718 86%
c s 58.24  0 23 28 8909  2 323576 37527 1.8 30 16 14 18 63% 480151 62718 86%
c e 58.39  0 23 28 8909  2 323576 37372 1.8 30 16 14 18 63% 478000 62498 86%
c s 58.44  0 23 28 8909  2 323576 35106 1.8 30 16 14 18 63% 477802 62498 86%
c e 58.49  0 23 28 8909  2 323576 35105 1.8 30 16 14 18 63% 477802 62497 86%
c F 58.72  0 23 28 8909  2 325057 36057 1.8 30 16 14 18 63% 477802 62497 86%
c i 59.34  0 24 28 9610  2 328020 38315 1.8 30 17 14 18 63% 477802 62496 86%
c i 59.38  0 24 28 9642  2 328169 38441 1.8 30 17 14 18 63% 477802 62495 86%
c i 59.39  0 24 28 9646  2 328188 38455 1.8 30 17 14 18 63% 477802 62494 86%
c
c  seconds  reductions    conflicts         size    tier2         variables
c         MB      restarts       redundant     glue     trail          remaining
c          level        rate          size/glue  tier1    irredundant
c
c i 59.82  0 24 28 10116  2 330271 40088 1.8 30 17 14 18 63% 477802 62493 86%
c - 60.08  0 24 29 10314  2 331133 34059 1.8 30 17 14 18 63% 477762 62493 86%
c 2 60.08  0 24 29 10314  2 331133 34055 1.8 30 17 14 18 63% 477762 62493 86%
c p 60.10  0 24 29 10314  2 331133 34531 1.8 30 17 14 18 63% 477762 62421 86%
c k 60.13  0 24 29 10314  2 331133 34531 1.8 30 17 14 18 63% 477762 62394 86%
c u 60.17  0 24 29 10314  2 331133 34433 1.8 30 17 14 18 63% 477762 62394 86%
c v 60.18  0 24 29 10314  2 331133 34423 1.8 30 17 14 18 63% 477762 62394 86%
c w 60.19  0 24 29 10314  2 331133 34421 1.8 30 17 14 18 63% 477762 62394 86%
c x 60.21  0 24 29 10314  2 331133 34421 1.8 30 17 14 18 63% 477762 62394 86%
c } 60.90  0 26 29 10407  2 335837 38692 2.0 33 17 13 17 63% 477762 62394 86%
c [ 60.90  0 31 29 10407  1 335837 38692 1.6 47 29 22 31 61% 477762 62394 86%
c B 63.20  0 28 29 10411  1 351059 45780 1.6 43 26 22 31 61% 477762 62394 86%
c - 63.91  0 29 30 10412  1 355290 39279 1.7 44 27 22 31 61% 476772 62394 86%
c p 63.94  0 29 30 10412  1 355290 39291 1.7 44 27 22 31 61% 476772 62284 86%
c u 64.01  0 29 30 10412  1 355290 39256 1.7 44 27 22 31 61% 476772 62284 86%
c v 64.02  0 29 30 10412  1 355290 39255 1.7 44 27 22 31 61% 476772 62284 86%
c w 64.03  0 29 30 10412  1 355290 39255 1.7 44 27 22 31 61% 476772 62284 86%
c x 64.04  0 29 30 10412  1 355290 39255 1.7 44 27 22 31 61% 476772 62284 86%
c W 68.94  0 30 30 10413  1 378063 52452 1.6 46 28 22 31 60% 475672 62284 86%
c - 69.37  0 30 31 10413  1 380300 38364 1.6 46 28 22 31 60% 475672 62284 86%
c
c  seconds  reductions    conflicts         size    tier2         variables
c         MB      restarts       redundant     glue     trail          remaining
c          level        rate          size/glue  tier1    irredundant
c
c p 69.38  0 30 31 10413  1 380300 38422 1.6 46 28 22 31 60% 475672 62161 85%
c k 69.41  0 30 31 10413  1 380300 38422 1.6 46 28 22 31 60% 475672 62036 85%
c u 69.86  0 30 31 10413  1 380300 38386 1.6 46 28 22 31 60% 473192 62036 85%
c v 69.88  0 30 31 10413  1 380300 38382 1.6 46 28 22 31 60% 473192 62036 85%
c w 69.89  0 30 31 10413  1 380300 38380 1.6 46 28 22 31 60% 473192 62036 85%
c x 69.91  0 30 31 10413  1 380300 38380 1.6 46 28 22 31 60% 473192 62036 85%
c s 71.21  0 31 31 10413  1 388138 38098 1.6 46 29 22 31 60% 473170 62036 85%
c e 71.28  0 31 31 10413  1 388138 38084 1.6 46 29 22 31 60% 473215 61987 85%
c s 71.33  0 31 31 10413  1 388138 36965 1.6 46 29 22 31 60% 473204 61987 85%
c e 71.37  0 31 31 10413  1 388138 36961 1.6 46 29 22 31 60% 473207 61984 85%
c ] 73.87  0 31 31 10415  1 403875 46650 1.6 47 30 25 33 60% 473207 61984 85%
c { 73.87  0 26 31 10415  2 403875 46650 2.0 33 17 13 17 63% 473207 61984 85%
c B 74.38  0 27 31 10938  2 406065 48520 1.9 33 17 13 17 63% 473207 61984 85%
c - 74.44  0 27 32 10964  2 406164 31518 1.9 33 17 13 17 63% 473207 61984 85%
c 2 74.44  0 27 32 10964  2 406164 31517 1.9 33 17 13 17 63% 473207 61984 85%
c p 74.47  0 27 32 10964  2 406164 31938 1.9 33 17 13 17 63% 473207 61892 85%
c v 74.56  0 27 32 10964  2 406164 31866 1.9 33 17 13 17 63% 473207 61892 85%
c w 74.57  0 27 32 10964  2 406164 31865 1.9 33 17 13 17 63% 473207 61892 85%
c x 74.59  0 27 32 10964  2 406164 31865 1.9 33 17 13 17 63% 473207 61892 85%
c i 75.12  0 27 32 11185  2 409904 33990 1.9 33 17 13 17 63% 473207 61891 85%
c
c  seconds  reductions    conflicts         size    tier2         variables
c         MB      restarts       redundant     glue     trail          remaining
c          level        rate          size/glue  tier1    irredundant
c
c - 78.12  0 25 33 11518  2 432851 41879 1.9 32 17 13 17 64% 472277 61891 85%
c p 78.13  0 25 33 11518  2 432851 41963 1.9 32 17 13 17 64% 472277 61791 85%
c k 78.16  0 25 33 11518  2 432851 41963 1.9 32 17 13 17 64% 472277 61775 85%
c v 78.22  0 25 33 11518  2 432851 41932 1.9 32 17 13 17 64% 472277 61775 85%
c w 78.22  0 25 33 11518  2 432851 41929 1.9 32 17 13 17 64% 472277 61775 85%
c x 78.24  0 25 33 11518  2 432851 41929 1.9 32 17 13 17 64% 472277 61775 85%
c W 79.39  0 25 33 11518  2 435066 43189 1.9 32 17 13 17 64% 471117 61775 85%
c s 82.40  0 23 33 11530  2 458520 46827 1.9 30 16 13 17 64% 471074 61775 85%
c e 82.46  0 23 33 11530  2 458520 46823 1.9 30 16 13 17 64% 471114 61735 85%
c s 82.52  0 23 33 11530  2 458520 44113 1.9 30 16 13 17 64% 471110 61735 85%
c e 82.54  0 23 33 11530  2 458520 44113 1.9 30 16 13 17 64% 471111 61734 85%
c - 82.82  0 23 34 11535  2 460391 42341 1.9 30 16 13 17 64% 471111 61734 85%
c p 82.85  0 23 34 11535  2 460391 42472 1.9 30 16 13 17 64% 471111 61648 85%
c v 82.94  0 23 34 11535  2 460391 42375 1.9 30 16 13 17 64% 471111 61648 85%
c w 82.95  0 23 34 11535  2 460391 42369 1.9 30 16 13 17 64% 471111 61648 85%
c x 82.96  0 23 34 11535  2 460391 42369 1.9 30 16 13 17 64% 471111 61648 85%
c # 83.58  0 23 34 11536  2 465069 45221 1.9 30 16 13 16 64% 471111 61648 85%
c i 83.58  0 23 34 11536  2 465070 45221 1.9 30 16 13 16 64% 471111 61647 85%
c i 83.58  0 23 34 11536  2 465071 45221 1.9 30 16 13 16 64% 471111 61646 85%
c i 84.79  0 23 34 12740  2 472867 50419 1.9 30 16 13 16 64% 471111 61645 85%
c
c  seconds  reductions    conflicts         size    tier2         variables
c         MB      restarts       redundant     glue     trail          remaining
c          level        rate          size/glue  tier1    irredundant
c
c i 84.79  0 23 34 12740  2 472868 50419 1.9 30 16 13 16 64% 471111 61644 85%
c i 87.09  0 23 34 14610  2 487372 60668 1.8 30 17 13 16 64% 471111 61643 85%
c - 87.33  0 23 35 14710  2 488777 49275 1.8 30 17 13 16 64% 470201 61643 85%
c p 87.35  0 23 35 14710  2 488777 49447 1.8 30 17 13 16 64% 470201 61504 85%
c v 87.55  0 23 35 14710  2 488777 49392 1.8 30 17 13 16 64% 470201 61504 85%
c w 87.56  0 23 35 14710  2 488777 49391 1.8 30 17 13 16 64% 470201 61504 85%
c B 88.62  0 23 35 15054  2 496072 53922 1.8 29 17 13 16 64% 470201 61504 85%
c } 88.63  0 23 35 15066  2 496116 53959 1.8 29 17 13 16 64% 470201 61504 85%
c [ 88.63  0 31 35 15066  1 496116 53959 1.6 47 30 25 33 60% 470201 61504 85%
c - 91.79  0 33 36 15078  1 518006 49921 1.7 52 31 25 33 59% 468811 61504 85%
c p 91.82  0 33 36 15078  1 518006 50210 1.7 52 31 25 33 59% 468811 61409 84%
c v 91.94  0 33 36 15078  1 518006 50147 1.7 52 31 25 33 59% 468811 61409 84%
c w 91.95  0 33 36 15078  1 518006 50143 1.7 52 31 25 33 59% 468811 61409 84%
c O 93.53  0 33 36 15080  1 528073 56723 1.7 54 31 25 33 59% 468811 61409 84%
c s 94.61  0 33 36 15085  1 534753 54561 1.7 53 31 26 34 59% 468796 61409 84%
c e 94.68  0 33 36 15085  1 534753 54561 1.7 53 31 26 34 59% 467852 61393 84%
c s 94.73  0 33 36 15085  1 534753 53070 1.7 53 31 26 34 59% 467851 61393 84%
c - 97.12  0 33 37 15092  1 548073 42331 1.7 53 31 26 34 60% 467851 61393 84%
c 2 97.12  0 33 37 15092  1 548073 42330 1.7 53 31 26 34 60% 467851 61393 84%
c p 97.14  0 33 37 15092  1 548073 42840 1.7 53 31 26 34 60% 467851 61292 84%
c
c  seconds  reductions    conflicts         size    tier2         variables
c         MB      restarts       redundant     glue     trail          remaining
c          level        rate          size/glue  tier1    irredundant
c
c k 97.17  0 33 37 15092  1 548073 42840 1.7 53 31 26 34 60% 467851 61283 84%
c u 97.23  0 33 37 15092  1 548073 42716 1.7 53 31 26 34 60% 467851 61283 84%
c v 97.25  0 33 37 15092  1 548073 42708 1.7 53 31 26 34 60% 467851 61283 84%
c w 97.26  0 33 37 15092  1 548073 42707 1.7 53 31 26 34 60% 467851 61283 84%
c x 97.28  0 33 37 15092  1 548073 42707 1.7 53 31 26 34 60% 467851 61283 84%
c B 99.39  0 33 37 15095  1 561075 50477 1.7 51 31 26 34 60% 467851 61283 84%
c - 102.21  0 33 38 15097  1 578981 41955 1.7 51 31 26 34 60% 466751 61283 84%
c p 102.25  0 33 38 15097  1 578981 42311 1.7 51 31 26 34 60% 466751 61141 84%
c k 102.28  0 33 38 15097  1 578981 42311 1.7 51 31 26 34 60% 466751 61041 84%
c v 102.36  0 33 38 15097  1 578981 42203 1.7 51 31 26 34 60% 466751 61041 84%
c w 102.38  0 33 38 15097  1 578981 42197 1.7 51 31 26 34 60% 466751 61041 84%
c ] 102.95  0 33 38 15099  1 582479 44662 1.7 51 31 26 34 60% 466751 61041 84%
c { 102.95  0 23 38 15099  2 582479 44662 1.8 29 17 13 16 64% 466751 61041 84%
c W 106.84  0 23 38 15328  2 595076 52916 1.8 30 16 13 17 64% 464331 61041 84%
c - 108.92  0 22 39 15340  2 610734 53342 1.8 29 16 13 17 64% 464331 61041 84%
c 2 108.93  0 22 39 15340  2 610734 53342 1.8 29 16 13 17 64% 464331 61040 84%
c p 108.94  0 22 39 15340  2 610734 53845 1.8 29 16 13 17 64% 464331 60956 84%
c k 108.97  0 22 39 15340  2 610734 53845 1.8 29 16 13 17 64% 464331 60710 83%
c u 109.41  0 22 39 15340  2 610734 53740 1.8 29 16 13 17 64% 461021 60710 83%
c v 109.44  0 22 39 15340  2 610734 53719 1.8 29 16 13 17 64% 461021 60710 83%
c
c  seconds   reductions    conflicts         size    tier2         variables
c          MB      restarts       redundant     glue     trail          remaining
c           level        rate          size/glue  tier1    irredundant
c
c w 109.45  0 22 39 15340  2 610734 53704 1.8 29 16 13 17 64% 461021 60710 83%
c s 110.35  0 22 39 15340  2 616793 50659 1.8 29 16 13 17 64% 461015 60710 83%
c e 110.43  0 22 39 15340  2 616793 50651 1.8 29 16 13 17 64% 461027 60690 83%
c s 110.49  0 22 39 15340  2 616793 47628 1.8 29 16 13 17 64% 461024 60690 83%
c i 112.19  0 21 39 15572  2 628577 54984 1.8 29 16 13 17 64% 461024 60689 83%
c F 112.45  0 22 39 15776  2 630077 56108 1.8 29 16 13 17 64% 461024 60689 83%
c - 114.46  0 21 40 16420  2 643302 59245 1.8 29 16 13 17 64% 461014 60689 83%
c p 114.49  0 21 40 16420  2 643302 60057 1.8 29 16 13 17 64% 461014 60608 83%
c k 114.53  0 21 40 16420  2 643302 60057 1.8 29 16 13 17 64% 461014 60450 83%
c v 114.60  0 21 40 16420  2 643302 59943 1.8 29 16 13 17 64% 461014 60450 83%
c w 114.62  0 21 40 16420  2 643302 59939 1.8 29 16 13 17 64% 461014 60450 83%
c B 117.97  0 21 40 16712  2 666079 75551 1.8 28 15 13 16 63% 461014 60450 83%
c - 119.37  0 21 41 16989  2 676664 74310 1.9 29 15 13 16 63% 458624 60450 83%
c 2 119.37  0 21 41 16989  2 676664 74308 1.9 29 15 13 16 63% 458624 60450 83%
c p 119.39  0 21 41 16989  2 676664 75578 1.9 29 15 13 16 63% 458624 60450 83%
c v 119.50  0 21 41 16989  2 676664 75481 1.9 29 15 13 16 63% 458624 60450 83%
c w 119.51  0 21 41 16989  2 676664 75474 1.9 29 15 13 16 63% 458624 60450 83%
c } 123.29  0 22 41 18829  2 702520 92982 1.9 29 16 13 16 63% 458624 60450 83%
c [ 123.29  0 33 41 18829  1 702520 92982 1.7 51 31 26 34 60% 458624 60450 83%
c W 124.83  0 33 41 18830  1 703080 93263 1.7 51 31 26 34 60% 458624 60450 83%
c
c  seconds   reductions    conflicts         size    tier2         variables
c          MB      restarts       redundant     glue     trail          remaining
c           level        rate          size/glue  tier1    irredundant
c
c s 125.26  0 33 41 18831  1 704555 81136 1.7 51 31 26 34 60% 458589 60450 83%
c e 125.35  0 33 41 18831  1 704555 81124 1.7 51 31 26 34 60% 458579 60444 83%
c s 125.45  0 33 41 18831  1 704555 75199 1.7 51 31 26 34 60% 458577 60444 83%
c - 126.54  0 33 42 18833  1 710830 64753 1.6 51 31 26 34 60% 458577 60444 83%
c 2 126.54  0 33 42 18833  1 710830 64752 1.6 51 31 26 34 60% 458577 60444 83%
c p 126.58  0 33 42 18833  1 710830 66533 1.6 51 31 26 34 60% 458577 60444 83%
c v 126.72  0 33 42 18833  1 710830 66367 1.6 51 31 26 34 60% 458577 60444 83%
c w 126.74  0 33 42 18833  1 710830 66360 1.6 51 31 26 34 60% 458577 60444 83%
c I 131.62  0 33 42 18847  1 741081 86115 1.6 51 32 27 34 60% 458577 60444 83%
c - 132.46  0 33 43 18850  1 745847 63652 1.6 50 31 27 34 60% 458577 60444 83%
c p 132.50  0 33 43 18850  1 745847 65767 1.6 50 31 27 34 60% 458577 60444 83%
c u 132.69  0 33 43 18850  1 745847 65689 1.6 50 31 27 34 60% 458577 60444 83%
c v 132.72  0 33 43 18850  1 745847 65631 1.6 50 31 27 34 60% 458577 60444 83%
c w 132.74  0 33 43 18850  1 745847 65628 1.6 50 31 27 34 60% 458577 60444 83%
c B 138.42  0 32 43 18856  1 780082 84102 1.6 47 30 27 34 60% 458577 60444 83%
c - 138.72  0 32 44 18857  1 781716 60592 1.6 47 30 27 34 60% 458577 60444 83%
c p 138.76  0 32 44 18857  1 781716 62615 1.6 47 30 27 34 60% 458577 60444 83%
c v 138.93  0 32 44 18857  1 781716 62397 1.6 47 30 27 34 60% 458577 60444 83%
c w 138.95  0 32 44 18857  1 781716 62389 1.6 47 30 27 34 60% 458577 60444 83%
c s 141.91  0 33 44 18857  1 798108 68424 1.6 48 31 26 33 59% 458572 60444 83%
c
c  seconds   reductions    conflicts         size    tier2         variables
c          MB      restarts       redundant     glue     trail          remaining
c           level        rate          size/glue  tier1    irredundant
c
c e 141.96  0 33 44 18857  1 798108 68424 1.6 48 31 26 33 59% 458570 60442 83%
c s 142.03  0 33 44 18857  1 798108 67412 1.6 48 31 26 33 59% 458570 60442 83%
c ] 143.53  0 33 44 18857  1 806963 73495 1.6 49 31 26 33 59% 458570 60442 83%
c { 143.53  0 22 44 18857  2 806963 73495 1.9 29 16 13 16 63% 458570 60442 83%
c - 145.34  0 22 45 19872  2 818438 59441 1.8 29 16 13 16 63% 458570 60442 83%
c p 145.38  0 22 45 19872  2 818438 61724 1.8 29 16 13 16 63% 458570 60442 83%
c u 145.52  0 22 45 19872  2 818438 61650 1.8 29 16 13 16 63% 458570 60442 83%
c v 145.55  0 22 45 19872  2 818438 61574 1.8 29 16 13 16 63% 458570 60442 83%
c w 145.57  0 22 45 19872  2 818438 61571 1.8 29 16 13 16 63% 458570 60442 83%
c W 147.64  0 22 45 19872  2 820083 62705 1.8 29 16 13 16 63% 458570 60442 83%
c - 153.74  0 22 46 24452  2 856013 68445 1.7 29 17 13 16 63% 458570 60442 83%
c p 153.78  0 22 46 24452  2 856013 71066 1.7 29 17 13 16 63% 458570 60442 83%
c u 153.92  0 22 46 24452  2 856013 70926 1.7 29 17 13 16 63% 458570 60442 83%
c v 153.96  0 22 46 24452  2 856013 70802 1.7 29 17 13 16 63% 458570 60442 83%
c w 153.98  0 22 46 24452  2 856013 70793 1.7 29 17 13 16 63% 458570 60442 83%
c # 154.84  0 23 46 25029  2 861086 73668 1.7 29 17 13 16 63% 458570 60442 83%
c - 159.59  0 22 47 26390  2 894442 80055 1.7 28 17 13 16 63% 458570 60442 83%
c p 159.63  0 22 47 26390  2 894442 82174 1.7 28 17 13 16 63% 458570 60442 83%
c u 159.72  0 22 47 26390  2 894442 82081 1.7 28 17 13 16 63% 458570 60442 83%
c v 159.75  0 22 47 26390  2 894442 82002 1.7 28 17 13 16 63% 458570 60442 83%
c
c  seconds   reductions    conflicts         size    tier2         variables
c          MB      restarts       redundant     glue     trail          remaining
c           level        rate          size/glue  tier1    irredundant
c
c w 159.77  0 22 47 26390  2 894442 81994 1.7 28 17 13 16 63% 458570 60442 83%
c x 159.80  0 22 47 26390  2 894442 81994 1.7 28 17 13 16 63% 458562 60398 83%
c s 160.40  0 22 47 26394  2 897509 72799 1.7 28 17 13 16 63% 458535 60398 83%
c e 160.45  0 22 47 26394  2 897509 72761 1.7 28 17 13 16 63% 458182 60349 83%
c s 160.56  0 22 47 26394  2 897509 70530 1.7 28 17 13 16 63% 458178 60349 83%
c e 160.58  0 22 47 26394  2 897509 70252 1.7 28 17 13 16 63% 458172 60347 83%
c B 161.29  0 22 47 26403  2 903088 73498 1.7 28 16 13 16 63% 458172 60347 83%
c - 165.32  0 21 48 26447  2 933724 83220 1.7 27 16 13 16 63% 458172 60347 83%
c p 165.37  0 21 48 26447  2 933724 84851 1.7 27 16 13 16 63% 458172 60347 83%
c u 165.95  0 21 48 26447  2 933724 84760 1.7 27 16 13 16 63% 458172 60347 83%
c v 165.99  0 21 48 26447  2 933724 84688 1.7 27 16 13 16 63% 458172 60347 83%
c w 166.01  0 21 48 26447  2 933724 84675 1.7 27 16 13 16 63% 458172 60347 83%
c } 166.97  0 20 48 26572  2 940222 88617 1.7 27 16 13 16 63% 458172 60347 83%
c [ 166.97  0 33 48 26572  1 940222 88617 1.6 49 31 26 33 59% 458172 60347 83%
c W 169.87  0 33 48 26572  1 946090 92383 1.6 50 31 26 33 59% 458172 60347 83%
c - 173.78  0 30 49 26573  1 973849 86498 1.6 47 28 26 33 60% 458172 60347 83%
c p 173.81  0 30 49 26573  1 973849 88533 1.6 47 28 26 33 60% 458172 60347 83%
c u 173.91  0 30 49 26573  1 973849 88469 1.6 47 28 26 33 60% 458172 60347 83%
c v 173.94  0 30 49 26573  1 973849 88387 1.6 47 28 26 33 60% 458172 60347 83%
c w 173.95  0 30 49 26573  1 973849 88384 1.6 47 28 26 33 60% 458172 60347 83%
c
c  seconds   reductions    conflicts         size    tier2         variables
c          MB      restarts       redundant     glue     trail          remaining
c           level        rate          size/glue  tier1    irredundant
c
c x 173.98  0 30 49 26573  1 973849 88384 1.6 47 28 26 33 60% 458171 60344 83%
c O 176.29  0 29 49 26573  1 990092 97568 1.6 45 27 25 33 60% 458171 60344 83%
c s 178.40  0 28 49 26573  1 1002793 95498 1.7 44 27 25 33 61% 458160 60344 83%
c e 178.47  0 28 49 26573  1 1002793 95498 1.7 44 27 25 33 61% 458134 60339 83%
c s 178.56  0 28 49 26573  1 1002793 92590 1.7 44 27 25 33 61% 458133 60339 83%
c - 180.51  0 28 50 26575  1 1014826 73737 1.7 44 26 25 33 61% 458133 60339 83%
c 2 180.51  0 28 50 26575  1 1014826 73736 1.7 44 26 25 33 61% 458133 60339 83%
c p 180.55  0 28 50 26575  1 1014826 75790 1.7 44 26 25 33 61% 458133 60339 83%
c v 180.72  0 28 50 26575  1 1014826 75593 1.7 44 26 25 33 61% 458133 60339 83%
c w 180.74  0 28 50 26575  1 1014826 75582 1.7 44 26 25 33 61% 458133 60339 83%
c B 183.70  0 27 50 26587  1 1035093 86505 1.7 42 25 25 33 61% 458133 60339 83%
c - 186.88  0 26 51 26595  1 1056657 72520 1.6 40 24 24 32 62% 458133 60339 83%
c p 186.92  0 26 51 26595  1 1056657 74699 1.6 40 24 24 32 62% 458133 60339 83%
c v 187.09  0 26 51 26595  1 1056657 74506 1.6 40 24 24 32 62% 458133 60339 83%
c w 187.11  0 26 51 26595  1 1056657 74495 1.6 40 24 24 32 62% 458133 60339 83%
c W 192.63  0 25 51 26604  1 1081095 85259 1.6 37 24 24 32 62% 458133 60339 83%
c ] 192.72  0 25 51 26604  1 1081601 85744 1.6 37 24 24 32 62% 458133 60339 83%
c { 192.72  0 20 51 26604  2 1081601 85744 1.7 27 16 13 16 63% 458133 60339 83%
c - 195.56  0 21 52 27767  2 1099341 77338 1.7 27 16 13 16 63% 458133 60339 83%
c p 195.60  0 21 52 27767  2 1099341 79503 1.7 27 16 13 16 63% 458133 60339 83%
c
c  seconds   reductions     conflicts         size    tier2         variables
c          MB      restarts        redundant     glue     trail          remaining
c           level        rate           size/glue  tier1    irredundant
c
c u 195.80  0 21 52 27767  2 1099341 79431 1.7 27 16 13 16 63% 458133 60339 83%
c v 195.83  0 21 52 27767  2 1099341 79377 1.7 27 16 13 16 63% 458133 60339 83%
c w 195.84  0 21 52 27767  2 1099341 79371 1.7 27 16 13 16 63% 458133 60339 83%
c s 197.85  0 20 52 27908  2 1113928 78697 1.7 27 15 13 16 63% 458131 60339 83%
c e 197.90  0 20 52 27908  2 1113928 78672 1.7 27 15 13 16 63% 458126 60336 83%
c s 198.00  0 20 52 27908  2 1113928 77222 1.7 27 15 13 16 63% 458122 60336 83%
c W 200.77  0 20 52 28561  2 1128097 86207 1.7 27 15 12 16 63% 458122 60336 83%
c - 203.64  0 22 53 31046  2 1142878 72593 1.7 27 16 12 16 63% 458122 60336 83%
c p 203.68  0 22 53 31046  2 1142878 73721 1.7 27 16 12 16 63% 458122 60336 83%
c v 203.88  0 22 53 31046  2 1142878 73526 1.7 27 16 12 16 63% 458122 60336 83%
c w 203.91  0 22 53 31046  2 1142878 73521 1.7 27 16 12 16 63% 458122 60336 83%
c F 208.36  0 21 53 32278  2 1176098 94268 1.7 28 16 12 16 63% 458122 60336 83%
c - 209.98  0 21 54 32683  2 1187270 86221 1.7 27 16 13 16 63% 458122 60336 83%
c u 210.15  0 21 54 32683  2 1187270 86158 1.7 27 16 13 16 63% 458122 60336 83%
c v 210.19  0 21 54 32683  2 1187270 86062 1.7 27 16 13 16 63% 458122 60336 83%
c w 210.21  0 21 54 32683  2 1187270 86055 1.7 27 16 13 16 63% 458122 60336 83%
c B 216.51  0 22 54 35292  2 1225099 110993 1.8 28 16 13 16 63% 458122 60336 83%
c s 217.78  0 22 54 36460  2 1230921 98822 1.7 29 17 13 16 63% 458098 60336 83%
c e 217.89  0 22 54 36460  2 1230921 98745 1.7 29 17 13 16 63% 458086 60332 83%
c s 218.00  0 22 54 36460  2 1230921 95713 1.7 29 17 13 16 63% 458073 60332 83%
c
c  seconds   reductions     conflicts         size    tier2         variables
c          MB      restarts        redundant     glue     trail          remaining
c           level        rate           size/glue  tier1    irredundant
c
c e 218.02  0 22 54 36460  2 1230921 95695 1.7 29 17 13 16 63% 458070 60331 83%
c - 218.28  0 22 55 36460  2 1232515 79700 1.7 29 17 13 16 63% 458070 60331 83%
c p 218.33  0 22 55 36460  2 1232515 79938 1.7 29 17 13 16 63% 458070 60331 83%
c v 218.53  0 22 55 36460  2 1232515 79715 1.7 29 17 13 16 63% 458070 60331 83%
c w 218.55  0 22 55 36460  2 1232515 79708 1.7 29 17 13 16 63% 458070 60331 83%
c } 220.82  0 22 55 37416  2 1248396 89442 1.7 29 17 13 16 63% 458070 60331 83%
c [ 220.82  0 25 55 37416  1 1248396 89442 1.6 37 24 24 32 62% 458070 60331 83%
c I 224.86  0 24 55 37423  1 1275100 102834 1.7 38 23 23 32 61% 458070 60331 83%
c - 225.44  0 24 56 37426  1 1278612 84685 1.7 39 23 23 32 61% 458070 60331 83%
c u 225.60  0 24 56 37426  1 1278612 84609 1.7 39 23 23 32 61% 458070 60331 83%
c v 225.63  0 24 56 37426  1 1278612 84553 1.7 39 23 23 32 61% 458070 60331 83%
c w 225.65  0 24 56 37426  1 1278612 84551 1.7 39 23 23 32 61% 458070 60331 83%
c - 233.00  0 29 57 37446  1 1325564 82669 1.6 43 27 23 32 60% 458070 60331 83%
c p 233.03  0 29 57 37446  1 1325564 82672 1.6 43 27 23 32 60% 458070 60331 83%
c u 233.18  0 29 57 37446  1 1325564 82557 1.6 43 27 23 32 60% 458070 60331 83%
c v 233.23  0 29 57 37446  1 1325564 82467 1.6 43 27 23 32 60% 458070 60331 83%
c w 233.26  0 29 57 37446  1 1325564 82464 1.6 43 27 23 32 60% 458070 60331 83%
c B 233.41  0 29 57 37446  1 1326102 82788 1.6 43 27 23 32 60% 458070 60331 83%
c s 237.52  0 30 57 37448  1 1353756 95565 1.5 44 28 23 32 59% 458061 60331 83%
c s 237.68  0 30 57 37448  1 1353756 93530 1.5 44 28 23 32 59% 458060 60331 83%
c
c  seconds   reductions     conflicts         size    tier2         variables
c          MB      restarts        redundant     glue     trail          remaining
c           level        rate           size/glue  tier1    irredundant
c
c e 237.70  0 30 57 37448  1 1353756 93516 1.5 44 28 23 32 59% 458057 60330 83%
c - 241.04  0 31 58 37448  1 1373370 74618 1.5 44 29 23 32 59% 458057 60330 83%
c 2 241.05  0 31 58 37448  1 1373370 74617 1.5 44 29 23 32 59% 458057 60330 83%
c p 241.08  0 31 58 37448  1 1373370 74969 1.5 44 29 23 32 59% 458057 60330 83%
c v 241.95  0 31 58 37448  1 1373370 74777 1.5 44 29 23 32 59% 458057 60330 83%
c w 241.98  0 31 58 37448  1 1373370 74769 1.5 44 29 23 32 59% 458057 60330 83%
c W 246.35  0 31 58 37448  1 1378104 77415 1.5 44 29 23 32 59% 458057 60330 83%
c ] 252.71  0 32 58 37467  1 1417242 98758 1.4 44 30 24 32 59% 458057 60330 83%
c { 252.71  0 22 58 37467  2 1417242 98758 1.7 29 17 13 16 63% 458057 60330 83%
c - 253.52  0 22 59 37794  2 1422029 73762 1.7 28 17 13 16 63% 458057 60330 83%
c u 253.71  0 22 59 37794  2 1422029 73671 1.7 28 17 13 16 63% 458057 60330 83%
c v 253.76  0 22 59 37794  2 1422029 73587 1.7 28 17 13 16 63% 458057 60330 83%
c w 253.79  0 22 59 37794  2 1422029 73581 1.7 28 17 13 16 63% 458057 60330 83%
c W 255.89  0 22 59 38303  2 1431105 79202 1.7 28 17 13 16 63% 458057 60330 83%
c - 261.83  0 22 60 40064  2 1471544 87351 1.7 29 17 13 16 62% 458057 60330 83%
c v 262.08  0 22 60 40064  2 1471544 87236 1.7 29 17 13 16 62% 458057 60330 83%
c w 262.10  0 22 60 40064  2 1471544 87227 1.7 29 17 13 16 62% 458057 60330 83%
c s 263.67  0 21 60 40065  2 1482439 88647 1.7 28 16 13 16 62% 458055 60330 83%
c e 263.73  0 21 60 40065  2 1482439 88623 1.7 28 16 13 16 62% 458052 60329 83%
c s 263.83  0 21 60 40065  2 1482439 84598 1.7 28 16 13 16 62% 458049 60329 83%
c
c  seconds   reductions     conflicts         size    tier2         variables
c          MB      restarts        redundant     glue     trail          remaining
c           level        rate           size/glue  tier1    irredundant
c
c e 263.85  0 21 60 40065  2 1482439 84565 1.7 28 16 13 16 62% 458046 60328 83%
c # 264.21  0 21 60 40084  2 1485110 86391 1.7 28 16 13 16 62% 458046 60328 83%
c - 269.27  0 21 61 41653  2 1521913 97030 1.8 28 16 13 16 62% 458046 60328 83%
c 2 269.28  0 21 61 41653  2 1521913 97029 1.8 28 16 13 16 62% 458046 60328 83%
c p 269.31  0 21 61 41653  2 1521913 97196 1.8 28 16 13 16 62% 458046 60328 83%
c u 269.44  0 21 61 41653  2 1521913 97121 1.8 28 16 13 16 62% 458046 60328 83%
c v 269.47  0 21 61 41653  2 1521913 97110 1.8 28 16 13 16 62% 458046 60328 83%
c w 269.49  0 21 61 41653  2 1521913 97106 1.8 28 16 13 16 62% 458046 60328 83%
c B 272.13  0 21 61 42588  2 1540113 107541 1.7 28 16 13 16 62% 458046 60328 83%
c - 276.81  0 21 62 44402  2 1573137 111117 1.8 29 16 13 16 62% 458046 60328 83%
c u 277.09  0 21 62 44402  2 1573137 110999 1.8 29 16 13 16 62% 458046 60328 83%
c v 277.14  0 21 62 44402  2 1573137 110983 1.8 29 16 13 16 62% 458046 60328 83%
c w 277.17  0 21 62 44402  2 1573137 110975 1.8 29 16 13 16 62% 458046 60328 83%
c W 282.74  0 22 62 46186  2 1596114 126382 1.8 29 17 13 16 62% 458046 60328 83%
c s 285.99  0 22 62 47180  2 1616972 116136 1.8 29 16 13 16 62% 458032 60328 83%
c e 286.10  0 22 62 47180  2 1616972 116133 1.8 29 16 13 16 62% 458029 60327 83%
c s 286.23  0 22 62 47180  2 1616972 112335 1.8 29 16 13 16 62% 458027 60327 83%
c e 286.25  0 22 62 47180  2 1616972 112264 1.8 29 16 13 16 62% 458024 60326 83%
c - 287.38  0 21 63 47189  2 1625216 100764 1.7 28 16 13 16 62% 458024 60326 83%
c 2 287.38  0 21 63 47189  2 1625216 100762 1.7 28 16 13 16 62% 458024 60326 83%
c
c  seconds   reductions     conflicts          size    tier2         variables
c          MB      restarts        redundant      glue     trail          remaining
c           level        rate            size/glue  tier1    irredundant
c
c p 287.43  0 21 63 47189  2 1625216 101242 1.7 28 16 13 16 62% 458024 60326 83%
c v 287.67  0 21 63 47189  2 1625216 101103 1.7 28 16 13 16 62% 458024 60326 83%
c w 287.70  0 21 63 47189  2 1625216 101098 1.7 28 16 13 16 62% 458024 60326 83%
c } 287.98  0 21 63 47189  2 1626793 102002 1.7 28 16 13 16 62% 458024 60326 83%
c [ 287.98  0 32 63 47189  1 1626793 102002 1.4 44 30 24 32 59% 458024 60326 83%
c O 291.93  0 29 63 47200  1 1653115 115194 1.5 41 27 24 32 59% 458024 60326 83%
c - 295.67  0 27 64 47206  1 1678150 107091 1.6 40 25 24 32 60% 458024 60326 83%
c u 295.87  0 27 64 47206  1 1678150 106979 1.6 40 25 24 32 60% 458024 60326 83%
c v 295.91  0 27 64 47206  1 1678150 106973 1.6 40 25 24 32 60% 458024 60326 83%
c w 295.94  0 27 64 47206  1 1678150 106965 1.6 40 25 24 32 60% 458024 60326 83%
c ] 299.93  0 25 64 47216  1 1704942 120328 1.6 38 24 24 32 61% 458024 60326 83%
c ? 299.93  0 25 64 47216  1 1704942 120328 1.6 38 24 24 32 61% 458024 60326 83%
c
c --- [ result ] -------------------------------------------------------------
c
c UNKNOWN
c
c --- [ run-time profiling ] -------------------------------------------------
c
c process time taken by individual solving procedures
c (percentage relative to process time for solving)
c
c       279.38   93.17% search
c       134.49   44.85% unstable
c       122.06   40.71% stable
c        22.74    7.58% walk
c        20.48    6.83% simplify
c         5.80    1.94% vivify
c         3.40    1.13% subsume
c         2.78    0.93% sweep
c         1.84    0.61% elim
c         1.51    0.50% backbone
c         1.09    0.36% congruence
c         0.61    0.20% probe
c         0.49    0.16% ternary
c         0.09    0.03% lucky
c         0.07    0.02% parse
c   =================================
c       299.86   99.98% solve
c
c last line shows process time for solving
c (percentage relative to total process time)
c
c --- [ statistics ] ---------------------------------------------------------
c
c chronological:            327710        19.22 %  of conflicts
c conflicts:               1704942      5685.79    per second
c backbone:              109509819    150479.32 %  of vars
c decisions:               2571890      8576.96    per second
c eliminated:                 1699         2.33 %  of all variables
c fixed:                     10743        14.76 %  of all variables
c learned:                 1656617        97.17 %  per conflict
c learned_lits:          916027456       100.00 %  learned literals
c minimized:                     0         0.00 %  learned literals
c shrunken:              848553181        92.63 %  learned literals
c minishrunken:            8094899         0.88 %  learned literals
c otfs:                       1493         0.09 %  of conflict
c propagations:         2973557256         9.92 M  per second
c reduced:                  706864        41.46 %  per conflict
c rephased:                     57     29911.26    interval
c restarts:                  47216        36.11    interval
c stabilizing:                  12        45.77 %  of conflicts
c substituted:                   6         0.01 %  of all variables
c subsumed:                 825243        36.77 %  of all clauses
c strengthened:             690675        30.77 %  of all clauses
c ticks:               21222535670         8.56    propagation
c vivified:                   2594         0.12 %  of all clauses
c walked:                       18     94719.00    interval
c weakened:                  11136         5.42    average size
c congruence:                   12    142078.50    interval
c
c seconds are measured in process time for solving
c
c --- [ glue usage ] ---------------------------------------------------------
c
c focused glue 13 used 190641 clauses 10.68% accumulated 56.83% tier1
c focused glue 14 used 174780 clauses 9.795% accumulated 66.63%
c focused glue 15 used 145974 clauses 8.181% accumulated 74.81%
c focused glue 16 used 113793 clauses 6.377% accumulated 81.19% tier2
c
c stable glue 23 used 117662 clauses 4.630% accumulated 51.44% tier1
c stable glue 24 used 114177 clauses 4.493% accumulated 55.94%
c stable glue 25-30 used 612911 clauses 24.11% accumulated 80.06%
c stable glue 31 used 84858 clauses 3.339% accumulated 83.40%
c stable glue 32 used 80155 clauses 3.154% accumulated 86.55% tier2
c
c
c --- [ resources ] ----------------------------------------------------------
c
c total process time since initialization:       299.93    seconds
c total real time since initialization:          300.01    seconds
c maximum resident set size of process:          583.30    MB
c
c --- [ shutting down ] ------------------------------------------------------
c
c exit 0
real 300.02
user 299.28
sys 0.65
