{
  "anchor_edge": 1,
  "base_support_report": {
    "balanced": true,
    "component_count": 2,
    "component_edge_counts": [
      4,
      60
    ],
    "covered_words": 512,
    "distinct_edges": 64,
    "uncovered_words": []
  },
  "base_support_sha256": "8643ddb5e6a35c54b91f8c152b945e4a82bb0c658b8e81865737bf2087849821",
  "base_support_size": 64,
  "binary_propagations": 1057170,
  "branches": 100023,
  "candidate_support_size": 69,
  "conflicts": 1746,
  "connectivity_mode": "tree",
  "deterministic_limit": null,
  "deterministic_time": 38.71300670714918,
  "distinct_windows": false,
  "exact_overlap": 61,
  "flow_source_sha256": "4f0008167dcf1d05e6744f7c979c72d755371cf7b03abc1452e5cb5be41e1add",
  "integer_propagations": 7729323,
  "length": 70,
  "lp_iterations": 136377,
  "maximize_overlap": false,
  "maximum_reference_omissions": null,
  "maximum_replacements": null,
  "minimum_overlap": null,
  "model_constraints": 8244,
  "model_variables": 3075,
  "n": 9,
  "partition_anchor": true,
  "radius": 1,
  "repair_source_sha256": "9cfa273c03199c4dc4bf6bc84fa000371594c707c82b64d56e825777c5dbc2fd",
  "repeated_windows_allowed": true,
  "restarts": 7,
  "seed": 1,
  "solver": "OR-Tools CP-SAT",
  "solver_version": "9.15.6755",
  "status": "INFEASIBLE",
  "time_limit": 300.0,
  "wall_seconds": 21.047347000000002,
  "workers": 1
}
